xmvlog(64): 24.09-s006: (c) Copyright 1995-2025 Cadence Design Systems, Inc.
TOOL:	xmvlog(64)	24.09-s006: Started on Jun 09, 2026 at 15:43:10 UTC
xmvlog
    -use5x
    -SPECIFICUNIT stimulus
    -zparse /tmp/vamsZparjd0072
    -NOWARN DLNOHV
    -work Potentiostat_Top
    -view verilogams_bio
    -nostdout
    -logfile /home/hrahimi/projects/POTENTIOSTAT_26/.cadence/dfII/TextSupport/Logs/Parser/verilogams/Potentiostat_Top/verilogams_bio/compile0.log
    -messages
    -ams
    -cdslib /home/hrahimi/projects/POTENTIOSTAT_26/cds.lib
    /home/hrahimi/projects/POTENTIOSTAT_26/Potentiostat_Top/stimulus/verilogams_bio/verilog.vams

file: /home/hrahimi/projects/POTENTIOSTAT_26/Potentiostat_Top/stimulus/verilogams_bio/verilog.vams
	module Potentiostat_Top.stimulus:verilogams_bio
		errors: 0, warnings: 0
	 writing out DPL output:
TOOL:	xmvlog(64)	24.09-s006: Exiting on Jun 09, 2026 at 15:43:10 UTC  (total: 00:00:00)
