Starting Single Run, Sweeps and Corners...

Current time: Fri Apr 10 13:42:48 2026 
Best design point: 1
Design specs: 
	Potentiostat:CA:1	corner	Nominal - 
	Bias Error		25.21u
	TIA Error		206.1u
	CA Error		180.9u
	rmsNoise(0.001 100000)		428.5u
Design parameters: 
	vdd		3.3
	vpuls		0
	vtran		0
	Cdl		10u
	Rct		500K
	Rs_ce		1K
	Rs_re		1K
	vref		1.65
	Vb		1.7
	vddpuls		0
	R_ct		1M

Interactive.301
Number of points completed: 1
Number of simulation errors: 0
Interactive.301 completed. 
Current time: Fri Apr 10 13:42:56 2026 
