================================================================================
Rule No. 421 : INFO: hot nwell

Real Error Count : 52; Flat Error Count : 277
================================================================================

--------------------------------------------------------------------------------
Cell Name : cpolyc layout PRIMLIB area="2.31n" c="2p" gwell="N-Well" l="48.4u" perimeter="192.1u" rbottom="Cont" rleft="Cont" rright="Cont" id_=8d84e3685e3786f2 in1=C228229

                   Cell Errors    Real Errors   Cell Placements     Environments
                             1              1                20                1
--------------------------------------------------------------------------------
Env.  Env. Placements            X1           Y1          X2           Y2

  1       20               1762.975       51.400    1816.875      103.750

Shape               Environments Status & Error Marker 

          1           X1         Y1         X2         Y2

   1      X       -1.350     -1.350     52.550     51.000

--------------------------------------------------------------------------------
Cell Name : cpolyc layout PRIMLIB area="3.47n" c="3p" gwell="N-Well" l="59.25u" perimeter="235.5u" rbottom="Cont" rleft="Cont" id_=d867af616155d7ec in1=C0

                   Cell Errors    Real Errors   Cell Placements     Environments
                             1              1                 3                1
--------------------------------------------------------------------------------
Env.  Env. Placements            X1           Y1          X2           Y2

  1        3                 41.825       71.700     105.025      136.450

Shape               Environments Status & Error Marker 

          1           X1         Y1         X2         Y2

   1      X       -1.350     -1.350     63.400     61.850

--------------------------------------------------------------------------------
Cell Name : vert10_4 layout PRIMLIB

                   Cell Errors    Real Errors   Cell Placements     Environments
                             1              1                81                1
--------------------------------------------------------------------------------
Env.  Env. Placements            X1           Y1          X2           Y2

  1       81               1402.425      102.350    1416.225      116.150

Shape               Environments Status & Error Marker 

          1           X1         Y1         X2         Y2

   1      X        1.500      1.500     15.300     15.300

--------------------------------------------------------------------------------
Cell Name : rpolyhc layout PRIMLIB Bends=10 Dummy=TRUE ResShape="90_deg" doubleCont="Horizontal" gwell="N-Well" l="50u" r="100K" w="800n" in1=R9

                   Cell Errors    Real Errors   Cell Placements     Environments
                             1              1                 9                1
--------------------------------------------------------------------------------
Env.  Env. Placements            X1           Y1          X2           Y2

  1        9               1499.550       49.725    1525.150       64.975

Shape               Environments Status & Error Marker 

          1           X1         Y1         X2         Y2

   1      X       -6.000     -4.650      9.250     20.950

--------------------------------------------------------------------------------
Cell Name : rpolyhc layout PRIMLIB Bends=10 Dummy=TRUE ResShape="90_deg" doubleCont="Horizontal" gwell="N-Well" l="150u" r="100K" w="2u" in1=R26

                   Cell Errors    Real Errors   Cell Placements     Environments
                             1              1                12                1
--------------------------------------------------------------------------------
Env.  Env. Placements            X1           Y1          X2           Y2

  1       12               1278.250       45.500    1319.250       72.250

Shape               Environments Status & Error Marker 

          1           X1         Y1         X2         Y2

   1      X       -7.750     -5.750     19.000     35.250

--------------------------------------------------------------------------------
Cell Name : pmos4 layout PRIMLIB l="2u" in1=MP1281029

                   Cell Errors    Real Errors   Cell Placements     Environments
                             1              1                44                1
--------------------------------------------------------------------------------
Env.  Env. Placements            X1           Y1          X2           Y2

  1       44               1163.150       62.575    1169.250       74.975

Shape               Environments Status & Error Marker 

          1           X1         Y1         X2         Y2

   1      X       -1.200     -1.200     11.200      4.900

--------------------------------------------------------------------------------
Cell Name : pmos4 layout PRIMLIB l="350n" in1=MP628129

                   Cell Errors    Real Errors   Cell Placements     Environments
                             1              1                 8                1
--------------------------------------------------------------------------------
Env.  Env. Placements            X1           Y1          X2           Y2

  1        8               1264.600      189.750    1269.050      202.150

Shape               Environments Status & Error Marker 

          1           X1         Y1         X2         Y2

   1      X       -1.200     -1.200     11.200      3.250

--------------------------------------------------------------------------------
Cell Name : 6_CA_Front_Layout layout Potentiostat

                   Cell Errors    Real Errors   Cell Placements     Environments
                            27             27                 2                1
--------------------------------------------------------------------------------
Env.  Env. Placements            X1           Y1          X2           Y2

  1        2                 41.825       49.400     219.725      136.450

Shape               Environments Status & Error Marker 

          1           X1         Y1         X2         Y2

   1      X        7.150     45.100    110.800     93.900
   2      X       20.275     55.225     28.375     67.625
   3      X       20.275     71.375     28.375     83.775
   4      X       26.575     55.225     34.675     67.625
   5      X       26.575     71.375     34.675     83.775
   6      X       29.625     26.650     57.325     42.050
   7      X       32.875     55.225     40.975     67.625
   8      X       32.875     71.375     40.975     83.775
   9      X       39.175     55.225     47.275     67.625
  10      X       39.175     71.375     47.275     83.775
  11      X       45.475     55.225     53.575     67.625
  12      X       45.475     71.375     53.575     83.775
  13      X       51.775     55.225     59.875     67.625
  14      X       51.775     71.375     59.875     83.775
  15      X       58.075     55.225     66.175     67.625
  16      X       58.075     71.375     66.175     83.775
  17      X       64.375     55.225     72.475     67.625
  18      X       64.375     71.375     72.475     83.775
  19      X       70.675     55.225     78.775     67.625
  20      X       70.675     71.375     78.775     83.775
  21      X       76.975     55.225     85.075     67.625
  22      X       76.975     71.375     85.075     83.775
  23      X       83.275     55.225     91.375     67.625
  24      X       83.275     71.375     91.375     83.775
  25      X       89.575     55.225     97.675     67.625
  26      X       89.575     71.375     97.675     83.775
  27      X      121.050      6.900    185.050     29.300

--------------------------------------------------------------------------------
Cell Name : cvar layout PRIMLIB col=13 row=4 in1=C1

                   Cell Errors    Real Errors   Cell Placements     Environments
                             1              1                 4                1
--------------------------------------------------------------------------------
Env.  Env. Placements            X1           Y1          X2           Y2

  1        4                263.175       49.350     285.925       81.150

Shape               Environments Status & Error Marker 

          1           X1         Y1         X2         Y2

   1      X       -0.300     -0.300     22.450     31.500

--------------------------------------------------------------------------------
Cell Name : cpolyc layout PRIMLIB area="2.89n" c="2.5p" gwell="N-Well" l="54.1u" perimeter="214.9u" rbottom="Cont" rleft="Cont" id_=d867af612fc4b764 in1=C528229

                   Cell Errors    Real Errors   Cell Placements     Environments
                             1              1                 4                1
--------------------------------------------------------------------------------
Env.  Env. Placements            X1           Y1          X2           Y2

  1        4                646.225      151.050     705.825      209.100

Shape               Environments Status & Error Marker 

          1           X1         Y1         X2         Y2

   1      X       -1.350     -1.350     58.250     56.700

--------------------------------------------------------------------------------
Cell Name : 7_PTAT_Layout layout Potentiostat

                   Cell Errors    Real Errors   Cell Placements     Environments
                             9              9                 1                1
--------------------------------------------------------------------------------
Env.  Env. Placements            X1           Y1          X2           Y2

  1        1               1075.125       43.950    2036.475      277.750

Shape               Environments Status & Error Marker 

          1           X1         Y1         X2         Y2

   1      X       79.825    219.275    195.525    266.725
   2      X      180.775    349.950    213.475    390.800
   3      X      203.025    210.300    317.125    304.400
   4      X      230.600    367.600    295.350    368.400
   5      X      404.725    214.525    472.600    251.375
   6      X      689.300    217.750    853.000    430.150
   7      X      717.375    430.150    731.125    444.100
   8      X      799.100    323.450    853.000    324.450
   9      X      853.000    217.750    962.800    430.150

--------------------------------------------------------------------------------
Cell Name : cpolyc layout PRIMLIB area="1.73n" c="1.5p" gwell="N-Well" l="41.95u" perimeter="166.3u" rbottom="Cont" rleft="Cont" id_=d867af61708d568b in1=C428029

                   Cell Errors    Real Errors   Cell Placements     Environments
                             1              1                10                1
--------------------------------------------------------------------------------
Env.  Env. Placements            X1           Y1          X2           Y2

  1       10                796.425       50.600     843.875       96.500

Shape               Environments Status & Error Marker 

          1           X1         Y1         X2         Y2

   1      X       -1.350     -1.350     46.100     44.550

--------------------------------------------------------------------------------
Cell Name : 6_TIA_Front_Layout layout Potentiostat

                   Cell Errors    Real Errors   Cell Placements     Environments
                             1              1                 1                1
--------------------------------------------------------------------------------
Env.  Env. Placements            X1           Y1          X2           Y2

  1        1                461.225      102.750     766.025      267.750

Shape               Environments Status & Error Marker 

          1           X1         Y1         X2         Y2

   1      X      188.050     34.950    307.850    178.650

--------------------------------------------------------------------------------
Cell Name : rpolyhc layout PRIMLIB Bends=10 Dummy=TRUE ResShape="90_deg" doubleCont="Horizontal" gwell="N-Well" l="500u" r="1M" w="800n" in1=R11

                   Cell Errors    Real Errors   Cell Placements     Environments
                             1              1                14                1
--------------------------------------------------------------------------------
Env.  Env. Placements            X1           Y1          X2           Y2

  1       14                883.100      180.500     939.250      206.100

Shape               Environments Status & Error Marker 

          1           X1         Y1         X2         Y2

   1      X       -6.000     -4.650     50.150     20.950

--------------------------------------------------------------------------------
Cell Name : 8_Poten_PTAT layout Potentiostat

                   Cell Errors    Real Errors   Cell Placements     Environments
                             4              4                 1                1
--------------------------------------------------------------------------------
Env.  Env. Placements            X1           Y1          X2           Y2

  1        1                 41.825       43.950    2036.475      277.750

Shape               Environments Status & Error Marker 

          1           X1         Y1         X2         Y2

   1      X      792.275     46.450    988.025    162.700
   2      X      831.400    178.950   1041.100    266.450
   3      X      940.575     46.450   1040.225    147.150
   4      X      940.575     96.500    988.025     97.100

================================================================================
Rule No. 532 : M3_R_1 Minimum density of MET3 area [%] = 30

Real Error Count : 1; Flat Error Count : 2
================================================================================

--------------------------------------------------------------------------------
Cell Name : 8_Poten_PTAT layout Potentiostat

                   Cell Errors    Real Errors   Cell Placements     Environments
                             2              1                 1                1
--------------------------------------------------------------------------------
Env.  Env. Placements            X1           Y1          X2           Y2

  1        1                  4.700        5.350    2067.725      313.375

Shape               Environments Status & Error Marker 

          1           X1         Y1         X2         Y2

   1      X        4.700      5.350   2067.725    313.375

================================================================================
Rule No. 669 : RPOLYH_G2 Minimum high precision RPOLYH width = 2

Real Error Count : 273; Flat Error Count : 1176
================================================================================

--------------------------------------------------------------------------------
Cell Name : rpolyhc layout PRIMLIB Bends=10 Dummy=TRUE ResShape="90_deg" doubleCont="Horizontal" gwell="N-Well" l="50u" r="100K" w="800n" in1=R9

                   Cell Errors    Real Errors   Cell Placements     Environments
                            43             43                 9                1
--------------------------------------------------------------------------------
Env.  Env. Placements            X1           Y1          X2           Y2

  1        9               1502.550       52.725    1522.150       61.975

Shape               Environments Status & Error Marker 

          1           X1         Y1         X2         Y2

   1      X       -1.450     -0.100      0.250      0.800
   2      X       -1.450     -0.100      2.036      0.800
   3      X       -1.450      0.000      4.050      0.800
   4      X       -0.800     -0.100      0.250      1.702
   5      X       -0.800      1.550      0.000      3.900
   6      X       -0.800      1.550      4.050      2.350
   7      X       -0.800      2.817      0.000      4.933
   8      X       -0.800      3.100      4.050      3.900
   9      X       -0.800      3.617      0.000      5.733
  10      X       -0.800      4.650      0.000      7.000
  11      X       -0.800      4.650      4.050      5.450
  12      X       -0.800      5.917      0.000      8.033
  13      X       -0.800      6.200      4.050      7.000
  14      X       -0.800      6.717      0.000      8.833
  15      X       -0.800      7.750      0.000     10.100
  16      X       -0.800      7.750      4.050      8.550
  17      X       -0.800      9.017      0.000     11.133
  18      X       -0.800      9.300      4.050     10.100
  19      X       -0.800      9.817      0.000     11.933
  20      X       -0.800     10.850      0.000     13.200
  21      X       -0.800     10.850      4.050     11.650
  22      X       -0.800     12.117      0.000     14.233
  23      X       -0.800     12.400      4.050     13.200
  24      X       -0.800     12.917      0.000     15.033
  25      X       -0.800     13.950      0.000     16.300
  26      X       -0.800     13.950      4.050     14.750
  27      X       -0.800     15.500      4.700     16.300
  28      X        1.214     15.500      4.700     16.400
  29      X        3.000     14.598      4.050     16.400
  30      X        3.000     15.500      4.700     16.400
  31      X        3.250      0.000      4.050      2.350
  32      X        3.250      1.267      4.050      3.383
  33      X        3.250      2.067      4.050      4.183
  34      X        3.250      3.100      4.050      5.450
  35      X        3.250      4.367      4.050      6.483
  36      X        3.250      5.167      4.050      7.283
  37      X        3.250      6.200      4.050      8.550
  38      X        3.250      7.467      4.050      9.583
  39      X        3.250      8.267      4.050     10.383
  40      X        3.250      9.300      4.050     11.650
  41      X        3.250     10.567      4.050     12.683
  42      X        3.250     11.367      4.050     13.483
  43      X        3.250     12.400      4.050     14.750

--------------------------------------------------------------------------------
Cell Name : 7_PTAT_Layout layout Potentiostat

                   Cell Errors    Real Errors   Cell Placements     Environments
                            52             52                 1                1
--------------------------------------------------------------------------------
Env.  Env. Placements            X1           Y1          X2           Y2

  1        1               1482.950       52.725    1800.250      272.475

Shape               Environments Status & Error Marker 

          1           X1         Y1         X2         Y2

   1      X      409.275    219.075    410.175    226.111
   2      X      409.275    219.075    427.052    220.525
   3      X      409.275    222.492    410.075    229.358
   4      X      409.275    227.989    410.175    235.361
   5      X      409.275    231.742    410.075    238.608
   6      X      409.275    237.239    410.175    244.611
   7      X      409.275    240.992    410.075    246.825
   8      X      409.275    246.025    414.308    246.825
   9      X      411.098    245.375    429.352    246.825
  10      X      423.842    219.075    429.908    219.875
  11      X      427.842    219.075    433.908    219.875
  12      X      427.842    246.025    433.908    246.825
  13      X      427.975    222.021    429.675    224.129
  14      X      427.975    223.075    429.775    226.875
  15      X      427.975    231.453    429.775    234.447
  16      X      427.975    232.521    429.675    236.775
  17      X      427.975    240.703    429.775    243.697
  18      X      427.975    241.771    429.675    246.025
  19      X      428.075    219.875    429.675    223.075
  20      X      428.075    222.021    429.775    224.129
  21      X      428.075    229.125    429.775    233.379
  22      X      428.075    238.375    429.775    242.629
  23      X      430.698    219.075    448.952    220.525
  24      X      430.698    245.375    448.952    246.825
  25      X      445.275    227.525    447.675    229.125
  26      X      447.442    246.025    453.508    246.825
  27      X      447.575    220.525    449.375    224.325
  28      X      447.575    223.271    449.275    225.379
  29      X      447.575    231.453    449.375    234.447
  30      X      447.575    232.521    449.275    236.775
  31      X      447.575    240.703    449.375    243.697
  32      X      447.575    241.771    449.275    246.025
  33      X      447.675    223.271    449.375    225.379
  34      X      447.675    224.325    449.275    227.525
  35      X      447.675    229.125    449.375    233.379
  36      X      447.675    238.375    449.375    242.629
  37      X      447.998    219.075    466.252    220.525
  38      X      450.298    245.375    468.075    246.825
  39      X      463.042    219.075    468.075    219.875
  40      X      467.175    221.289    468.075    228.661
  41      X      467.175    230.539    468.075    237.911
  42      X      467.175    239.789    468.075    246.825
  43      X      467.275    219.075    468.075    224.908
  44      X      467.275    227.292    468.075    234.158
  45      X      467.275    236.542    468.075    243.408
  46      X      722.275    435.725    723.975    436.625
  47      X      722.275    435.725    725.761    436.625
  48      X      722.275    435.825    726.575    436.625
  49      X      722.275    437.925    723.975    438.825
  50      X      722.275    437.925    725.761    438.825
  51      X      722.275    437.925    726.575    438.725
  52      X      725.775    435.825    726.575    438.725

--------------------------------------------------------------------------------
Cell Name : rpolyhc layout PRIMLIB Bends=10 Dummy=TRUE ResShape="90_deg" doubleCont="Horizontal" gwell="N-Well" l="500u" r="1M" w="800n" in1=R11

                   Cell Errors    Real Errors   Cell Placements     Environments
                            43             43                14                1
--------------------------------------------------------------------------------
Env.  Env. Placements            X1           Y1          X2           Y2

  1       14                886.100      183.500     936.250      203.100

Shape               Environments Status & Error Marker 

          1           X1         Y1         X2         Y2

   1      X       -1.450     -0.100      0.250      0.800
   2      X       -1.450     -0.100      2.036      0.800
   3      X       -1.450      0.000     44.950      0.800
   4      X       -0.800     -0.100      0.250      1.702
   5      X       -0.800      1.550      0.000      3.900
   6      X       -0.800      1.550     44.950      2.350
   7      X       -0.800      2.817      0.000      4.933
   8      X       -0.800      3.100     44.950      3.900
   9      X       -0.800      3.617      0.000      5.733
  10      X       -0.800      4.650      0.000      7.000
  11      X       -0.800      4.650     44.950      5.450
  12      X       -0.800      5.917      0.000      8.033
  13      X       -0.800      6.200     44.950      7.000
  14      X       -0.800      6.717      0.000      8.833
  15      X       -0.800      7.750      0.000     10.100
  16      X       -0.800      7.750     44.950      8.550
  17      X       -0.800      9.017      0.000     11.133
  18      X       -0.800      9.300     44.950     10.100
  19      X       -0.800      9.817      0.000     11.933
  20      X       -0.800     10.850      0.000     13.200
  21      X       -0.800     10.850     44.950     11.650
  22      X       -0.800     12.117      0.000     14.233
  23      X       -0.800     12.400     44.950     13.200
  24      X       -0.800     12.917      0.000     15.033
  25      X       -0.800     13.950      0.000     16.300
  26      X       -0.800     13.950     44.950     14.750
  27      X       -0.800     15.500     45.600     16.300
  28      X       42.114     15.500     45.600     16.400
  29      X       43.900     14.598     44.950     16.400
  30      X       43.900     15.500     45.600     16.400
  31      X       44.150      0.000     44.950      2.350
  32      X       44.150      1.267     44.950      3.383
  33      X       44.150      2.067     44.950      4.183
  34      X       44.150      3.100     44.950      5.450
  35      X       44.150      4.367     44.950      6.483
  36      X       44.150      5.167     44.950      7.283
  37      X       44.150      6.200     44.950      8.550
  38      X       44.150      7.467     44.950      9.583
  39      X       44.150      8.267     44.950     10.383
  40      X       44.150      9.300     44.950     11.650
  41      X       44.150     10.567     44.950     12.683
  42      X       44.150     11.367     44.950     13.483
  43      X       44.150     12.400     44.950     14.750

--------------------------------------------------------------------------------
Cell Name : 8_Poten_PTAT layout Potentiostat

                   Cell Errors    Real Errors   Cell Placements     Environments
                           135            135                 1                1
--------------------------------------------------------------------------------
Env.  Env. Placements            X1           Y1          X2           Y2

  1        1                804.575       52.725    1800.250      272.475

Shape               Environments Status & Error Marker 

          1           X1         Y1         X2         Y2

   1      X      804.575    154.800    805.375    157.700
   2      X      804.575    154.800    808.075    155.600
   3      X      804.575    156.900    808.075    157.700
   4      X      805.389    154.700    808.075    155.600
   5      X      805.389    156.900    808.075    157.800
   6      X      807.175    154.700    808.075    155.600
   7      X      807.175    156.900    808.075    157.800
   8      X      835.950    222.700    837.400    240.477
   9      X      835.950    222.700    883.886    223.600
  10      X      835.950    237.267    836.750    243.333
  11      X      835.950    241.267    836.750    247.333
  12      X      835.950    244.123    837.400    261.900
  13      X      835.950    261.000    883.886    261.900
  14      X      836.750    241.500    839.950    243.100
  15      X      838.896    241.400    841.004    243.100
  16      X      838.896    241.500    841.004    243.200
  17      X      839.950    241.400    884.650    243.200
  18      X      851.025    192.125    851.825    197.958
  19      X      851.025    192.125    856.058    192.925
  20      X      851.025    194.339    851.925    210.475
  21      X      851.025    209.025    868.802    210.475
  22      X      852.575    193.675    853.475    195.375
  23      X      852.575    193.675    853.475    197.161
  24      X      852.575    194.325    854.377    195.375
  25      X      852.675    193.675    853.475    208.275
  26      X      852.675    207.475    855.025    208.275
  27      X      852.848    192.125    870.625    193.575
  28      X      853.942    207.475    856.058    208.275
  29      X      854.225    194.325    855.025    208.275
  30      X      854.225    194.325    856.575    195.125
  31      X      854.742    207.475    856.858    208.275
  32      X      855.492    194.325    857.608    195.125
  33      X      855.775    194.325    856.575    208.275
  34      X      855.775    207.475    858.125    208.275
  35      X      856.292    194.325    858.408    195.125
  36      X      857.042    207.475    859.158    208.275
  37      X      857.325    194.325    858.125    208.275
  38      X      857.325    194.325    859.675    195.125
  39      X      857.842    207.475    859.958    208.275
  40      X      858.592    194.325    860.708    195.125
  41      X      858.875    194.325    859.675    208.275
  42      X      858.875    207.475    861.225    208.275
  43      X      859.392    194.325    861.508    195.125
  44      X      860.142    207.475    862.258    208.275
  45      X      860.425    194.325    861.225    208.275
  46      X      860.425    194.325    862.775    195.125
  47      X      860.942    207.475    863.058    208.275
  48      X      861.692    194.325    863.808    195.125
  49      X      861.975    194.325    862.775    208.275
  50      X      861.975    207.475    864.325    208.275
  51      X      862.492    194.325    864.608    195.125
  52      X      863.242    207.475    865.358    208.275
  53      X      863.525    194.325    864.325    208.275
  54      X      863.525    194.325    865.875    195.125
  55      X      864.042    207.475    866.158    208.275
  56      X      864.792    194.325    866.908    195.125
  57      X      865.075    194.325    865.875    208.275
  58      X      865.075    207.475    867.425    208.275
  59      X      865.592    194.325    867.708    195.125
  60      X      865.592    209.675    870.625    210.475
  61      X      866.625    194.325    867.425    208.275
  62      X      866.625    194.325    868.975    195.125
  63      X      867.273    207.225    869.075    208.275
  64      X      868.175    194.325    868.975    208.925
  65      X      868.175    205.439    869.075    208.925
  66      X      868.175    207.225    869.075    208.925
  67      X      869.725    192.125    870.625    208.261
  68      X      869.825    204.642    870.625    210.475
  69      X      880.267    222.700    886.100    223.500
  70      X      880.267    261.100    887.133    261.900
  71      X      885.764    222.700    887.886    223.600
  72      X      885.764    261.000    934.036    261.900
  73      X      886.100    183.500    887.550    201.277
  74      X      886.100    183.500    934.036    184.400
  75      X      886.100    198.067    886.900    204.133
  76      X      886.100    202.067    886.900    208.133
  77      X      886.100    204.923    887.550    222.700
  78      X      886.100    222.223    887.550    224.077
  79      X      886.900    202.300    890.100    203.900
  80      X      886.900    241.500    890.100    243.100
  81      X      887.550    221.800    932.250    223.600
  82      X      889.046    202.200    891.154    203.900
  83      X      889.046    202.300    891.154    204.000
  84      X      889.046    241.400    891.154    243.100
  85      X      889.046    241.500    891.154    243.200
  86      X      890.100    202.200    934.800    204.000
  87      X      890.100    241.400    934.800    243.200
  88      X      930.417    183.500    937.283    184.300
  89      X      930.417    261.100    937.283    261.900
  90      X      931.196    221.800    933.304    223.500
  91      X      931.196    221.900    933.304    223.600
  92      X      932.250    221.900    935.450    223.500
  93      X      935.217    261.100    942.083    261.900
  94      X      935.450    258.700    937.050    261.100
  95      X      935.914    183.500    984.186    184.400
  96      X      937.050    202.300    940.250    203.900
  97      X      937.050    241.500    941.304    243.200
  98      X      937.700    221.800    982.400    223.600
  99      X      938.464    261.000    986.736    261.900
 100      X      939.196    202.200    941.304    203.900
 101      X      939.196    202.300    941.304    204.000
 102      X      939.378    241.400    983.272    243.200
 103      X      940.250    202.200    984.950    204.000
 104      X      980.567    183.500    987.433    184.300
 105      X      981.346    221.800    983.454    223.500
 106      X      981.346    221.900    983.454    223.600
 107      X      981.346    241.400    985.600    243.100
 108      X      982.400    221.900    985.600    223.500
 109      X      985.367    183.500    992.233    184.300
 110      X      985.600    184.300    987.200    186.700
 111      X      985.600    219.500    987.200    221.900
 112      X      985.600    223.500    987.200    225.900
 113      X      985.600    243.100    987.200    245.500
 114      X      986.064    261.000   1034.336    261.900
 115      X      987.200    221.900    990.400    223.500
 116      X      987.200    241.400    991.454    243.100
 117      X      987.850    202.200   1032.550    204.000
 118      X      988.614    183.500   1036.550    184.400
 119      X      989.346    221.800    991.454    223.500
 120      X      989.346    221.900    991.454    223.600
 121      X      989.528    241.400   1033.422    243.200
 122      X      990.400    221.800   1035.100    223.600
 123      X     1030.717    261.100   1036.550    261.900
 124      X     1031.496    202.200   1033.604    203.900
 125      X     1031.496    202.300   1033.604    204.000
 126      X     1031.496    241.500   1035.750    243.200
 127      X     1032.550    202.300   1035.750    203.900
 128      X     1035.100    183.500   1036.550    201.277
 129      X     1035.100    204.923   1036.550    223.177
 130      X     1035.100    222.223   1036.550    240.477
 131      X     1035.100    241.823   1036.550    260.077
 132      X     1035.750    198.067   1036.550    204.133
 133      X     1035.750    202.067   1036.550    208.133
 134      X     1035.750    237.267   1036.550    243.333
 135      X     1035.750    256.867   1036.550    261.900

================================================================================
Rule No. 772 : ERC Warning: Gates connected to VDD/VCC

Real Error Count : 116; Flat Error Count : 152
================================================================================

--------------------------------------------------------------------------------
Cell Name : 6_CA_Front_Layout layout Potentiostat

                   Cell Errors    Real Errors   Cell Placements     Environments
                            36             36                 2                1
--------------------------------------------------------------------------------
Env.  Env. Placements            X1           Y1          X2           Y2

  1        2                 60.250       98.925     205.550      248.650

Shape               Environments Status & Error Marker 

          1           X1         Y1         X2         Y2

   1      X       21.325    117.350     31.325    119.350
   2      X       21.325    129.750     31.325    131.750
   3      X       21.325    142.150     31.325    144.150
   4      X       21.325    154.550     31.325    156.550
   5      X       21.325    166.950     31.325    168.950
   6      X       21.325    179.350     31.325    181.350
   7      X       21.325    191.750     31.325    193.750
   8      X       21.325    204.150     31.325    206.150
   9      X       33.625    117.350     43.625    119.350
  10      X       33.625    204.150     43.625    206.150
  11      X       45.925    117.350     55.925    119.350
  12      X       45.925    204.150     55.925    206.150
  13      X       58.225    117.350     68.225    119.350
  14      X       58.225    204.150     68.225    206.150
  15      X       70.525    117.350     80.525    119.350
  16      X       70.525    204.150     80.525    206.150
  17      X       82.825    117.350     92.825    119.350
  18      X       82.825    204.150     92.825    206.150
  19      X       95.125    117.350    105.125    119.350
  20      X       95.125    204.150    105.125    206.150
  21      X      107.425    117.350    117.425    119.350
  22      X      107.425    204.150    117.425    206.150
  23      X      119.725    117.350    129.725    119.350
  24      X      119.725    204.150    129.725    206.150
  25      X      132.025    117.350    142.025    119.350
  26      X      132.025    204.150    142.025    206.150
  27      X      144.325    117.350    154.325    119.350
  28      X      144.325    204.150    154.325    206.150
  29      X      156.625    117.350    166.625    119.350
  30      X      156.625    129.750    166.625    131.750
  31      X      156.625    142.150    166.625    144.150
  32      X      156.625    154.550    166.625    156.550
  33      X      156.625    166.950    166.625    168.950
  34      X      156.625    179.350    166.625    181.350
  35      X      156.625    191.750    166.625    193.750
  36      X      156.625    204.150    166.625    206.150

--------------------------------------------------------------------------------
Cell Name : 7_PTAT_Layout layout Potentiostat

                   Cell Errors    Real Errors   Cell Placements     Environments
                            42             42                 1                1
--------------------------------------------------------------------------------
Env.  Env. Placements            X1           Y1          X2           Y2

  1        1               1095.300      100.375    1734.850      260.300

Shape               Environments Status & Error Marker 

          1           X1         Y1         X2         Y2

   1      X       21.625    289.850     31.625    294.850
   2      X       21.625    303.950     31.625    308.950
   3      X       21.625    318.050     31.625    323.050
   4      X       21.625    332.150     31.625    337.150
   5      X       21.625    346.250     31.625    351.250
   6      X       21.625    360.350     31.625    365.350
   7      X       21.625    374.450     31.625    379.450
   8      X       21.625    388.550     31.625    393.550
   9      X       21.625    402.650     31.625    407.650
  10      X       21.625    416.750     31.625    421.750
  11      X       33.925    289.850     43.925    294.850
  12      X       33.925    416.750     43.925    421.750
  13      X       46.225    289.850     56.225    294.850
  14      X       46.225    416.750     56.225    421.750
  15      X       58.525    289.850     68.525    294.850
  16      X       58.525    416.750     68.525    421.750
  17      X       70.825    289.850     80.825    294.850
  18      X       70.825    416.750     80.825    421.750
  19      X       83.125    289.850     93.125    294.850
  20      X       83.125    416.750     93.125    421.750
  21      X       95.425    289.850    105.425    294.850
  22      X       95.425    416.750    105.425    421.750
  23      X      107.725    289.850    117.725    294.850
  24      X      107.725    416.750    117.725    421.750
  25      X      120.025    289.850    130.025    294.850
  26      X      120.025    416.750    130.025    421.750
  27      X      132.325    289.850    142.325    294.850
  28      X      132.325    416.750    142.325    421.750
  29      X      144.625    289.850    154.625    294.850
  30      X      144.625    303.950    154.625    308.950
  31      X      144.625    318.050    154.625    323.050
  32      X      144.625    332.150    154.625    337.150
  33      X      144.625    346.250    154.625    351.250
  34      X      144.625    360.350    154.625    365.350
  35      X      144.625    374.450    154.625    379.450
  36      X      144.625    388.550    154.625    393.550
  37      X      144.625    402.650    154.625    407.650
  38      X      144.625    416.750    154.625    421.750
  39      X      194.575    411.350    204.575    416.350
  40      X      194.575    421.650    204.575    426.650
  41      X      256.075    411.350    266.075    416.350
  42      X      256.075    421.650    266.075    426.650

--------------------------------------------------------------------------------
Cell Name : 6_TIA_Front_Layout layout Potentiostat

                   Cell Errors    Real Errors   Cell Placements     Environments
                            38             38                 1                1
--------------------------------------------------------------------------------
Env.  Env. Placements            X1           Y1          X2           Y2

  1        1                478.075      114.200     625.400      247.050

Shape               Environments Status & Error Marker 

          1           X1         Y1         X2         Y2

   1      X       19.900     88.550     29.900     89.550
   2      X       19.900     99.950     29.900    100.950
   3      X       19.900    111.350     29.900    112.350
   4      X       19.900    122.750     29.900    123.750
   5      X       19.900    134.150     29.900    135.150
   6      X       19.900    145.550     29.900    146.550
   7      X       19.900    156.950     29.900    157.950
   8      X       32.200     88.550     42.200     89.550
   9      X       32.200    156.950     42.200    157.950
  10      X       44.500     88.550     54.500     89.550
  11      X       44.500    156.950     54.500    157.950
  12      X       56.800     88.550     66.800     89.550
  13      X       56.800    156.950     66.800    157.950
  14      X       69.100     88.550     79.100     89.550
  15      X       69.100    156.950     79.100    157.950
  16      X       81.400     88.550     91.400     89.550
  17      X       81.400    156.950     91.400    157.950
  18      X       93.700     88.550    103.700     89.550
  19      X       93.700    156.950    103.700    157.950
  20      X       93.925     25.100     97.925     35.100
  21      X       93.925     43.900     97.925     53.900
  22      X      106.000     88.550    116.000     89.550
  23      X      106.000    156.950    116.000    157.950
  24      X      118.300     88.550    128.300     89.550
  25      X      118.300    156.950    128.300    157.950
  26      X      130.600     88.550    140.600     89.550
  27      X      130.600    156.950    140.600    157.950
  28      X      142.900     88.550    152.900     89.550
  29      X      142.900    156.950    152.900    157.950
  30      X      155.200     88.550    165.200     89.550
  31      X      155.200     99.950    165.200    100.950
  32      X      155.200    111.350    165.200    112.350
  33      X      155.200    122.750    165.200    123.750
  34      X      155.200    134.150    165.200    135.150
  35      X      155.200    145.550    165.200    146.550
  36      X      155.200    156.950    165.200    157.950
  37      X      163.225     25.100    167.225     35.100
  38      X      163.225     43.900    167.225     53.900

================================================================================
Rule No. 773 : ERC Warning: Gates connected to VSS/GND

Real Error Count : 318; Flat Error Count : 508
================================================================================

--------------------------------------------------------------------------------
Cell Name : 6_CA_Front_Layout layout Potentiostat

                   Cell Errors    Real Errors   Cell Placements     Environments
                            34             34                 2                1
--------------------------------------------------------------------------------
Env.  Env. Placements            X1           Y1          X2           Y2

  1        2                141.775       62.375     196.100       84.250

Shape               Environments Status & Error Marker 

          1           X1         Y1         X2         Y2

   1      X       30.775     26.950     31.425     33.550
   2      X       30.775     35.150     31.425     41.750
   3      X       32.425     26.950     33.075     33.550
   4      X       32.425     35.150     33.075     41.750
   5      X       34.075     26.950     34.725     33.550
   6      X       34.075     35.150     34.725     41.750
   7      X       35.725     26.950     36.375     33.550
   8      X       35.725     35.150     36.375     41.750
   9      X       37.375     26.950     38.025     33.550
  10      X       37.375     35.150     38.025     41.750
  11      X       39.025     26.950     39.675     33.550
  12      X       39.025     35.150     39.675     41.750
  13      X       40.675     26.950     41.325     33.550
  14      X       40.675     35.150     41.325     41.750
  15      X       42.325     26.950     42.975     33.550
  16      X       42.325     35.150     42.975     41.750
  17      X       43.975     26.950     44.625     33.550
  18      X       43.975     35.150     44.625     41.750
  19      X       45.625     26.950     46.275     33.550
  20      X       45.625     35.150     46.275     41.750
  21      X       47.275     26.950     47.925     33.550
  22      X       47.275     35.150     47.925     41.750
  23      X       48.925     26.950     49.575     33.550
  24      X       48.925     35.150     49.575     41.750
  25      X       50.575     26.950     51.225     33.550
  26      X       50.575     35.150     51.225     41.750
  27      X       52.225     26.950     52.875     33.550
  28      X       52.225     35.150     52.875     41.750
  29      X       53.875     26.950     54.525     33.550
  30      X       53.875     35.150     54.525     41.750
  31      X       55.525     26.950     56.175     33.550
  32      X       55.525     35.150     56.175     41.750
  33      X       61.350     19.875     66.350     39.875
  34      X       80.100     19.875     85.100     39.875

--------------------------------------------------------------------------------
Cell Name : cvar layout PRIMLIB col=13 row=4 in1=C1

                   Cell Errors    Real Errors   Cell Placements     Environments
                            52             52                 4                1
--------------------------------------------------------------------------------
Env.  Env. Placements            X1           Y1          X2           Y2

  1        4                264.325       49.650     284.775       80.850

Shape               Environments Status & Error Marker 

          1           X1         Y1         X2         Y2

   1      X        0.850      0.000      1.500      6.600
   2      X        0.850      8.200      1.500     14.800
   3      X        0.850     16.400      1.500     23.000
   4      X        0.850     24.600      1.500     31.200
   5      X        2.500      0.000      3.150      6.600
   6      X        2.500      8.200      3.150     14.800
   7      X        2.500     16.400      3.150     23.000
   8      X        2.500     24.600      3.150     31.200
   9      X        4.150      0.000      4.800      6.600
  10      X        4.150      8.200      4.800     14.800
  11      X        4.150     16.400      4.800     23.000
  12      X        4.150     24.600      4.800     31.200
  13      X        5.800      0.000      6.450      6.600
  14      X        5.800      8.200      6.450     14.800
  15      X        5.800     16.400      6.450     23.000
  16      X        5.800     24.600      6.450     31.200
  17      X        7.450      0.000      8.100      6.600
  18      X        7.450      8.200      8.100     14.800
  19      X        7.450     16.400      8.100     23.000
  20      X        7.450     24.600      8.100     31.200
  21      X        9.100      0.000      9.750      6.600
  22      X        9.100      8.200      9.750     14.800
  23      X        9.100     16.400      9.750     23.000
  24      X        9.100     24.600      9.750     31.200
  25      X       10.750      0.000     11.400      6.600
  26      X       10.750      8.200     11.400     14.800
  27      X       10.750     16.400     11.400     23.000
  28      X       10.750     24.600     11.400     31.200
  29      X       12.400      0.000     13.050      6.600
  30      X       12.400      8.200     13.050     14.800
  31      X       12.400     16.400     13.050     23.000
  32      X       12.400     24.600     13.050     31.200
  33      X       14.050      0.000     14.700      6.600
  34      X       14.050      8.200     14.700     14.800
  35      X       14.050     16.400     14.700     23.000
  36      X       14.050     24.600     14.700     31.200
  37      X       15.700      0.000     16.350      6.600
  38      X       15.700      8.200     16.350     14.800
  39      X       15.700     16.400     16.350     23.000
  40      X       15.700     24.600     16.350     31.200
  41      X       17.350      0.000     18.000      6.600
  42      X       17.350      8.200     18.000     14.800
  43      X       17.350     16.400     18.000     23.000
  44      X       17.350     24.600     18.000     31.200
  45      X       19.000      0.000     19.650      6.600
  46      X       19.000      8.200     19.650     14.800
  47      X       19.000     16.400     19.650     23.000
  48      X       19.000     24.600     19.650     31.200
  49      X       20.650      0.000     21.300      6.600
  50      X       20.650      8.200     21.300     14.800
  51      X       20.650     16.400     21.300     23.000
  52      X       20.650     24.600     21.300     31.200

--------------------------------------------------------------------------------
Cell Name : 7_PTAT_Layout layout Potentiostat

                   Cell Errors    Real Errors   Cell Placements     Environments
                           230            230                 1                1
--------------------------------------------------------------------------------
Env.  Env. Placements            X1           Y1          X2           Y2

  1        1               1076.275       44.625    1653.325      273.100

Shape               Environments Status & Error Marker 

          1           X1         Y1         X2         Y2

   1      X      231.750    377.200    238.350    377.850
   2      X      231.750    378.850    238.350    379.500
   3      X      231.750    380.500    238.350    381.150
   4      X      231.750    382.150    238.350    382.800
   5      X      231.750    383.800    238.350    384.450
   6      X      231.750    385.450    238.350    386.100
   7      X      231.750    387.100    238.350    387.750
   8      X      231.750    388.750    238.350    389.400
   9      X      231.750    390.400    238.350    391.050
  10      X      239.950    377.200    246.550    377.850
  11      X      239.950    378.850    246.550    379.500
  12      X      239.950    380.500    246.550    381.150
  13      X      239.950    382.150    246.550    382.800
  14      X      239.950    383.800    246.550    384.450
  15      X      239.950    385.450    246.550    386.100
  16      X      239.950    387.100    246.550    387.750
  17      X      239.950    388.750    246.550    389.400
  18      X      239.950    390.400    246.550    391.050
  19      X      248.150    377.200    254.750    377.850
  20      X      248.150    378.850    254.750    379.500
  21      X      248.150    380.500    254.750    381.150
  22      X      248.150    382.150    254.750    382.800
  23      X      248.150    383.800    254.750    384.450
  24      X      248.150    385.450    254.750    386.100
  25      X      248.150    387.100    254.750    387.750
  26      X      248.150    388.750    254.750    389.400
  27      X      248.150    390.400    254.750    391.050
  28      X      256.350    377.200    262.950    377.850
  29      X      256.350    378.850    262.950    379.500
  30      X      256.350    380.500    262.950    381.150
  31      X      256.350    382.150    262.950    382.800
  32      X      256.350    383.800    262.950    384.450
  33      X      256.350    385.450    262.950    386.100
  34      X      256.350    387.100    262.950    387.750
  35      X      256.350    388.750    262.950    389.400
  36      X      256.350    390.400    262.950    391.050
  37      X      264.550    377.200    271.150    377.850
  38      X      264.550    378.850    271.150    379.500
  39      X      264.550    380.500    271.150    381.150
  40      X      264.550    382.150    271.150    382.800
  41      X      264.550    383.800    271.150    384.450
  42      X      264.550    385.450    271.150    386.100
  43      X      264.550    387.100    271.150    387.750
  44      X      264.550    388.750    271.150    389.400
  45      X      264.550    390.400    271.150    391.050
  46      X      272.750    377.200    279.350    377.850
  47      X      272.750    378.850    279.350    379.500
  48      X      272.750    380.500    279.350    381.150
  49      X      272.750    382.150    279.350    382.800
  50      X      272.750    383.800    279.350    384.450
  51      X      272.750    385.450    279.350    386.100
  52      X      272.750    387.100    279.350    387.750
  53      X      272.750    388.750    279.350    389.400
  54      X      272.750    390.400    279.350    391.050
  55      X      294.125    375.450    294.775    382.050
  56      X      294.125    383.650    294.775    390.250
  57      X      294.125    391.850    294.775    398.450
  58      X      294.125    400.050    294.775    406.650
  59      X      294.125    408.250    294.775    414.850
  60      X      294.125    416.450    294.775    423.050
  61      X      294.125    424.650    294.775    431.250
  62      X      294.125    432.850    294.775    439.450
  63      X      295.775    375.450    296.425    382.050
  64      X      295.775    383.650    296.425    390.250
  65      X      295.775    391.850    296.425    398.450
  66      X      295.775    400.050    296.425    406.650
  67      X      295.775    408.250    296.425    414.850
  68      X      295.775    416.450    296.425    423.050
  69      X      295.775    424.650    296.425    431.250
  70      X      295.775    432.850    296.425    439.450
  71      X      297.425    375.450    298.075    382.050
  72      X      297.425    383.650    298.075    390.250
  73      X      297.425    391.850    298.075    398.450
  74      X      297.425    400.050    298.075    406.650
  75      X      297.425    408.250    298.075    414.850
  76      X      297.425    416.450    298.075    423.050
  77      X      297.425    424.650    298.075    431.250
  78      X      297.425    432.850    298.075    439.450
  79      X      299.075    375.450    299.725    382.050
  80      X      299.075    383.650    299.725    390.250
  81      X      299.075    391.850    299.725    398.450
  82      X      299.075    400.050    299.725    406.650
  83      X      299.075    408.250    299.725    414.850
  84      X      299.075    416.450    299.725    423.050
  85      X      299.075    424.650    299.725    431.250
  86      X      299.075    432.850    299.725    439.450
  87      X      300.725    306.150    301.375    312.750
  88      X      300.725    314.350    301.375    320.950
  89      X      300.725    322.550    301.375    329.150
  90      X      300.725    330.750    301.375    337.350
  91      X      300.725    338.950    301.375    345.550
  92      X      300.725    347.150    301.375    353.750
  93      X      300.725    355.350    301.375    361.950
  94      X      300.725    363.550    301.375    370.150
  95      X      300.725    375.450    301.375    382.050
  96      X      300.725    383.650    301.375    390.250
  97      X      300.725    391.850    301.375    398.450
  98      X      300.725    400.050    301.375    406.650
  99      X      300.725    408.250    301.375    414.850
 100      X      300.725    416.450    301.375    423.050
 101      X      300.725    424.650    301.375    431.250
 102      X      300.725    432.850    301.375    439.450
 103      X      302.375    306.150    303.025    312.750
 104      X      302.375    314.350    303.025    320.950
 105      X      302.375    322.550    303.025    329.150
 106      X      302.375    330.750    303.025    337.350
 107      X      302.375    338.950    303.025    345.550
 108      X      302.375    347.150    303.025    353.750
 109      X      302.375    355.350    303.025    361.950
 110      X      302.375    363.550    303.025    370.150
 111      X      302.375    375.450    303.025    382.050
 112      X      302.375    383.650    303.025    390.250
 113      X      302.375    391.850    303.025    398.450
 114      X      302.375    400.050    303.025    406.650
 115      X      302.375    408.250    303.025    414.850
 116      X      302.375    416.450    303.025    423.050
 117      X      302.375    424.650    303.025    431.250
 118      X      302.375    432.850    303.025    439.450
 119      X      304.025    306.150    304.675    312.750
 120      X      304.025    314.350    304.675    320.950
 121      X      304.025    322.550    304.675    329.150
 122      X      304.025    330.750    304.675    337.350
 123      X      304.025    338.950    304.675    345.550
 124      X      304.025    347.150    304.675    353.750
 125      X      304.025    355.350    304.675    361.950
 126      X      304.025    363.550    304.675    370.150
 127      X      304.025    375.450    304.675    382.050
 128      X      304.025    383.650    304.675    390.250
 129      X      304.025    391.850    304.675    398.450
 130      X      304.025    400.050    304.675    406.650
 131      X      304.025    408.250    304.675    414.850
 132      X      304.025    416.450    304.675    423.050
 133      X      304.025    424.650    304.675    431.250
 134      X      304.025    432.850    304.675    439.450
 135      X      305.675    306.150    306.325    312.750
 136      X      305.675    314.350    306.325    320.950
 137      X      305.675    322.550    306.325    329.150
 138      X      305.675    330.750    306.325    337.350
 139      X      305.675    338.950    306.325    345.550
 140      X      305.675    347.150    306.325    353.750
 141      X      305.675    355.350    306.325    361.950
 142      X      305.675    363.550    306.325    370.150
 143      X      305.675    375.450    306.325    382.050
 144      X      305.675    383.650    306.325    390.250
 145      X      305.675    391.850    306.325    398.450
 146      X      305.675    400.050    306.325    406.650
 147      X      305.675    408.250    306.325    414.850
 148      X      305.675    416.450    306.325    423.050
 149      X      305.675    424.650    306.325    431.250
 150      X      305.675    432.850    306.325    439.450
 151      X      307.325    306.150    307.975    312.750
 152      X      307.325    314.350    307.975    320.950
 153      X      307.325    322.550    307.975    329.150
 154      X      307.325    330.750    307.975    337.350
 155      X      307.325    338.950    307.975    345.550
 156      X      307.325    347.150    307.975    353.750
 157      X      307.325    355.350    307.975    361.950
 158      X      307.325    363.550    307.975    370.150
 159      X      307.325    375.450    307.975    382.050
 160      X      307.325    383.650    307.975    390.250
 161      X      307.325    391.850    307.975    398.450
 162      X      307.325    400.050    307.975    406.650
 163      X      307.325    408.250    307.975    414.850
 164      X      307.325    416.450    307.975    423.050
 165      X      307.325    424.650    307.975    431.250
 166      X      307.325    432.850    307.975    439.450
 167      X      308.975    306.150    309.625    312.750
 168      X      308.975    314.350    309.625    320.950
 169      X      308.975    322.550    309.625    329.150
 170      X      308.975    330.750    309.625    337.350
 171      X      308.975    338.950    309.625    345.550
 172      X      308.975    347.150    309.625    353.750
 173      X      308.975    355.350    309.625    361.950
 174      X      308.975    363.550    309.625    370.150
 175      X      308.975    375.450    309.625    382.050
 176      X      308.975    383.650    309.625    390.250
 177      X      308.975    391.850    309.625    398.450
 178      X      308.975    400.050    309.625    406.650
 179      X      308.975    408.250    309.625    414.850
 180      X      308.975    416.450    309.625    423.050
 181      X      308.975    424.650    309.625    431.250
 182      X      308.975    432.850    309.625    439.450
 183      X      310.625    306.150    311.275    312.750
 184      X      310.625    314.350    311.275    320.950
 185      X      310.625    322.550    311.275    329.150
 186      X      310.625    330.750    311.275    337.350
 187      X      310.625    338.950    311.275    345.550
 188      X      310.625    347.150    311.275    353.750
 189      X      310.625    355.350    311.275    361.950
 190      X      310.625    363.550    311.275    370.150
 191      X      310.625    375.450    311.275    382.050
 192      X      310.625    383.650    311.275    390.250
 193      X      310.625    391.850    311.275    398.450
 194      X      310.625    400.050    311.275    406.650
 195      X      310.625    408.250    311.275    414.850
 196      X      310.625    416.450    311.275    423.050
 197      X      310.625    424.650    311.275    431.250
 198      X      310.625    432.850    311.275    439.450
 199      X      312.275    306.150    312.925    312.750
 200      X      312.275    314.350    312.925    320.950
 201      X      312.275    322.550    312.925    329.150
 202      X      312.275    330.750    312.925    337.350
 203      X      312.275    338.950    312.925    345.550
 204      X      312.275    347.150    312.925    353.750
 205      X      312.275    355.350    312.925    361.950
 206      X      312.275    363.550    312.925    370.150
 207      X      312.275    375.450    312.925    382.050
 208      X      312.275    383.650    312.925    390.250
 209      X      312.275    391.850    312.925    398.450
 210      X      312.275    400.050    312.925    406.650
 211      X      312.275    408.250    312.925    414.850
 212      X      312.275    416.450    312.925    423.050
 213      X      312.275    424.650    312.925    431.250
 214      X      312.275    432.850    312.925    439.450
 215      X      313.925    306.150    314.575    312.750
 216      X      313.925    314.350    314.575    320.950
 217      X      313.925    322.550    314.575    329.150
 218      X      313.925    330.750    314.575    337.350
 219      X      313.925    338.950    314.575    345.550
 220      X      313.925    347.150    314.575    353.750
 221      X      313.925    355.350    314.575    361.950
 222      X      313.925    363.550    314.575    370.150
 223      X      313.925    375.450    314.575    382.050
 224      X      313.925    383.650    314.575    390.250
 225      X      313.925    391.850    314.575    398.450
 226      X      313.925    400.050    314.575    406.650
 227      X      313.925    408.250    314.575    414.850
 228      X      313.925    416.450    314.575    423.050
 229      X      313.925    424.650    314.575    431.250
 230      X      313.925    432.850    314.575    439.450

--------------------------------------------------------------------------------
Cell Name : 6_TIA_Front_Layout layout Potentiostat

                   Cell Errors    Real Errors   Cell Placements     Environments
                             2              2                 1                1
--------------------------------------------------------------------------------
Env.  Env. Placements            X1           Y1          X2           Y2

  1        1                461.525      100.825     669.825      134.275

Shape               Environments Status & Error Marker 

          1           X1         Y1         X2         Y2

   1      X      191.650     11.725    211.650     16.725
   2      X      191.650     30.475    211.650     35.475

================================================================================
Rule No. 1476 : # INFO: C35B4/C35B3 ASSURA DRC DECK (REV9 DATE 26-Apr-2011) Last modified 07-Sept-2016 #

Real Error Count : 1; Flat Error Count : 1
================================================================================

--------------------------------------------------------------------------------
Cell Name : 8_Poten_PTAT layout Potentiostat

                   Cell Errors    Real Errors   Cell Placements     Environments
                             1              1                 1                1
--------------------------------------------------------------------------------
Env.  Env. Placements            X1           Y1          X2           Y2

  1        1                  4.700        5.350    2067.725      313.375

Shape               Environments Status & Error Marker 

          1           X1         Y1         X2         Y2

   1      X        4.700      5.350   2067.725    313.375

