================================================================================
Rule No. 44 : # INFO: Don't use -resimulate_extracted- Switch for standard LVS but only for QRC! #

Real Error Count : 6; Flat Error Count : 24
================================================================================

--------------------------------------------------------------------------------
Cell Name : pmos4

                   Cell Errors    Real Errors   Cell Placements     Environments
                             1              1                 1                1
--------------------------------------------------------------------------------
Env.  Env. Placements            X1           Y1          X2           Y2

  1        1                 63.725      128.050      68.125      133.150

Shape               Environments Status & Error Marker 

          1           X1         Y1         X2         Y2

   1      X       -1.200     -1.200      3.200      3.900

--------------------------------------------------------------------------------
Cell Name : rpolyhc layout PRIMLIB Bends=10 Dummy=TRUE ResShape="90_deg" doubleCont="Horizontal" gwell="N-Well" l="500u" r="1M" w="800n" in1=R5

                   Cell Errors    Real Errors   Cell Placements     Environments
                             1              1                14                1
--------------------------------------------------------------------------------
Env.  Env. Placements            X1           Y1          X2           Y2

  1       14                136.350       89.300     192.500      114.900

Shape               Environments Status & Error Marker 

          1           X1         Y1         X2         Y2

   1      X       -6.000     -4.650     50.150     20.950

--------------------------------------------------------------------------------
Cell Name : nmos4 layout PRIMLIB l="1u" w="5u" wtot="5u" in1=MN20

                   Cell Errors    Real Errors   Cell Placements     Environments
                             1              1                 3                1
--------------------------------------------------------------------------------
Env.  Env. Placements            X1           Y1          X2           Y2

  1        3                 68.950      114.575      74.750      117.775

Shape               Environments Status & Error Marker 

          1           X1         Y1         X2         Y2

   1      X       -0.400     -0.250      5.400      2.950

--------------------------------------------------------------------------------
Cell Name : Inverter layout Potentiostat

                   Cell Errors    Real Errors   Cell Placements     Environments
                             1              1                 4                1
--------------------------------------------------------------------------------
Env.  Env. Placements            X1           Y1          X2           Y2

  1        4                 52.725      100.325      60.600      106.725

Shape               Environments Status & Error Marker 

          1           X1         Y1         X2         Y2

   1      X        0.550      0.025      6.950      7.900

--------------------------------------------------------------------------------
Cell Name : 6_Resnet layout Potentiostat

                   Cell Errors    Real Errors   Cell Placements     Environments
                             2              2                 1                1
--------------------------------------------------------------------------------
Env.  Env. Placements            X1           Y1          X2           Y2

  1        1                 49.875       73.500     295.900      176.800

Shape               Environments Status & Error Marker 

          1           X1         Y1         X2         Y2

   1      X       49.875     73.500     74.825    176.800
   2      X       74.750     73.500    295.900    176.800

================================================================================
Rule No. 45 : # C35B4 ENG - 183 Rev9 (Last updated 26-Apr-2017 12:48) #

Real Error Count : 6; Flat Error Count : 24
================================================================================

--------------------------------------------------------------------------------
Cell Name : pmos4

                   Cell Errors    Real Errors   Cell Placements     Environments
                             1              1                 1                1
--------------------------------------------------------------------------------
Env.  Env. Placements            X1           Y1          X2           Y2

  1        1                 63.725      128.050      68.125      133.150

Shape               Environments Status & Error Marker 

          1           X1         Y1         X2         Y2

   1      X       -1.200     -1.200      3.200      3.900

--------------------------------------------------------------------------------
Cell Name : rpolyhc layout PRIMLIB Bends=10 Dummy=TRUE ResShape="90_deg" doubleCont="Horizontal" gwell="N-Well" l="500u" r="1M" w="800n" in1=R5

                   Cell Errors    Real Errors   Cell Placements     Environments
                             1              1                14                1
--------------------------------------------------------------------------------
Env.  Env. Placements            X1           Y1          X2           Y2

  1       14                136.350       89.300     192.500      114.900

Shape               Environments Status & Error Marker 

          1           X1         Y1         X2         Y2

   1      X       -6.000     -4.650     50.150     20.950

--------------------------------------------------------------------------------
Cell Name : nmos4 layout PRIMLIB l="1u" w="5u" wtot="5u" in1=MN20

                   Cell Errors    Real Errors   Cell Placements     Environments
                             1              1                 3                1
--------------------------------------------------------------------------------
Env.  Env. Placements            X1           Y1          X2           Y2

  1        3                 68.950      114.575      74.750      117.775

Shape               Environments Status & Error Marker 

          1           X1         Y1         X2         Y2

   1      X       -0.400     -0.250      5.400      2.950

--------------------------------------------------------------------------------
Cell Name : Inverter layout Potentiostat

                   Cell Errors    Real Errors   Cell Placements     Environments
                             1              1                 4                1
--------------------------------------------------------------------------------
Env.  Env. Placements            X1           Y1          X2           Y2

  1        4                 52.725      100.325      60.600      106.725

Shape               Environments Status & Error Marker 

          1           X1         Y1         X2         Y2

   1      X        0.550      0.025      6.950      7.900

--------------------------------------------------------------------------------
Cell Name : 6_Resnet layout Potentiostat

                   Cell Errors    Real Errors   Cell Placements     Environments
                             2              2                 1                1
--------------------------------------------------------------------------------
Env.  Env. Placements            X1           Y1          X2           Y2

  1        1                 49.875       73.500     295.900      176.800

Shape               Environments Status & Error Marker 

          1           X1         Y1         X2         Y2

   1      X       49.875     73.500     74.825    176.800
   2      X       74.750     73.500    295.900    176.800

