================================================================================
Rule No. 421 : INFO: hot nwell

Real Error Count : 21; Flat Error Count : 223
================================================================================

--------------------------------------------------------------------------------
Cell Name : cpolyc layout PRIMLIB area="2.31n" c="2p" gwell="N-Well" l="48.4u" perimeter="192.1u" rbottom="Cont" rleft="Cont" rright="Cont" id_=8d84e3685e3786f2 in1=C228929

                   Cell Errors    Real Errors   Cell Placements     Environments
                             1              1                30                1
--------------------------------------------------------------------------------
Env.  Env. Placements            X1           Y1          X2           Y2

  1       30                689.300      277.525     743.200      329.875

Shape               Environments Status & Error Marker 

          1           X1         Y1         X2         Y2

   1      X       -1.350     -1.350     52.550     51.000

--------------------------------------------------------------------------------
Cell Name : pmos4 layout PRIMLIB l="4u" in1=MP3428129

                   Cell Errors    Real Errors   Cell Placements     Environments
                             1              1                24                1
--------------------------------------------------------------------------------
Env.  Env. Placements            X1           Y1          X2           Y2

  1       24                514.825      265.525     522.925      277.925

Shape               Environments Status & Error Marker 

          1           X1         Y1         X2         Y2

   1      X       -1.200     -1.200     11.200      6.900

--------------------------------------------------------------------------------
Cell Name : cpolyc layout PRIMLIB area="3.47n" c="3p" gwell="N-Well" l="59.25u" perimeter="235.5u" rbottom="Cont" rleft="Cont" id_=d867af616155d7ec in1=C0

                   Cell Errors    Real Errors   Cell Placements     Environments
                             1              1                 2                1
--------------------------------------------------------------------------------
Env.  Env. Placements            X1           Y1          X2           Y2

  1        2                230.600      304.400     295.350      367.600

Shape               Environments Status & Error Marker 

          1           X1         Y1         X2         Y2

   1      X       -1.350     -1.350     63.400     61.850

--------------------------------------------------------------------------------
Cell Name : vert10_4 layout PRIMLIB

                   Cell Errors    Real Errors   Cell Placements     Environments
                             1              1                81                1
--------------------------------------------------------------------------------
Env.  Env. Placements            X1           Y1          X2           Y2

  1       81                328.750      268.700     342.550      282.500

Shape               Environments Status & Error Marker 

          1           X1         Y1         X2         Y2

   1      X        1.500      1.500     15.300     15.300

--------------------------------------------------------------------------------
Cell Name : rpolyhc layout PRIMLIB Bends=10 Dummy=TRUE ResShape="90_deg" doubleCont="Horizontal" gwell="N-Well" l="150u" r="100K" w="2u" in1=R26

                   Cell Errors    Real Errors   Cell Placements     Environments
                             1              1                12                1
--------------------------------------------------------------------------------
Env.  Env. Placements            X1           Y1          X2           Y2

  1       12                204.575      211.850     245.575      238.600

Shape               Environments Status & Error Marker 

          1           X1         Y1         X2         Y2

   1      X       -7.750     -5.750     19.000     35.250

--------------------------------------------------------------------------------
Cell Name : rpolyhc layout PRIMLIB Bends=10 Dummy=TRUE ResShape="90_deg" doubleCont="Horizontal" gwell="N-Well" l="50u" r="100K" w="800n" in1=R9

                   Cell Errors    Real Errors   Cell Placements     Environments
                             1              1                 9                1
--------------------------------------------------------------------------------
Env.  Env. Placements            X1           Y1          X2           Y2

  1        9                425.875      216.075     451.475      231.325

Shape               Environments Status & Error Marker 

          1           X1         Y1         X2         Y2

   1      X       -6.000     -4.650      9.250     20.950

--------------------------------------------------------------------------------
Cell Name : pmos4 layout PRIMLIB l="2u" in1=MP1281029

                   Cell Errors    Real Errors   Cell Placements     Environments
                             1              1                44                1
--------------------------------------------------------------------------------
Env.  Env. Placements            X1           Y1          X2           Y2

  1       44                 89.475      228.925      95.575      241.325

Shape               Environments Status & Error Marker 

          1           X1         Y1         X2         Y2

   1      X       -1.200     -1.200     11.200      4.900

--------------------------------------------------------------------------------
Cell Name : pmos4 layout PRIMLIB l="350n" in1=MP628129

                   Cell Errors    Real Errors   Cell Placements     Environments
                             1              1                 8                1
--------------------------------------------------------------------------------
Env.  Env. Placements            X1           Y1          X2           Y2

  1        8                190.925      356.100     195.375      368.500

Shape               Environments Status & Error Marker 

          1           X1         Y1         X2         Y2

   1      X       -1.200     -1.200     11.200      3.250

--------------------------------------------------------------------------------
Cell Name : 6_CA_Front_Layout layout Potentiostat_cpoly2

                   Cell Errors    Real Errors   Cell Placements     Environments
                             2              2                 1                1
--------------------------------------------------------------------------------
Env.  Env. Placements            X1           Y1          X2           Y2

  1        1                501.700      217.200     679.600      304.250

Shape               Environments Status & Error Marker 

          1           X1         Y1         X2         Y2

   1      X        7.150     45.100    110.800     93.900
   2      X      121.050      6.900    185.050     29.300

--------------------------------------------------------------------------------
Cell Name : 7_PTAT_Layout2 layout Potentiostat_cpoly2

                   Cell Errors    Real Errors   Cell Placements     Environments
                            11             11                 1                1
--------------------------------------------------------------------------------
Env.  Env. Placements            X1           Y1          X2           Y2

  1        1                  2.000      189.950    1262.400      439.100

Shape               Environments Status & Error Marker 

          1           X1         Y1         X2         Y2

   1      X        2.000    189.950    194.600    243.000
   2      X       79.825    219.275    195.525    266.725
   3      X      180.775    349.950    213.475    390.800
   4      X      203.025    210.300    317.125    304.400
   5      X      218.600    304.400    317.950    439.100
   6      X      230.600    367.600    295.350    368.400
   7      X      404.725    214.525    472.600    251.375
   8      X      689.300    277.525    907.900    436.575
   9      X      854.000    383.225    907.900    384.225
  10      X      907.900    277.525   1073.600    436.575
  11      X     1073.600    277.525   1262.400    436.575

================================================================================
Rule No. 521 : M2_R_1 Minimum density of MET2 area [%] = 30

Real Error Count : 1; Flat Error Count : 2
================================================================================

--------------------------------------------------------------------------------
Cell Name : 7_PTAT_Layout2 layout Potentiostat_cpoly2

                   Cell Errors    Real Errors   Cell Placements     Environments
                             2              1                 1                1
--------------------------------------------------------------------------------
Env.  Env. Placements            X1           Y1          X2           Y2

  1        1                 -2.725      163.850    1297.700      471.025

Shape               Environments Status & Error Marker 

          1           X1         Y1         X2         Y2

   1      X       -2.725    163.850   1297.700    471.025

================================================================================
Rule No. 532 : M3_R_1 Minimum density of MET3 area [%] = 30

Real Error Count : 1; Flat Error Count : 2
================================================================================

--------------------------------------------------------------------------------
Cell Name : 7_PTAT_Layout2 layout Potentiostat_cpoly2

                   Cell Errors    Real Errors   Cell Placements     Environments
                             2              1                 1                1
--------------------------------------------------------------------------------
Env.  Env. Placements            X1           Y1          X2           Y2

  1        1                 -2.725      163.850    1297.700      471.025

Shape               Environments Status & Error Marker 

          1           X1         Y1         X2         Y2

   1      X       -2.725    163.850   1297.700    471.025

================================================================================
Rule No. 669 : RPOLYH_G2 Minimum high precision RPOLYH width = 2

Real Error Count : 109; Flat Error Count : 453
================================================================================

--------------------------------------------------------------------------------
Cell Name : rpolyhc layout PRIMLIB Bends=10 Dummy=TRUE ResShape="90_deg" doubleCont="Horizontal" gwell="N-Well" l="50u" r="100K" w="800n" in1=R9

                   Cell Errors    Real Errors   Cell Placements     Environments
                            43             43                 9                1
--------------------------------------------------------------------------------
Env.  Env. Placements            X1           Y1          X2           Y2

  1        9                428.875      219.075     448.475      228.325

Shape               Environments Status & Error Marker 

          1           X1         Y1         X2         Y2

   1      X       -1.450     -0.100      0.250      0.800
   2      X       -1.450     -0.100      2.036      0.800
   3      X       -1.450      0.000      4.050      0.800
   4      X       -0.800     -0.100      0.250      1.702
   5      X       -0.800      1.550      0.000      3.900
   6      X       -0.800      1.550      4.050      2.350
   7      X       -0.800      2.817      0.000      4.933
   8      X       -0.800      3.100      4.050      3.900
   9      X       -0.800      3.617      0.000      5.733
  10      X       -0.800      4.650      0.000      7.000
  11      X       -0.800      4.650      4.050      5.450
  12      X       -0.800      5.917      0.000      8.033
  13      X       -0.800      6.200      4.050      7.000
  14      X       -0.800      6.717      0.000      8.833
  15      X       -0.800      7.750      0.000     10.100
  16      X       -0.800      7.750      4.050      8.550
  17      X       -0.800      9.017      0.000     11.133
  18      X       -0.800      9.300      4.050     10.100
  19      X       -0.800      9.817      0.000     11.933
  20      X       -0.800     10.850      0.000     13.200
  21      X       -0.800     10.850      4.050     11.650
  22      X       -0.800     12.117      0.000     14.233
  23      X       -0.800     12.400      4.050     13.200
  24      X       -0.800     12.917      0.000     15.033
  25      X       -0.800     13.950      0.000     16.300
  26      X       -0.800     13.950      4.050     14.750
  27      X       -0.800     15.500      4.700     16.300
  28      X        1.214     15.500      4.700     16.400
  29      X        3.000     14.598      4.050     16.400
  30      X        3.000     15.500      4.700     16.400
  31      X        3.250      0.000      4.050      2.350
  32      X        3.250      1.267      4.050      3.383
  33      X        3.250      2.067      4.050      4.183
  34      X        3.250      3.100      4.050      5.450
  35      X        3.250      4.367      4.050      6.483
  36      X        3.250      5.167      4.050      7.283
  37      X        3.250      6.200      4.050      8.550
  38      X        3.250      7.467      4.050      9.583
  39      X        3.250      8.267      4.050     10.383
  40      X        3.250      9.300      4.050     11.650
  41      X        3.250     10.567      4.050     12.683
  42      X        3.250     11.367      4.050     13.483
  43      X        3.250     12.400      4.050     14.750

--------------------------------------------------------------------------------
Cell Name : 7_PTAT_Layout2 layout Potentiostat_cpoly2

                   Cell Errors    Real Errors   Cell Placements     Environments
                            66             66                 1                1
--------------------------------------------------------------------------------
Env.  Env. Placements            X1           Y1          X2           Y2

  1        1                 46.950      194.850    1257.850      387.050

Shape               Environments Status & Error Marker 

          1           X1         Y1         X2         Y2

   1      X       46.950    194.850     47.850    195.750
   2      X       46.950    194.850     49.636    195.750
   3      X       46.950    194.950     50.450    195.750
   4      X       46.950    197.050     47.850    197.950
   5      X       46.950    197.050     49.636    197.950
   6      X       46.950    197.050     50.450    197.850
   7      X       49.650    194.950     50.450    197.850
   8      X      223.500    383.950    224.400    384.850
   9      X      223.500    383.950    226.186    384.850
  10      X      223.500    384.050    227.000    384.850
  11      X      223.500    386.150    224.400    387.050
  12      X      223.500    386.150    226.186    387.050
  13      X      223.500    386.150    227.000    386.950
  14      X      226.200    384.050    227.000    386.950
  15      X      409.275    219.075    410.175    226.111
  16      X      409.275    219.075    427.052    220.525
  17      X      409.275    222.492    410.075    229.358
  18      X      409.275    227.989    410.175    235.361
  19      X      409.275    231.742    410.075    238.608
  20      X      409.275    237.239    410.175    244.611
  21      X      409.275    240.992    410.075    246.825
  22      X      409.275    246.025    414.308    246.825
  23      X      411.098    245.375    429.352    246.825
  24      X      423.842    219.075    429.908    219.875
  25      X      427.842    219.075    433.908    219.875
  26      X      427.842    246.025    433.908    246.825
  27      X      427.975    222.021    429.675    224.129
  28      X      427.975    223.075    429.775    226.875
  29      X      427.975    231.453    429.775    234.447
  30      X      427.975    232.521    429.675    236.775
  31      X      427.975    240.703    429.775    243.697
  32      X      427.975    241.771    429.675    246.025
  33      X      428.075    219.875    429.675    223.075
  34      X      428.075    222.021    429.775    224.129
  35      X      428.075    229.125    429.775    233.379
  36      X      428.075    238.375    429.775    242.629
  37      X      430.698    219.075    448.952    220.525
  38      X      430.698    245.375    448.952    246.825
  39      X      445.275    227.525    447.675    229.125
  40      X      447.442    246.025    453.508    246.825
  41      X      447.575    220.525    449.375    224.325
  42      X      447.575    223.271    449.275    225.379
  43      X      447.575    231.453    449.375    234.447
  44      X      447.575    232.521    449.275    236.775
  45      X      447.575    240.703    449.375    243.697
  46      X      447.575    241.771    449.275    246.025
  47      X      447.675    223.271    449.375    225.379
  48      X      447.675    224.325    449.275    227.525
  49      X      447.675    229.125    449.375    233.379
  50      X      447.675    238.375    449.375    242.629
  51      X      447.998    219.075    466.252    220.525
  52      X      450.298    245.375    468.075    246.825
  53      X      463.042    219.075    468.075    219.875
  54      X      467.175    221.289    468.075    228.661
  55      X      467.175    230.539    468.075    237.911
  56      X      467.175    239.789    468.075    246.825
  57      X      467.275    219.075    468.075    224.908
  58      X      467.275    227.292    468.075    234.158
  59      X      467.275    236.542    468.075    243.408
  60      X     1253.550    332.450   1255.250    333.350
  61      X     1253.550    332.450   1257.036    333.350
  62      X     1253.550    332.550   1257.850    333.350
  63      X     1253.550    334.650   1255.250    335.550
  64      X     1253.550    334.650   1257.036    335.550
  65      X     1253.550    334.650   1257.850    335.450
  66      X     1257.050    332.550   1257.850    335.450

================================================================================
Rule No. 772 : ERC Warning: Gates connected to VDD/VCC

Real Error Count : 78; Flat Error Count : 78
================================================================================

--------------------------------------------------------------------------------
Cell Name : 6_CA_Front_Layout layout Potentiostat_cpoly2

                   Cell Errors    Real Errors   Cell Placements     Environments
                            36             36                 1                1
--------------------------------------------------------------------------------
Env.  Env. Placements            X1           Y1          X2           Y2

  1        1                515.875      327.650     661.175      416.450

Shape               Environments Status & Error Marker 

          1           X1         Y1         X2         Y2

   1      X       21.325    117.350     31.325    119.350
   2      X       21.325    129.750     31.325    131.750
   3      X       21.325    142.150     31.325    144.150
   4      X       21.325    154.550     31.325    156.550
   5      X       21.325    166.950     31.325    168.950
   6      X       21.325    179.350     31.325    181.350
   7      X       21.325    191.750     31.325    193.750
   8      X       21.325    204.150     31.325    206.150
   9      X       33.625    117.350     43.625    119.350
  10      X       33.625    204.150     43.625    206.150
  11      X       45.925    117.350     55.925    119.350
  12      X       45.925    204.150     55.925    206.150
  13      X       58.225    117.350     68.225    119.350
  14      X       58.225    204.150     68.225    206.150
  15      X       70.525    117.350     80.525    119.350
  16      X       70.525    204.150     80.525    206.150
  17      X       82.825    117.350     92.825    119.350
  18      X       82.825    204.150     92.825    206.150
  19      X       95.125    117.350    105.125    119.350
  20      X       95.125    204.150    105.125    206.150
  21      X      107.425    117.350    117.425    119.350
  22      X      107.425    204.150    117.425    206.150
  23      X      119.725    117.350    129.725    119.350
  24      X      119.725    204.150    129.725    206.150
  25      X      132.025    117.350    142.025    119.350
  26      X      132.025    204.150    142.025    206.150
  27      X      144.325    117.350    154.325    119.350
  28      X      144.325    204.150    154.325    206.150
  29      X      156.625    117.350    166.625    119.350
  30      X      156.625    129.750    166.625    131.750
  31      X      156.625    142.150    166.625    144.150
  32      X      156.625    154.550    166.625    156.550
  33      X      156.625    166.950    166.625    168.950
  34      X      156.625    179.350    166.625    181.350
  35      X      156.625    191.750    166.625    193.750
  36      X      156.625    204.150    166.625    206.150

--------------------------------------------------------------------------------
Cell Name : 7_PTAT_Layout2 layout Potentiostat_cpoly2

                   Cell Errors    Real Errors   Cell Placements     Environments
                            42             42                 1                1
--------------------------------------------------------------------------------
Env.  Env. Placements            X1           Y1          X2           Y2

  1        1                 21.625      289.850     661.175      426.650

Shape               Environments Status & Error Marker 

          1           X1         Y1         X2         Y2

   1      X       21.625    289.850     31.625    294.850
   2      X       21.625    303.950     31.625    308.950
   3      X       21.625    318.050     31.625    323.050
   4      X       21.625    332.150     31.625    337.150
   5      X       21.625    346.250     31.625    351.250
   6      X       21.625    360.350     31.625    365.350
   7      X       21.625    374.450     31.625    379.450
   8      X       21.625    388.550     31.625    393.550
   9      X       21.625    402.650     31.625    407.650
  10      X       21.625    416.750     31.625    421.750
  11      X       33.925    289.850     43.925    294.850
  12      X       33.925    416.750     43.925    421.750
  13      X       46.225    289.850     56.225    294.850
  14      X       46.225    416.750     56.225    421.750
  15      X       58.525    289.850     68.525    294.850
  16      X       58.525    416.750     68.525    421.750
  17      X       70.825    289.850     80.825    294.850
  18      X       70.825    416.750     80.825    421.750
  19      X       83.125    289.850     93.125    294.850
  20      X       83.125    416.750     93.125    421.750
  21      X       95.425    289.850    105.425    294.850
  22      X       95.425    416.750    105.425    421.750
  23      X      107.725    289.850    117.725    294.850
  24      X      107.725    416.750    117.725    421.750
  25      X      120.025    289.850    130.025    294.850
  26      X      120.025    416.750    130.025    421.750
  27      X      132.325    289.850    142.325    294.850
  28      X      132.325    416.750    142.325    421.750
  29      X      144.625    289.850    154.625    294.850
  30      X      144.625    303.950    154.625    308.950
  31      X      144.625    318.050    154.625    323.050
  32      X      144.625    332.150    154.625    337.150
  33      X      144.625    346.250    154.625    351.250
  34      X      144.625    360.350    154.625    365.350
  35      X      144.625    374.450    154.625    379.450
  36      X      144.625    388.550    154.625    393.550
  37      X      144.625    402.650    154.625    407.650
  38      X      144.625    416.750    154.625    421.750
  39      X      194.575    411.350    204.575    416.350
  40      X      194.575    421.650    204.575    426.650
  41      X      256.075    411.350    266.075    416.350
  42      X      256.075    421.650    266.075    426.650

================================================================================
Rule No. 773 : ERC Warning: Gates connected to VSS/GND

Real Error Count : 2; Flat Error Count : 2
================================================================================

--------------------------------------------------------------------------------
Cell Name : 6_CA_Front_Layout layout Potentiostat_cpoly2

                   Cell Errors    Real Errors   Cell Placements     Environments
                             2              2                 1                1
--------------------------------------------------------------------------------
Env.  Env. Placements            X1           Y1          X2           Y2

  1        1                555.900      230.175     579.650      250.175

Shape               Environments Status & Error Marker 

          1           X1         Y1         X2         Y2

   1      X       61.350     19.875     66.350     39.875
   2      X       80.100     19.875     85.100     39.875

================================================================================
Rule No. 1476 : # INFO: C35B4/C35B3 ASSURA DRC DECK (REV9 DATE 26-Apr-2011) Last modified 07-Sept-2016 #

Real Error Count : 1; Flat Error Count : 1
================================================================================

--------------------------------------------------------------------------------
Cell Name : 7_PTAT_Layout2 layout Potentiostat_cpoly2

                   Cell Errors    Real Errors   Cell Placements     Environments
                             1              1                 1                1
--------------------------------------------------------------------------------
Env.  Env. Placements            X1           Y1          X2           Y2

  1        1                 -2.725      163.850    1297.700      471.025

Shape               Environments Status & Error Marker 

          1           X1         Y1         X2         Y2

   1      X       -2.725    163.850   1297.700    471.025

