================================================================================
Rule No. 421 : INFO: hot nwell

Real Error Count : 21; Flat Error Count : 213
================================================================================

--------------------------------------------------------------------------------
Cell Name : cpolyc layout PRIMLIB area="2.31n" c="2p" gwell="N-Well" l="48.4u" perimeter="192.1u" rbottom="Cont" rleft="Cont" rright="Cont" id_=8d84e3685e3786f2 in1=C228229

                   Cell Errors    Real Errors   Cell Placements     Environments
                             1              1                20                1
--------------------------------------------------------------------------------
Env.  Env. Placements            X1           Y1          X2           Y2

  1       20                689.300      217.750     743.200      270.100

Shape               Environments Status & Error Marker 

          1           X1         Y1         X2         Y2

   1      X       -1.350     -1.350     52.550     51.000

--------------------------------------------------------------------------------
Cell Name : pmos4 layout PRIMLIB l="4u" in1=MP2328329

                   Cell Errors    Real Errors   Cell Placements     Environments
                             1              1                24                1
--------------------------------------------------------------------------------
Env.  Env. Placements            X1           Y1          X2           Y2

  1       24                514.825      265.525     522.925      277.925

Shape               Environments Status & Error Marker 

          1           X1         Y1         X2         Y2

   1      X       -1.200     -1.200     11.200      6.900

--------------------------------------------------------------------------------
Cell Name : cpolyc layout PRIMLIB area="3.47n" c="3p" gwell="N-Well" l="59.25u" perimeter="235.5u" rbottom="Cont" rleft="Cont" id_=d867af616155d7ec in1=C0

                   Cell Errors    Real Errors   Cell Placements     Environments
                             1              1                 2                1
--------------------------------------------------------------------------------
Env.  Env. Placements            X1           Y1          X2           Y2

  1        2                230.600      304.400     295.350      367.600

Shape               Environments Status & Error Marker 

          1           X1         Y1         X2         Y2

   1      X       -1.350     -1.350     63.400     61.850

--------------------------------------------------------------------------------
Cell Name : vert10_4 layout PRIMLIB

                   Cell Errors    Real Errors   Cell Placements     Environments
                             1              1                81                1
--------------------------------------------------------------------------------
Env.  Env. Placements            X1           Y1          X2           Y2

  1       81                328.750      268.700     342.550      282.500

Shape               Environments Status & Error Marker 

          1           X1         Y1         X2         Y2

   1      X        1.500      1.500     15.300     15.300

--------------------------------------------------------------------------------
Cell Name : rpolyhc layout PRIMLIB Bends=10 Dummy=TRUE ResShape="90_deg" doubleCont="Horizontal" gwell="N-Well" l="50u" r="100K" w="800n" in1=R9

                   Cell Errors    Real Errors   Cell Placements     Environments
                             1              1                 9                1
--------------------------------------------------------------------------------
Env.  Env. Placements            X1           Y1          X2           Y2

  1        9                425.875      216.075     451.475      231.325

Shape               Environments Status & Error Marker 

          1           X1         Y1         X2         Y2

   1      X       -6.000     -4.650      9.250     20.950

--------------------------------------------------------------------------------
Cell Name : rpolyhc layout PRIMLIB Bends=10 Dummy=TRUE ResShape="90_deg" doubleCont="Horizontal" gwell="N-Well" l="150u" r="100K" w="2u" in1=R26

                   Cell Errors    Real Errors   Cell Placements     Environments
                             1              1                12                1
--------------------------------------------------------------------------------
Env.  Env. Placements            X1           Y1          X2           Y2

  1       12                204.575      211.850     245.575      238.600

Shape               Environments Status & Error Marker 

          1           X1         Y1         X2         Y2

   1      X       -7.750     -5.750     19.000     35.250

--------------------------------------------------------------------------------
Cell Name : pmos4 layout PRIMLIB l="350n" in1=MP628129

                   Cell Errors    Real Errors   Cell Placements     Environments
                             1              1                 8                1
--------------------------------------------------------------------------------
Env.  Env. Placements            X1           Y1          X2           Y2

  1        8                190.925      356.100     195.375      368.500

Shape               Environments Status & Error Marker 

          1           X1         Y1         X2         Y2

   1      X       -1.200     -1.200     11.200      3.250

--------------------------------------------------------------------------------
Cell Name : pmos4 layout PRIMLIB l="2u" in1=MP1281029

                   Cell Errors    Real Errors   Cell Placements     Environments
                             1              1                44                1
--------------------------------------------------------------------------------
Env.  Env. Placements            X1           Y1          X2           Y2

  1       44                 89.475      228.925      95.575      241.325

Shape               Environments Status & Error Marker 

          1           X1         Y1         X2         Y2

   1      X       -1.200     -1.200     11.200      4.900

--------------------------------------------------------------------------------
Cell Name : 6_CA_Front_Layout layout Potentiostat

                   Cell Errors    Real Errors   Cell Placements     Environments
                             3              3                 1                1
--------------------------------------------------------------------------------
Env.  Env. Placements            X1           Y1          X2           Y2

  1        1                501.700      217.200     679.600      304.250

Shape               Environments Status & Error Marker 

          1           X1         Y1         X2         Y2

   1      X        7.150     45.100    110.800     93.900
   2      X       29.625     26.650     57.325     42.050
   3      X      121.050      6.900    185.050     29.300

--------------------------------------------------------------------------------
Cell Name : 7_PTAT_Layout layout Potentiostat

                   Cell Errors    Real Errors   Cell Placements     Environments
                            10             10                 1                1
--------------------------------------------------------------------------------
Env.  Env. Placements            X1           Y1          X2           Y2

  1        1                  1.450      210.300     962.800      444.100

Shape               Environments Status & Error Marker 

          1           X1         Y1         X2         Y2

   1      X        1.450    210.675     24.200    242.475
   2      X       79.825    219.275    195.525    266.725
   3      X      180.775    349.950    213.475    390.800
   4      X      203.025    210.300    317.125    304.400
   5      X      230.600    367.600    295.350    368.400
   6      X      404.725    214.525    472.600    251.375
   7      X      689.300    217.750    853.000    430.150
   8      X      717.375    430.150    731.125    444.100
   9      X      799.100    323.450    853.000    324.450
  10      X      853.000    217.750    962.800    430.150

================================================================================
Rule No. 532 : M3_R_1 Minimum density of MET3 area [%] = 30

Real Error Count : 1; Flat Error Count : 2
================================================================================

--------------------------------------------------------------------------------
Cell Name : 7_PTAT_Layout layout Potentiostat

                   Cell Errors    Real Errors   Cell Placements     Environments
                             2              1                 1                1
--------------------------------------------------------------------------------
Env.  Env. Placements            X1           Y1          X2           Y2

  1        1                 -2.500      179.800     994.050      471.025

Shape               Environments Status & Error Marker 

          1           X1         Y1         X2         Y2

   1      X       -2.500    179.800    994.050    471.025

================================================================================
Rule No. 669 : RPOLYH_G2 Minimum high precision RPOLYH width = 2

Real Error Count : 95; Flat Error Count : 439
================================================================================

--------------------------------------------------------------------------------
Cell Name : rpolyhc layout PRIMLIB Bends=10 Dummy=TRUE ResShape="90_deg" doubleCont="Horizontal" gwell="N-Well" l="50u" r="100K" w="800n" in1=R9

                   Cell Errors    Real Errors   Cell Placements     Environments
                            43             43                 9                1
--------------------------------------------------------------------------------
Env.  Env. Placements            X1           Y1          X2           Y2

  1        9                428.875      219.075     448.475      228.325

Shape               Environments Status & Error Marker 

          1           X1         Y1         X2         Y2

   1      X       -1.450     -0.100      0.250      0.800
   2      X       -1.450     -0.100      2.036      0.800
   3      X       -1.450      0.000      4.050      0.800
   4      X       -0.800     -0.100      0.250      1.702
   5      X       -0.800      1.550      0.000      3.900
   6      X       -0.800      1.550      4.050      2.350
   7      X       -0.800      2.817      0.000      4.933
   8      X       -0.800      3.100      4.050      3.900
   9      X       -0.800      3.617      0.000      5.733
  10      X       -0.800      4.650      0.000      7.000
  11      X       -0.800      4.650      4.050      5.450
  12      X       -0.800      5.917      0.000      8.033
  13      X       -0.800      6.200      4.050      7.000
  14      X       -0.800      6.717      0.000      8.833
  15      X       -0.800      7.750      0.000     10.100
  16      X       -0.800      7.750      4.050      8.550
  17      X       -0.800      9.017      0.000     11.133
  18      X       -0.800      9.300      4.050     10.100
  19      X       -0.800      9.817      0.000     11.933
  20      X       -0.800     10.850      0.000     13.200
  21      X       -0.800     10.850      4.050     11.650
  22      X       -0.800     12.117      0.000     14.233
  23      X       -0.800     12.400      4.050     13.200
  24      X       -0.800     12.917      0.000     15.033
  25      X       -0.800     13.950      0.000     16.300
  26      X       -0.800     13.950      4.050     14.750
  27      X       -0.800     15.500      4.700     16.300
  28      X        1.214     15.500      4.700     16.400
  29      X        3.000     14.598      4.050     16.400
  30      X        3.000     15.500      4.700     16.400
  31      X        3.250      0.000      4.050      2.350
  32      X        3.250      1.267      4.050      3.383
  33      X        3.250      2.067      4.050      4.183
  34      X        3.250      3.100      4.050      5.450
  35      X        3.250      4.367      4.050      6.483
  36      X        3.250      5.167      4.050      7.283
  37      X        3.250      6.200      4.050      8.550
  38      X        3.250      7.467      4.050      9.583
  39      X        3.250      8.267      4.050     10.383
  40      X        3.250      9.300      4.050     11.650
  41      X        3.250     10.567      4.050     12.683
  42      X        3.250     11.367      4.050     13.483
  43      X        3.250     12.400      4.050     14.750

--------------------------------------------------------------------------------
Cell Name : 7_PTAT_Layout layout Potentiostat

                   Cell Errors    Real Errors   Cell Placements     Environments
                            52             52                 1                1
--------------------------------------------------------------------------------
Env.  Env. Placements            X1           Y1          X2           Y2

  1        1                409.275      219.075     726.575      438.825

Shape               Environments Status & Error Marker 

          1           X1         Y1         X2         Y2

   1      X      409.275    219.075    410.175    226.111
   2      X      409.275    219.075    427.052    220.525
   3      X      409.275    222.492    410.075    229.358
   4      X      409.275    227.989    410.175    235.361
   5      X      409.275    231.742    410.075    238.608
   6      X      409.275    237.239    410.175    244.611
   7      X      409.275    240.992    410.075    246.825
   8      X      409.275    246.025    414.308    246.825
   9      X      411.098    245.375    429.352    246.825
  10      X      423.842    219.075    429.908    219.875
  11      X      427.842    219.075    433.908    219.875
  12      X      427.842    246.025    433.908    246.825
  13      X      427.975    222.021    429.675    224.129
  14      X      427.975    223.075    429.775    226.875
  15      X      427.975    231.453    429.775    234.447
  16      X      427.975    232.521    429.675    236.775
  17      X      427.975    240.703    429.775    243.697
  18      X      427.975    241.771    429.675    246.025
  19      X      428.075    219.875    429.675    223.075
  20      X      428.075    222.021    429.775    224.129
  21      X      428.075    229.125    429.775    233.379
  22      X      428.075    238.375    429.775    242.629
  23      X      430.698    219.075    448.952    220.525
  24      X      430.698    245.375    448.952    246.825
  25      X      445.275    227.525    447.675    229.125
  26      X      447.442    246.025    453.508    246.825
  27      X      447.575    220.525    449.375    224.325
  28      X      447.575    223.271    449.275    225.379
  29      X      447.575    231.453    449.375    234.447
  30      X      447.575    232.521    449.275    236.775
  31      X      447.575    240.703    449.375    243.697
  32      X      447.575    241.771    449.275    246.025
  33      X      447.675    223.271    449.375    225.379
  34      X      447.675    224.325    449.275    227.525
  35      X      447.675    229.125    449.375    233.379
  36      X      447.675    238.375    449.375    242.629
  37      X      447.998    219.075    466.252    220.525
  38      X      450.298    245.375    468.075    246.825
  39      X      463.042    219.075    468.075    219.875
  40      X      467.175    221.289    468.075    228.661
  41      X      467.175    230.539    468.075    237.911
  42      X      467.175    239.789    468.075    246.825
  43      X      467.275    219.075    468.075    224.908
  44      X      467.275    227.292    468.075    234.158
  45      X      467.275    236.542    468.075    243.408
  46      X      722.275    435.725    723.975    436.625
  47      X      722.275    435.725    725.761    436.625
  48      X      722.275    435.825    726.575    436.625
  49      X      722.275    437.925    723.975    438.825
  50      X      722.275    437.925    725.761    438.825
  51      X      722.275    437.925    726.575    438.725
  52      X      725.775    435.825    726.575    438.725

================================================================================
Rule No. 772 : ERC Warning: Gates connected to VDD/VCC

Real Error Count : 78; Flat Error Count : 78
================================================================================

--------------------------------------------------------------------------------
Cell Name : 6_CA_Front_Layout layout Potentiostat

                   Cell Errors    Real Errors   Cell Placements     Environments
                            36             36                 1                1
--------------------------------------------------------------------------------
Env.  Env. Placements            X1           Y1          X2           Y2

  1        1                515.875      327.650     661.175      416.450

Shape               Environments Status & Error Marker 

          1           X1         Y1         X2         Y2

   1      X       21.325    117.350     31.325    119.350
   2      X       21.325    129.750     31.325    131.750
   3      X       21.325    142.150     31.325    144.150
   4      X       21.325    154.550     31.325    156.550
   5      X       21.325    166.950     31.325    168.950
   6      X       21.325    179.350     31.325    181.350
   7      X       21.325    191.750     31.325    193.750
   8      X       21.325    204.150     31.325    206.150
   9      X       33.625    117.350     43.625    119.350
  10      X       33.625    204.150     43.625    206.150
  11      X       45.925    117.350     55.925    119.350
  12      X       45.925    204.150     55.925    206.150
  13      X       58.225    117.350     68.225    119.350
  14      X       58.225    204.150     68.225    206.150
  15      X       70.525    117.350     80.525    119.350
  16      X       70.525    204.150     80.525    206.150
  17      X       82.825    117.350     92.825    119.350
  18      X       82.825    204.150     92.825    206.150
  19      X       95.125    117.350    105.125    119.350
  20      X       95.125    204.150    105.125    206.150
  21      X      107.425    117.350    117.425    119.350
  22      X      107.425    204.150    117.425    206.150
  23      X      119.725    117.350    129.725    119.350
  24      X      119.725    204.150    129.725    206.150
  25      X      132.025    117.350    142.025    119.350
  26      X      132.025    204.150    142.025    206.150
  27      X      144.325    117.350    154.325    119.350
  28      X      144.325    204.150    154.325    206.150
  29      X      156.625    117.350    166.625    119.350
  30      X      156.625    129.750    166.625    131.750
  31      X      156.625    142.150    166.625    144.150
  32      X      156.625    154.550    166.625    156.550
  33      X      156.625    166.950    166.625    168.950
  34      X      156.625    179.350    166.625    181.350
  35      X      156.625    191.750    166.625    193.750
  36      X      156.625    204.150    166.625    206.150

--------------------------------------------------------------------------------
Cell Name : 7_PTAT_Layout layout Potentiostat

                   Cell Errors    Real Errors   Cell Placements     Environments
                            42             42                 1                1
--------------------------------------------------------------------------------
Env.  Env. Placements            X1           Y1          X2           Y2

  1        1                 21.625      289.850     661.175      426.650

Shape               Environments Status & Error Marker 

          1           X1         Y1         X2         Y2

   1      X       21.625    289.850     31.625    294.850
   2      X       21.625    303.950     31.625    308.950
   3      X       21.625    318.050     31.625    323.050
   4      X       21.625    332.150     31.625    337.150
   5      X       21.625    346.250     31.625    351.250
   6      X       21.625    360.350     31.625    365.350
   7      X       21.625    374.450     31.625    379.450
   8      X       21.625    388.550     31.625    393.550
   9      X       21.625    402.650     31.625    407.650
  10      X       21.625    416.750     31.625    421.750
  11      X       33.925    289.850     43.925    294.850
  12      X       33.925    416.750     43.925    421.750
  13      X       46.225    289.850     56.225    294.850
  14      X       46.225    416.750     56.225    421.750
  15      X       58.525    289.850     68.525    294.850
  16      X       58.525    416.750     68.525    421.750
  17      X       70.825    289.850     80.825    294.850
  18      X       70.825    416.750     80.825    421.750
  19      X       83.125    289.850     93.125    294.850
  20      X       83.125    416.750     93.125    421.750
  21      X       95.425    289.850    105.425    294.850
  22      X       95.425    416.750    105.425    421.750
  23      X      107.725    289.850    117.725    294.850
  24      X      107.725    416.750    117.725    421.750
  25      X      120.025    289.850    130.025    294.850
  26      X      120.025    416.750    130.025    421.750
  27      X      132.325    289.850    142.325    294.850
  28      X      132.325    416.750    142.325    421.750
  29      X      144.625    289.850    154.625    294.850
  30      X      144.625    303.950    154.625    308.950
  31      X      144.625    318.050    154.625    323.050
  32      X      144.625    332.150    154.625    337.150
  33      X      144.625    346.250    154.625    351.250
  34      X      144.625    360.350    154.625    365.350
  35      X      144.625    374.450    154.625    379.450
  36      X      144.625    388.550    154.625    393.550
  37      X      144.625    402.650    154.625    407.650
  38      X      144.625    416.750    154.625    421.750
  39      X      194.575    411.350    204.575    416.350
  40      X      194.575    421.650    204.575    426.650
  41      X      256.075    411.350    266.075    416.350
  42      X      256.075    421.650    266.075    426.650

================================================================================
Rule No. 773 : ERC Warning: Gates connected to VSS/GND

Real Error Count : 316; Flat Error Count : 316
================================================================================

--------------------------------------------------------------------------------
Cell Name : 6_CA_Front_Layout layout Potentiostat

                   Cell Errors    Real Errors   Cell Placements     Environments
                            34             34                 1                1
--------------------------------------------------------------------------------
Env.  Env. Placements            X1           Y1          X2           Y2

  1        1                525.325      230.175     579.650      252.050

Shape               Environments Status & Error Marker 

          1           X1         Y1         X2         Y2

   1      X       30.775     26.950     31.425     33.550
   2      X       30.775     35.150     31.425     41.750
   3      X       32.425     26.950     33.075     33.550
   4      X       32.425     35.150     33.075     41.750
   5      X       34.075     26.950     34.725     33.550
   6      X       34.075     35.150     34.725     41.750
   7      X       35.725     26.950     36.375     33.550
   8      X       35.725     35.150     36.375     41.750
   9      X       37.375     26.950     38.025     33.550
  10      X       37.375     35.150     38.025     41.750
  11      X       39.025     26.950     39.675     33.550
  12      X       39.025     35.150     39.675     41.750
  13      X       40.675     26.950     41.325     33.550
  14      X       40.675     35.150     41.325     41.750
  15      X       42.325     26.950     42.975     33.550
  16      X       42.325     35.150     42.975     41.750
  17      X       43.975     26.950     44.625     33.550
  18      X       43.975     35.150     44.625     41.750
  19      X       45.625     26.950     46.275     33.550
  20      X       45.625     35.150     46.275     41.750
  21      X       47.275     26.950     47.925     33.550
  22      X       47.275     35.150     47.925     41.750
  23      X       48.925     26.950     49.575     33.550
  24      X       48.925     35.150     49.575     41.750
  25      X       50.575     26.950     51.225     33.550
  26      X       50.575     35.150     51.225     41.750
  27      X       52.225     26.950     52.875     33.550
  28      X       52.225     35.150     52.875     41.750
  29      X       53.875     26.950     54.525     33.550
  30      X       53.875     35.150     54.525     41.750
  31      X       55.525     26.950     56.175     33.550
  32      X       55.525     35.150     56.175     41.750
  33      X       61.350     19.875     66.350     39.875
  34      X       80.100     19.875     85.100     39.875

--------------------------------------------------------------------------------
Cell Name : 7_PTAT_Layout layout Potentiostat

                   Cell Errors    Real Errors   Cell Placements     Environments
                           282            282                 1                1
--------------------------------------------------------------------------------
Env.  Env. Placements            X1           Y1          X2           Y2

  1        1                  2.600      210.975     579.650      439.450

Shape               Environments Status & Error Marker 

          1           X1         Y1         X2         Y2

   1      X        2.600    210.975      3.250    217.575
   2      X        2.600    219.175      3.250    225.775
   3      X        2.600    227.375      3.250    233.975
   4      X        2.600    235.575      3.250    242.175
   5      X        4.250    210.975      4.900    217.575
   6      X        4.250    219.175      4.900    225.775
   7      X        4.250    227.375      4.900    233.975
   8      X        4.250    235.575      4.900    242.175
   9      X        5.900    210.975      6.550    217.575
  10      X        5.900    219.175      6.550    225.775
  11      X        5.900    227.375      6.550    233.975
  12      X        5.900    235.575      6.550    242.175
  13      X        7.550    210.975      8.200    217.575
  14      X        7.550    219.175      8.200    225.775
  15      X        7.550    227.375      8.200    233.975
  16      X        7.550    235.575      8.200    242.175
  17      X        9.200    210.975      9.850    217.575
  18      X        9.200    219.175      9.850    225.775
  19      X        9.200    227.375      9.850    233.975
  20      X        9.200    235.575      9.850    242.175
  21      X       10.850    210.975     11.500    217.575
  22      X       10.850    219.175     11.500    225.775
  23      X       10.850    227.375     11.500    233.975
  24      X       10.850    235.575     11.500    242.175
  25      X       12.500    210.975     13.150    217.575
  26      X       12.500    219.175     13.150    225.775
  27      X       12.500    227.375     13.150    233.975
  28      X       12.500    235.575     13.150    242.175
  29      X       14.150    210.975     14.800    217.575
  30      X       14.150    219.175     14.800    225.775
  31      X       14.150    227.375     14.800    233.975
  32      X       14.150    235.575     14.800    242.175
  33      X       15.800    210.975     16.450    217.575
  34      X       15.800    219.175     16.450    225.775
  35      X       15.800    227.375     16.450    233.975
  36      X       15.800    235.575     16.450    242.175
  37      X       17.450    210.975     18.100    217.575
  38      X       17.450    219.175     18.100    225.775
  39      X       17.450    227.375     18.100    233.975
  40      X       17.450    235.575     18.100    242.175
  41      X       19.100    210.975     19.750    217.575
  42      X       19.100    219.175     19.750    225.775
  43      X       19.100    227.375     19.750    233.975
  44      X       19.100    235.575     19.750    242.175
  45      X       20.750    210.975     21.400    217.575
  46      X       20.750    219.175     21.400    225.775
  47      X       20.750    227.375     21.400    233.975
  48      X       20.750    235.575     21.400    242.175
  49      X       22.400    210.975     23.050    217.575
  50      X       22.400    219.175     23.050    225.775
  51      X       22.400    227.375     23.050    233.975
  52      X       22.400    235.575     23.050    242.175
  53      X      231.750    377.200    238.350    377.850
  54      X      231.750    378.850    238.350    379.500
  55      X      231.750    380.500    238.350    381.150
  56      X      231.750    382.150    238.350    382.800
  57      X      231.750    383.800    238.350    384.450
  58      X      231.750    385.450    238.350    386.100
  59      X      231.750    387.100    238.350    387.750
  60      X      231.750    388.750    238.350    389.400
  61      X      231.750    390.400    238.350    391.050
  62      X      239.950    377.200    246.550    377.850
  63      X      239.950    378.850    246.550    379.500
  64      X      239.950    380.500    246.550    381.150
  65      X      239.950    382.150    246.550    382.800
  66      X      239.950    383.800    246.550    384.450
  67      X      239.950    385.450    246.550    386.100
  68      X      239.950    387.100    246.550    387.750
  69      X      239.950    388.750    246.550    389.400
  70      X      239.950    390.400    246.550    391.050
  71      X      248.150    377.200    254.750    377.850
  72      X      248.150    378.850    254.750    379.500
  73      X      248.150    380.500    254.750    381.150
  74      X      248.150    382.150    254.750    382.800
  75      X      248.150    383.800    254.750    384.450
  76      X      248.150    385.450    254.750    386.100
  77      X      248.150    387.100    254.750    387.750
  78      X      248.150    388.750    254.750    389.400
  79      X      248.150    390.400    254.750    391.050
  80      X      256.350    377.200    262.950    377.850
  81      X      256.350    378.850    262.950    379.500
  82      X      256.350    380.500    262.950    381.150
  83      X      256.350    382.150    262.950    382.800
  84      X      256.350    383.800    262.950    384.450
  85      X      256.350    385.450    262.950    386.100
  86      X      256.350    387.100    262.950    387.750
  87      X      256.350    388.750    262.950    389.400
  88      X      256.350    390.400    262.950    391.050
  89      X      264.550    377.200    271.150    377.850
  90      X      264.550    378.850    271.150    379.500
  91      X      264.550    380.500    271.150    381.150
  92      X      264.550    382.150    271.150    382.800
  93      X      264.550    383.800    271.150    384.450
  94      X      264.550    385.450    271.150    386.100
  95      X      264.550    387.100    271.150    387.750
  96      X      264.550    388.750    271.150    389.400
  97      X      264.550    390.400    271.150    391.050
  98      X      272.750    377.200    279.350    377.850
  99      X      272.750    378.850    279.350    379.500
 100      X      272.750    380.500    279.350    381.150
 101      X      272.750    382.150    279.350    382.800
 102      X      272.750    383.800    279.350    384.450
 103      X      272.750    385.450    279.350    386.100
 104      X      272.750    387.100    279.350    387.750
 105      X      272.750    388.750    279.350    389.400
 106      X      272.750    390.400    279.350    391.050
 107      X      294.125    375.450    294.775    382.050
 108      X      294.125    383.650    294.775    390.250
 109      X      294.125    391.850    294.775    398.450
 110      X      294.125    400.050    294.775    406.650
 111      X      294.125    408.250    294.775    414.850
 112      X      294.125    416.450    294.775    423.050
 113      X      294.125    424.650    294.775    431.250
 114      X      294.125    432.850    294.775    439.450
 115      X      295.775    375.450    296.425    382.050
 116      X      295.775    383.650    296.425    390.250
 117      X      295.775    391.850    296.425    398.450
 118      X      295.775    400.050    296.425    406.650
 119      X      295.775    408.250    296.425    414.850
 120      X      295.775    416.450    296.425    423.050
 121      X      295.775    424.650    296.425    431.250
 122      X      295.775    432.850    296.425    439.450
 123      X      297.425    375.450    298.075    382.050
 124      X      297.425    383.650    298.075    390.250
 125      X      297.425    391.850    298.075    398.450
 126      X      297.425    400.050    298.075    406.650
 127      X      297.425    408.250    298.075    414.850
 128      X      297.425    416.450    298.075    423.050
 129      X      297.425    424.650    298.075    431.250
 130      X      297.425    432.850    298.075    439.450
 131      X      299.075    375.450    299.725    382.050
 132      X      299.075    383.650    299.725    390.250
 133      X      299.075    391.850    299.725    398.450
 134      X      299.075    400.050    299.725    406.650
 135      X      299.075    408.250    299.725    414.850
 136      X      299.075    416.450    299.725    423.050
 137      X      299.075    424.650    299.725    431.250
 138      X      299.075    432.850    299.725    439.450
 139      X      300.725    306.150    301.375    312.750
 140      X      300.725    314.350    301.375    320.950
 141      X      300.725    322.550    301.375    329.150
 142      X      300.725    330.750    301.375    337.350
 143      X      300.725    338.950    301.375    345.550
 144      X      300.725    347.150    301.375    353.750
 145      X      300.725    355.350    301.375    361.950
 146      X      300.725    363.550    301.375    370.150
 147      X      300.725    375.450    301.375    382.050
 148      X      300.725    383.650    301.375    390.250
 149      X      300.725    391.850    301.375    398.450
 150      X      300.725    400.050    301.375    406.650
 151      X      300.725    408.250    301.375    414.850
 152      X      300.725    416.450    301.375    423.050
 153      X      300.725    424.650    301.375    431.250
 154      X      300.725    432.850    301.375    439.450
 155      X      302.375    306.150    303.025    312.750
 156      X      302.375    314.350    303.025    320.950
 157      X      302.375    322.550    303.025    329.150
 158      X      302.375    330.750    303.025    337.350
 159      X      302.375    338.950    303.025    345.550
 160      X      302.375    347.150    303.025    353.750
 161      X      302.375    355.350    303.025    361.950
 162      X      302.375    363.550    303.025    370.150
 163      X      302.375    375.450    303.025    382.050
 164      X      302.375    383.650    303.025    390.250
 165      X      302.375    391.850    303.025    398.450
 166      X      302.375    400.050    303.025    406.650
 167      X      302.375    408.250    303.025    414.850
 168      X      302.375    416.450    303.025    423.050
 169      X      302.375    424.650    303.025    431.250
 170      X      302.375    432.850    303.025    439.450
 171      X      304.025    306.150    304.675    312.750
 172      X      304.025    314.350    304.675    320.950
 173      X      304.025    322.550    304.675    329.150
 174      X      304.025    330.750    304.675    337.350
 175      X      304.025    338.950    304.675    345.550
 176      X      304.025    347.150    304.675    353.750
 177      X      304.025    355.350    304.675    361.950
 178      X      304.025    363.550    304.675    370.150
 179      X      304.025    375.450    304.675    382.050
 180      X      304.025    383.650    304.675    390.250
 181      X      304.025    391.850    304.675    398.450
 182      X      304.025    400.050    304.675    406.650
 183      X      304.025    408.250    304.675    414.850
 184      X      304.025    416.450    304.675    423.050
 185      X      304.025    424.650    304.675    431.250
 186      X      304.025    432.850    304.675    439.450
 187      X      305.675    306.150    306.325    312.750
 188      X      305.675    314.350    306.325    320.950
 189      X      305.675    322.550    306.325    329.150
 190      X      305.675    330.750    306.325    337.350
 191      X      305.675    338.950    306.325    345.550
 192      X      305.675    347.150    306.325    353.750
 193      X      305.675    355.350    306.325    361.950
 194      X      305.675    363.550    306.325    370.150
 195      X      305.675    375.450    306.325    382.050
 196      X      305.675    383.650    306.325    390.250
 197      X      305.675    391.850    306.325    398.450
 198      X      305.675    400.050    306.325    406.650
 199      X      305.675    408.250    306.325    414.850
 200      X      305.675    416.450    306.325    423.050
 201      X      305.675    424.650    306.325    431.250
 202      X      305.675    432.850    306.325    439.450
 203      X      307.325    306.150    307.975    312.750
 204      X      307.325    314.350    307.975    320.950
 205      X      307.325    322.550    307.975    329.150
 206      X      307.325    330.750    307.975    337.350
 207      X      307.325    338.950    307.975    345.550
 208      X      307.325    347.150    307.975    353.750
 209      X      307.325    355.350    307.975    361.950
 210      X      307.325    363.550    307.975    370.150
 211      X      307.325    375.450    307.975    382.050
 212      X      307.325    383.650    307.975    390.250
 213      X      307.325    391.850    307.975    398.450
 214      X      307.325    400.050    307.975    406.650
 215      X      307.325    408.250    307.975    414.850
 216      X      307.325    416.450    307.975    423.050
 217      X      307.325    424.650    307.975    431.250
 218      X      307.325    432.850    307.975    439.450
 219      X      308.975    306.150    309.625    312.750
 220      X      308.975    314.350    309.625    320.950
 221      X      308.975    322.550    309.625    329.150
 222      X      308.975    330.750    309.625    337.350
 223      X      308.975    338.950    309.625    345.550
 224      X      308.975    347.150    309.625    353.750
 225      X      308.975    355.350    309.625    361.950
 226      X      308.975    363.550    309.625    370.150
 227      X      308.975    375.450    309.625    382.050
 228      X      308.975    383.650    309.625    390.250
 229      X      308.975    391.850    309.625    398.450
 230      X      308.975    400.050    309.625    406.650
 231      X      308.975    408.250    309.625    414.850
 232      X      308.975    416.450    309.625    423.050
 233      X      308.975    424.650    309.625    431.250
 234      X      308.975    432.850    309.625    439.450
 235      X      310.625    306.150    311.275    312.750
 236      X      310.625    314.350    311.275    320.950
 237      X      310.625    322.550    311.275    329.150
 238      X      310.625    330.750    311.275    337.350
 239      X      310.625    338.950    311.275    345.550
 240      X      310.625    347.150    311.275    353.750
 241      X      310.625    355.350    311.275    361.950
 242      X      310.625    363.550    311.275    370.150
 243      X      310.625    375.450    311.275    382.050
 244      X      310.625    383.650    311.275    390.250
 245      X      310.625    391.850    311.275    398.450
 246      X      310.625    400.050    311.275    406.650
 247      X      310.625    408.250    311.275    414.850
 248      X      310.625    416.450    311.275    423.050
 249      X      310.625    424.650    311.275    431.250
 250      X      310.625    432.850    311.275    439.450
 251      X      312.275    306.150    312.925    312.750
 252      X      312.275    314.350    312.925    320.950
 253      X      312.275    322.550    312.925    329.150
 254      X      312.275    330.750    312.925    337.350
 255      X      312.275    338.950    312.925    345.550
 256      X      312.275    347.150    312.925    353.750
 257      X      312.275    355.350    312.925    361.950
 258      X      312.275    363.550    312.925    370.150
 259      X      312.275    375.450    312.925    382.050
 260      X      312.275    383.650    312.925    390.250
 261      X      312.275    391.850    312.925    398.450
 262      X      312.275    400.050    312.925    406.650
 263      X      312.275    408.250    312.925    414.850
 264      X      312.275    416.450    312.925    423.050
 265      X      312.275    424.650    312.925    431.250
 266      X      312.275    432.850    312.925    439.450
 267      X      313.925    306.150    314.575    312.750
 268      X      313.925    314.350    314.575    320.950
 269      X      313.925    322.550    314.575    329.150
 270      X      313.925    330.750    314.575    337.350
 271      X      313.925    338.950    314.575    345.550
 272      X      313.925    347.150    314.575    353.750
 273      X      313.925    355.350    314.575    361.950
 274      X      313.925    363.550    314.575    370.150
 275      X      313.925    375.450    314.575    382.050
 276      X      313.925    383.650    314.575    390.250
 277      X      313.925    391.850    314.575    398.450
 278      X      313.925    400.050    314.575    406.650
 279      X      313.925    408.250    314.575    414.850
 280      X      313.925    416.450    314.575    423.050
 281      X      313.925    424.650    314.575    431.250
 282      X      313.925    432.850    314.575    439.450

================================================================================
Rule No. 1476 : # INFO: C35B4/C35B3 ASSURA DRC DECK (REV9 DATE 26-Apr-2011) Last modified 07-Sept-2016 #

Real Error Count : 1; Flat Error Count : 1
================================================================================

--------------------------------------------------------------------------------
Cell Name : 7_PTAT_Layout layout Potentiostat

                   Cell Errors    Real Errors   Cell Placements     Environments
                             1              1                 1                1
--------------------------------------------------------------------------------
Env.  Env. Placements            X1           Y1          X2           Y2

  1        1                 -2.500      179.800     994.050      471.025

Shape               Environments Status & Error Marker 

          1           X1         Y1         X2         Y2

   1      X       -2.500    179.800    994.050    471.025

