Starting Single Run, Sweeps and Corners...

Current time: Thu Jun  4 08:49:36 2026 
Best design point: 1
Design specs: 
	TIA_Gain_Linearity	corner	CMOS_VDD_Res_Cap_Temp_0 - 
	rmsNoise(0.001 100000)		311.8u
	TIA_Gain_Linearity	corner	CMOS_VDD_Res_Cap_Temp_1 - 
	rmsNoise(0.001 100000)		343.3u
	TIA_Gain_Linearity	corner	CMOS_VDD_Res_Cap_Temp_2 - 
	rmsNoise(0.001 100000)		289.6u
	TIA_Gain_Linearity	corner	CMOS_VDD_Res_Cap_Temp_3 - 
	rmsNoise(0.001 100000)		311.5u
	TIA_Gain_Linearity	corner	CMOS_VDD_Res_Cap_Temp_4 - 
	rmsNoise(0.001 100000)		287.2u
	TIA_Gain_Linearity	corner	CMOS_VDD_Res_Cap_Temp_5 - 
	rmsNoise(0.001 100000)		315.2u
	TIA_Gain_Linearity	corner	CMOS_VDD_Res_Cap_Temp_6 - 
	rmsNoise(0.001 100000)		253.6u
	TIA_Gain_Linearity	corner	CMOS_VDD_Res_Cap_Temp_7 - 
	rmsNoise(0.001 100000)		266u
	TIA_Gain_Linearity	corner	CMOS_VDD_Res_Cap_Temp_8 - 
	rmsNoise(0.001 100000)		309.3u
	TIA_Gain_Linearity	corner	CMOS_VDD_Res_Cap_Temp_9 - 
	rmsNoise(0.001 100000)		343.4u
	TIA_Gain_Linearity	corner	CMOS_VDD_Res_Cap_Temp_10 - 
	rmsNoise(0.001 100000)		286.9u
	TIA_Gain_Linearity	corner	CMOS_VDD_Res_Cap_Temp_11 - 
	rmsNoise(0.001 100000)		314.1u
	TIA_Gain_Linearity	corner	CMOS_VDD_Res_Cap_Temp_12 - 
	rmsNoise(0.001 100000)		285.5u
	TIA_Gain_Linearity	corner	CMOS_VDD_Res_Cap_Temp_13 - 
	rmsNoise(0.001 100000)		316.6u
	TIA_Gain_Linearity	corner	CMOS_VDD_Res_Cap_Temp_14 - 
	rmsNoise(0.001 100000)		250.7u
	TIA_Gain_Linearity	corner	CMOS_VDD_Res_Cap_Temp_15 - 
	rmsNoise(0.001 100000)		278.5u
	TIA_Gain_Linearity	corner	CMOS_VDD_Res_Cap_Temp_16 - 
	rmsNoise(0.001 100000)		465.4u
	TIA_Gain_Linearity	corner	CMOS_VDD_Res_Cap_Temp_17 - 
	rmsNoise(0.001 100000)		511u
	TIA_Gain_Linearity	corner	CMOS_VDD_Res_Cap_Temp_18 - 
	rmsNoise(0.001 100000)		436.8u
	TIA_Gain_Linearity	corner	CMOS_VDD_Res_Cap_Temp_19 - 
	rmsNoise(0.001 100000)		476.6u
	TIA_Gain_Linearity	corner	CMOS_VDD_Res_Cap_Temp_20 - 
	rmsNoise(0.001 100000)		427u
	TIA_Gain_Linearity	corner	CMOS_VDD_Res_Cap_Temp_21 - 
	rmsNoise(0.001 100000)		460.9u
	TIA_Gain_Linearity	corner	CMOS_VDD_Res_Cap_Temp_22 - 
	rmsNoise(0.001 100000)		400.3u
	TIA_Gain_Linearity	corner	CMOS_VDD_Res_Cap_Temp_23 - 
	rmsNoise(0.001 100000)		394.6u
	TIA_Gain_Linearity	corner	CMOS_VDD_Res_Cap_Temp_24 - 
	rmsNoise(0.001 100000)		459.8u
	TIA_Gain_Linearity	corner	CMOS_VDD_Res_Cap_Temp_25 - 
	rmsNoise(0.001 100000)		511.6u
	TIA_Gain_Linearity	corner	CMOS_VDD_Res_Cap_Temp_26 - 
	rmsNoise(0.001 100000)		431.9u
	TIA_Gain_Linearity	corner	CMOS_VDD_Res_Cap_Temp_27 - 
	rmsNoise(0.001 100000)		476.8u
	TIA_Gain_Linearity	corner	CMOS_VDD_Res_Cap_Temp_28 - 
	rmsNoise(0.001 100000)		423.2u
	TIA_Gain_Linearity	corner	CMOS_VDD_Res_Cap_Temp_29 - 
	rmsNoise(0.001 100000)		466.6u
	TIA_Gain_Linearity	corner	CMOS_VDD_Res_Cap_Temp_30 - 
	rmsNoise(0.001 100000)		396u
	TIA_Gain_Linearity	corner	CMOS_VDD_Res_Cap_Temp_31 - 
	rmsNoise(0.001 100000)		431.7u
	TIA_Gain_Linearity	corner	CMOS_VDD_Res_Cap_Temp_32 - 
	rmsNoise(0.001 100000)		289.2u
	TIA_Gain_Linearity	corner	CMOS_VDD_Res_Cap_Temp_33 - 
	rmsNoise(0.001 100000)		318.1u
	TIA_Gain_Linearity	corner	CMOS_VDD_Res_Cap_Temp_34 - 
	rmsNoise(0.001 100000)		277.1u
	TIA_Gain_Linearity	corner	CMOS_VDD_Res_Cap_Temp_35 - 
	rmsNoise(0.001 100000)		303.4u
	TIA_Gain_Linearity	corner	CMOS_VDD_Res_Cap_Temp_36 - 
	rmsNoise(0.001 100000)		267.6u
	TIA_Gain_Linearity	corner	CMOS_VDD_Res_Cap_Temp_37 - 
	rmsNoise(0.001 100000)		293.3u
	TIA_Gain_Linearity	corner	CMOS_VDD_Res_Cap_Temp_38 - 
	rmsNoise(0.001 100000)		250u
	TIA_Gain_Linearity	corner	CMOS_VDD_Res_Cap_Temp_39 - 
	rmsNoise(0.001 100000)		260.2u
	TIA_Gain_Linearity	corner	CMOS_VDD_Res_Cap_Temp_40 - 
	rmsNoise(0.001 100000)		284.8u
	TIA_Gain_Linearity	corner	CMOS_VDD_Res_Cap_Temp_41 - 
	rmsNoise(0.001 100000)		316.9u
	TIA_Gain_Linearity	corner	CMOS_VDD_Res_Cap_Temp_42 - 
	rmsNoise(0.001 100000)		273.6u
	TIA_Gain_Linearity	corner	CMOS_VDD_Res_Cap_Temp_43 - 
	rmsNoise(0.001 100000)		303.7u
	TIA_Gain_Linearity	corner	CMOS_VDD_Res_Cap_Temp_44 - 
	rmsNoise(0.001 100000)		264.6u
	TIA_Gain_Linearity	corner	CMOS_VDD_Res_Cap_Temp_45 - 
	rmsNoise(0.001 100000)		293.6u
	TIA_Gain_Linearity	corner	CMOS_VDD_Res_Cap_Temp_46 - 
	rmsNoise(0.001 100000)		247.1u
	TIA_Gain_Linearity	corner	CMOS_VDD_Res_Cap_Temp_47 - 
	rmsNoise(0.001 100000)		274.1u
	TIA_Gain_Linearity	corner	CMOS_VDD_Res_Cap_Temp_48 - 
	rmsNoise(0.001 100000)		446.7u
	TIA_Gain_Linearity	corner	CMOS_VDD_Res_Cap_Temp_49 - 
	rmsNoise(0.001 100000)		489.9u
	TIA_Gain_Linearity	corner	CMOS_VDD_Res_Cap_Temp_50 - 
	rmsNoise(0.001 100000)		433.8u
	TIA_Gain_Linearity	corner	CMOS_VDD_Res_Cap_Temp_51 - 
	rmsNoise(0.001 100000)		472.8u
	TIA_Gain_Linearity	corner	CMOS_VDD_Res_Cap_Temp_52 - 
	rmsNoise(0.001 100000)		411.5u
	TIA_Gain_Linearity	corner	CMOS_VDD_Res_Cap_Temp_53 - 
	rmsNoise(0.001 100000)		444.8u
	TIA_Gain_Linearity	corner	CMOS_VDD_Res_Cap_Temp_54 - 
	rmsNoise(0.001 100000)		397.2u
	TIA_Gain_Linearity	corner	CMOS_VDD_Res_Cap_Temp_55 - 
	rmsNoise(0.001 100000)		388.9u
	TIA_Gain_Linearity	corner	CMOS_VDD_Res_Cap_Temp_56 - 
	rmsNoise(0.001 100000)		440.2u
	TIA_Gain_Linearity	corner	CMOS_VDD_Res_Cap_Temp_57 - 
	rmsNoise(0.001 100000)		489.8u
	TIA_Gain_Linearity	corner	CMOS_VDD_Res_Cap_Temp_58 - 
	rmsNoise(0.001 100000)		428.2u
	TIA_Gain_Linearity	corner	CMOS_VDD_Res_Cap_Temp_59 - 
	rmsNoise(0.001 100000)		473.1u
	TIA_Gain_Linearity	corner	CMOS_VDD_Res_Cap_Temp_60 - 
	rmsNoise(0.001 100000)		407.1u
	TIA_Gain_Linearity	corner	CMOS_VDD_Res_Cap_Temp_61 - 
	rmsNoise(0.001 100000)		450.6u
	TIA_Gain_Linearity	corner	CMOS_VDD_Res_Cap_Temp_62 - 
	rmsNoise(0.001 100000)		392.8u
	TIA_Gain_Linearity	corner	CMOS_VDD_Res_Cap_Temp_63 - 
	rmsNoise(0.001 100000)		427.8u
	TIA_Gain_Linearity	corner	Nominal - 
	rmsNoise(0.001 100000)		223.6u
Design parameters: 
	Cdl		10n
	vdd		3.3
	vtran		0
	vref		1.615
	vddpuls		0
	R_ct		500K
	Cdl_CE		10n
	Rct_CE		100K
	Rs_CE		10K
	Rs_WE		10K
	PTAT_EN		0
	Calib_EN		1
	S0		0
	S1		0
	S2		1
	S3		0

Interactive.379
Number of points completed: 1
Number of simulation errors: 0
Interactive.379 completed. 
Current time: Thu Jun  4 08:59:52 2026 
