Starting Single Run, Sweeps and Corners...

Current time: Fri Jun  5 14:52:21 2026 
Best design point: 1
Design specs: 
	Poten	corner	CMOS_Res_Cap_Temp_0 - 
	Bias error		26.15u
	Output noise		Error	No
	CA Loop Error		93.03u
	rmsNoise(0.001 100000)		Error	No
	TIA loop Error		119.2u
	PTAT	corner	CMOS_Res_Cap_Temp_0 - 
	Slope		Error	No
	PSRR		Error	No
	Poten	corner	CMOS_Res_Cap_Temp_1 - 
	Bias error		205.8u
	Output noise		Error	No
	CA Loop Error		251.1u
	rmsNoise(0.001 100000)		Error	No
	TIA loop Error		456.9u
	PTAT	corner	CMOS_Res_Cap_Temp_1 - 
	Slope		Error	No
	PSRR		Error	No
	Poten	corner	CMOS_Res_Cap_Temp_2 - 
	Bias error		26.87u
	Output noise		Error	No
	CA Loop Error		88.02u
	rmsNoise(0.001 100000)		Error	No
	TIA loop Error		114.9u
	PTAT	corner	CMOS_Res_Cap_Temp_2 - 
	Slope		Error	No
	PSRR		Error	No
	Poten	corner	CMOS_Res_Cap_Temp_3 - 
	Bias error		192.1u
	Output noise		Error	No
	CA Loop Error		238u
	rmsNoise(0.001 100000)		Error	No
	TIA loop Error		430u
	PTAT	corner	CMOS_Res_Cap_Temp_3 - 
	Slope		Error	No
	PSRR		Error	No
	Poten	corner	CMOS_Res_Cap_Temp_4 - 
	Bias error		-214.5u
	Output noise		Error	No
	CA Loop Error		92.97u
	rmsNoise(0.001 100000)		Error	No
	TIA loop Error		121.5u
	PTAT	corner	CMOS_Res_Cap_Temp_4 - 
	Slope		Error	No
	PSRR		Error	No
	Poten	corner	CMOS_Res_Cap_Temp_5 - 
	Bias error		26.69u
	Output noise		Error	No
	CA Loop Error		127.5u
	rmsNoise(0.001 100000)		Error	No
	TIA loop Error		154.2u
	PTAT	corner	CMOS_Res_Cap_Temp_5 - 
	Slope		Error	No
	PSRR		Error	No
	Poten	corner	CMOS_Res_Cap_Temp_6 - 
	Bias error		10.49u
	Output noise		Error	No
	CA Loop Error		80.58u
	rmsNoise(0.001 100000)		Error	No
	TIA loop Error		91.07u
	PTAT	corner	CMOS_Res_Cap_Temp_6 - 
	Slope		Error	No
	PSRR		Error	No
	Poten	corner	CMOS_Res_Cap_Temp_7 - 
	Bias error		34.05u
	Output noise		Error	No
	CA Loop Error		125.6u
	rmsNoise(0.001 100000)		Error	No
	TIA loop Error		159.7u
	PTAT	corner	CMOS_Res_Cap_Temp_7 - 
	Slope		Error	No
	PSRR		Error	No
	Poten	corner	CMOS_Res_Cap_Temp_8 - 
	Bias error		8.172u
	Output noise		Error	No
	CA Loop Error		93.02u
	rmsNoise(0.001 100000)		Error	No
	TIA loop Error		101.2u
	PTAT	corner	CMOS_Res_Cap_Temp_8 - 
	Slope		Error	No
	PSRR		Error	No
	Poten	corner	CMOS_Res_Cap_Temp_9 - 
	Bias error		174.5u
	Output noise		Error	No
	CA Loop Error		251.3u
	rmsNoise(0.001 100000)		Error	No
	TIA loop Error		425.9u
	PTAT	corner	CMOS_Res_Cap_Temp_9 - 
	Slope		Error	No
	PSRR		Error	No
	Poten	corner	CMOS_Res_Cap_Temp_10 - 
	Bias error		12.29u
	Output noise		Error	No
	CA Loop Error		86.84u
	rmsNoise(0.001 100000)		Error	No
	TIA loop Error		99.13u
	PTAT	corner	CMOS_Res_Cap_Temp_10 - 
	Slope		Error	No
	PSRR		Error	No
	Poten	corner	CMOS_Res_Cap_Temp_11 - 
	Bias error		164.8u
	Output noise		Error	No
	CA Loop Error		238.1u
	rmsNoise(0.001 100000)		Error	No
	TIA loop Error		402.9u
	PTAT	corner	CMOS_Res_Cap_Temp_11 - 
	Slope		Error	No
	PSRR		Error	No
	Poten	corner	CMOS_Res_Cap_Temp_12 - 
	Bias error		-138.2u
	Output noise		Error	No
	CA Loop Error		91.63u
	rmsNoise(0.001 100000)		Error	No
	TIA loop Error		46.53u
	PTAT	corner	CMOS_Res_Cap_Temp_12 - 
	Slope		Error	No
	PSRR		Error	No
	Poten	corner	CMOS_Res_Cap_Temp_13 - 
	Bias error		-6.388u
	Output noise		Error	No
	CA Loop Error		127.3u
	rmsNoise(0.001 100000)		Error	No
	TIA loop Error		120.9u
	PTAT	corner	CMOS_Res_Cap_Temp_13 - 
	Slope		Error	No
	PSRR		Error	No
	Poten	corner	CMOS_Res_Cap_Temp_14 - 
	Bias error		-8.877u
	Output noise		Error	No
	CA Loop Error		80.41u
	rmsNoise(0.001 100000)		Error	No
	TIA loop Error		71.53u
	PTAT	corner	CMOS_Res_Cap_Temp_14 - 
	Slope		Error	No
	PSRR		Error	No
	Poten	corner	CMOS_Res_Cap_Temp_15 - 
	Bias error		6.454u
	Output noise		Error	No
	CA Loop Error		125.7u
	rmsNoise(0.001 100000)		Error	No
	TIA loop Error		132.1u
	PTAT	corner	CMOS_Res_Cap_Temp_15 - 
	Slope		Error	No
	PSRR		Error	No
	Poten	corner	CMOS_Res_Cap_Temp_16 - 
	Bias error		28.74u
	Output noise		Error	No
	CA Loop Error		90.43u
	rmsNoise(0.001 100000)		Error	No
	TIA loop Error		119.2u
	PTAT	corner	CMOS_Res_Cap_Temp_16 - 
	Slope		Error	No
	PSRR		Error	No
	Poten	corner	CMOS_Res_Cap_Temp_17 - 
	Bias error		206.8u
	Output noise		Error	No
	CA Loop Error		250.9u
	rmsNoise(0.001 100000)		Error	No
	TIA loop Error		457.7u
	PTAT	corner	CMOS_Res_Cap_Temp_17 - 
	Slope		Error	No
	PSRR		Error	No
	Poten	corner	CMOS_Res_Cap_Temp_18 - 
	Bias error		28.03u
	Output noise		Error	No
	CA Loop Error		86.7u
	rmsNoise(0.001 100000)		Error	No
	TIA loop Error		114.7u
	PTAT	corner	CMOS_Res_Cap_Temp_18 - 
	Slope		Error	No
	PSRR		Error	No
	Poten	corner	CMOS_Res_Cap_Temp_19 - 
	Bias error		194.2u
	Output noise		Error	No
	CA Loop Error		237.5u
	rmsNoise(0.001 100000)		Error	No
	TIA loop Error		431.7u
	PTAT	corner	CMOS_Res_Cap_Temp_19 - 
	Slope		Error	No
	PSRR		Error	No
	Poten	corner	CMOS_Res_Cap_Temp_20 - 
	Bias error		-220.2u
	Output noise		Error	No
	CA Loop Error		95.32u
	rmsNoise(0.001 100000)		Error	No
	TIA loop Error		124.9u
	PTAT	corner	CMOS_Res_Cap_Temp_20 - 
	Slope		Error	No
	PSRR		Error	No
	Poten	corner	CMOS_Res_Cap_Temp_21 - 
	Bias error		27.15u
	Output noise		Error	No
	CA Loop Error		127.7u
	rmsNoise(0.001 100000)		Error	No
	TIA loop Error		154.8u
	PTAT	corner	CMOS_Res_Cap_Temp_21 - 
	Slope		Error	No
	PSRR		Error	No
	Poten	corner	CMOS_Res_Cap_Temp_22 - 
	Bias error		11.07u
	Output noise		Error	No
	CA Loop Error		79.86u
	rmsNoise(0.001 100000)		Error	No
	TIA loop Error		90.93u
	PTAT	corner	CMOS_Res_Cap_Temp_22 - 
	Slope		Error	No
	PSRR		Error	No
	Poten	corner	CMOS_Res_Cap_Temp_23 - 
	Bias error		34.05u
	Output noise		Error	No
	CA Loop Error		125.9u
	rmsNoise(0.001 100000)		Error	No
	TIA loop Error		160u
	PTAT	corner	CMOS_Res_Cap_Temp_23 - 
	Slope		Error	No
	PSRR		Error	No
	Poten	corner	CMOS_Res_Cap_Temp_24 - 
	Bias error		9.329u
	Output noise		Error	No
	CA Loop Error		93.01u
	rmsNoise(0.001 100000)		Error	No
	TIA loop Error		102.3u
	PTAT	corner	CMOS_Res_Cap_Temp_24 - 
	Slope		Error	No
	PSRR		Error	No
	Poten	corner	CMOS_Res_Cap_Temp_25 - 
	Bias error		176.2u
	Output noise		Error	No
	CA Loop Error		250.3u
	rmsNoise(0.001 100000)		Error	No
	TIA loop Error		426.5u
	PTAT	corner	CMOS_Res_Cap_Temp_25 - 
	Slope		Error	No
	PSRR		Error	No
	Poten	corner	CMOS_Res_Cap_Temp_26 - 
	Bias error		13.22u
	Output noise		Error	No
	CA Loop Error		86u
	rmsNoise(0.001 100000)		Error	No
	TIA loop Error		99.21u
	PTAT	corner	CMOS_Res_Cap_Temp_26 - 
	Slope		Error	No
	PSRR		Error	No
	Poten	corner	CMOS_Res_Cap_Temp_27 - 
	Bias error		164.7u
	Output noise		Error	No
	CA Loop Error		238.1u
	rmsNoise(0.001 100000)		Error	No
	TIA loop Error		402.8u
	PTAT	corner	CMOS_Res_Cap_Temp_27 - 
	Slope		Error	No
	PSRR		Error	No
	Poten	corner	CMOS_Res_Cap_Temp_28 - 
	Bias error		-15.36m
	Output noise		Error	No
	CA Loop Error		93.11u
	rmsNoise(0.001 100000)		Error	No
	TIA loop Error		15.27m
	PTAT	corner	CMOS_Res_Cap_Temp_28 - 
	Slope		Error	No
	PSRR		Error	No
	Poten	corner	CMOS_Res_Cap_Temp_29 - 
	Bias error		-7.216u
	Output noise		Error	No
	CA Loop Error		127.6u
	rmsNoise(0.001 100000)		Error	No
	TIA loop Error		120.3u
	PTAT	corner	CMOS_Res_Cap_Temp_29 - 
	Slope		Error	No
	PSRR		Error	No
	Poten	corner	CMOS_Res_Cap_Temp_30 - 
	Bias error		-7.637u
	Output noise		Error	No
	CA Loop Error		79.85u
	rmsNoise(0.001 100000)		Error	No
	TIA loop Error		72.22u
	PTAT	corner	CMOS_Res_Cap_Temp_30 - 
	Slope		Error	No
	PSRR		Error	No
	Poten	corner	CMOS_Res_Cap_Temp_31 - 
	Bias error		6.765u
	Output noise		Error	No
	CA Loop Error		125.4u
	rmsNoise(0.001 100000)		Error	No
	TIA loop Error		132.2u
	PTAT	corner	CMOS_Res_Cap_Temp_31 - 
	Slope		Error	No
	PSRR		Error	No
	Poten	corner	Nominal - 
	Bias error		17.88u
	Output noise		Error	No
	CA Loop Error		102.6u
	rmsNoise(0.001 100000)		Error	No
	TIA loop Error		120.4u
	PTAT	corner	Nominal - 
	Slope		Error	No
	PSRR		Error	No
Design parameters: 
	Cdl		10n
	vdd		0
	vtran		0
	vref		1.615
	vddpuls		3.3
	R_ct		500K
	Cdl_CE		10n
	Rct_CE		100K
	Rs_CE		10K
	Rs_WE		10K
	PTAT_EN		0
	Calib_EN		1
	S0		0
	S1		0
	S2		1
	S3		0

Interactive.387
Number of points completed: 1
Number of simulation errors: 0
Interactive.387 completed. 
Current time: Fri Jun  5 15:03:21 2026 
