Starting Single Run, Sweeps and Corners...

Current time: Tue Jun  2 17:38:50 2026 
Best design point: 1
Design specs: 
	Poten	corner	CMOS_VDD_Res_Cap_Temp_0 - 
	Bias error		23.69u
	CA Loop Error		92.53u
	rmsNoise(0.001 100000)		317.1u
	TIA loop Error		116.2u
	TIA_Gain_Linearity	corner	CMOS_VDD_Res_Cap_Temp_0 - 
	rmsNoise(0.001 100000)		317.1u
	PTAT	corner	CMOS_VDD_Res_Cap_Temp_0 - 
	Poten	corner	CMOS_VDD_Res_Cap_Temp_1 - 
	Bias error		205.7u
	CA Loop Error		250.9u
	rmsNoise(0.001 100000)		348.7u
	TIA loop Error		456.6u
	TIA_Gain_Linearity	corner	CMOS_VDD_Res_Cap_Temp_1 - 
	rmsNoise(0.001 100000)		348.7u
	PTAT	corner	CMOS_VDD_Res_Cap_Temp_1 - 
	Poten	corner	CMOS_VDD_Res_Cap_Temp_2 - 
	Bias error		27.03u
	CA Loop Error		92.98u
	rmsNoise(0.001 100000)		291.8u
	TIA loop Error		120u
	TIA_Gain_Linearity	corner	CMOS_VDD_Res_Cap_Temp_2 - 
	rmsNoise(0.001 100000)		291.8u
	PTAT	corner	CMOS_VDD_Res_Cap_Temp_2 - 
	Poten	corner	CMOS_VDD_Res_Cap_Temp_3 - 
	Bias error		204.9u
	CA Loop Error		251.4u
	rmsNoise(0.001 100000)		312.6u
	TIA loop Error		456.3u
	TIA_Gain_Linearity	corner	CMOS_VDD_Res_Cap_Temp_3 - 
	rmsNoise(0.001 100000)		312.6u
	PTAT	corner	CMOS_VDD_Res_Cap_Temp_3 - 
	Poten	corner	CMOS_VDD_Res_Cap_Temp_4 - 
	Bias error		25.56u
	CA Loop Error		87.78u
	rmsNoise(0.001 100000)		291.8u
	TIA loop Error		113.3u
	TIA_Gain_Linearity	corner	CMOS_VDD_Res_Cap_Temp_4 - 
	rmsNoise(0.001 100000)		291.8u
	PTAT	corner	CMOS_VDD_Res_Cap_Temp_4 - 
	Poten	corner	CMOS_VDD_Res_Cap_Temp_5 - 
	Bias error		192.1u
	CA Loop Error		237.8u
	rmsNoise(0.001 100000)		319.3u
	TIA loop Error		429.9u
	TIA_Gain_Linearity	corner	CMOS_VDD_Res_Cap_Temp_5 - 
	rmsNoise(0.001 100000)		319.3u
	PTAT	corner	CMOS_VDD_Res_Cap_Temp_5 - 
	Poten	corner	CMOS_VDD_Res_Cap_Temp_6 - 
	Bias error		28.22u
	CA Loop Error		87.15u
	rmsNoise(0.001 100000)		254.1u
	TIA loop Error		115.4u
	TIA_Gain_Linearity	corner	CMOS_VDD_Res_Cap_Temp_6 - 
	rmsNoise(0.001 100000)		254.1u
	PTAT	corner	CMOS_VDD_Res_Cap_Temp_6 - 
	Poten	corner	CMOS_VDD_Res_Cap_Temp_7 - 
	Bias error		193u
	CA Loop Error		238.1u
	rmsNoise(0.001 100000)		266.2u
	TIA loop Error		431.1u
	TIA_Gain_Linearity	corner	CMOS_VDD_Res_Cap_Temp_7 - 
	rmsNoise(0.001 100000)		266.2u
	PTAT	corner	CMOS_VDD_Res_Cap_Temp_7 - 
	Poten	corner	CMOS_VDD_Res_Cap_Temp_8 - 
	Bias error		-14.29u
	CA Loop Error		83.52u
	rmsNoise(0.001 100000)		316.3u
	TIA loop Error		69.23u
	TIA_Gain_Linearity	corner	CMOS_VDD_Res_Cap_Temp_8 - 
	rmsNoise(0.001 100000)		316.3u
	PTAT	corner	CMOS_VDD_Res_Cap_Temp_8 - 
	Poten	corner	CMOS_VDD_Res_Cap_Temp_9 - 
	Bias error		19.28u
	CA Loop Error		127.6u
	rmsNoise(0.001 100000)		350.2u
	TIA loop Error		146.8u
	TIA_Gain_Linearity	corner	CMOS_VDD_Res_Cap_Temp_9 - 
	rmsNoise(0.001 100000)		350.2u
	PTAT	corner	CMOS_VDD_Res_Cap_Temp_9 - 
	Poten	corner	CMOS_VDD_Res_Cap_Temp_10 - 
	Bias error		8.277u
	CA Loop Error		83.13u
	rmsNoise(0.001 100000)		289.4u
	TIA loop Error		91.41u
	TIA_Gain_Linearity	corner	CMOS_VDD_Res_Cap_Temp_10 - 
	rmsNoise(0.001 100000)		289.4u
	PTAT	corner	CMOS_VDD_Res_Cap_Temp_10 - 
	Poten	corner	CMOS_VDD_Res_Cap_Temp_11 - 
	Bias error		29.78u
	CA Loop Error		127.7u
	rmsNoise(0.001 100000)		315.5u
	TIA loop Error		157.5u
	TIA_Gain_Linearity	corner	CMOS_VDD_Res_Cap_Temp_11 - 
	rmsNoise(0.001 100000)		315.5u
	PTAT	corner	CMOS_VDD_Res_Cap_Temp_11 - 
	Poten	corner	CMOS_VDD_Res_Cap_Temp_12 - 
	Bias error		5.485u
	CA Loop Error		80.57u
	rmsNoise(0.001 100000)		291.1u
	TIA loop Error		86.05u
	TIA_Gain_Linearity	corner	CMOS_VDD_Res_Cap_Temp_12 - 
	rmsNoise(0.001 100000)		291.1u
	PTAT	corner	CMOS_VDD_Res_Cap_Temp_12 - 
	Poten	corner	CMOS_VDD_Res_Cap_Temp_13 - 
	Bias error		32.38u
	CA Loop Error		125u
	rmsNoise(0.001 100000)		321.5u
	TIA loop Error		157.4u
	TIA_Gain_Linearity	corner	CMOS_VDD_Res_Cap_Temp_13 - 
	rmsNoise(0.001 100000)		321.5u
	PTAT	corner	CMOS_VDD_Res_Cap_Temp_13 - 
	Poten	corner	CMOS_VDD_Res_Cap_Temp_14 - 
	Bias error		12.63u
	CA Loop Error		80.37u
	rmsNoise(0.001 100000)		251.2u
	TIA loop Error		93.01u
	TIA_Gain_Linearity	corner	CMOS_VDD_Res_Cap_Temp_14 - 
	rmsNoise(0.001 100000)		251.2u
	PTAT	corner	CMOS_VDD_Res_Cap_Temp_14 - 
	Poten	corner	CMOS_VDD_Res_Cap_Temp_15 - 
	Bias error		34.8u
	CA Loop Error		126u
	rmsNoise(0.001 100000)		279u
	TIA loop Error		160.8u
	TIA_Gain_Linearity	corner	CMOS_VDD_Res_Cap_Temp_15 - 
	rmsNoise(0.001 100000)		279u
	PTAT	corner	CMOS_VDD_Res_Cap_Temp_15 - 
	Poten	corner	CMOS_VDD_Res_Cap_Temp_16 - 
	Bias error		5.653u
	CA Loop Error		91.63u
	rmsNoise(0.001 100000)		472u
	TIA loop Error		97.28u
	TIA_Gain_Linearity	corner	CMOS_VDD_Res_Cap_Temp_16 - 
	rmsNoise(0.001 100000)		472u
	PTAT	corner	CMOS_VDD_Res_Cap_Temp_16 - 
	Poten	corner	CMOS_VDD_Res_Cap_Temp_17 - 
	Bias error		171.2u
	CA Loop Error		251.2u
	rmsNoise(0.001 100000)		517.1u
	TIA loop Error		422.4u
	TIA_Gain_Linearity	corner	CMOS_VDD_Res_Cap_Temp_17 - 
	rmsNoise(0.001 100000)		517u
	PTAT	corner	CMOS_VDD_Res_Cap_Temp_17 - 
	Poten	corner	CMOS_VDD_Res_Cap_Temp_18 - 
	Bias error		11.93u
	CA Loop Error		91.98u
	rmsNoise(0.001 100000)		437.4u
	TIA loop Error		103.9u
	TIA_Gain_Linearity	corner	CMOS_VDD_Res_Cap_Temp_18 - 
	rmsNoise(0.001 100000)		437.4u
	PTAT	corner	CMOS_VDD_Res_Cap_Temp_18 - 
	Poten	corner	CMOS_VDD_Res_Cap_Temp_19 - 
	Bias error		175.9u
	CA Loop Error		251.6u
	rmsNoise(0.001 100000)		477u
	TIA loop Error		427.5u
	TIA_Gain_Linearity	corner	CMOS_VDD_Res_Cap_Temp_19 - 
	rmsNoise(0.001 100000)		477u
	PTAT	corner	CMOS_VDD_Res_Cap_Temp_19 - 
	Poten	corner	CMOS_VDD_Res_Cap_Temp_20 - 
	Bias error		9.776u
	CA Loop Error		87.37u
	rmsNoise(0.001 100000)		431.4u
	TIA loop Error		97.14u
	TIA_Gain_Linearity	corner	CMOS_VDD_Res_Cap_Temp_20 - 
	rmsNoise(0.001 100000)		431.4u
	PTAT	corner	CMOS_VDD_Res_Cap_Temp_20 - 
	Poten	corner	CMOS_VDD_Res_Cap_Temp_21 - 
	Bias error		163.7u
	CA Loop Error		237.9u
	rmsNoise(0.001 100000)		464.2u
	TIA loop Error		401.6u
	TIA_Gain_Linearity	corner	CMOS_VDD_Res_Cap_Temp_21 - 
	rmsNoise(0.001 100000)		464.2u
	PTAT	corner	CMOS_VDD_Res_Cap_Temp_21 - 
	Poten	corner	CMOS_VDD_Res_Cap_Temp_22 - 
	Bias error		10.12u
	CA Loop Error		87.47u
	rmsNoise(0.001 100000)		400.7u
	TIA loop Error		97.59u
	TIA_Gain_Linearity	corner	CMOS_VDD_Res_Cap_Temp_22 - 
	rmsNoise(0.001 100000)		400.7u
	PTAT	corner	CMOS_VDD_Res_Cap_Temp_22 - 
	Poten	corner	CMOS_VDD_Res_Cap_Temp_23 - 
	Bias error		165.1u
	CA Loop Error		238.4u
	rmsNoise(0.001 100000)		394.7u
	TIA loop Error		403.6u
	TIA_Gain_Linearity	corner	CMOS_VDD_Res_Cap_Temp_23 - 
	rmsNoise(0.001 100000)		394.7u
	PTAT	corner	CMOS_VDD_Res_Cap_Temp_23 - 
	Poten	corner	CMOS_VDD_Res_Cap_Temp_24 - 
	Bias error		-38.59u
	CA Loop Error		82.85u
	rmsNoise(0.001 100000)		467.3u
	TIA loop Error		44.26u
	TIA_Gain_Linearity	corner	CMOS_VDD_Res_Cap_Temp_24 - 
	rmsNoise(0.001 100000)		467.3u
	PTAT	corner	CMOS_VDD_Res_Cap_Temp_24 - 
	Poten	corner	CMOS_VDD_Res_Cap_Temp_25 - 
	Bias error		-20.7u
	CA Loop Error		126.9u
	rmsNoise(0.001 100000)		518.6u
	TIA loop Error		106.2u
	TIA_Gain_Linearity	corner	CMOS_VDD_Res_Cap_Temp_25 - 
	rmsNoise(0.001 100000)		518.5u
	PTAT	corner	CMOS_VDD_Res_Cap_Temp_25 - 
	Poten	corner	CMOS_VDD_Res_Cap_Temp_26 - 
	Bias error		-8.917u
	CA Loop Error		82.17u
	rmsNoise(0.001 100000)		432.6u
	TIA loop Error		73.25u
	TIA_Gain_Linearity	corner	CMOS_VDD_Res_Cap_Temp_26 - 
	rmsNoise(0.001 100000)		432.6u
	PTAT	corner	CMOS_VDD_Res_Cap_Temp_26 - 
	Poten	corner	CMOS_VDD_Res_Cap_Temp_27 - 
	Bias error		-500.6n
	CA Loop Error		127.8u
	rmsNoise(0.001 100000)		477.3u
	TIA loop Error		127.3u
	TIA_Gain_Linearity	corner	CMOS_VDD_Res_Cap_Temp_27 - 
	rmsNoise(0.001 100000)		477.3u
	PTAT	corner	CMOS_VDD_Res_Cap_Temp_27 - 
	Poten	corner	CMOS_VDD_Res_Cap_Temp_28 - 
	Bias error		-14.23u
	CA Loop Error		80.33u
	rmsNoise(0.001 100000)		428.2u
	TIA loop Error		66.11u
	TIA_Gain_Linearity	corner	CMOS_VDD_Res_Cap_Temp_28 - 
	rmsNoise(0.001 100000)		428.2u
	PTAT	corner	CMOS_VDD_Res_Cap_Temp_28 - 
	Poten	corner	CMOS_VDD_Res_Cap_Temp_29 - 
	Bias error		1.629u
	CA Loop Error		125.2u
	rmsNoise(0.001 100000)		470.3u
	TIA loop Error		126.8u
	TIA_Gain_Linearity	corner	CMOS_VDD_Res_Cap_Temp_29 - 
	rmsNoise(0.001 100000)		470.3u
	PTAT	corner	CMOS_VDD_Res_Cap_Temp_29 - 
	Poten	corner	CMOS_VDD_Res_Cap_Temp_30 - 
	Bias error		-5.632u
	CA Loop Error		80.31u
	rmsNoise(0.001 100000)		396.4u
	TIA loop Error		74.67u
	TIA_Gain_Linearity	corner	CMOS_VDD_Res_Cap_Temp_30 - 
	rmsNoise(0.001 100000)		396.4u
	PTAT	corner	CMOS_VDD_Res_Cap_Temp_30 - 
	Poten	corner	CMOS_VDD_Res_Cap_Temp_31 - 
	Bias error		8.474u
	CA Loop Error		126u
	rmsNoise(0.001 100000)		432u
	TIA loop Error		134.5u
	TIA_Gain_Linearity	corner	CMOS_VDD_Res_Cap_Temp_31 - 
	rmsNoise(0.001 100000)		432u
	PTAT	corner	CMOS_VDD_Res_Cap_Temp_31 - 
	Poten	corner	CMOS_VDD_Res_Cap_Temp_32 - 
	Bias error		24.81u
	CA Loop Error		91.33u
	rmsNoise(0.001 100000)		291.3u
	TIA loop Error		116.1u
	TIA_Gain_Linearity	corner	CMOS_VDD_Res_Cap_Temp_32 - 
	rmsNoise(0.001 100000)		291.3u
	PTAT	corner	CMOS_VDD_Res_Cap_Temp_32 - 
	Poten	corner	CMOS_VDD_Res_Cap_Temp_33 - 
	Bias error		205.8u
	CA Loop Error		250.6u
	rmsNoise(0.001 100000)		320u
	TIA loop Error		456.5u
	TIA_Gain_Linearity	corner	CMOS_VDD_Res_Cap_Temp_33 - 
	rmsNoise(0.001 100000)		320u
	PTAT	corner	CMOS_VDD_Res_Cap_Temp_33 - 
	Poten	corner	CMOS_VDD_Res_Cap_Temp_34 - 
	Bias error		25.76u
	CA Loop Error		91.47u
	rmsNoise(0.001 100000)		277.9u
	TIA loop Error		117.2u
	TIA_Gain_Linearity	corner	CMOS_VDD_Res_Cap_Temp_34 - 
	rmsNoise(0.001 100000)		277.9u
	PTAT	corner	CMOS_VDD_Res_Cap_Temp_34 - 
	Poten	corner	CMOS_VDD_Res_Cap_Temp_35 - 
	Bias error		206.3u
	CA Loop Error		251.1u
	rmsNoise(0.001 100000)		303.9u
	TIA loop Error		457.4u
	TIA_Gain_Linearity	corner	CMOS_VDD_Res_Cap_Temp_35 - 
	rmsNoise(0.001 100000)		303.9u
	PTAT	corner	CMOS_VDD_Res_Cap_Temp_35 - 
	Poten	corner	CMOS_VDD_Res_Cap_Temp_36 - 
	Bias error		25.98u
	CA Loop Error		87.16u
	rmsNoise(0.001 100000)		269.2u
	TIA loop Error		113.1u
	TIA_Gain_Linearity	corner	CMOS_VDD_Res_Cap_Temp_36 - 
	rmsNoise(0.001 100000)		269.2u
	PTAT	corner	CMOS_VDD_Res_Cap_Temp_36 - 
	Poten	corner	CMOS_VDD_Res_Cap_Temp_37 - 
	Bias error		194u
	CA Loop Error		237.4u
	rmsNoise(0.001 100000)		294.7u
	TIA loop Error		431.4u
	TIA_Gain_Linearity	corner	CMOS_VDD_Res_Cap_Temp_37 - 
	rmsNoise(0.001 100000)		294.7u
	PTAT	corner	CMOS_VDD_Res_Cap_Temp_37 - 
	Poten	corner	CMOS_VDD_Res_Cap_Temp_38 - 
	Bias error		27.73u
	CA Loop Error		87.48u
	rmsNoise(0.001 100000)		250.3u
	TIA loop Error		115.2u
	TIA_Gain_Linearity	corner	CMOS_VDD_Res_Cap_Temp_38 - 
	rmsNoise(0.001 100000)		250.3u
	PTAT	corner	CMOS_VDD_Res_Cap_Temp_38 - 
	Poten	corner	CMOS_VDD_Res_Cap_Temp_39 - 
	Bias error		193.1u
	CA Loop Error		237.8u
	rmsNoise(0.001 100000)		260.2u
	TIA loop Error		430.9u
	TIA_Gain_Linearity	corner	CMOS_VDD_Res_Cap_Temp_39 - 
	rmsNoise(0.001 100000)		260.2u
	PTAT	corner	CMOS_VDD_Res_Cap_Temp_39 - 
	Poten	corner	CMOS_VDD_Res_Cap_Temp_40 - 
	Bias error		-13.24u
	CA Loop Error		82.95u
	rmsNoise(0.001 100000)		287.1u
	TIA loop Error		69.71u
	TIA_Gain_Linearity	corner	CMOS_VDD_Res_Cap_Temp_40 - 
	rmsNoise(0.001 100000)		287.1u
	PTAT	corner	CMOS_VDD_Res_Cap_Temp_40 - 
	Poten	corner	CMOS_VDD_Res_Cap_Temp_41 - 
	Bias error		18.9u
	CA Loop Error		126.9u
	rmsNoise(0.001 100000)		318.9u
	TIA loop Error		145.8u
	TIA_Gain_Linearity	corner	CMOS_VDD_Res_Cap_Temp_41 - 
	rmsNoise(0.001 100000)		318.9u
	PTAT	corner	CMOS_VDD_Res_Cap_Temp_41 - 
	Poten	corner	CMOS_VDD_Res_Cap_Temp_42 - 
	Bias error		8.585u
	CA Loop Error		82.53u
	rmsNoise(0.001 100000)		274.4u
	TIA loop Error		91.12u
	TIA_Gain_Linearity	corner	CMOS_VDD_Res_Cap_Temp_42 - 
	rmsNoise(0.001 100000)		274.4u
	PTAT	corner	CMOS_VDD_Res_Cap_Temp_42 - 
	Poten	corner	CMOS_VDD_Res_Cap_Temp_43 - 
	Bias error		29.63u
	CA Loop Error		127.7u
	rmsNoise(0.001 100000)		304.2u
	TIA loop Error		157.4u
	TIA_Gain_Linearity	corner	CMOS_VDD_Res_Cap_Temp_43 - 
	rmsNoise(0.001 100000)		304.2u
	PTAT	corner	CMOS_VDD_Res_Cap_Temp_43 - 
	Poten	corner	CMOS_VDD_Res_Cap_Temp_44 - 
	Bias error		5.75u
	CA Loop Error		80.16u
	rmsNoise(0.001 100000)		266.4u
	TIA loop Error		85.91u
	TIA_Gain_Linearity	corner	CMOS_VDD_Res_Cap_Temp_44 - 
	rmsNoise(0.001 100000)		266.4u
	PTAT	corner	CMOS_VDD_Res_Cap_Temp_44 - 
	Poten	corner	CMOS_VDD_Res_Cap_Temp_45 - 
	Bias error		32.16u
	CA Loop Error		125.6u
	rmsNoise(0.001 100000)		295u
	TIA loop Error		157.8u
	TIA_Gain_Linearity	corner	CMOS_VDD_Res_Cap_Temp_45 - 
	rmsNoise(0.001 100000)		295u
	PTAT	corner	CMOS_VDD_Res_Cap_Temp_45 - 
	Poten	corner	CMOS_VDD_Res_Cap_Temp_46 - 
	Bias error		12.48u
	CA Loop Error		80.34u
	rmsNoise(0.001 100000)		247.4u
	TIA loop Error		92.83u
	TIA_Gain_Linearity	corner	CMOS_VDD_Res_Cap_Temp_46 - 
	rmsNoise(0.001 100000)		247.4u
	PTAT	corner	CMOS_VDD_Res_Cap_Temp_46 - 
	Poten	corner	CMOS_VDD_Res_Cap_Temp_47 - 
	Bias error		34.66u
	CA Loop Error		126u
	rmsNoise(0.001 100000)		274.3u
	TIA loop Error		160.7u
	TIA_Gain_Linearity	corner	CMOS_VDD_Res_Cap_Temp_47 - 
	rmsNoise(0.001 100000)		274.4u
	PTAT	corner	CMOS_VDD_Res_Cap_Temp_47 - 
	Poten	corner	CMOS_VDD_Res_Cap_Temp_48 - 
	Bias error		2.894u
	CA Loop Error		91.92u
	rmsNoise(0.001 100000)		448.2u
	TIA loop Error		94.81u
	TIA_Gain_Linearity	corner	CMOS_VDD_Res_Cap_Temp_48 - 
	rmsNoise(0.001 100000)		448.2u
	PTAT	corner	CMOS_VDD_Res_Cap_Temp_48 - 
	Poten	corner	CMOS_VDD_Res_Cap_Temp_49 - 
	Bias error		172.1u
	CA Loop Error		250.6u
	rmsNoise(0.001 100000)		491.3u
	TIA loop Error		422.7u
	TIA_Gain_Linearity	corner	CMOS_VDD_Res_Cap_Temp_49 - 
	rmsNoise(0.001 100000)		491.3u
	PTAT	corner	CMOS_VDD_Res_Cap_Temp_49 - 
	Poten	corner	CMOS_VDD_Res_Cap_Temp_50 - 
	Bias error		12.37u
	CA Loop Error		91.42u
	rmsNoise(0.001 100000)		434.2u
	TIA loop Error		103.8u
	TIA_Gain_Linearity	corner	CMOS_VDD_Res_Cap_Temp_50 - 
	rmsNoise(0.001 100000)		434.2u
	PTAT	corner	CMOS_VDD_Res_Cap_Temp_50 - 
	Poten	corner	CMOS_VDD_Res_Cap_Temp_51 - 
	Bias error		176.1u
	CA Loop Error		250.8u
	rmsNoise(0.001 100000)		473.1u
	TIA loop Error		426.9u
	TIA_Gain_Linearity	corner	CMOS_VDD_Res_Cap_Temp_51 - 
	rmsNoise(0.001 100000)		473.1u
	PTAT	corner	CMOS_VDD_Res_Cap_Temp_51 - 
	Poten	corner	CMOS_VDD_Res_Cap_Temp_52 - 
	Bias error		11.39u
	CA Loop Error		85.73u
	rmsNoise(0.001 100000)		412.7u
	TIA loop Error		97.12u
	TIA_Gain_Linearity	corner	CMOS_VDD_Res_Cap_Temp_52 - 
	rmsNoise(0.001 100000)		412.7u
	PTAT	corner	CMOS_VDD_Res_Cap_Temp_52 - 
	Poten	corner	CMOS_VDD_Res_Cap_Temp_53 - 
	Bias error		164.1u
	CA Loop Error		237.7u
	rmsNoise(0.001 100000)		445.7u
	TIA loop Error		401.8u
	TIA_Gain_Linearity	corner	CMOS_VDD_Res_Cap_Temp_53 - 
	rmsNoise(0.001 100000)		445.7u
	PTAT	corner	CMOS_VDD_Res_Cap_Temp_53 - 
	Poten	corner	CMOS_VDD_Res_Cap_Temp_54 - 
	Bias error		11.57u
	CA Loop Error		88.38u
	rmsNoise(0.001 100000)		397.5u
	TIA loop Error		99.95u
	TIA_Gain_Linearity	corner	CMOS_VDD_Res_Cap_Temp_54 - 
	rmsNoise(0.001 100000)		397.5u
	PTAT	corner	CMOS_VDD_Res_Cap_Temp_54 - 
	Poten	corner	CMOS_VDD_Res_Cap_Temp_55 - 
	Bias error		166.1u
	CA Loop Error		238u
	rmsNoise(0.001 100000)		388.9u
	TIA loop Error		404.1u
	TIA_Gain_Linearity	corner	CMOS_VDD_Res_Cap_Temp_55 - 
	rmsNoise(0.001 100000)		388.9u
	PTAT	corner	CMOS_VDD_Res_Cap_Temp_55 - 
	Poten	corner	CMOS_VDD_Res_Cap_Temp_56 - 
	Bias error		-40.67u
	CA Loop Error		82.71u
	rmsNoise(0.001 100000)		441.9u
	TIA loop Error		42.04u
	TIA_Gain_Linearity	corner	CMOS_VDD_Res_Cap_Temp_56 - 
	rmsNoise(0.001 100000)		441.8u
	PTAT	corner	CMOS_VDD_Res_Cap_Temp_56 - 
	Poten	corner	CMOS_VDD_Res_Cap_Temp_57 - 
	Bias error		-22.36u
	CA Loop Error		126.8u
	rmsNoise(0.001 100000)		491.3u
	TIA loop Error		104.4u
	TIA_Gain_Linearity	corner	CMOS_VDD_Res_Cap_Temp_57 - 
	rmsNoise(0.001 100000)		491.3u
	PTAT	corner	CMOS_VDD_Res_Cap_Temp_57 - 
	Poten	corner	CMOS_VDD_Res_Cap_Temp_58 - 
	Bias error		-11.44u
	CA Loop Error		82.43u
	rmsNoise(0.001 100000)		428.6u
	TIA loop Error		70.99u
	TIA_Gain_Linearity	corner	CMOS_VDD_Res_Cap_Temp_58 - 
	rmsNoise(0.001 100000)		428.6u
	PTAT	corner	CMOS_VDD_Res_Cap_Temp_58 - 
	Poten	corner	CMOS_VDD_Res_Cap_Temp_59 - 
	Bias error		-412.6n
	CA Loop Error		127.5u
	rmsNoise(0.001 100000)		473.3u
	TIA loop Error		127.1u
	TIA_Gain_Linearity	corner	CMOS_VDD_Res_Cap_Temp_59 - 
	rmsNoise(0.001 100000)		473.3u
	PTAT	corner	CMOS_VDD_Res_Cap_Temp_59 - 
	Poten	corner	CMOS_VDD_Res_Cap_Temp_60 - 
	Bias error		-15u
	CA Loop Error		79.52u
	rmsNoise(0.001 100000)		408.4u
	TIA loop Error		64.52u
	TIA_Gain_Linearity	corner	CMOS_VDD_Res_Cap_Temp_60 - 
	rmsNoise(0.001 100000)		408.4u
	PTAT	corner	CMOS_VDD_Res_Cap_Temp_60 - 
	Poten	corner	CMOS_VDD_Res_Cap_Temp_61 - 
	Bias error		1.306u
	CA Loop Error		125u
	rmsNoise(0.001 100000)		451.6u
	TIA loop Error		126.3u
	TIA_Gain_Linearity	corner	CMOS_VDD_Res_Cap_Temp_61 - 
	rmsNoise(0.001 100000)		451.6u
	PTAT	corner	CMOS_VDD_Res_Cap_Temp_61 - 
	Poten	corner	CMOS_VDD_Res_Cap_Temp_62 - 
	Bias error		-3.444u
	CA Loop Error		79.79u
	rmsNoise(0.001 100000)		393.1u
	TIA loop Error		76.35u
	TIA_Gain_Linearity	corner	CMOS_VDD_Res_Cap_Temp_62 - 
	rmsNoise(0.001 100000)		393.1u
	PTAT	corner	CMOS_VDD_Res_Cap_Temp_62 - 
	Poten	corner	CMOS_VDD_Res_Cap_Temp_63 - 
	Bias error		8.545u
	CA Loop Error		125.8u
	rmsNoise(0.001 100000)		428.1u
	TIA loop Error		134.4u
	TIA_Gain_Linearity	corner	CMOS_VDD_Res_Cap_Temp_63 - 
	rmsNoise(0.001 100000)		428.1u
	PTAT	corner	CMOS_VDD_Res_Cap_Temp_63 - 
	Poten	corner	Nominal - 
	Bias error		18.26u
	CA Loop Error		102.2u
	rmsNoise(0.001 100000)		226.3u
	TIA loop Error		120.5u
	TIA_Gain_Linearity	corner	Nominal - 
	rmsNoise(0.001 100000)		226.3u
	PTAT	corner	Nominal - 
Design parameters: 
	Cdl		10n
	vdd		3.3
	vtran		0
	vref		1.615
	vddpuls		0
	R_ct		500K
	Cdl_CE		10n
	Rct_CE		100K
	Rs_CE		10K
	Rs_WE		10K
	PTAT_EN		0
	Calib_EN		1
	S0		0
	S1		0
	S2		1
	S3		0

Interactive.343
Number of points completed: 1
Number of simulation errors: 0
Interactive.343 completed. 
Current time: Tue Jun  2 17:58:53 2026 
