Starting Single Run, Sweeps and Corners...

Current time: Thu Jun  4 07:14:40 2026 
Best design point: 1
Design specs: 
	Poten	corner	CMOS_Temp_Res_Cap_BJT_0 - 
	Bias error		76.28u
	Output noise		Error	No
	CA Loop Error		141.2u
	rmsNoise(0.001 100000)		Error	No
	TIA loop Error		217.5u
	PTAT	corner	CMOS_Temp_Res_Cap_BJT_0 - 
	Slope		Error	No
	PSRR		Error	No
	Poten	corner	CMOS_Temp_Res_Cap_BJT_1 - 
	Bias error		72.88u
	Output noise		Error	No
	CA Loop Error		133.4u
	rmsNoise(0.001 100000)		Error	No
	TIA loop Error		206.3u
	PTAT	corner	CMOS_Temp_Res_Cap_BJT_1 - 
	Slope		Error	No
	PSRR		Error	No
	Poten	corner	CMOS_Temp_Res_Cap_BJT_2 - 
	Bias error		21.72u
	Output noise		Error	No
	CA Loop Error		102.4u
	rmsNoise(0.001 100000)		Error	No
	TIA loop Error		124.2u
	PTAT	corner	CMOS_Temp_Res_Cap_BJT_2 - 
	Slope		Error	No
	PSRR		Error	No
	Poten	corner	CMOS_Temp_Res_Cap_BJT_3 - 
	Bias error		26.25u
	Output noise		Error	No
	CA Loop Error		100.4u
	rmsNoise(0.001 100000)		Error	No
	TIA loop Error		126.6u
	PTAT	corner	CMOS_Temp_Res_Cap_BJT_3 - 
	Slope		Error	No
	PSRR		Error	No
	Poten	corner	CMOS_Temp_Res_Cap_BJT_4 - 
	Bias error		55.36u
	Output noise		Error	No
	CA Loop Error		140.2u
	rmsNoise(0.001 100000)		Error	No
	TIA loop Error		195.6u
	PTAT	corner	CMOS_Temp_Res_Cap_BJT_4 - 
	Slope		Error	No
	PSRR		Error	No
	Poten	corner	CMOS_Temp_Res_Cap_BJT_5 - 
	Bias error		53.11u
	Output noise		Error	No
	CA Loop Error		133.4u
	rmsNoise(0.001 100000)		Error	No
	TIA loop Error		186.5u
	PTAT	corner	CMOS_Temp_Res_Cap_BJT_5 - 
	Slope		Error	No
	PSRR		Error	No
	Poten	corner	CMOS_Temp_Res_Cap_BJT_6 - 
	Bias error		-4.423u
	Output noise		Error	No
	CA Loop Error		102.3u
	rmsNoise(0.001 100000)		Error	No
	TIA loop Error		97.88u
	PTAT	corner	CMOS_Temp_Res_Cap_BJT_6 - 
	Slope		Error	No
	PSRR		Error	No
	Poten	corner	CMOS_Temp_Res_Cap_BJT_7 - 
	Bias error		5.505u
	Output noise		Error	No
	CA Loop Error		99.92u
	rmsNoise(0.001 100000)		Error	No
	TIA loop Error		105.4u
	PTAT	corner	CMOS_Temp_Res_Cap_BJT_7 - 
	Slope		Error	No
	PSRR		Error	No
	Poten	corner	CMOS_Temp_Res_Cap_BJT_8 - 
	Bias error		77.2u
	Output noise		Error	No
	CA Loop Error		140.5u
	rmsNoise(0.001 100000)		Error	No
	TIA loop Error		217.7u
	PTAT	corner	CMOS_Temp_Res_Cap_BJT_8 - 
	Slope		Error	No
	PSRR		Error	No
	Poten	corner	CMOS_Temp_Res_Cap_BJT_9 - 
	Bias error		73.1u
	Output noise		Error	No
	CA Loop Error		133.1u
	rmsNoise(0.001 100000)		Error	No
	TIA loop Error		206.2u
	PTAT	corner	CMOS_Temp_Res_Cap_BJT_9 - 
	Slope		Error	No
	PSRR		Error	No
	Poten	corner	CMOS_Temp_Res_Cap_BJT_10 - 
	Bias error		22.16u
	Output noise		Error	No
	CA Loop Error		102.6u
	rmsNoise(0.001 100000)		Error	No
	TIA loop Error		124.7u
	PTAT	corner	CMOS_Temp_Res_Cap_BJT_10 - 
	Slope		Error	No
	PSRR		Error	No
	Poten	corner	CMOS_Temp_Res_Cap_BJT_11 - 
	Bias error		26.87u
	Output noise		Error	No
	CA Loop Error		100.4u
	rmsNoise(0.001 100000)		Error	No
	TIA loop Error		127.2u
	PTAT	corner	CMOS_Temp_Res_Cap_BJT_11 - 
	Slope		Error	No
	PSRR		Error	No
	Poten	corner	CMOS_Temp_Res_Cap_BJT_12 - 
	Bias error		54.78u
	Output noise		Error	No
	CA Loop Error		140.7u
	rmsNoise(0.001 100000)		Error	No
	TIA loop Error		195.4u
	PTAT	corner	CMOS_Temp_Res_Cap_BJT_12 - 
	Slope		Error	No
	PSRR		Error	No
	Poten	corner	CMOS_Temp_Res_Cap_BJT_13 - 
	Bias error		53.93u
	Output noise		Error	No
	CA Loop Error		132.8u
	rmsNoise(0.001 100000)		Error	No
	TIA loop Error		186.7u
	PTAT	corner	CMOS_Temp_Res_Cap_BJT_13 - 
	Slope		Error	No
	PSRR		Error	No
	Poten	corner	CMOS_Temp_Res_Cap_BJT_14 - 
	Bias error		-5.047u
	Output noise		Error	No
	CA Loop Error		102.3u
	rmsNoise(0.001 100000)		Error	No
	TIA loop Error		97.21u
	PTAT	corner	CMOS_Temp_Res_Cap_BJT_14 - 
	Slope		Error	No
	PSRR		Error	No
	Poten	corner	CMOS_Temp_Res_Cap_BJT_15 - 
	Bias error		5.585u
	Output noise		Error	No
	CA Loop Error		99.98u
	rmsNoise(0.001 100000)		Error	No
	TIA loop Error		105.6u
	PTAT	corner	CMOS_Temp_Res_Cap_BJT_15 - 
	Slope		Error	No
	PSRR		Error	No
	Poten	corner	CMOS_Temp_Res_Cap_BJT_16 - 
	Bias error		61.86u
	Output noise		Error	No
	CA Loop Error		141.2u
	rmsNoise(0.001 100000)		Error	No
	TIA loop Error		203.1u
	PTAT	corner	CMOS_Temp_Res_Cap_BJT_16 - 
	Slope		Error	No
	PSRR		Error	No
	Poten	corner	CMOS_Temp_Res_Cap_BJT_17 - 
	Bias error		60.48u
	Output noise		Error	No
	CA Loop Error		133.5u
	rmsNoise(0.001 100000)		Error	No
	TIA loop Error		194u
	PTAT	corner	CMOS_Temp_Res_Cap_BJT_17 - 
	Slope		Error	No
	PSRR		Error	No
	Poten	corner	CMOS_Temp_Res_Cap_BJT_18 - 
	Bias error		1.23u
	Output noise		Error	No
	CA Loop Error		102.4u
	rmsNoise(0.001 100000)		Error	No
	TIA loop Error		103.6u
	PTAT	corner	CMOS_Temp_Res_Cap_BJT_18 - 
	Slope		Error	No
	PSRR		Error	No
	Poten	corner	CMOS_Temp_Res_Cap_BJT_19 - 
	Bias error		11.08u
	Output noise		Error	No
	CA Loop Error		100.3u
	rmsNoise(0.001 100000)		Error	No
	TIA loop Error		111.4u
	PTAT	corner	CMOS_Temp_Res_Cap_BJT_19 - 
	Slope		Error	No
	PSRR		Error	No
	Poten	corner	CMOS_Temp_Res_Cap_BJT_20 - 
	Bias error		37.42u
	Output noise		Error	No
	CA Loop Error		141.1u
	rmsNoise(0.001 100000)		Error	No
	TIA loop Error		178.6u
	PTAT	corner	CMOS_Temp_Res_Cap_BJT_20 - 
	Slope		Error	No
	PSRR		Error	No
	Poten	corner	CMOS_Temp_Res_Cap_BJT_21 - 
	Bias error		38.05u
	Output noise		Error	No
	CA Loop Error		133.5u
	rmsNoise(0.001 100000)		Error	No
	TIA loop Error		171.5u
	PTAT	corner	CMOS_Temp_Res_Cap_BJT_21 - 
	Slope		Error	No
	PSRR		Error	No
	Poten	corner	CMOS_Temp_Res_Cap_BJT_22 - 
	Bias error		-26.22u
	Output noise		Error	No
	CA Loop Error		102.2u
	rmsNoise(0.001 100000)		Error	No
	TIA loop Error		76u
	PTAT	corner	CMOS_Temp_Res_Cap_BJT_22 - 
	Slope		Error	No
	PSRR		Error	No
	Poten	corner	CMOS_Temp_Res_Cap_BJT_23 - 
	Bias error		-11.82u
	Output noise		Error	No
	CA Loop Error		99.85u
	rmsNoise(0.001 100000)		Error	No
	TIA loop Error		88.03u
	PTAT	corner	CMOS_Temp_Res_Cap_BJT_23 - 
	Slope		Error	No
	PSRR		Error	No
	Poten	corner	CMOS_Temp_Res_Cap_BJT_24 - 
	Bias error		62.67u
	Output noise		Error	No
	CA Loop Error		140.7u
	rmsNoise(0.001 100000)		Error	No
	TIA loop Error		203.3u
	PTAT	corner	CMOS_Temp_Res_Cap_BJT_24 - 
	Slope		Error	No
	PSRR		Error	No
	Poten	corner	CMOS_Temp_Res_Cap_BJT_25 - 
	Bias error		61.52u
	Output noise		Error	No
	CA Loop Error		132.8u
	rmsNoise(0.001 100000)		Error	No
	TIA loop Error		194.4u
	PTAT	corner	CMOS_Temp_Res_Cap_BJT_25 - 
	Slope		Error	No
	PSRR		Error	No
	Poten	corner	CMOS_Temp_Res_Cap_BJT_26 - 
	Bias error		2.846u
	Output noise		Error	No
	CA Loop Error		102.5u
	rmsNoise(0.001 100000)		Error	No
	TIA loop Error		105.3u
	PTAT	corner	CMOS_Temp_Res_Cap_BJT_26 - 
	Slope		Error	No
	PSRR		Error	No
	Poten	corner	CMOS_Temp_Res_Cap_BJT_27 - 
	Bias error		12.07u
	Output noise		Error	No
	CA Loop Error		100.3u
	rmsNoise(0.001 100000)		Error	No
	TIA loop Error		112.4u
	PTAT	corner	CMOS_Temp_Res_Cap_BJT_27 - 
	Slope		Error	No
	PSRR		Error	No
	Poten	corner	CMOS_Temp_Res_Cap_BJT_28 - 
	Bias error		37.71u
	Output noise		Error	No
	CA Loop Error		140.7u
	rmsNoise(0.001 100000)		Error	No
	TIA loop Error		178.4u
	PTAT	corner	CMOS_Temp_Res_Cap_BJT_28 - 
	Slope		Error	No
	PSRR		Error	No
	Poten	corner	CMOS_Temp_Res_Cap_BJT_29 - 
	Bias error		39.11u
	Output noise		Error	No
	CA Loop Error		132.8u
	rmsNoise(0.001 100000)		Error	No
	TIA loop Error		172u
	PTAT	corner	CMOS_Temp_Res_Cap_BJT_29 - 
	Slope		Error	No
	PSRR		Error	No
	Poten	corner	CMOS_Temp_Res_Cap_BJT_30 - 
	Bias error		-28.65u
	Output noise		Error	No
	CA Loop Error		102.2u
	rmsNoise(0.001 100000)		Error	No
	TIA loop Error		73.51u
	PTAT	corner	CMOS_Temp_Res_Cap_BJT_30 - 
	Slope		Error	No
	PSRR		Error	No
	Poten	corner	CMOS_Temp_Res_Cap_BJT_31 - 
	Bias error		-11.71u
	Output noise		Error	No
	CA Loop Error		99.9u
	rmsNoise(0.001 100000)		Error	No
	TIA loop Error		88.19u
	PTAT	corner	CMOS_Temp_Res_Cap_BJT_31 - 
	Slope		Error	No
	PSRR		Error	No
	Poten	corner	CMOS_Temp_Res_Cap_BJT_32 - 
	Bias error		97.77u
	Output noise		Error	No
	CA Loop Error		141.1u
	rmsNoise(0.001 100000)		Error	No
	TIA loop Error		238.9u
	PTAT	corner	CMOS_Temp_Res_Cap_BJT_32 - 
	Slope		Error	No
	PSRR		Error	No
	Poten	corner	CMOS_Temp_Res_Cap_BJT_33 - 
	Bias error		91.2u
	Output noise		Error	No
	CA Loop Error		133.3u
	rmsNoise(0.001 100000)		Error	No
	TIA loop Error		224.5u
	PTAT	corner	CMOS_Temp_Res_Cap_BJT_33 - 
	Slope		Error	No
	PSRR		Error	No
	Poten	corner	CMOS_Temp_Res_Cap_BJT_34 - 
	Bias error		49.71u
	Output noise		Error	No
	CA Loop Error		102.5u
	rmsNoise(0.001 100000)		Error	No
	TIA loop Error		152.2u
	PTAT	corner	CMOS_Temp_Res_Cap_BJT_34 - 
	Slope		Error	No
	PSRR		Error	No
	Poten	corner	CMOS_Temp_Res_Cap_BJT_35 - 
	Bias error		48.29u
	Output noise		Error	No
	CA Loop Error		100.5u
	rmsNoise(0.001 100000)		Error	No
	TIA loop Error		148.8u
	PTAT	corner	CMOS_Temp_Res_Cap_BJT_35 - 
	Slope		Error	No
	PSRR		Error	No
	Poten	corner	CMOS_Temp_Res_Cap_BJT_36 - 
	Bias error		80.5u
	Output noise		Error	No
	CA Loop Error		140.2u
	rmsNoise(0.001 100000)		Error	No
	TIA loop Error		220.6u
	PTAT	corner	CMOS_Temp_Res_Cap_BJT_36 - 
	Slope		Error	No
	PSRR		Error	No
	Poten	corner	CMOS_Temp_Res_Cap_BJT_37 - 
	Bias error		75.42u
	Output noise		Error	No
	CA Loop Error		133.4u
	rmsNoise(0.001 100000)		Error	No
	TIA loop Error		208.8u
	PTAT	corner	CMOS_Temp_Res_Cap_BJT_37 - 
	Slope		Error	No
	PSRR		Error	No
	Poten	corner	CMOS_Temp_Res_Cap_BJT_38 - 
	Bias error		27.42u
	Output noise		Error	No
	CA Loop Error		102.4u
	rmsNoise(0.001 100000)		Error	No
	TIA loop Error		129.8u
	PTAT	corner	CMOS_Temp_Res_Cap_BJT_38 - 
	Slope		Error	No
	PSRR		Error	No
	Poten	corner	CMOS_Temp_Res_Cap_BJT_39 - 
	Bias error		31.32u
	Output noise		Error	No
	CA Loop Error		100.1u
	rmsNoise(0.001 100000)		Error	No
	TIA loop Error		131.4u
	PTAT	corner	CMOS_Temp_Res_Cap_BJT_39 - 
	Slope		Error	No
	PSRR		Error	No
	Poten	corner	CMOS_Temp_Res_Cap_BJT_40 - 
	Bias error		98.68u
	Output noise		Error	No
	CA Loop Error		140.5u
	rmsNoise(0.001 100000)		Error	No
	TIA loop Error		239.1u
	PTAT	corner	CMOS_Temp_Res_Cap_BJT_40 - 
	Slope		Error	No
	PSRR		Error	No
	Poten	corner	CMOS_Temp_Res_Cap_BJT_41 - 
	Bias error		91.92u
	Output noise		Error	No
	CA Loop Error		132.7u
	rmsNoise(0.001 100000)		Error	No
	TIA loop Error		224.6u
	PTAT	corner	CMOS_Temp_Res_Cap_BJT_41 - 
	Slope		Error	No
	PSRR		Error	No
	Poten	corner	CMOS_Temp_Res_Cap_BJT_42 - 
	Bias error		51.14u
	Output noise		Error	No
	CA Loop Error		102.7u
	rmsNoise(0.001 100000)		Error	No
	TIA loop Error		153.8u
	PTAT	corner	CMOS_Temp_Res_Cap_BJT_42 - 
	Slope		Error	No
	PSRR		Error	No
	Poten	corner	CMOS_Temp_Res_Cap_BJT_43 - 
	Bias error		48.88u
	Output noise		Error	No
	CA Loop Error		100.5u
	rmsNoise(0.001 100000)		Error	No
	TIA loop Error		149.4u
	PTAT	corner	CMOS_Temp_Res_Cap_BJT_43 - 
	Slope		Error	No
	PSRR		Error	No
	Poten	corner	CMOS_Temp_Res_Cap_BJT_44 - 
	Bias error		80.18u
	Output noise		Error	No
	CA Loop Error		140.5u
	rmsNoise(0.001 100000)		Error	No
	TIA loop Error		220.7u
	PTAT	corner	CMOS_Temp_Res_Cap_BJT_44 - 
	Slope		Error	No
	PSRR		Error	No
	Poten	corner	CMOS_Temp_Res_Cap_BJT_45 - 
	Bias error		76.14u
	Output noise		Error	No
	CA Loop Error		132.7u
	rmsNoise(0.001 100000)		Error	No
	TIA loop Error		208.9u
	PTAT	corner	CMOS_Temp_Res_Cap_BJT_45 - 
	Slope		Error	No
	PSRR		Error	No
	Poten	corner	CMOS_Temp_Res_Cap_BJT_46 - 
	Bias error		27.26u
	Output noise		Error	No
	CA Loop Error		102.4u
	rmsNoise(0.001 100000)		Error	No
	TIA loop Error		129.6u
	PTAT	corner	CMOS_Temp_Res_Cap_BJT_46 - 
	Slope		Error	No
	PSRR		Error	No
	Poten	corner	CMOS_Temp_Res_Cap_BJT_47 - 
	Bias error		31.28u
	Output noise		Error	No
	CA Loop Error		100.1u
	rmsNoise(0.001 100000)		Error	No
	TIA loop Error		131.4u
	PTAT	corner	CMOS_Temp_Res_Cap_BJT_47 - 
	Slope		Error	No
	PSRR		Error	No
	Poten	corner	Nominal - 
	Bias error		17.85u
	Output noise		Error	No
	CA Loop Error		102.6u
	rmsNoise(0.001 100000)		Error	No
	TIA loop Error		120.4u
	PTAT	corner	Nominal - 
	Slope		Error	No
	PSRR		Error	No
Design parameters: 
	Cdl		10n
	vdd		0
	vtran		0
	vref		1.615
	vddpuls		3.3
	R_ct		500K
	Cdl_CE		10n
	Rct_CE		100K
	Rs_CE		10K
	Rs_WE		10K
	PTAT_EN		0
	Calib_EN		1
	S0		0
	S1		0
	S2		1
	S3		0

Interactive.376
Number of points completed: 1
Number of simulation errors: 0
Interactive.376 completed. 
Current time: Thu Jun  4 07:30:09 2026 
