Starting Single Run, Sweeps and Corners...

Current time: Sat May 30 18:27:14 2026 
Best design point: 1
Design specs: 
	Poten	corner	CMOS_VDD_Res_Cap_Temp_0 - 
	Bias error		24.06u
	CA Loop Error		91.77u
	rmsNoise(0.001 100000)		311.1u
	TIA loop Error		115.8u
	Poten	corner	CMOS_VDD_Res_Cap_Temp_1 - 
	Bias error		205.4u
	CA Loop Error		250.8u
	rmsNoise(0.001 100000)		342.1u
	TIA loop Error		456.2u
	Poten	corner	CMOS_VDD_Res_Cap_Temp_2 - 
	Bias error		27.12u
	CA Loop Error		92.91u
	rmsNoise(0.001 100000)		289.4u
	TIA loop Error		120u
	Poten	corner	CMOS_VDD_Res_Cap_Temp_3 - 
	Bias error		204.8u
	CA Loop Error		251.4u
	rmsNoise(0.001 100000)		311.3u
	TIA loop Error		456.2u
	Poten	corner	CMOS_VDD_Res_Cap_Temp_4 - 
	Bias error		26.41u
	CA Loop Error		86.87u
	rmsNoise(0.001 100000)		286.7u
	TIA loop Error		113.3u
	Poten	corner	CMOS_VDD_Res_Cap_Temp_5 - 
	Bias error		192.4u
	CA Loop Error		237.8u
	rmsNoise(0.001 100000)		314.3u
	TIA loop Error		430.2u
	Poten	corner	CMOS_VDD_Res_Cap_Temp_6 - 
	Bias error		27.67u
	CA Loop Error		87.75u
	rmsNoise(0.001 100000)		253.7u
	TIA loop Error		115.4u
	Poten	corner	CMOS_VDD_Res_Cap_Temp_7 - 
	Bias error		191.8u
	CA Loop Error		238.1u
	rmsNoise(0.001 100000)		265.9u
	TIA loop Error		429.9u
	Poten	corner	CMOS_VDD_Res_Cap_Temp_8 - 
	Bias error		-12.69u
	CA Loop Error		81.95u
	rmsNoise(0.001 100000)		308.5u
	TIA loop Error		69.26u
	Poten	corner	CMOS_VDD_Res_Cap_Temp_9 - 
	Bias error		19.09u
	CA Loop Error		127.5u
	rmsNoise(0.001 100000)		342u
	TIA loop Error		146.6u
	Poten	corner	CMOS_VDD_Res_Cap_Temp_10 - 
	Bias error		8.772u
	CA Loop Error		82.62u
	rmsNoise(0.001 100000)		286.7u
	TIA loop Error		91.39u
	Poten	corner	CMOS_VDD_Res_Cap_Temp_11 - 
	Bias error		29.75u
	CA Loop Error		127.8u
	rmsNoise(0.001 100000)		313.8u
	TIA loop Error		157.5u
	Poten	corner	CMOS_VDD_Res_Cap_Temp_12 - 
	Bias error		5.284u
	CA Loop Error		80.09u
	rmsNoise(0.001 100000)		285u
	TIA loop Error		85.37u
	Poten	corner	CMOS_VDD_Res_Cap_Temp_13 - 
	Bias error		32.55u
	CA Loop Error		125.8u
	rmsNoise(0.001 100000)		315.6u
	TIA loop Error		158.3u
	Poten	corner	CMOS_VDD_Res_Cap_Temp_14 - 
	Bias error		12.41u
	CA Loop Error		80.55u
	rmsNoise(0.001 100000)		250.8u
	TIA loop Error		92.96u
	Poten	corner	CMOS_VDD_Res_Cap_Temp_15 - 
	Bias error		34.81u
	CA Loop Error		126u
	rmsNoise(0.001 100000)		278.6u
	TIA loop Error		160.8u
	Poten	corner	CMOS_VDD_Res_Cap_Temp_16 - 
	Bias error		2.665u
	CA Loop Error		92.16u
	rmsNoise(0.001 100000)		465.1u
	TIA loop Error		94.83u
	Poten	corner	CMOS_VDD_Res_Cap_Temp_17 - 
	Bias error		171.3u
	CA Loop Error		251.1u
	rmsNoise(0.001 100000)		510.5u
	TIA loop Error		422.4u
	Poten	corner	CMOS_VDD_Res_Cap_Temp_18 - 
	Bias error		11.8u
	CA Loop Error		92.08u
	rmsNoise(0.001 100000)		436.9u
	TIA loop Error		103.9u
	Poten	corner	CMOS_VDD_Res_Cap_Temp_19 - 
	Bias error		175.6u
	CA Loop Error		251.4u
	rmsNoise(0.001 100000)		476.7u
	TIA loop Error		427u
	Poten	corner	CMOS_VDD_Res_Cap_Temp_20 - 
	Bias error		9.709u
	CA Loop Error		87.41u
	rmsNoise(0.001 100000)		426.8u
	TIA loop Error		97.12u
	Poten	corner	CMOS_VDD_Res_Cap_Temp_21 - 
	Bias error		163.6u
	CA Loop Error		237.5u
	rmsNoise(0.001 100000)		460.6u
	TIA loop Error		401.2u
	Poten	corner	CMOS_VDD_Res_Cap_Temp_22 - 
	Bias error		10.32u
	CA Loop Error		87.83u
	rmsNoise(0.001 100000)		400.4u
	TIA loop Error		98.15u
	Poten	corner	CMOS_VDD_Res_Cap_Temp_23 - 
	Bias error		165.8u
	CA Loop Error		238.1u
	rmsNoise(0.001 100000)		394.6u
	TIA loop Error		403.9u
	Poten	corner	CMOS_VDD_Res_Cap_Temp_24 - 
	Bias error		-38.46u
	CA Loop Error		82.98u
	rmsNoise(0.001 100000)		459.5u
	TIA loop Error		44.52u
	Poten	corner	CMOS_VDD_Res_Cap_Temp_25 - 
	Bias error		-20.92u
	CA Loop Error		127u
	rmsNoise(0.001 100000)		511.1u
	TIA loop Error		106.1u
	Poten	corner	CMOS_VDD_Res_Cap_Temp_26 - 
	Bias error		-9.239u
	CA Loop Error		82.23u
	rmsNoise(0.001 100000)		432u
	TIA loop Error		72.99u
	Poten	corner	CMOS_VDD_Res_Cap_Temp_27 - 
	Bias error		-521.3n
	CA Loop Error		127.8u
	rmsNoise(0.001 100000)		476.9u
	TIA loop Error		127.2u
	Poten	corner	CMOS_VDD_Res_Cap_Temp_28 - 
	Bias error		-12.63u
	CA Loop Error		78.47u
	rmsNoise(0.001 100000)		423u
	TIA loop Error		65.84u
	Poten	corner	CMOS_VDD_Res_Cap_Temp_29 - 
	Bias error		1.295u
	CA Loop Error		125.6u
	rmsNoise(0.001 100000)		466.4u
	TIA loop Error		126.9u
	Poten	corner	CMOS_VDD_Res_Cap_Temp_30 - 
	Bias error		-5.007u
	CA Loop Error		79.77u
	rmsNoise(0.001 100000)		396.1u
	TIA loop Error		74.77u
	Poten	corner	CMOS_VDD_Res_Cap_Temp_31 - 
	Bias error		8.605u
	CA Loop Error		125.8u
	rmsNoise(0.001 100000)		431.8u
	TIA loop Error		134.4u
	Poten	corner	CMOS_VDD_Res_Cap_Temp_32 - 
	Bias error		24.67u
	CA Loop Error		91.45u
	rmsNoise(0.001 100000)		289u
	TIA loop Error		116.1u
	Poten	corner	CMOS_VDD_Res_Cap_Temp_33 - 
	Bias error		205.8u
	CA Loop Error		250.6u
	rmsNoise(0.001 100000)		317.7u
	TIA loop Error		456.4u
	Poten	corner	CMOS_VDD_Res_Cap_Temp_34 - 
	Bias error		27.5u
	CA Loop Error		92.3u
	rmsNoise(0.001 100000)		277.1u
	TIA loop Error		119.8u
	Poten	corner	CMOS_VDD_Res_Cap_Temp_35 - 
	Bias error		207u
	CA Loop Error		250.8u
	rmsNoise(0.001 100000)		303.4u
	TIA loop Error		457.8u
	Poten	corner	CMOS_VDD_Res_Cap_Temp_36 - 
	Bias error		26.27u
	CA Loop Error		86.85u
	rmsNoise(0.001 100000)		267.5u
	TIA loop Error		113.1u
	Poten	corner	CMOS_VDD_Res_Cap_Temp_37 - 
	Bias error		194u
	CA Loop Error		237.4u
	rmsNoise(0.001 100000)		293u
	TIA loop Error		431.5u
	Poten	corner	CMOS_VDD_Res_Cap_Temp_38 - 
	Bias error		24.67u
	CA Loop Error		87.54u
	rmsNoise(0.001 100000)		250.1u
	TIA loop Error		112.2u
	Poten	corner	CMOS_VDD_Res_Cap_Temp_39 - 
	Bias error		193.1u
	CA Loop Error		237.8u
	rmsNoise(0.001 100000)		260.1u
	TIA loop Error		430.9u
	Poten	corner	CMOS_VDD_Res_Cap_Temp_40 - 
	Bias error		-12.29u
	CA Loop Error		81.63u
	rmsNoise(0.001 100000)		284.6u
	TIA loop Error		69.35u
	Poten	corner	CMOS_VDD_Res_Cap_Temp_41 - 
	Bias error		18.98u
	CA Loop Error		127.6u
	rmsNoise(0.001 100000)		316.3u
	TIA loop Error		146.5u
	Poten	corner	CMOS_VDD_Res_Cap_Temp_42 - 
	Bias error		7.918u
	CA Loop Error		82.67u
	rmsNoise(0.001 100000)		273.5u
	TIA loop Error		90.59u
	Poten	corner	CMOS_VDD_Res_Cap_Temp_43 - 
	Bias error		29.8u
	CA Loop Error		127.8u
	rmsNoise(0.001 100000)		303.6u
	TIA loop Error		157.6u
	Poten	corner	CMOS_VDD_Res_Cap_Temp_44 - 
	Bias error		6.564u
	CA Loop Error		79.49u
	rmsNoise(0.001 100000)		264.5u
	TIA loop Error		86.06u
	Poten	corner	CMOS_VDD_Res_Cap_Temp_45 - 
	Bias error		32.8u
	CA Loop Error		125u
	rmsNoise(0.001 100000)		293.2u
	TIA loop Error		157.8u
	Poten	corner	CMOS_VDD_Res_Cap_Temp_46 - 
	Bias error		12.53u
	CA Loop Error		80.25u
	rmsNoise(0.001 100000)		247.2u
	TIA loop Error		92.78u
	Poten	corner	CMOS_VDD_Res_Cap_Temp_47 - 
	Bias error		34.51u
	CA Loop Error		126.1u
	rmsNoise(0.001 100000)		274.2u
	TIA loop Error		160.6u
	Poten	corner	CMOS_VDD_Res_Cap_Temp_48 - 
	Bias error		2.833u
	CA Loop Error		91.85u
	rmsNoise(0.001 100000)		446.7u
	TIA loop Error		94.69u
	Poten	corner	CMOS_VDD_Res_Cap_Temp_49 - 
	Bias error		172.1u
	CA Loop Error		250.5u
	rmsNoise(0.001 100000)		489.9u
	TIA loop Error		422.6u
	Poten	corner	CMOS_VDD_Res_Cap_Temp_50 - 
	Bias error		9.076u
	CA Loop Error		92.24u
	rmsNoise(0.001 100000)		434u
	TIA loop Error		101.3u
	Poten	corner	CMOS_VDD_Res_Cap_Temp_51 - 
	Bias error		176.3u
	CA Loop Error		251.2u
	rmsNoise(0.001 100000)		473u
	TIA loop Error		427.5u
	Poten	corner	CMOS_VDD_Res_Cap_Temp_52 - 
	Bias error		8.374u
	CA Loop Error		88.08u
	rmsNoise(0.001 100000)		411.6u
	TIA loop Error		96.46u
	Poten	corner	CMOS_VDD_Res_Cap_Temp_53 - 
	Bias error		164.6u
	CA Loop Error		237.2u
	rmsNoise(0.001 100000)		444.8u
	TIA loop Error		401.8u
	Poten	corner	CMOS_VDD_Res_Cap_Temp_54 - 
	Bias error		7.9u
	CA Loop Error		89.03u
	rmsNoise(0.001 100000)		397.4u
	TIA loop Error		96.93u
	Poten	corner	CMOS_VDD_Res_Cap_Temp_55 - 
	Bias error		166u
	CA Loop Error		238.1u
	rmsNoise(0.001 100000)		389u
	TIA loop Error		404.1u
	Poten	corner	CMOS_VDD_Res_Cap_Temp_56 - 
	Bias error		-37.9u
	CA Loop Error		81.71u
	rmsNoise(0.001 100000)		440.3u
	TIA loop Error		43.81u
	Poten	corner	CMOS_VDD_Res_Cap_Temp_57 - 
	Bias error		-22.42u
	CA Loop Error		126.8u
	rmsNoise(0.001 100000)		489.8u
	TIA loop Error		104.4u
	Poten	corner	CMOS_VDD_Res_Cap_Temp_58 - 
	Bias error		-10.21u
	CA Loop Error		81.44u
	rmsNoise(0.001 100000)		428.4u
	TIA loop Error		71.23u
	Poten	corner	CMOS_VDD_Res_Cap_Temp_59 - 
	Bias error		-1.745u
	CA Loop Error		127.5u
	rmsNoise(0.001 100000)		473.2u
	TIA loop Error		125.7u
	Poten	corner	CMOS_VDD_Res_Cap_Temp_60 - 
	Bias error		-13.68u
	CA Loop Error		77.99u
	rmsNoise(0.001 100000)		407.2u
	TIA loop Error		64.31u
	Poten	corner	CMOS_VDD_Res_Cap_Temp_61 - 
	Bias error		-288.2n
	CA Loop Error		125.5u
	rmsNoise(0.001 100000)		450.6u
	TIA loop Error		125.2u
	Poten	corner	CMOS_VDD_Res_Cap_Temp_62 - 
	Bias error		-4.819u
	CA Loop Error		79.34u
	rmsNoise(0.001 100000)		392.9u
	TIA loop Error		74.52u
	Poten	corner	CMOS_VDD_Res_Cap_Temp_63 - 
	Bias error		7.383u
	CA Loop Error		125.9u
	rmsNoise(0.001 100000)		428u
	TIA loop Error		133.2u
	Poten	corner	Nominal - 
	Bias error		18.22u
	CA Loop Error		102.2u
	rmsNoise(0.001 100000)		223.3u
	TIA loop Error		120.4u
Design parameters: 
	Cdl		10n
	vdd		3.3
	vtran		0
	vref		1.615
	vddpuls		0
	R_ct		500K
	Cdl_CE		10n
	Rct_CE		100K
	Rs_CE		10K
	Rs_WE		10K
	PTAT_EN		0
	Calib_EN		0
	S0		0
	S1		0
	S2		1
	S3		0

Interactive.303
Number of points completed: 1
Number of simulation errors: 0
Interactive.303 completed. 
Current time: Sat May 30 18:35:07 2026 
