Starting Single Run, Sweeps and Corners...

Current time: Sat May 30 18:36:15 2026 
Best design point: 1
Design specs: 
	Poten	corner	CMOS_VDD_Res_Cap_Temp_0 - 
	Bias error		-459.9u
	CA Loop Error		102u
	rmsNoise(0.001 100000)		420.2u
	TIA loop Error		357.9u
	Poten	corner	CMOS_VDD_Res_Cap_Temp_1 - 
	Bias error		-381.4u
	CA Loop Error		285.7u
	rmsNoise(0.001 100000)		451.5u
	TIA loop Error		95.7u
	Poten	corner	CMOS_VDD_Res_Cap_Temp_2 - 
	Bias error		-340.4u
	CA Loop Error		102.7u
	rmsNoise(0.001 100000)		404.9u
	TIA loop Error		237.7u
	Poten	corner	CMOS_VDD_Res_Cap_Temp_3 - 
	Bias error		-266.2u
	CA Loop Error		286.2u
	rmsNoise(0.001 100000)		429.5u
	TIA loop Error		20.01u
	Poten	corner	CMOS_VDD_Res_Cap_Temp_4 - 
	Bias error		-374.5u
	CA Loop Error		96.81u
	rmsNoise(0.001 100000)		387.8u
	TIA loop Error		277.7u
	Poten	corner	CMOS_VDD_Res_Cap_Temp_5 - 
	Bias error		-289.1u
	CA Loop Error		270.3u
	rmsNoise(0.001 100000)		414.8u
	TIA loop Error		18.89u
	Poten	corner	CMOS_VDD_Res_Cap_Temp_6 - 
	Bias error		-303.3u
	CA Loop Error		96.97u
	rmsNoise(0.001 100000)		364.3u
	TIA loop Error		206.4u
	Poten	corner	CMOS_VDD_Res_Cap_Temp_7 - 
	Bias error		-217.8u
	CA Loop Error		270u
	rmsNoise(0.001 100000)		364.3u
	TIA loop Error		52.25u
	Poten	corner	CMOS_VDD_Res_Cap_Temp_8 - 
	Bias error		-882.4u
	CA Loop Error		89.65u
	rmsNoise(0.001 100000)		412.7u
	TIA loop Error		792.8u
	Poten	corner	CMOS_VDD_Res_Cap_Temp_9 - 
	Bias error		-797.7u
	CA Loop Error		138.1u
	rmsNoise(0.001 100000)		450u
	TIA loop Error		659.6u
	Poten	corner	CMOS_VDD_Res_Cap_Temp_10 - 
	Bias error		-468.5u
	CA Loop Error		90.56u
	rmsNoise(0.001 100000)		398.9u
	TIA loop Error		378u
	Poten	corner	CMOS_VDD_Res_Cap_Temp_11 - 
	Bias error		-520.4u
	CA Loop Error		138.4u
	rmsNoise(0.001 100000)		431.4u
	TIA loop Error		382u
	Poten	corner	CMOS_VDD_Res_Cap_Temp_12 - 
	Bias error		-560.2u
	CA Loop Error		87.88u
	rmsNoise(0.001 100000)		383u
	TIA loop Error		472.3u
	Poten	corner	CMOS_VDD_Res_Cap_Temp_13 - 
	Bias error		-544.4u
	CA Loop Error		136.3u
	rmsNoise(0.001 100000)		416.2u
	TIA loop Error		408.1u
	Poten	corner	CMOS_VDD_Res_Cap_Temp_14 - 
	Bias error		-386.2u
	CA Loop Error		88.38u
	rmsNoise(0.001 100000)		359.2u
	TIA loop Error		297.8u
	Poten	corner	CMOS_VDD_Res_Cap_Temp_15 - 
	Bias error		-414.8u
	CA Loop Error		136.6u
	rmsNoise(0.001 100000)		389.4u
	TIA loop Error		278.2u
	Poten	corner	CMOS_VDD_Res_Cap_Temp_16 - 
	Bias error		-755.9u
	CA Loop Error		106.5u
	rmsNoise(0.001 100000)		738.9u
	TIA loop Error		649.4u
	Poten	corner	CMOS_VDD_Res_Cap_Temp_17 - 
	Bias error		-906.2u
	CA Loop Error		314.7u
	rmsNoise(0.001 100000)		793u
	TIA loop Error		591.5u
	Poten	corner	CMOS_VDD_Res_Cap_Temp_18 - 
	Bias error		-602.4u
	CA Loop Error		106u
	rmsNoise(0.001 100000)		722.4u
	TIA loop Error		496.4u
	Poten	corner	CMOS_VDD_Res_Cap_Temp_19 - 
	Bias error		-722.4u
	CA Loop Error		315.5u
	rmsNoise(0.001 100000)		773.5u
	TIA loop Error		406.9u
	Poten	corner	CMOS_VDD_Res_Cap_Temp_20 - 
	Bias error		-644.7u
	CA Loop Error		101.2u
	rmsNoise(0.001 100000)		680.6u
	TIA loop Error		543.5u
	Poten	corner	CMOS_VDD_Res_Cap_Temp_21 - 
	Bias error		-748.3u
	CA Loop Error		297.6u
	rmsNoise(0.001 100000)		719.7u
	TIA loop Error		450.7u
	Poten	corner	CMOS_VDD_Res_Cap_Temp_22 - 
	Bias error		-552.3u
	CA Loop Error		101.2u
	rmsNoise(0.001 100000)		664.5u
	TIA loop Error		451.2u
	Poten	corner	CMOS_VDD_Res_Cap_Temp_23 - 
	Bias error		-631.5u
	CA Loop Error		297.1u
	rmsNoise(0.001 100000)		624.3u
	TIA loop Error		334.3u
	Poten	corner	CMOS_VDD_Res_Cap_Temp_24 - 
	Bias error		-1.303m
	CA Loop Error		93.63u
	rmsNoise(0.001 100000)		723.9u
	TIA loop Error		1.209m
	Poten	corner	CMOS_VDD_Res_Cap_Temp_25 - 
	Bias error		-1.458m
	CA Loop Error		145.6u
	rmsNoise(0.001 100000)		791.9u
	TIA loop Error		1.312m
	Poten	corner	CMOS_VDD_Res_Cap_Temp_26 - 
	Bias error		-768.8u
	CA Loop Error		93.88u
	rmsNoise(0.001 100000)		711.1u
	TIA loop Error		674.9u
	Poten	corner	CMOS_VDD_Res_Cap_Temp_27 - 
	Bias error		-1.02m
	CA Loop Error		146.2u
	rmsNoise(0.001 100000)		775.2u
	TIA loop Error		873.6u
	Poten	corner	CMOS_VDD_Res_Cap_Temp_28 - 
	Bias error		-888.5u
	CA Loop Error		91.46u
	rmsNoise(0.001 100000)		671.2u
	TIA loop Error		797u
	Poten	corner	CMOS_VDD_Res_Cap_Temp_29 - 
	Bias error		-1.058m
	CA Loop Error		143.9u
	rmsNoise(0.001 100000)		730.8u
	TIA loop Error		913.7u
	Poten	corner	CMOS_VDD_Res_Cap_Temp_30 - 
	Bias error		-659.4u
	CA Loop Error		91.3u
	rmsNoise(0.001 100000)		656.1u
	TIA loop Error		568.1u
	Poten	corner	CMOS_VDD_Res_Cap_Temp_31 - 
	Bias error		-848.3u
	CA Loop Error		144.3u
	rmsNoise(0.001 100000)		701u
	TIA loop Error		704u
	Poten	corner	CMOS_VDD_Res_Cap_Temp_32 - 
	Bias error		-457.7u
	CA Loop Error		102.2u
	rmsNoise(0.001 100000)		404.3u
	TIA loop Error		355.6u
	Poten	corner	CMOS_VDD_Res_Cap_Temp_33 - 
	Bias error		-379.6u
	CA Loop Error		284.8u
	rmsNoise(0.001 100000)		433.4u
	TIA loop Error		94.83u
	Poten	corner	CMOS_VDD_Res_Cap_Temp_34 - 
	Bias error		-341.9u
	CA Loop Error		102.3u
	rmsNoise(0.001 100000)		396.3u
	TIA loop Error		239.6u
	Poten	corner	CMOS_VDD_Res_Cap_Temp_35 - 
	Bias error		-266.3u
	CA Loop Error		285.6u
	rmsNoise(0.001 100000)		423.8u
	TIA loop Error		19.29u
	Poten	corner	CMOS_VDD_Res_Cap_Temp_36 - 
	Bias error		-376u
	CA Loop Error		96.89u
	rmsNoise(0.001 100000)		373.9u
	TIA loop Error		279.1u
	Poten	corner	CMOS_VDD_Res_Cap_Temp_37 - 
	Bias error		-289.5u
	CA Loop Error		270.5u
	rmsNoise(0.001 100000)		399u
	TIA loop Error		18.93u
	Poten	corner	CMOS_VDD_Res_Cap_Temp_38 - 
	Bias error		-303.4u
	CA Loop Error		97.37u
	rmsNoise(0.001 100000)		361.8u
	TIA loop Error		206u
	Poten	corner	CMOS_VDD_Res_Cap_Temp_39 - 
	Bias error		-216.8u
	CA Loop Error		269.7u
	rmsNoise(0.001 100000)		360.1u
	TIA loop Error		52.94u
	Poten	corner	CMOS_VDD_Res_Cap_Temp_40 - 
	Bias error		-878.9u
	CA Loop Error		89.57u
	rmsNoise(0.001 100000)		395.4u
	TIA loop Error		789.3u
	Poten	corner	CMOS_VDD_Res_Cap_Temp_41 - 
	Bias error		-798.1u
	CA Loop Error		138u
	rmsNoise(0.001 100000)		431u
	TIA loop Error		660.2u
	Poten	corner	CMOS_VDD_Res_Cap_Temp_42 - 
	Bias error		-468.6u
	CA Loop Error		90.5u
	rmsNoise(0.001 100000)		389.7u
	TIA loop Error		378.1u
	Poten	corner	CMOS_VDD_Res_Cap_Temp_43 - 
	Bias error		-520.1u
	CA Loop Error		138.4u
	rmsNoise(0.001 100000)		424.1u
	TIA loop Error		381.7u
	Poten	corner	CMOS_VDD_Res_Cap_Temp_44 - 
	Bias error		-559.2u
	CA Loop Error		87.72u
	rmsNoise(0.001 100000)		368.2u
	TIA loop Error		471.5u
	Poten	corner	CMOS_VDD_Res_Cap_Temp_45 - 
	Bias error		-543.6u
	CA Loop Error		136.1u
	rmsNoise(0.001 100000)		399.6u
	TIA loop Error		407.5u
	Poten	corner	CMOS_VDD_Res_Cap_Temp_46 - 
	Bias error		-386.2u
	CA Loop Error		88.02u
	rmsNoise(0.001 100000)		356.8u
	TIA loop Error		298.2u
	Poten	corner	CMOS_VDD_Res_Cap_Temp_47 - 
	Bias error		-415.1u
	CA Loop Error		136.7u
	rmsNoise(0.001 100000)		386.2u
	TIA loop Error		278.4u
	Poten	corner	CMOS_VDD_Res_Cap_Temp_48 - 
	Bias error		-755.3u
	CA Loop Error		106.1u
	rmsNoise(0.001 100000)		727.6u
	TIA loop Error		649.2u
	Poten	corner	CMOS_VDD_Res_Cap_Temp_49 - 
	Bias error		-905.6u
	CA Loop Error		314.2u
	rmsNoise(0.001 100000)		780.1u
	TIA loop Error		591.4u
	Poten	corner	CMOS_VDD_Res_Cap_Temp_50 - 
	Bias error		-600.4u
	CA Loop Error		105.5u
	rmsNoise(0.001 100000)		720.6u
	TIA loop Error		494.9u
	Poten	corner	CMOS_VDD_Res_Cap_Temp_51 - 
	Bias error		-722.6u
	CA Loop Error		314.9u
	rmsNoise(0.001 100000)		771.2u
	TIA loop Error		407.7u
	Poten	corner	CMOS_VDD_Res_Cap_Temp_52 - 
	Bias error		-645.5u
	CA Loop Error		100.1u
	rmsNoise(0.001 100000)		671.2u
	TIA loop Error		545.4u
	Poten	corner	CMOS_VDD_Res_Cap_Temp_53 - 
	Bias error		-748.8u
	CA Loop Error		297.3u
	rmsNoise(0.001 100000)		709.9u
	TIA loop Error		451.5u
	Poten	corner	CMOS_VDD_Res_Cap_Temp_54 - 
	Bias error		-551u
	CA Loop Error		100.3u
	rmsNoise(0.001 100000)		662.7u
	TIA loop Error		450.7u
	Poten	corner	CMOS_VDD_Res_Cap_Temp_55 - 
	Bias error		-631.4u
	CA Loop Error		297u
	rmsNoise(0.001 100000)		620.8u
	TIA loop Error		334.5u
	Poten	corner	CMOS_VDD_Res_Cap_Temp_56 - 
	Bias error		-1.302m
	CA Loop Error		93.79u
	rmsNoise(0.001 100000)		712u
	TIA loop Error		1.208m
	Poten	corner	CMOS_VDD_Res_Cap_Temp_57 - 
	Bias error		-1.458m
	CA Loop Error		145.6u
	rmsNoise(0.001 100000)		778.6u
	TIA loop Error		1.313m
	Poten	corner	CMOS_VDD_Res_Cap_Temp_58 - 
	Bias error		-766.8u
	CA Loop Error		94.06u
	rmsNoise(0.001 100000)		708.9u
	TIA loop Error		672.8u
	Poten	corner	CMOS_VDD_Res_Cap_Temp_59 - 
	Bias error		-1.02m
	CA Loop Error		146.2u
	rmsNoise(0.001 100000)		772.9u
	TIA loop Error		873.5u
	Poten	corner	CMOS_VDD_Res_Cap_Temp_60 - 
	Bias error		-886.4u
	CA Loop Error		90.78u
	rmsNoise(0.001 100000)		661.5u
	TIA loop Error		795.6u
	Poten	corner	CMOS_VDD_Res_Cap_Temp_61 - 
	Bias error		-1.058m
	CA Loop Error		143.8u
	rmsNoise(0.001 100000)		721u
	TIA loop Error		914.3u
	Poten	corner	CMOS_VDD_Res_Cap_Temp_62 - 
	Bias error		-657.8u
	CA Loop Error		91.18u
	rmsNoise(0.001 100000)		654.3u
	TIA loop Error		566.6u
	Poten	corner	CMOS_VDD_Res_Cap_Temp_63 - 
	Bias error		-848.4u
	CA Loop Error		144.4u
	rmsNoise(0.001 100000)		698.7u
	TIA loop Error		704u
	Poten	corner	Nominal - 
	Bias error		-585.6u
	CA Loop Error		113.7u
	rmsNoise(0.001 100000)		281.3u
	TIA loop Error		471.9u
Design parameters: 
	Cdl		10n
	vdd		3.3
	vtran		0
	vref		1.615
	vddpuls		0
	R_ct		20K
	Cdl_CE		10n
	Rct_CE		100K
	Rs_CE		10K
	Rs_WE		10K
	PTAT_EN		0
	Calib_EN		0
	S0		1
	S1		0
	S2		0
	S3		0

Interactive.304
Number of points completed: 1
Number of simulation errors: 0
Interactive.304 completed. 
Current time: Sat May 30 18:45:25 2026 
