Starting Single Run, Sweeps and Corners...

Current time: Mon Jun  1 06:41:41 2026 
Best design point: 1
Design specs: 
	PTAT	corner	CMOS_Temp_Res_Cap_BJT_0 - 
	Slope		Error	No
	PSRR		Error	No
	PTAT	corner	CMOS_Temp_Res_Cap_BJT_1 - 
	Slope		Error	No
	PSRR		Error	No
	PTAT	corner	CMOS_Temp_Res_Cap_BJT_2 - 
	Slope		Error	No
	PSRR		Error	No
	PTAT	corner	CMOS_Temp_Res_Cap_BJT_3 - 
	Slope		Error	No
	PSRR		Error	No
	PTAT	corner	CMOS_Temp_Res_Cap_BJT_4 - 
	Slope		Error	No
	PSRR		Error	No
	PTAT	corner	CMOS_Temp_Res_Cap_BJT_5 - 
	Slope		Error	No
	PSRR		Error	No
	PTAT	corner	CMOS_Temp_Res_Cap_BJT_6 - 
	Slope		Error	No
	PSRR		Error	No
	PTAT	corner	CMOS_Temp_Res_Cap_BJT_7 - 
	Slope		Error	No
	PSRR		Error	No
	PTAT	corner	CMOS_Temp_Res_Cap_BJT_8 - 
	Slope		Error	No
	PSRR		Error	No
	PTAT	corner	CMOS_Temp_Res_Cap_BJT_9 - 
	Slope		Error	No
	PSRR		Error	No
	PTAT	corner	CMOS_Temp_Res_Cap_BJT_10 - 
	Slope		Error	No
	PSRR		Error	No
	PTAT	corner	CMOS_Temp_Res_Cap_BJT_11 - 
	Slope		Error	No
	PSRR		Error	No
	PTAT	corner	CMOS_Temp_Res_Cap_BJT_12 - 
	Slope		Error	No
	PSRR		Error	No
	PTAT	corner	CMOS_Temp_Res_Cap_BJT_13 - 
	Slope		Error	No
	PSRR		Error	No
	PTAT	corner	CMOS_Temp_Res_Cap_BJT_14 - 
	Slope		Error	No
	PSRR		Error	No
	PTAT	corner	CMOS_Temp_Res_Cap_BJT_15 - 
	Slope		Error	No
	PSRR		Error	No
	PTAT	corner	CMOS_Temp_Res_Cap_BJT_16 - 
	Slope		Error	No
	PSRR		Error	No
	PTAT	corner	CMOS_Temp_Res_Cap_BJT_17 - 
	Slope		Error	No
	PSRR		Error	No
	PTAT	corner	CMOS_Temp_Res_Cap_BJT_18 - 
	Slope		Error	No
	PSRR		Error	No
	PTAT	corner	CMOS_Temp_Res_Cap_BJT_19 - 
	Slope		Error	No
	PSRR		Error	No
	PTAT	corner	CMOS_Temp_Res_Cap_BJT_20 - 
	Slope		Error	No
	PSRR		Error	No
	PTAT	corner	CMOS_Temp_Res_Cap_BJT_21 - 
	Slope		Error	No
	PSRR		Error	No
	PTAT	corner	CMOS_Temp_Res_Cap_BJT_22 - 
	Slope		Error	No
	PSRR		Error	No
	PTAT	corner	CMOS_Temp_Res_Cap_BJT_23 - 
	Slope		Error	No
	PSRR		Error	No
	PTAT	corner	CMOS_Temp_Res_Cap_BJT_24 - 
	Slope		Error	No
	PSRR		Error	No
	PTAT	corner	CMOS_Temp_Res_Cap_BJT_25 - 
	Slope		Error	No
	PSRR		Error	No
	PTAT	corner	CMOS_Temp_Res_Cap_BJT_26 - 
	Slope		Error	No
	PSRR		Error	No
	PTAT	corner	CMOS_Temp_Res_Cap_BJT_27 - 
	Slope		Error	No
	PSRR		Error	No
	PTAT	corner	CMOS_Temp_Res_Cap_BJT_28 - 
	Slope		Error	No
	PSRR		Error	No
	PTAT	corner	CMOS_Temp_Res_Cap_BJT_29 - 
	Slope		Error	No
	PSRR		Error	No
	PTAT	corner	CMOS_Temp_Res_Cap_BJT_30 - 
	Slope		Error	No
	PSRR		Error	No
	PTAT	corner	CMOS_Temp_Res_Cap_BJT_31 - 
	Slope		Error	No
	PSRR		Error	No
	PTAT	corner	CMOS_Temp_Res_Cap_BJT_32 - 
	Slope		Error	No
	PSRR		Error	No
	PTAT	corner	CMOS_Temp_Res_Cap_BJT_33 - 
	Slope		Error	No
	PSRR		Error	No
	PTAT	corner	CMOS_Temp_Res_Cap_BJT_34 - 
	Slope		Error	No
	PSRR		Error	No
	PTAT	corner	CMOS_Temp_Res_Cap_BJT_35 - 
	Slope		Error	No
	PSRR		Error	No
	PTAT	corner	CMOS_Temp_Res_Cap_BJT_36 - 
	Slope		Error	No
	PSRR		Error	No
	PTAT	corner	CMOS_Temp_Res_Cap_BJT_37 - 
	Slope		Error	No
	PSRR		Error	No
	PTAT	corner	CMOS_Temp_Res_Cap_BJT_38 - 
	Slope		Error	No
	PSRR		Error	No
	PTAT	corner	CMOS_Temp_Res_Cap_BJT_39 - 
	Slope		Error	No
	PSRR		Error	No
	PTAT	corner	CMOS_Temp_Res_Cap_BJT_40 - 
	Slope		Error	No
	PSRR		Error	No
	PTAT	corner	CMOS_Temp_Res_Cap_BJT_41 - 
	Slope		Error	No
	PSRR		Error	No
	PTAT	corner	CMOS_Temp_Res_Cap_BJT_42 - 
	Slope		Error	No
	PSRR		Error	No
	PTAT	corner	CMOS_Temp_Res_Cap_BJT_43 - 
	Slope		Error	No
	PSRR		Error	No
	PTAT	corner	CMOS_Temp_Res_Cap_BJT_44 - 
	Slope		Error	No
	PSRR		Error	No
	PTAT	corner	CMOS_Temp_Res_Cap_BJT_45 - 
	Slope		Error	No
	PSRR		Error	No
	PTAT	corner	CMOS_Temp_Res_Cap_BJT_46 - 
	Slope		Error	No
	PSRR		Error	No
	PTAT	corner	CMOS_Temp_Res_Cap_BJT_47 - 
	Slope		Error	No
	PSRR		Error	No
	PTAT	corner	Nominal - 
	Slope		Error	No
	PSRR		Error	No
Design parameters: 
	Cdl		10n
	vdd		0
	vtran		0
	vref		1.615
	vddpuls		3.3
	R_ct		500K
	Cdl_CE		10n
	Rct_CE		100K
	Rs_CE		10K
	Rs_WE		10K
	PTAT_EN		0
	Calib_EN		0
	S0		0
	S1		1
	S2		0
	S3		0

Interactive.318
Number of points completed: 1
Number of simulation errors: 0
Interactive.318 completed. 
Current time: Mon Jun  1 06:43:17 2026 
