Starting Single Run, Sweeps and Corners...

Current time: Tue Jun  2 14:05:53 2026 
Best design point: 1
Design specs: 
	Poten	corner	Nominal - 
	Bias error		18.38u
	CA Loop Error		102.4u
	rmsNoise(0.001 100000)		226u
	TIA loop Error		120.8u
Design parameters: 
	Cdl		10n
	vdd		3.3
	vtran		0
	vref		1.615
	vddpuls		0
	R_ct		500K
	Cdl_CE		10n
	Rct_CE		100K
	Rs_CE		10K
	Rs_WE		10K
	PTAT_EN		0
	Calib_EN		1
	S0		0
	S1		0
	S2		1
	S3		0

Interactive.340
Number of points completed: 1
Number of simulation errors: 0
Interactive.340 completed. 
Current time: Tue Jun  2 14:06:57 2026 
