Starting Single Run, Sweeps and Corners...

Current time: Mon May 25 14:11:24 2026 
Best design point: 1
Design specs: 
	Potentiostat_7_CA_TIA_Front_tb_calib_1	corner	Nominal - 
	Bias error		18.43u
	Output noise		Error	No
	CA Error		102.7u
	rmsNoise(0.001 100000)		Error	No
	Vout_noise/Rf		Error	No
	PSRR		Error	No
	Phase Margin		Error	No
	MUX leakage		-10.12p
	MUX voltage drop		53.74u
	(VDC("/I2/vref") - VDC("/TIA_IN"))		156.9u
Design parameters: 
	Cdl		10n
	vdd		3.3
	vtran		0
	vref		1.615
	vddpuls		0
	R_ct		500K
	Cdl_CE		10n
	Rct_CE		100K
	Rs_CE		10K
	Rs_WE		10K
	PTAT_EN		1
	Calib_EN		0
	S0		0
	S1		0
	S2		1
	S3		0

Interactive.233
Number of points completed: 1
Number of simulation errors: 0
Interactive.233 completed. 
Current time: Mon May 25 14:12:06 2026 
