Starting Single Run, Sweeps and Corners...

Current time: Sat May 30 19:35:43 2026 
Best design point: 1
Design specs: 
	TIA_Gain_Linearity	corner	Nominal - 
	rmsNoise(0.001 100000)		199.7u
Design parameters: 
	Cdl		10n
	vdd		3.3
	vtran		0
	vref		1.615
	vddpuls		0
	R_ct		500K
	Cdl_CE		10n
	Rct_CE		100K
	Rs_CE		10K
	Rs_WE		10K
	PTAT_EN		0
	Calib_EN		0
	S0		0
	S1		1
	S2		0
	S3		0

Interactive.305
Number of points completed: 1
Number of simulation errors: 0
Interactive.305 completed. 
Current time: Sat May 30 19:37:06 2026 
