Starting Single Run, Sweeps and Corners...

Current time: Sun May 24 11:06:46 2026 
Best design point: 1
Design specs: 
	Potentiostat_7_CA_TIA_Front_tb_calib_1	corner	Nominal - 
Design parameters: 
	Cdl		10n
	vdd		3.3
	vtran		0
	vref		1.615
	vddpuls		0
	R_ct		500K
	Cdl_CE		10n
	Rct_CE		100K
	Rs_CE		10K
	Rs_WE		10K
	PTAT_EN		1
	Calib_EN		0
	S0		0
	S1		0
	S2		1
	S3		0

Interactive.225
Number of points completed: 1
Number of simulation errors: 1
Interactive.225 completed. 
Current time: Sun May 24 11:06:55 2026 
