Starting Single Run, Sweeps and Corners...

Current time: Mon Jun  8 12:22:51 2026 
Best design point: 1
Design specs: 
	Poten	corner	Nominal - 
	Bias error		18.61u
	CA Loop Error		102.1u
	rmsNoise(0.001 100000)		223.6u
	TIA loop Error		120.7u
	TIA_Gain_Linearity	corner	Nominal - 
	rmsNoise(0.001 100000)		Error	No
Design parameters: 
	Cdl		10n
	vdd		3.3
	vtran		0
	vref		1.615
	vddpuls		0
	R_ct		500K
	Cdl_CE		10n
	Rct_CE		100K
	Rs_CE		10K
	Rs_WE		10K
	PTAT_EN		0
	Calib_EN		1
	S0		0
	S1		0
	S2		1
	S3		0

Interactive.393
Number of points completed: 1
Number of simulation errors: 0
Interactive.393 completed. 
Current time: Mon Jun  8 12:29:39 2026 
