Starting Single Run, Sweeps and Corners...

Current time: Fri Jun  5 15:44:01 2026 
Best design point: 1
Design specs: 
	Poten	corner	CMOS_Temp_Res_Cap_BJT_0 - 
	Bias error		76.29u
	Output noise		Error	No
	CA Loop Error		141.2u
	rmsNoise(0.001 100000)		Error	No
	TIA loop Error		217.5u
	PTAT	corner	CMOS_Temp_Res_Cap_BJT_0 - 
	Slope		Error	No
	PSRR		Error	No
	Poten	corner	CMOS_Temp_Res_Cap_BJT_1 - 
	Bias error		72.67u
	Output noise		Error	No
	CA Loop Error		133.6u
	rmsNoise(0.001 100000)		Error	No
	TIA loop Error		206.3u
	PTAT	corner	CMOS_Temp_Res_Cap_BJT_1 - 
	Slope		Error	No
	PSRR		Error	No
	Poten	corner	CMOS_Temp_Res_Cap_BJT_2 - 
	Bias error		20.53u
	Output noise		Error	No
	CA Loop Error		102.6u
	rmsNoise(0.001 100000)		Error	No
	TIA loop Error		123.1u
	PTAT	corner	CMOS_Temp_Res_Cap_BJT_2 - 
	Slope		Error	No
	PSRR		Error	No
	Poten	corner	CMOS_Temp_Res_Cap_BJT_3 - 
	Bias error		26.6u
	Output noise		Error	No
	CA Loop Error		100.1u
	rmsNoise(0.001 100000)		Error	No
	TIA loop Error		126.7u
	PTAT	corner	CMOS_Temp_Res_Cap_BJT_3 - 
	Slope		Error	No
	PSRR		Error	No
	Poten	corner	CMOS_Temp_Res_Cap_BJT_4 - 
	Bias error		54.78u
	Output noise		Error	No
	CA Loop Error		140.8u
	rmsNoise(0.001 100000)		Error	No
	TIA loop Error		195.6u
	PTAT	corner	CMOS_Temp_Res_Cap_BJT_4 - 
	Slope		Error	No
	PSRR		Error	No
	Poten	corner	CMOS_Temp_Res_Cap_BJT_5 - 
	Bias error		51.4u
	Output noise		Error	No
	CA Loop Error		133.1u
	rmsNoise(0.001 100000)		Error	No
	TIA loop Error		184.5u
	PTAT	corner	CMOS_Temp_Res_Cap_BJT_5 - 
	Slope		Error	No
	PSRR		Error	No
	Poten	corner	CMOS_Temp_Res_Cap_BJT_6 - 
	Bias error		-4.809u
	Output noise		Error	No
	CA Loop Error		102.3u
	rmsNoise(0.001 100000)		Error	No
	TIA loop Error		97.53u
	PTAT	corner	CMOS_Temp_Res_Cap_BJT_6 - 
	Slope		Error	No
	PSRR		Error	No
	Poten	corner	CMOS_Temp_Res_Cap_BJT_7 - 
	Bias error		5.322u
	Output noise		Error	No
	CA Loop Error		100.1u
	rmsNoise(0.001 100000)		Error	No
	TIA loop Error		105.5u
	PTAT	corner	CMOS_Temp_Res_Cap_BJT_7 - 
	Slope		Error	No
	PSRR		Error	No
	Poten	corner	CMOS_Temp_Res_Cap_BJT_8 - 
	Bias error		76.13u
	Output noise		Error	No
	CA Loop Error		141.1u
	rmsNoise(0.001 100000)		Error	No
	TIA loop Error		217.2u
	PTAT	corner	CMOS_Temp_Res_Cap_BJT_8 - 
	Slope		Error	No
	PSRR		Error	No
	Poten	corner	CMOS_Temp_Res_Cap_BJT_9 - 
	Bias error		73.03u
	Output noise		Error	No
	CA Loop Error		133.1u
	rmsNoise(0.001 100000)		Error	No
	TIA loop Error		206.2u
	PTAT	corner	CMOS_Temp_Res_Cap_BJT_9 - 
	Slope		Error	No
	PSRR		Error	No
	Poten	corner	CMOS_Temp_Res_Cap_BJT_10 - 
	Bias error		20.92u
	Output noise		Error	No
	CA Loop Error		102.7u
	rmsNoise(0.001 100000)		Error	No
	TIA loop Error		123.6u
	PTAT	corner	CMOS_Temp_Res_Cap_BJT_10 - 
	Slope		Error	No
	PSRR		Error	No
	Poten	corner	CMOS_Temp_Res_Cap_BJT_11 - 
	Bias error		27.14u
	Output noise		Error	No
	CA Loop Error		100.1u
	rmsNoise(0.001 100000)		Error	No
	TIA loop Error		127.2u
	PTAT	corner	CMOS_Temp_Res_Cap_BJT_11 - 
	Slope		Error	No
	PSRR		Error	No
	Poten	corner	CMOS_Temp_Res_Cap_BJT_12 - 
	Bias error		53.47u
	Output noise		Error	No
	CA Loop Error		140.6u
	rmsNoise(0.001 100000)		Error	No
	TIA loop Error		194.1u
	PTAT	corner	CMOS_Temp_Res_Cap_BJT_12 - 
	Slope		Error	No
	PSRR		Error	No
	Poten	corner	CMOS_Temp_Res_Cap_BJT_13 - 
	Bias error		52.25u
	Output noise		Error	No
	CA Loop Error		132.9u
	rmsNoise(0.001 100000)		Error	No
	TIA loop Error		185.2u
	PTAT	corner	CMOS_Temp_Res_Cap_BJT_13 - 
	Slope		Error	No
	PSRR		Error	No
	Poten	corner	CMOS_Temp_Res_Cap_BJT_14 - 
	Bias error		-3.957u
	Output noise		Error	No
	CA Loop Error		102.4u
	rmsNoise(0.001 100000)		Error	No
	TIA loop Error		98.42u
	PTAT	corner	CMOS_Temp_Res_Cap_BJT_14 - 
	Slope		Error	No
	PSRR		Error	No
	Poten	corner	CMOS_Temp_Res_Cap_BJT_15 - 
	Bias error		5.829u
	Output noise		Error	No
	CA Loop Error		99.74u
	rmsNoise(0.001 100000)		Error	No
	TIA loop Error		105.6u
	PTAT	corner	CMOS_Temp_Res_Cap_BJT_15 - 
	Slope		Error	No
	PSRR		Error	No
	Poten	corner	CMOS_Temp_Res_Cap_BJT_16 - 
	Bias error		61.85u
	Output noise		Error	No
	CA Loop Error		141.3u
	rmsNoise(0.001 100000)		Error	No
	TIA loop Error		203.1u
	PTAT	corner	CMOS_Temp_Res_Cap_BJT_16 - 
	Slope		Error	No
	PSRR		Error	No
	Poten	corner	CMOS_Temp_Res_Cap_BJT_17 - 
	Bias error		60.34u
	Output noise		Error	No
	CA Loop Error		133.7u
	rmsNoise(0.001 100000)		Error	No
	TIA loop Error		194u
	PTAT	corner	CMOS_Temp_Res_Cap_BJT_17 - 
	Slope		Error	No
	PSRR		Error	No
	Poten	corner	CMOS_Temp_Res_Cap_BJT_18 - 
	Bias error		943.9n
	Output noise		Error	No
	CA Loop Error		102.5u
	rmsNoise(0.001 100000)		Error	No
	TIA loop Error		103.4u
	PTAT	corner	CMOS_Temp_Res_Cap_BJT_18 - 
	Slope		Error	No
	PSRR		Error	No
	Poten	corner	CMOS_Temp_Res_Cap_BJT_19 - 
	Bias error		11.79u
	Output noise		Error	No
	CA Loop Error		99.99u
	rmsNoise(0.001 100000)		Error	No
	TIA loop Error		111.8u
	PTAT	corner	CMOS_Temp_Res_Cap_BJT_19 - 
	Slope		Error	No
	PSRR		Error	No
	Poten	corner	CMOS_Temp_Res_Cap_BJT_20 - 
	Bias error		37.71u
	Output noise		Error	No
	CA Loop Error		140.9u
	rmsNoise(0.001 100000)		Error	No
	TIA loop Error		178.6u
	PTAT	corner	CMOS_Temp_Res_Cap_BJT_20 - 
	Slope		Error	No
	PSRR		Error	No
	Poten	corner	CMOS_Temp_Res_Cap_BJT_21 - 
	Bias error		36.29u
	Output noise		Error	No
	CA Loop Error		133.2u
	rmsNoise(0.001 100000)		Error	No
	TIA loop Error		169.5u
	PTAT	corner	CMOS_Temp_Res_Cap_BJT_21 - 
	Slope		Error	No
	PSRR		Error	No
	Poten	corner	CMOS_Temp_Res_Cap_BJT_22 - 
	Bias error		-26.39u
	Output noise		Error	No
	CA Loop Error		102.3u
	rmsNoise(0.001 100000)		Error	No
	TIA loop Error		75.88u
	PTAT	corner	CMOS_Temp_Res_Cap_BJT_22 - 
	Slope		Error	No
	PSRR		Error	No
	Poten	corner	CMOS_Temp_Res_Cap_BJT_23 - 
	Bias error		-11.97u
	Output noise		Error	No
	CA Loop Error		100.1u
	rmsNoise(0.001 100000)		Error	No
	TIA loop Error		88.09u
	PTAT	corner	CMOS_Temp_Res_Cap_BJT_23 - 
	Slope		Error	No
	PSRR		Error	No
	Poten	corner	CMOS_Temp_Res_Cap_BJT_24 - 
	Bias error		61.72u
	Output noise		Error	No
	CA Loop Error		141.2u
	rmsNoise(0.001 100000)		Error	No
	TIA loop Error		202.9u
	PTAT	corner	CMOS_Temp_Res_Cap_BJT_24 - 
	Slope		Error	No
	PSRR		Error	No
	Poten	corner	CMOS_Temp_Res_Cap_BJT_25 - 
	Bias error		60.68u
	Output noise		Error	No
	CA Loop Error		133.2u
	rmsNoise(0.001 100000)		Error	No
	TIA loop Error		193.9u
	PTAT	corner	CMOS_Temp_Res_Cap_BJT_25 - 
	Slope		Error	No
	PSRR		Error	No
	Poten	corner	CMOS_Temp_Res_Cap_BJT_26 - 
	Bias error		1.612u
	Output noise		Error	No
	CA Loop Error		102.6u
	rmsNoise(0.001 100000)		Error	No
	TIA loop Error		104.3u
	PTAT	corner	CMOS_Temp_Res_Cap_BJT_26 - 
	Slope		Error	No
	PSRR		Error	No
	Poten	corner	CMOS_Temp_Res_Cap_BJT_27 - 
	Bias error		12.37u
	Output noise		Error	No
	CA Loop Error		100u
	rmsNoise(0.001 100000)		Error	No
	TIA loop Error		112.4u
	PTAT	corner	CMOS_Temp_Res_Cap_BJT_27 - 
	Slope		Error	No
	PSRR		Error	No
	Poten	corner	CMOS_Temp_Res_Cap_BJT_28 - 
	Bias error		36.51u
	Output noise		Error	No
	CA Loop Error		140.6u
	rmsNoise(0.001 100000)		Error	No
	TIA loop Error		177.2u
	PTAT	corner	CMOS_Temp_Res_Cap_BJT_28 - 
	Slope		Error	No
	PSRR		Error	No
	Poten	corner	CMOS_Temp_Res_Cap_BJT_29 - 
	Bias error		37.16u
	Output noise		Error	No
	CA Loop Error		133u
	rmsNoise(0.001 100000)		Error	No
	TIA loop Error		170.2u
	PTAT	corner	CMOS_Temp_Res_Cap_BJT_29 - 
	Slope		Error	No
	PSRR		Error	No
	Poten	corner	CMOS_Temp_Res_Cap_BJT_30 - 
	Bias error		-26.23u
	Output noise		Error	No
	CA Loop Error		102.2u
	rmsNoise(0.001 100000)		Error	No
	TIA loop Error		75.97u
	PTAT	corner	CMOS_Temp_Res_Cap_BJT_30 - 
	Slope		Error	No
	PSRR		Error	No
	Poten	corner	CMOS_Temp_Res_Cap_BJT_31 - 
	Bias error		-11.54u
	Output noise		Error	No
	CA Loop Error		99.74u
	rmsNoise(0.001 100000)		Error	No
	TIA loop Error		88.2u
	PTAT	corner	CMOS_Temp_Res_Cap_BJT_31 - 
	Slope		Error	No
	PSRR		Error	No
	Poten	corner	CMOS_Temp_Res_Cap_BJT_32 - 
	Bias error		97.74u
	Output noise		Error	No
	CA Loop Error		141.1u
	rmsNoise(0.001 100000)		Error	No
	TIA loop Error		238.8u
	PTAT	corner	CMOS_Temp_Res_Cap_BJT_32 - 
	Slope		Error	No
	PSRR		Error	No
	Poten	corner	CMOS_Temp_Res_Cap_BJT_33 - 
	Bias error		91.14u
	Output noise		Error	No
	CA Loop Error		133.5u
	rmsNoise(0.001 100000)		Error	No
	TIA loop Error		224.7u
	PTAT	corner	CMOS_Temp_Res_Cap_BJT_33 - 
	Slope		Error	No
	PSRR		Error	No
	Poten	corner	CMOS_Temp_Res_Cap_BJT_34 - 
	Bias error		50.37u
	Output noise		Error	No
	CA Loop Error		102.7u
	rmsNoise(0.001 100000)		Error	No
	TIA loop Error		153.1u
	PTAT	corner	CMOS_Temp_Res_Cap_BJT_34 - 
	Slope		Error	No
	PSRR		Error	No
	Poten	corner	CMOS_Temp_Res_Cap_BJT_35 - 
	Bias error		48.58u
	Output noise		Error	No
	CA Loop Error		100.2u
	rmsNoise(0.001 100000)		Error	No
	TIA loop Error		148.8u
	PTAT	corner	CMOS_Temp_Res_Cap_BJT_35 - 
	Slope		Error	No
	PSRR		Error	No
	Poten	corner	CMOS_Temp_Res_Cap_BJT_36 - 
	Bias error		80.16u
	Output noise		Error	No
	CA Loop Error		140.7u
	rmsNoise(0.001 100000)		Error	No
	TIA loop Error		220.9u
	PTAT	corner	CMOS_Temp_Res_Cap_BJT_36 - 
	Slope		Error	No
	PSRR		Error	No
	Poten	corner	CMOS_Temp_Res_Cap_BJT_37 - 
	Bias error		75.85u
	Output noise		Error	No
	CA Loop Error		133.1u
	rmsNoise(0.001 100000)		Error	No
	TIA loop Error		208.9u
	PTAT	corner	CMOS_Temp_Res_Cap_BJT_37 - 
	Slope		Error	No
	PSRR		Error	No
	Poten	corner	CMOS_Temp_Res_Cap_BJT_38 - 
	Bias error		27.44u
	Output noise		Error	No
	CA Loop Error		102.5u
	rmsNoise(0.001 100000)		Error	No
	TIA loop Error		129.9u
	PTAT	corner	CMOS_Temp_Res_Cap_BJT_38 - 
	Slope		Error	No
	PSRR		Error	No
	Poten	corner	CMOS_Temp_Res_Cap_BJT_39 - 
	Bias error		31.02u
	Output noise		Error	No
	CA Loop Error		100.2u
	rmsNoise(0.001 100000)		Error	No
	TIA loop Error		131.3u
	PTAT	corner	CMOS_Temp_Res_Cap_BJT_39 - 
	Slope		Error	No
	PSRR		Error	No
	Poten	corner	CMOS_Temp_Res_Cap_BJT_40 - 
	Bias error		97.66u
	Output noise		Error	No
	CA Loop Error		141u
	rmsNoise(0.001 100000)		Error	No
	TIA loop Error		238.7u
	PTAT	corner	CMOS_Temp_Res_Cap_BJT_40 - 
	Slope		Error	No
	PSRR		Error	No
	Poten	corner	CMOS_Temp_Res_Cap_BJT_41 - 
	Bias error		91.37u
	Output noise		Error	No
	CA Loop Error		133u
	rmsNoise(0.001 100000)		Error	No
	TIA loop Error		224.4u
	PTAT	corner	CMOS_Temp_Res_Cap_BJT_41 - 
	Slope		Error	No
	PSRR		Error	No
	Poten	corner	CMOS_Temp_Res_Cap_BJT_42 - 
	Bias error		49.79u
	Output noise		Error	No
	CA Loop Error		102.8u
	rmsNoise(0.001 100000)		Error	No
	TIA loop Error		152.6u
	PTAT	corner	CMOS_Temp_Res_Cap_BJT_42 - 
	Slope		Error	No
	PSRR		Error	No
	Poten	corner	CMOS_Temp_Res_Cap_BJT_43 - 
	Bias error		48.99u
	Output noise		Error	No
	CA Loop Error		100.4u
	rmsNoise(0.001 100000)		Error	No
	TIA loop Error		149.4u
	PTAT	corner	CMOS_Temp_Res_Cap_BJT_43 - 
	Slope		Error	No
	PSRR		Error	No
	Poten	corner	CMOS_Temp_Res_Cap_BJT_44 - 
	Bias error		80.2u
	Output noise		Error	No
	CA Loop Error		140.5u
	rmsNoise(0.001 100000)		Error	No
	TIA loop Error		220.7u
	PTAT	corner	CMOS_Temp_Res_Cap_BJT_44 - 
	Slope		Error	No
	PSRR		Error	No
	Poten	corner	CMOS_Temp_Res_Cap_BJT_45 - 
	Bias error		74.48u
	Output noise		Error	No
	CA Loop Error		132.9u
	rmsNoise(0.001 100000)		Error	No
	TIA loop Error		207.3u
	PTAT	corner	CMOS_Temp_Res_Cap_BJT_45 - 
	Slope		Error	No
	PSRR		Error	No
	Poten	corner	CMOS_Temp_Res_Cap_BJT_46 - 
	Bias error		28.36u
	Output noise		Error	No
	CA Loop Error		102.5u
	rmsNoise(0.001 100000)		Error	No
	TIA loop Error		130.9u
	PTAT	corner	CMOS_Temp_Res_Cap_BJT_46 - 
	Slope		Error	No
	PSRR		Error	No
	Poten	corner	CMOS_Temp_Res_Cap_BJT_47 - 
	Bias error		31.53u
	Output noise		Error	No
	CA Loop Error		99.85u
	rmsNoise(0.001 100000)		Error	No
	TIA loop Error		131.4u
	PTAT	corner	CMOS_Temp_Res_Cap_BJT_47 - 
	Slope		Error	No
	PSRR		Error	No
	Poten	corner	Nominal - 
	Bias error		17.88u
	Output noise		Error	No
	CA Loop Error		102.6u
	rmsNoise(0.001 100000)		Error	No
	TIA loop Error		120.4u
	PTAT	corner	Nominal - 
	Slope		Error	No
	PSRR		Error	No
Design parameters: 
	Cdl		10n
	vdd		0
	vtran		0
	vref		1.615
	vddpuls		3.3
	R_ct		500K
	Cdl_CE		10n
	Rct_CE		100K
	Rs_CE		10K
	Rs_WE		10K
	PTAT_EN		0
	Calib_EN		1
	S0		0
	S1		0
	S2		1
	S3		0

Interactive.388
Number of points completed: 1
Number of simulation errors: 0
Interactive.388 completed. 
Current time: Fri Jun  5 16:00:18 2026 
