Starting Single Run, Sweeps and Corners...

Current time: Mon Jun  8 12:41:49 2026 
Best design point: 1
Design specs: 
	Poten	corner	CMOS_Res_Cap_BJT_0 - 
	Bias error		76.44u
	Output noise		Error	No
	CA Loop Error		141.2u
	rmsNoise(0.001 100000)		Error	No
	TIA loop Error		217.6u
	PTAT	corner	CMOS_Res_Cap_BJT_0 - 
	Slope		Error	No
	PSRR		Error	No
	rmsNoise(0.001 100000)		Error	No
	Poten	corner	CMOS_Res_Cap_BJT_1 - 
	Bias error		72.66u
	Output noise		Error	No
	CA Loop Error		133.7u
	rmsNoise(0.001 100000)		Error	No
	TIA loop Error		206.4u
	PTAT	corner	CMOS_Res_Cap_BJT_1 - 
	Slope		Error	No
	PSRR		Error	No
	rmsNoise(0.001 100000)		Error	No
	Poten	corner	CMOS_Res_Cap_BJT_2 - 
	Bias error		22.01u
	Output noise		Error	No
	CA Loop Error		102u
	rmsNoise(0.001 100000)		Error	No
	TIA loop Error		124u
	PTAT	corner	CMOS_Res_Cap_BJT_2 - 
	Slope		Error	No
	PSRR		Error	No
	rmsNoise(0.001 100000)		Error	No
	Poten	corner	CMOS_Res_Cap_BJT_3 - 
	Bias error		26.92u
	Output noise		Error	No
	CA Loop Error		99.73u
	rmsNoise(0.001 100000)		Error	No
	TIA loop Error		126.6u
	PTAT	corner	CMOS_Res_Cap_BJT_3 - 
	Slope		Error	No
	PSRR		Error	No
	rmsNoise(0.001 100000)		Error	No
	Poten	corner	CMOS_Res_Cap_BJT_4 - 
	Bias error		54.87u
	Output noise		Error	No
	CA Loop Error		140.7u
	rmsNoise(0.001 100000)		Error	No
	TIA loop Error		195.6u
	PTAT	corner	CMOS_Res_Cap_BJT_4 - 
	Slope		Error	No
	PSRR		Error	No
	rmsNoise(0.001 100000)		Error	No
	Poten	corner	CMOS_Res_Cap_BJT_5 - 
	Bias error		53.65u
	Output noise		Error	No
	CA Loop Error		133.1u
	rmsNoise(0.001 100000)		Error	No
	TIA loop Error		186.7u
	PTAT	corner	CMOS_Res_Cap_BJT_5 - 
	Slope		Error	No
	PSRR		Error	No
	rmsNoise(0.001 100000)		Error	No
	Poten	corner	CMOS_Res_Cap_BJT_6 - 
	Bias error		-4.096u
	Output noise		Error	No
	CA Loop Error		102.3u
	rmsNoise(0.001 100000)		Error	No
	TIA loop Error		98.23u
	PTAT	corner	CMOS_Res_Cap_BJT_6 - 
	Slope		Error	No
	PSRR		Error	No
	rmsNoise(0.001 100000)		Error	No
	Poten	corner	CMOS_Res_Cap_BJT_7 - 
	Bias error		5.665u
	Output noise		Error	No
	CA Loop Error		99.81u
	rmsNoise(0.001 100000)		Error	No
	TIA loop Error		105.5u
	PTAT	corner	CMOS_Res_Cap_BJT_7 - 
	Slope		Error	No
	PSRR		Error	No
	rmsNoise(0.001 100000)		Error	No
	Poten	corner	CMOS_Res_Cap_BJT_8 - 
	Bias error		76.9u
	Output noise		Error	No
	CA Loop Error		140.4u
	rmsNoise(0.001 100000)		Error	No
	TIA loop Error		217.3u
	PTAT	corner	CMOS_Res_Cap_BJT_8 - 
	Slope		Error	No
	PSRR		Error	No
	rmsNoise(0.001 100000)		Error	No
	Poten	corner	CMOS_Res_Cap_BJT_9 - 
	Bias error		72.73u
	Output noise		Error	No
	CA Loop Error		133.5u
	rmsNoise(0.001 100000)		Error	No
	TIA loop Error		206.2u
	PTAT	corner	CMOS_Res_Cap_BJT_9 - 
	Slope		Error	No
	PSRR		Error	No
	rmsNoise(0.001 100000)		Error	No
	Poten	corner	CMOS_Res_Cap_BJT_10 - 
	Bias error		20.87u
	Output noise		Error	No
	CA Loop Error		102.7u
	rmsNoise(0.001 100000)		Error	No
	TIA loop Error		123.6u
	PTAT	corner	CMOS_Res_Cap_BJT_10 - 
	Slope		Error	No
	PSRR		Error	No
	rmsNoise(0.001 100000)		Error	No
	Poten	corner	CMOS_Res_Cap_BJT_11 - 
	Bias error		26.77u
	Output noise		Error	No
	CA Loop Error		100.6u
	rmsNoise(0.001 100000)		Error	No
	TIA loop Error		127.3u
	PTAT	corner	CMOS_Res_Cap_BJT_11 - 
	Slope		Error	No
	PSRR		Error	No
	rmsNoise(0.001 100000)		Error	No
	Poten	corner	CMOS_Res_Cap_BJT_12 - 
	Bias error		55u
	Output noise		Error	No
	CA Loop Error		140.4u
	rmsNoise(0.001 100000)		Error	No
	TIA loop Error		195.4u
	PTAT	corner	CMOS_Res_Cap_BJT_12 - 
	Slope		Error	No
	PSRR		Error	No
	rmsNoise(0.001 100000)		Error	No
	Poten	corner	CMOS_Res_Cap_BJT_13 - 
	Bias error		53.87u
	Output noise		Error	No
	CA Loop Error		132.8u
	rmsNoise(0.001 100000)		Error	No
	TIA loop Error		186.7u
	PTAT	corner	CMOS_Res_Cap_BJT_13 - 
	Slope		Error	No
	PSRR		Error	No
	rmsNoise(0.001 100000)		Error	No
	Poten	corner	CMOS_Res_Cap_BJT_14 - 
	Bias error		-4.297u
	Output noise		Error	No
	CA Loop Error		101.9u
	rmsNoise(0.001 100000)		Error	No
	TIA loop Error		97.62u
	PTAT	corner	CMOS_Res_Cap_BJT_14 - 
	Slope		Error	No
	PSRR		Error	No
	rmsNoise(0.001 100000)		Error	No
	Poten	corner	CMOS_Res_Cap_BJT_15 - 
	Bias error		5.74u
	Output noise		Error	No
	CA Loop Error		99.71u
	rmsNoise(0.001 100000)		Error	No
	TIA loop Error		105.4u
	PTAT	corner	CMOS_Res_Cap_BJT_15 - 
	Slope		Error	No
	PSRR		Error	No
	rmsNoise(0.001 100000)		Error	No
	Poten	corner	CMOS_Res_Cap_BJT_16 - 
	Bias error		61.99u
	Output noise		Error	No
	CA Loop Error		141.3u
	rmsNoise(0.001 100000)		Error	No
	TIA loop Error		203.3u
	PTAT	corner	CMOS_Res_Cap_BJT_16 - 
	Slope		Error	No
	PSRR		Error	No
	rmsNoise(0.001 100000)		Error	No
	Poten	corner	CMOS_Res_Cap_BJT_17 - 
	Bias error		60.29u
	Output noise		Error	No
	CA Loop Error		133.8u
	rmsNoise(0.001 100000)		Error	No
	TIA loop Error		194.1u
	PTAT	corner	CMOS_Res_Cap_BJT_17 - 
	Slope		Error	No
	PSRR		Error	No
	rmsNoise(0.001 100000)		Error	No
	Poten	corner	CMOS_Res_Cap_BJT_18 - 
	Bias error		1.52u
	Output noise		Error	No
	CA Loop Error		102.2u
	rmsNoise(0.001 100000)		Error	No
	TIA loop Error		103.7u
	PTAT	corner	CMOS_Res_Cap_BJT_18 - 
	Slope		Error	No
	PSRR		Error	No
	rmsNoise(0.001 100000)		Error	No
	Poten	corner	CMOS_Res_Cap_BJT_19 - 
	Bias error		12.11u
	Output noise		Error	No
	CA Loop Error		99.67u
	rmsNoise(0.001 100000)		Error	No
	TIA loop Error		111.8u
	PTAT	corner	CMOS_Res_Cap_BJT_19 - 
	Slope		Error	No
	PSRR		Error	No
	rmsNoise(0.001 100000)		Error	No
	Poten	corner	CMOS_Res_Cap_BJT_20 - 
	Bias error		37.76u
	Output noise		Error	No
	CA Loop Error		140.8u
	rmsNoise(0.001 100000)		Error	No
	TIA loop Error		178.5u
	PTAT	corner	CMOS_Res_Cap_BJT_20 - 
	Slope		Error	No
	PSRR		Error	No
	rmsNoise(0.001 100000)		Error	No
	Poten	corner	CMOS_Res_Cap_BJT_21 - 
	Bias error		38.56u
	Output noise		Error	No
	CA Loop Error		133.2u
	rmsNoise(0.001 100000)		Error	No
	TIA loop Error		171.7u
	PTAT	corner	CMOS_Res_Cap_BJT_21 - 
	Slope		Error	No
	PSRR		Error	No
	rmsNoise(0.001 100000)		Error	No
	Poten	corner	CMOS_Res_Cap_BJT_22 - 
	Bias error		-26.44u
	Output noise		Error	No
	CA Loop Error		102.3u
	rmsNoise(0.001 100000)		Error	No
	TIA loop Error		75.88u
	PTAT	corner	CMOS_Res_Cap_BJT_22 - 
	Slope		Error	No
	PSRR		Error	No
	rmsNoise(0.001 100000)		Error	No
	Poten	corner	CMOS_Res_Cap_BJT_23 - 
	Bias error		-11.55u
	Output noise		Error	No
	CA Loop Error		99.74u
	rmsNoise(0.001 100000)		Error	No
	TIA loop Error		88.19u
	PTAT	corner	CMOS_Res_Cap_BJT_23 - 
	Slope		Error	No
	PSRR		Error	No
	rmsNoise(0.001 100000)		Error	No
	Poten	corner	CMOS_Res_Cap_BJT_24 - 
	Bias error		62.48u
	Output noise		Error	No
	CA Loop Error		140.5u
	rmsNoise(0.001 100000)		Error	No
	TIA loop Error		203u
	PTAT	corner	CMOS_Res_Cap_BJT_24 - 
	Slope		Error	No
	PSRR		Error	No
	rmsNoise(0.001 100000)		Error	No
	Poten	corner	CMOS_Res_Cap_BJT_25 - 
	Bias error		60.66u
	Output noise		Error	No
	CA Loop Error		133.2u
	rmsNoise(0.001 100000)		Error	No
	TIA loop Error		193.9u
	PTAT	corner	CMOS_Res_Cap_BJT_25 - 
	Slope		Error	No
	PSRR		Error	No
	rmsNoise(0.001 100000)		Error	No
	Poten	corner	CMOS_Res_Cap_BJT_26 - 
	Bias error		1.578u
	Output noise		Error	No
	CA Loop Error		102.7u
	rmsNoise(0.001 100000)		Error	No
	TIA loop Error		104.3u
	PTAT	corner	CMOS_Res_Cap_BJT_26 - 
	Slope		Error	No
	PSRR		Error	No
	rmsNoise(0.001 100000)		Error	No
	Poten	corner	CMOS_Res_Cap_BJT_27 - 
	Bias error		11.96u
	Output noise		Error	No
	CA Loop Error		100.5u
	rmsNoise(0.001 100000)		Error	No
	TIA loop Error		112.4u
	PTAT	corner	CMOS_Res_Cap_BJT_27 - 
	Slope		Error	No
	PSRR		Error	No
	rmsNoise(0.001 100000)		Error	No
	Poten	corner	CMOS_Res_Cap_BJT_28 - 
	Bias error		36.27u
	Output noise		Error	No
	CA Loop Error		140u
	rmsNoise(0.001 100000)		Error	No
	TIA loop Error		176.2u
	PTAT	corner	CMOS_Res_Cap_BJT_28 - 
	Slope		Error	No
	PSRR		Error	No
	rmsNoise(0.001 100000)		Error	No
	Poten	corner	CMOS_Res_Cap_BJT_29 - 
	Bias error		38.2u
	Output noise		Error	No
	CA Loop Error		133.2u
	rmsNoise(0.001 100000)		Error	No
	TIA loop Error		171.4u
	PTAT	corner	CMOS_Res_Cap_BJT_29 - 
	Slope		Error	No
	PSRR		Error	No
	rmsNoise(0.001 100000)		Error	No
	Poten	corner	CMOS_Res_Cap_BJT_30 - 
	Bias error		-25.88u
	Output noise		Error	No
	CA Loop Error		101.9u
	rmsNoise(0.001 100000)		Error	No
	TIA loop Error		75.97u
	PTAT	corner	CMOS_Res_Cap_BJT_30 - 
	Slope		Error	No
	PSRR		Error	No
	rmsNoise(0.001 100000)		Error	No
	Poten	corner	CMOS_Res_Cap_BJT_31 - 
	Bias error		-11.1u
	Output noise		Error	No
	CA Loop Error		99.28u
	rmsNoise(0.001 100000)		Error	No
	TIA loop Error		88.18u
	PTAT	corner	CMOS_Res_Cap_BJT_31 - 
	Slope		Error	No
	PSRR		Error	No
	rmsNoise(0.001 100000)		Error	No
	Poten	corner	CMOS_Res_Cap_BJT_32 - 
	Bias error		97.67u
	Output noise		Error	No
	CA Loop Error		141.2u
	rmsNoise(0.001 100000)		Error	No
	TIA loop Error		238.9u
	PTAT	corner	CMOS_Res_Cap_BJT_32 - 
	Slope		Error	No
	PSRR		Error	No
	rmsNoise(0.001 100000)		Error	No
	Poten	corner	CMOS_Res_Cap_BJT_33 - 
	Bias error		89.17u
	Output noise		Error	No
	CA Loop Error		133.7u
	rmsNoise(0.001 100000)		Error	No
	TIA loop Error		222.8u
	PTAT	corner	CMOS_Res_Cap_BJT_33 - 
	Slope		Error	No
	PSRR		Error	No
	rmsNoise(0.001 100000)		Error	No
	Poten	corner	CMOS_Res_Cap_BJT_34 - 
	Bias error		50.77u
	Output noise		Error	No
	CA Loop Error		102.3u
	rmsNoise(0.001 100000)		Error	No
	TIA loop Error		153u
	PTAT	corner	CMOS_Res_Cap_BJT_34 - 
	Slope		Error	No
	PSRR		Error	No
	rmsNoise(0.001 100000)		Error	No
	Poten	corner	CMOS_Res_Cap_BJT_35 - 
	Bias error		50.07u
	Output noise		Error	No
	CA Loop Error		99.84u
	rmsNoise(0.001 100000)		Error	No
	TIA loop Error		149.9u
	PTAT	corner	CMOS_Res_Cap_BJT_35 - 
	Slope		Error	No
	PSRR		Error	No
	rmsNoise(0.001 100000)		Error	No
	Poten	corner	CMOS_Res_Cap_BJT_36 - 
	Bias error		80.31u
	Output noise		Error	No
	CA Loop Error		140.7u
	rmsNoise(0.001 100000)		Error	No
	TIA loop Error		221u
	PTAT	corner	CMOS_Res_Cap_BJT_36 - 
	Slope		Error	No
	PSRR		Error	No
	rmsNoise(0.001 100000)		Error	No
	Poten	corner	CMOS_Res_Cap_BJT_37 - 
	Bias error		73.86u
	Output noise		Error	No
	CA Loop Error		132.8u
	rmsNoise(0.001 100000)		Error	No
	TIA loop Error		206.6u
	PTAT	corner	CMOS_Res_Cap_BJT_37 - 
	Slope		Error	No
	PSRR		Error	No
	rmsNoise(0.001 100000)		Error	No
	Poten	corner	CMOS_Res_Cap_BJT_38 - 
	Bias error		27.65u
	Output noise		Error	No
	CA Loop Error		102.2u
	rmsNoise(0.001 100000)		Error	No
	TIA loop Error		129.9u
	PTAT	corner	CMOS_Res_Cap_BJT_38 - 
	Slope		Error	No
	PSRR		Error	No
	rmsNoise(0.001 100000)		Error	No
	Poten	corner	CMOS_Res_Cap_BJT_39 - 
	Bias error		31.35u
	Output noise		Error	No
	CA Loop Error		99.91u
	rmsNoise(0.001 100000)		Error	No
	TIA loop Error		131.3u
	PTAT	corner	CMOS_Res_Cap_BJT_39 - 
	Slope		Error	No
	PSRR		Error	No
	rmsNoise(0.001 100000)		Error	No
	Poten	corner	CMOS_Res_Cap_BJT_40 - 
	Bias error		98.6u
	Output noise		Error	No
	CA Loop Error		140.4u
	rmsNoise(0.001 100000)		Error	No
	TIA loop Error		239u
	PTAT	corner	CMOS_Res_Cap_BJT_40 - 
	Slope		Error	No
	PSRR		Error	No
	rmsNoise(0.001 100000)		Error	No
	Poten	corner	CMOS_Res_Cap_BJT_41 - 
	Bias error		91.02u
	Output noise		Error	No
	CA Loop Error		133.4u
	rmsNoise(0.001 100000)		Error	No
	TIA loop Error		224.4u
	PTAT	corner	CMOS_Res_Cap_BJT_41 - 
	Slope		Error	No
	PSRR		Error	No
	rmsNoise(0.001 100000)		Error	No
	Poten	corner	CMOS_Res_Cap_BJT_42 - 
	Bias error		50.62u
	Output noise		Error	No
	CA Loop Error		102.9u
	rmsNoise(0.001 100000)		Error	No
	TIA loop Error		153.6u
	PTAT	corner	CMOS_Res_Cap_BJT_42 - 
	Slope		Error	No
	PSRR		Error	No
	rmsNoise(0.001 100000)		Error	No
	Poten	corner	CMOS_Res_Cap_BJT_43 - 
	Bias error		48.69u
	Output noise		Error	No
	CA Loop Error		100.7u
	rmsNoise(0.001 100000)		Error	No
	TIA loop Error		149.4u
	PTAT	corner	CMOS_Res_Cap_BJT_43 - 
	Slope		Error	No
	PSRR		Error	No
	rmsNoise(0.001 100000)		Error	No
	Poten	corner	CMOS_Res_Cap_BJT_44 - 
	Bias error		80.48u
	Output noise		Error	No
	CA Loop Error		140.2u
	rmsNoise(0.001 100000)		Error	No
	TIA loop Error		220.7u
	PTAT	corner	CMOS_Res_Cap_BJT_44 - 
	Slope		Error	No
	PSRR		Error	No
	rmsNoise(0.001 100000)		Error	No
	Poten	corner	CMOS_Res_Cap_BJT_45 - 
	Bias error		75.63u
	Output noise		Error	No
	CA Loop Error		133u
	rmsNoise(0.001 100000)		Error	No
	TIA loop Error		208.6u
	PTAT	corner	CMOS_Res_Cap_BJT_45 - 
	Slope		Error	No
	PSRR		Error	No
	rmsNoise(0.001 100000)		Error	No
	Poten	corner	CMOS_Res_Cap_BJT_46 - 
	Bias error		27.61u
	Output noise		Error	No
	CA Loop Error		102u
	rmsNoise(0.001 100000)		Error	No
	TIA loop Error		129.6u
	PTAT	corner	CMOS_Res_Cap_BJT_46 - 
	Slope		Error	No
	PSRR		Error	No
	rmsNoise(0.001 100000)		Error	No
	Poten	corner	CMOS_Res_Cap_BJT_47 - 
	Bias error		31.83u
	Output noise		Error	No
	CA Loop Error		99.59u
	rmsNoise(0.001 100000)		Error	No
	TIA loop Error		131.4u
	PTAT	corner	CMOS_Res_Cap_BJT_47 - 
	Slope		Error	No
	PSRR		Error	No
	rmsNoise(0.001 100000)		Error	No
	Poten	corner	Nominal - 
	Bias error		17.64u
	Output noise		Error	No
	CA Loop Error		102.7u
	rmsNoise(0.001 100000)		Error	No
	TIA loop Error		120.4u
	PTAT	corner	Nominal - 
	Slope		Error	No
	PSRR		Error	No
	rmsNoise(0.001 100000)		Error	No
Design parameters: 
	Cdl		10n
	vdd		0
	vtran		0
	vref		1.615
	vddpuls		3.3
	R_ct		500K
	Cdl_CE		10n
	Rct_CE		100K
	Rs_CE		10K
	Rs_WE		10K
	PTAT_EN		0
	Calib_EN		1
	S0		0
	S1		0
	S2		1
	S3		0

Interactive.396
Number of points completed: 1
Number of simulation errors: 0
Interactive.396 completed. 
Current time: Mon Jun  8 12:53:01 2026 
