Starting Single Run, Sweeps and Corners...

Current time: Sat May 30 18:17:56 2026 
Best design point: 1
Design specs: 
	Poten	corner	CMOS_Res_Cap_Temp_0 - 
	Bias error		26.71u
	CA Loop Error		92.47u
	rmsNoise(0.001 100000)		7.127u
	TIA loop Error		119.2u
	Poten	corner	CMOS_Res_Cap_Temp_1 - 
	Bias error		206.3u
	CA Loop Error		251u
	rmsNoise(0.001 100000)		16.05u
	TIA loop Error		457.3u
	Poten	corner	CMOS_Res_Cap_Temp_2 - 
	Bias error		27.19u
	CA Loop Error		87.7u
	rmsNoise(0.001 100000)		6.935u
	TIA loop Error		114.9u
	Poten	corner	CMOS_Res_Cap_Temp_3 - 
	Bias error		192.2u
	CA Loop Error		238u
	rmsNoise(0.001 100000)		16.27u
	TIA loop Error		430.2u
	Poten	corner	CMOS_Res_Cap_Temp_4 - 
	Bias error		-214.6u
	CA Loop Error		93.07u
	rmsNoise(0.001 100000)		2.362u
	TIA loop Error		121.5u
	Poten	corner	CMOS_Res_Cap_Temp_5 - 
	Bias error		26.94u
	CA Loop Error		127u
	rmsNoise(0.001 100000)		15.13u
	TIA loop Error		154u
	Poten	corner	CMOS_Res_Cap_Temp_6 - 
	Bias error		10.5u
	CA Loop Error		80.43u
	rmsNoise(0.001 100000)		2.423u
	TIA loop Error		90.93u
	Poten	corner	CMOS_Res_Cap_Temp_7 - 
	Bias error		35.13u
	CA Loop Error		125.4u
	rmsNoise(0.001 100000)		15.44u
	TIA loop Error		160.5u
	Poten	corner	CMOS_Res_Cap_Temp_8 - 
	Bias error		11.05u
	CA Loop Error		91.2u
	rmsNoise(0.001 100000)		7.21u
	TIA loop Error		102.3u
	Poten	corner	CMOS_Res_Cap_Temp_9 - 
	Bias error		174.9u
	CA Loop Error		251u
	rmsNoise(0.001 100000)		16.11u
	TIA loop Error		425.9u
	Poten	corner	CMOS_Res_Cap_Temp_10 - 
	Bias error		9.339u
	CA Loop Error		87.74u
	rmsNoise(0.001 100000)		7.029u
	TIA loop Error		97.08u
	Poten	corner	CMOS_Res_Cap_Temp_11 - 
	Bias error		164.8u
	CA Loop Error		238u
	rmsNoise(0.001 100000)		16.34u
	TIA loop Error		402.8u
	Poten	corner	CMOS_Res_Cap_Temp_12 - 
	Bias error		-138.4u
	CA Loop Error		91.88u
	rmsNoise(0.001 100000)		2.614u
	TIA loop Error		46.56u
	Poten	corner	CMOS_Res_Cap_Temp_13 - 
	Bias error		-5.934u
	CA Loop Error		127.4u
	rmsNoise(0.001 100000)		15.19u
	TIA loop Error		121.5u
	Poten	corner	CMOS_Res_Cap_Temp_14 - 
	Bias error		-6.743u
	CA Loop Error		80.24u
	rmsNoise(0.001 100000)		2.681u
	TIA loop Error		73.5u
	Poten	corner	CMOS_Res_Cap_Temp_15 - 
	Bias error		6.317u
	CA Loop Error		125.7u
	rmsNoise(0.001 100000)		15.5u
	TIA loop Error		132u
	Poten	corner	CMOS_Res_Cap_Temp_16 - 
	Bias error		28.35u
	CA Loop Error		90.67u
	rmsNoise(0.001 100000)		7.092u
	TIA loop Error		119u
	Poten	corner	CMOS_Res_Cap_Temp_17 - 
	Bias error		207.7u
	CA Loop Error		250.2u
	rmsNoise(0.001 100000)		16.04u
	TIA loop Error		457.9u
	Poten	corner	CMOS_Res_Cap_Temp_18 - 
	Bias error		27.07u
	CA Loop Error		87.52u
	rmsNoise(0.001 100000)		6.904u
	TIA loop Error		114.6u
	Poten	corner	CMOS_Res_Cap_Temp_19 - 
	Bias error		193.4u
	CA Loop Error		237.7u
	rmsNoise(0.001 100000)		16.27u
	TIA loop Error		431.1u
	Poten	corner	CMOS_Res_Cap_Temp_20 - 
	Bias error		-220.2u
	CA Loop Error		95.33u
	rmsNoise(0.001 100000)		2.362u
	TIA loop Error		124.8u
	Poten	corner	CMOS_Res_Cap_Temp_21 - 
	Bias error		26.92u
	CA Loop Error		127.6u
	rmsNoise(0.001 100000)		15.11u
	TIA loop Error		154.6u
	Poten	corner	CMOS_Res_Cap_Temp_22 - 
	Bias error		10.66u
	CA Loop Error		80.46u
	rmsNoise(0.001 100000)		2.422u
	TIA loop Error		91.12u
	Poten	corner	CMOS_Res_Cap_Temp_23 - 
	Bias error		34.43u
	CA Loop Error		125.9u
	rmsNoise(0.001 100000)		15.42u
	TIA loop Error		160.3u
	Poten	corner	CMOS_Res_Cap_Temp_24 - 
	Bias error		9.077u
	CA Loop Error		93.09u
	rmsNoise(0.001 100000)		7.175u
	TIA loop Error		102.2u
	Poten	corner	CMOS_Res_Cap_Temp_25 - 
	Bias error		175.6u
	CA Loop Error		250.6u
	rmsNoise(0.001 100000)		16.11u
	TIA loop Error		426.1u
	Poten	corner	CMOS_Res_Cap_Temp_26 - 
	Bias error		9.2u
	CA Loop Error		86.83u
	rmsNoise(0.001 100000)		6.995u
	TIA loop Error		96.03u
	Poten	corner	CMOS_Res_Cap_Temp_27 - 
	Bias error		165.6u
	CA Loop Error		237.1u
	rmsNoise(0.001 100000)		16.33u
	TIA loop Error		402.7u
	Poten	corner	CMOS_Res_Cap_Temp_28 - 
	Bias error		-15.32m
	CA Loop Error		93.95u
	rmsNoise(0.001 100000)		2.613u
	TIA loop Error		15.23m
	Poten	corner	CMOS_Res_Cap_Temp_29 - 
	Bias error		-6.338u
	CA Loop Error		127.1u
	rmsNoise(0.001 100000)		15.17u
	TIA loop Error		120.7u
	Poten	corner	CMOS_Res_Cap_Temp_30 - 
	Bias error		-8.51u
	CA Loop Error		79.8u
	rmsNoise(0.001 100000)		2.68u
	TIA loop Error		71.29u
	Poten	corner	CMOS_Res_Cap_Temp_31 - 
	Bias error		6.591u
	CA Loop Error		125.4u
	rmsNoise(0.001 100000)		15.48u
	TIA loop Error		132u
	Poten	corner	Nominal - 
	Bias error		17.83u
	CA Loop Error		102.6u
	rmsNoise(0.001 100000)		11.26u
	TIA loop Error		120.5u
Design parameters: 
	Cdl		10n
	vdd		0
	vtran		0
	vref		1.615
	vddpuls		3.3
	R_ct		500K
	Cdl_CE		10n
	Rct_CE		100K
	Rs_CE		10K
	Rs_WE		10K
	PTAT_EN		0
	Calib_EN		0
	S0		0
	S1		0
	S2		1
	S3		0

Interactive.302
Number of points completed: 1
Number of simulation errors: 0
Interactive.302 completed. 
Current time: Sat May 30 18:23:51 2026 
