Starting Single Run, Sweeps and Corners...

Current time: Fri Jun  5 16:05:30 2026 
Best design point: 1
Design specs: 
	Poten	corner	CMOS_Temp_Res_Cap_BJT_0 - 
	Bias error		76.43u
	Output noise		Error	No
	CA Loop Error		141.2u
	rmsNoise(0.001 100000)		Error	No
	TIA loop Error		217.6u
	PTAT	corner	CMOS_Temp_Res_Cap_BJT_0 - 
	Slope		Error	No
	PSRR		Error	No
	Poten	corner	CMOS_Temp_Res_Cap_BJT_1 - 
	Bias error		70.76u
	Output noise		Error	No
	CA Loop Error		133.9u
	rmsNoise(0.001 100000)		Error	No
	TIA loop Error		204.6u
	PTAT	corner	CMOS_Temp_Res_Cap_BJT_1 - 
	Slope		Error	No
	PSRR		Error	No
	Poten	corner	CMOS_Temp_Res_Cap_BJT_2 - 
	Bias error		21.89u
	Output noise		Error	No
	CA Loop Error		102.1u
	rmsNoise(0.001 100000)		Error	No
	TIA loop Error		124u
	PTAT	corner	CMOS_Temp_Res_Cap_BJT_2 - 
	Slope		Error	No
	PSRR		Error	No
	Poten	corner	CMOS_Temp_Res_Cap_BJT_3 - 
	Bias error		27.55u
	Output noise		Error	No
	CA Loop Error		99.23u
	rmsNoise(0.001 100000)		Error	No
	TIA loop Error		126.8u
	PTAT	corner	CMOS_Temp_Res_Cap_BJT_3 - 
	Slope		Error	No
	PSRR		Error	No
	Poten	corner	CMOS_Temp_Res_Cap_BJT_4 - 
	Bias error		53.2u
	Output noise		Error	No
	CA Loop Error		140.2u
	rmsNoise(0.001 100000)		Error	No
	TIA loop Error		193.4u
	PTAT	corner	CMOS_Temp_Res_Cap_BJT_4 - 
	Slope		Error	No
	PSRR		Error	No
	Poten	corner	CMOS_Temp_Res_Cap_BJT_5 - 
	Bias error		53.08u
	Output noise		Error	No
	CA Loop Error		133.4u
	rmsNoise(0.001 100000)		Error	No
	TIA loop Error		186.5u
	PTAT	corner	CMOS_Temp_Res_Cap_BJT_5 - 
	Slope		Error	No
	PSRR		Error	No
	Poten	corner	CMOS_Temp_Res_Cap_BJT_6 - 
	Bias error		-3.819u
	Output noise		Error	No
	CA Loop Error		102.1u
	rmsNoise(0.001 100000)		Error	No
	TIA loop Error		98.25u
	PTAT	corner	CMOS_Temp_Res_Cap_BJT_6 - 
	Slope		Error	No
	PSRR		Error	No
	Poten	corner	CMOS_Temp_Res_Cap_BJT_7 - 
	Bias error		5.599u
	Output noise		Error	No
	CA Loop Error		99.85u
	rmsNoise(0.001 100000)		Error	No
	TIA loop Error		105.4u
	PTAT	corner	CMOS_Temp_Res_Cap_BJT_7 - 
	Slope		Error	No
	PSRR		Error	No
	Poten	corner	CMOS_Temp_Res_Cap_BJT_8 - 
	Bias error		76.92u
	Output noise		Error	No
	CA Loop Error		140.4u
	rmsNoise(0.001 100000)		Error	No
	TIA loop Error		217.3u
	PTAT	corner	CMOS_Temp_Res_Cap_BJT_8 - 
	Slope		Error	No
	PSRR		Error	No
	Poten	corner	CMOS_Temp_Res_Cap_BJT_9 - 
	Bias error		73.09u
	Output noise		Error	No
	CA Loop Error		133.1u
	rmsNoise(0.001 100000)		Error	No
	TIA loop Error		206.2u
	PTAT	corner	CMOS_Temp_Res_Cap_BJT_9 - 
	Slope		Error	No
	PSRR		Error	No
	Poten	corner	CMOS_Temp_Res_Cap_BJT_10 - 
	Bias error		20.87u
	Output noise		Error	No
	CA Loop Error		102.7u
	rmsNoise(0.001 100000)		Error	No
	TIA loop Error		123.6u
	PTAT	corner	CMOS_Temp_Res_Cap_BJT_10 - 
	Slope		Error	No
	PSRR		Error	No
	Poten	corner	CMOS_Temp_Res_Cap_BJT_11 - 
	Bias error		26.79u
	Output noise		Error	No
	CA Loop Error		100.5u
	rmsNoise(0.001 100000)		Error	No
	TIA loop Error		127.3u
	PTAT	corner	CMOS_Temp_Res_Cap_BJT_11 - 
	Slope		Error	No
	PSRR		Error	No
	Poten	corner	CMOS_Temp_Res_Cap_BJT_12 - 
	Bias error		51.9u
	Output noise		Error	No
	CA Loop Error		141.1u
	rmsNoise(0.001 100000)		Error	No
	TIA loop Error		193u
	PTAT	corner	CMOS_Temp_Res_Cap_BJT_12 - 
	Slope		Error	No
	PSRR		Error	No
	Poten	corner	CMOS_Temp_Res_Cap_BJT_13 - 
	Bias error		53.15u
	Output noise		Error	No
	CA Loop Error		133.3u
	rmsNoise(0.001 100000)		Error	No
	TIA loop Error		186.4u
	PTAT	corner	CMOS_Temp_Res_Cap_BJT_13 - 
	Slope		Error	No
	PSRR		Error	No
	Poten	corner	CMOS_Temp_Res_Cap_BJT_14 - 
	Bias error		-3.991u
	Output noise		Error	No
	CA Loop Error		101.7u
	rmsNoise(0.001 100000)		Error	No
	TIA loop Error		97.69u
	PTAT	corner	CMOS_Temp_Res_Cap_BJT_14 - 
	Slope		Error	No
	PSRR		Error	No
	Poten	corner	CMOS_Temp_Res_Cap_BJT_15 - 
	Bias error		6.096u
	Output noise		Error	No
	CA Loop Error		99.13u
	rmsNoise(0.001 100000)		Error	No
	TIA loop Error		105.2u
	PTAT	corner	CMOS_Temp_Res_Cap_BJT_15 - 
	Slope		Error	No
	PSRR		Error	No
	Poten	corner	CMOS_Temp_Res_Cap_BJT_16 - 
	Bias error		61.82u
	Output noise		Error	No
	CA Loop Error		141.2u
	rmsNoise(0.001 100000)		Error	No
	TIA loop Error		203.1u
	PTAT	corner	CMOS_Temp_Res_Cap_BJT_16 - 
	Slope		Error	No
	PSRR		Error	No
	Poten	corner	CMOS_Temp_Res_Cap_BJT_17 - 
	Bias error		59.28u
	Output noise		Error	No
	CA Loop Error		133.8u
	rmsNoise(0.001 100000)		Error	No
	TIA loop Error		193.1u
	PTAT	corner	CMOS_Temp_Res_Cap_BJT_17 - 
	Slope		Error	No
	PSRR		Error	No
	Poten	corner	CMOS_Temp_Res_Cap_BJT_18 - 
	Bias error		929.1n
	Output noise		Error	No
	CA Loop Error		102.7u
	rmsNoise(0.001 100000)		Error	No
	TIA loop Error		103.7u
	PTAT	corner	CMOS_Temp_Res_Cap_BJT_18 - 
	Slope		Error	No
	PSRR		Error	No
	Poten	corner	CMOS_Temp_Res_Cap_BJT_19 - 
	Bias error		11.77u
	Output noise		Error	No
	CA Loop Error		99.66u
	rmsNoise(0.001 100000)		Error	No
	TIA loop Error		111.4u
	PTAT	corner	CMOS_Temp_Res_Cap_BJT_19 - 
	Slope		Error	No
	PSRR		Error	No
	Poten	corner	CMOS_Temp_Res_Cap_BJT_20 - 
	Bias error		36.07u
	Output noise		Error	No
	CA Loop Error		140.3u
	rmsNoise(0.001 100000)		Error	No
	TIA loop Error		176.4u
	PTAT	corner	CMOS_Temp_Res_Cap_BJT_20 - 
	Slope		Error	No
	PSRR		Error	No
	Poten	corner	CMOS_Temp_Res_Cap_BJT_21 - 
	Bias error		37.92u
	Output noise		Error	No
	CA Loop Error		133.6u
	rmsNoise(0.001 100000)		Error	No
	TIA loop Error		171.6u
	PTAT	corner	CMOS_Temp_Res_Cap_BJT_21 - 
	Slope		Error	No
	PSRR		Error	No
	Poten	corner	CMOS_Temp_Res_Cap_BJT_22 - 
	Bias error		-26.43u
	Output noise		Error	No
	CA Loop Error		102.3u
	rmsNoise(0.001 100000)		Error	No
	TIA loop Error		75.88u
	PTAT	corner	CMOS_Temp_Res_Cap_BJT_22 - 
	Slope		Error	No
	PSRR		Error	No
	Poten	corner	CMOS_Temp_Res_Cap_BJT_23 - 
	Bias error		-11.71u
	Output noise		Error	No
	CA Loop Error		99.78u
	rmsNoise(0.001 100000)		Error	No
	TIA loop Error		88.07u
	PTAT	corner	CMOS_Temp_Res_Cap_BJT_23 - 
	Slope		Error	No
	PSRR		Error	No
	Poten	corner	CMOS_Temp_Res_Cap_BJT_24 - 
	Bias error		62.48u
	Output noise		Error	No
	CA Loop Error		140.4u
	rmsNoise(0.001 100000)		Error	No
	TIA loop Error		202.9u
	PTAT	corner	CMOS_Temp_Res_Cap_BJT_24 - 
	Slope		Error	No
	PSRR		Error	No
	Poten	corner	CMOS_Temp_Res_Cap_BJT_25 - 
	Bias error		60.81u
	Output noise		Error	No
	CA Loop Error		133.2u
	rmsNoise(0.001 100000)		Error	No
	TIA loop Error		194u
	PTAT	corner	CMOS_Temp_Res_Cap_BJT_25 - 
	Slope		Error	No
	PSRR		Error	No
	Poten	corner	CMOS_Temp_Res_Cap_BJT_26 - 
	Bias error		2.409u
	Output noise		Error	No
	CA Loop Error		102.6u
	rmsNoise(0.001 100000)		Error	No
	TIA loop Error		105u
	PTAT	corner	CMOS_Temp_Res_Cap_BJT_26 - 
	Slope		Error	No
	PSRR		Error	No
	Poten	corner	CMOS_Temp_Res_Cap_BJT_27 - 
	Bias error		11.96u
	Output noise		Error	No
	CA Loop Error		100.4u
	rmsNoise(0.001 100000)		Error	No
	TIA loop Error		112.4u
	PTAT	corner	CMOS_Temp_Res_Cap_BJT_27 - 
	Slope		Error	No
	PSRR		Error	No
	Poten	corner	CMOS_Temp_Res_Cap_BJT_28 - 
	Bias error		37.86u
	Output noise		Error	No
	CA Loop Error		140.6u
	rmsNoise(0.001 100000)		Error	No
	TIA loop Error		178.4u
	PTAT	corner	CMOS_Temp_Res_Cap_BJT_28 - 
	Slope		Error	No
	PSRR		Error	No
	Poten	corner	CMOS_Temp_Res_Cap_BJT_29 - 
	Bias error		38.23u
	Output noise		Error	No
	CA Loop Error		133.2u
	rmsNoise(0.001 100000)		Error	No
	TIA loop Error		171.5u
	PTAT	corner	CMOS_Temp_Res_Cap_BJT_29 - 
	Slope		Error	No
	PSRR		Error	No
	Poten	corner	CMOS_Temp_Res_Cap_BJT_30 - 
	Bias error		-25.95u
	Output noise		Error	No
	CA Loop Error		101.7u
	rmsNoise(0.001 100000)		Error	No
	TIA loop Error		75.72u
	PTAT	corner	CMOS_Temp_Res_Cap_BJT_30 - 
	Slope		Error	No
	PSRR		Error	No
	Poten	corner	CMOS_Temp_Res_Cap_BJT_31 - 
	Bias error		-11.12u
	Output noise		Error	No
	CA Loop Error		99.32u
	rmsNoise(0.001 100000)		Error	No
	TIA loop Error		88.21u
	PTAT	corner	CMOS_Temp_Res_Cap_BJT_31 - 
	Slope		Error	No
	PSRR		Error	No
	Poten	corner	CMOS_Temp_Res_Cap_BJT_32 - 
	Bias error		97.91u
	Output noise		Error	No
	CA Loop Error		141.2u
	rmsNoise(0.001 100000)		Error	No
	TIA loop Error		239.1u
	PTAT	corner	CMOS_Temp_Res_Cap_BJT_32 - 
	Slope		Error	No
	PSRR		Error	No
	Poten	corner	CMOS_Temp_Res_Cap_BJT_33 - 
	Bias error		89.16u
	Output noise		Error	No
	CA Loop Error		133.7u
	rmsNoise(0.001 100000)		Error	No
	TIA loop Error		222.8u
	PTAT	corner	CMOS_Temp_Res_Cap_BJT_33 - 
	Slope		Error	No
	PSRR		Error	No
	Poten	corner	CMOS_Temp_Res_Cap_BJT_34 - 
	Bias error		49.56u
	Output noise		Error	No
	CA Loop Error		102.8u
	rmsNoise(0.001 100000)		Error	No
	TIA loop Error		152.3u
	PTAT	corner	CMOS_Temp_Res_Cap_BJT_34 - 
	Slope		Error	No
	PSRR		Error	No
	Poten	corner	CMOS_Temp_Res_Cap_BJT_35 - 
	Bias error		49.38u
	Output noise		Error	No
	CA Loop Error		99.39u
	rmsNoise(0.001 100000)		Error	No
	TIA loop Error		148.8u
	PTAT	corner	CMOS_Temp_Res_Cap_BJT_35 - 
	Slope		Error	No
	PSRR		Error	No
	Poten	corner	CMOS_Temp_Res_Cap_BJT_36 - 
	Bias error		78.78u
	Output noise		Error	No
	CA Loop Error		140.2u
	rmsNoise(0.001 100000)		Error	No
	TIA loop Error		219u
	PTAT	corner	CMOS_Temp_Res_Cap_BJT_36 - 
	Slope		Error	No
	PSRR		Error	No
	Poten	corner	CMOS_Temp_Res_Cap_BJT_37 - 
	Bias error		75.1u
	Output noise		Error	No
	CA Loop Error		133.6u
	rmsNoise(0.001 100000)		Error	No
	TIA loop Error		208.7u
	PTAT	corner	CMOS_Temp_Res_Cap_BJT_37 - 
	Slope		Error	No
	PSRR		Error	No
	Poten	corner	CMOS_Temp_Res_Cap_BJT_38 - 
	Bias error		28.47u
	Output noise		Error	No
	CA Loop Error		102.2u
	rmsNoise(0.001 100000)		Error	No
	TIA loop Error		130.7u
	PTAT	corner	CMOS_Temp_Res_Cap_BJT_38 - 
	Slope		Error	No
	PSRR		Error	No
	Poten	corner	CMOS_Temp_Res_Cap_BJT_39 - 
	Bias error		31.27u
	Output noise		Error	No
	CA Loop Error		99.96u
	rmsNoise(0.001 100000)		Error	No
	TIA loop Error		131.2u
	PTAT	corner	CMOS_Temp_Res_Cap_BJT_39 - 
	Slope		Error	No
	PSRR		Error	No
	Poten	corner	CMOS_Temp_Res_Cap_BJT_40 - 
	Bias error		98.37u
	Output noise		Error	No
	CA Loop Error		140.4u
	rmsNoise(0.001 100000)		Error	No
	TIA loop Error		238.7u
	PTAT	corner	CMOS_Temp_Res_Cap_BJT_40 - 
	Slope		Error	No
	PSRR		Error	No
	Poten	corner	CMOS_Temp_Res_Cap_BJT_41 - 
	Bias error		91.04u
	Output noise		Error	No
	CA Loop Error		133.4u
	rmsNoise(0.001 100000)		Error	No
	TIA loop Error		224.4u
	PTAT	corner	CMOS_Temp_Res_Cap_BJT_41 - 
	Slope		Error	No
	PSRR		Error	No
	Poten	corner	CMOS_Temp_Res_Cap_BJT_42 - 
	Bias error		50.66u
	Output noise		Error	No
	CA Loop Error		102.9u
	rmsNoise(0.001 100000)		Error	No
	TIA loop Error		153.6u
	PTAT	corner	CMOS_Temp_Res_Cap_BJT_42 - 
	Slope		Error	No
	PSRR		Error	No
	Poten	corner	CMOS_Temp_Res_Cap_BJT_43 - 
	Bias error		48.87u
	Output noise		Error	No
	CA Loop Error		100.6u
	rmsNoise(0.001 100000)		Error	No
	TIA loop Error		149.4u
	PTAT	corner	CMOS_Temp_Res_Cap_BJT_43 - 
	Slope		Error	No
	PSRR		Error	No
	Poten	corner	CMOS_Temp_Res_Cap_BJT_44 - 
	Bias error		79.22u
	Output noise		Error	No
	CA Loop Error		140.1u
	rmsNoise(0.001 100000)		Error	No
	TIA loop Error		219.3u
	PTAT	corner	CMOS_Temp_Res_Cap_BJT_44 - 
	Slope		Error	No
	PSRR		Error	No
	Poten	corner	CMOS_Temp_Res_Cap_BJT_45 - 
	Bias error		74.35u
	Output noise		Error	No
	CA Loop Error		133u
	rmsNoise(0.001 100000)		Error	No
	TIA loop Error		207.4u
	PTAT	corner	CMOS_Temp_Res_Cap_BJT_45 - 
	Slope		Error	No
	PSRR		Error	No
	Poten	corner	CMOS_Temp_Res_Cap_BJT_46 - 
	Bias error		28.26u
	Output noise		Error	No
	CA Loop Error		101.7u
	rmsNoise(0.001 100000)		Error	No
	TIA loop Error		130u
	PTAT	corner	CMOS_Temp_Res_Cap_BJT_46 - 
	Slope		Error	No
	PSRR		Error	No
	Poten	corner	CMOS_Temp_Res_Cap_BJT_47 - 
	Bias error		31.91u
	Output noise		Error	No
	CA Loop Error		99.29u
	rmsNoise(0.001 100000)		Error	No
	TIA loop Error		131.2u
	PTAT	corner	CMOS_Temp_Res_Cap_BJT_47 - 
	Slope		Error	No
	PSRR		Error	No
	Poten	corner	Nominal - 
	Bias error		17.81u
	Output noise		Error	No
	CA Loop Error		102.7u
	rmsNoise(0.001 100000)		Error	No
	TIA loop Error		120.5u
	PTAT	corner	Nominal - 
	Slope		Error	No
	PSRR		Error	No
Design parameters: 
	Cdl		10n
	vdd		0
	vtran		0
	vref		1.615
	vddpuls		3.3
	R_ct		500K
	Cdl_CE		10n
	Rct_CE		100K
	Rs_CE		10K
	Rs_WE		10K
	PTAT_EN		0
	Calib_EN		1
	S0		0
	S1		0
	S2		1
	S3		0

Interactive.389
Number of points completed: 1
Number of simulation errors: 0
Interactive.389 completed. 
Current time: Fri Jun  5 16:19:00 2026 
