Starting Single Run, Sweeps and Corners...

Current time: Sat May 30 17:54:35 2026 
Best design point: 1
Design specs: 
	Poten	corner	Nominal - 
	Bias error		17.83u
	CA Loop Error		102.6u
	rmsNoise(0.001 100000)		11.26u
	TIA loop Error		120.5u
Design parameters: 
	Cdl		10n
	vdd		0
	vtran		0
	vref		1.615
	vddpuls		3.3
	R_ct		500K
	Cdl_CE		10n
	Rct_CE		100K
	Rs_CE		10K
	Rs_WE		10K
	PTAT_EN		0
	Calib_EN		0
	S0		0
	S1		0
	S2		1
	S3		0

Interactive.299
Number of points completed: 1
Number of simulation errors: 0
Interactive.299 completed. 
Current time: Sat May 30 17:55:54 2026 
