Starting Single Run, Sweeps and Corners...

Current time: Sat May 30 19:38:05 2026 
Best design point: 1
Design specs: 
	TIA_Gain_Linearity	corner	CMOS_VDD_Res_Cap_Temp_0 - 
	rmsNoise(0.001 100000)		245.8u
	TIA_Gain_Linearity	corner	CMOS_VDD_Res_Cap_Temp_1 - 
	rmsNoise(0.001 100000)		273.5u
	TIA_Gain_Linearity	corner	CMOS_VDD_Res_Cap_Temp_2 - 
	rmsNoise(0.001 100000)		218.1u
	TIA_Gain_Linearity	corner	CMOS_VDD_Res_Cap_Temp_3 - 
	rmsNoise(0.001 100000)		234.2u
	TIA_Gain_Linearity	corner	CMOS_VDD_Res_Cap_Temp_4 - 
	rmsNoise(0.001 100000)		226.7u
	TIA_Gain_Linearity	corner	CMOS_VDD_Res_Cap_Temp_5 - 
	rmsNoise(0.001 100000)		252.2u
	TIA_Gain_Linearity	corner	CMOS_VDD_Res_Cap_Temp_6 - 
	rmsNoise(0.001 100000)		183.7u
	TIA_Gain_Linearity	corner	CMOS_VDD_Res_Cap_Temp_7 - 
	rmsNoise(0.001 100000)		202.8u
	TIA_Gain_Linearity	corner	CMOS_VDD_Res_Cap_Temp_8 - 
	rmsNoise(0.001 100000)		245.3u
	TIA_Gain_Linearity	corner	CMOS_VDD_Res_Cap_Temp_9 - 
	rmsNoise(0.001 100000)		273.7u
	TIA_Gain_Linearity	corner	CMOS_VDD_Res_Cap_Temp_10 - 
	rmsNoise(0.001 100000)		217.5u
	TIA_Gain_Linearity	corner	CMOS_VDD_Res_Cap_Temp_11 - 
	rmsNoise(0.001 100000)		237.8u
	TIA_Gain_Linearity	corner	CMOS_VDD_Res_Cap_Temp_12 - 
	rmsNoise(0.001 100000)		226.7u
	TIA_Gain_Linearity	corner	CMOS_VDD_Res_Cap_Temp_13 - 
	rmsNoise(0.001 100000)		253.5u
	TIA_Gain_Linearity	corner	CMOS_VDD_Res_Cap_Temp_14 - 
	rmsNoise(0.001 100000)		182.2u
	TIA_Gain_Linearity	corner	CMOS_VDD_Res_Cap_Temp_15 - 
	rmsNoise(0.001 100000)		206.4u
	TIA_Gain_Linearity	corner	CMOS_VDD_Res_Cap_Temp_16 - 
	rmsNoise(0.001 100000)		303.5u
	TIA_Gain_Linearity	corner	CMOS_VDD_Res_Cap_Temp_17 - 
	rmsNoise(0.001 100000)		339.6u
	TIA_Gain_Linearity	corner	CMOS_VDD_Res_Cap_Temp_18 - 
	rmsNoise(0.001 100000)		259.4u
	TIA_Gain_Linearity	corner	CMOS_VDD_Res_Cap_Temp_19 - 
	rmsNoise(0.001 100000)		287.5u
	TIA_Gain_Linearity	corner	CMOS_VDD_Res_Cap_Temp_20 - 
	rmsNoise(0.001 100000)		278.2u
	TIA_Gain_Linearity	corner	CMOS_VDD_Res_Cap_Temp_21 - 
	rmsNoise(0.001 100000)		305.2u
	TIA_Gain_Linearity	corner	CMOS_VDD_Res_Cap_Temp_22 - 
	rmsNoise(0.001 100000)		236.9u
	TIA_Gain_Linearity	corner	CMOS_VDD_Res_Cap_Temp_23 - 
	rmsNoise(0.001 100000)		255.1u
	TIA_Gain_Linearity	corner	CMOS_VDD_Res_Cap_Temp_24 - 
	rmsNoise(0.001 100000)		301.7u
	TIA_Gain_Linearity	corner	CMOS_VDD_Res_Cap_Temp_25 - 
	rmsNoise(0.001 100000)		340.5u
	TIA_Gain_Linearity	corner	CMOS_VDD_Res_Cap_Temp_26 - 
	rmsNoise(0.001 100000)		258.8u
	TIA_Gain_Linearity	corner	CMOS_VDD_Res_Cap_Temp_27 - 
	rmsNoise(0.001 100000)		287.7u
	TIA_Gain_Linearity	corner	CMOS_VDD_Res_Cap_Temp_28 - 
	rmsNoise(0.001 100000)		277.4u
	TIA_Gain_Linearity	corner	CMOS_VDD_Res_Cap_Temp_29 - 
	rmsNoise(0.001 100000)		308.1u
	TIA_Gain_Linearity	corner	CMOS_VDD_Res_Cap_Temp_30 - 
	rmsNoise(0.001 100000)		235.3u
	TIA_Gain_Linearity	corner	CMOS_VDD_Res_Cap_Temp_31 - 
	rmsNoise(0.001 100000)		263.9u
	TIA_Gain_Linearity	corner	CMOS_VDD_Res_Cap_Temp_32 - 
	rmsNoise(0.001 100000)		217.2u
	TIA_Gain_Linearity	corner	CMOS_VDD_Res_Cap_Temp_33 - 
	rmsNoise(0.001 100000)		242.3u
	TIA_Gain_Linearity	corner	CMOS_VDD_Res_Cap_Temp_34 - 
	rmsNoise(0.001 100000)		201.6u
	TIA_Gain_Linearity	corner	CMOS_VDD_Res_Cap_Temp_35 - 
	rmsNoise(0.001 100000)		223.6u
	TIA_Gain_Linearity	corner	CMOS_VDD_Res_Cap_Temp_36 - 
	rmsNoise(0.001 100000)		201.9u
	TIA_Gain_Linearity	corner	CMOS_VDD_Res_Cap_Temp_37 - 
	rmsNoise(0.001 100000)		225u
	TIA_Gain_Linearity	corner	CMOS_VDD_Res_Cap_Temp_38 - 
	rmsNoise(0.001 100000)		178.7u
	TIA_Gain_Linearity	corner	CMOS_VDD_Res_Cap_Temp_39 - 
	rmsNoise(0.001 100000)		195.2u
	TIA_Gain_Linearity	corner	CMOS_VDD_Res_Cap_Temp_40 - 
	rmsNoise(0.001 100000)		214.5u
	TIA_Gain_Linearity	corner	CMOS_VDD_Res_Cap_Temp_41 - 
	rmsNoise(0.001 100000)		240.9u
	TIA_Gain_Linearity	corner	CMOS_VDD_Res_Cap_Temp_42 - 
	rmsNoise(0.001 100000)		199.9u
	TIA_Gain_Linearity	corner	CMOS_VDD_Res_Cap_Temp_43 - 
	rmsNoise(0.001 100000)		224.2u
	TIA_Gain_Linearity	corner	CMOS_VDD_Res_Cap_Temp_44 - 
	rmsNoise(0.001 100000)		200.3u
	TIA_Gain_Linearity	corner	CMOS_VDD_Res_Cap_Temp_45 - 
	rmsNoise(0.001 100000)		224.9u
	TIA_Gain_Linearity	corner	CMOS_VDD_Res_Cap_Temp_46 - 
	rmsNoise(0.001 100000)		177.3u
	TIA_Gain_Linearity	corner	CMOS_VDD_Res_Cap_Temp_47 - 
	rmsNoise(0.001 100000)		200.4u
	TIA_Gain_Linearity	corner	CMOS_VDD_Res_Cap_Temp_48 - 
	rmsNoise(0.001 100000)		274.5u
	TIA_Gain_Linearity	corner	CMOS_VDD_Res_Cap_Temp_49 - 
	rmsNoise(0.001 100000)		307.9u
	TIA_Gain_Linearity	corner	CMOS_VDD_Res_Cap_Temp_50 - 
	rmsNoise(0.001 100000)		254.4u
	TIA_Gain_Linearity	corner	CMOS_VDD_Res_Cap_Temp_51 - 
	rmsNoise(0.001 100000)		281.3u
	TIA_Gain_Linearity	corner	CMOS_VDD_Res_Cap_Temp_52 - 
	rmsNoise(0.001 100000)		254.2u
	TIA_Gain_Linearity	corner	CMOS_VDD_Res_Cap_Temp_53 - 
	rmsNoise(0.001 100000)		280.8u
	TIA_Gain_Linearity	corner	CMOS_VDD_Res_Cap_Temp_54 - 
	rmsNoise(0.001 100000)		231.7u
	TIA_Gain_Linearity	corner	CMOS_VDD_Res_Cap_Temp_55 - 
	rmsNoise(0.001 100000)		246.3u
	TIA_Gain_Linearity	corner	CMOS_VDD_Res_Cap_Temp_56 - 
	rmsNoise(0.001 100000)		271.5u
	TIA_Gain_Linearity	corner	CMOS_VDD_Res_Cap_Temp_57 - 
	rmsNoise(0.001 100000)		307.6u
	TIA_Gain_Linearity	corner	CMOS_VDD_Res_Cap_Temp_58 - 
	rmsNoise(0.001 100000)		252.7u
	TIA_Gain_Linearity	corner	CMOS_VDD_Res_Cap_Temp_59 - 
	rmsNoise(0.001 100000)		281.4u
	TIA_Gain_Linearity	corner	CMOS_VDD_Res_Cap_Temp_60 - 
	rmsNoise(0.001 100000)		252.6u
	TIA_Gain_Linearity	corner	CMOS_VDD_Res_Cap_Temp_61 - 
	rmsNoise(0.001 100000)		283.7u
	TIA_Gain_Linearity	corner	CMOS_VDD_Res_Cap_Temp_62 - 
	rmsNoise(0.001 100000)		230u
	TIA_Gain_Linearity	corner	CMOS_VDD_Res_Cap_Temp_63 - 
	rmsNoise(0.001 100000)		257.7u
	TIA_Gain_Linearity	corner	Nominal - 
	rmsNoise(0.001 100000)		199.7u
Design parameters: 
	Cdl		10n
	vdd		3.3
	vtran		0
	vref		1.615
	vddpuls		0
	R_ct		500K
	Cdl_CE		10n
	Rct_CE		100K
	Rs_CE		10K
	Rs_WE		10K
	PTAT_EN		0
	Calib_EN		0
	S0		0
	S1		1
	S2		0
	S3		0

Interactive.306
Number of points completed: 1
Number of simulation errors: 0
Interactive.306 completed. 
Current time: Sat May 30 19:46:22 2026 
