Starting Single Run, Sweeps and Corners...

Current time: Thu Jun  4 07:37:19 2026 
Best design point: 1
Design specs: 
	Poten	corner	CMOS_VDD_Res_Cap_Temp_0 - 
	Bias error		23.5u
	CA Loop Error		92.56u
	rmsNoise(0.001 100000)		6.77u
	TIA loop Error		116.1u
	TIA_Gain_Linearity	corner	CMOS_VDD_Res_Cap_Temp_0 - 
	rmsNoise(0.001 100000)		Error	No
	PTAT	corner	CMOS_VDD_Res_Cap_Temp_0 - 
	Poten	corner	CMOS_VDD_Res_Cap_Temp_1 - 
	Bias error		207.2u
	CA Loop Error		250.9u
	rmsNoise(0.001 100000)		9.32u
	TIA loop Error		458.1u
	TIA_Gain_Linearity	corner	CMOS_VDD_Res_Cap_Temp_1 - 
	rmsNoise(0.001 100000)		Error	No
	PTAT	corner	CMOS_VDD_Res_Cap_Temp_1 - 
	Poten	corner	CMOS_VDD_Res_Cap_Temp_2 - 
	Bias error		27.29u
	CA Loop Error		92.66u
	rmsNoise(0.001 100000)		8.003u
	TIA loop Error		120u
	TIA_Gain_Linearity	corner	CMOS_VDD_Res_Cap_Temp_2 - 
	rmsNoise(0.001 100000)		Error	No
	PTAT	corner	CMOS_VDD_Res_Cap_Temp_2 - 
	Poten	corner	CMOS_VDD_Res_Cap_Temp_3 - 
	Bias error		204.8u
	CA Loop Error		251.5u
	rmsNoise(0.001 100000)		10.98u
	TIA loop Error		456.2u
	TIA_Gain_Linearity	corner	CMOS_VDD_Res_Cap_Temp_3 - 
	rmsNoise(0.001 100000)		Error	No
	PTAT	corner	CMOS_VDD_Res_Cap_Temp_3 - 
	Poten	corner	CMOS_VDD_Res_Cap_Temp_4 - 
	Bias error		25.54u
	CA Loop Error		87.58u
	rmsNoise(0.001 100000)		6.22u
	TIA loop Error		113.1u
	TIA_Gain_Linearity	corner	CMOS_VDD_Res_Cap_Temp_4 - 
	rmsNoise(0.001 100000)		Error	No
	PTAT	corner	CMOS_VDD_Res_Cap_Temp_4 - 
	Poten	corner	CMOS_VDD_Res_Cap_Temp_5 - 
	Bias error		192.3u
	CA Loop Error		237.8u
	rmsNoise(0.001 100000)		8.767u
	TIA loop Error		430.1u
	TIA_Gain_Linearity	corner	CMOS_VDD_Res_Cap_Temp_5 - 
	rmsNoise(0.001 100000)		Error	No
	PTAT	corner	CMOS_VDD_Res_Cap_Temp_5 - 
	Poten	corner	CMOS_VDD_Res_Cap_Temp_6 - 
	Bias error		26.83u
	CA Loop Error		88.18u
	rmsNoise(0.001 100000)		7.291u
	TIA loop Error		115u
	TIA_Gain_Linearity	corner	CMOS_VDD_Res_Cap_Temp_6 - 
	rmsNoise(0.001 100000)		Error	No
	PTAT	corner	CMOS_VDD_Res_Cap_Temp_6 - 
	Poten	corner	CMOS_VDD_Res_Cap_Temp_7 - 
	Bias error		192.4u
	CA Loop Error		238.1u
	rmsNoise(0.001 100000)		11.47u
	TIA loop Error		430.5u
	TIA_Gain_Linearity	corner	CMOS_VDD_Res_Cap_Temp_7 - 
	rmsNoise(0.001 100000)		Error	No
	PTAT	corner	CMOS_VDD_Res_Cap_Temp_7 - 
	Poten	corner	CMOS_VDD_Res_Cap_Temp_8 - 
	Bias error		-13.19u
	CA Loop Error		83.07u
	rmsNoise(0.001 100000)		6.986u
	TIA loop Error		69.89u
	TIA_Gain_Linearity	corner	CMOS_VDD_Res_Cap_Temp_8 - 
	rmsNoise(0.001 100000)		Error	No
	PTAT	corner	CMOS_VDD_Res_Cap_Temp_8 - 
	Poten	corner	CMOS_VDD_Res_Cap_Temp_9 - 
	Bias error		18.89u
	CA Loop Error		127.2u
	rmsNoise(0.001 100000)		9.876u
	TIA loop Error		146.1u
	TIA_Gain_Linearity	corner	CMOS_VDD_Res_Cap_Temp_9 - 
	rmsNoise(0.001 100000)		Error	No
	PTAT	corner	CMOS_VDD_Res_Cap_Temp_9 - 
	Poten	corner	CMOS_VDD_Res_Cap_Temp_10 - 
	Bias error		8.062u
	CA Loop Error		83.21u
	rmsNoise(0.001 100000)		8.239u
	TIA loop Error		91.27u
	TIA_Gain_Linearity	corner	CMOS_VDD_Res_Cap_Temp_10 - 
	rmsNoise(0.001 100000)		Error	No
	PTAT	corner	CMOS_VDD_Res_Cap_Temp_10 - 
	Poten	corner	CMOS_VDD_Res_Cap_Temp_11 - 
	Bias error		30u
	CA Loop Error		127u
	rmsNoise(0.001 100000)		11.57u
	TIA loop Error		157u
	TIA_Gain_Linearity	corner	CMOS_VDD_Res_Cap_Temp_11 - 
	rmsNoise(0.001 100000)		Error	No
	PTAT	corner	CMOS_VDD_Res_Cap_Temp_11 - 
	Poten	corner	CMOS_VDD_Res_Cap_Temp_12 - 
	Bias error		4.237u
	CA Loop Error		80.17u
	rmsNoise(0.001 100000)		6.477u
	TIA loop Error		84.41u
	TIA_Gain_Linearity	corner	CMOS_VDD_Res_Cap_Temp_12 - 
	rmsNoise(0.001 100000)		Error	No
	PTAT	corner	CMOS_VDD_Res_Cap_Temp_12 - 
	Poten	corner	CMOS_VDD_Res_Cap_Temp_13 - 
	Bias error		32.15u
	CA Loop Error		125.8u
	rmsNoise(0.001 100000)		8.961u
	TIA loop Error		157.9u
	TIA_Gain_Linearity	corner	CMOS_VDD_Res_Cap_Temp_13 - 
	rmsNoise(0.001 100000)		Error	No
	PTAT	corner	CMOS_VDD_Res_Cap_Temp_13 - 
	Poten	corner	CMOS_VDD_Res_Cap_Temp_14 - 
	Bias error		12.59u
	CA Loop Error		80.3u
	rmsNoise(0.001 100000)		7.595u
	TIA loop Error		92.88u
	TIA_Gain_Linearity	corner	CMOS_VDD_Res_Cap_Temp_14 - 
	rmsNoise(0.001 100000)		Error	No
	PTAT	corner	CMOS_VDD_Res_Cap_Temp_14 - 
	Poten	corner	CMOS_VDD_Res_Cap_Temp_15 - 
	Bias error		34.99u
	CA Loop Error		125.8u
	rmsNoise(0.001 100000)		10.47u
	TIA loop Error		160.8u
	TIA_Gain_Linearity	corner	CMOS_VDD_Res_Cap_Temp_15 - 
	rmsNoise(0.001 100000)		Error	No
	PTAT	corner	CMOS_VDD_Res_Cap_Temp_15 - 
	Poten	corner	CMOS_VDD_Res_Cap_Temp_16 - 
	Bias error		3.242u
	CA Loop Error		91.55u
	rmsNoise(0.001 100000)		4.711u
	TIA loop Error		94.79u
	TIA_Gain_Linearity	corner	CMOS_VDD_Res_Cap_Temp_16 - 
	rmsNoise(0.001 100000)		Error	No
	PTAT	corner	CMOS_VDD_Res_Cap_Temp_16 - 
	Poten	corner	CMOS_VDD_Res_Cap_Temp_17 - 
	Bias error		172.6u
	CA Loop Error		250.7u
	rmsNoise(0.001 100000)		6.504u
	TIA loop Error		423.3u
	TIA_Gain_Linearity	corner	CMOS_VDD_Res_Cap_Temp_17 - 
	rmsNoise(0.001 100000)		Error	No
	PTAT	corner	CMOS_VDD_Res_Cap_Temp_17 - 
	Poten	corner	CMOS_VDD_Res_Cap_Temp_18 - 
	Bias error		8.925u
	CA Loop Error		92.33u
	rmsNoise(0.001 100000)		5.218u
	TIA loop Error		101.3u
	TIA_Gain_Linearity	corner	CMOS_VDD_Res_Cap_Temp_18 - 
	rmsNoise(0.001 100000)		Error	No
	PTAT	corner	CMOS_VDD_Res_Cap_Temp_18 - 
	Poten	corner	CMOS_VDD_Res_Cap_Temp_19 - 
	Bias error		175.4u
	CA Loop Error		251.6u
	rmsNoise(0.001 100000)		7.195u
	TIA loop Error		427u
	TIA_Gain_Linearity	corner	CMOS_VDD_Res_Cap_Temp_19 - 
	rmsNoise(0.001 100000)		Error	No
	PTAT	corner	CMOS_VDD_Res_Cap_Temp_19 - 
	Poten	corner	CMOS_VDD_Res_Cap_Temp_20 - 
	Bias error		9.856u
	CA Loop Error		87.31u
	rmsNoise(0.001 100000)		4.433u
	TIA loop Error		97.17u
	TIA_Gain_Linearity	corner	CMOS_VDD_Res_Cap_Temp_20 - 
	rmsNoise(0.001 100000)		Error	No
	PTAT	corner	CMOS_VDD_Res_Cap_Temp_20 - 
	Poten	corner	CMOS_VDD_Res_Cap_Temp_21 - 
	Bias error		163.3u
	CA Loop Error		238u
	rmsNoise(0.001 100000)		6.328u
	TIA loop Error		401.3u
	TIA_Gain_Linearity	corner	CMOS_VDD_Res_Cap_Temp_21 - 
	rmsNoise(0.001 100000)		Error	No
	PTAT	corner	CMOS_VDD_Res_Cap_Temp_21 - 
	Poten	corner	CMOS_VDD_Res_Cap_Temp_22 - 
	Bias error		10.35u
	CA Loop Error		87.91u
	rmsNoise(0.001 100000)		4.864u
	TIA loop Error		98.26u
	TIA_Gain_Linearity	corner	CMOS_VDD_Res_Cap_Temp_22 - 
	rmsNoise(0.001 100000)		Error	No
	PTAT	corner	CMOS_VDD_Res_Cap_Temp_22 - 
	Poten	corner	CMOS_VDD_Res_Cap_Temp_23 - 
	Bias error		165.4u
	CA Loop Error		238.2u
	rmsNoise(0.001 100000)		7.831u
	TIA loop Error		403.6u
	TIA_Gain_Linearity	corner	CMOS_VDD_Res_Cap_Temp_23 - 
	rmsNoise(0.001 100000)		Error	No
	PTAT	corner	CMOS_VDD_Res_Cap_Temp_23 - 
	Poten	corner	CMOS_VDD_Res_Cap_Temp_24 - 
	Bias error		-36.58u
	CA Loop Error		82.46u
	rmsNoise(0.001 100000)		4.882u
	TIA loop Error		45.88u
	TIA_Gain_Linearity	corner	CMOS_VDD_Res_Cap_Temp_24 - 
	rmsNoise(0.001 100000)		Error	No
	PTAT	corner	CMOS_VDD_Res_Cap_Temp_24 - 
	Poten	corner	CMOS_VDD_Res_Cap_Temp_25 - 
	Bias error		-20.71u
	CA Loop Error		126.9u
	rmsNoise(0.001 100000)		6.87u
	TIA loop Error		106.2u
	TIA_Gain_Linearity	corner	CMOS_VDD_Res_Cap_Temp_25 - 
	rmsNoise(0.001 100000)		Error	No
	PTAT	corner	CMOS_VDD_Res_Cap_Temp_25 - 
	Poten	corner	CMOS_VDD_Res_Cap_Temp_26 - 
	Bias error		-9.297u
	CA Loop Error		82.53u
	rmsNoise(0.001 100000)		5.395u
	TIA loop Error		73.23u
	TIA_Gain_Linearity	corner	CMOS_VDD_Res_Cap_Temp_26 - 
	rmsNoise(0.001 100000)		Error	No
	PTAT	corner	CMOS_VDD_Res_Cap_Temp_26 - 
	Poten	corner	CMOS_VDD_Res_Cap_Temp_27 - 
	Bias error		-259.4n
	CA Loop Error		127.6u
	rmsNoise(0.001 100000)		7.597u
	TIA loop Error		127.4u
	TIA_Gain_Linearity	corner	CMOS_VDD_Res_Cap_Temp_27 - 
	rmsNoise(0.001 100000)		Error	No
	PTAT	corner	CMOS_VDD_Res_Cap_Temp_27 - 
	Poten	corner	CMOS_VDD_Res_Cap_Temp_28 - 
	Bias error		-13.7u
	CA Loop Error		80.42u
	rmsNoise(0.001 100000)		4.616u
	TIA loop Error		66.72u
	TIA_Gain_Linearity	corner	CMOS_VDD_Res_Cap_Temp_28 - 
	rmsNoise(0.001 100000)		Error	No
	PTAT	corner	CMOS_VDD_Res_Cap_Temp_28 - 
	Poten	corner	CMOS_VDD_Res_Cap_Temp_29 - 
	Bias error		1.111u
	CA Loop Error		125.9u
	rmsNoise(0.001 100000)		6.447u
	TIA loop Error		127u
	TIA_Gain_Linearity	corner	CMOS_VDD_Res_Cap_Temp_29 - 
	rmsNoise(0.001 100000)		Error	No
	PTAT	corner	CMOS_VDD_Res_Cap_Temp_29 - 
	Poten	corner	CMOS_VDD_Res_Cap_Temp_30 - 
	Bias error		-5.879u
	CA Loop Error		80.43u
	rmsNoise(0.001 100000)		5.06u
	TIA loop Error		74.55u
	TIA_Gain_Linearity	corner	CMOS_VDD_Res_Cap_Temp_30 - 
	rmsNoise(0.001 100000)		Error	No
	PTAT	corner	CMOS_VDD_Res_Cap_Temp_30 - 
	Poten	corner	CMOS_VDD_Res_Cap_Temp_31 - 
	Bias error		8.592u
	CA Loop Error		125.9u
	rmsNoise(0.001 100000)		7.121u
	TIA loop Error		134.5u
	TIA_Gain_Linearity	corner	CMOS_VDD_Res_Cap_Temp_31 - 
	rmsNoise(0.001 100000)		Error	No
	PTAT	corner	CMOS_VDD_Res_Cap_Temp_31 - 
	Poten	corner	CMOS_VDD_Res_Cap_Temp_32 - 
	Bias error		17.81u
	CA Loop Error		93.78u
	rmsNoise(0.001 100000)		6.722u
	TIA loop Error		111.6u
	TIA_Gain_Linearity	corner	CMOS_VDD_Res_Cap_Temp_32 - 
	rmsNoise(0.001 100000)		Error	No
	PTAT	corner	CMOS_VDD_Res_Cap_Temp_32 - 
	Poten	corner	CMOS_VDD_Res_Cap_Temp_33 - 
	Bias error		206.5u
	CA Loop Error		250.8u
	rmsNoise(0.001 100000)		9.239u
	TIA loop Error		457.3u
	TIA_Gain_Linearity	corner	CMOS_VDD_Res_Cap_Temp_33 - 
	rmsNoise(0.001 100000)		Error	No
	PTAT	corner	CMOS_VDD_Res_Cap_Temp_33 - 
	Poten	corner	CMOS_VDD_Res_Cap_Temp_34 - 
	Bias error		28.11u
	CA Loop Error		91.67u
	rmsNoise(0.001 100000)		7.943u
	TIA loop Error		119.8u
	TIA_Gain_Linearity	corner	CMOS_VDD_Res_Cap_Temp_34 - 
	rmsNoise(0.001 100000)		Error	No
	PTAT	corner	CMOS_VDD_Res_Cap_Temp_34 - 
	Poten	corner	CMOS_VDD_Res_Cap_Temp_35 - 
	Bias error		206.9u
	CA Loop Error		250.9u
	rmsNoise(0.001 100000)		10.88u
	TIA loop Error		457.9u
	TIA_Gain_Linearity	corner	CMOS_VDD_Res_Cap_Temp_35 - 
	rmsNoise(0.001 100000)		Error	No
	PTAT	corner	CMOS_VDD_Res_Cap_Temp_35 - 
	Poten	corner	CMOS_VDD_Res_Cap_Temp_36 - 
	Bias error		27.06u
	CA Loop Error		86.5u
	rmsNoise(0.001 100000)		6.175u
	TIA loop Error		113.6u
	TIA_Gain_Linearity	corner	CMOS_VDD_Res_Cap_Temp_36 - 
	rmsNoise(0.001 100000)		Error	No
	PTAT	corner	CMOS_VDD_Res_Cap_Temp_36 - 
	Poten	corner	CMOS_VDD_Res_Cap_Temp_37 - 
	Bias error		193.8u
	CA Loop Error		237.6u
	rmsNoise(0.001 100000)		8.683u
	TIA loop Error		431.4u
	TIA_Gain_Linearity	corner	CMOS_VDD_Res_Cap_Temp_37 - 
	rmsNoise(0.001 100000)		Error	No
	PTAT	corner	CMOS_VDD_Res_Cap_Temp_37 - 
	Poten	corner	CMOS_VDD_Res_Cap_Temp_38 - 
	Bias error		29.22u
	CA Loop Error		85.98u
	rmsNoise(0.001 100000)		7.236u
	TIA loop Error		115.2u
	TIA_Gain_Linearity	corner	CMOS_VDD_Res_Cap_Temp_38 - 
	rmsNoise(0.001 100000)		Error	No
	PTAT	corner	CMOS_VDD_Res_Cap_Temp_38 - 
	Poten	corner	CMOS_VDD_Res_Cap_Temp_39 - 
	Bias error		193u
	CA Loop Error		237.9u
	rmsNoise(0.001 100000)		11.46u
	TIA loop Error		431u
	TIA_Gain_Linearity	corner	CMOS_VDD_Res_Cap_Temp_39 - 
	rmsNoise(0.001 100000)		Error	No
	PTAT	corner	CMOS_VDD_Res_Cap_Temp_39 - 
	Poten	corner	CMOS_VDD_Res_Cap_Temp_40 - 
	Bias error		-12.84u
	CA Loop Error		82.81u
	rmsNoise(0.001 100000)		6.926u
	TIA loop Error		69.97u
	TIA_Gain_Linearity	corner	CMOS_VDD_Res_Cap_Temp_40 - 
	rmsNoise(0.001 100000)		Error	No
	PTAT	corner	CMOS_VDD_Res_Cap_Temp_40 - 
	Poten	corner	CMOS_VDD_Res_Cap_Temp_41 - 
	Bias error		18.64u
	CA Loop Error		127.4u
	rmsNoise(0.001 100000)		9.772u
	TIA loop Error		146u
	TIA_Gain_Linearity	corner	CMOS_VDD_Res_Cap_Temp_41 - 
	rmsNoise(0.001 100000)		Error	No
	PTAT	corner	CMOS_VDD_Res_Cap_Temp_41 - 
	Poten	corner	CMOS_VDD_Res_Cap_Temp_42 - 
	Bias error		8.25u
	CA Loop Error		82.89u
	rmsNoise(0.001 100000)		8.166u
	TIA loop Error		91.14u
	TIA_Gain_Linearity	corner	CMOS_VDD_Res_Cap_Temp_42 - 
	rmsNoise(0.001 100000)		Error	No
	PTAT	corner	CMOS_VDD_Res_Cap_Temp_42 - 
	Poten	corner	CMOS_VDD_Res_Cap_Temp_43 - 
	Bias error		30.01u
	CA Loop Error		127.6u
	rmsNoise(0.001 100000)		11.45u
	TIA loop Error		157.7u
	TIA_Gain_Linearity	corner	CMOS_VDD_Res_Cap_Temp_43 - 
	rmsNoise(0.001 100000)		Error	No
	PTAT	corner	CMOS_VDD_Res_Cap_Temp_43 - 
	Poten	corner	CMOS_VDD_Res_Cap_Temp_44 - 
	Bias error		5.985u
	CA Loop Error		79.9u
	rmsNoise(0.001 100000)		6.418u
	TIA loop Error		85.89u
	TIA_Gain_Linearity	corner	CMOS_VDD_Res_Cap_Temp_44 - 
	rmsNoise(0.001 100000)		Error	No
	PTAT	corner	CMOS_VDD_Res_Cap_Temp_44 - 
	Poten	corner	CMOS_VDD_Res_Cap_Temp_45 - 
	Bias error		32.17u
	CA Loop Error		125.1u
	rmsNoise(0.001 100000)		8.86u
	TIA loop Error		157.2u
	TIA_Gain_Linearity	corner	CMOS_VDD_Res_Cap_Temp_45 - 
	rmsNoise(0.001 100000)		Error	No
	PTAT	corner	CMOS_VDD_Res_Cap_Temp_45 - 
	Poten	corner	CMOS_VDD_Res_Cap_Temp_46 - 
	Bias error		12.47u
	CA Loop Error		80.37u
	rmsNoise(0.001 100000)		7.523u
	TIA loop Error		92.84u
	TIA_Gain_Linearity	corner	CMOS_VDD_Res_Cap_Temp_46 - 
	rmsNoise(0.001 100000)		Error	No
	PTAT	corner	CMOS_VDD_Res_Cap_Temp_46 - 
	Poten	corner	CMOS_VDD_Res_Cap_Temp_47 - 
	Bias error		34.72u
	CA Loop Error		125.9u
	rmsNoise(0.001 100000)		10.35u
	TIA loop Error		160.6u
	TIA_Gain_Linearity	corner	CMOS_VDD_Res_Cap_Temp_47 - 
	rmsNoise(0.001 100000)		Error	No
	PTAT	corner	CMOS_VDD_Res_Cap_Temp_47 - 
	Poten	corner	CMOS_VDD_Res_Cap_Temp_48 - 
	Bias error		3.039u
	CA Loop Error		91.24u
	rmsNoise(0.001 100000)		4.684u
	TIA loop Error		94.28u
	TIA_Gain_Linearity	corner	CMOS_VDD_Res_Cap_Temp_48 - 
	rmsNoise(0.001 100000)		Error	No
	PTAT	corner	CMOS_VDD_Res_Cap_Temp_48 - 
	Poten	corner	CMOS_VDD_Res_Cap_Temp_49 - 
	Bias error		171.7u
	CA Loop Error		250.8u
	rmsNoise(0.001 100000)		6.455u
	TIA loop Error		422.5u
	TIA_Gain_Linearity	corner	CMOS_VDD_Res_Cap_Temp_49 - 
	rmsNoise(0.001 100000)		Error	No
	PTAT	corner	CMOS_VDD_Res_Cap_Temp_49 - 
	Poten	corner	CMOS_VDD_Res_Cap_Temp_50 - 
	Bias error		10.97u
	CA Loop Error		93.21u
	rmsNoise(0.001 100000)		5.183u
	TIA loop Error		104.2u
	TIA_Gain_Linearity	corner	CMOS_VDD_Res_Cap_Temp_50 - 
	rmsNoise(0.001 100000)		Error	No
	PTAT	corner	CMOS_VDD_Res_Cap_Temp_50 - 
	Poten	corner	CMOS_VDD_Res_Cap_Temp_51 - 
	Bias error		176.8u
	CA Loop Error		250.9u
	rmsNoise(0.001 100000)		7.137u
	TIA loop Error		427.7u
	TIA_Gain_Linearity	corner	CMOS_VDD_Res_Cap_Temp_51 - 
	rmsNoise(0.001 100000)		Error	No
	PTAT	corner	CMOS_VDD_Res_Cap_Temp_51 - 
	Poten	corner	CMOS_VDD_Res_Cap_Temp_52 - 
	Bias error		10.71u
	CA Loop Error		85.93u
	rmsNoise(0.001 100000)		4.406u
	TIA loop Error		96.64u
	TIA_Gain_Linearity	corner	CMOS_VDD_Res_Cap_Temp_52 - 
	rmsNoise(0.001 100000)		Error	No
	PTAT	corner	CMOS_VDD_Res_Cap_Temp_52 - 
	Poten	corner	CMOS_VDD_Res_Cap_Temp_53 - 
	Bias error		163.8u
	CA Loop Error		237.6u
	rmsNoise(0.001 100000)		6.274u
	TIA loop Error		401.4u
	TIA_Gain_Linearity	corner	CMOS_VDD_Res_Cap_Temp_53 - 
	rmsNoise(0.001 100000)		Error	No
	PTAT	corner	CMOS_VDD_Res_Cap_Temp_53 - 
	Poten	corner	CMOS_VDD_Res_Cap_Temp_54 - 
	Bias error		13.24u
	CA Loop Error		86.74u
	rmsNoise(0.001 100000)		4.83u
	TIA loop Error		99.97u
	TIA_Gain_Linearity	corner	CMOS_VDD_Res_Cap_Temp_54 - 
	rmsNoise(0.001 100000)		Error	No
	PTAT	corner	CMOS_VDD_Res_Cap_Temp_54 - 
	Poten	corner	CMOS_VDD_Res_Cap_Temp_55 - 
	Bias error		166.1u
	CA Loop Error		238.1u
	rmsNoise(0.001 100000)		7.768u
	TIA loop Error		404.2u
	TIA_Gain_Linearity	corner	CMOS_VDD_Res_Cap_Temp_55 - 
	rmsNoise(0.001 100000)		Error	No
	PTAT	corner	CMOS_VDD_Res_Cap_Temp_55 - 
	Poten	corner	CMOS_VDD_Res_Cap_Temp_56 - 
	Bias error		-35.18u
	CA Loop Error		81.85u
	rmsNoise(0.001 100000)		4.847u
	TIA loop Error		46.66u
	TIA_Gain_Linearity	corner	CMOS_VDD_Res_Cap_Temp_56 - 
	rmsNoise(0.001 100000)		Error	No
	PTAT	corner	CMOS_VDD_Res_Cap_Temp_56 - 
	Poten	corner	CMOS_VDD_Res_Cap_Temp_57 - 
	Bias error		-22.39u
	CA Loop Error		126.9u
	rmsNoise(0.001 100000)		6.814u
	TIA loop Error		104.5u
	TIA_Gain_Linearity	corner	CMOS_VDD_Res_Cap_Temp_57 - 
	rmsNoise(0.001 100000)		Error	No
	PTAT	corner	CMOS_VDD_Res_Cap_Temp_57 - 
	Poten	corner	CMOS_VDD_Res_Cap_Temp_58 - 
	Bias error		-10.07u
	CA Loop Error		82.03u
	rmsNoise(0.001 100000)		5.353u
	TIA loop Error		71.95u
	TIA_Gain_Linearity	corner	CMOS_VDD_Res_Cap_Temp_58 - 
	rmsNoise(0.001 100000)		Error	No
	PTAT	corner	CMOS_VDD_Res_Cap_Temp_58 - 
	Poten	corner	CMOS_VDD_Res_Cap_Temp_59 - 
	Bias error		-714.7n
	CA Loop Error		127.5u
	rmsNoise(0.001 100000)		7.527u
	TIA loop Error		126.7u
	TIA_Gain_Linearity	corner	CMOS_VDD_Res_Cap_Temp_59 - 
	rmsNoise(0.001 100000)		Error	No
	PTAT	corner	CMOS_VDD_Res_Cap_Temp_59 - 
	Poten	corner	CMOS_VDD_Res_Cap_Temp_60 - 
	Bias error		-15.92u
	CA Loop Error		79.85u
	rmsNoise(0.001 100000)		4.585u
	TIA loop Error		63.94u
	TIA_Gain_Linearity	corner	CMOS_VDD_Res_Cap_Temp_60 - 
	rmsNoise(0.001 100000)		Error	No
	PTAT	corner	CMOS_VDD_Res_Cap_Temp_60 - 
	Poten	corner	CMOS_VDD_Res_Cap_Temp_61 - 
	Bias error		1.55u
	CA Loop Error		125.1u
	rmsNoise(0.001 100000)		6.398u
	TIA loop Error		126.7u
	TIA_Gain_Linearity	corner	CMOS_VDD_Res_Cap_Temp_61 - 
	rmsNoise(0.001 100000)		Error	No
	PTAT	corner	CMOS_VDD_Res_Cap_Temp_61 - 
	Poten	corner	CMOS_VDD_Res_Cap_Temp_62 - 
	Bias error		-5.904u
	CA Loop Error		80.06u
	rmsNoise(0.001 100000)		5.022u
	TIA loop Error		74.15u
	TIA_Gain_Linearity	corner	CMOS_VDD_Res_Cap_Temp_62 - 
	rmsNoise(0.001 100000)		Error	No
	PTAT	corner	CMOS_VDD_Res_Cap_Temp_62 - 
	Poten	corner	CMOS_VDD_Res_Cap_Temp_63 - 
	Bias error		9.196u
	CA Loop Error		125.4u
	rmsNoise(0.001 100000)		7.054u
	TIA loop Error		134.6u
	TIA_Gain_Linearity	corner	CMOS_VDD_Res_Cap_Temp_63 - 
	rmsNoise(0.001 100000)		Error	No
	PTAT	corner	CMOS_VDD_Res_Cap_Temp_63 - 
	Poten	corner	Nominal - 
	Bias error		18.2u
	CA Loop Error		102.3u
	rmsNoise(0.001 100000)		5.846u
	TIA loop Error		120.5u
	TIA_Gain_Linearity	corner	Nominal - 
	rmsNoise(0.001 100000)		Error	No
	PTAT	corner	Nominal - 
Design parameters: 
	Cdl		10n
	vdd		3.3
	vtran		0
	vref		1.615
	vddpuls		0
	R_ct		500K
	Cdl_CE		10n
	Rct_CE		100K
	Rs_CE		10K
	Rs_WE		10K
	PTAT_EN		0
	Calib_EN		1
	S0		0
	S1		0
	S2		1
	S3		0

Interactive.378
Number of points completed: 1
Number of simulation errors: 0
Interactive.378 completed. 
Current time: Thu Jun  4 08:32:02 2026 
