Starting Single Run, Sweeps and Corners...

Current time: Mon Jun  1 06:11:33 2026 
Best design point: 1
Design specs: 
	PTAT	corner	Nominal - 
	Slope		Error	No
	PSRR		Error	No
Design parameters: 
	Cdl		10n
	vdd		0
	vtran		0
	vref		1.615
	vddpuls		3.3
	R_ct		500K
	Cdl_CE		10n
	Rct_CE		100K
	Rs_CE		10K
	Rs_WE		10K
	PTAT_EN		0
	Calib_EN		0
	S0		0
	S1		1
	S2		0
	S3		0

Interactive.310
Number of points completed: 1
Number of simulation errors: 0
Interactive.310 completed. 
Current time: Mon Jun  1 06:11:54 2026 
