Starting Single Run, Sweeps and Corners...

Current time: Fri Jun  5 18:34:44 2026 
Best design point: 1
Design specs: 
	PTAT	corner	Nominal - 
	rmsNoise(0.001 100000)		645.5u
Design parameters: 
	Cdl		10n
	vdd		3.3
	vtran		0
	vref		1.615
	vddpuls		0
	R_ct		500K
	Cdl_CE		10n
	Rct_CE		100K
	Rs_CE		10K
	Rs_WE		10K
	PTAT_EN		0
	Calib_EN		1
	S0		0
	S1		0
	S2		1
	S3		0

Interactive.391
Number of points completed: 1
Number of simulation errors: 0
Interactive.391 completed. 
Current time: Fri Jun  5 18:36:30 2026 
