Starting Single Run, Sweeps and Corners...

Current time: Wed May 20 10:48:26 2026 
Best design point: 1
Design specs: 
	Potentiostat_7_CA_TIA_Front_tb_calib_1	corner	Nominal - 
	Bias error		44.15u
	CA Error		102.3u
	rmsNoise(0.001 100000)		207.7u
	Vout_noise/Rf		68.72p
	TIA_Error_Adjusted		155.9u
	Phase Margin		97.44
	MUX leakage		-3.375p
	MUX voltage drop		26.78u
	(VDC("/vref") - VDC("/net1"))		157.3u
Design parameters: 
	Cdl		10n
	vdd		3.3
	vtran		0
	vref		1.615
	vddpuls		0
	R_ct		1M
	Cdl_CE		10n
	Rct_CE		100K
	Rs_CE		10K
	Rs_WE		10K
	PTAT_EN		1
	Calib_EN		0
	S0		0
	S1		0
	S2		1
	S3		0

Interactive.192
Number of points completed: 1
Number of simulation errors: 0
Interactive.192 completed. 
Current time: Wed May 20 10:48:54 2026 
