Starting Single Run, Sweeps and Corners...

Current time: Wed Jun  3 20:13:19 2026 
Best design point: 1
Design specs: 
	Poten_MC	corner	Nominal - 
	Bias error		18.61u
	Output noise		Error	No
	CA Loop Error		102.3u
	rmsNoise(0.001 100000)		Error	No
	PSRR		Error	No
	TIA loop Error		120.9u
	PTAT_MC	corner	Nominal - 
	Slope		Error	No
	PSRR		Error	No
Design parameters: 
	Cdl		10n
	vdd		0
	vtran		0
	vref		1.615
	vddpuls		3.3
	R_ct		500K
	Cdl_CE		10n
	Rct_CE		100K
	Rs_CE		10K
	Rs_WE		10K
	PTAT_EN		0
	Calib_EN		1
	S0		0
	S1		0
	S2		1
	S3		0

Interactive.373
Number of points completed: 1
Number of simulation errors: 0
Interactive.373 completed. 
Current time: Wed Jun  3 20:14:31 2026 
