Starting Single Run, Sweeps and Corners...

Current time: Wed May 20 13:16:27 2026 
Best design point: 1
Design specs: 
	Potentiostat_7_CA_TIA_Front_tb_calib_1	corner	Nominal - 
	Bias error		53.85u
	CA Error		101.7u
	rmsNoise(0.001 100000)		200.9u
	Vout_noise/Rf		66.48p
	TIA_Error_Adjusted		158.1u
	Phase Margin		97.43
	MUX leakage		-3.375p
	MUX voltage drop		8.986u
	(VDC("/vref") - VDC("/net1"))		157.9u
Design parameters: 
	Cdl		10n
	vdd		3.3
	vtran		0
	vref		1.615
	vddpuls		0
	R_ct		3M
	Cdl_CE		10n
	Rct_CE		100K
	Rs_CE		10K
	Rs_WE		10K
	PTAT_EN		1
	Calib_EN		0
	S0		0
	S1		0
	S2		1
	S3		0

Interactive.197
Number of points completed: 1
Number of simulation errors: 0
Interactive.197 completed. 
Current time: Wed May 20 13:16:57 2026 
