Starting Monte Carlo Sampling...

Current time: Wed Jun  3 20:19:14 2026 

Variation: All
Sampling Method: Low-Discrepancy Sequence
Seed: 12345

MonteCarlo.8
Number of points completed: 200
Number of simulation errors: 0
MonteCarlo.8 completed. 
Current time: Wed Jun  3 21:06:08 2026 
Monte Carlo Sampling yield summary:
Number of spec values are in this yield data: 6
Poten_MC	Nominal - 
	Bias error:	Yield	100%
		Min -0.00354234	Max 0.0036279	Mean 2.9225e-05	Number of errors 0
Poten_MC	Nominal - 
	CA Loop Error:	Yield	100%
		Min 4.11848e-06	Max 0.00268401	Mean 0.000746258	Number of errors 0
Poten_MC	Nominal - 
	Output noise:	Yield	0%
		Min 0	Max 0	Mean 0	Number of errors 200
Poten_MC	Nominal - 
	PSRR:	Yield	0%
		Min 0	Max 0	Mean 0	Number of errors 200
Poten_MC	Nominal - 
	TIA loop Error:	Yield	100%
		Min 1.34038e-05	Max 0.0026665	Mean 0.000733516	Number of errors 0
Poten_MC	Nominal - 
	rmsNoise(0.001 100000):	Yield	0%
		Min 0	Max 0	Mean 0	Number of errors 200

Poten_MC
	Overall Yield	100%	Number of points passed	200	Total number of points	200

Estimated yield = 100% (200/200), 200 errors
Estimated yield (No opregions) = 100% (200/200)
