Starting Monte Carlo Sampling...

Current time: Mon Jun  1 06:44:12 2026 

Variation: All
Sampling Method: Low-Discrepancy Sequence
Seed: 12345

MonteCarlo.0
Number of points completed: 200
Number of simulation errors: 0
MonteCarlo.0 completed. 
Current time: Mon Jun  1 06:52:35 2026 
Monte Carlo Sampling yield summary:
Number of spec values are in this yield data: 2
PTAT_MC	Nominal - 
	PSRR:	Yield	0%
		Min 0	Max 0	Mean 0	Number of errors 200
PTAT_MC	Nominal - 
	Slope:	Yield	0%
		Min 0	Max 0	Mean 0	Number of errors 200

PTAT_MC
	Overall Yield	0%	Number of points passed	0	Total number of points	200

Estimated yield = 0% (0/200), 200 errors
Estimated yield (No opregions) = 0% (0/200)
