Starting Monte Carlo Sampling...

Current time: Mon Jun  8 12:54:43 2026 

Variation: All
Sampling Method: Low-Discrepancy Sequence
Seed: 12345

MonteCarlo.7
Number of points completed: 50
Number of simulation errors: 0
MonteCarlo.7 completed. 
Current time: Mon Jun  8 13:17:51 2026 
Monte Carlo Sampling yield summary:
Number of spec values are in this yield data: 6
Poten_MC	Nominal - 
	Bias error:	Yield	100%
		Min -0.00243373	Max 0.00272211	Mean -2.09228e-05	Number of errors 0
Poten_MC	Nominal - 
	CA Loop Error:	Yield	100%
		Min 5.67403e-07	Max 0.00235592	Mean 0.000677854	Number of errors 0
Poten_MC	Nominal - 
	Output noise:	Yield	0%
		Min 0	Max 0	Mean 0	Number of errors 50
Poten_MC	Nominal - 
	PSRR:	Yield	0%
		Min 0	Max 0	Mean 0	Number of errors 0
Poten_MC	Nominal - 
	TIA loop Error:	Yield	100%
		Min 1.78816e-06	Max 0.00273303	Mean 0.000679679	Number of errors 0
Poten_MC	Nominal - 
	rmsNoise(0.001 100000):	Yield	0%
		Min 0	Max 0	Mean 0	Number of errors 50

Poten_MC
	Overall Yield	100%	Number of points passed	50	Total number of points	50

Estimated yield = 100% (50/50), 50 errors
Estimated yield (No opregions) = 100% (50/50)
