Starting Monte Carlo Sampling...

Current time: Wed May 27 13:30:14 2026 

Variation: All
Sampling Method: Low-Discrepancy Sequence
Seed: 12345

MonteCarlo.3
Number of points completed: 200
Number of simulation errors: 0
MonteCarlo.3 completed. 
Current time: Wed May 27 13:31:30 2026 
Monte Carlo Sampling yield summary:
Number of spec values are in this yield data: 6
DC_MC	Nominal - 
	IBIAS:	Yield	100%
		Min 1.96366e-07	Max 2.0599e-07	Mean 2.01768e-07	Number of errors 0
DC_MC	Nominal - 
	PSRR_1Hz:	Yield	100%
		Min -91.8694	Max -77.5388	Mean -86.8287	Number of errors 0
DC_MC	Nominal - 
	V/V /V0; xf dB20(V/V):	Yield	0%
		Min 0	Max 0	Mean 0	Number of errors 0
DC_MC	Nominal - 
	V1600:	Yield	100%
		Min 1.58328	Max 1.63738	Mean 1.61378	Number of errors 0
DC_MC	Nominal - 
	Vnoise_rms_100MHz:	Yield	100%
		Min 0.000196611	Max 0.000219911	Mean 0.000206022	Number of errors 0
DC_MC	Nominal - 
	Vnoise_rms_200Hz:	Yield	100%
		Min 1.22225e-05	Max 4.25212e-05	Mean 2.65263e-05	Number of errors 0

DC_MC
	Overall Yield	100%	Number of points passed	200	Total number of points	200

Estimated yield = 100% (200/200), 0 errors
Estimated yield (No opregions) = 100% (200/200)
