================================================================================
Rule No. 421 : INFO: hot nwell

Real Error Count : 55; Flat Error Count : 286
================================================================================

--------------------------------------------------------------------------------
Cell Name : cpolyc layout PRIMLIB area="2.89n" c="2.5p" gwell="N-Well" l="54.1u" perimeter="214.9u" rbottom="Cont" rleft="Cont" id_=d867af612fc4b764 in1=C528229

                   Cell Errors    Real Errors   Cell Placements     Environments
                             1              1                 4                1
--------------------------------------------------------------------------------
Env.  Env. Placements            X1           Y1          X2           Y2

  1        4                646.225      151.050     705.825      209.100

Shape               Environments Status & Error Marker 

          1           X1         Y1         X2         Y2

   1      X       -1.350     -1.350     58.250     56.700

--------------------------------------------------------------------------------
Cell Name : cpolyc layout PRIMLIB area="3.47n" c="3p" gwell="N-Well" l="59.25u" perimeter="235.5u" rbottom="Cont" rleft="Cont" id_=d867af616155d7ec in1=C0

                   Cell Errors    Real Errors   Cell Placements     Environments
                             1              1                 3                1
--------------------------------------------------------------------------------
Env.  Env. Placements            X1           Y1          X2           Y2

  1        3               1306.275      146.750    1371.025      209.950

Shape               Environments Status & Error Marker 

          1           X1         Y1         X2         Y2

   1      X       -1.350     -1.350     63.400     61.850

--------------------------------------------------------------------------------
Cell Name : cpolyc layout PRIMLIB area="1.73n" c="1.5p" gwell="N-Well" l="41.95u" perimeter="166.3u" rbottom="Cont" rleft="Cont" id_=d867af61708d568b in1=C428929

                   Cell Errors    Real Errors   Cell Placements     Environments
                             1              1                10                1
--------------------------------------------------------------------------------
Env.  Env. Placements            X1           Y1          X2           Y2

  1       10                796.425       50.600     843.875       96.500

Shape               Environments Status & Error Marker 

          1           X1         Y1         X2         Y2

   1      X       -1.350     -1.350     46.100     44.550

--------------------------------------------------------------------------------
Cell Name : cpolyc layout PRIMLIB area="2.31n" c="2p" gwell="N-Well" l="48.4u" perimeter="192.1u" rbottom="Cont" rleft="Cont" rright="Cont" id_=8d84e3685e3786f2 in1=C228929

                   Cell Errors    Real Errors   Cell Placements     Environments
                             1              1                30                1
--------------------------------------------------------------------------------
Env.  Env. Placements            X1           Y1          X2           Y2

  1       30               1764.975      119.875    1818.875      172.225

Shape               Environments Status & Error Marker 

          1           X1         Y1         X2         Y2

   1      X       -1.350     -1.350     52.550     51.000

--------------------------------------------------------------------------------
Cell Name : 6_TIA_Front_Layout layout Potentiostat_cpoly2

                   Cell Errors    Real Errors   Cell Placements     Environments
                             2              2                 1                1
--------------------------------------------------------------------------------
Env.  Env. Placements            X1           Y1          X2           Y2

  1        1                459.400      100.325     766.025      267.750

Shape               Environments Status & Error Marker 

          1           X1         Y1         X2         Y2

   1      X        1.225     11.225     71.925     50.950
   2      X      188.050     34.950    307.850    178.650

--------------------------------------------------------------------------------
Cell Name : 6_CA_Front_Layout layout Potentiostat_cpoly2

                   Cell Errors    Real Errors   Cell Placements     Environments
                            26             26                 2                1
--------------------------------------------------------------------------------
Env.  Env. Placements            X1           Y1          X2           Y2

  1        2               1577.375       59.550    1755.275      146.600

Shape               Environments Status & Error Marker 

          1           X1         Y1         X2         Y2

   1      X        7.150     45.100    110.800     93.900
   2      X       20.275     55.225     28.375     67.625
   3      X       20.275     71.375     28.375     83.775
   4      X       26.575     55.225     34.675     67.625
   5      X       26.575     71.375     34.675     83.775
   6      X       32.875     55.225     40.975     67.625
   7      X       32.875     71.375     40.975     83.775
   8      X       39.175     55.225     47.275     67.625
   9      X       39.175     71.375     47.275     83.775
  10      X       45.475     55.225     53.575     67.625
  11      X       45.475     71.375     53.575     83.775
  12      X       51.775     55.225     59.875     67.625
  13      X       51.775     71.375     59.875     83.775
  14      X       58.075     55.225     66.175     67.625
  15      X       58.075     71.375     66.175     83.775
  16      X       64.375     55.225     72.475     67.625
  17      X       64.375     71.375     72.475     83.775
  18      X       70.675     55.225     78.775     67.625
  19      X       70.675     71.375     78.775     83.775
  20      X       76.975     55.225     85.075     67.625
  21      X       76.975     71.375     85.075     83.775
  22      X       83.275     55.225     91.375     67.625
  23      X       83.275     71.375     91.375     83.775
  24      X       89.575     55.225     97.675     67.625
  25      X       89.575     71.375     97.675     83.775
  26      X      121.050      6.900    185.050     29.300

--------------------------------------------------------------------------------
Cell Name : rpolyhc layout PRIMLIB Bends=10 Dummy=TRUE ResShape="90_deg" doubleCont="Horizontal" gwell="N-Well" l="500u" r="1M" w="800n" in1=R5

                   Cell Errors    Real Errors   Cell Placements     Environments
                             1              1                14                1
--------------------------------------------------------------------------------
Env.  Env. Placements            X1           Y1          X2           Y2

  1       14                883.100      180.500     939.250      206.100

Shape               Environments Status & Error Marker 

          1           X1         Y1         X2         Y2

   1      X       -6.000     -4.650     50.150     20.950

--------------------------------------------------------------------------------
Cell Name : 8_CA_TIA_Front_calib layout Potentiostat_cpoly2

                   Cell Errors    Real Errors   Cell Placements     Environments
                             6              6                 1                1
--------------------------------------------------------------------------------
Env.  Env. Placements            X1           Y1          X2           Y2

  1        1                 41.825       42.300    1041.100      267.750

Shape               Environments Status & Error Marker 

          1           X1         Y1         X2         Y2

   1      X      231.700     18.000    303.550     55.900
   2      X      429.300     17.100    510.000     61.800
   3      X      761.775     21.250    957.525    137.500
   4      X      800.900    153.750   1010.600    241.250
   5      X      910.075     21.250   1009.725    121.950
   6      X      910.075     71.300    957.525     71.900

--------------------------------------------------------------------------------
Cell Name : vert10_4 layout PRIMLIB

                   Cell Errors    Real Errors   Cell Placements     Environments
                             1              1                81                1
--------------------------------------------------------------------------------
Env.  Env. Placements            X1           Y1          X2           Y2

  1       81               1404.425      111.050    1418.225      124.850

Shape               Environments Status & Error Marker 

          1           X1         Y1         X2         Y2

   1      X        1.500      1.500     15.300     15.300

--------------------------------------------------------------------------------
Cell Name : rpolyhc layout PRIMLIB Bends=10 Dummy=TRUE ResShape="90_deg" doubleCont="Horizontal" gwell="N-Well" l="50u" r="100K" w="800n" in1=R9

                   Cell Errors    Real Errors   Cell Placements     Environments
                             1              1                 9                1
--------------------------------------------------------------------------------
Env.  Env. Placements            X1           Y1          X2           Y2

  1        9               1501.550       58.425    1527.150       73.675

Shape               Environments Status & Error Marker 

          1           X1         Y1         X2         Y2

   1      X       -6.000     -4.650      9.250     20.950

--------------------------------------------------------------------------------
Cell Name : rpolyhc layout PRIMLIB Bends=10 Dummy=TRUE ResShape="90_deg" doubleCont="Horizontal" gwell="N-Well" l="150u" r="100K" w="2u" in1=R26

                   Cell Errors    Real Errors   Cell Placements     Environments
                             1              1                12                1
--------------------------------------------------------------------------------
Env.  Env. Placements            X1           Y1          X2           Y2

  1       12               1280.250       54.200    1321.250       80.950

Shape               Environments Status & Error Marker 

          1           X1         Y1         X2         Y2

   1      X       -7.750     -5.750     19.000     35.250

--------------------------------------------------------------------------------
Cell Name : pmos4 layout PRIMLIB l="2u" in1=MP1281029

                   Cell Errors    Real Errors   Cell Placements     Environments
                             1              1                44                1
--------------------------------------------------------------------------------
Env.  Env. Placements            X1           Y1          X2           Y2

  1       44               1165.150       71.275    1171.250       83.675

Shape               Environments Status & Error Marker 

          1           X1         Y1         X2         Y2

   1      X       -1.200     -1.200     11.200      4.900

--------------------------------------------------------------------------------
Cell Name : pmos4 layout PRIMLIB l="350n" in1=MP628129

                   Cell Errors    Real Errors   Cell Placements     Environments
                             1              1                 8                1
--------------------------------------------------------------------------------
Env.  Env. Placements            X1           Y1          X2           Y2

  1        8               1266.600      198.450    1271.050      210.850

Shape               Environments Status & Error Marker 

          1           X1         Y1         X2         Y2

   1      X       -1.200     -1.200     11.200      3.250

--------------------------------------------------------------------------------
Cell Name : 8_Poten_PTAT2 layout Potentiostat_cpoly2

                   Cell Errors    Real Errors   Cell Placements     Environments
                            11             11                 1                1
--------------------------------------------------------------------------------
Env.  Env. Placements            X1           Y1          X2           Y2

  1        1                 41.825       32.300    2338.075      281.450

Shape               Environments Status & Error Marker 

          1           X1         Y1         X2         Y2

   1      X     1077.675     32.300   1270.275     85.350
   2      X     1155.500     61.625   1271.200    109.075
   3      X     1256.450    192.300   1289.150    233.150
   4      X     1278.700     52.650   1392.800    146.750
   5      X     1294.275    146.750   1393.625    281.450
   6      X     1306.275    209.950   1371.025    210.750
   7      X     1480.400     56.875   1548.275     93.725
   8      X     1764.975    119.875   1983.575    278.925
   9      X     1929.675    225.575   1983.575    226.575
  10      X     1983.575    119.875   2149.275    278.925
  11      X     2149.275    119.875   2338.075    278.925

================================================================================
Rule No. 532 : M3_R_1 Minimum density of MET3 area [%] = 30

Real Error Count : 1; Flat Error Count : 2
================================================================================

--------------------------------------------------------------------------------
Cell Name : 8_Poten_PTAT2 layout Potentiostat_cpoly2

                   Cell Errors    Real Errors   Cell Placements     Environments
                             2              1                 1                1
--------------------------------------------------------------------------------
Env.  Env. Placements            X1           Y1          X2           Y2

  1        1                  3.250        2.100    2376.975      317.375

Shape               Environments Status & Error Marker 

          1           X1         Y1         X2         Y2

   1      X        3.250      2.100   2376.975    317.375

================================================================================
Rule No. 669 : RPOLYH_G2 Minimum high precision RPOLYH width = 2

Real Error Count : 308; Flat Error Count : 1211
================================================================================

--------------------------------------------------------------------------------
Cell Name : 6_TIA_Front_Layout layout Potentiostat_cpoly2

                   Cell Errors    Real Errors   Cell Placements     Environments
                             7              7                 1                1
--------------------------------------------------------------------------------
Env.  Env. Placements            X1           Y1          X2           Y2

  1        1                511.775      132.050     515.275      135.150

Shape               Environments Status & Error Marker 

          1           X1         Y1         X2         Y2

   1      X       53.600     42.950     54.500     43.850
   2      X       53.600     42.950     56.286     43.850
   3      X       53.600     43.050     57.100     43.850
   4      X       53.600     45.150     54.500     46.050
   5      X       53.600     45.150     56.286     46.050
   6      X       53.600     45.150     57.100     45.950
   7      X       56.300     43.050     57.100     45.950

--------------------------------------------------------------------------------
Cell Name : rpolyhc layout PRIMLIB Bends=10 Dummy=TRUE ResShape="90_deg" doubleCont="Horizontal" gwell="N-Well" l="500u" r="1M" w="800n" in1=R5

                   Cell Errors    Real Errors   Cell Placements     Environments
                            43             43                14                1
--------------------------------------------------------------------------------
Env.  Env. Placements            X1           Y1          X2           Y2

  1       14                886.100      183.500     936.250      203.100

Shape               Environments Status & Error Marker 

          1           X1         Y1         X2         Y2

   1      X       -1.450     -0.100      0.250      0.800
   2      X       -1.450     -0.100      2.036      0.800
   3      X       -1.450      0.000     44.950      0.800
   4      X       -0.800     -0.100      0.250      1.702
   5      X       -0.800      1.550      0.000      3.900
   6      X       -0.800      1.550     44.950      2.350
   7      X       -0.800      2.817      0.000      4.933
   8      X       -0.800      3.100     44.950      3.900
   9      X       -0.800      3.617      0.000      5.733
  10      X       -0.800      4.650      0.000      7.000
  11      X       -0.800      4.650     44.950      5.450
  12      X       -0.800      5.917      0.000      8.033
  13      X       -0.800      6.200     44.950      7.000
  14      X       -0.800      6.717      0.000      8.833
  15      X       -0.800      7.750      0.000     10.100
  16      X       -0.800      7.750     44.950      8.550
  17      X       -0.800      9.017      0.000     11.133
  18      X       -0.800      9.300     44.950     10.100
  19      X       -0.800      9.817      0.000     11.933
  20      X       -0.800     10.850      0.000     13.200
  21      X       -0.800     10.850     44.950     11.650
  22      X       -0.800     12.117      0.000     14.233
  23      X       -0.800     12.400     44.950     13.200
  24      X       -0.800     12.917      0.000     15.033
  25      X       -0.800     13.950      0.000     16.300
  26      X       -0.800     13.950     44.950     14.750
  27      X       -0.800     15.500     45.600     16.300
  28      X       42.114     15.500     45.600     16.400
  29      X       43.900     14.598     44.950     16.400
  30      X       43.900     15.500     45.600     16.400
  31      X       44.150      0.000     44.950      2.350
  32      X       44.150      1.267     44.950      3.383
  33      X       44.150      2.067     44.950      4.183
  34      X       44.150      3.100     44.950      5.450
  35      X       44.150      4.367     44.950      6.483
  36      X       44.150      5.167     44.950      7.283
  37      X       44.150      6.200     44.950      8.550
  38      X       44.150      7.467     44.950      9.583
  39      X       44.150      8.267     44.950     10.383
  40      X       44.150      9.300     44.950     11.650
  41      X       44.150     10.567     44.950     12.683
  42      X       44.150     11.367     44.950     13.483
  43      X       44.150     12.400     44.950     14.750

--------------------------------------------------------------------------------
Cell Name : 8_CA_TIA_Front_calib layout Potentiostat_cpoly2

                   Cell Errors    Real Errors   Cell Placements     Environments
                           149            149                 1                1
--------------------------------------------------------------------------------
Env.  Env. Placements            X1           Y1          X2           Y2

  1        1                326.000       48.300    1036.550      261.900

Shape               Environments Status & Error Marker 

          1           X1         Y1         X2         Y2

   1      X      295.500     25.300    296.400     26.200
   2      X      295.500     25.300    298.186     26.200
   3      X      295.500     25.400    299.000     26.200
   4      X      295.500     27.500    296.400     28.400
   5      X      295.500     27.500    298.186     28.400
   6      X      295.500     27.500    299.000     28.300
   7      X      298.200     25.400    299.000     28.300
   8      X      501.950     23.100    502.850     24.000
   9      X      501.950     23.100    504.636     24.000
  10      X      501.950     23.200    505.450     24.000
  11      X      501.950     25.300    502.850     26.200
  12      X      501.950     25.300    504.636     26.200
  13      X      501.950     25.300    505.450     26.100
  14      X      504.650     23.200    505.450     26.100
  15      X      774.075    129.600    774.875    132.500
  16      X      774.075    129.600    777.575    130.400
  17      X      774.075    131.700    777.575    132.500
  18      X      774.889    129.500    777.575    130.400
  19      X      774.889    131.700    777.575    132.600
  20      X      776.675    129.500    777.575    130.400
  21      X      776.675    131.700    777.575    132.600
  22      X      805.450    197.500    806.900    215.277
  23      X      805.450    197.500    853.386    198.400
  24      X      805.450    212.067    806.250    218.133
  25      X      805.450    216.067    806.250    222.133
  26      X      805.450    218.923    806.900    236.700
  27      X      805.450    235.800    853.386    236.700
  28      X      806.250    216.300    809.450    217.900
  29      X      808.396    216.200    810.504    217.900
  30      X      808.396    216.300    810.504    218.000
  31      X      809.450    216.200    854.150    218.000
  32      X      820.525    166.925    821.325    172.758
  33      X      820.525    166.925    825.558    167.725
  34      X      820.525    169.139    821.425    185.275
  35      X      820.525    183.825    838.302    185.275
  36      X      822.075    168.475    822.975    170.175
  37      X      822.075    168.475    822.975    171.961
  38      X      822.075    169.125    823.877    170.175
  39      X      822.175    168.475    822.975    183.075
  40      X      822.175    182.275    824.525    183.075
  41      X      822.348    166.925    840.125    168.375
  42      X      823.442    182.275    825.558    183.075
  43      X      823.725    169.125    824.525    183.075
  44      X      823.725    169.125    826.075    169.925
  45      X      824.242    182.275    826.358    183.075
  46      X      824.992    169.125    827.108    169.925
  47      X      825.275    169.125    826.075    183.075
  48      X      825.275    182.275    827.625    183.075
  49      X      825.792    169.125    827.908    169.925
  50      X      826.542    182.275    828.658    183.075
  51      X      826.825    169.125    827.625    183.075
  52      X      826.825    169.125    829.175    169.925
  53      X      827.342    182.275    829.458    183.075
  54      X      828.092    169.125    830.208    169.925
  55      X      828.375    169.125    829.175    183.075
  56      X      828.375    182.275    830.725    183.075
  57      X      828.892    169.125    831.008    169.925
  58      X      829.642    182.275    831.758    183.075
  59      X      829.925    169.125    830.725    183.075
  60      X      829.925    169.125    832.275    169.925
  61      X      830.442    182.275    832.558    183.075
  62      X      831.192    169.125    833.308    169.925
  63      X      831.475    169.125    832.275    183.075
  64      X      831.475    182.275    833.825    183.075
  65      X      831.992    169.125    834.108    169.925
  66      X      832.742    182.275    834.858    183.075
  67      X      833.025    169.125    833.825    183.075
  68      X      833.025    169.125    835.375    169.925
  69      X      833.542    182.275    835.658    183.075
  70      X      834.292    169.125    836.408    169.925
  71      X      834.575    169.125    835.375    183.075
  72      X      834.575    182.275    836.925    183.075
  73      X      835.092    169.125    837.208    169.925
  74      X      835.092    184.475    840.125    185.275
  75      X      836.125    169.125    836.925    183.075
  76      X      836.125    169.125    838.475    169.925
  77      X      836.773    182.025    838.575    183.075
  78      X      837.675    169.125    838.475    183.725
  79      X      837.675    180.239    838.575    183.725
  80      X      837.675    182.025    838.575    183.725
  81      X      839.225    166.925    840.125    183.061
  82      X      839.325    179.442    840.125    185.275
  83      X      849.767    197.500    855.600    198.300
  84      X      849.767    235.900    856.633    236.700
  85      X      855.264    197.500    857.386    198.400
  86      X      855.264    235.800    903.536    236.700
  87      X      855.600    158.300    857.050    176.077
  88      X      855.600    158.300    903.536    159.200
  89      X      855.600    172.867    856.400    178.933
  90      X      855.600    176.867    856.400    182.933
  91      X      855.600    179.723    857.050    197.500
  92      X      855.600    197.023    857.050    198.877
  93      X      856.400    177.100    859.600    178.700
  94      X      856.400    216.300    859.600    217.900
  95      X      857.050    196.600    901.750    198.400
  96      X      858.546    177.000    860.654    178.700
  97      X      858.546    177.100    860.654    178.800
  98      X      858.546    216.200    860.654    217.900
  99      X      858.546    216.300    860.654    218.000
 100      X      859.600    177.000    904.300    178.800
 101      X      859.600    216.200    904.300    218.000
 102      X      899.917    158.300    906.783    159.100
 103      X      899.917    235.900    906.783    236.700
 104      X      900.696    196.600    902.804    198.300
 105      X      900.696    196.700    902.804    198.400
 106      X      901.750    196.700    904.950    198.300
 107      X      904.717    235.900    911.583    236.700
 108      X      904.950    233.500    906.550    235.900
 109      X      905.414    158.300    953.686    159.200
 110      X      906.550    177.100    909.750    178.700
 111      X      906.550    216.300    910.804    218.000
 112      X      907.200    196.600    951.900    198.400
 113      X      907.964    235.800    956.236    236.700
 114      X      908.696    177.000    910.804    178.700
 115      X      908.696    177.100    910.804    178.800
 116      X      908.878    216.200    952.772    218.000
 117      X      909.750    177.000    954.450    178.800
 118      X      950.067    158.300    956.933    159.100
 119      X      950.846    196.600    952.954    198.300
 120      X      950.846    196.700    952.954    198.400
 121      X      950.846    216.200    955.100    217.900
 122      X      951.900    196.700    955.100    198.300
 123      X      954.867    158.300    961.733    159.100
 124      X      955.100    159.100    956.700    161.500
 125      X      955.100    194.300    956.700    196.700
 126      X      955.100    198.300    956.700    200.700
 127      X      955.100    217.900    956.700    220.300
 128      X      955.564    235.800   1003.836    236.700
 129      X      956.700    196.700    959.900    198.300
 130      X      956.700    216.200    960.954    217.900
 131      X      957.350    177.000   1002.050    178.800
 132      X      958.114    158.300   1006.050    159.200
 133      X      958.846    196.600    960.954    198.300
 134      X      958.846    196.700    960.954    198.400
 135      X      959.028    216.200   1002.922    218.000
 136      X      959.900    196.600   1004.600    198.400
 137      X     1000.217    235.900   1006.050    236.700
 138      X     1000.996    177.000   1003.104    178.700
 139      X     1000.996    177.100   1003.104    178.800
 140      X     1000.996    216.300   1005.250    218.000
 141      X     1002.050    177.100   1005.250    178.700
 142      X     1004.600    158.300   1006.050    176.077
 143      X     1004.600    179.723   1006.050    197.977
 144      X     1004.600    197.023   1006.050    215.277
 145      X     1004.600    216.623   1006.050    234.877
 146      X     1005.250    172.867   1006.050    178.933
 147      X     1005.250    176.867   1006.050    182.933
 148      X     1005.250    212.067   1006.050    218.133
 149      X     1005.250    231.667   1006.050    236.700

--------------------------------------------------------------------------------
Cell Name : rpolyhc layout PRIMLIB Bends=10 Dummy=TRUE ResShape="90_deg" doubleCont="Horizontal" gwell="N-Well" l="50u" r="100K" w="800n" in1=R9

                   Cell Errors    Real Errors   Cell Placements     Environments
                            43             43                 9                1
--------------------------------------------------------------------------------
Env.  Env. Placements            X1           Y1          X2           Y2

  1        9               1504.550       61.425    1524.150       70.675

Shape               Environments Status & Error Marker 

          1           X1         Y1         X2         Y2

   1      X       -1.450     -0.100      0.250      0.800
   2      X       -1.450     -0.100      2.036      0.800
   3      X       -1.450      0.000      4.050      0.800
   4      X       -0.800     -0.100      0.250      1.702
   5      X       -0.800      1.550      0.000      3.900
   6      X       -0.800      1.550      4.050      2.350
   7      X       -0.800      2.817      0.000      4.933
   8      X       -0.800      3.100      4.050      3.900
   9      X       -0.800      3.617      0.000      5.733
  10      X       -0.800      4.650      0.000      7.000
  11      X       -0.800      4.650      4.050      5.450
  12      X       -0.800      5.917      0.000      8.033
  13      X       -0.800      6.200      4.050      7.000
  14      X       -0.800      6.717      0.000      8.833
  15      X       -0.800      7.750      0.000     10.100
  16      X       -0.800      7.750      4.050      8.550
  17      X       -0.800      9.017      0.000     11.133
  18      X       -0.800      9.300      4.050     10.100
  19      X       -0.800      9.817      0.000     11.933
  20      X       -0.800     10.850      0.000     13.200
  21      X       -0.800     10.850      4.050     11.650
  22      X       -0.800     12.117      0.000     14.233
  23      X       -0.800     12.400      4.050     13.200
  24      X       -0.800     12.917      0.000     15.033
  25      X       -0.800     13.950      0.000     16.300
  26      X       -0.800     13.950      4.050     14.750
  27      X       -0.800     15.500      4.700     16.300
  28      X        1.214     15.500      4.700     16.400
  29      X        3.000     14.598      4.050     16.400
  30      X        3.000     15.500      4.700     16.400
  31      X        3.250      0.000      4.050      2.350
  32      X        3.250      1.267      4.050      3.383
  33      X        3.250      2.067      4.050      4.183
  34      X        3.250      3.100      4.050      5.450
  35      X        3.250      4.367      4.050      6.483
  36      X        3.250      5.167      4.050      7.283
  37      X        3.250      6.200      4.050      8.550
  38      X        3.250      7.467      4.050      9.583
  39      X        3.250      8.267      4.050     10.383
  40      X        3.250      9.300      4.050     11.650
  41      X        3.250     10.567      4.050     12.683
  42      X        3.250     11.367      4.050     13.483
  43      X        3.250     12.400      4.050     14.750

--------------------------------------------------------------------------------
Cell Name : 8_Poten_PTAT2 layout Potentiostat_cpoly2

                   Cell Errors    Real Errors   Cell Placements     Environments
                            66             66                 1                1
--------------------------------------------------------------------------------
Env.  Env. Placements            X1           Y1          X2           Y2

  1        1                326.000       37.200    2333.525      261.900

Shape               Environments Status & Error Marker 

          1           X1         Y1         X2         Y2

   1      X     1122.625     37.200   1123.525     38.100
   2      X     1122.625     37.200   1125.311     38.100
   3      X     1122.625     37.300   1126.125     38.100
   4      X     1122.625     39.400   1123.525     40.300
   5      X     1122.625     39.400   1125.311     40.300
   6      X     1122.625     39.400   1126.125     40.200
   7      X     1125.325     37.300   1126.125     40.200
   8      X     1299.175    226.300   1300.075    227.200
   9      X     1299.175    226.300   1301.861    227.200
  10      X     1299.175    226.400   1302.675    227.200
  11      X     1299.175    228.500   1300.075    229.400
  12      X     1299.175    228.500   1301.861    229.400
  13      X     1299.175    228.500   1302.675    229.300
  14      X     1301.875    226.400   1302.675    229.300
  15      X     1484.950     61.425   1485.850     68.461
  16      X     1484.950     61.425   1502.727     62.875
  17      X     1484.950     64.842   1485.750     71.708
  18      X     1484.950     70.339   1485.850     77.711
  19      X     1484.950     74.092   1485.750     80.958
  20      X     1484.950     79.589   1485.850     86.961
  21      X     1484.950     83.342   1485.750     89.175
  22      X     1484.950     88.375   1489.983     89.175
  23      X     1486.773     87.725   1505.027     89.175
  24      X     1499.517     61.425   1505.583     62.225
  25      X     1503.517     61.425   1509.583     62.225
  26      X     1503.517     88.375   1509.583     89.175
  27      X     1503.650     64.371   1505.350     66.479
  28      X     1503.650     65.425   1505.450     69.225
  29      X     1503.650     73.803   1505.450     76.797
  30      X     1503.650     74.871   1505.350     79.125
  31      X     1503.650     83.053   1505.450     86.047
  32      X     1503.650     84.121   1505.350     88.375
  33      X     1503.750     62.225   1505.350     65.425
  34      X     1503.750     64.371   1505.450     66.479
  35      X     1503.750     71.475   1505.450     75.729
  36      X     1503.750     80.725   1505.450     84.979
  37      X     1506.373     61.425   1524.627     62.875
  38      X     1506.373     87.725   1524.627     89.175
  39      X     1520.950     69.875   1523.350     71.475
  40      X     1523.117     88.375   1529.183     89.175
  41      X     1523.250     62.875   1525.050     66.675
  42      X     1523.250     65.621   1524.950     67.729
  43      X     1523.250     73.803   1525.050     76.797
  44      X     1523.250     74.871   1524.950     79.125
  45      X     1523.250     83.053   1525.050     86.047
  46      X     1523.250     84.121   1524.950     88.375
  47      X     1523.350     65.621   1525.050     67.729
  48      X     1523.350     66.675   1524.950     69.875
  49      X     1523.350     71.475   1525.050     75.729
  50      X     1523.350     80.725   1525.050     84.979
  51      X     1523.673     61.425   1541.927     62.875
  52      X     1525.973     87.725   1543.750     89.175
  53      X     1538.717     61.425   1543.750     62.225
  54      X     1542.850     63.639   1543.750     71.011
  55      X     1542.850     72.889   1543.750     80.261
  56      X     1542.850     82.139   1543.750     89.175
  57      X     1542.950     61.425   1543.750     67.258
  58      X     1542.950     69.642   1543.750     76.508
  59      X     1542.950     78.892   1543.750     85.758
  60      X     2329.225    174.800   2330.925    175.700
  61      X     2329.225    174.800   2332.711    175.700
  62      X     2329.225    174.900   2333.525    175.700
  63      X     2329.225    177.000   2330.925    177.900
  64      X     2329.225    177.000   2332.711    177.900
  65      X     2329.225    177.000   2333.525    177.800
  66      X     2332.725    174.900   2333.525    177.800

================================================================================
Rule No. 772 : ERC Warning: Gates connected to VDD/VCC

Real Error Count : 116; Flat Error Count : 152
================================================================================

--------------------------------------------------------------------------------
Cell Name : 6_TIA_Front_Layout layout Potentiostat_cpoly2

                   Cell Errors    Real Errors   Cell Placements     Environments
                            38             38                 1                1
--------------------------------------------------------------------------------
Env.  Env. Placements            X1           Y1          X2           Y2

  1        1                478.075      114.200     625.400      247.050

Shape               Environments Status & Error Marker 

          1           X1         Y1         X2         Y2

   1      X       19.900     88.550     29.900     89.550
   2      X       19.900     99.950     29.900    100.950
   3      X       19.900    111.350     29.900    112.350
   4      X       19.900    122.750     29.900    123.750
   5      X       19.900    134.150     29.900    135.150
   6      X       19.900    145.550     29.900    146.550
   7      X       19.900    156.950     29.900    157.950
   8      X       32.200     88.550     42.200     89.550
   9      X       32.200    156.950     42.200    157.950
  10      X       44.500     88.550     54.500     89.550
  11      X       44.500    156.950     54.500    157.950
  12      X       56.800     88.550     66.800     89.550
  13      X       56.800    156.950     66.800    157.950
  14      X       69.100     88.550     79.100     89.550
  15      X       69.100    156.950     79.100    157.950
  16      X       81.400     88.550     91.400     89.550
  17      X       81.400    156.950     91.400    157.950
  18      X       93.700     88.550    103.700     89.550
  19      X       93.700    156.950    103.700    157.950
  20      X       93.925     25.100     97.925     35.100
  21      X       93.925     43.900     97.925     53.900
  22      X      106.000     88.550    116.000     89.550
  23      X      106.000    156.950    116.000    157.950
  24      X      118.300     88.550    128.300     89.550
  25      X      118.300    156.950    128.300    157.950
  26      X      130.600     88.550    140.600     89.550
  27      X      130.600    156.950    140.600    157.950
  28      X      142.900     88.550    152.900     89.550
  29      X      142.900    156.950    152.900    157.950
  30      X      155.200     88.550    165.200     89.550
  31      X      155.200     99.950    165.200    100.950
  32      X      155.200    111.350    165.200    112.350
  33      X      155.200    122.750    165.200    123.750
  34      X      155.200    134.150    165.200    135.150
  35      X      155.200    145.550    165.200    146.550
  36      X      155.200    156.950    165.200    157.950
  37      X      163.225     25.100    167.225     35.100
  38      X      163.225     43.900    167.225     53.900

--------------------------------------------------------------------------------
Cell Name : 6_CA_Front_Layout layout Potentiostat_cpoly2

                   Cell Errors    Real Errors   Cell Placements     Environments
                            36             36                 2                1
--------------------------------------------------------------------------------
Env.  Env. Placements            X1           Y1          X2           Y2

  1        2               1591.550      119.075    1736.850      258.800

Shape               Environments Status & Error Marker 

          1           X1         Y1         X2         Y2

   1      X       21.325    117.350     31.325    119.350
   2      X       21.325    129.750     31.325    131.750
   3      X       21.325    142.150     31.325    144.150
   4      X       21.325    154.550     31.325    156.550
   5      X       21.325    166.950     31.325    168.950
   6      X       21.325    179.350     31.325    181.350
   7      X       21.325    191.750     31.325    193.750
   8      X       21.325    204.150     31.325    206.150
   9      X       33.625    117.350     43.625    119.350
  10      X       33.625    204.150     43.625    206.150
  11      X       45.925    117.350     55.925    119.350
  12      X       45.925    204.150     55.925    206.150
  13      X       58.225    117.350     68.225    119.350
  14      X       58.225    204.150     68.225    206.150
  15      X       70.525    117.350     80.525    119.350
  16      X       70.525    204.150     80.525    206.150
  17      X       82.825    117.350     92.825    119.350
  18      X       82.825    204.150     92.825    206.150
  19      X       95.125    117.350    105.125    119.350
  20      X       95.125    204.150    105.125    206.150
  21      X      107.425    117.350    117.425    119.350
  22      X      107.425    204.150    117.425    206.150
  23      X      119.725    117.350    129.725    119.350
  24      X      119.725    204.150    129.725    206.150
  25      X      132.025    117.350    142.025    119.350
  26      X      132.025    204.150    142.025    206.150
  27      X      144.325    117.350    154.325    119.350
  28      X      144.325    204.150    154.325    206.150
  29      X      156.625    117.350    166.625    119.350
  30      X      156.625    129.750    166.625    131.750
  31      X      156.625    142.150    166.625    144.150
  32      X      156.625    154.550    166.625    156.550
  33      X      156.625    166.950    166.625    168.950
  34      X      156.625    179.350    166.625    181.350
  35      X      156.625    191.750    166.625    193.750
  36      X      156.625    204.150    166.625    206.150

--------------------------------------------------------------------------------
Cell Name : 8_Poten_PTAT2 layout Potentiostat_cpoly2

                   Cell Errors    Real Errors   Cell Placements     Environments
                            42             42                 1                1
--------------------------------------------------------------------------------
Env.  Env. Placements            X1           Y1          X2           Y2

  1        1                 60.250      108.925    1736.850      269.000

Shape               Environments Status & Error Marker 

          1           X1         Y1         X2         Y2

   1      X     1097.300    132.200   1107.300    137.200
   2      X     1097.300    146.300   1107.300    151.300
   3      X     1097.300    160.400   1107.300    165.400
   4      X     1097.300    174.500   1107.300    179.500
   5      X     1097.300    188.600   1107.300    193.600
   6      X     1097.300    202.700   1107.300    207.700
   7      X     1097.300    216.800   1107.300    221.800
   8      X     1097.300    230.900   1107.300    235.900
   9      X     1097.300    245.000   1107.300    250.000
  10      X     1097.300    259.100   1107.300    264.100
  11      X     1109.600    132.200   1119.600    137.200
  12      X     1109.600    259.100   1119.600    264.100
  13      X     1121.900    132.200   1131.900    137.200
  14      X     1121.900    259.100   1131.900    264.100
  15      X     1134.200    132.200   1144.200    137.200
  16      X     1134.200    259.100   1144.200    264.100
  17      X     1146.500    132.200   1156.500    137.200
  18      X     1146.500    259.100   1156.500    264.100
  19      X     1158.800    132.200   1168.800    137.200
  20      X     1158.800    259.100   1168.800    264.100
  21      X     1171.100    132.200   1181.100    137.200
  22      X     1171.100    259.100   1181.100    264.100
  23      X     1183.400    132.200   1193.400    137.200
  24      X     1183.400    259.100   1193.400    264.100
  25      X     1195.700    132.200   1205.700    137.200
  26      X     1195.700    259.100   1205.700    264.100
  27      X     1208.000    132.200   1218.000    137.200
  28      X     1208.000    259.100   1218.000    264.100
  29      X     1220.300    132.200   1230.300    137.200
  30      X     1220.300    146.300   1230.300    151.300
  31      X     1220.300    160.400   1230.300    165.400
  32      X     1220.300    174.500   1230.300    179.500
  33      X     1220.300    188.600   1230.300    193.600
  34      X     1220.300    202.700   1230.300    207.700
  35      X     1220.300    216.800   1230.300    221.800
  36      X     1220.300    230.900   1230.300    235.900
  37      X     1220.300    245.000   1230.300    250.000
  38      X     1220.300    259.100   1230.300    264.100
  39      X     1270.250    253.700   1280.250    258.700
  40      X     1270.250    264.000   1280.250    269.000
  41      X     1331.750    253.700   1341.750    258.700
  42      X     1331.750    264.000   1341.750    269.000

================================================================================
Rule No. 773 : ERC Warning: Gates connected to VSS/GND

Real Error Count : 4; Flat Error Count : 6
================================================================================

--------------------------------------------------------------------------------
Cell Name : 6_TIA_Front_Layout layout Potentiostat_cpoly2

                   Cell Errors    Real Errors   Cell Placements     Environments
                             2              2                 1                1
--------------------------------------------------------------------------------
Env.  Env. Placements            X1           Y1          X2           Y2

  1        1                649.825      100.825     669.825      124.575

Shape               Environments Status & Error Marker 

          1           X1         Y1         X2         Y2

   1      X      191.650     11.725    211.650     16.725
   2      X      191.650     30.475    211.650     35.475

--------------------------------------------------------------------------------
Cell Name : 6_CA_Front_Layout layout Potentiostat_cpoly2

                   Cell Errors    Real Errors   Cell Placements     Environments
                             2              2                 2                1
--------------------------------------------------------------------------------
Env.  Env. Placements            X1           Y1          X2           Y2

  1        2               1631.575       72.525    1655.325       92.525

Shape               Environments Status & Error Marker 

          1           X1         Y1         X2         Y2

   1      X       61.350     19.875     66.350     39.875
   2      X       80.100     19.875     85.100     39.875

================================================================================
Rule No. 1476 : # INFO: C35B4/C35B3 ASSURA DRC DECK (REV9 DATE 26-Apr-2011) Last modified 07-Sept-2016 #

Real Error Count : 1; Flat Error Count : 1
================================================================================

--------------------------------------------------------------------------------
Cell Name : 8_Poten_PTAT2 layout Potentiostat_cpoly2

                   Cell Errors    Real Errors   Cell Placements     Environments
                             1              1                 1                1
--------------------------------------------------------------------------------
Env.  Env. Placements            X1           Y1          X2           Y2

  1        1                  3.250        2.100    2376.975      317.375

Shape               Environments Status & Error Marker 

          1           X1         Y1         X2         Y2

   1      X        3.250      2.100   2376.975    317.375

