================================================================================
Rule No. 421 : INFO: hot nwell

Real Error Count : 1; Flat Error Count : 1
================================================================================

--------------------------------------------------------------------------------
Cell Name : 6_Resnet layout Potentiostat

                   Cell Errors    Real Errors   Cell Placements     Environments
                             1              1                 1                1
--------------------------------------------------------------------------------
Env.  Env. Placements            X1           Y1          X2           Y2

  1        1                 84.650       87.750     294.350      175.250

Shape               Environments Status & Error Marker 

          1           X1         Y1         X2         Y2

   1      X       84.650     87.750    294.350    175.250

================================================================================
Rule No. 457 : PO_R_1 Minimum density of POLY1 area [%] = 14

Real Error Count : 1; Flat Error Count : 2
================================================================================

--------------------------------------------------------------------------------
Cell Name : 6_Resnet layout Potentiostat

                   Cell Errors    Real Errors   Cell Placements     Environments
                             2              1                 1                1
--------------------------------------------------------------------------------
Env.  Env. Placements            X1           Y1          X2           Y2

  1        1                 49.875       73.500     295.900      176.800

Shape               Environments Status & Error Marker 

          1           X1         Y1         X2         Y2

   1      X       49.875     73.500    295.900    176.800

================================================================================
Rule No. 510 : M1_R_1 Minimum density of MET1 area [%] = 30

Real Error Count : 1; Flat Error Count : 2
================================================================================

--------------------------------------------------------------------------------
Cell Name : 6_Resnet layout Potentiostat

                   Cell Errors    Real Errors   Cell Placements     Environments
                             2              1                 1                1
--------------------------------------------------------------------------------
Env.  Env. Placements            X1           Y1          X2           Y2

  1        1                 49.875       73.500     295.900      176.800

Shape               Environments Status & Error Marker 

          1           X1         Y1         X2         Y2

   1      X       49.875     73.500    295.900    176.800

================================================================================
Rule No. 521 : M2_R_1 Minimum density of MET2 area [%] = 30

Real Error Count : 1; Flat Error Count : 2
================================================================================

--------------------------------------------------------------------------------
Cell Name : 6_Resnet layout Potentiostat

                   Cell Errors    Real Errors   Cell Placements     Environments
                             2              1                 1                1
--------------------------------------------------------------------------------
Env.  Env. Placements            X1           Y1          X2           Y2

  1        1                 49.875       73.500     295.900      176.800

Shape               Environments Status & Error Marker 

          1           X1         Y1         X2         Y2

   1      X       49.875     73.500    295.900    176.800

================================================================================
Rule No. 532 : M3_R_1 Minimum density of MET3 area [%] = 30

Real Error Count : 1; Flat Error Count : 2
================================================================================

--------------------------------------------------------------------------------
Cell Name : 6_Resnet layout Potentiostat

                   Cell Errors    Real Errors   Cell Placements     Environments
                             2              1                 1                1
--------------------------------------------------------------------------------
Env.  Env. Placements            X1           Y1          X2           Y2

  1        1                 49.875       73.500     295.900      176.800

Shape               Environments Status & Error Marker 

          1           X1         Y1         X2         Y2

   1      X       49.875     73.500    295.900    176.800

================================================================================
Rule No. 669 : RPOLYH_G2 Minimum high precision RPOLYH width = 2

Real Error Count : 730; Flat Error Count : 730
================================================================================

--------------------------------------------------------------------------------
Cell Name : 6_Resnet layout Potentiostat

                   Cell Errors    Real Errors   Cell Placements     Environments
                           730            730                 1                1
--------------------------------------------------------------------------------
Env.  Env. Placements            X1           Y1          X2           Y2

  1        1                 89.200       92.300     289.800      170.700

Shape               Environments Status & Error Marker 

          1           X1         Y1         X2         Y2

   1      X       89.200    131.500     90.650    149.277
   2      X       89.200    131.500    137.136    132.400
   3      X       89.200    146.067     90.000    152.133
   4      X       89.200    150.067     90.000    156.133
   5      X       89.200    152.923     90.650    170.700
   6      X       89.200    169.800    137.136    170.700
   7      X       90.000    150.300     93.200    151.900
   8      X       90.750    148.650     92.450    149.550
   9      X       90.750    148.650     94.236    149.550
  10      X       90.750    148.650    137.150    149.450
  11      X       90.750    152.650     92.450    153.550
  12      X       90.750    152.650     94.236    153.550
  13      X       90.750    152.750    137.150    153.550
  14      X       91.400    133.150     92.200    135.500
  15      X       91.400    133.150    137.800    133.950
  16      X       91.400    134.417     92.200    136.533
  17      X       91.400    134.700    137.150    135.500
  18      X       91.400    135.217     92.200    137.333
  19      X       91.400    136.250     92.200    138.600
  20      X       91.400    136.250    137.150    137.050
  21      X       91.400    137.517     92.200    139.633
  22      X       91.400    137.800    137.150    138.600
  23      X       91.400    138.317     92.200    140.433
  24      X       91.400    139.350     92.200    141.700
  25      X       91.400    139.350    137.150    140.150
  26      X       91.400    140.617     92.200    142.733
  27      X       91.400    140.900    137.150    141.700
  28      X       91.400    141.417     92.200    143.533
  29      X       91.400    142.450     92.200    144.800
  30      X       91.400    142.450    137.150    143.250
  31      X       91.400    143.717     92.200    145.833
  32      X       91.400    144.000    137.150    144.800
  33      X       91.400    144.517     92.200    146.633
  34      X       91.400    145.550     92.200    147.900
  35      X       91.400    145.550    137.150    146.350
  36      X       91.400    147.100    137.150    147.900
  37      X       91.400    147.748     92.450    149.550
  38      X       91.400    152.650     92.450    154.452
  39      X       91.400    154.300     92.200    156.650
  40      X       91.400    154.300    137.150    155.100
  41      X       91.400    155.567     92.200    157.683
  42      X       91.400    155.850    137.150    156.650
  43      X       91.400    156.367     92.200    158.483
  44      X       91.400    157.400     92.200    159.750
  45      X       91.400    157.400    137.150    158.200
  46      X       91.400    158.667     92.200    160.783
  47      X       91.400    158.950    137.150    159.750
  48      X       91.400    159.467     92.200    161.583
  49      X       91.400    160.500     92.200    162.850
  50      X       91.400    160.500    137.150    161.300
  51      X       91.400    161.767     92.200    163.883
  52      X       91.400    162.050    137.150    162.850
  53      X       91.400    162.567     92.200    164.683
  54      X       91.400    163.600     92.200    165.950
  55      X       91.400    163.600    137.150    164.400
  56      X       91.400    164.867     92.200    166.983
  57      X       91.400    165.150    137.150    165.950
  58      X       91.400    165.667     92.200    167.783
  59      X       91.400    166.700     92.200    169.050
  60      X       91.400    166.700    137.150    167.500
  61      X       91.400    168.250    137.800    169.050
  62      X       92.146    150.200     94.254    151.900
  63      X       92.146    150.300     94.254    152.000
  64      X       93.200    150.200    137.900    152.000
  65      X      104.275    100.925    105.075    106.758
  66      X      104.275    100.925    109.308    101.725
  67      X      104.275    103.139    105.175    119.275
  68      X      104.275    117.825    122.052    119.275
  69      X      105.825    102.475    106.725    104.175
  70      X      105.825    102.475    106.725    105.961
  71      X      105.825    103.125    107.627    104.175
  72      X      105.925    102.475    106.725    117.075
  73      X      105.925    116.275    108.275    117.075
  74      X      106.098    100.925    123.875    102.375
  75      X      107.192    116.275    109.308    117.075
  76      X      107.475    103.125    108.275    117.075
  77      X      107.475    103.125    109.825    103.925
  78      X      107.992    116.275    110.108    117.075
  79      X      108.742    103.125    110.858    103.925
  80      X      109.025    103.125    109.825    117.075
  81      X      109.025    116.275    111.375    117.075
  82      X      109.542    103.125    111.658    103.925
  83      X      110.292    116.275    112.408    117.075
  84      X      110.575    103.125    111.375    117.075
  85      X      110.575    103.125    112.925    103.925
  86      X      111.092    116.275    113.208    117.075
  87      X      111.842    103.125    113.958    103.925
  88      X      112.125    103.125    112.925    117.075
  89      X      112.125    116.275    114.475    117.075
  90      X      112.642    103.125    114.758    103.925
  91      X      113.392    116.275    115.508    117.075
  92      X      113.675    103.125    114.475    117.075
  93      X      113.675    103.125    116.025    103.925
  94      X      114.192    116.275    116.308    117.075
  95      X      114.942    103.125    117.058    103.925
  96      X      115.225    103.125    116.025    117.075
  97      X      115.225    116.275    117.575    117.075
  98      X      115.742    103.125    117.858    103.925
  99      X      116.492    116.275    118.608    117.075
 100      X      116.775    103.125    117.575    117.075
 101      X      116.775    103.125    119.125    103.925
 102      X      117.292    116.275    119.408    117.075
 103      X      118.042    103.125    120.158    103.925
 104      X      118.325    103.125    119.125    117.075
 105      X      118.325    116.275    120.675    117.075
 106      X      118.842    103.125    120.958    103.925
 107      X      118.842    118.475    123.875    119.275
 108      X      119.875    103.125    120.675    117.075
 109      X      119.875    103.125    122.225    103.925
 110      X      120.523    116.025    122.325    117.075
 111      X      121.425    103.125    122.225    117.725
 112      X      121.425    114.239    122.325    117.725
 113      X      121.425    116.025    122.325    117.725
 114      X      122.975    100.925    123.875    117.061
 115      X      123.075    113.442    123.875    119.275
 116      X      133.517    131.500    139.350    132.300
 117      X      133.517    169.900    140.383    170.700
 118      X      134.314    133.050    137.800    133.950
 119      X      134.314    168.250    137.800    169.150
 120      X      136.100    133.050    137.150    134.852
 121      X      136.100    133.050    137.800    133.950
 122      X      136.100    167.348    137.150    169.150
 123      X      136.100    168.250    137.800    169.150
 124      X      136.350    134.700    137.150    137.050
 125      X      136.350    135.967    137.150    138.083
 126      X      136.350    136.767    137.150    138.883
 127      X      136.350    137.800    137.150    140.150
 128      X      136.350    139.067    137.150    141.183
 129      X      136.350    139.867    137.150    141.983
 130      X      136.350    140.900    137.150    143.250
 131      X      136.350    142.167    137.150    144.283
 132      X      136.350    142.967    137.150    145.083
 133      X      136.350    144.000    137.150    146.350
 134      X      136.350    145.267    137.150    147.383
 135      X      136.350    146.067    137.150    148.183
 136      X      136.350    147.100    137.150    149.450
 137      X      136.350    152.750    137.150    155.100
 138      X      136.350    154.017    137.150    156.133
 139      X      136.350    154.817    137.150    156.933
 140      X      136.350    155.850    137.150    158.200
 141      X      136.350    157.117    137.150    159.233
 142      X      136.350    157.917    137.150    160.033
 143      X      136.350    158.950    137.150    161.300
 144      X      136.350    160.217    137.150    162.333
 145      X      136.350    161.017    137.150    163.133
 146      X      136.350    162.050    137.150    164.400
 147      X      136.350    163.317    137.150    165.433
 148      X      136.350    164.117    137.150    166.233
 149      X      136.350    165.150    137.150    167.500
 150      X      139.014    131.500    141.136    132.400
 151      X      139.014    169.800    187.286    170.700
 152      X      139.350     92.300    140.800    110.077
 153      X      139.350     92.300    187.286     93.200
 154      X      139.350    106.867    140.150    112.933
 155      X      139.350    110.867    140.150    116.933
 156      X      139.350    113.723    140.800    131.500
 157      X      139.350    131.023    140.800    132.877
 158      X      140.150    111.100    143.350    112.700
 159      X      140.150    150.300    143.350    151.900
 160      X      140.800    130.600    185.500    132.400
 161      X      140.900    109.450    142.600    110.350
 162      X      140.900    109.450    144.386    110.350
 163      X      140.900    109.450    187.300    110.250
 164      X      140.900    113.450    142.600    114.350
 165      X      140.900    113.450    144.386    114.350
 166      X      140.900    113.550    187.300    114.350
 167      X      140.900    148.650    142.600    149.550
 168      X      140.900    148.650    144.386    149.550
 169      X      140.900    148.650    187.300    149.450
 170      X      140.900    152.650    142.600    153.550
 171      X      140.900    152.650    144.386    153.550
 172      X      140.900    152.750    187.300    153.550
 173      X      141.550     93.950    142.350     96.300
 174      X      141.550     93.950    187.950     94.750
 175      X      141.550     95.217    142.350     97.333
 176      X      141.550     95.500    187.300     96.300
 177      X      141.550     96.017    142.350     98.133
 178      X      141.550     97.050    142.350     99.400
 179      X      141.550     97.050    187.300     97.850
 180      X      141.550     98.317    142.350    100.433
 181      X      141.550     98.600    187.300     99.400
 182      X      141.550     99.117    142.350    101.233
 183      X      141.550    100.150    142.350    102.500
 184      X      141.550    100.150    187.300    100.950
 185      X      141.550    101.417    142.350    103.533
 186      X      141.550    101.700    187.300    102.500
 187      X      141.550    102.217    142.350    104.333
 188      X      141.550    103.250    142.350    105.600
 189      X      141.550    103.250    187.300    104.050
 190      X      141.550    104.517    142.350    106.633
 191      X      141.550    104.800    187.300    105.600
 192      X      141.550    105.317    142.350    107.433
 193      X      141.550    106.350    142.350    108.700
 194      X      141.550    106.350    187.300    107.150
 195      X      141.550    107.900    187.300    108.700
 196      X      141.550    108.548    142.600    110.350
 197      X      141.550    113.450    142.600    115.252
 198      X      141.550    115.100    142.350    117.450
 199      X      141.550    115.100    187.300    115.900
 200      X      141.550    116.367    142.350    118.483
 201      X      141.550    116.650    187.300    117.450
 202      X      141.550    117.167    142.350    119.283
 203      X      141.550    118.200    142.350    120.550
 204      X      141.550    118.200    187.300    119.000
 205      X      141.550    119.467    142.350    121.583
 206      X      141.550    119.750    187.300    120.550
 207      X      141.550    120.267    142.350    122.383
 208      X      141.550    121.300    142.350    123.650
 209      X      141.550    121.300    187.300    122.100
 210      X      141.550    122.567    142.350    124.683
 211      X      141.550    122.850    187.300    123.650
 212      X      141.550    123.367    142.350    125.483
 213      X      141.550    124.400    142.350    126.750
 214      X      141.550    124.400    187.300    125.200
 215      X      141.550    125.667    142.350    127.783
 216      X      141.550    125.950    187.300    126.750
 217      X      141.550    126.467    142.350    128.583
 218      X      141.550    127.500    142.350    129.850
 219      X      141.550    127.500    187.300    128.300
 220      X      141.550    129.050    187.950    129.850
 221      X      141.550    133.150    142.350    135.500
 222      X      141.550    133.150    187.950    133.950
 223      X      141.550    134.417    142.350    136.533
 224      X      141.550    134.700    187.300    135.500
 225      X      141.550    135.217    142.350    137.333
 226      X      141.550    136.250    142.350    138.600
 227      X      141.550    136.250    187.300    137.050
 228      X      141.550    137.517    142.350    139.633
 229      X      141.550    137.800    187.300    138.600
 230      X      141.550    138.317    142.350    140.433
 231      X      141.550    139.350    142.350    141.700
 232      X      141.550    139.350    187.300    140.150
 233      X      141.550    140.617    142.350    142.733
 234      X      141.550    140.900    187.300    141.700
 235      X      141.550    141.417    142.350    143.533
 236      X      141.550    142.450    142.350    144.800
 237      X      141.550    142.450    187.300    143.250
 238      X      141.550    143.717    142.350    145.833
 239      X      141.550    144.000    187.300    144.800
 240      X      141.550    144.517    142.350    146.633
 241      X      141.550    145.550    142.350    147.900
 242      X      141.550    145.550    187.300    146.350
 243      X      141.550    147.100    187.300    147.900
 244      X      141.550    147.748    142.600    149.550
 245      X      141.550    152.650    142.600    154.452
 246      X      141.550    154.300    142.350    156.650
 247      X      141.550    154.300    187.300    155.100
 248      X      141.550    155.567    142.350    157.683
 249      X      141.550    155.850    187.300    156.650
 250      X      141.550    156.367    142.350    158.483
 251      X      141.550    157.400    142.350    159.750
 252      X      141.550    157.400    187.300    158.200
 253      X      141.550    158.667    142.350    160.783
 254      X      141.550    158.950    187.300    159.750
 255      X      141.550    159.467    142.350    161.583
 256      X      141.550    160.500    142.350    162.850
 257      X      141.550    160.500    187.300    161.300
 258      X      141.550    161.767    142.350    163.883
 259      X      141.550    162.050    187.300    162.850
 260      X      141.550    162.567    142.350    164.683
 261      X      141.550    163.600    142.350    165.950
 262      X      141.550    163.600    187.300    164.400
 263      X      141.550    164.867    142.350    166.983
 264      X      141.550    165.150    187.300    165.950
 265      X      141.550    165.667    142.350    167.783
 266      X      141.550    166.700    142.350    169.050
 267      X      141.550    166.700    187.300    167.500
 268      X      141.550    168.250    187.950    169.050
 269      X      142.296    111.000    144.404    112.700
 270      X      142.296    111.100    144.404    112.800
 271      X      142.296    150.200    144.404    151.900
 272      X      142.296    150.300    144.404    152.000
 273      X      143.350    111.000    188.050    112.800
 274      X      143.350    150.200    188.050    152.000
 275      X      183.667     92.300    190.533     93.100
 276      X      183.667    169.900    190.533    170.700
 277      X      184.446    130.600    186.554    132.300
 278      X      184.446    130.700    186.554    132.400
 279      X      184.464     93.850    187.950     94.750
 280      X      184.464    129.050    187.950    129.950
 281      X      184.464    133.050    187.950    133.950
 282      X      184.464    168.250    187.950    169.150
 283      X      185.500    130.700    188.700    132.300
 284      X      186.250     93.850    187.300     95.652
 285      X      186.250     93.850    187.950     94.750
 286      X      186.250    128.148    187.300    129.950
 287      X      186.250    129.050    187.950    129.950
 288      X      186.250    133.050    187.300    134.852
 289      X      186.250    133.050    187.950    133.950
 290      X      186.250    167.348    187.300    169.150
 291      X      186.250    168.250    187.950    169.150
 292      X      186.500     95.500    187.300     97.850
 293      X      186.500     96.767    187.300     98.883
 294      X      186.500     97.567    187.300     99.683
 295      X      186.500     98.600    187.300    100.950
 296      X      186.500     99.867    187.300    101.983
 297      X      186.500    100.667    187.300    102.783
 298      X      186.500    101.700    187.300    104.050
 299      X      186.500    102.967    187.300    105.083
 300      X      186.500    103.767    187.300    105.883
 301      X      186.500    104.800    187.300    107.150
 302      X      186.500    106.067    187.300    108.183
 303      X      186.500    106.867    187.300    108.983
 304      X      186.500    107.900    187.300    110.250
 305      X      186.500    113.550    187.300    115.900
 306      X      186.500    114.817    187.300    116.933
 307      X      186.500    115.617    187.300    117.733
 308      X      186.500    116.650    187.300    119.000
 309      X      186.500    117.917    187.300    120.033
 310      X      186.500    118.717    187.300    120.833
 311      X      186.500    119.750    187.300    122.100
 312      X      186.500    121.017    187.300    123.133
 313      X      186.500    121.817    187.300    123.933
 314      X      186.500    122.850    187.300    125.200
 315      X      186.500    124.117    187.300    126.233
 316      X      186.500    124.917    187.300    127.033
 317      X      186.500    125.950    187.300    128.300
 318      X      186.500    134.700    187.300    137.050
 319      X      186.500    135.967    187.300    138.083
 320      X      186.500    136.767    187.300    138.883
 321      X      186.500    137.800    187.300    140.150
 322      X      186.500    139.067    187.300    141.183
 323      X      186.500    139.867    187.300    141.983
 324      X      186.500    140.900    187.300    143.250
 325      X      186.500    142.167    187.300    144.283
 326      X      186.500    142.967    187.300    145.083
 327      X      186.500    144.000    187.300    146.350
 328      X      186.500    145.267    187.300    147.383
 329      X      186.500    146.067    187.300    148.183
 330      X      186.500    147.100    187.300    149.450
 331      X      186.500    152.750    187.300    155.100
 332      X      186.500    154.017    187.300    156.133
 333      X      186.500    154.817    187.300    156.933
 334      X      186.500    155.850    187.300    158.200
 335      X      186.500    157.117    187.300    159.233
 336      X      186.500    157.917    187.300    160.033
 337      X      186.500    158.950    187.300    161.300
 338      X      186.500    160.217    187.300    162.333
 339      X      186.500    161.017    187.300    163.133
 340      X      186.500    162.050    187.300    164.400
 341      X      186.500    163.317    187.300    165.433
 342      X      186.500    164.117    187.300    166.233
 343      X      186.500    165.150    187.300    167.500
 344      X      188.467    169.900    195.333    170.700
 345      X      188.700    167.500    190.300    169.900
 346      X      189.164     92.300    237.436     93.200
 347      X      190.300    111.100    193.500    112.700
 348      X      190.300    150.300    194.554    152.000
 349      X      190.950    130.600    235.650    132.400
 350      X      191.050    109.450    192.750    110.350
 351      X      191.050    109.450    194.536    110.350
 352      X      191.050    109.450    237.450    110.250
 353      X      191.050    113.450    192.750    114.350
 354      X      191.050    113.450    194.536    114.350
 355      X      191.050    113.550    237.450    114.350
 356      X      191.050    148.650    192.750    149.550
 357      X      191.050    148.650    194.536    149.550
 358      X      191.050    148.650    237.450    149.450
 359      X      191.050    168.250    192.750    169.150
 360      X      191.050    168.250    194.536    169.150
 361      X      191.050    168.250    237.450    169.050
 362      X      191.700     93.950    192.500     96.300
 363      X      191.700     93.950    238.100     94.750
 364      X      191.700     95.217    192.500     97.333
 365      X      191.700     95.500    237.450     96.300
 366      X      191.700     96.017    192.500     98.133
 367      X      191.700     97.050    192.500     99.400
 368      X      191.700     97.050    237.450     97.850
 369      X      191.700     98.317    192.500    100.433
 370      X      191.700     98.600    237.450     99.400
 371      X      191.700     99.117    192.500    101.233
 372      X      191.700    100.150    192.500    102.500
 373      X      191.700    100.150    237.450    100.950
 374      X      191.700    101.417    192.500    103.533
 375      X      191.700    101.700    237.450    102.500
 376      X      191.700    102.217    192.500    104.333
 377      X      191.700    103.250    192.500    105.600
 378      X      191.700    103.250    237.450    104.050
 379      X      191.700    104.517    192.500    106.633
 380      X      191.700    104.800    237.450    105.600
 381      X      191.700    105.317    192.500    107.433
 382      X      191.700    106.350    192.500    108.700
 383      X      191.700    106.350    237.450    107.150
 384      X      191.700    107.900    237.450    108.700
 385      X      191.700    108.548    192.750    110.350
 386      X      191.700    113.450    192.750    115.252
 387      X      191.700    115.100    192.500    117.450
 388      X      191.700    115.100    237.450    115.900
 389      X      191.700    116.367    192.500    118.483
 390      X      191.700    116.650    237.450    117.450
 391      X      191.700    117.167    192.500    119.283
 392      X      191.700    118.200    192.500    120.550
 393      X      191.700    118.200    237.450    119.000
 394      X      191.700    119.467    192.500    121.583
 395      X      191.700    119.750    237.450    120.550
 396      X      191.700    120.267    192.500    122.383
 397      X      191.700    121.300    192.500    123.650
 398      X      191.700    121.300    237.450    122.100
 399      X      191.700    122.567    192.500    124.683
 400      X      191.700    122.850    237.450    123.650
 401      X      191.700    123.367    192.500    125.483
 402      X      191.700    124.400    192.500    126.750
 403      X      191.700    124.400    237.450    125.200
 404      X      191.700    125.667    192.500    127.783
 405      X      191.700    125.950    237.450    126.750
 406      X      191.700    126.467    192.500    128.583
 407      X      191.700    127.500    192.500    129.850
 408      X      191.700    127.500    237.450    128.300
 409      X      191.700    129.050    238.100    129.850
 410      X      191.700    133.150    192.500    135.500
 411      X      191.700    133.150    238.100    133.950
 412      X      191.700    134.417    192.500    136.533
 413      X      191.700    134.700    237.450    135.500
 414      X      191.700    135.217    192.500    137.333
 415      X      191.700    136.250    192.500    138.600
 416      X      191.700    136.250    237.450    137.050
 417      X      191.700    137.517    192.500    139.633
 418      X      191.700    137.800    237.450    138.600
 419      X      191.700    138.317    192.500    140.433
 420      X      191.700    139.350    192.500    141.700
 421      X      191.700    139.350    237.450    140.150
 422      X      191.700    140.617    192.500    142.733
 423      X      191.700    140.900    237.450    141.700
 424      X      191.700    141.417    192.500    143.533
 425      X      191.700    142.450    192.500    144.800
 426      X      191.700    142.450    237.450    143.250
 427      X      191.700    143.717    192.500    145.833
 428      X      191.700    144.000    237.450    144.800
 429      X      191.700    144.517    192.500    146.633
 430      X      191.700    145.550    192.500    147.900
 431      X      191.700    145.550    237.450    146.350
 432      X      191.700    147.100    237.450    147.900
 433      X      191.700    147.748    192.750    149.550
 434      X      191.700    152.750    192.500    155.100
 435      X      191.700    152.750    238.100    153.550
 436      X      191.700    154.017    192.500    156.133
 437      X      191.700    154.300    237.450    155.100
 438      X      191.700    154.817    192.500    156.933
 439      X      191.700    155.850    192.500    158.200
 440      X      191.700    155.850    237.450    156.650
 441      X      191.700    157.117    192.500    159.233
 442      X      191.700    157.400    237.450    158.200
 443      X      191.700    157.917    192.500    160.033
 444      X      191.700    158.950    192.500    161.300
 445      X      191.700    158.950    237.450    159.750
 446      X      191.700    160.217    192.500    162.333
 447      X      191.700    160.500    237.450    161.300
 448      X      191.700    161.017    192.500    163.133
 449      X      191.700    162.050    192.500    164.400
 450      X      191.700    162.050    237.450    162.850
 451      X      191.700    163.317    192.500    165.433
 452      X      191.700    163.600    237.450    164.400
 453      X      191.700    164.117    192.500    166.233
 454      X      191.700    165.150    192.500    167.500
 455      X      191.700    165.150    237.450    165.950
 456      X      191.700    166.700    237.450    167.500
 457      X      191.700    167.348    192.750    169.150
 458      X      191.714    169.800    239.986    170.700
 459      X      192.446    111.000    194.554    112.700
 460      X      192.446    111.100    194.554    112.800
 461      X      192.628    150.200    236.522    152.000
 462      X      193.500    111.000    238.200    112.800
 463      X      233.817     92.300    240.683     93.100
 464      X      234.596    130.600    236.704    132.300
 465      X      234.596    130.700    236.704    132.400
 466      X      234.596    150.200    238.850    151.900
 467      X      234.614     93.850    238.100     94.750
 468      X      234.614    129.050    238.100    129.950
 469      X      234.614    133.050    238.100    133.950
 470      X      234.614    152.650    238.100    153.550
 471      X      235.650    130.700    238.850    132.300
 472      X      236.400     93.850    237.450     95.652
 473      X      236.400     93.850    238.100     94.750
 474      X      236.400    128.148    237.450    129.950
 475      X      236.400    129.050    238.100    129.950
 476      X      236.400    133.050    237.450    134.852
 477      X      236.400    133.050    238.100    133.950
 478      X      236.400    152.650    237.450    154.452
 479      X      236.400    152.650    238.100    153.550
 480      X      236.650     95.500    237.450     97.850
 481      X      236.650     96.767    237.450     98.883
 482      X      236.650     97.567    237.450     99.683
 483      X      236.650     98.600    237.450    100.950
 484      X      236.650     99.867    237.450    101.983
 485      X      236.650    100.667    237.450    102.783
 486      X      236.650    101.700    237.450    104.050
 487      X      236.650    102.967    237.450    105.083
 488      X      236.650    103.767    237.450    105.883
 489      X      236.650    104.800    237.450    107.150
 490      X      236.650    106.067    237.450    108.183
 491      X      236.650    106.867    237.450    108.983
 492      X      236.650    107.900    237.450    110.250
 493      X      236.650    113.550    237.450    115.900
 494      X      236.650    114.817    237.450    116.933
 495      X      236.650    115.617    237.450    117.733
 496      X      236.650    116.650    237.450    119.000
 497      X      236.650    117.917    237.450    120.033
 498      X      236.650    118.717    237.450    120.833
 499      X      236.650    119.750    237.450    122.100
 500      X      236.650    121.017    237.450    123.133
 501      X      236.650    121.817    237.450    123.933
 502      X      236.650    122.850    237.450    125.200
 503      X      236.650    124.117    237.450    126.233
 504      X      236.650    124.917    237.450    127.033
 505      X      236.650    125.950    237.450    128.300
 506      X      236.650    134.700    237.450    137.050
 507      X      236.650    135.967    237.450    138.083
 508      X      236.650    136.767    237.450    138.883
 509      X      236.650    137.800    237.450    140.150
 510      X      236.650    139.067    237.450    141.183
 511      X      236.650    139.867    237.450    141.983
 512      X      236.650    140.900    237.450    143.250
 513      X      236.650    142.167    237.450    144.283
 514      X      236.650    142.967    237.450    145.083
 515      X      236.650    144.000    237.450    146.350
 516      X      236.650    145.267    237.450    147.383
 517      X      236.650    146.067    237.450    148.183
 518      X      236.650    147.100    237.450    149.450
 519      X      236.650    154.300    237.450    156.650
 520      X      236.650    155.567    237.450    157.683
 521      X      236.650    156.367    237.450    158.483
 522      X      236.650    157.400    237.450    159.750
 523      X      236.650    158.667    237.450    160.783
 524      X      236.650    159.467    237.450    161.583
 525      X      236.650    160.500    237.450    162.850
 526      X      236.650    161.767    237.450    163.883
 527      X      236.650    162.567    237.450    164.683
 528      X      236.650    163.600    237.450    165.950
 529      X      236.650    164.867    237.450    166.983
 530      X      236.650    165.667    237.450    167.783
 531      X      236.650    166.700    237.450    169.050
 532      X      238.617     92.300    245.483     93.100
 533      X      238.850     93.100    240.450     95.500
 534      X      238.850    128.300    240.450    130.700
 535      X      238.850    132.300    240.450    134.700
 536      X      238.850    151.900    240.450    154.300
 537      X      239.314    169.800    287.586    170.700
 538      X      240.450    130.700    243.650    132.300
 539      X      240.450    150.200    244.704    151.900
 540      X      241.100    111.000    285.800    112.800
 541      X      241.200     93.850    242.900     94.750
 542      X      241.200     93.850    244.686     94.750
 543      X      241.200     93.950    287.600     94.750
 544      X      241.200    129.050    242.900    129.950
 545      X      241.200    129.050    244.686    129.950
 546      X      241.200    129.050    287.600    129.850
 547      X      241.200    133.050    242.900    133.950
 548      X      241.200    133.050    244.686    133.950
 549      X      241.200    133.150    287.600    133.950
 550      X      241.200    152.650    242.900    153.550
 551      X      241.200    152.650    244.686    153.550
 552      X      241.200    152.750    287.600    153.550
 553      X      241.850     93.850    242.900     95.652
 554      X      241.850     95.500    242.650     97.850
 555      X      241.850     95.500    287.600     96.300
 556      X      241.850     96.767    242.650     98.883
 557      X      241.850     97.050    287.600     97.850
 558      X      241.850     97.567    242.650     99.683
 559      X      241.850     98.600    242.650    100.950
 560      X      241.850     98.600    287.600     99.400
 561      X      241.850     99.867    242.650    101.983
 562      X      241.850    100.150    287.600    100.950
 563      X      241.850    100.667    242.650    102.783
 564      X      241.850    101.700    242.650    104.050
 565      X      241.850    101.700    287.600    102.500
 566      X      241.850    102.967    242.650    105.083
 567      X      241.850    103.250    287.600    104.050
 568      X      241.850    103.767    242.650    105.883
 569      X      241.850    104.800    242.650    107.150
 570      X      241.850    104.800    287.600    105.600
 571      X      241.850    106.067    242.650    108.183
 572      X      241.850    106.350    287.600    107.150
 573      X      241.850    106.867    242.650    108.983
 574      X      241.850    107.900    242.650    110.250
 575      X      241.850    107.900    287.600    108.700
 576      X      241.850    109.450    288.250    110.250
 577      X      241.850    113.550    242.650    115.900
 578      X      241.850    113.550    288.250    114.350
 579      X      241.850    114.817    242.650    116.933
 580      X      241.850    115.100    287.600    115.900
 581      X      241.850    115.617    242.650    117.733
 582      X      241.850    116.650    242.650    119.000
 583      X      241.850    116.650    287.600    117.450
 584      X      241.850    117.917    242.650    120.033
 585      X      241.850    118.200    287.600    119.000
 586      X      241.850    118.717    242.650    120.833
 587      X      241.850    119.750    242.650    122.100
 588      X      241.850    119.750    287.600    120.550
 589      X      241.850    121.017    242.650    123.133
 590      X      241.850    121.300    287.600    122.100
 591      X      241.850    121.817    242.650    123.933
 592      X      241.850    122.850    242.650    125.200
 593      X      241.850    122.850    287.600    123.650
 594      X      241.850    124.117    242.650    126.233
 595      X      241.850    124.400    287.600    125.200
 596      X      241.850    124.917    242.650    127.033
 597      X      241.850    125.950    242.650    128.300
 598      X      241.850    125.950    287.600    126.750
 599      X      241.850    127.500    287.600    128.300
 600      X      241.850    128.148    242.900    129.950
 601      X      241.850    133.050    242.900    134.852
 602      X      241.850    134.700    242.650    137.050
 603      X      241.850    134.700    287.600    135.500
 604      X      241.850    135.967    242.650    138.083
 605      X      241.850    136.250    287.600    137.050
 606      X      241.850    136.767    242.650    138.883
 607      X      241.850    137.800    242.650    140.150
 608      X      241.850    137.800    287.600    138.600
 609      X      241.850    139.067    242.650    141.183
 610      X      241.850    139.350    287.600    140.150
 611      X      241.850    139.867    242.650    141.983
 612      X      241.850    140.900    242.650    143.250
 613      X      241.850    140.900    287.600    141.700
 614      X      241.850    142.167    242.650    144.283
 615      X      241.850    142.450    287.600    143.250
 616      X      241.850    142.967    242.650    145.083
 617      X      241.850    144.000    242.650    146.350
 618      X      241.850    144.000    287.600    144.800
 619      X      241.850    145.267    242.650    147.383
 620      X      241.850    145.550    287.600    146.350
 621      X      241.850    146.067    242.650    148.183
 622      X      241.850    147.100    242.650    149.450
 623      X      241.850    147.100    287.600    147.900
 624      X      241.850    148.650    288.250    149.450
 625      X      241.850    152.650    242.900    154.452
 626      X      241.850    154.300    242.650    156.650
 627      X      241.850    154.300    287.600    155.100
 628      X      241.850    155.567    242.650    157.683
 629      X      241.850    155.850    287.600    156.650
 630      X      241.850    156.367    242.650    158.483
 631      X      241.850    157.400    242.650    159.750
 632      X      241.850    157.400    287.600    158.200
 633      X      241.850    158.667    242.650    160.783
 634      X      241.850    158.950    287.600    159.750
 635      X      241.850    159.467    242.650    161.583
 636      X      241.850    160.500    242.650    162.850
 637      X      241.850    160.500    287.600    161.300
 638      X      241.850    161.767    242.650    163.883
 639      X      241.850    162.050    287.600    162.850
 640      X      241.850    162.567    242.650    164.683
 641      X      241.850    163.600    242.650    165.950
 642      X      241.850    163.600    287.600    164.400
 643      X      241.850    164.867    242.650    166.983
 644      X      241.850    165.150    287.600    165.950
 645      X      241.850    165.667    242.650    167.783
 646      X      241.850    166.700    242.650    169.050
 647      X      241.850    166.700    287.600    167.500
 648      X      241.850    168.250    288.250    169.050
 649      X      241.864     92.300    289.800     93.200
 650      X      242.596    130.600    244.704    132.300
 651      X      242.596    130.700    244.704    132.400
 652      X      242.778    150.200    286.672    152.000
 653      X      243.650    130.600    288.350    132.400
 654      X      283.967    169.900    289.800    170.700
 655      X      284.746    111.000    286.854    112.700
 656      X      284.746    111.100    286.854    112.800
 657      X      284.746    150.300    289.000    152.000
 658      X      284.764    109.450    288.250    110.350
 659      X      284.764    113.450    288.250    114.350
 660      X      284.764    148.650    288.250    149.550
 661      X      284.764    168.250    288.250    169.150
 662      X      285.800    111.100    289.000    112.700
 663      X      286.550    108.548    287.600    110.350
 664      X      286.550    109.450    288.250    110.350
 665      X      286.550    113.450    287.600    115.252
 666      X      286.550    113.450    288.250    114.350
 667      X      286.550    147.748    287.600    149.550
 668      X      286.550    148.650    288.250    149.550
 669      X      286.550    167.348    287.600    169.150
 670      X      286.550    168.250    288.250    169.150
 671      X      286.800     93.950    287.600     96.300
 672      X      286.800     95.217    287.600     97.333
 673      X      286.800     96.017    287.600     98.133
 674      X      286.800     97.050    287.600     99.400
 675      X      286.800     98.317    287.600    100.433
 676      X      286.800     99.117    287.600    101.233
 677      X      286.800    100.150    287.600    102.500
 678      X      286.800    101.417    287.600    103.533
 679      X      286.800    102.217    287.600    104.333
 680      X      286.800    103.250    287.600    105.600
 681      X      286.800    104.517    287.600    106.633
 682      X      286.800    105.317    287.600    107.433
 683      X      286.800    106.350    287.600    108.700
 684      X      286.800    115.100    287.600    117.450
 685      X      286.800    116.367    287.600    118.483
 686      X      286.800    117.167    287.600    119.283
 687      X      286.800    118.200    287.600    120.550
 688      X      286.800    119.467    287.600    121.583
 689      X      286.800    120.267    287.600    122.383
 690      X      286.800    121.300    287.600    123.650
 691      X      286.800    122.567    287.600    124.683
 692      X      286.800    123.367    287.600    125.483
 693      X      286.800    124.400    287.600    126.750
 694      X      286.800    125.667    287.600    127.783
 695      X      286.800    126.467    287.600    128.583
 696      X      286.800    127.500    287.600    129.850
 697      X      286.800    133.150    287.600    135.500
 698      X      286.800    134.417    287.600    136.533
 699      X      286.800    135.217    287.600    137.333
 700      X      286.800    136.250    287.600    138.600
 701      X      286.800    137.517    287.600    139.633
 702      X      286.800    138.317    287.600    140.433
 703      X      286.800    139.350    287.600    141.700
 704      X      286.800    140.617    287.600    142.733
 705      X      286.800    141.417    287.600    143.533
 706      X      286.800    142.450    287.600    144.800
 707      X      286.800    143.717    287.600    145.833
 708      X      286.800    144.517    287.600    146.633
 709      X      286.800    145.550    287.600    147.900
 710      X      286.800    152.750    287.600    155.100
 711      X      286.800    154.017    287.600    156.133
 712      X      286.800    154.817    287.600    156.933
 713      X      286.800    155.850    287.600    158.200
 714      X      286.800    157.117    287.600    159.233
 715      X      286.800    157.917    287.600    160.033
 716      X      286.800    158.950    287.600    161.300
 717      X      286.800    160.217    287.600    162.333
 718      X      286.800    161.017    287.600    163.133
 719      X      286.800    162.050    287.600    164.400
 720      X      286.800    163.317    287.600    165.433
 721      X      286.800    164.117    287.600    166.233
 722      X      286.800    165.150    287.600    167.500
 723      X      288.350     92.300    289.800    110.077
 724      X      288.350    113.723    289.800    131.977
 725      X      288.350    131.023    289.800    149.277
 726      X      288.350    150.623    289.800    168.877
 727      X      289.000    106.867    289.800    112.933
 728      X      289.000    110.867    289.800    116.933
 729      X      289.000    146.067    289.800    152.133
 730      X      289.000    165.667    289.800    170.700

================================================================================
Rule No. 1476 : # INFO: C35B4/C35B3 ASSURA DRC DECK (REV9 DATE 26-Apr-2011) Last modified 07-Sept-2016 #

Real Error Count : 1; Flat Error Count : 1
================================================================================

--------------------------------------------------------------------------------
Cell Name : 6_Resnet layout Potentiostat

                   Cell Errors    Real Errors   Cell Placements     Environments
                             1              1                 1                1
--------------------------------------------------------------------------------
Env.  Env. Placements            X1           Y1          X2           Y2

  1        1                 49.875       73.500     295.900      176.800

Shape               Environments Status & Error Marker 

          1           X1         Y1         X2         Y2

   1      X       49.875     73.500    295.900    176.800

