================================================================================
Rule No. 44 : # INFO: Don't use -resimulate_extracted- Switch for standard LVS but only for QRC! #

Real Error Count : 52; Flat Error Count : 385
================================================================================

--------------------------------------------------------------------------------
Cell Name : vert10_4 layout PRIMLIB

                   Cell Errors    Real Errors   Cell Placements     Environments
                             1              1                81                1
--------------------------------------------------------------------------------
Env.  Env. Placements            X1           Y1          X2           Y2

  1       81                327.250      267.200     344.050      284.000

Shape               Environments Status & Error Marker 

          1           X1         Y1         X2         Y2

   1      X        0.000      0.000     16.800     16.800

--------------------------------------------------------------------------------
Cell Name : pmos4 layout PRIMLIB l="10u" w="5u" wtot="5u" in1=MP928129

                   Cell Errors    Real Errors   Cell Placements     Environments
                             1              1               122                1
--------------------------------------------------------------------------------
Env.  Env. Placements            X1           Y1          X2           Y2

  1      122                192.525      410.150     206.625      417.550

Shape               Environments Status & Error Marker 

          1           X1         Y1         X2         Y2

   1      X       -1.200     -1.200      6.200     12.900

--------------------------------------------------------------------------------
Cell Name : cpolyc layout PRIMLIB area="2.31n" c="2p" gwell="N-Well" l="48.4u" perimeter="192.1u" rbottom="Cont" rleft="Cont" rright="Cont" id_=8d84e3685e3786f2 in1=C228229

                   Cell Errors    Real Errors   Cell Placements     Environments
                             1              1                20                1
--------------------------------------------------------------------------------
Env.  Env. Placements            X1           Y1          X2           Y2

  1       20                689.300      217.750     743.200      270.100

Shape               Environments Status & Error Marker 

          1           X1         Y1         X2         Y2

   1      X       -1.350     -1.350     52.550     51.000

--------------------------------------------------------------------------------
Cell Name : pmos4 layout PRIMLIB l="4u" in1=MP3428129

                   Cell Errors    Real Errors   Cell Placements     Environments
                             1              1                24                1
--------------------------------------------------------------------------------
Env.  Env. Placements            X1           Y1          X2           Y2

  1       24                514.825      265.525     522.925      277.925

Shape               Environments Status & Error Marker 

          1           X1         Y1         X2         Y2

   1      X       -1.200     -1.200     11.200      6.900

--------------------------------------------------------------------------------
Cell Name : nmos4 layout PRIMLIB l="20u" w="5u" wtot="5u" in1=MN3328029

                   Cell Errors    Real Errors   Cell Placements     Environments
                             1              1                 4                1
--------------------------------------------------------------------------------
Env.  Env. Placements            X1           Y1          X2           Y2

  1        4                555.500      229.075     561.300      251.275

Shape               Environments Status & Error Marker 

          1           X1         Y1         X2         Y2

   1      X       -0.400     -0.250      5.400     21.950

--------------------------------------------------------------------------------
Cell Name : nmos4 layout PRIMLIB l="4u" ng="4" w="1u" wtot="4u" in1=MN30

                   Cell Errors    Real Errors   Cell Placements     Environments
                             1              1                 2                1
--------------------------------------------------------------------------------
Env.  Env. Placements            X1           Y1          X2           Y2

  1        2                498.475      241.950     519.675      244.550

Shape               Environments Status & Error Marker 

          1           X1         Y1         X2         Y2

   1      X       -0.800     -0.250      1.800     20.950

--------------------------------------------------------------------------------
Cell Name : cpolyc layout PRIMLIB area="3.47n" c="3p" gwell="N-Well" l="59.25u" perimeter="235.5u" rbottom="Cont" rleft="Cont" id_=d867af616155d7ec in1=C0

                   Cell Errors    Real Errors   Cell Placements     Environments
                             1              1                 2                1
--------------------------------------------------------------------------------
Env.  Env. Placements            X1           Y1          X2           Y2

  1        2                230.600      304.400     295.350      367.600

Shape               Environments Status & Error Marker 

          1           X1         Y1         X2         Y2

   1      X       -1.350     -1.350     63.400     61.850

--------------------------------------------------------------------------------
Cell Name : pmos4_A3 array 10 11 12.3 14.1 r270

                   Cell Errors    Real Errors   Cell Placements     Environments
                             9              9                 1                1
--------------------------------------------------------------------------------
Env.  Env. Placements            X1           Y1          X2           Y2

  1        1                 19.575      288.650     156.675      422.950

Shape               Environments Status & Error Marker 

          1           X1         Y1         X2         Y2

   1      X       -1.200      1.200    135.900      7.900
   2      X       -1.200     15.300    135.900     22.000
   3      X       -1.200     29.400    135.900     36.100
   4      X       -1.200     43.500    135.900     50.200
   5      X       -1.200     57.600    135.900     64.300
   6      X       -1.200     71.700    135.900     78.400
   7      X       -1.200     85.800    135.900     92.500
   8      X       -1.200     99.900    135.900    106.600
   9      X       -1.200    114.000    135.900    120.700

--------------------------------------------------------------------------------
Cell Name : vert10_4_A2 array 9 9 16.9 18.7 r0

                   Cell Errors    Real Errors   Cell Placements     Environments
                            17             17                 1                1
--------------------------------------------------------------------------------
Env.  Env. Placements            X1           Y1          X2           Y2

  1        1                327.250      267.200     479.250      433.600

Shape               Environments Status & Error Marker 

          1           X1         Y1         X2         Y2

   1      X        0.000      0.000     33.700    166.400
   2      X       16.900      0.000     50.600    166.400
   3      X       16.900     35.500     33.700     37.400
   4      X       33.800      0.000     67.500    166.400
   5      X       33.800     35.500     50.600     37.400
   6      X       50.700      0.000     84.400    166.400
   7      X       50.700     35.500     67.500     37.400
   8      X       67.600     35.500     84.400     37.400
   9      X       84.400      0.000    101.400    166.400
  10      X      101.400      0.000    135.100    166.400
  11      X      118.300      0.000    152.000    166.400
  12      X      118.300     35.500    135.100     37.400
  13      X      135.200     35.500    152.000     37.400
  14      X      135.200     54.200    152.000     56.100
  15      X      135.200     72.900    152.000     74.800
  16      X      135.200     91.600    152.000     93.500
  17      X      135.200    110.300    152.000    112.200

--------------------------------------------------------------------------------
Cell Name : cpolyc_A1 array 4 5 54.9 53.35 mx

                   Cell Errors    Real Errors   Cell Placements     Environments
                             3              3                 1                1
--------------------------------------------------------------------------------
Env.  Env. Placements            X1           Y1          X2           Y2

  1        1                689.300      217.750     962.800      430.150

Shape               Environments Status & Error Marker 

          1           X1         Y1         X2         Y2

   1      X       -1.350    -51.000    162.350    161.400
   2      X      108.450     54.700    162.350     55.700
   3      X      162.350    -51.000    272.150    161.400

--------------------------------------------------------------------------------
Cell Name : rpolyhc layout PRIMLIB Bends=10 Dummy=TRUE ResShape="90_deg" doubleCont="Horizontal" gwell="N-Well" l="150u" r="100K" w="2u" in1=R26

                   Cell Errors    Real Errors   Cell Placements     Environments
                             1              1                12                1
--------------------------------------------------------------------------------
Env.  Env. Placements            X1           Y1          X2           Y2

  1       12                204.575      211.850     245.575      238.600

Shape               Environments Status & Error Marker 

          1           X1         Y1         X2         Y2

   1      X       -7.750     -5.750     19.000     35.250

--------------------------------------------------------------------------------
Cell Name : rpolyhc layout PRIMLIB Bends=10 Dummy=TRUE ResShape="90_deg" doubleCont="Horizontal" gwell="N-Well" l="50u" r="100K" w="800n" in1=R9

                   Cell Errors    Real Errors   Cell Placements     Environments
                             1              1                 9                1
--------------------------------------------------------------------------------
Env.  Env. Placements            X1           Y1          X2           Y2

  1        9                425.875      216.075     451.475      231.325

Shape               Environments Status & Error Marker 

          1           X1         Y1         X2         Y2

   1      X       -6.000     -4.650      9.250     20.950

--------------------------------------------------------------------------------
Cell Name : pmos4 layout PRIMLIB l="350n" in1=MP628129

                   Cell Errors    Real Errors   Cell Placements     Environments
                             1              1                 8                1
--------------------------------------------------------------------------------
Env.  Env. Placements            X1           Y1          X2           Y2

  1        8                190.925      356.100     195.375      368.500

Shape               Environments Status & Error Marker 

          1           X1         Y1         X2         Y2

   1      X       -1.200     -1.200     11.200      3.250

--------------------------------------------------------------------------------
Cell Name : pmos4 layout PRIMLIB l="2u" in1=MP1281029

                   Cell Errors    Real Errors   Cell Placements     Environments
                             1              1                44                1
--------------------------------------------------------------------------------
Env.  Env. Placements            X1           Y1          X2           Y2

  1       44                 89.475      228.925      95.575      241.325

Shape               Environments Status & Error Marker 

          1           X1         Y1         X2         Y2

   1      X       -1.200     -1.200     11.200      4.900

--------------------------------------------------------------------------------
Cell Name : nmos4 layout PRIMLIB l="10u" w="5u" wtot="5u" in1=MN928129

                   Cell Errors    Real Errors   Cell Placements     Environments
                             1              1                11                1
--------------------------------------------------------------------------------
Env.  Env. Placements            X1           Y1          X2           Y2

  1       11                  8.050      247.800      13.850      260.000

Shape               Environments Status & Error Marker 

          1           X1         Y1         X2         Y2

   1      X       -0.400     -0.250      5.400     11.950

--------------------------------------------------------------------------------
Cell Name : nmos4 layout PRIMLIB l="20u" in1=MN1128129

                   Cell Errors    Real Errors   Cell Placements     Environments
                             1              1                 4                1
--------------------------------------------------------------------------------
Env.  Env. Placements            X1           Y1          X2           Y2

  1        4                 30.600      210.650      41.400      232.850

Shape               Environments Status & Error Marker 

          1           X1         Y1         X2         Y2

   1      X       -0.400     -0.250     10.400     21.950

--------------------------------------------------------------------------------
Cell Name : nmos4 layout PRIMLIB l="10u" in1=MN628129

                   Cell Errors    Real Errors   Cell Placements     Environments
                             1              1                 4                1
--------------------------------------------------------------------------------
Env.  Env. Placements            X1           Y1          X2           Y2

  1        4                190.925      313.750     203.125      324.550

Shape               Environments Status & Error Marker 

          1           X1         Y1         X2         Y2

   1      X       -0.400     -0.250     10.400     11.950

--------------------------------------------------------------------------------
Cell Name : 6_CA_Front_Layout layout Potentiostat

                   Cell Errors    Real Errors   Cell Placements     Environments
                             3              3                 1                1
--------------------------------------------------------------------------------
Env.  Env. Placements            X1           Y1          X2           Y2

  1        1                493.300      208.150     682.325      446.200

Shape               Environments Status & Error Marker 

          1           X1         Y1         X2         Y2

   1      X       -1.250     -2.150    187.775     93.950
   2      X       -1.250     67.625    187.775    235.900
   3      X       97.675     55.225    121.850     67.625

--------------------------------------------------------------------------------
Cell Name : 7_PTAT_Layout layout Potentiostat

                   Cell Errors    Real Errors   Cell Placements     Environments
                             6              6                 1                1
--------------------------------------------------------------------------------
Env.  Env. Placements            X1           Y1          X2           Y2

  1        1                 -2.500      179.800     994.050      471.025

Shape               Environments Status & Error Marker 

          1           X1         Y1         X2         Y2

   1      X       -2.500    179.800    156.675    471.025
   2      X       38.850    179.800     63.900    288.650
   3      X       63.900    179.800    203.325    471.025
   4      X      190.925    179.800    315.575    471.025
   5      X      190.925    324.550    203.125    326.550
   6      X      315.575    179.800    994.050    471.025

================================================================================
Rule No. 45 : # C35B4 ENG - 183 Rev9 (Last updated 26-Apr-2017 12:48) #

Real Error Count : 52; Flat Error Count : 385
================================================================================

--------------------------------------------------------------------------------
Cell Name : vert10_4 layout PRIMLIB

                   Cell Errors    Real Errors   Cell Placements     Environments
                             1              1                81                1
--------------------------------------------------------------------------------
Env.  Env. Placements            X1           Y1          X2           Y2

  1       81                327.250      267.200     344.050      284.000

Shape               Environments Status & Error Marker 

          1           X1         Y1         X2         Y2

   1      X        0.000      0.000     16.800     16.800

--------------------------------------------------------------------------------
Cell Name : pmos4 layout PRIMLIB l="10u" w="5u" wtot="5u" in1=MP928129

                   Cell Errors    Real Errors   Cell Placements     Environments
                             1              1               122                1
--------------------------------------------------------------------------------
Env.  Env. Placements            X1           Y1          X2           Y2

  1      122                192.525      410.150     206.625      417.550

Shape               Environments Status & Error Marker 

          1           X1         Y1         X2         Y2

   1      X       -1.200     -1.200      6.200     12.900

--------------------------------------------------------------------------------
Cell Name : cpolyc layout PRIMLIB area="2.31n" c="2p" gwell="N-Well" l="48.4u" perimeter="192.1u" rbottom="Cont" rleft="Cont" rright="Cont" id_=8d84e3685e3786f2 in1=C228229

                   Cell Errors    Real Errors   Cell Placements     Environments
                             1              1                20                1
--------------------------------------------------------------------------------
Env.  Env. Placements            X1           Y1          X2           Y2

  1       20                689.300      217.750     743.200      270.100

Shape               Environments Status & Error Marker 

          1           X1         Y1         X2         Y2

   1      X       -1.350     -1.350     52.550     51.000

--------------------------------------------------------------------------------
Cell Name : pmos4 layout PRIMLIB l="4u" in1=MP3428129

                   Cell Errors    Real Errors   Cell Placements     Environments
                             1              1                24                1
--------------------------------------------------------------------------------
Env.  Env. Placements            X1           Y1          X2           Y2

  1       24                514.825      265.525     522.925      277.925

Shape               Environments Status & Error Marker 

          1           X1         Y1         X2         Y2

   1      X       -1.200     -1.200     11.200      6.900

--------------------------------------------------------------------------------
Cell Name : nmos4 layout PRIMLIB l="20u" w="5u" wtot="5u" in1=MN3328029

                   Cell Errors    Real Errors   Cell Placements     Environments
                             1              1                 4                1
--------------------------------------------------------------------------------
Env.  Env. Placements            X1           Y1          X2           Y2

  1        4                555.500      229.075     561.300      251.275

Shape               Environments Status & Error Marker 

          1           X1         Y1         X2         Y2

   1      X       -0.400     -0.250      5.400     21.950

--------------------------------------------------------------------------------
Cell Name : nmos4 layout PRIMLIB l="4u" ng="4" w="1u" wtot="4u" in1=MN30

                   Cell Errors    Real Errors   Cell Placements     Environments
                             1              1                 2                1
--------------------------------------------------------------------------------
Env.  Env. Placements            X1           Y1          X2           Y2

  1        2                498.475      241.950     519.675      244.550

Shape               Environments Status & Error Marker 

          1           X1         Y1         X2         Y2

   1      X       -0.800     -0.250      1.800     20.950

--------------------------------------------------------------------------------
Cell Name : cpolyc layout PRIMLIB area="3.47n" c="3p" gwell="N-Well" l="59.25u" perimeter="235.5u" rbottom="Cont" rleft="Cont" id_=d867af616155d7ec in1=C0

                   Cell Errors    Real Errors   Cell Placements     Environments
                             1              1                 2                1
--------------------------------------------------------------------------------
Env.  Env. Placements            X1           Y1          X2           Y2

  1        2                230.600      304.400     295.350      367.600

Shape               Environments Status & Error Marker 

          1           X1         Y1         X2         Y2

   1      X       -1.350     -1.350     63.400     61.850

--------------------------------------------------------------------------------
Cell Name : pmos4_A3 array 10 11 12.3 14.1 r270

                   Cell Errors    Real Errors   Cell Placements     Environments
                             9              9                 1                1
--------------------------------------------------------------------------------
Env.  Env. Placements            X1           Y1          X2           Y2

  1        1                 19.575      288.650     156.675      422.950

Shape               Environments Status & Error Marker 

          1           X1         Y1         X2         Y2

   1      X       -1.200      1.200    135.900      7.900
   2      X       -1.200     15.300    135.900     22.000
   3      X       -1.200     29.400    135.900     36.100
   4      X       -1.200     43.500    135.900     50.200
   5      X       -1.200     57.600    135.900     64.300
   6      X       -1.200     71.700    135.900     78.400
   7      X       -1.200     85.800    135.900     92.500
   8      X       -1.200     99.900    135.900    106.600
   9      X       -1.200    114.000    135.900    120.700

--------------------------------------------------------------------------------
Cell Name : vert10_4_A2 array 9 9 16.9 18.7 r0

                   Cell Errors    Real Errors   Cell Placements     Environments
                            17             17                 1                1
--------------------------------------------------------------------------------
Env.  Env. Placements            X1           Y1          X2           Y2

  1        1                327.250      267.200     479.250      433.600

Shape               Environments Status & Error Marker 

          1           X1         Y1         X2         Y2

   1      X        0.000      0.000     33.700    166.400
   2      X       16.900      0.000     50.600    166.400
   3      X       16.900     35.500     33.700     37.400
   4      X       33.800      0.000     67.500    166.400
   5      X       33.800     35.500     50.600     37.400
   6      X       50.700      0.000     84.400    166.400
   7      X       50.700     35.500     67.500     37.400
   8      X       67.600     35.500     84.400     37.400
   9      X       84.400      0.000    101.400    166.400
  10      X      101.400      0.000    135.100    166.400
  11      X      118.300      0.000    152.000    166.400
  12      X      118.300     35.500    135.100     37.400
  13      X      135.200     35.500    152.000     37.400
  14      X      135.200     54.200    152.000     56.100
  15      X      135.200     72.900    152.000     74.800
  16      X      135.200     91.600    152.000     93.500
  17      X      135.200    110.300    152.000    112.200

--------------------------------------------------------------------------------
Cell Name : cpolyc_A1 array 4 5 54.9 53.35 mx

                   Cell Errors    Real Errors   Cell Placements     Environments
                             3              3                 1                1
--------------------------------------------------------------------------------
Env.  Env. Placements            X1           Y1          X2           Y2

  1        1                689.300      217.750     962.800      430.150

Shape               Environments Status & Error Marker 

          1           X1         Y1         X2         Y2

   1      X       -1.350    -51.000    162.350    161.400
   2      X      108.450     54.700    162.350     55.700
   3      X      162.350    -51.000    272.150    161.400

--------------------------------------------------------------------------------
Cell Name : rpolyhc layout PRIMLIB Bends=10 Dummy=TRUE ResShape="90_deg" doubleCont="Horizontal" gwell="N-Well" l="150u" r="100K" w="2u" in1=R26

                   Cell Errors    Real Errors   Cell Placements     Environments
                             1              1                12                1
--------------------------------------------------------------------------------
Env.  Env. Placements            X1           Y1          X2           Y2

  1       12                204.575      211.850     245.575      238.600

Shape               Environments Status & Error Marker 

          1           X1         Y1         X2         Y2

   1      X       -7.750     -5.750     19.000     35.250

--------------------------------------------------------------------------------
Cell Name : rpolyhc layout PRIMLIB Bends=10 Dummy=TRUE ResShape="90_deg" doubleCont="Horizontal" gwell="N-Well" l="50u" r="100K" w="800n" in1=R9

                   Cell Errors    Real Errors   Cell Placements     Environments
                             1              1                 9                1
--------------------------------------------------------------------------------
Env.  Env. Placements            X1           Y1          X2           Y2

  1        9                425.875      216.075     451.475      231.325

Shape               Environments Status & Error Marker 

          1           X1         Y1         X2         Y2

   1      X       -6.000     -4.650      9.250     20.950

--------------------------------------------------------------------------------
Cell Name : pmos4 layout PRIMLIB l="350n" in1=MP628129

                   Cell Errors    Real Errors   Cell Placements     Environments
                             1              1                 8                1
--------------------------------------------------------------------------------
Env.  Env. Placements            X1           Y1          X2           Y2

  1        8                190.925      356.100     195.375      368.500

Shape               Environments Status & Error Marker 

          1           X1         Y1         X2         Y2

   1      X       -1.200     -1.200     11.200      3.250

--------------------------------------------------------------------------------
Cell Name : pmos4 layout PRIMLIB l="2u" in1=MP1281029

                   Cell Errors    Real Errors   Cell Placements     Environments
                             1              1                44                1
--------------------------------------------------------------------------------
Env.  Env. Placements            X1           Y1          X2           Y2

  1       44                 89.475      228.925      95.575      241.325

Shape               Environments Status & Error Marker 

          1           X1         Y1         X2         Y2

   1      X       -1.200     -1.200     11.200      4.900

--------------------------------------------------------------------------------
Cell Name : nmos4 layout PRIMLIB l="10u" w="5u" wtot="5u" in1=MN928129

                   Cell Errors    Real Errors   Cell Placements     Environments
                             1              1                11                1
--------------------------------------------------------------------------------
Env.  Env. Placements            X1           Y1          X2           Y2

  1       11                  8.050      247.800      13.850      260.000

Shape               Environments Status & Error Marker 

          1           X1         Y1         X2         Y2

   1      X       -0.400     -0.250      5.400     11.950

--------------------------------------------------------------------------------
Cell Name : nmos4 layout PRIMLIB l="20u" in1=MN1128129

                   Cell Errors    Real Errors   Cell Placements     Environments
                             1              1                 4                1
--------------------------------------------------------------------------------
Env.  Env. Placements            X1           Y1          X2           Y2

  1        4                 30.600      210.650      41.400      232.850

Shape               Environments Status & Error Marker 

          1           X1         Y1         X2         Y2

   1      X       -0.400     -0.250     10.400     21.950

--------------------------------------------------------------------------------
Cell Name : nmos4 layout PRIMLIB l="10u" in1=MN628129

                   Cell Errors    Real Errors   Cell Placements     Environments
                             1              1                 4                1
--------------------------------------------------------------------------------
Env.  Env. Placements            X1           Y1          X2           Y2

  1        4                190.925      313.750     203.125      324.550

Shape               Environments Status & Error Marker 

          1           X1         Y1         X2         Y2

   1      X       -0.400     -0.250     10.400     11.950

--------------------------------------------------------------------------------
Cell Name : 6_CA_Front_Layout layout Potentiostat

                   Cell Errors    Real Errors   Cell Placements     Environments
                             3              3                 1                1
--------------------------------------------------------------------------------
Env.  Env. Placements            X1           Y1          X2           Y2

  1        1                493.300      208.150     682.325      446.200

Shape               Environments Status & Error Marker 

          1           X1         Y1         X2         Y2

   1      X       -1.250     -2.150    187.775     93.950
   2      X       -1.250     67.625    187.775    235.900
   3      X       97.675     55.225    121.850     67.625

--------------------------------------------------------------------------------
Cell Name : 7_PTAT_Layout layout Potentiostat

                   Cell Errors    Real Errors   Cell Placements     Environments
                             6              6                 1                1
--------------------------------------------------------------------------------
Env.  Env. Placements            X1           Y1          X2           Y2

  1        1                 -2.500      179.800     994.050      471.025

Shape               Environments Status & Error Marker 

          1           X1         Y1         X2         Y2

   1      X       -2.500    179.800    156.675    471.025
   2      X       38.850    179.800     63.900    288.650
   3      X       63.900    179.800    203.325    471.025
   4      X      190.925    179.800    315.575    471.025
   5      X      190.925    324.550    203.125    326.550
   6      X      315.575    179.800    994.050    471.025

