Starting Single Run, Sweeps and Corners...

Current time: Tue Jun  9 20:38:51 2026 
Best design point: 1
Design specs: 
	VT26_TOP_top_tb_TRAN_BIO	corner	C0_0 - 
	VT26_TOP_top_tb_TRAN_BIO	corner	C0_1 - 
	VT26_TOP_top_tb_TRAN_BIO	corner	C0_2 - 
	VT26_TOP_top_tb_TRAN_BIO	corner	C0_3 - 
	VT26_TOP_top_tb_TRAN_BIO	corner	C0_4 - 
	VT26_TOP_top_tb_TRAN_BIO	corner	C0_5 - 
	VT26_TOP_top_tb_TRAN_BIO	corner	C0_6 - 
	VT26_TOP_top_tb_TRAN_BIO	corner	C0_7 - 
	VT26_TOP_top_tb_TRAN_BIO	corner	C0_8 - 
	VT26_TOP_top_tb_TRAN_BIO	corner	C0_9 - 
	VT26_TOP_top_tb_TRAN_BIO	corner	C0_10 - 
	VT26_TOP_top_tb_TRAN_BIO	corner	C0_11 - 
	VT26_TOP_top_tb_TRAN_BIO	corner	C0_12 - 
	VT26_TOP_top_tb_TRAN_BIO	corner	C0_13 - 
	VT26_TOP_top_tb_TRAN_BIO	corner	C0_14 - 
	VT26_TOP_top_tb_TRAN_BIO	corner	C0_15 - 
	VT26_TOP_top_tb_TRAN_BIO	corner	C0_16 - 
	VT26_TOP_top_tb_TRAN_BIO	corner	C0_17 - 
	VT26_TOP_top_tb_TRAN_BIO	corner	C0_18 - 
	VT26_TOP_top_tb_TRAN_BIO	corner	C0_19 - 
	VT26_TOP_top_tb_TRAN_BIO	corner	C0_20 - 
	VT26_TOP_top_tb_TRAN_BIO	corner	C0_21 - 
	VT26_TOP_top_tb_TRAN_BIO	corner	C0_22 - 
	VT26_TOP_top_tb_TRAN_BIO	corner	C0_23 - 
	VT26_TOP_top_tb_TRAN_BIO	corner	C0_24 - 
	VT26_TOP_top_tb_TRAN_BIO	corner	C0_25 - 
	VT26_TOP_top_tb_TRAN_BIO	corner	C0_26 - 
	VT26_TOP_top_tb_TRAN_BIO	corner	C0_27 - 
	VT26_TOP_top_tb_TRAN_BIO	corner	C0_28 - 
	VT26_TOP_top_tb_TRAN_BIO	corner	C0_29 - 
	VT26_TOP_top_tb_TRAN_BIO	corner	C0_30 - 
	VT26_TOP_top_tb_TRAN_BIO	corner	C0_31 - 
	VT26_TOP_top_tb_TRAN_BIO	corner	C0_32 - 
	VT26_TOP_top_tb_TRAN_BIO	corner	C0_33 - 
	VT26_TOP_top_tb_TRAN_BIO	corner	C0_34 - 
	VT26_TOP_top_tb_TRAN_BIO	corner	C0_35 - 
Design parameters: 

Interactive.172
Number of points completed: 1
Number of simulation errors: 36
Interactive.172 completed. 
Current time: Tue Jun  9 20:43:08 2026 
