================================================================================
Rule No. 421 : INFO: hot nwell

Real Error Count : 36; Flat Error Count : 63
================================================================================

--------------------------------------------------------------------------------
Cell Name : cvar layout PRIMLIB col=13 row=4 in1=C0

                   Cell Errors    Real Errors   Cell Placements     Environments
                             1              1                 3                1
--------------------------------------------------------------------------------
Env.  Env. Placements            X1           Y1          X2           Y2

  1        3                232.675       24.150     255.425       55.950

Shape               Environments Status & Error Marker 

          1           X1         Y1         X2         Y2

   1      X       -0.300     -0.300     22.450     31.500

--------------------------------------------------------------------------------
Cell Name : cpolyc layout PRIMLIB area="2.89n" c="2.5p" gwell="N-Well" l="54.1u" perimeter="214.9u" rbottom="Cont" rleft="Cont" id_=d867af612fc4b764 in1=C528229

                   Cell Errors    Real Errors   Cell Placements     Environments
                             1              1                 4                1
--------------------------------------------------------------------------------
Env.  Env. Placements            X1           Y1          X2           Y2

  1        4                615.725      125.850     675.325      183.900

Shape               Environments Status & Error Marker 

          1           X1         Y1         X2         Y2

   1      X       -1.350     -1.350     58.250     56.700

--------------------------------------------------------------------------------
Cell Name : cpolyc layout PRIMLIB area="1.73n" c="1.5p" gwell="N-Well" l="41.95u" perimeter="166.3u" rbottom="Cont" rleft="Cont" id_=d867af61708d568b in1=C428029

                   Cell Errors    Real Errors   Cell Placements     Environments
                             1              1                10                1
--------------------------------------------------------------------------------
Env.  Env. Placements            X1           Y1          X2           Y2

  1       10                765.925       25.400     813.375       71.300

Shape               Environments Status & Error Marker 

          1           X1         Y1         X2         Y2

   1      X       -1.350     -1.350     46.100     44.550

--------------------------------------------------------------------------------
Cell Name : 6_TIA_Front_Layout layout Potentiostat

                   Cell Errors    Real Errors   Cell Placements     Environments
                             1              1                 1                1
--------------------------------------------------------------------------------
Env.  Env. Placements            X1           Y1          X2           Y2

  1        1                430.725       77.550     735.525      242.550

Shape               Environments Status & Error Marker 

          1           X1         Y1         X2         Y2

   1      X      188.050     34.950    307.850    178.650

--------------------------------------------------------------------------------
Cell Name : 6_CA_Front_Layout layout Potentiostat

                   Cell Errors    Real Errors   Cell Placements     Environments
                            27             27                 1                1
--------------------------------------------------------------------------------
Env.  Env. Placements            X1           Y1          X2           Y2

  1        1                 11.325       24.200     189.225      111.250

Shape               Environments Status & Error Marker 

          1           X1         Y1         X2         Y2

   1      X        7.150     45.100    110.800     93.900
   2      X       20.275     55.225     28.375     67.625
   3      X       20.275     71.375     28.375     83.775
   4      X       26.575     55.225     34.675     67.625
   5      X       26.575     71.375     34.675     83.775
   6      X       29.625     26.650     57.325     42.050
   7      X       32.875     55.225     40.975     67.625
   8      X       32.875     71.375     40.975     83.775
   9      X       39.175     55.225     47.275     67.625
  10      X       39.175     71.375     47.275     83.775
  11      X       45.475     55.225     53.575     67.625
  12      X       45.475     71.375     53.575     83.775
  13      X       51.775     55.225     59.875     67.625
  14      X       51.775     71.375     59.875     83.775
  15      X       58.075     55.225     66.175     67.625
  16      X       58.075     71.375     66.175     83.775
  17      X       64.375     55.225     72.475     67.625
  18      X       64.375     71.375     72.475     83.775
  19      X       70.675     55.225     78.775     67.625
  20      X       70.675     71.375     78.775     83.775
  21      X       76.975     55.225     85.075     67.625
  22      X       76.975     71.375     85.075     83.775
  23      X       83.275     55.225     91.375     67.625
  24      X       83.275     71.375     91.375     83.775
  25      X       89.575     55.225     97.675     67.625
  26      X       89.575     71.375     97.675     83.775
  27      X      121.050      6.900    185.050     93.950

--------------------------------------------------------------------------------
Cell Name : rpolyhc layout PRIMLIB Bends=10 Dummy=TRUE ResShape="90_deg" doubleCont="Horizontal" gwell="N-Well" l="500u" r="1M" w="800n" in1=R11

                   Cell Errors    Real Errors   Cell Placements     Environments
                             1              1                14                1
--------------------------------------------------------------------------------
Env.  Env. Placements            X1           Y1          X2           Y2

  1       14                852.600      155.300     908.750      180.900

Shape               Environments Status & Error Marker 

          1           X1         Y1         X2         Y2

   1      X       -6.000     -4.650     50.150     20.950

--------------------------------------------------------------------------------
Cell Name : 8_CA_TIA_Front_calib layout Potentiostat

                   Cell Errors    Real Errors   Cell Placements     Environments
                             4              4                 1                1
--------------------------------------------------------------------------------
Env.  Env. Placements            X1           Y1          X2           Y2

  1        1                 11.325       21.250    1010.600      242.550

Shape               Environments Status & Error Marker 

          1           X1         Y1         X2         Y2

   1      X      761.775     21.250    957.525    137.500
   2      X      800.900    153.750   1010.600    241.250
   3      X      910.075     21.250   1009.725    121.950
   4      X      910.075     71.300    957.525     71.900

================================================================================
Rule No. 532 : M3_R_1 Minimum density of MET3 area [%] = 30

Real Error Count : 1; Flat Error Count : 2
================================================================================

--------------------------------------------------------------------------------
Cell Name : 8_CA_TIA_Front_calib layout Potentiostat

                   Cell Errors    Real Errors   Cell Placements     Environments
                             2              1                 1                1
--------------------------------------------------------------------------------
Env.  Env. Placements            X1           Y1          X2           Y2

  1        1                -25.800      -19.850    1039.675      288.175

Shape               Environments Status & Error Marker 

          1           X1         Y1         X2         Y2

   1      X      -25.800    -19.850   1039.675    288.175

================================================================================
Rule No. 669 : RPOLYH_G2 Minimum high precision RPOLYH width = 2

Real Error Count : 178; Flat Error Count : 737
================================================================================

--------------------------------------------------------------------------------
Cell Name : rpolyhc layout PRIMLIB Bends=10 Dummy=TRUE ResShape="90_deg" doubleCont="Horizontal" gwell="N-Well" l="500u" r="1M" w="800n" in1=R11

                   Cell Errors    Real Errors   Cell Placements     Environments
                            43             43                14                1
--------------------------------------------------------------------------------
Env.  Env. Placements            X1           Y1          X2           Y2

  1       14                855.600      158.300     905.750      177.900

Shape               Environments Status & Error Marker 

          1           X1         Y1         X2         Y2

   1      X       -1.450     -0.100      0.250      0.800
   2      X       -1.450     -0.100      2.036      0.800
   3      X       -1.450      0.000     44.950      0.800
   4      X       -0.800     -0.100      0.250      1.702
   5      X       -0.800      1.550      0.000      3.900
   6      X       -0.800      1.550     44.950      2.350
   7      X       -0.800      2.817      0.000      4.933
   8      X       -0.800      3.100     44.950      3.900
   9      X       -0.800      3.617      0.000      5.733
  10      X       -0.800      4.650      0.000      7.000
  11      X       -0.800      4.650     44.950      5.450
  12      X       -0.800      5.917      0.000      8.033
  13      X       -0.800      6.200     44.950      7.000
  14      X       -0.800      6.717      0.000      8.833
  15      X       -0.800      7.750      0.000     10.100
  16      X       -0.800      7.750     44.950      8.550
  17      X       -0.800      9.017      0.000     11.133
  18      X       -0.800      9.300     44.950     10.100
  19      X       -0.800      9.817      0.000     11.933
  20      X       -0.800     10.850      0.000     13.200
  21      X       -0.800     10.850     44.950     11.650
  22      X       -0.800     12.117      0.000     14.233
  23      X       -0.800     12.400     44.950     13.200
  24      X       -0.800     12.917      0.000     15.033
  25      X       -0.800     13.950      0.000     16.300
  26      X       -0.800     13.950     44.950     14.750
  27      X       -0.800     15.500     45.600     16.300
  28      X       42.114     15.500     45.600     16.400
  29      X       43.900     14.598     44.950     16.400
  30      X       43.900     15.500     45.600     16.400
  31      X       44.150      0.000     44.950      2.350
  32      X       44.150      1.267     44.950      3.383
  33      X       44.150      2.067     44.950      4.183
  34      X       44.150      3.100     44.950      5.450
  35      X       44.150      4.367     44.950      6.483
  36      X       44.150      5.167     44.950      7.283
  37      X       44.150      6.200     44.950      8.550
  38      X       44.150      7.467     44.950      9.583
  39      X       44.150      8.267     44.950     10.383
  40      X       44.150      9.300     44.950     11.650
  41      X       44.150     10.567     44.950     12.683
  42      X       44.150     11.367     44.950     13.483
  43      X       44.150     12.400     44.950     14.750

--------------------------------------------------------------------------------
Cell Name : 8_CA_TIA_Front_calib layout Potentiostat

                   Cell Errors    Real Errors   Cell Placements     Environments
                           135            135                 1                1
--------------------------------------------------------------------------------
Env.  Env. Placements            X1           Y1          X2           Y2

  1        1                774.075      129.500    1006.050      236.700

Shape               Environments Status & Error Marker 

          1           X1         Y1         X2         Y2

   1      X      774.075    129.600    774.875    132.500
   2      X      774.075    129.600    777.575    130.400
   3      X      774.075    131.700    777.575    132.500
   4      X      774.889    129.500    777.575    130.400
   5      X      774.889    131.700    777.575    132.600
   6      X      776.675    129.500    777.575    130.400
   7      X      776.675    131.700    777.575    132.600
   8      X      805.450    197.500    806.900    215.277
   9      X      805.450    197.500    853.386    198.400
  10      X      805.450    212.067    806.250    218.133
  11      X      805.450    216.067    806.250    222.133
  12      X      805.450    218.923    806.900    236.700
  13      X      805.450    235.800    853.386    236.700
  14      X      806.250    216.300    809.450    217.900
  15      X      808.396    216.200    810.504    217.900
  16      X      808.396    216.300    810.504    218.000
  17      X      809.450    216.200    854.150    218.000
  18      X      820.525    166.925    821.325    172.758
  19      X      820.525    166.925    825.558    167.725
  20      X      820.525    169.139    821.425    185.275
  21      X      820.525    183.825    838.302    185.275
  22      X      822.075    168.475    822.975    170.175
  23      X      822.075    168.475    822.975    171.961
  24      X      822.075    169.125    823.877    170.175
  25      X      822.175    168.475    822.975    183.075
  26      X      822.175    182.275    824.525    183.075
  27      X      822.348    166.925    840.125    168.375
  28      X      823.442    182.275    825.558    183.075
  29      X      823.725    169.125    824.525    183.075
  30      X      823.725    169.125    826.075    169.925
  31      X      824.242    182.275    826.358    183.075
  32      X      824.992    169.125    827.108    169.925
  33      X      825.275    169.125    826.075    183.075
  34      X      825.275    182.275    827.625    183.075
  35      X      825.792    169.125    827.908    169.925
  36      X      826.542    182.275    828.658    183.075
  37      X      826.825    169.125    827.625    183.075
  38      X      826.825    169.125    829.175    169.925
  39      X      827.342    182.275    829.458    183.075
  40      X      828.092    169.125    830.208    169.925
  41      X      828.375    169.125    829.175    183.075
  42      X      828.375    182.275    830.725    183.075
  43      X      828.892    169.125    831.008    169.925
  44      X      829.642    182.275    831.758    183.075
  45      X      829.925    169.125    830.725    183.075
  46      X      829.925    169.125    832.275    169.925
  47      X      830.442    182.275    832.558    183.075
  48      X      831.192    169.125    833.308    169.925
  49      X      831.475    169.125    832.275    183.075
  50      X      831.475    182.275    833.825    183.075
  51      X      831.992    169.125    834.108    169.925
  52      X      832.742    182.275    834.858    183.075
  53      X      833.025    169.125    833.825    183.075
  54      X      833.025    169.125    835.375    169.925
  55      X      833.542    182.275    835.658    183.075
  56      X      834.292    169.125    836.408    169.925
  57      X      834.575    169.125    835.375    183.075
  58      X      834.575    182.275    836.925    183.075
  59      X      835.092    169.125    837.208    169.925
  60      X      835.092    184.475    840.125    185.275
  61      X      836.125    169.125    836.925    183.075
  62      X      836.125    169.125    838.475    169.925
  63      X      836.773    182.025    838.575    183.075
  64      X      837.675    169.125    838.475    183.725
  65      X      837.675    180.239    838.575    183.725
  66      X      837.675    182.025    838.575    183.725
  67      X      839.225    166.925    840.125    183.061
  68      X      839.325    179.442    840.125    185.275
  69      X      849.767    197.500    855.600    198.300
  70      X      849.767    235.900    856.633    236.700
  71      X      855.264    197.500    857.386    198.400
  72      X      855.264    235.800    903.536    236.700
  73      X      855.600    158.300    857.050    176.077
  74      X      855.600    158.300    903.536    159.200
  75      X      855.600    172.867    856.400    178.933
  76      X      855.600    176.867    856.400    182.933
  77      X      855.600    179.723    857.050    197.500
  78      X      855.600    197.023    857.050    198.877
  79      X      856.400    177.100    859.600    178.700
  80      X      856.400    216.300    859.600    217.900
  81      X      857.050    196.600    901.750    198.400
  82      X      858.546    177.000    860.654    178.700
  83      X      858.546    177.100    860.654    178.800
  84      X      858.546    216.200    860.654    217.900
  85      X      858.546    216.300    860.654    218.000
  86      X      859.600    177.000    904.300    178.800
  87      X      859.600    216.200    904.300    218.000
  88      X      899.917    158.300    906.783    159.100
  89      X      899.917    235.900    906.783    236.700
  90      X      900.696    196.600    902.804    198.300
  91      X      900.696    196.700    902.804    198.400
  92      X      901.750    196.700    904.950    198.300
  93      X      904.717    235.900    911.583    236.700
  94      X      904.950    233.500    906.550    235.900
  95      X      905.414    158.300    953.686    159.200
  96      X      906.550    177.100    909.750    178.700
  97      X      906.550    216.300    910.804    218.000
  98      X      907.200    196.600    951.900    198.400
  99      X      907.964    235.800    956.236    236.700
 100      X      908.696    177.000    910.804    178.700
 101      X      908.696    177.100    910.804    178.800
 102      X      908.878    216.200    952.772    218.000
 103      X      909.750    177.000    954.450    178.800
 104      X      950.067    158.300    956.933    159.100
 105      X      950.846    196.600    952.954    198.300
 106      X      950.846    196.700    952.954    198.400
 107      X      950.846    216.200    955.100    217.900
 108      X      951.900    196.700    955.100    198.300
 109      X      954.867    158.300    961.733    159.100
 110      X      955.100    159.100    956.700    161.500
 111      X      955.100    194.300    956.700    196.700
 112      X      955.100    198.300    956.700    200.700
 113      X      955.100    217.900    956.700    220.300
 114      X      955.564    235.800   1003.836    236.700
 115      X      956.700    196.700    959.900    198.300
 116      X      956.700    216.200    960.954    217.900
 117      X      957.350    177.000   1002.050    178.800
 118      X      958.114    158.300   1006.050    159.200
 119      X      958.846    196.600    960.954    198.300
 120      X      958.846    196.700    960.954    198.400
 121      X      959.028    216.200   1002.922    218.000
 122      X      959.900    196.600   1004.600    198.400
 123      X     1000.217    235.900   1006.050    236.700
 124      X     1000.996    177.000   1003.104    178.700
 125      X     1000.996    177.100   1003.104    178.800
 126      X     1000.996    216.300   1005.250    218.000
 127      X     1002.050    177.100   1005.250    178.700
 128      X     1004.600    158.300   1006.050    176.077
 129      X     1004.600    179.723   1006.050    197.977
 130      X     1004.600    197.023   1006.050    215.277
 131      X     1004.600    216.623   1006.050    234.877
 132      X     1005.250    172.867   1006.050    178.933
 133      X     1005.250    176.867   1006.050    182.933
 134      X     1005.250    212.067   1006.050    218.133
 135      X     1005.250    231.667   1006.050    236.700

================================================================================
Rule No. 772 : ERC Warning: Gates connected to VDD/VCC

Real Error Count : 74; Flat Error Count : 74
================================================================================

--------------------------------------------------------------------------------
Cell Name : 6_TIA_Front_Layout layout Potentiostat

                   Cell Errors    Real Errors   Cell Placements     Environments
                            38             38                 1                1
--------------------------------------------------------------------------------
Env.  Env. Placements            X1           Y1          X2           Y2

  1        1                447.575       89.000     594.900      221.850

Shape               Environments Status & Error Marker 

          1           X1         Y1         X2         Y2

   1      X       19.900     88.550     29.900     89.550
   2      X       19.900     99.950     29.900    100.950
   3      X       19.900    111.350     29.900    112.350
   4      X       19.900    122.750     29.900    123.750
   5      X       19.900    134.150     29.900    135.150
   6      X       19.900    145.550     29.900    146.550
   7      X       19.900    156.950     29.900    157.950
   8      X       32.200     88.550     42.200     89.550
   9      X       32.200    156.950     42.200    157.950
  10      X       44.500     88.550     54.500     89.550
  11      X       44.500    156.950     54.500    157.950
  12      X       56.800     88.550     66.800     89.550
  13      X       56.800    156.950     66.800    157.950
  14      X       69.100     88.550     79.100     89.550
  15      X       69.100    156.950     79.100    157.950
  16      X       81.400     88.550     91.400     89.550
  17      X       81.400    156.950     91.400    157.950
  18      X       93.700     88.550    103.700     89.550
  19      X       93.700    156.950    103.700    157.950
  20      X       93.925     25.100     97.925     35.100
  21      X       93.925     43.900     97.925     53.900
  22      X      106.000     88.550    116.000     89.550
  23      X      106.000    156.950    116.000    157.950
  24      X      118.300     88.550    128.300     89.550
  25      X      118.300    156.950    128.300    157.950
  26      X      130.600     88.550    140.600     89.550
  27      X      130.600    156.950    140.600    157.950
  28      X      142.900     88.550    152.900     89.550
  29      X      142.900    156.950    152.900    157.950
  30      X      155.200     88.550    165.200     89.550
  31      X      155.200     99.950    165.200    100.950
  32      X      155.200    111.350    165.200    112.350
  33      X      155.200    122.750    165.200    123.750
  34      X      155.200    134.150    165.200    135.150
  35      X      155.200    145.550    165.200    146.550
  36      X      155.200    156.950    165.200    157.950
  37      X      163.225     25.100    167.225     35.100
  38      X      163.225     43.900    167.225     53.900

--------------------------------------------------------------------------------
Cell Name : 6_CA_Front_Layout layout Potentiostat

                   Cell Errors    Real Errors   Cell Placements     Environments
                            36             36                 1                1
--------------------------------------------------------------------------------
Env.  Env. Placements            X1           Y1          X2           Y2

  1        1                 29.750       83.725     175.050      223.450

Shape               Environments Status & Error Marker 

          1           X1         Y1         X2         Y2

   1      X       21.325    117.350     31.325    119.350
   2      X       21.325    129.750     31.325    131.750
   3      X       21.325    142.150     31.325    144.150
   4      X       21.325    154.550     31.325    156.550
   5      X       21.325    166.950     31.325    168.950
   6      X       21.325    179.350     31.325    181.350
   7      X       21.325    191.750     31.325    193.750
   8      X       21.325    204.150     31.325    206.150
   9      X       33.625    117.350     43.625    119.350
  10      X       33.625    204.150     43.625    206.150
  11      X       45.925    117.350     55.925    119.350
  12      X       45.925    204.150     55.925    206.150
  13      X       58.225    117.350     68.225    119.350
  14      X       58.225    204.150     68.225    206.150
  15      X       70.525    117.350     80.525    119.350
  16      X       70.525    204.150     80.525    206.150
  17      X       82.825    117.350     92.825    119.350
  18      X       82.825    204.150     92.825    206.150
  19      X       95.125    117.350    105.125    119.350
  20      X       95.125    204.150    105.125    206.150
  21      X      107.425    117.350    117.425    119.350
  22      X      107.425    204.150    117.425    206.150
  23      X      119.725    117.350    129.725    119.350
  24      X      119.725    204.150    129.725    206.150
  25      X      132.025    117.350    142.025    119.350
  26      X      132.025    204.150    142.025    206.150
  27      X      144.325    117.350    154.325    119.350
  28      X      144.325    204.150    154.325    206.150
  29      X      156.625    117.350    166.625    119.350
  30      X      156.625    129.750    166.625    131.750
  31      X      156.625    142.150    166.625    144.150
  32      X      156.625    154.550    166.625    156.550
  33      X      156.625    166.950    166.625    168.950
  34      X      156.625    179.350    166.625    181.350
  35      X      156.625    191.750    166.625    193.750
  36      X      156.625    204.150    166.625    206.150

================================================================================
Rule No. 773 : ERC Warning: Gates connected to VSS/GND

Real Error Count : 88; Flat Error Count : 192
================================================================================

--------------------------------------------------------------------------------
Cell Name : cvar layout PRIMLIB col=13 row=4 in1=C0

                   Cell Errors    Real Errors   Cell Placements     Environments
                            52             52                 3                1
--------------------------------------------------------------------------------
Env.  Env. Placements            X1           Y1          X2           Y2

  1        3                233.825       24.450     254.275       55.650

Shape               Environments Status & Error Marker 

          1           X1         Y1         X2         Y2

   1      X        0.850      0.000      1.500      6.600
   2      X        0.850      8.200      1.500     14.800
   3      X        0.850     16.400      1.500     23.000
   4      X        0.850     24.600      1.500     31.200
   5      X        2.500      0.000      3.150      6.600
   6      X        2.500      8.200      3.150     14.800
   7      X        2.500     16.400      3.150     23.000
   8      X        2.500     24.600      3.150     31.200
   9      X        4.150      0.000      4.800      6.600
  10      X        4.150      8.200      4.800     14.800
  11      X        4.150     16.400      4.800     23.000
  12      X        4.150     24.600      4.800     31.200
  13      X        5.800      0.000      6.450      6.600
  14      X        5.800      8.200      6.450     14.800
  15      X        5.800     16.400      6.450     23.000
  16      X        5.800     24.600      6.450     31.200
  17      X        7.450      0.000      8.100      6.600
  18      X        7.450      8.200      8.100     14.800
  19      X        7.450     16.400      8.100     23.000
  20      X        7.450     24.600      8.100     31.200
  21      X        9.100      0.000      9.750      6.600
  22      X        9.100      8.200      9.750     14.800
  23      X        9.100     16.400      9.750     23.000
  24      X        9.100     24.600      9.750     31.200
  25      X       10.750      0.000     11.400      6.600
  26      X       10.750      8.200     11.400     14.800
  27      X       10.750     16.400     11.400     23.000
  28      X       10.750     24.600     11.400     31.200
  29      X       12.400      0.000     13.050      6.600
  30      X       12.400      8.200     13.050     14.800
  31      X       12.400     16.400     13.050     23.000
  32      X       12.400     24.600     13.050     31.200
  33      X       14.050      0.000     14.700      6.600
  34      X       14.050      8.200     14.700     14.800
  35      X       14.050     16.400     14.700     23.000
  36      X       14.050     24.600     14.700     31.200
  37      X       15.700      0.000     16.350      6.600
  38      X       15.700      8.200     16.350     14.800
  39      X       15.700     16.400     16.350     23.000
  40      X       15.700     24.600     16.350     31.200
  41      X       17.350      0.000     18.000      6.600
  42      X       17.350      8.200     18.000     14.800
  43      X       17.350     16.400     18.000     23.000
  44      X       17.350     24.600     18.000     31.200
  45      X       19.000      0.000     19.650      6.600
  46      X       19.000      8.200     19.650     14.800
  47      X       19.000     16.400     19.650     23.000
  48      X       19.000     24.600     19.650     31.200
  49      X       20.650      0.000     21.300      6.600
  50      X       20.650      8.200     21.300     14.800
  51      X       20.650     16.400     21.300     23.000
  52      X       20.650     24.600     21.300     31.200

--------------------------------------------------------------------------------
Cell Name : 6_TIA_Front_Layout layout Potentiostat

                   Cell Errors    Real Errors   Cell Placements     Environments
                             2              2                 1                1
--------------------------------------------------------------------------------
Env.  Env. Placements            X1           Y1          X2           Y2

  1        1                431.025       75.625     639.325      109.075

Shape               Environments Status & Error Marker 

          1           X1         Y1         X2         Y2

   1      X      191.650     11.725    211.650     16.725
   2      X      191.650     30.475    211.650     35.475

--------------------------------------------------------------------------------
Cell Name : 6_CA_Front_Layout layout Potentiostat

                   Cell Errors    Real Errors   Cell Placements     Environments
                            34             34                 1                1
--------------------------------------------------------------------------------
Env.  Env. Placements            X1           Y1          X2           Y2

  1        1                111.275       37.175     165.600       59.050

Shape               Environments Status & Error Marker 

          1           X1         Y1         X2         Y2

   1      X       30.775     26.950     31.425     33.550
   2      X       30.775     35.150     31.425     41.750
   3      X       32.425     26.950     33.075     33.550
   4      X       32.425     35.150     33.075     41.750
   5      X       34.075     26.950     34.725     33.550
   6      X       34.075     35.150     34.725     41.750
   7      X       35.725     26.950     36.375     33.550
   8      X       35.725     35.150     36.375     41.750
   9      X       37.375     26.950     38.025     33.550
  10      X       37.375     35.150     38.025     41.750
  11      X       39.025     26.950     39.675     33.550
  12      X       39.025     35.150     39.675     41.750
  13      X       40.675     26.950     41.325     33.550
  14      X       40.675     35.150     41.325     41.750
  15      X       42.325     26.950     42.975     33.550
  16      X       42.325     35.150     42.975     41.750
  17      X       43.975     26.950     44.625     33.550
  18      X       43.975     35.150     44.625     41.750
  19      X       45.625     26.950     46.275     33.550
  20      X       45.625     35.150     46.275     41.750
  21      X       47.275     26.950     47.925     33.550
  22      X       47.275     35.150     47.925     41.750
  23      X       48.925     26.950     49.575     33.550
  24      X       48.925     35.150     49.575     41.750
  25      X       50.575     26.950     51.225     33.550
  26      X       50.575     35.150     51.225     41.750
  27      X       52.225     26.950     52.875     33.550
  28      X       52.225     35.150     52.875     41.750
  29      X       53.875     26.950     54.525     33.550
  30      X       53.875     35.150     54.525     41.750
  31      X       55.525     26.950     56.175     33.550
  32      X       55.525     35.150     56.175     41.750
  33      X       61.350     19.875     66.350     39.875
  34      X       80.100     19.875     85.100     39.875

================================================================================
Rule No. 1476 : # INFO: C35B4/C35B3 ASSURA DRC DECK (REV9 DATE 26-Apr-2011) Last modified 07-Sept-2016 #

Real Error Count : 1; Flat Error Count : 1
================================================================================

--------------------------------------------------------------------------------
Cell Name : 8_CA_TIA_Front_calib layout Potentiostat

                   Cell Errors    Real Errors   Cell Placements     Environments
                             1              1                 1                1
--------------------------------------------------------------------------------
Env.  Env. Placements            X1           Y1          X2           Y2

  1        1                -25.800      -19.850    1039.675      288.175

Shape               Environments Status & Error Marker 

          1           X1         Y1         X2         Y2

   1      X      -25.800    -19.850   1039.675    288.175

