Starting Monte Carlo Sampling...

Current time: Wed May 27 11:29:37 2026 

Variation: All
Sampling Method: Low-Discrepancy Sequence
Seed: 12345

MonteCarlo.0
Number of points completed: 200
Number of simulation errors: 0
MonteCarlo.0 completed. 
Current time: Wed May 27 11:31:24 2026 
Monte Carlo Sampling yield summary:
Number of spec values are in this yield data: 3
DC_MC	Nominal - 
	PSRR:	Yield	0%
		Min 0	Max 0	Mean 0	Number of errors 0
DC_MC	Nominal - 
	VDC("/BG_REF"):	Yield	100%
		Min 1.19144	Max 1.22975	Mean 1.21081	Number of errors 0
DC_MC	Nominal - 
	v /BG_REF; dc (V):	Yield	0%
		Min 0	Max 0	Mean 0	Number of errors 0

DC_MC
	Overall Yield	100%	Number of points passed	200	Total number of points	200

Estimated yield = 100% (200/200), 0 errors
Estimated yield (No opregions) = 100% (200/200)
