================================================================================
Rule No. 421 : INFO: hot nwell

Real Error Count : 4; Flat Error Count : 27
================================================================================

--------------------------------------------------------------------------------
Cell Name : pmos4 layout PRIMLIB l="4u" in1=MP3428129

                   Cell Errors    Real Errors   Cell Placements     Environments
                             1              1                24                1
--------------------------------------------------------------------------------
Env.  Env. Placements            X1           Y1          X2           Y2

  1       24                 20.275       55.225      28.375       67.625

Shape               Environments Status & Error Marker 

          1           X1         Y1         X2         Y2

   1      X       -1.200     -1.200     11.200      6.900

--------------------------------------------------------------------------------
Cell Name : 6_CA_Front_Layout layout Potentiostat

                   Cell Errors    Real Errors   Cell Placements     Environments
                             3              3                 1                1
--------------------------------------------------------------------------------
Env.  Env. Placements            X1           Y1          X2           Y2

  1        1                  7.150        6.900     185.050       93.950

Shape               Environments Status & Error Marker 

          1           X1         Y1         X2         Y2

   1      X        7.150     45.100    110.800     93.900
   2      X       29.625     26.650     57.325     42.050
   3      X      121.050      6.900    185.050     93.950

================================================================================
Rule No. 510 : M1_R_1 Minimum density of MET1 area [%] = 30

Real Error Count : 1; Flat Error Count : 2
================================================================================

--------------------------------------------------------------------------------
Cell Name : 6_CA_Front_Layout layout Potentiostat

                   Cell Errors    Real Errors   Cell Placements     Environments
                             2              1                 1                1
--------------------------------------------------------------------------------
Env.  Env. Placements            X1           Y1          X2           Y2

  1        1                 -1.250       -2.150     187.775      235.900

Shape               Environments Status & Error Marker 

          1           X1         Y1         X2         Y2

   1      X       -1.250     -2.150    187.775    235.900

================================================================================
Rule No. 532 : M3_R_1 Minimum density of MET3 area [%] = 30

Real Error Count : 1; Flat Error Count : 2
================================================================================

--------------------------------------------------------------------------------
Cell Name : 6_CA_Front_Layout layout Potentiostat

                   Cell Errors    Real Errors   Cell Placements     Environments
                             2              1                 1                1
--------------------------------------------------------------------------------
Env.  Env. Placements            X1           Y1          X2           Y2

  1        1                 -1.250       -2.150     187.775      235.900

Shape               Environments Status & Error Marker 

          1           X1         Y1         X2         Y2

   1      X       -1.250     -2.150    187.775    235.900

================================================================================
Rule No. 772 : ERC Warning: Gates connected to VDD/VCC

Real Error Count : 36; Flat Error Count : 36
================================================================================

--------------------------------------------------------------------------------
Cell Name : 6_CA_Front_Layout layout Potentiostat

                   Cell Errors    Real Errors   Cell Placements     Environments
                            36             36                 1                1
--------------------------------------------------------------------------------
Env.  Env. Placements            X1           Y1          X2           Y2

  1        1                 21.325      117.350     166.625      206.150

Shape               Environments Status & Error Marker 

          1           X1         Y1         X2         Y2

   1      X       21.325    117.350     31.325    119.350
   2      X       21.325    129.750     31.325    131.750
   3      X       21.325    142.150     31.325    144.150
   4      X       21.325    154.550     31.325    156.550
   5      X       21.325    166.950     31.325    168.950
   6      X       21.325    179.350     31.325    181.350
   7      X       21.325    191.750     31.325    193.750
   8      X       21.325    204.150     31.325    206.150
   9      X       33.625    117.350     43.625    119.350
  10      X       33.625    204.150     43.625    206.150
  11      X       45.925    117.350     55.925    119.350
  12      X       45.925    204.150     55.925    206.150
  13      X       58.225    117.350     68.225    119.350
  14      X       58.225    204.150     68.225    206.150
  15      X       70.525    117.350     80.525    119.350
  16      X       70.525    204.150     80.525    206.150
  17      X       82.825    117.350     92.825    119.350
  18      X       82.825    204.150     92.825    206.150
  19      X       95.125    117.350    105.125    119.350
  20      X       95.125    204.150    105.125    206.150
  21      X      107.425    117.350    117.425    119.350
  22      X      107.425    204.150    117.425    206.150
  23      X      119.725    117.350    129.725    119.350
  24      X      119.725    204.150    129.725    206.150
  25      X      132.025    117.350    142.025    119.350
  26      X      132.025    204.150    142.025    206.150
  27      X      144.325    117.350    154.325    119.350
  28      X      144.325    204.150    154.325    206.150
  29      X      156.625    117.350    166.625    119.350
  30      X      156.625    129.750    166.625    131.750
  31      X      156.625    142.150    166.625    144.150
  32      X      156.625    154.550    166.625    156.550
  33      X      156.625    166.950    166.625    168.950
  34      X      156.625    179.350    166.625    181.350
  35      X      156.625    191.750    166.625    193.750
  36      X      156.625    204.150    166.625    206.150

================================================================================
Rule No. 773 : ERC Warning: Gates connected to VSS/GND

Real Error Count : 34; Flat Error Count : 34
================================================================================

--------------------------------------------------------------------------------
Cell Name : 6_CA_Front_Layout layout Potentiostat

                   Cell Errors    Real Errors   Cell Placements     Environments
                            34             34                 1                1
--------------------------------------------------------------------------------
Env.  Env. Placements            X1           Y1          X2           Y2

  1        1                 30.775       19.875      85.100       41.750

Shape               Environments Status & Error Marker 

          1           X1         Y1         X2         Y2

   1      X       30.775     26.950     31.425     33.550
   2      X       30.775     35.150     31.425     41.750
   3      X       32.425     26.950     33.075     33.550
   4      X       32.425     35.150     33.075     41.750
   5      X       34.075     26.950     34.725     33.550
   6      X       34.075     35.150     34.725     41.750
   7      X       35.725     26.950     36.375     33.550
   8      X       35.725     35.150     36.375     41.750
   9      X       37.375     26.950     38.025     33.550
  10      X       37.375     35.150     38.025     41.750
  11      X       39.025     26.950     39.675     33.550
  12      X       39.025     35.150     39.675     41.750
  13      X       40.675     26.950     41.325     33.550
  14      X       40.675     35.150     41.325     41.750
  15      X       42.325     26.950     42.975     33.550
  16      X       42.325     35.150     42.975     41.750
  17      X       43.975     26.950     44.625     33.550
  18      X       43.975     35.150     44.625     41.750
  19      X       45.625     26.950     46.275     33.550
  20      X       45.625     35.150     46.275     41.750
  21      X       47.275     26.950     47.925     33.550
  22      X       47.275     35.150     47.925     41.750
  23      X       48.925     26.950     49.575     33.550
  24      X       48.925     35.150     49.575     41.750
  25      X       50.575     26.950     51.225     33.550
  26      X       50.575     35.150     51.225     41.750
  27      X       52.225     26.950     52.875     33.550
  28      X       52.225     35.150     52.875     41.750
  29      X       53.875     26.950     54.525     33.550
  30      X       53.875     35.150     54.525     41.750
  31      X       55.525     26.950     56.175     33.550
  32      X       55.525     35.150     56.175     41.750
  33      X       61.350     19.875     66.350     39.875
  34      X       80.100     19.875     85.100     39.875

================================================================================
Rule No. 1476 : # INFO: C35B4/C35B3 ASSURA DRC DECK (REV9 DATE 26-Apr-2011) Last modified 07-Sept-2016 #

Real Error Count : 1; Flat Error Count : 1
================================================================================

--------------------------------------------------------------------------------
Cell Name : 6_CA_Front_Layout layout Potentiostat

                   Cell Errors    Real Errors   Cell Placements     Environments
                             1              1                 1                1
--------------------------------------------------------------------------------
Env.  Env. Placements            X1           Y1          X2           Y2

  1        1                 -1.250       -2.150     187.775      235.900

Shape               Environments Status & Error Marker 

          1           X1         Y1         X2         Y2

   1      X       -1.250     -2.150    187.775    235.900

