Starting Single Run, Sweeps and Corners...

Current time: Thu Apr 23 18:50:48 2026 
Best design point: 1
Design specs: 
	Potentiostat:CA:1	corner	Nominal - 
	Bias Error		40.6u
	TIA Error Mag		462.2u
	CA Error		207.7u
	rmsNoise(0.001 100000)		387.7u
	TIA error		462.2u
	R_TIA		1.006M
	TIA_Error_Adjusted		168.6u
	Phase Margin		68.38
Design parameters: 
	vdd		3.3
	vtran		0
	vref		1.6
	Vb		1.7
	vddpuls		0
	R_ct		1M
	Ib8		200n
	Ib9		200n
	Cdl		10n
	Cdl_CE		10n
	Rct_CE		100K
	Rs_CE		10K
	Rs_WE		10K
	Idc		0

Interactive.520
Number of points completed: 1
Number of simulation errors: 0
Interactive.520 completed. 
Current time: Thu Apr 23 18:51:04 2026 
