[Simulation Monitor: 152]
[2026-05-29 09:30:07.553 Z] [PROCESS] [cadence.virtuoso.ade.simulationMonitor] - Simulation Monitor has successfully started up. Trying to set up communication channels to other components ... {"hostname": "il2244vt26_hrahimi", "processid": 654880, "logfile": "/home/hrahimi/projects/POTENTIOSTAT_26/logs_hrahimi/logs0/Job152.log"}
[2026-05-29 09:30:07.554 Z] [PROCESS] [cadence.virtuoso.ade.simulationMonitor] - Communication channels have been successfully set up. Start processing events ... {"hostname": "il2244vt26_hrahimi", "processid": 654880, "logfile": "/home/hrahimi/projects/POTENTIOSTAT_26/logs_hrahimi/logs0/Job152.log"}
[2026-05-29 09:30:07.554 Z] [PROCESS] [cadence.virtuoso.ade.simulationMonitor] - Considering to start history {"hostname": "il2244vt26_hrahimi", "processid": 654880, "history": "Interactive.274", "logfile": "/home/hrahimi/projects/POTENTIOSTAT_26/logs_hrahimi/logs0/Job152.log"}
[2026-05-29 09:30:07.567 Z] [PROCESS] [cadence.virtuoso.ade.simulationMonitor] - Padding test token found for runId '39', Linger time '300', currentRunSyn '73', currentTestSyn '74' {"hostname": "il2244vt26_hrahimi", "processid": 654880, "history": "Interactive.274", "logfile": "/home/hrahimi/projects/POTENTIOSTAT_26/logs_hrahimi/logs0/Job152.log"}
[2026-05-29 09:30:07.612 Z] [PROCESS] [cadence.virtuoso.ade.simulationMonitor] - Padding test token found for runId '39', Linger time '300', currentRunSyn '73', currentTestSyn '74' {"hostname": "il2244vt26_hrahimi", "processid": 654880, "history": "Interactive.274", "logfile": "/home/hrahimi/projects/POTENTIOSTAT_26/logs_hrahimi/logs0/Job152.log"}
[2026-05-29 09:30:07.834 Z] [PROCESS] [cadence.virtuoso.ade.simulationMonitor] - Padding test token found for runId '39', Linger time '300', currentRunSyn '73', currentTestSyn '74' {"hostname": "il2244vt26_hrahimi", "processid": 654880, "history": "Interactive.274", "logfile": "/home/hrahimi/projects/POTENTIOSTAT_26/logs_hrahimi/logs0/Job152.log"}
[2026-05-29 09:30:08.011 Z] [PROCESS] [cadence.virtuoso.ade.simulationMonitor] - HostInfo:
Host name (type):	il2244vt26_hrahimi (x86_64)
Operating system:	Linux 5.15.0-164-generic #174-Ubuntu SMP Fri Nov 14 20:25:16 UTC 2025 {"hostname": "il2244vt26_hrahimi", "processid": 654880, "history": "Interactive.274", "logfile": "/home/hrahimi/projects/POTENTIOSTAT_26/logs_hrahimi/logs0/Job152.log", "nodename": "il2244vt26_hrahimi", "domainname": "(none)", "machine": "x86_64", "sysname": "Linux", "release": "5.15.0-164-generic", "version": "#174-Ubuntu SMP Fri Nov 14 20:25:16 UTC 2025"}
[2026-05-29 09:30:08.012 Z] [PROCESS] [cadence.virtuoso.ade.simulationMonitor] - UsageInfo:
pid=654880
totalPhysicalMemory=3023.749672GB,Used=2445.267914GB,totalVirtualMemory=3031.749668GB,Used=2445.295258GB
Cpu: Cores=48, Load average:6.180000,5.870000,6.160000 {"hostname": "il2244vt26_hrahimi", "processid": 654880, "history": "Interactive.274", "logfile": "/home/hrahimi/projects/POTENTIOSTAT_26/logs_hrahimi/logs0/Job152.log", "pid": "654880", "totalPhysicalMemory": "3023.749672", "physicalMemoryUsed": "2445.267914", "totalVirtualMemory": "3031.749668", "virtualMemoryUsed": "2445.295258", "cpuCores": "48", "processes": "29626", "loadAverage1": "6.180000", "loadAverage5": "5.870000", "loadAverage15": "6.160000", "loadAverage1Percent": "0.128750"}
[2026-05-29 09:30:08.014 Z] [EVENT] [cadence.virtuoso.ade.simulationMonitor] - NewPoint {"history": "Interactive.274", "point": 1, "testname": "Potentiostat_7_CA_TIA_Front_tb_calib_1", "cornername": "Nominal", "event": "NewPoint", "EventSource": "Simulation Monitor", "HistoryName": "Interactive.274", "logFile": "/home/hrahimi/projects/POTENTIOSTAT_26/logs_hrahimi/logs0/Job152.log", "logFileSize": "3331"}
[2026-05-29 09:30:08.116 Z] [EVENT] [cadence.virtuoso.ade.simulationMonitor] - NewPoint {"history": "Interactive.274", "point": 1, "testname": "Potentiostat_7_CA_TIA_Front_tb_calib_1", "cornername": "Nominal", "event": "NewPoint", "EventSource": "spectre", "HistoryName": "Interactive.274", "logFile": "/home/hrahimi/projects/POTENTIOSTAT_26/Sim/Potentiostat_Top/top/maestro/results/maestro/Interactive.274/1/Potentiostat_7_CA_TIA_Front_tb_calib_1/psf/spectre.out", "logFileSize": "-1"}
[2026-05-29 09:30:08.512 Z] [PROCESS] [cadence.virtuoso.ade.simulationMonitor] - Simulator launched {"hostname": "il2244vt26_hrahimi", "processid": 654880, "history": "Interactive.274", "testname": "Potentiostat_7_CA_TIA_Front_tb_calib_1", "cornername": "Nominal", "point": 1, "logfile": "/home/hrahimi/projects/POTENTIOSTAT_26/logs_hrahimi/logs0/Job152.log", "simid": "1"}
[2026-05-29 09:30:08.516 Z] [PROCESS] [cadence.virtuoso.ade.simulationMonitor] - Expression evaluator launched {"hostname": "il2244vt26_hrahimi", "processid": 654880, "history": "Interactive.274", "testname": "Potentiostat_7_CA_TIA_Front_tb_calib_1", "cornername": "Nominal", "point": 1, "logfile": "/home/hrahimi/projects/POTENTIOSTAT_26/logs_hrahimi/logs0/Job152.log"}
[2026-05-29 09:30:08.581 Z] [PROCESS] [cadence.virtuoso.ade.simulationMonitor] - Started Simulation {"hostname": "il2244vt26_hrahimi", "processid": 654880, "history": "Interactive.274", "testname": "Potentiostat_7_CA_TIA_Front_tb_calib_1", "cornername": "Nominal", "point": 1, "logfile": "/home/hrahimi/projects/POTENTIOSTAT_26/logs_hrahimi/logs0/Job152.log", "event": "started", "task": "simulation"}
[2026-05-29 09:30:09.582 Z] [WARN] [cadence.virtuoso.ade.simulationMonitor] -     WARNING (SPECTRE-691): This CPU processor does not support x86 advanced vector extensions instructions. This may affect math operations and slow down the simulation. {"history": "Interactive.274", "point": 1, "testname": "Potentiostat_7_CA_TIA_Front_tb_calib_1", "cornername": "Nominal"}
[2026-05-29 09:30:09.582 Z] [INFO] [cadence.virtuoso.ade.simulationMonitor] - Notice from spectre during circuit read-in.
    Pre_Configuration file used: /opt/tools/cadence/installs/SPECTRE241/tools.lnx86/spectre/etc/configs/preset.precfg
    Configuration file used: `/opt/tools/cadence/installs/SPECTRE241/tools.lnx86/spectre/etc/configs/preset.cfg'. {"history": "Interactive.274", "point": 1, "testname": "Potentiostat_7_CA_TIA_Front_tb_calib_1", "cornername": "Nominal"}
[2026-05-29 09:30:09.583 Z] [WARN] [cadence.virtuoso.ade.simulationMonitor] -     WARNING (SPECTRE-8360): line 1511: `ac' is an undefined primitive device. {"history": "Interactive.274", "point": 1, "testname": "Potentiostat_7_CA_TIA_Front_tb_calib_1", "cornername": "Nominal"}
[2026-05-29 09:30:09.583 Z] [WARN] [cadence.virtuoso.ade.simulationMonitor] -     WARNING (SPECTRE-8360): line 1512: `ac' is an undefined primitive device. {"history": "Interactive.274", "point": 1, "testname": "Potentiostat_7_CA_TIA_Front_tb_calib_1", "cornername": "Nominal"}
[2026-05-29 09:30:09.583 Z] [WARN] [cadence.virtuoso.ade.simulationMonitor] -     WARNING (SPECTRE-8360): line 1513: `ac' is an undefined primitive device. {"history": "Interactive.274", "point": 1, "testname": "Potentiostat_7_CA_TIA_Front_tb_calib_1", "cornername": "Nominal"}
[2026-05-29 09:30:09.583 Z] [WARN] [cadence.virtuoso.ade.simulationMonitor] -     WARNING (SPECTRE-8360): line 1514: `ac' is an undefined primitive device. {"history": "Interactive.274", "point": 1, "testname": "Potentiostat_7_CA_TIA_Front_tb_calib_1", "cornername": "Nominal"}
[2026-05-29 09:30:09.583 Z] [WARN] [cadence.virtuoso.ade.simulationMonitor] -     WARNING (SPECTRE-8360): line 1515: `ac' is an undefined primitive device.
        Further occurrences of this warning will be suppressed. {"history": "Interactive.274", "point": 1, "testname": "Potentiostat_7_CA_TIA_Front_tb_calib_1", "cornername": "Nominal"}
[2026-05-29 09:30:09.583 Z] [WARN] [cadence.virtuoso.ade.simulationMonitor] -     WARNING (VACOMP-2435): The environment variable CDS_AHDLCMI_ENABLE is no longer supported. Therefore, the simulator will use the default compiled C code flow. {"history": "Interactive.274", "point": 1, "testname": "Potentiostat_7_CA_TIA_Front_tb_calib_1", "cornername": "Nominal"}
[2026-05-29 09:30:10.584 Z] [INFO] [cadence.virtuoso.ade.simulationMonitor] - Peak resident memory used = 204 Mbytes. {"history": "Interactive.274", "point": 1, "testname": "Potentiostat_7_CA_TIA_Front_tb_calib_1", "cornername": "Nominal"}
[2026-05-29 09:30:11.585 Z] [WARN] [cadence.virtuoso.ade.simulationMonitor] -     WARNING (SFE-3012): The dummy device I2.I56.Q2<0>_turbo_m32 is removed. {"history": "Interactive.274", "point": 1, "testname": "Potentiostat_7_CA_TIA_Front_tb_calib_1", "cornername": "Nominal"}
[2026-05-29 09:30:11.585 Z] [WARN] [cadence.virtuoso.ade.simulationMonitor] -     WARNING (SFE-3029): The dummy capacitor I2.I25.I28.c1066 is removed. {"history": "Interactive.274", "point": 1, "testname": "Potentiostat_7_CA_TIA_Front_tb_calib_1", "cornername": "Nominal"}
[2026-05-29 09:30:11.586 Z] [WARN] [cadence.virtuoso.ade.simulationMonitor] -     WARNING (SFE-3012): The dummy device I0.I15.DLIB11 is removed. {"history": "Interactive.274", "point": 1, "testname": "Potentiostat_7_CA_TIA_Front_tb_calib_1", "cornername": "Nominal"}
[2026-05-29 09:30:11.586 Z] [WARN] [cadence.virtuoso.ade.simulationMonitor] -     WARNING (SFE-3028): The floating resistor R8 is removed. {"history": "Interactive.274", "point": 1, "testname": "Potentiostat_7_CA_TIA_Front_tb_calib_1", "cornername": "Nominal"}
[2026-05-29 09:30:11.586 Z] [WARN] [cadence.virtuoso.ade.simulationMonitor] -     WARNING (SFE-3012): The dummy device I0.I44.DLIB11 is removed. {"history": "Interactive.274", "point": 1, "testname": "Potentiostat_7_CA_TIA_Front_tb_calib_1", "cornername": "Nominal"}
[2026-05-29 09:30:11.586 Z] [WARN] [cadence.virtuoso.ade.simulationMonitor] -     WARNING (SFE-3012): The dummy device I0.I15.DLIB10 is removed. {"history": "Interactive.274", "point": 1, "testname": "Potentiostat_7_CA_TIA_Front_tb_calib_1", "cornername": "Nominal"}
[2026-05-29 09:30:11.586 Z] [WARN] [cadence.virtuoso.ade.simulationMonitor] -     WARNING (SFE-3012): The dummy device I0.I44.DLIB9 is removed.
        Further occurrences of this warning will be suppressed. {"history": "Interactive.274", "point": 1, "testname": "Potentiostat_7_CA_TIA_Front_tb_calib_1", "cornername": "Nominal"}
[2026-05-29 09:30:11.586 Z] [WARN] [cadence.virtuoso.ade.simulationMonitor] -     WARNING (SFE-3016): The floating node net73 is removed. {"history": "Interactive.274", "point": 1, "testname": "Potentiostat_7_CA_TIA_Front_tb_calib_1", "cornername": "Nominal"}
[2026-05-29 09:30:11.587 Z] [WARN] [cadence.virtuoso.ade.simulationMonitor] -     WARNING (SFE-3016): The floating node net74 is removed. {"history": "Interactive.274", "point": 1, "testname": "Potentiostat_7_CA_TIA_Front_tb_calib_1", "cornername": "Nominal"}
[2026-05-29 09:30:11.587 Z] [INFO] [cadence.virtuoso.ade.simulationMonitor] - Notice from spectre during hierarchy flattening.
    Spectre X Parasitic Optimization enabled.
    Parasitic optimization will filter out parasitic nodes, nodes only connected to RCs, by default. To view individual parasitic nodes use individual save statements (i.e. save out), or use the 'savefilter=none' option to save all parasitic nodes. Saving all parasitic nodes may slow down simulation and create large waveform files. {"history": "Interactive.274", "point": 1, "testname": "Potentiostat_7_CA_TIA_Front_tb_calib_1", "cornername": "Nominal"}
[2026-05-29 09:30:11.587 Z] [INFO] [cadence.virtuoso.ade.simulationMonitor] - Peak resident memory used = 242 Mbytes. {"history": "Interactive.274", "point": 1, "testname": "Potentiostat_7_CA_TIA_Front_tb_calib_1", "cornername": "Nominal"}
[2026-05-29 09:30:12.088 Z] [INFO] [cadence.virtuoso.ade.simulationMonitor] - Notice from spectre during hierarchy flattening.
    The value 'psf' specified for the 'checklimitdest' option will no longer be supported in future releases. Use 'spectre -h' to see other recommended values for the 'checklimitdest' option. {"history": "Interactive.274", "point": 1, "testname": "Potentiostat_7_CA_TIA_Front_tb_calib_1", "cornername": "Nominal"}
[2026-05-29 09:30:12.588 Z] [INFO] [cadence.virtuoso.ade.simulationMonitor] - Notice from spectre during hierarchy flattening.
    V3: `period' has the unusually large value of 6 s.
    I26: `period' has the unusually large value of 6 s. {"history": "Interactive.274", "point": 1, "testname": "Potentiostat_7_CA_TIA_Front_tb_calib_1", "cornername": "Nominal"}
[2026-05-29 09:30:12.589 Z] [INFO] [cadence.virtuoso.ade.simulationMonitor] - Peak resident memory used = 257 Mbytes. {"history": "Interactive.274", "point": 1, "testname": "Potentiostat_7_CA_TIA_Front_tb_calib_1", "cornername": "Nominal"}
[2026-05-29 09:30:12.589 Z] [WARN] [cadence.virtuoso.ade.simulationMonitor] -     WARNING (CMI-2425): I4.I4.C1(0): `Acde' = 2.393 is unusually large. {"history": "Interactive.274", "point": 1, "testname": "Potentiostat_7_CA_TIA_Front_tb_calib_1", "cornername": "Nominal"}
[2026-05-29 09:30:12.589 Z] [WARN] [cadence.virtuoso.ade.simulationMonitor] -     WARNING (CMI-2425): I4.I4.C1(0): `Noff' = 4.732 is unusually large. {"history": "Interactive.274", "point": 1, "testname": "Potentiostat_7_CA_TIA_Front_tb_calib_1", "cornername": "Nominal"}
[2026-05-29 09:30:12.590 Z] [WARN] [cadence.virtuoso.ade.simulationMonitor] -     WARNING (CMI-2424): I4.I4.C1(0): `Voffcv' = -867.4e-03 is unusually small. {"history": "Interactive.274", "point": 1, "testname": "Potentiostat_7_CA_TIA_Front_tb_calib_1", "cornername": "Nominal"}
[2026-05-29 09:30:12.590 Z] [WARN] [cadence.virtuoso.ade.simulationMonitor] -     WARNING (CMI-2425): I4.I0.C0(0): `Acde' = 2.393 is unusually large. {"history": "Interactive.274", "point": 1, "testname": "Potentiostat_7_CA_TIA_Front_tb_calib_1", "cornername": "Nominal"}
[2026-05-29 09:30:12.590 Z] [WARN] [cadence.virtuoso.ade.simulationMonitor] -     WARNING (CMI-2425): I4.I0.C0(0): `Noff' = 4.732 is unusually large. {"history": "Interactive.274", "point": 1, "testname": "Potentiostat_7_CA_TIA_Front_tb_calib_1", "cornername": "Nominal"}
[2026-05-29 09:30:12.590 Z] [WARN] [cadence.virtuoso.ade.simulationMonitor] -     WARNING (CMI-2424): I4.I0.C0(0): `Voffcv' = -867.4e-03 is unusually small. {"history": "Interactive.274", "point": 1, "testname": "Potentiostat_7_CA_TIA_Front_tb_calib_1", "cornername": "Nominal"}
[2026-05-29 09:30:12.590 Z] [WARN] [cadence.virtuoso.ade.simulationMonitor] -     WARNING (CMI-2425): I4.I0.C2: `Acde' = 2.393 is unusually large.
        Further occurrences of this warning will be suppressed. {"history": "Interactive.274", "point": 1, "testname": "Potentiostat_7_CA_TIA_Front_tb_calib_1", "cornername": "Nominal"}
[2026-05-29 09:30:12.591 Z] [WARN] [cadence.virtuoso.ade.simulationMonitor] -     WARNING (CMI-2424): I4.I0.C2: `Voffcv' = -867.4e-03 is unusually small. {"history": "Interactive.274", "point": 1, "testname": "Potentiostat_7_CA_TIA_Front_tb_calib_1", "cornername": "Nominal"}
[2026-05-29 09:30:12.591 Z] [WARN] [cadence.virtuoso.ade.simulationMonitor] -     WARNING (CMI-2424): I4.I0.C1: `Voffcv' = -867.4e-03 is unusually small. {"history": "Interactive.274", "point": 1, "testname": "Potentiostat_7_CA_TIA_Front_tb_calib_1", "cornername": "Nominal"}
[2026-05-29 09:30:12.591 Z] [WARN] [cadence.virtuoso.ade.simulationMonitor] -     WARNING (CMI-2424): I4.I1.C0: `Voffcv' = -867.4e-03 is unusually small.
        Further occurrences of this warning will be suppressed. {"history": "Interactive.274", "point": 1, "testname": "Potentiostat_7_CA_TIA_Front_tb_calib_1", "cornername": "Nominal"}
[2026-05-29 09:30:13.592 Z] [WARN] [cadence.virtuoso.ade.simulationMonitor] -     WARNING (SPECTRE-17607): Assert `SOAC_vert10_vsubpsub' is ignored because it contains an expression which is invalid or not supported by native evaluator.  {"history": "Interactive.274", "point": 1, "testname": "Potentiostat_7_CA_TIA_Front_tb_calib_1", "cornername": "Nominal"}
[2026-05-29 09:30:13.593 Z] [WARN] [cadence.virtuoso.ade.simulationMonitor] -     WARNING (SPECTRE-17607): Assert `SOAC_vert10_vcsub' is ignored because it contains an expression which is invalid or not supported by native evaluator.  {"history": "Interactive.274", "point": 1, "testname": "Potentiostat_7_CA_TIA_Front_tb_calib_1", "cornername": "Nominal"}
[2026-05-29 09:30:13.593 Z] [WARN] [cadence.virtuoso.ade.simulationMonitor] -     WARNING (SPECTRE-16460): SOAC_cvarm_vspsub:Specified subcircuit master `cvarm' was not found. {"history": "Interactive.274", "point": 1, "testname": "Potentiostat_7_CA_TIA_Front_tb_calib_1", "cornername": "Nominal"}
[2026-05-29 09:30:13.593 Z] [WARN] [cadence.virtuoso.ade.simulationMonitor] -     WARNING (SPECTRE-16462): SOAC_cvarm_vspsub:Error in specification of subcircuit master. Assert is ignored. {"history": "Interactive.274", "point": 1, "testname": "Potentiostat_7_CA_TIA_Front_tb_calib_1", "cornername": "Nominal"}
[2026-05-29 09:30:13.593 Z] [WARN] [cadence.virtuoso.ade.simulationMonitor] -     WARNING (SPECTRE-16460): SOAC_cvarm_vbs:Specified subcircuit master `cvarm' was not found. {"history": "Interactive.274", "point": 1, "testname": "Potentiostat_7_CA_TIA_Front_tb_calib_1", "cornername": "Nominal"}
[2026-05-29 09:30:13.594 Z] [WARN] [cadence.virtuoso.ade.simulationMonitor] -     WARNING (SPECTRE-16462): SOAC_cvarm_vbs:Error in specification of subcircuit master. Assert is ignored. {"history": "Interactive.274", "point": 1, "testname": "Potentiostat_7_CA_TIA_Front_tb_calib_1", "cornername": "Nominal"}
[2026-05-29 09:30:13.594 Z] [WARN] [cadence.virtuoso.ade.simulationMonitor] -     WARNING (SPECTRE-16460): SOAC_cvarm_vgb:Specified subcircuit master `cvarm' was not found. {"history": "Interactive.274", "point": 1, "testname": "Potentiostat_7_CA_TIA_Front_tb_calib_1", "cornername": "Nominal"}
[2026-05-29 09:30:13.594 Z] [WARN] [cadence.virtuoso.ade.simulationMonitor] -     WARNING (SPECTRE-16462): SOAC_cvarm_vgb:Error in specification of subcircuit master. Assert is ignored. {"history": "Interactive.274", "point": 1, "testname": "Potentiostat_7_CA_TIA_Front_tb_calib_1", "cornername": "Nominal"}
[2026-05-29 09:30:13.594 Z] [WARN] [cadence.virtuoso.ade.simulationMonitor] -     WARNING (SPECTRE-16460): SOAC_cvart_vspsub:Specified subcircuit master `cvart' was not found. {"history": "Interactive.274", "point": 1, "testname": "Potentiostat_7_CA_TIA_Front_tb_calib_1", "cornername": "Nominal"}
[2026-05-29 09:30:13.594 Z] [WARN] [cadence.virtuoso.ade.simulationMonitor] -     WARNING (SPECTRE-16462): SOAC_cvart_vspsub:Error in specification of subcircuit master. Assert is ignored. {"history": "Interactive.274", "point": 1, "testname": "Potentiostat_7_CA_TIA_Front_tb_calib_1", "cornername": "Nominal"}
[2026-05-29 09:30:13.595 Z] [WARN] [cadence.virtuoso.ade.simulationMonitor] -     WARNING (SPECTRE-16460): SOAC_cvart_vbs:Specified subcircuit master `cvart' was not found.
        Further occurrences of this warning will be suppressed. {"history": "Interactive.274", "point": 1, "testname": "Potentiostat_7_CA_TIA_Front_tb_calib_1", "cornername": "Nominal"}
[2026-05-29 09:30:13.595 Z] [WARN] [cadence.virtuoso.ade.simulationMonitor] -     WARNING (SPECTRE-16462): SOAC_cvart_vbs:Error in specification of subcircuit master. Assert is ignored.
        Further occurrences of this warning will be suppressed. {"history": "Interactive.274", "point": 1, "testname": "Potentiostat_7_CA_TIA_Front_tb_calib_1", "cornername": "Nominal"}
[2026-05-29 09:30:14.595 Z] [INFO] [cadence.virtuoso.ade.simulationMonitor] - Notice from spectre during topology check.
    Only one connection to the following 1872 nodes:
        I0.I46.RLIB_GC1.R1.psub!
        I0.I46.RLIB_GC1.R2.psub!
        I0.I46.MNLIB_DR1.M_esdnmos4.psub!
        I0.I46.DLIB2.psub!
        I0.I46.DLIB1.psub!
        Further occurrences of this notice will be suppressed. {"history": "Interactive.274", "point": 1, "testname": "Potentiostat_7_CA_TIA_Front_tb_calib_1", "cornername": "Nominal"}
[2026-05-29 09:30:17.599 Z] [INFO] [cadence.virtuoso.ade.simulationMonitor] -               nodes 15583 {"history": "Interactive.274", "point": 1, "testname": "Potentiostat_7_CA_TIA_Front_tb_calib_1", "cornername": "Nominal"}
[2026-05-29 09:30:17.599 Z] [INFO] [cadence.virtuoso.ade.simulationMonitor] - Notice from spectre during initial setup.
    7 resistors are shorted because their absolute value is less than or equal to 'rabsshort'.
    3 vsources are shorted because their absolute value is less than or equal to 'vabsshort'.
    Spectre X preset=cx enabled.
    1 notice suppressed.
    99 warnings suppressed. {"history": "Interactive.274", "point": 1, "testname": "Potentiostat_7_CA_TIA_Front_tb_calib_1", "cornername": "Nominal"}
[2026-05-29 09:30:17.600 Z] [INFO] [cadence.virtuoso.ade.simulationMonitor] - Notice from spectre.
    Multithreading enabled: 8 threads in the system with 48 available processors. {"history": "Interactive.274", "point": 1, "testname": "Potentiostat_7_CA_TIA_Front_tb_calib_1", "cornername": "Nominal"}
[2026-05-29 09:30:17.600 Z] [INFO] [cadence.virtuoso.ade.simulationMonitor] - Peak resident memory used = 318 Mbytes. {"history": "Interactive.274", "point": 1, "testname": "Potentiostat_7_CA_TIA_Front_tb_calib_1", "cornername": "Nominal"}
[2026-05-29 09:30:17.600 Z] [INFO] [cadence.virtuoso.ade.simulationMonitor] -    -   (Spectre X) Multi-threading. The recommended number of threads is [4, 8], consider adding +mt=4 or +mt=8 on command line. {"history": "Interactive.274", "point": 1, "testname": "Potentiostat_7_CA_TIA_Front_tb_calib_1", "cornername": "Nominal"}
[2026-05-29 09:30:17.601 Z] [INFO] [cadence.virtuoso.ade.simulationMonitor] - Notice from spectre during DC analysis `dcOp'.
    No checklimit analysis defined for asserts. A default checklimit analysis 'SpectreChecklimitAnal' has been created with all asserts enabled. {"history": "Interactive.274", "point": 1, "testname": "Potentiostat_7_CA_TIA_Front_tb_calib_1", "cornername": "Nominal"}
[2026-05-29 09:30:18.602 Z] [INFO] [cadence.virtuoso.ade.simulationMonitor] - Notice from spectre during DC analysis `dcOp'.
    Bad pivoting is found during DC analysis. Option dc_pivot_check=yes is recommended for possible improvement of convergence. {"history": "Interactive.274", "point": 1, "testname": "Potentiostat_7_CA_TIA_Front_tb_calib_1", "cornername": "Nominal"}
[2026-05-29 09:30:19.103 Z] [WARN] [cadence.virtuoso.ade.simulationMonitor] -     WARNING (CMI-2943): Parameter checks have been ignored because the valid value for parameter 'trise' could not be found in 'I4.I2.C0|C0'. {"history": "Interactive.274", "point": 1, "testname": "Potentiostat_7_CA_TIA_Front_tb_calib_1", "cornername": "Nominal"}
[2026-05-29 09:30:19.103 Z] [WARN] [cadence.virtuoso.ade.simulationMonitor] -     WARNING (CMI-2943): Parameter checks have been ignored because the valid value for parameter 'trise' could not be found in 'I2.I56.C2<0>_turbo_m4.C0'. {"history": "Interactive.274", "point": 1, "testname": "Potentiostat_7_CA_TIA_Front_tb_calib_1", "cornername": "Nominal"}
[2026-05-29 09:30:19.103 Z] [WARN] [cadence.virtuoso.ade.simulationMonitor] -     WARNING (CMI-2943): Parameter checks have been ignored because the valid value for parameter 'trise' could not be found in 'I2.I56.I3.C0|C0'. {"history": "Interactive.274", "point": 1, "testname": "Potentiostat_7_CA_TIA_Front_tb_calib_1", "cornername": "Nominal"}
[2026-05-29 09:30:19.103 Z] [WARN] [cadence.virtuoso.ade.simulationMonitor] -     WARNING (CMI-2943): Parameter checks have been ignored because the valid value for parameter 'trise' could not be found in 'I2.I56.C0.C0'. {"history": "Interactive.274", "point": 1, "testname": "Potentiostat_7_CA_TIA_Front_tb_calib_1", "cornername": "Nominal"}
[2026-05-29 09:30:19.104 Z] [WARN] [cadence.virtuoso.ade.simulationMonitor] -     WARNING (CMI-2943): Parameter checks have been ignored because the valid value for parameter 'trise' could not be found in 'I2.I25.C4<0>_turbo_m6.C0'.
        Further occurrences of this warning will be suppressed. {"history": "Interactive.274", "point": 1, "testname": "Potentiostat_7_CA_TIA_Front_tb_calib_1", "cornername": "Nominal"}
[2026-05-29 09:30:19.104 Z] [INFO] [cadence.virtuoso.ade.simulationMonitor] - Total time required for dc analysis `dcOp': CPU = 8.01003 s, elapsed = 1.60318 s, util. = 500%. {"history": "Interactive.274", "point": 1, "testname": "Potentiostat_7_CA_TIA_Front_tb_calib_1", "cornername": "Nominal"}
[2026-05-29 09:30:19.104 Z] [INFO] [cadence.virtuoso.ade.simulationMonitor] - Peak resident memory used = 345 Mbytes. {"history": "Interactive.274", "point": 1, "testname": "Potentiostat_7_CA_TIA_Front_tb_calib_1", "cornername": "Nominal"}
[2026-05-29 09:30:19.105 Z] [INFO] [cadence.virtuoso.ade.simulationMonitor] - Notice from spectre.
    407 warnings suppressed. {"history": "Interactive.274", "point": 1, "testname": "Potentiostat_7_CA_TIA_Front_tb_calib_1", "cornername": "Nominal"}
[2026-05-29 09:30:20.605 Z] [INFO] [cadence.virtuoso.ade.simulationMonitor] - Notice from spectre during IC analysis, during transient analysis `tran'.
    Bad pivoting is found during DC analysis. Option dc_pivot_check=yes is recommended for possible improvement of convergence. {"history": "Interactive.274", "point": 1, "testname": "Potentiostat_7_CA_TIA_Front_tb_calib_1", "cornername": "Nominal"}
[2026-05-29 09:30:20.606 Z] [WARN] [cadence.virtuoso.ade.simulationMonitor] -     WARNING (CMI-2943): Parameter checks have been ignored because the valid value for parameter 'trise' could not be found in 'I4.I2.C0|C0'. {"history": "Interactive.274", "point": 1, "testname": "Potentiostat_7_CA_TIA_Front_tb_calib_1", "cornername": "Nominal"}
[2026-05-29 09:30:20.606 Z] [WARN] [cadence.virtuoso.ade.simulationMonitor] -     WARNING (CMI-2943): Parameter checks have been ignored because the valid value for parameter 'trise' could not be found in 'I2.I56.C2<0>_turbo_m4.C0'. {"history": "Interactive.274", "point": 1, "testname": "Potentiostat_7_CA_TIA_Front_tb_calib_1", "cornername": "Nominal"}
[2026-05-29 09:30:20.607 Z] [WARN] [cadence.virtuoso.ade.simulationMonitor] -     WARNING (CMI-2943): Parameter checks have been ignored because the valid value for parameter 'trise' could not be found in 'I2.I56.I3.C0|C0'. {"history": "Interactive.274", "point": 1, "testname": "Potentiostat_7_CA_TIA_Front_tb_calib_1", "cornername": "Nominal"}
[2026-05-29 09:30:20.607 Z] [WARN] [cadence.virtuoso.ade.simulationMonitor] -     WARNING (CMI-2943): Parameter checks have been ignored because the valid value for parameter 'trise' could not be found in 'I2.I56.C0.C0'. {"history": "Interactive.274", "point": 1, "testname": "Potentiostat_7_CA_TIA_Front_tb_calib_1", "cornername": "Nominal"}
[2026-05-29 09:30:20.607 Z] [WARN] [cadence.virtuoso.ade.simulationMonitor] -     WARNING (CMI-2943): Parameter checks have been ignored because the valid value for parameter 'trise' could not be found in 'I2.I25.C4<0>_turbo_m6.C0'.
        Further occurrences of this warning will be suppressed. {"history": "Interactive.274", "point": 1, "testname": "Potentiostat_7_CA_TIA_Front_tb_calib_1", "cornername": "Nominal"}
[2026-05-29 09:30:53.120 Z] [INFO] [cadence.virtuoso.ade.simulationMonitor] - Total time required for tran analysis `tran': CPU = 272.649 s (4m  32.6s), elapsed = 33.8471 s, util. = 806%. {"history": "Interactive.274", "point": 1, "testname": "Potentiostat_7_CA_TIA_Front_tb_calib_1", "cornername": "Nominal"}
[2026-05-29 09:30:53.120 Z] [INFO] [cadence.virtuoso.ade.simulationMonitor] - Peak resident memory used = 383 Mbytes. {"history": "Interactive.274", "point": 1, "testname": "Potentiostat_7_CA_TIA_Front_tb_calib_1", "cornername": "Nominal"}
[2026-05-29 09:30:53.120 Z] [INFO] [cadence.virtuoso.ade.simulationMonitor] - Notice from spectre.
    407 warnings suppressed. {"history": "Interactive.274", "point": 1, "testname": "Potentiostat_7_CA_TIA_Front_tb_calib_1", "cornername": "Nominal"}
[2026-05-29 09:30:56.121 Z] [WARN] [cadence.virtuoso.ade.simulationMonitor] -     WARNING (CMI-2425): I2.I25.I22.C2: `Acde' = 2.393 is unusually large. {"history": "Interactive.274", "point": 1, "testname": "Potentiostat_7_CA_TIA_Front_tb_calib_1", "cornername": "Nominal"}
[2026-05-29 09:30:56.122 Z] [WARN] [cadence.virtuoso.ade.simulationMonitor] -     WARNING (CMI-2425): I2.I25.I22.C2: `Noff' = 4.732 is unusually large. {"history": "Interactive.274", "point": 1, "testname": "Potentiostat_7_CA_TIA_Front_tb_calib_1", "cornername": "Nominal"}
[2026-05-29 09:30:56.122 Z] [WARN] [cadence.virtuoso.ade.simulationMonitor] -     WARNING (CMI-2424): I2.I25.I22.C2: `Voffcv' = -867.4e-03 is unusually small. {"history": "Interactive.274", "point": 1, "testname": "Potentiostat_7_CA_TIA_Front_tb_calib_1", "cornername": "Nominal"}
[2026-05-29 09:30:56.122 Z] [WARN] [cadence.virtuoso.ade.simulationMonitor] -     WARNING (CMI-2425): I2.I25.I33.C0: `Acde' = 2.393 is unusually large. {"history": "Interactive.274", "point": 1, "testname": "Potentiostat_7_CA_TIA_Front_tb_calib_1", "cornername": "Nominal"}
[2026-05-29 09:30:56.122 Z] [WARN] [cadence.virtuoso.ade.simulationMonitor] -     WARNING (CMI-2425): I2.I25.I33.C0: `Noff' = 4.732 is unusually large. {"history": "Interactive.274", "point": 1, "testname": "Potentiostat_7_CA_TIA_Front_tb_calib_1", "cornername": "Nominal"}
[2026-05-29 09:30:56.123 Z] [WARN] [cadence.virtuoso.ade.simulationMonitor] -     WARNING (CMI-2424): I2.I25.I33.C0: `Voffcv' = -867.4e-03 is unusually small. {"history": "Interactive.274", "point": 1, "testname": "Potentiostat_7_CA_TIA_Front_tb_calib_1", "cornername": "Nominal"}
[2026-05-29 09:30:56.123 Z] [WARN] [cadence.virtuoso.ade.simulationMonitor] -     WARNING (CMI-2425): I4.I1.C0: `Acde' = 2.393 is unusually large.
        Further occurrences of this warning will be suppressed. {"history": "Interactive.274", "point": 1, "testname": "Potentiostat_7_CA_TIA_Front_tb_calib_1", "cornername": "Nominal"}
[2026-05-29 09:30:56.123 Z] [WARN] [cadence.virtuoso.ade.simulationMonitor] -     WARNING (CMI-2424): I4.I1.C0: `Voffcv' = -867.4e-03 is unusually small. {"history": "Interactive.274", "point": 1, "testname": "Potentiostat_7_CA_TIA_Front_tb_calib_1", "cornername": "Nominal"}
[2026-05-29 09:30:56.123 Z] [WARN] [cadence.virtuoso.ade.simulationMonitor] -     WARNING (CMI-2424): I4.I0.C1: `Voffcv' = -867.4e-03 is unusually small. {"history": "Interactive.274", "point": 1, "testname": "Potentiostat_7_CA_TIA_Front_tb_calib_1", "cornername": "Nominal"}
[2026-05-29 09:30:56.123 Z] [WARN] [cadence.virtuoso.ade.simulationMonitor] -     WARNING (CMI-2424): I4.I0.C2: `Voffcv' = -867.4e-03 is unusually small.
        Further occurrences of this warning will be suppressed. {"history": "Interactive.274", "point": 1, "testname": "Potentiostat_7_CA_TIA_Front_tb_calib_1", "cornername": "Nominal"}
[2026-05-29 09:30:58.124 Z] [INFO] [cadence.virtuoso.ade.simulationMonitor] - Notice from spectre during DC analysis, during Noise analysis `noise'.
    Bad pivoting is found during DC analysis. Option dc_pivot_check=yes is recommended for possible improvement of convergence. {"history": "Interactive.274", "point": 1, "testname": "Potentiostat_7_CA_TIA_Front_tb_calib_1", "cornername": "Nominal"}
[2026-05-29 09:30:58.125 Z] [WARN] [cadence.virtuoso.ade.simulationMonitor] -     WARNING (CMI-2943): Parameter checks have been ignored because the valid value for parameter 'trise' could not be found in 'I4.I2.C0|C0'. {"history": "Interactive.274", "point": 1, "testname": "Potentiostat_7_CA_TIA_Front_tb_calib_1", "cornername": "Nominal"}
[2026-05-29 09:30:58.125 Z] [WARN] [cadence.virtuoso.ade.simulationMonitor] -     WARNING (CMI-2943): Parameter checks have been ignored because the valid value for parameter 'trise' could not be found in 'I2.I56.C2<0>_turbo_m4.C0'. {"history": "Interactive.274", "point": 1, "testname": "Potentiostat_7_CA_TIA_Front_tb_calib_1", "cornername": "Nominal"}
[2026-05-29 09:30:58.125 Z] [WARN] [cadence.virtuoso.ade.simulationMonitor] -     WARNING (CMI-2943): Parameter checks have been ignored because the valid value for parameter 'trise' could not be found in 'I2.I56.I3.C0|C0'. {"history": "Interactive.274", "point": 1, "testname": "Potentiostat_7_CA_TIA_Front_tb_calib_1", "cornername": "Nominal"}
[2026-05-29 09:30:58.125 Z] [WARN] [cadence.virtuoso.ade.simulationMonitor] -     WARNING (CMI-2943): Parameter checks have been ignored because the valid value for parameter 'trise' could not be found in 'I2.I56.C0.C0'. {"history": "Interactive.274", "point": 1, "testname": "Potentiostat_7_CA_TIA_Front_tb_calib_1", "cornername": "Nominal"}
[2026-05-29 09:30:58.126 Z] [WARN] [cadence.virtuoso.ade.simulationMonitor] -     WARNING (CMI-2943): Parameter checks have been ignored because the valid value for parameter 'trise' could not be found in 'I2.I25.C4<0>_turbo_m6.C0'.
        Further occurrences of this warning will be suppressed. {"history": "Interactive.274", "point": 1, "testname": "Potentiostat_7_CA_TIA_Front_tb_calib_1", "cornername": "Nominal"}
[2026-05-29 09:30:58.126 Z] [INFO] [cadence.virtuoso.ade.simulationMonitor] - Notice from spectre during check, during DC analysis, during Noise analysis `noise'.
    I0.I6.RLIB_GC1 of rdiffp3: `ig' has the unusually large value of -25.2511 A.
    I0.I2.RLIB_GC2 of rdiffp3: `ig' has the unusually large value of -25.2511 A. {"history": "Interactive.274", "point": 1, "testname": "Potentiostat_7_CA_TIA_Front_tb_calib_1", "cornername": "Nominal"}
[2026-05-29 09:30:58.126 Z] [WARN] [cadence.virtuoso.ade.simulationMonitor] -     WARNING (SPECTRE-17191): 
        Tolerance relaxation is used to obtain final DC solution which may affect the accuracy of the result. This is mainly caused by the high impedance nodes in the circuit. Use the dyn_highz check to determine the high impedance nodes. Setting/assigning appropriate initial values to these nodes will usually help to improve both performance and accuracy of DC simulations. {"history": "Interactive.274", "point": 1, "testname": "Potentiostat_7_CA_TIA_Front_tb_calib_1", "cornername": "Nominal"}
[2026-05-29 09:31:08.130 Z] [INFO] [cadence.virtuoso.ade.simulationMonitor] - Total time required for noise analysis `noise': CPU = 63.3781 s (1m  3.4s), elapsed = 12.1862 s, util. = 520%. {"history": "Interactive.274", "point": 1, "testname": "Potentiostat_7_CA_TIA_Front_tb_calib_1", "cornername": "Nominal"}
[2026-05-29 09:31:08.131 Z] [INFO] [cadence.virtuoso.ade.simulationMonitor] - Peak resident memory used = 409 Mbytes. {"history": "Interactive.274", "point": 1, "testname": "Potentiostat_7_CA_TIA_Front_tb_calib_1", "cornername": "Nominal"}
[2026-05-29 09:31:08.131 Z] [INFO] [cadence.virtuoso.ade.simulationMonitor] - Notice from spectre.
    418 warnings suppressed. {"history": "Interactive.274", "point": 1, "testname": "Potentiostat_7_CA_TIA_Front_tb_calib_1", "cornername": "Nominal"}
[2026-05-29 09:31:08.131 Z] [WARN] [cadence.virtuoso.ade.simulationMonitor] -     WARNING (CMI-2425): I2.I25.I22.C2: `Acde' = 2.393 is unusually large. {"history": "Interactive.274", "point": 1, "testname": "Potentiostat_7_CA_TIA_Front_tb_calib_1", "cornername": "Nominal"}
[2026-05-29 09:31:08.131 Z] [WARN] [cadence.virtuoso.ade.simulationMonitor] -     WARNING (CMI-2425): I2.I25.I22.C2: `Noff' = 4.732 is unusually large. {"history": "Interactive.274", "point": 1, "testname": "Potentiostat_7_CA_TIA_Front_tb_calib_1", "cornername": "Nominal"}
[2026-05-29 09:31:08.131 Z] [WARN] [cadence.virtuoso.ade.simulationMonitor] -     WARNING (CMI-2424): I2.I25.I22.C2: `Voffcv' = -867.4e-03 is unusually small. {"history": "Interactive.274", "point": 1, "testname": "Potentiostat_7_CA_TIA_Front_tb_calib_1", "cornername": "Nominal"}
[2026-05-29 09:31:08.131 Z] [WARN] [cadence.virtuoso.ade.simulationMonitor] -     WARNING (CMI-2425): I2.I25.I33.C0: `Acde' = 2.393 is unusually large. {"history": "Interactive.274", "point": 1, "testname": "Potentiostat_7_CA_TIA_Front_tb_calib_1", "cornername": "Nominal"}
[2026-05-29 09:31:08.132 Z] [WARN] [cadence.virtuoso.ade.simulationMonitor] -     WARNING (CMI-2425): I2.I25.I33.C0: `Noff' = 4.732 is unusually large. {"history": "Interactive.274", "point": 1, "testname": "Potentiostat_7_CA_TIA_Front_tb_calib_1", "cornername": "Nominal"}
[2026-05-29 09:31:08.132 Z] [WARN] [cadence.virtuoso.ade.simulationMonitor] -     WARNING (CMI-2424): I2.I25.I33.C0: `Voffcv' = -867.4e-03 is unusually small. {"history": "Interactive.274", "point": 1, "testname": "Potentiostat_7_CA_TIA_Front_tb_calib_1", "cornername": "Nominal"}
[2026-05-29 09:31:08.132 Z] [WARN] [cadence.virtuoso.ade.simulationMonitor] -     WARNING (CMI-2425): I4.I1.C0: `Acde' = 2.393 is unusually large.
        Further occurrences of this warning will be suppressed. {"history": "Interactive.274", "point": 1, "testname": "Potentiostat_7_CA_TIA_Front_tb_calib_1", "cornername": "Nominal"}
[2026-05-29 09:31:08.132 Z] [WARN] [cadence.virtuoso.ade.simulationMonitor] -     WARNING (CMI-2424): I4.I1.C0: `Voffcv' = -867.4e-03 is unusually small. {"history": "Interactive.274", "point": 1, "testname": "Potentiostat_7_CA_TIA_Front_tb_calib_1", "cornername": "Nominal"}
[2026-05-29 09:31:08.132 Z] [WARN] [cadence.virtuoso.ade.simulationMonitor] -     WARNING (CMI-2424): I4.I0.C1: `Voffcv' = -867.4e-03 is unusually small. {"history": "Interactive.274", "point": 1, "testname": "Potentiostat_7_CA_TIA_Front_tb_calib_1", "cornername": "Nominal"}
[2026-05-29 09:31:08.132 Z] [WARN] [cadence.virtuoso.ade.simulationMonitor] -     WARNING (CMI-2424): I4.I0.C2: `Voffcv' = -867.4e-03 is unusually small.
        Further occurrences of this warning will be suppressed. {"history": "Interactive.274", "point": 1, "testname": "Potentiostat_7_CA_TIA_Front_tb_calib_1", "cornername": "Nominal"}
[2026-05-29 09:31:08.133 Z] [INFO] [cadence.virtuoso.ade.simulationMonitor] - Notice from spectre during XF analysis `xf'.
    Operating points will not be recomputed: the circuit and conditions were not changed since previous analysis. {"history": "Interactive.274", "point": 1, "testname": "Potentiostat_7_CA_TIA_Front_tb_calib_1", "cornername": "Nominal"}
[2026-05-29 09:31:10.134 Z] [INFO] [cadence.virtuoso.ade.simulationMonitor] - Total time required for xf analysis `xf': CPU = 5.69721 s, elapsed = 1.87413 s, util. = 304%. {"history": "Interactive.274", "point": 1, "testname": "Potentiostat_7_CA_TIA_Front_tb_calib_1", "cornername": "Nominal"}
[2026-05-29 09:31:10.134 Z] [INFO] [cadence.virtuoso.ade.simulationMonitor] - Peak resident memory used = 409 Mbytes. {"history": "Interactive.274", "point": 1, "testname": "Potentiostat_7_CA_TIA_Front_tb_calib_1", "cornername": "Nominal"}
[2026-05-29 09:31:10.135 Z] [INFO] [cadence.virtuoso.ade.simulationMonitor] - Notice from spectre.
    11 warnings suppressed. {"history": "Interactive.274", "point": 1, "testname": "Potentiostat_7_CA_TIA_Front_tb_calib_1", "cornername": "Nominal"}
[2026-05-29 09:31:10.135 Z] [INFO] [cadence.virtuoso.ade.simulationMonitor] - Time used: CPU = 362 s (6m  1.5s), elapsed = 61.1 s (1m  1.1s), util. = 592%. {"history": "Interactive.274", "point": 1, "testname": "Potentiostat_7_CA_TIA_Front_tb_calib_1", "cornername": "Nominal"}
[2026-05-29 09:31:10.135 Z] [INFO] [cadence.virtuoso.ade.simulationMonitor] - Time spent in licensing: elapsed = 313 ms. {"history": "Interactive.274", "point": 1, "testname": "Potentiostat_7_CA_TIA_Front_tb_calib_1", "cornername": "Nominal"}
[2026-05-29 09:31:10.136 Z] [INFO] [cadence.virtuoso.ade.simulationMonitor] - Peak memory used = 409 Mbytes. {"history": "Interactive.274", "point": 1, "testname": "Potentiostat_7_CA_TIA_Front_tb_calib_1", "cornername": "Nominal"}
[2026-05-29 09:31:10.138 Z] [PROCESS] [cadence.virtuoso.ade.simulationMonitor] - Simulation started at: 9:30:08 AM, Fri May 29, 2026, ended at: 9:31:09 AM, Fri May 29, 2026, with elapsed time (wall clock): 61.1 s (1m  1.1s). {"history": "Interactive.274", "point": 1, "testname": "Potentiostat_7_CA_TIA_Front_tb_calib_1", "cornername": "Nominal"}
[2026-05-29 09:31:10.138 Z] [PROCESS] [cadence.virtuoso.ade.simulationMonitor] - spectre completes with 0 errors, 74 warnings, and 27 notices. {"history": "Interactive.274", "point": 1, "testname": "Potentiostat_7_CA_TIA_Front_tb_calib_1", "cornername": "Nominal"}
[2026-05-29 09:31:10.138 Z] [PROCESS] [cadence.virtuoso.ade.simulationMonitor] - Finished simulating for one point {"hostname": "il2244vt26_hrahimi", "processid": 654880, "history": "Interactive.274", "testname": "Potentiostat_7_CA_TIA_Front_tb_calib_1", "cornername": "Nominal", "point": 1, "logfile": "/home/hrahimi/projects/POTENTIOSTAT_26/logs_hrahimi/logs0/Job152.log", "simid": "1"}
[2026-05-29 09:31:10.138 Z] [PROCESS] [cadence.virtuoso.ade.simulationMonitor] - Simulator exited {"hostname": "il2244vt26_hrahimi", "processid": 654880, "history": "Interactive.274", "testname": "Potentiostat_7_CA_TIA_Front_tb_calib_1", "cornername": "Nominal", "point": 1, "logfile": "/home/hrahimi/projects/POTENTIOSTAT_26/logs_hrahimi/logs0/Job152.log", "exitStatus": "0"}
[2026-05-29 09:31:10.138 Z] [PROCESS] [cadence.virtuoso.ade.simulationMonitor] - Finished Simulation {"hostname": "il2244vt26_hrahimi", "processid": 654880, "history": "Interactive.274", "testname": "Potentiostat_7_CA_TIA_Front_tb_calib_1", "cornername": "Nominal", "point": 1, "logfile": "/home/hrahimi/projects/POTENTIOSTAT_26/logs_hrahimi/logs0/Job152.log", "simid": "1"}
[2026-05-29 09:31:15.156 Z] [PROCESS] [cadence.virtuoso.ade.simulationMonitor] - Point Finished {"hostname": "il2244vt26_hrahimi", "processid": 654880, "history": "Interactive.274", "testname": "Potentiostat_7_CA_TIA_Front_tb_calib_1", "cornername": "Nominal", "point": 1, "logfile": "/home/hrahimi/projects/POTENTIOSTAT_26/logs_hrahimi/logs0/Job152.log"}
[2026-05-29 09:31:15.480 Z] [PROCESS] [cadence.virtuoso.ade.simulationMonitor] - Padding test token found for runId '39', Linger time '300', currentRunSyn '73', currentTestSyn '74' {"hostname": "il2244vt26_hrahimi", "processid": 654880, "history": "Interactive.274", "testname": "Potentiostat_7_CA_TIA_Front_tb_calib_1", "cornername": "Nominal", "point": 1, "logfile": "/home/hrahimi/projects/POTENTIOSTAT_26/logs_hrahimi/logs0/Job152.log"}
[2026-05-29 09:31:16.495 Z] [PROCESS] [cadence.virtuoso.ade.simulationMonitor] - Padding test token found for runId '39', Linger time '300', currentRunSyn '73', currentTestSyn '74' {"hostname": "il2244vt26_hrahimi", "processid": 654880, "history": "Interactive.274", "testname": "Potentiostat_7_CA_TIA_Front_tb_calib_1", "cornername": "Nominal", "point": 1, "logfile": "/home/hrahimi/projects/POTENTIOSTAT_26/logs_hrahimi/logs0/Job152.log"}
[2026-05-29 09:31:16.499 Z] [PROCESS] [cadence.virtuoso.ade.simulationMonitor] - Stay with the runId '39', Linger time '300', currentRunSyn '73', currentTestSyn '74' {"hostname": "il2244vt26_hrahimi", "processid": 654880, "history": "Interactive.274", "testname": "Potentiostat_7_CA_TIA_Front_tb_calib_1", "cornername": "Nominal", "point": 1, "logfile": "/home/hrahimi/projects/POTENTIOSTAT_26/logs_hrahimi/logs0/Job152.log"}
[2026-05-29 09:36:16.893 Z] [PROCESS] [cadence.virtuoso.ade.simulationMonitor] - Current memory used: 53.7188 MBytes, peak memory used: 53.7188 MBytes {"hostname": "il2244vt26_hrahimi", "processid": 654880, "history": "Interactive.274", "testname": "Potentiostat_7_CA_TIA_Front_tb_calib_1", "cornername": "Nominal", "point": 1, "logfile": "/home/hrahimi/projects/POTENTIOSTAT_26/logs_hrahimi/logs0/Job152.log"}
[2026-05-29 09:36:16.893 Z] [PROCESS] [cadence.virtuoso.ade.simulationMonitor] - Simulation Monitor process exit. {"hostname": "il2244vt26_hrahimi", "processid": 654880, "history": "Interactive.274", "testname": "Potentiostat_7_CA_TIA_Front_tb_calib_1", "cornername": "Nominal", "point": 1, "logfile": "/home/hrahimi/projects/POTENTIOSTAT_26/logs_hrahimi/logs0/Job152.log"}
