[Simulation Monitor: 159]
[2026-06-01 18:48:37.117 Z] [PROCESS] [cadence.virtuoso.ade.simulationMonitor] - Simulation Monitor has successfully started up. Trying to set up communication channels to other components ... {"hostname": "il2244vt26_hrahimi", "processid": 1614676, "logfile": "/home/hrahimi/projects/POTENTIOSTAT_26/logs_hrahimi/logs0/Job159.log"}
[2026-06-01 18:48:37.118 Z] [PROCESS] [cadence.virtuoso.ade.simulationMonitor] - Communication channels have been successfully set up. Start processing events ... {"hostname": "il2244vt26_hrahimi", "processid": 1614676, "logfile": "/home/hrahimi/projects/POTENTIOSTAT_26/logs_hrahimi/logs0/Job159.log"}
[2026-06-01 18:48:37.118 Z] [PROCESS] [cadence.virtuoso.ade.simulationMonitor] - Considering to start history {"hostname": "il2244vt26_hrahimi", "processid": 1614676, "history": "Interactive.334", "logfile": "/home/hrahimi/projects/POTENTIOSTAT_26/logs_hrahimi/logs0/Job159.log"}
[2026-06-01 18:48:37.127 Z] [PROCESS] [cadence.virtuoso.ade.simulationMonitor] - HostInfo:
Host name (type):	il2244vt26_hrahimi (x86_64)
Operating system:	Linux 5.15.0-164-generic #174-Ubuntu SMP Fri Nov 14 20:25:16 UTC 2025 {"hostname": "il2244vt26_hrahimi", "processid": 1614676, "history": "Interactive.334", "logfile": "/home/hrahimi/projects/POTENTIOSTAT_26/logs_hrahimi/logs0/Job159.log", "nodename": "il2244vt26_hrahimi", "domainname": "(none)", "machine": "x86_64", "sysname": "Linux", "release": "5.15.0-164-generic", "version": "#174-Ubuntu SMP Fri Nov 14 20:25:16 UTC 2025"}
[2026-06-01 18:48:37.127 Z] [PROCESS] [cadence.virtuoso.ade.simulationMonitor] - UsageInfo:
pid=1614676
totalPhysicalMemory=3023.749672GB,Used=2464.569702GB,totalVirtualMemory=3031.749668GB,Used=2464.614380GB
Cpu: Cores=48, Load average:5.430000,6.270000,6.770000 {"hostname": "il2244vt26_hrahimi", "processid": 1614676, "history": "Interactive.334", "logfile": "/home/hrahimi/projects/POTENTIOSTAT_26/logs_hrahimi/logs0/Job159.log", "pid": "1614676", "totalPhysicalMemory": "3023.749672", "physicalMemoryUsed": "2464.569702", "totalVirtualMemory": "3031.749668", "virtualMemoryUsed": "2464.614380", "cpuCores": "48", "processes": "29567", "loadAverage1": "5.430000", "loadAverage5": "6.270000", "loadAverage15": "6.770000", "loadAverage1Percent": "0.113125"}
[2026-06-01 18:48:37.129 Z] [EVENT] [cadence.virtuoso.ade.simulationMonitor] - NewPoint {"history": "Interactive.334", "point": 5, "testname": "Poten", "cornername": "CMOS_VDD_Res_Cap_Temp_3", "event": "NewPoint", "EventSource": "Simulation Monitor", "HistoryName": "Interactive.334", "logFile": "/home/hrahimi/projects/POTENTIOSTAT_26/logs_hrahimi/logs0/Job159.log", "logFileSize": "2288"}
[2026-06-01 18:48:37.231 Z] [EVENT] [cadence.virtuoso.ade.simulationMonitor] - NewPoint {"history": "Interactive.334", "point": 5, "testname": "Poten", "cornername": "CMOS_VDD_Res_Cap_Temp_3", "event": "NewPoint", "EventSource": "spectre", "HistoryName": "Interactive.334", "logFile": "/home/hrahimi/projects/POTENTIOSTAT_26/Sim/Potentiostat_Top/top/maestro/results/maestro/Interactive.334/5/Poten/psf/spectre.out", "logFileSize": "-1"}
[2026-06-01 18:48:37.729 Z] [PROCESS] [cadence.virtuoso.ade.simulationMonitor] - Simulator launched {"hostname": "il2244vt26_hrahimi", "processid": 1614676, "history": "Interactive.334", "testname": "Poten", "cornername": "CMOS_VDD_Res_Cap_Temp_3", "point": 5, "logfile": "/home/hrahimi/projects/POTENTIOSTAT_26/logs_hrahimi/logs0/Job159.log", "simid": "1"}
[2026-06-01 18:48:37.732 Z] [PROCESS] [cadence.virtuoso.ade.simulationMonitor] - Expression evaluator launched {"hostname": "il2244vt26_hrahimi", "processid": 1614676, "history": "Interactive.334", "testname": "Poten", "cornername": "CMOS_VDD_Res_Cap_Temp_3", "point": 5, "logfile": "/home/hrahimi/projects/POTENTIOSTAT_26/logs_hrahimi/logs0/Job159.log"}
[2026-06-01 18:48:37.802 Z] [PROCESS] [cadence.virtuoso.ade.simulationMonitor] - Started Simulation {"hostname": "il2244vt26_hrahimi", "processid": 1614676, "history": "Interactive.334", "testname": "Poten", "cornername": "CMOS_VDD_Res_Cap_Temp_3", "point": 5, "logfile": "/home/hrahimi/projects/POTENTIOSTAT_26/logs_hrahimi/logs0/Job159.log", "event": "started", "task": "simulation"}
[2026-06-01 18:48:38.803 Z] [WARN] [cadence.virtuoso.ade.simulationMonitor] -     WARNING (SPECTRE-691): This CPU processor does not support x86 advanced vector extensions instructions. This may affect math operations and slow down the simulation. {"history": "Interactive.334", "point": 5, "testname": "Poten", "cornername": "CMOS_VDD_Res_Cap_Temp_3"}
[2026-06-01 18:48:38.804 Z] [INFO] [cadence.virtuoso.ade.simulationMonitor] - Notice from spectre during circuit read-in.
    Pre_Configuration file used: /opt/tools/cadence/installs/SPECTRE241/tools.lnx86/spectre/etc/configs/preset.precfg
    Configuration file used: `/opt/tools/cadence/installs/SPECTRE241/tools.lnx86/spectre/etc/configs/preset.cfg'. {"history": "Interactive.334", "point": 5, "testname": "Poten", "cornername": "CMOS_VDD_Res_Cap_Temp_3"}
[2026-06-01 18:48:38.804 Z] [WARN] [cadence.virtuoso.ade.simulationMonitor] -     WARNING (SPECTRE-8360): line 1511: `ac' is an undefined primitive device. {"history": "Interactive.334", "point": 5, "testname": "Poten", "cornername": "CMOS_VDD_Res_Cap_Temp_3"}
[2026-06-01 18:48:38.804 Z] [WARN] [cadence.virtuoso.ade.simulationMonitor] -     WARNING (SPECTRE-8360): line 1512: `ac' is an undefined primitive device. {"history": "Interactive.334", "point": 5, "testname": "Poten", "cornername": "CMOS_VDD_Res_Cap_Temp_3"}
[2026-06-01 18:48:38.805 Z] [WARN] [cadence.virtuoso.ade.simulationMonitor] -     WARNING (SPECTRE-8360): line 1513: `ac' is an undefined primitive device. {"history": "Interactive.334", "point": 5, "testname": "Poten", "cornername": "CMOS_VDD_Res_Cap_Temp_3"}
[2026-06-01 18:48:38.805 Z] [WARN] [cadence.virtuoso.ade.simulationMonitor] -     WARNING (SPECTRE-8360): line 1514: `ac' is an undefined primitive device. {"history": "Interactive.334", "point": 5, "testname": "Poten", "cornername": "CMOS_VDD_Res_Cap_Temp_3"}
[2026-06-01 18:48:38.805 Z] [WARN] [cadence.virtuoso.ade.simulationMonitor] -     WARNING (SPECTRE-8360): line 1515: `ac' is an undefined primitive device.
        Further occurrences of this warning will be suppressed. {"history": "Interactive.334", "point": 5, "testname": "Poten", "cornername": "CMOS_VDD_Res_Cap_Temp_3"}
[2026-06-01 18:48:38.805 Z] [WARN] [cadence.virtuoso.ade.simulationMonitor] -     WARNING (VACOMP-2435): The environment variable CDS_AHDLCMI_ENABLE is no longer supported. Therefore, the simulator will use the default compiled C code flow. {"history": "Interactive.334", "point": 5, "testname": "Poten", "cornername": "CMOS_VDD_Res_Cap_Temp_3"}
[2026-06-01 18:48:38.805 Z] [INFO] [cadence.virtuoso.ade.simulationMonitor] - Peak resident memory used = 183 Mbytes. {"history": "Interactive.334", "point": 5, "testname": "Poten", "cornername": "CMOS_VDD_Res_Cap_Temp_3"}
[2026-06-01 18:48:38.806 Z] [WARN] [cadence.virtuoso.ade.simulationMonitor] -     WARNING (SFE-2649): Terminals of top-level instance `R50', in file`netlist', at line 2659, are connected. Remove the instance and rerun the simulation. {"history": "Interactive.334", "point": 5, "testname": "Poten", "cornername": "CMOS_VDD_Res_Cap_Temp_3"}
[2026-06-01 18:48:38.806 Z] [WARN] [cadence.virtuoso.ade.simulationMonitor] -     WARNING (SFE-2649): Terminals of top-level instance `R48', in file`netlist', at line 2701, are connected. Remove the instance and rerun the simulation. {"history": "Interactive.334", "point": 5, "testname": "Poten", "cornername": "CMOS_VDD_Res_Cap_Temp_3"}
[2026-06-01 18:48:38.806 Z] [WARN] [cadence.virtuoso.ade.simulationMonitor] -     WARNING (SFE-3012): The dummy device I0.I44.DLIB9 is removed. {"history": "Interactive.334", "point": 5, "testname": "Poten", "cornername": "CMOS_VDD_Res_Cap_Temp_3"}
[2026-06-01 18:48:38.806 Z] [WARN] [cadence.virtuoso.ade.simulationMonitor] -     WARNING (SFE-3012): The dummy device I2.I25.I22.MP34<0>_turbo_m4 is removed. {"history": "Interactive.334", "point": 5, "testname": "Poten", "cornername": "CMOS_VDD_Res_Cap_Temp_3"}
[2026-06-01 18:48:38.806 Z] [WARN] [cadence.virtuoso.ade.simulationMonitor] -     WARNING (SFE-3029): The dummy capacitor I7.I10_turbo_m4.C0.C1 is removed. {"history": "Interactive.334", "point": 5, "testname": "Poten", "cornername": "CMOS_VDD_Res_Cap_Temp_3"}
[2026-06-01 18:48:38.807 Z] [WARN] [cadence.virtuoso.ade.simulationMonitor] -     WARNING (SFE-3029): The dummy capacitor I7.I13_turbo_m5.C0.C1 is removed. {"history": "Interactive.334", "point": 5, "testname": "Poten", "cornername": "CMOS_VDD_Res_Cap_Temp_3"}
[2026-06-01 18:48:38.807 Z] [WARN] [cadence.virtuoso.ade.simulationMonitor] -     WARNING (SFE-3012): The dummy device I0.I15.DLIB12 is removed. {"history": "Interactive.334", "point": 5, "testname": "Poten", "cornername": "CMOS_VDD_Res_Cap_Temp_3"}
[2026-06-01 18:48:38.807 Z] [WARN] [cadence.virtuoso.ade.simulationMonitor] -     WARNING (SFE-3012): The dummy device I0.I16.DLIB11 is removed. {"history": "Interactive.334", "point": 5, "testname": "Poten", "cornername": "CMOS_VDD_Res_Cap_Temp_3"}
[2026-06-01 18:48:38.807 Z] [WARN] [cadence.virtuoso.ade.simulationMonitor] -     WARNING (SFE-3012): The dummy device I0.I20.DLIB3 is removed.
        Further occurrences of this warning will be suppressed. {"history": "Interactive.334", "point": 5, "testname": "Poten", "cornername": "CMOS_VDD_Res_Cap_Temp_3"}
[2026-06-01 18:48:38.807 Z] [WARN] [cadence.virtuoso.ade.simulationMonitor] -     WARNING (SFE-3028): The floating resistor R8 is removed. {"history": "Interactive.334", "point": 5, "testname": "Poten", "cornername": "CMOS_VDD_Res_Cap_Temp_3"}
[2026-06-01 18:48:38.808 Z] [WARN] [cadence.virtuoso.ade.simulationMonitor] -     WARNING (SFE-3029): The dummy capacitor I7.I0.R3.CS1 is removed. {"history": "Interactive.334", "point": 5, "testname": "Poten", "cornername": "CMOS_VDD_Res_Cap_Temp_3"}
[2026-06-01 18:48:38.808 Z] [WARN] [cadence.virtuoso.ade.simulationMonitor] -     WARNING (SFE-3029): The dummy capacitor I7.I1.R2.CS1 is removed. {"history": "Interactive.334", "point": 5, "testname": "Poten", "cornername": "CMOS_VDD_Res_Cap_Temp_3"}
[2026-06-01 18:48:38.808 Z] [WARN] [cadence.virtuoso.ade.simulationMonitor] -     WARNING (SFE-3029): The dummy capacitor I7.I4.R31.CS1 is removed.
        Further occurrences of this warning will be suppressed. {"history": "Interactive.334", "point": 5, "testname": "Poten", "cornername": "CMOS_VDD_Res_Cap_Temp_3"}
[2026-06-01 18:48:38.808 Z] [WARN] [cadence.virtuoso.ade.simulationMonitor] -     WARNING (SFE-3016): The floating node net74 is removed. {"history": "Interactive.334", "point": 5, "testname": "Poten", "cornername": "CMOS_VDD_Res_Cap_Temp_3"}
[2026-06-01 18:48:38.808 Z] [WARN] [cadence.virtuoso.ade.simulationMonitor] -     WARNING (SFE-3016): The floating node net73 is removed. {"history": "Interactive.334", "point": 5, "testname": "Poten", "cornername": "CMOS_VDD_Res_Cap_Temp_3"}
[2026-06-01 18:48:38.808 Z] [INFO] [cadence.virtuoso.ade.simulationMonitor] - Peak resident memory used = 197 Mbytes. {"history": "Interactive.334", "point": 5, "testname": "Poten", "cornername": "CMOS_VDD_Res_Cap_Temp_3"}
[2026-06-01 18:48:38.809 Z] [INFO] [cadence.virtuoso.ade.simulationMonitor] - Notice from spectre during hierarchy flattening.
    The value 'psf' specified for the 'checklimitdest' option will no longer be supported in future releases. Use 'spectre -h' to see other recommended values for the 'checklimitdest' option.
    I0.I46.RLIB_GC1.CS0 of rpoly1c: `c' has the unusually small value of 634.694e-21 F.
    I0.I46.RLIB_GC1.CS1 of rpoly1c: `c' has the unusually small value of 634.694e-21 F.
    I0.I45.RLIB_GC1.CS0 of rpoly1c: `c' has the unusually small value of 634.694e-21 F.
    I0... {"history": "Interactive.334", "point": 5, "testname": "Poten", "cornername": "CMOS_VDD_Res_Cap_Temp_3"}
[2026-06-01 18:48:38.809 Z] [INFO] [cadence.virtuoso.ade.simulationMonitor] - Notice from spectre during hierarchy flattening.
    V8: `period' has the unusually large value of 100 s.
    V7: `period' has the unusually large value of 10 s.
    V3: `period' has the unusually large value of 6 s.
    I26: `period' has the unusually large value of 6 s. {"history": "Interactive.334", "point": 5, "testname": "Poten", "cornername": "CMOS_VDD_Res_Cap_Temp_3"}
[2026-06-01 18:48:38.809 Z] [INFO] [cadence.virtuoso.ade.simulationMonitor] - Peak resident memory used = 203 Mbytes. {"history": "Interactive.334", "point": 5, "testname": "Poten", "cornername": "CMOS_VDD_Res_Cap_Temp_3"}
[2026-06-01 18:48:38.809 Z] [WARN] [cadence.virtuoso.ade.simulationMonitor] -     WARNING (CMI-2425): I7.I4.C1<0>_turbo_m11: `Acde' = 2.393 is unusually large. {"history": "Interactive.334", "point": 5, "testname": "Poten", "cornername": "CMOS_VDD_Res_Cap_Temp_3"}
[2026-06-01 18:48:38.809 Z] [WARN] [cadence.virtuoso.ade.simulationMonitor] -     WARNING (CMI-2425): I7.I4.C1<0>_turbo_m11: `Noff' = 4.732 is unusually large. {"history": "Interactive.334", "point": 5, "testname": "Poten", "cornername": "CMOS_VDD_Res_Cap_Temp_3"}
[2026-06-01 18:48:38.810 Z] [WARN] [cadence.virtuoso.ade.simulationMonitor] -     WARNING (CMI-2424): I7.I4.C1<0>_turbo_m11: `Voffcv' = -867.4e-03 is unusually small. {"history": "Interactive.334", "point": 5, "testname": "Poten", "cornername": "CMOS_VDD_Res_Cap_Temp_3"}
[2026-06-01 18:48:38.810 Z] [WARN] [cadence.virtuoso.ade.simulationMonitor] -     WARNING (CMI-2425): I7.I3.C1<0>_turbo_m6: `Acde' = 2.393 is unusually large. {"history": "Interactive.334", "point": 5, "testname": "Poten", "cornername": "CMOS_VDD_Res_Cap_Temp_3"}
[2026-06-01 18:48:38.810 Z] [WARN] [cadence.virtuoso.ade.simulationMonitor] -     WARNING (CMI-2425): I7.I3.C1<0>_turbo_m6: `Noff' = 4.732 is unusually large. {"history": "Interactive.334", "point": 5, "testname": "Poten", "cornername": "CMOS_VDD_Res_Cap_Temp_3"}
[2026-06-01 18:48:38.810 Z] [WARN] [cadence.virtuoso.ade.simulationMonitor] -     WARNING (CMI-2424): I7.I3.C1<0>_turbo_m6: `Voffcv' = -867.4e-03 is unusually small. {"history": "Interactive.334", "point": 5, "testname": "Poten", "cornername": "CMOS_VDD_Res_Cap_Temp_3"}
[2026-06-01 18:48:38.810 Z] [WARN] [cadence.virtuoso.ade.simulationMonitor] -     WARNING (CMI-2425): I7.I0.C0<0>_turbo_m6: `Acde' = 2.393 is unusually large.
        Further occurrences of this warning will be suppressed. {"history": "Interactive.334", "point": 5, "testname": "Poten", "cornername": "CMOS_VDD_Res_Cap_Temp_3"}
[2026-06-01 18:48:38.810 Z] [WARN] [cadence.virtuoso.ade.simulationMonitor] -     WARNING (CMI-2424): I7.I0.C0<0>_turbo_m6: `Voffcv' = -867.4e-03 is unusually small. {"history": "Interactive.334", "point": 5, "testname": "Poten", "cornername": "CMOS_VDD_Res_Cap_Temp_3"}
[2026-06-01 18:48:38.811 Z] [WARN] [cadence.virtuoso.ade.simulationMonitor] -     WARNING (CMI-2424): I7.I0.C2: `Voffcv' = -867.4e-03 is unusually small. {"history": "Interactive.334", "point": 5, "testname": "Poten", "cornername": "CMOS_VDD_Res_Cap_Temp_3"}
[2026-06-01 18:48:38.811 Z] [WARN] [cadence.virtuoso.ade.simulationMonitor] -     WARNING (CMI-2424): I7.I0.C1: `Voffcv' = -867.4e-03 is unusually small.
        Further occurrences of this warning will be suppressed. {"history": "Interactive.334", "point": 5, "testname": "Poten", "cornername": "CMOS_VDD_Res_Cap_Temp_3"}
[2026-06-01 18:48:38.811 Z] [WARN] [cadence.virtuoso.ade.simulationMonitor] -     WARNING (SPECTRE-16460): SOAC_esdgcp5_vcpsub:Specified subcircuit master `esdgcp5' was not found. {"history": "Interactive.334", "point": 5, "testname": "Poten", "cornername": "CMOS_VDD_Res_Cap_Temp_3"}
[2026-06-01 18:48:38.811 Z] [WARN] [cadence.virtuoso.ade.simulationMonitor] -     WARNING (SPECTRE-16462): SOAC_esdgcp5_vcpsub:Error in specification of subcircuit master. Assert is ignored. {"history": "Interactive.334", "point": 5, "testname": "Poten", "cornername": "CMOS_VDD_Res_Cap_Temp_3"}
[2026-06-01 18:48:38.811 Z] [WARN] [cadence.virtuoso.ade.simulationMonitor] -     WARNING (SPECTRE-16460): SOAC_esdgcp5_vac:Specified subcircuit master `esdgcp5' was not found. {"history": "Interactive.334", "point": 5, "testname": "Poten", "cornername": "CMOS_VDD_Res_Cap_Temp_3"}
[2026-06-01 18:48:38.811 Z] [WARN] [cadence.virtuoso.ade.simulationMonitor] -     WARNING (SPECTRE-16462): SOAC_esdgcp5_vac:Error in specification of subcircuit master. Assert is ignored. {"history": "Interactive.334", "point": 5, "testname": "Poten", "cornername": "CMOS_VDD_Res_Cap_Temp_3"}
[2026-06-01 18:48:38.812 Z] [WARN] [cadence.virtuoso.ade.simulationMonitor] -     WARNING (SPECTRE-16460): SOAC_esdgcn5_vac:Specified subcircuit master `esdgcn5' was not found. {"history": "Interactive.334", "point": 5, "testname": "Poten", "cornername": "CMOS_VDD_Res_Cap_Temp_3"}
[2026-06-01 18:48:38.812 Z] [WARN] [cadence.virtuoso.ade.simulationMonitor] -     WARNING (SPECTRE-16462): SOAC_esdgcn5_vac:Error in specification of subcircuit master. Assert is ignored. {"history": "Interactive.334", "point": 5, "testname": "Poten", "cornername": "CMOS_VDD_Res_Cap_Temp_3"}
[2026-06-01 18:48:38.812 Z] [WARN] [cadence.virtuoso.ade.simulationMonitor] -     WARNING (SPECTRE-16460): SOAC_esdfdp5_vcpsub:Specified subcircuit master `esdfdp5' was not found. {"history": "Interactive.334", "point": 5, "testname": "Poten", "cornername": "CMOS_VDD_Res_Cap_Temp_3"}
[2026-06-01 18:48:38.812 Z] [WARN] [cadence.virtuoso.ade.simulationMonitor] -     WARNING (SPECTRE-16462): SOAC_esdfdp5_vcpsub:Error in specification of subcircuit master. Assert is ignored. {"history": "Interactive.334", "point": 5, "testname": "Poten", "cornername": "CMOS_VDD_Res_Cap_Temp_3"}
[2026-06-01 18:48:38.812 Z] [WARN] [cadence.virtuoso.ade.simulationMonitor] -     WARNING (SPECTRE-16460): SOAC_esdfdp5_vac:Specified subcircuit master `esdfdp5' was not found.
        Further occurrences of this warning will be suppressed. {"history": "Interactive.334", "point": 5, "testname": "Poten", "cornername": "CMOS_VDD_Res_Cap_Temp_3"}
[2026-06-01 18:48:38.812 Z] [WARN] [cadence.virtuoso.ade.simulationMonitor] -     WARNING (SPECTRE-16462): SOAC_esdfdp5_vac:Error in specification of subcircuit master. Assert is ignored.
        Further occurrences of this warning will be suppressed. {"history": "Interactive.334", "point": 5, "testname": "Poten", "cornername": "CMOS_VDD_Res_Cap_Temp_3"}
[2026-06-01 18:48:38.813 Z] [WARN] [cadence.virtuoso.ade.simulationMonitor] -     WARNING (SPECTRE-17607): Assert `SOAC_vert10_vsubpsub' is ignored because it contains an expression which is invalid or not supported by native evaluator.  {"history": "Interactive.334", "point": 5, "testname": "Poten", "cornername": "CMOS_VDD_Res_Cap_Temp_3"}
[2026-06-01 18:48:38.813 Z] [WARN] [cadence.virtuoso.ade.simulationMonitor] -     WARNING (SPECTRE-17607): Assert `SOAC_vert10_vcsub' is ignored because it contains an expression which is invalid or not supported by native evaluator.  {"history": "Interactive.334", "point": 5, "testname": "Poten", "cornername": "CMOS_VDD_Res_Cap_Temp_3"}
[2026-06-01 18:48:39.813 Z] [INFO] [cadence.virtuoso.ade.simulationMonitor] - Notice from spectre during topology check.
    Only one connection to the following 1032 nodes:
        I0.I46.RLIB_GC1.R1.psub!
        I0.I46.RLIB_GC1.R2.psub!
        I0.I46.MNLIB_DR1.M_esdnmos4.psub!
        I0.I46.DLIB2.psub!
        I0.I46.DLIB1.psub!
        Further occurrences of this notice will be suppressed. {"history": "Interactive.334", "point": 5, "testname": "Poten", "cornername": "CMOS_VDD_Res_Cap_Temp_3"}
[2026-06-01 18:48:39.815 Z] [INFO] [cadence.virtuoso.ade.simulationMonitor] -               nodes 3362 {"history": "Interactive.334", "point": 5, "testname": "Poten", "cornername": "CMOS_VDD_Res_Cap_Temp_3"}
[2026-06-01 18:48:39.816 Z] [INFO] [cadence.virtuoso.ade.simulationMonitor] - Notice from spectre during initial setup.
    7 resistors are shorted because their absolute value is less than or equal to 'rabsshort'.
    3 vsources are shorted because their absolute value is less than or equal to 'vabsshort'.
    4 resistors are changed to resistance form because their value are less than 'rthresh'.
    Spectre X preset=cx enabled.
    44 notices suppressed.
    129 warnings suppressed. {"history": "Interactive.334", "point": 5, "testname": "Poten", "cornername": "CMOS_VDD_Res_Cap_Temp_3"}
[2026-06-01 18:48:39.816 Z] [INFO] [cadence.virtuoso.ade.simulationMonitor] - Notice from spectre.
    Multithreading enabled: 8 threads in the system with 48 available processors. {"history": "Interactive.334", "point": 5, "testname": "Poten", "cornername": "CMOS_VDD_Res_Cap_Temp_3"}
[2026-06-01 18:48:39.816 Z] [INFO] [cadence.virtuoso.ade.simulationMonitor] - Peak resident memory used = 227 Mbytes. {"history": "Interactive.334", "point": 5, "testname": "Poten", "cornername": "CMOS_VDD_Res_Cap_Temp_3"}
[2026-06-01 18:48:39.816 Z] [INFO] [cadence.virtuoso.ade.simulationMonitor] -    -   (Spectre X) Multi-threading. The recommended number of threads is [2, 4], consider adding +mt=2 or +mt=4 on command line. {"history": "Interactive.334", "point": 5, "testname": "Poten", "cornername": "CMOS_VDD_Res_Cap_Temp_3"}
[2026-06-01 18:48:39.817 Z] [INFO] [cadence.virtuoso.ade.simulationMonitor] - Notice from spectre during DC analysis `dcOp'.
    No checklimit analysis defined for asserts. A default checklimit analysis 'SpectreChecklimitAnal' has been created with all asserts enabled. {"history": "Interactive.334", "point": 5, "testname": "Poten", "cornername": "CMOS_VDD_Res_Cap_Temp_3"}
[2026-06-01 18:48:40.317 Z] [WARN] [cadence.virtuoso.ade.simulationMonitor] -     WARNING (CMI-2943): Parameter checks have been ignored because the valid value for parameter 'trise' could not be found in 'C0'. {"history": "Interactive.334", "point": 5, "testname": "Poten", "cornername": "CMOS_VDD_Res_Cap_Temp_3"}
[2026-06-01 18:48:40.317 Z] [WARN] [cadence.virtuoso.ade.simulationMonitor] -     WARNING (CMI-2943): Parameter checks have been ignored because the valid value for parameter 'trise' could not be found in 'C1'. {"history": "Interactive.334", "point": 5, "testname": "Poten", "cornername": "CMOS_VDD_Res_Cap_Temp_3"}
[2026-06-01 18:48:40.318 Z] [WARN] [cadence.virtuoso.ade.simulationMonitor] -     WARNING (CMI-2943): Parameter checks have been ignored because the valid value for parameter 'trise' could not be found in 'C11'. {"history": "Interactive.334", "point": 5, "testname": "Poten", "cornername": "CMOS_VDD_Res_Cap_Temp_3"}
[2026-06-01 18:48:40.318 Z] [WARN] [cadence.virtuoso.ade.simulationMonitor] -     WARNING (CMI-2943): Parameter checks have been ignored because the valid value for parameter 'trise' could not be found in 'C12'. {"history": "Interactive.334", "point": 5, "testname": "Poten", "cornername": "CMOS_VDD_Res_Cap_Temp_3"}
[2026-06-01 18:48:40.318 Z] [WARN] [cadence.virtuoso.ade.simulationMonitor] -     WARNING (CMI-2943): Parameter checks have been ignored because the valid value for parameter 'trise' could not be found in 'C5'.
        Further occurrences of this warning will be suppressed. {"history": "Interactive.334", "point": 5, "testname": "Poten", "cornername": "CMOS_VDD_Res_Cap_Temp_3"}
[2026-06-01 18:48:40.318 Z] [INFO] [cadence.virtuoso.ade.simulationMonitor] - Notice from spectre during check, during DC analysis `dcOp'.
    I0.I3.RLIB_GC1 of rdiffp3: `ig' has the unusually large value of -86.9427 A.
    I0.I3.RLIB_GC2 of rdiffp3: `ig' has the unusually large value of -2.13226 A.
    I0.I6.RLIB_GC1 of rdiffp3: `ig' has the unusually large value of -86.9429 A.
    I0.I6.RLIB_GC2 of rdiffp3: `ig' has the unusually large value of -24.4066 A.
    I0.I2.RLIB_GC1 of rdiffp3: `ig' has the unusually large value of -24.3984 A.
        Further occurrences of this notice wi... {"history": "Interactive.334", "point": 5, "testname": "Poten", "cornername": "CMOS_VDD_Res_Cap_Temp_3"}
[2026-06-01 18:48:40.318 Z] [WARN] [cadence.virtuoso.ade.simulationMonitor] -     WARNING (SPECTRE-17192): 
        Tolerance relaxation is used during DC simulation which may affect the accuracy of the result. This is mainly caused by the high impedance nodes in the circuit. Use the dyn_highz check to determine the high impedance nodes. Setting/assigning appropriate initial values to these nodes will usually help to improve both performance and accuracy of DC simulations. {"history": "Interactive.334", "point": 5, "testname": "Poten", "cornername": "CMOS_VDD_Res_Cap_Temp_3"}
[2026-06-01 18:48:40.319 Z] [INFO] [cadence.virtuoso.ade.simulationMonitor] - Total time required for dc analysis `dcOp': CPU = 1.27799 s, elapsed = 477.465 ms, util. = 268%. {"history": "Interactive.334", "point": 5, "testname": "Poten", "cornername": "CMOS_VDD_Res_Cap_Temp_3"}
[2026-06-01 18:48:40.319 Z] [INFO] [cadence.virtuoso.ade.simulationMonitor] - Peak resident memory used = 245 Mbytes. {"history": "Interactive.334", "point": 5, "testname": "Poten", "cornername": "CMOS_VDD_Res_Cap_Temp_3"}
[2026-06-01 18:48:40.319 Z] [INFO] [cadence.virtuoso.ade.simulationMonitor] - Notice from spectre.
    978 warnings suppressed. {"history": "Interactive.334", "point": 5, "testname": "Poten", "cornername": "CMOS_VDD_Res_Cap_Temp_3"}
[2026-06-01 18:48:40.319 Z] [WARN] [cadence.virtuoso.ade.simulationMonitor] -     WARNING (CMI-2425): I7.I0.C0<0>_dummy: `Acde' = 2.393 is unusually large. {"history": "Interactive.334", "point": 5, "testname": "Poten", "cornername": "CMOS_VDD_Res_Cap_Temp_3"}
[2026-06-01 18:48:40.319 Z] [WARN] [cadence.virtuoso.ade.simulationMonitor] -     WARNING (CMI-2425): I7.I0.C0<0>_dummy: `Noff' = 4.732 is unusually large. {"history": "Interactive.334", "point": 5, "testname": "Poten", "cornername": "CMOS_VDD_Res_Cap_Temp_3"}
[2026-06-01 18:48:40.320 Z] [WARN] [cadence.virtuoso.ade.simulationMonitor] -     WARNING (CMI-2424): I7.I0.C0<0>_dummy: `Voffcv' = -867.4e-03 is unusually small. {"history": "Interactive.334", "point": 5, "testname": "Poten", "cornername": "CMOS_VDD_Res_Cap_Temp_3"}
[2026-06-01 18:48:40.320 Z] [WARN] [cadence.virtuoso.ade.simulationMonitor] -     WARNING (CMI-2425): I7.I3.C1<0>_dummy: `Acde' = 2.393 is unusually large. {"history": "Interactive.334", "point": 5, "testname": "Poten", "cornername": "CMOS_VDD_Res_Cap_Temp_3"}
[2026-06-01 18:48:40.320 Z] [WARN] [cadence.virtuoso.ade.simulationMonitor] -     WARNING (CMI-2425): I7.I3.C1<0>_dummy: `Noff' = 4.732 is unusually large. {"history": "Interactive.334", "point": 5, "testname": "Poten", "cornername": "CMOS_VDD_Res_Cap_Temp_3"}
[2026-06-01 18:48:40.320 Z] [WARN] [cadence.virtuoso.ade.simulationMonitor] -     WARNING (CMI-2424): I7.I3.C1<0>_dummy: `Voffcv' = -867.4e-03 is unusually small. {"history": "Interactive.334", "point": 5, "testname": "Poten", "cornername": "CMOS_VDD_Res_Cap_Temp_3"}
[2026-06-01 18:48:40.320 Z] [WARN] [cadence.virtuoso.ade.simulationMonitor] -     WARNING (CMI-2425): I7.I4.C1<0>_dummy: `Acde' = 2.393 is unusually large.
        Further occurrences of this warning will be suppressed. {"history": "Interactive.334", "point": 5, "testname": "Poten", "cornername": "CMOS_VDD_Res_Cap_Temp_3"}
[2026-06-01 18:48:40.320 Z] [WARN] [cadence.virtuoso.ade.simulationMonitor] -     WARNING (CMI-2424): I7.I4.C1<0>_dummy: `Voffcv' = -867.4e-03 is unusually small. {"history": "Interactive.334", "point": 5, "testname": "Poten", "cornername": "CMOS_VDD_Res_Cap_Temp_3"}
[2026-06-01 18:48:40.321 Z] [INFO] [cadence.virtuoso.ade.simulationMonitor] - Notice from spectre.
    1 warning suppressed. {"history": "Interactive.334", "point": 5, "testname": "Poten", "cornername": "CMOS_VDD_Res_Cap_Temp_3"}
[2026-06-01 18:48:40.821 Z] [WARN] [cadence.virtuoso.ade.simulationMonitor] -     WARNING (CMI-2943): Parameter checks have been ignored because the valid value for parameter 'trise' could not be found in 'C0'. {"history": "Interactive.334", "point": 5, "testname": "Poten", "cornername": "CMOS_VDD_Res_Cap_Temp_3"}
[2026-06-01 18:48:40.821 Z] [WARN] [cadence.virtuoso.ade.simulationMonitor] -     WARNING (CMI-2943): Parameter checks have been ignored because the valid value for parameter 'trise' could not be found in 'C1'. {"history": "Interactive.334", "point": 5, "testname": "Poten", "cornername": "CMOS_VDD_Res_Cap_Temp_3"}
[2026-06-01 18:48:40.822 Z] [WARN] [cadence.virtuoso.ade.simulationMonitor] -     WARNING (CMI-2943): Parameter checks have been ignored because the valid value for parameter 'trise' could not be found in 'C11'. {"history": "Interactive.334", "point": 5, "testname": "Poten", "cornername": "CMOS_VDD_Res_Cap_Temp_3"}
[2026-06-01 18:48:40.822 Z] [WARN] [cadence.virtuoso.ade.simulationMonitor] -     WARNING (CMI-2943): Parameter checks have been ignored because the valid value for parameter 'trise' could not be found in 'C12'. {"history": "Interactive.334", "point": 5, "testname": "Poten", "cornername": "CMOS_VDD_Res_Cap_Temp_3"}
[2026-06-01 18:48:40.822 Z] [WARN] [cadence.virtuoso.ade.simulationMonitor] -     WARNING (CMI-2943): Parameter checks have been ignored because the valid value for parameter 'trise' could not be found in 'C5'.
        Further occurrences of this warning will be suppressed. {"history": "Interactive.334", "point": 5, "testname": "Poten", "cornername": "CMOS_VDD_Res_Cap_Temp_3"}
[2026-06-01 18:48:40.822 Z] [INFO] [cadence.virtuoso.ade.simulationMonitor] - Notice from spectre during check, during IC analysis, during transient analysis `tran'.
    I0.I3.RLIB_GC1 of rdiffp3: `ig' has the unusually large value of -86.9427 A.
    I0.I3.RLIB_GC2 of rdiffp3: `ig' has the unusually large value of -2.13226 A.
    I0.I6.RLIB_GC1 of rdiffp3: `ig' has the unusually large value of -86.9429 A. {"history": "Interactive.334", "point": 5, "testname": "Poten", "cornername": "CMOS_VDD_Res_Cap_Temp_3"}
[2026-06-01 18:48:40.823 Z] [WARN] [cadence.virtuoso.ade.simulationMonitor] -     WARNING (SPECTRE-17192): 
        Tolerance relaxation is used during DC simulation which may affect the accuracy of the result. This is mainly caused by the high impedance nodes in the circuit. Use the dyn_highz check to determine the high impedance nodes. Setting/assigning appropriate initial values to these nodes will usually help to improve both performance and accuracy of DC simulations. {"history": "Interactive.334", "point": 5, "testname": "Poten", "cornername": "CMOS_VDD_Res_Cap_Temp_3"}
[2026-06-01 18:48:42.324 Z] [PROCESS] [cadence.virtuoso.ade.simulationMonitor] - Simulation cancelled {"hostname": "il2244vt26_hrahimi", "processid": 1614676, "history": "Interactive.334", "testname": "Poten", "cornername": "CMOS_VDD_Res_Cap_Temp_3", "point": 5, "logfile": "/home/hrahimi/projects/POTENTIOSTAT_26/logs_hrahimi/logs0/Job159.log"}
[2026-06-01 18:48:42.326 Z] [INFO] [cadence.virtuoso.ade.simulationMonitor] - SimulationMonitor has terminated the  process '1615698', reason: 'the simulation point gets cancelled by GUI' {"history": "Interactive.334", "point": 5, "testname": "Poten", "cornername": "CMOS_VDD_Res_Cap_Temp_3"}
[2026-06-01 18:48:42.370 Z] [PROCESS] [cadence.virtuoso.ade.simulationMonitor] - Finished simulating for one point {"hostname": "il2244vt26_hrahimi", "processid": 1614676, "history": "Interactive.334", "testname": "Poten", "cornername": "CMOS_VDD_Res_Cap_Temp_3", "point": 5, "logfile": "/home/hrahimi/projects/POTENTIOSTAT_26/logs_hrahimi/logs0/Job159.log", "simid": "1"}
[2026-06-01 18:48:42.371 Z] [PROCESS] [cadence.virtuoso.ade.simulationMonitor] - Simulator exited {"hostname": "il2244vt26_hrahimi", "processid": 1614676, "history": "Interactive.334", "testname": "Poten", "cornername": "CMOS_VDD_Res_Cap_Temp_3", "point": 5, "logfile": "/home/hrahimi/projects/POTENTIOSTAT_26/logs_hrahimi/logs0/Job159.log", "exitStatus": "0"}
[2026-06-01 18:48:42.371 Z] [PROCESS] [cadence.virtuoso.ade.simulationMonitor] - Finished Simulation {"hostname": "il2244vt26_hrahimi", "processid": 1614676, "history": "Interactive.334", "testname": "Poten", "cornername": "CMOS_VDD_Res_Cap_Temp_3", "point": 5, "logfile": "/home/hrahimi/projects/POTENTIOSTAT_26/logs_hrahimi/logs0/Job159.log", "simid": "1"}
[2026-06-01 18:48:42.386 Z] [PROCESS] [cadence.virtuoso.ade.simulationMonitor] - Point Finished {"hostname": "il2244vt26_hrahimi", "processid": 1614676, "history": "Interactive.334", "testname": "Poten", "cornername": "CMOS_VDD_Res_Cap_Temp_3", "point": 5, "logfile": "/home/hrahimi/projects/POTENTIOSTAT_26/logs_hrahimi/logs0/Job159.log"}
[2026-06-01 18:50:35.697 Z] [PROCESS] [cadence.virtuoso.ade.simulationMonitor] - Padding test token found for runId '35', Linger time '300', currentRunSyn '63', currentTestSyn '69' {"hostname": "il2244vt26_hrahimi", "processid": 1614676, "history": "Interactive.334", "testname": "Poten", "cornername": "CMOS_VDD_Res_Cap_Temp_3", "point": 5, "logfile": "/home/hrahimi/projects/POTENTIOSTAT_26/logs_hrahimi/logs0/Job159.log"}
[2026-06-01 18:50:35.780 Z] [PROCESS] [cadence.virtuoso.ade.simulationMonitor] - Padding test token found for runId '35', Linger time '300', currentRunSyn '63', currentTestSyn '69' {"hostname": "il2244vt26_hrahimi", "processid": 1614676, "history": "Interactive.334", "testname": "Poten", "cornername": "CMOS_VDD_Res_Cap_Temp_3", "point": 5, "logfile": "/home/hrahimi/projects/POTENTIOSTAT_26/logs_hrahimi/logs0/Job159.log"}
[2026-06-01 18:50:36.804 Z] [PROCESS] [cadence.virtuoso.ade.simulationMonitor] - Padding test token found for runId '35', Linger time '300', currentRunSyn '63', currentTestSyn '69' {"hostname": "il2244vt26_hrahimi", "processid": 1614676, "history": "Interactive.334", "testname": "Poten", "cornername": "CMOS_VDD_Res_Cap_Temp_3", "point": 5, "logfile": "/home/hrahimi/projects/POTENTIOSTAT_26/logs_hrahimi/logs0/Job159.log"}
[2026-06-01 18:50:36.834 Z] [PROCESS] [cadence.virtuoso.ade.simulationMonitor] - Stay with the runId '35', Linger time '300', currentRunSyn '63', currentTestSyn '69' {"hostname": "il2244vt26_hrahimi", "processid": 1614676, "history": "Interactive.334", "testname": "Poten", "cornername": "CMOS_VDD_Res_Cap_Temp_3", "point": 5, "logfile": "/home/hrahimi/projects/POTENTIOSTAT_26/logs_hrahimi/logs0/Job159.log"}
[2026-06-01 18:50:37.836 Z] [PROCESS] [cadence.virtuoso.ade.simulationMonitor] - Stay with the runId '35', Linger time '300', currentRunSyn '63', currentTestSyn '69' {"hostname": "il2244vt26_hrahimi", "processid": 1614676, "history": "Interactive.334", "testname": "Poten", "cornername": "CMOS_VDD_Res_Cap_Temp_3", "point": 5, "logfile": "/home/hrahimi/projects/POTENTIOSTAT_26/logs_hrahimi/logs0/Job159.log"}
[2026-06-01 18:50:40.342 Z] [PROCESS] [cadence.virtuoso.ade.simulationMonitor] - Started History {"hostname": "il2244vt26_hrahimi", "processid": 1614676, "history": "Interactive.335", "testname": "Poten", "cornername": "CMOS_VDD_Res_Cap_Temp_3", "point": 5, "logfile": "/home/hrahimi/projects/POTENTIOSTAT_26/logs_hrahimi/logs0/Job159.log"}
[2026-06-01 18:50:40.342 Z] [PROCESS] [cadence.virtuoso.ade.simulationMonitor] - HostInfo:
Host name (type):	il2244vt26_hrahimi (x86_64)
Operating system:	Linux 5.15.0-164-generic #174-Ubuntu SMP Fri Nov 14 20:25:16 UTC 2025 {"hostname": "il2244vt26_hrahimi", "processid": 1614676, "history": "Interactive.335", "testname": "Poten", "cornername": "CMOS_VDD_Res_Cap_Temp_3", "point": 5, "logfile": "/home/hrahimi/projects/POTENTIOSTAT_26/logs_hrahimi/logs0/Job159.log", "nodename": "il2244vt26_hrahimi", "domainname": "(none)", "machine": "x86_64", "sysname": "Linux", "release": "5.15.0-164-generic", "version": "#174-Ubuntu SMP Fri Nov 14 20:25:16 UTC 2025"}
[2026-06-01 18:50:40.343 Z] [PROCESS] [cadence.virtuoso.ade.simulationMonitor] - UsageInfo:
pid=1614676
totalPhysicalMemory=3023.749672GB,Used=2465.493126GB,totalVirtualMemory=3031.749668GB,Used=2465.537804GB
Cpu: Cores=48, Load average:7.300000,6.910000,6.960000 {"hostname": "il2244vt26_hrahimi", "processid": 1614676, "history": "Interactive.335", "testname": "Poten", "cornername": "CMOS_VDD_Res_Cap_Temp_3", "point": 5, "logfile": "/home/hrahimi/projects/POTENTIOSTAT_26/logs_hrahimi/logs0/Job159.log", "pid": "1614676", "totalPhysicalMemory": "3023.749672", "physicalMemoryUsed": "2465.493126", "totalVirtualMemory": "3031.749668", "virtualMemoryUsed": "2465.537804", "cpuCores": "48", "processes": "29599", "loadAverage1": "7.300000", "loadAverage5": "6.910000", "loadAverage15": "6.960000", "loadAverage1Percent": "0.152083"}
[2026-06-01 18:50:40.345 Z] [EVENT] [cadence.virtuoso.ade.simulationMonitor] - NewPoint {"history": "Interactive.335", "point": 4, "testname": "Poten", "cornername": "CMOS_VDD_Res_Cap_Temp_2", "event": "NewPoint", "EventSource": "Simulation Monitor", "HistoryName": "Interactive.335", "logFile": "/home/hrahimi/projects/POTENTIOSTAT_26/logs_hrahimi/logs0/Job159.log", "logFileSize": "36436"}
[2026-06-01 18:50:40.447 Z] [EVENT] [cadence.virtuoso.ade.simulationMonitor] - NewPoint {"history": "Interactive.335", "point": 4, "testname": "Poten", "cornername": "CMOS_VDD_Res_Cap_Temp_2", "event": "NewPoint", "EventSource": "spectre", "HistoryName": "Interactive.335", "logFile": "/home/hrahimi/projects/POTENTIOSTAT_26/Sim/Potentiostat_Top/top/maestro/results/maestro/Interactive.335/4/Poten/psf/spectre.out", "logFileSize": "-1"}
[2026-06-01 18:50:40.918 Z] [PROCESS] [cadence.virtuoso.ade.simulationMonitor] - Simulator launched {"hostname": "il2244vt26_hrahimi", "processid": 1614676, "history": "Interactive.335", "testname": "Poten", "cornername": "CMOS_VDD_Res_Cap_Temp_2", "point": 4, "logfile": "/home/hrahimi/projects/POTENTIOSTAT_26/logs_hrahimi/logs0/Job159.log", "simid": "2"}
[2026-06-01 18:50:40.922 Z] [PROCESS] [cadence.virtuoso.ade.simulationMonitor] - Expression evaluator launched {"hostname": "il2244vt26_hrahimi", "processid": 1614676, "history": "Interactive.335", "testname": "Poten", "cornername": "CMOS_VDD_Res_Cap_Temp_2", "point": 4, "logfile": "/home/hrahimi/projects/POTENTIOSTAT_26/logs_hrahimi/logs0/Job159.log"}
[2026-06-01 18:50:40.997 Z] [PROCESS] [cadence.virtuoso.ade.simulationMonitor] - Started Simulation {"hostname": "il2244vt26_hrahimi", "processid": 1614676, "history": "Interactive.335", "testname": "Poten", "cornername": "CMOS_VDD_Res_Cap_Temp_2", "point": 4, "logfile": "/home/hrahimi/projects/POTENTIOSTAT_26/logs_hrahimi/logs0/Job159.log", "event": "started", "task": "simulation"}
[2026-06-01 18:50:41.998 Z] [WARN] [cadence.virtuoso.ade.simulationMonitor] -     WARNING (SPECTRE-691): This CPU processor does not support x86 advanced vector extensions instructions. This may affect math operations and slow down the simulation. {"history": "Interactive.335", "point": 4, "testname": "Poten", "cornername": "CMOS_VDD_Res_Cap_Temp_2"}
[2026-06-01 18:50:41.998 Z] [INFO] [cadence.virtuoso.ade.simulationMonitor] - Notice from spectre during circuit read-in.
    Pre_Configuration file used: /opt/tools/cadence/installs/SPECTRE241/tools.lnx86/spectre/etc/configs/preset.precfg
    Configuration file used: `/opt/tools/cadence/installs/SPECTRE241/tools.lnx86/spectre/etc/configs/preset.cfg'. {"history": "Interactive.335", "point": 4, "testname": "Poten", "cornername": "CMOS_VDD_Res_Cap_Temp_2"}
[2026-06-01 18:50:41.998 Z] [WARN] [cadence.virtuoso.ade.simulationMonitor] -     WARNING (SPECTRE-8360): line 1511: `ac' is an undefined primitive device. {"history": "Interactive.335", "point": 4, "testname": "Poten", "cornername": "CMOS_VDD_Res_Cap_Temp_2"}
[2026-06-01 18:50:41.998 Z] [WARN] [cadence.virtuoso.ade.simulationMonitor] -     WARNING (SPECTRE-8360): line 1512: `ac' is an undefined primitive device. {"history": "Interactive.335", "point": 4, "testname": "Poten", "cornername": "CMOS_VDD_Res_Cap_Temp_2"}
[2026-06-01 18:50:41.999 Z] [WARN] [cadence.virtuoso.ade.simulationMonitor] -     WARNING (SPECTRE-8360): line 1513: `ac' is an undefined primitive device. {"history": "Interactive.335", "point": 4, "testname": "Poten", "cornername": "CMOS_VDD_Res_Cap_Temp_2"}
[2026-06-01 18:50:41.999 Z] [WARN] [cadence.virtuoso.ade.simulationMonitor] -     WARNING (SPECTRE-8360): line 1514: `ac' is an undefined primitive device. {"history": "Interactive.335", "point": 4, "testname": "Poten", "cornername": "CMOS_VDD_Res_Cap_Temp_2"}
[2026-06-01 18:50:41.999 Z] [WARN] [cadence.virtuoso.ade.simulationMonitor] -     WARNING (SPECTRE-8360): line 1515: `ac' is an undefined primitive device.
        Further occurrences of this warning will be suppressed. {"history": "Interactive.335", "point": 4, "testname": "Poten", "cornername": "CMOS_VDD_Res_Cap_Temp_2"}
[2026-06-01 18:50:41.999 Z] [WARN] [cadence.virtuoso.ade.simulationMonitor] -     WARNING (VACOMP-2435): The environment variable CDS_AHDLCMI_ENABLE is no longer supported. Therefore, the simulator will use the default compiled C code flow. {"history": "Interactive.335", "point": 4, "testname": "Poten", "cornername": "CMOS_VDD_Res_Cap_Temp_2"}
[2026-06-01 18:50:42.500 Z] [INFO] [cadence.virtuoso.ade.simulationMonitor] - Peak resident memory used = 202 Mbytes. {"history": "Interactive.335", "point": 4, "testname": "Poten", "cornername": "CMOS_VDD_Res_Cap_Temp_2"}
[2026-06-01 18:50:43.500 Z] [WARN] [cadence.virtuoso.ade.simulationMonitor] -     WARNING (SFE-3027): The dangling resistor I7.rb288 is removed. {"history": "Interactive.335", "point": 4, "testname": "Poten", "cornername": "CMOS_VDD_Res_Cap_Temp_2"}
[2026-06-01 18:50:43.501 Z] [WARN] [cadence.virtuoso.ade.simulationMonitor] -     WARNING (SFE-3027): The dangling resistor I2.rb108 is removed. {"history": "Interactive.335", "point": 4, "testname": "Poten", "cornername": "CMOS_VDD_Res_Cap_Temp_2"}
[2026-06-01 18:50:43.501 Z] [WARN] [cadence.virtuoso.ade.simulationMonitor] -     WARNING (SFE-3027): The dangling resistor I2.rb315 is removed. {"history": "Interactive.335", "point": 4, "testname": "Poten", "cornername": "CMOS_VDD_Res_Cap_Temp_2"}
[2026-06-01 18:50:43.501 Z] [WARN] [cadence.virtuoso.ade.simulationMonitor] -     WARNING (SFE-3027): The dangling resistor I2.rd479 is removed. {"history": "Interactive.335", "point": 4, "testname": "Poten", "cornername": "CMOS_VDD_Res_Cap_Temp_2"}
[2026-06-01 18:50:43.501 Z] [WARN] [cadence.virtuoso.ade.simulationMonitor] -     WARNING (SFE-3027): The dangling resistor I2.rd790 is removed.
        Further occurrences of this warning will be suppressed. {"history": "Interactive.335", "point": 4, "testname": "Poten", "cornername": "CMOS_VDD_Res_Cap_Temp_2"}
[2026-06-01 18:50:43.502 Z] [WARN] [cadence.virtuoso.ade.simulationMonitor] -     WARNING (SFE-3012): The dummy device I0.I19.DLIB3 is removed. {"history": "Interactive.335", "point": 4, "testname": "Poten", "cornername": "CMOS_VDD_Res_Cap_Temp_2"}
[2026-06-01 18:50:43.502 Z] [WARN] [cadence.virtuoso.ade.simulationMonitor] -     WARNING (SFE-3012): The dummy device I0.I15.DLIB10 is removed. {"history": "Interactive.335", "point": 4, "testname": "Poten", "cornername": "CMOS_VDD_Res_Cap_Temp_2"}
[2026-06-01 18:50:43.502 Z] [WARN] [cadence.virtuoso.ade.simulationMonitor] -     WARNING (SFE-3012): The dummy device I0.I44.DLIB9 is removed. {"history": "Interactive.335", "point": 4, "testname": "Poten", "cornername": "CMOS_VDD_Res_Cap_Temp_2"}
[2026-06-01 18:50:43.502 Z] [WARN] [cadence.virtuoso.ade.simulationMonitor] -     WARNING (SFE-3012): The dummy device I0.I15.DLIB12 is removed. {"history": "Interactive.335", "point": 4, "testname": "Poten", "cornername": "CMOS_VDD_Res_Cap_Temp_2"}
[2026-06-01 18:50:43.502 Z] [WARN] [cadence.virtuoso.ade.simulationMonitor] -     WARNING (SFE-3012): The dummy device I0.I44.DLIB11 is removed.
        Further occurrences of this warning will be suppressed. {"history": "Interactive.335", "point": 4, "testname": "Poten", "cornername": "CMOS_VDD_Res_Cap_Temp_2"}
[2026-06-01 18:50:43.503 Z] [WARN] [cadence.virtuoso.ade.simulationMonitor] -     WARNING (SFE-3028): The floating resistor R8 is removed. {"history": "Interactive.335", "point": 4, "testname": "Poten", "cornername": "CMOS_VDD_Res_Cap_Temp_2"}
[2026-06-01 18:50:43.503 Z] [WARN] [cadence.virtuoso.ade.simulationMonitor] -     WARNING (SFE-3029): The dummy capacitor I2.c28310 is removed. {"history": "Interactive.335", "point": 4, "testname": "Poten", "cornername": "CMOS_VDD_Res_Cap_Temp_2"}
[2026-06-01 18:50:43.503 Z] [WARN] [cadence.virtuoso.ade.simulationMonitor] -     WARNING (SFE-3015): The dangling node I7.28\:I2|Y is removed. {"history": "Interactive.335", "point": 4, "testname": "Poten", "cornername": "CMOS_VDD_Res_Cap_Temp_2"}
[2026-06-01 18:50:43.503 Z] [WARN] [cadence.virtuoso.ade.simulationMonitor] -     WARNING (SFE-3015): The dangling node I7.33\:net4 is removed. {"history": "Interactive.335", "point": 4, "testname": "Poten", "cornername": "CMOS_VDD_Res_Cap_Temp_2"}
[2026-06-01 18:50:43.503 Z] [WARN] [cadence.virtuoso.ade.simulationMonitor] -     WARNING (SFE-3015): The dangling node I7.26\:net4 is removed. {"history": "Interactive.335", "point": 4, "testname": "Poten", "cornername": "CMOS_VDD_Res_Cap_Temp_2"}
[2026-06-01 18:50:43.503 Z] [WARN] [cadence.virtuoso.ade.simulationMonitor] -     WARNING (SFE-3015): The dangling node I7.35\:I1|C is removed. {"history": "Interactive.335", "point": 4, "testname": "Poten", "cornername": "CMOS_VDD_Res_Cap_Temp_2"}
[2026-06-01 18:50:43.504 Z] [WARN] [cadence.virtuoso.ade.simulationMonitor] -     WARNING (SFE-3015): The dangling node I7.28\:I1|C is removed.
        Further occurrences of this warning will be suppressed. {"history": "Interactive.335", "point": 4, "testname": "Poten", "cornername": "CMOS_VDD_Res_Cap_Temp_2"}
[2026-06-01 18:50:43.504 Z] [WARN] [cadence.virtuoso.ade.simulationMonitor] -     WARNING (SFE-3023): The dangling node net45 is removed. It should not be dangling since it is defined in top level. {"history": "Interactive.335", "point": 4, "testname": "Poten", "cornername": "CMOS_VDD_Res_Cap_Temp_2"}
[2026-06-01 18:50:43.504 Z] [WARN] [cadence.virtuoso.ade.simulationMonitor] -     WARNING (SFE-3016): The floating node net73 is removed. {"history": "Interactive.335", "point": 4, "testname": "Poten", "cornername": "CMOS_VDD_Res_Cap_Temp_2"}
[2026-06-01 18:50:43.504 Z] [WARN] [cadence.virtuoso.ade.simulationMonitor] -     WARNING (SFE-3016): The floating node net74 is removed. {"history": "Interactive.335", "point": 4, "testname": "Poten", "cornername": "CMOS_VDD_Res_Cap_Temp_2"}
[2026-06-01 18:50:43.504 Z] [WARN] [cadence.virtuoso.ade.simulationMonitor] -     WARNING (SFE-3023): The dangling node net46 is removed. It should not be dangling since it is defined in top level. {"history": "Interactive.335", "point": 4, "testname": "Poten", "cornername": "CMOS_VDD_Res_Cap_Temp_2"}
[2026-06-01 18:50:43.505 Z] [INFO] [cadence.virtuoso.ade.simulationMonitor] - Notice from spectre during hierarchy flattening.
    Spectre X Parasitic Optimization enabled.
    Parasitic optimization will filter out parasitic nodes, nodes only connected to RCs, by default. To view individual parasitic nodes use individual save statements (i.e. save out), or use the 'savefilter=none' option to save all parasitic nodes. Saving all parasitic nodes may slow down simulation and create large waveform files. {"history": "Interactive.335", "point": 4, "testname": "Poten", "cornername": "CMOS_VDD_Res_Cap_Temp_2"}
[2026-06-01 18:50:43.505 Z] [INFO] [cadence.virtuoso.ade.simulationMonitor] - Peak resident memory used = 238 Mbytes. {"history": "Interactive.335", "point": 4, "testname": "Poten", "cornername": "CMOS_VDD_Res_Cap_Temp_2"}
[2026-06-01 18:50:43.505 Z] [INFO] [cadence.virtuoso.ade.simulationMonitor] - Notice from spectre during hierarchy flattening.
    The value 'psf' specified for the 'checklimitdest' option will no longer be supported in future releases. Use 'spectre -h' to see other recommended values for the 'checklimitdest' option.
    I0.I46.RLIB_GC1.CS0 of rpoly1c: `c' has the unusually small value of 634.694e-21 F.
    I0.I46.RLIB_GC1.CS1 of rpoly1c: `c' has the unusually small value of 634.694e-21 F.
    I0.I45.RLIB_GC1.CS0 of rpoly1c: `c' has the unusually small value of 634.694e-21 F.
    I0... {"history": "Interactive.335", "point": 4, "testname": "Poten", "cornername": "CMOS_VDD_Res_Cap_Temp_2"}
[2026-06-01 18:50:44.005 Z] [INFO] [cadence.virtuoso.ade.simulationMonitor] - Notice from spectre during hierarchy flattening.
    V8: `period' has the unusually large value of 100 s.
    V7: `period' has the unusually large value of 10 s.
    V3: `period' has the unusually large value of 6 s.
    I26: `period' has the unusually large value of 6 s. {"history": "Interactive.335", "point": 4, "testname": "Poten", "cornername": "CMOS_VDD_Res_Cap_Temp_2"}
[2026-06-01 18:50:44.006 Z] [INFO] [cadence.virtuoso.ade.simulationMonitor] - Peak resident memory used = 251 Mbytes. {"history": "Interactive.335", "point": 4, "testname": "Poten", "cornername": "CMOS_VDD_Res_Cap_Temp_2"}
[2026-06-01 18:50:44.006 Z] [WARN] [cadence.virtuoso.ade.simulationMonitor] -     WARNING (CMI-2425): I7.I0|C0(0): `Acde' = 2.393 is unusually large. {"history": "Interactive.335", "point": 4, "testname": "Poten", "cornername": "CMOS_VDD_Res_Cap_Temp_2"}
[2026-06-01 18:50:44.006 Z] [WARN] [cadence.virtuoso.ade.simulationMonitor] -     WARNING (CMI-2425): I7.I0|C0(0): `Noff' = 4.732 is unusually large. {"history": "Interactive.335", "point": 4, "testname": "Poten", "cornername": "CMOS_VDD_Res_Cap_Temp_2"}
[2026-06-01 18:50:44.006 Z] [WARN] [cadence.virtuoso.ade.simulationMonitor] -     WARNING (CMI-2424): I7.I0|C0(0): `Voffcv' = -867.4e-03 is unusually small. {"history": "Interactive.335", "point": 4, "testname": "Poten", "cornername": "CMOS_VDD_Res_Cap_Temp_2"}
[2026-06-01 18:50:44.007 Z] [WARN] [cadence.virtuoso.ade.simulationMonitor] -     WARNING (CMI-2425): I7.I0|C2: `Acde' = 2.393 is unusually large. {"history": "Interactive.335", "point": 4, "testname": "Poten", "cornername": "CMOS_VDD_Res_Cap_Temp_2"}
[2026-06-01 18:50:44.007 Z] [WARN] [cadence.virtuoso.ade.simulationMonitor] -     WARNING (CMI-2425): I7.I0|C2: `Noff' = 4.732 is unusually large. {"history": "Interactive.335", "point": 4, "testname": "Poten", "cornername": "CMOS_VDD_Res_Cap_Temp_2"}
[2026-06-01 18:50:44.007 Z] [WARN] [cadence.virtuoso.ade.simulationMonitor] -     WARNING (CMI-2424): I7.I0|C2: `Voffcv' = -867.4e-03 is unusually small. {"history": "Interactive.335", "point": 4, "testname": "Poten", "cornername": "CMOS_VDD_Res_Cap_Temp_2"}
[2026-06-01 18:50:44.007 Z] [WARN] [cadence.virtuoso.ade.simulationMonitor] -     WARNING (CMI-2425): I7.I0|C1: `Acde' = 2.393 is unusually large.
        Further occurrences of this warning will be suppressed. {"history": "Interactive.335", "point": 4, "testname": "Poten", "cornername": "CMOS_VDD_Res_Cap_Temp_2"}
[2026-06-01 18:50:44.007 Z] [WARN] [cadence.virtuoso.ade.simulationMonitor] -     WARNING (CMI-2424): I7.I0|C1: `Voffcv' = -867.4e-03 is unusually small. {"history": "Interactive.335", "point": 4, "testname": "Poten", "cornername": "CMOS_VDD_Res_Cap_Temp_2"}
[2026-06-01 18:50:44.007 Z] [WARN] [cadence.virtuoso.ade.simulationMonitor] -     WARNING (CMI-2424): I7.I1|C0: `Voffcv' = -867.4e-03 is unusually small. {"history": "Interactive.335", "point": 4, "testname": "Poten", "cornername": "CMOS_VDD_Res_Cap_Temp_2"}
[2026-06-01 18:50:44.008 Z] [WARN] [cadence.virtuoso.ade.simulationMonitor] -     WARNING (CMI-2424): I7.I3|C1(0): `Voffcv' = -867.4e-03 is unusually small.
        Further occurrences of this warning will be suppressed. {"history": "Interactive.335", "point": 4, "testname": "Poten", "cornername": "CMOS_VDD_Res_Cap_Temp_2"}
[2026-06-01 18:50:45.008 Z] [WARN] [cadence.virtuoso.ade.simulationMonitor] -     WARNING (SPECTRE-16460): SOAC_esdgcp5_vcpsub:Specified subcircuit master `esdgcp5' was not found. {"history": "Interactive.335", "point": 4, "testname": "Poten", "cornername": "CMOS_VDD_Res_Cap_Temp_2"}
[2026-06-01 18:50:45.009 Z] [WARN] [cadence.virtuoso.ade.simulationMonitor] -     WARNING (SPECTRE-16462): SOAC_esdgcp5_vcpsub:Error in specification of subcircuit master. Assert is ignored. {"history": "Interactive.335", "point": 4, "testname": "Poten", "cornername": "CMOS_VDD_Res_Cap_Temp_2"}
[2026-06-01 18:50:45.009 Z] [WARN] [cadence.virtuoso.ade.simulationMonitor] -     WARNING (SPECTRE-16460): SOAC_esdgcp5_vac:Specified subcircuit master `esdgcp5' was not found. {"history": "Interactive.335", "point": 4, "testname": "Poten", "cornername": "CMOS_VDD_Res_Cap_Temp_2"}
[2026-06-01 18:50:45.009 Z] [WARN] [cadence.virtuoso.ade.simulationMonitor] -     WARNING (SPECTRE-16462): SOAC_esdgcp5_vac:Error in specification of subcircuit master. Assert is ignored. {"history": "Interactive.335", "point": 4, "testname": "Poten", "cornername": "CMOS_VDD_Res_Cap_Temp_2"}
[2026-06-01 18:50:45.009 Z] [WARN] [cadence.virtuoso.ade.simulationMonitor] -     WARNING (SPECTRE-16460): SOAC_esdgcn5_vac:Specified subcircuit master `esdgcn5' was not found. {"history": "Interactive.335", "point": 4, "testname": "Poten", "cornername": "CMOS_VDD_Res_Cap_Temp_2"}
[2026-06-01 18:50:45.009 Z] [WARN] [cadence.virtuoso.ade.simulationMonitor] -     WARNING (SPECTRE-16462): SOAC_esdgcn5_vac:Error in specification of subcircuit master. Assert is ignored. {"history": "Interactive.335", "point": 4, "testname": "Poten", "cornername": "CMOS_VDD_Res_Cap_Temp_2"}
[2026-06-01 18:50:45.010 Z] [WARN] [cadence.virtuoso.ade.simulationMonitor] -     WARNING (SPECTRE-16460): SOAC_esdfdp5_vcpsub:Specified subcircuit master `esdfdp5' was not found. {"history": "Interactive.335", "point": 4, "testname": "Poten", "cornername": "CMOS_VDD_Res_Cap_Temp_2"}
[2026-06-01 18:50:45.010 Z] [WARN] [cadence.virtuoso.ade.simulationMonitor] -     WARNING (SPECTRE-16462): SOAC_esdfdp5_vcpsub:Error in specification of subcircuit master. Assert is ignored. {"history": "Interactive.335", "point": 4, "testname": "Poten", "cornername": "CMOS_VDD_Res_Cap_Temp_2"}
[2026-06-01 18:50:45.010 Z] [WARN] [cadence.virtuoso.ade.simulationMonitor] -     WARNING (SPECTRE-16460): SOAC_esdfdp5_vac:Specified subcircuit master `esdfdp5' was not found.
        Further occurrences of this warning will be suppressed. {"history": "Interactive.335", "point": 4, "testname": "Poten", "cornername": "CMOS_VDD_Res_Cap_Temp_2"}
[2026-06-01 18:50:45.010 Z] [WARN] [cadence.virtuoso.ade.simulationMonitor] -     WARNING (SPECTRE-16462): SOAC_esdfdp5_vac:Error in specification of subcircuit master. Assert is ignored.
        Further occurrences of this warning will be suppressed. {"history": "Interactive.335", "point": 4, "testname": "Poten", "cornername": "CMOS_VDD_Res_Cap_Temp_2"}
[2026-06-01 18:50:45.010 Z] [WARN] [cadence.virtuoso.ade.simulationMonitor] -     WARNING (SPECTRE-17607): Assert `SOAC_vert10_vsubpsub' is ignored because it contains an expression which is invalid or not supported by native evaluator.  {"history": "Interactive.335", "point": 4, "testname": "Poten", "cornername": "CMOS_VDD_Res_Cap_Temp_2"}
[2026-06-01 18:50:45.010 Z] [WARN] [cadence.virtuoso.ade.simulationMonitor] -     WARNING (SPECTRE-17607): Assert `SOAC_vert10_vcsub' is ignored because it contains an expression which is invalid or not supported by native evaluator.  {"history": "Interactive.335", "point": 4, "testname": "Poten", "cornername": "CMOS_VDD_Res_Cap_Temp_2"}
[2026-06-01 18:50:46.012 Z] [INFO] [cadence.virtuoso.ade.simulationMonitor] - Notice from spectre during topology check.
    Only one connection to the following 2286 nodes:
        I0.I46.RLIB_GC1.R1.psub!
        I0.I46.RLIB_GC1.R2.psub!
        I0.I46.MNLIB_DR1.M_esdnmos4.psub!
        I0.I46.DLIB2.psub!
        I0.I46.DLIB1.psub!
        Further occurrences of this notice will be suppressed. {"history": "Interactive.335", "point": 4, "testname": "Poten", "cornername": "CMOS_VDD_Res_Cap_Temp_2"}
[2026-06-01 18:50:49.515 Z] [INFO] [cadence.virtuoso.ade.simulationMonitor] -               nodes 24418 {"history": "Interactive.335", "point": 4, "testname": "Poten", "cornername": "CMOS_VDD_Res_Cap_Temp_2"}
[2026-06-01 18:50:49.515 Z] [INFO] [cadence.virtuoso.ade.simulationMonitor] - Notice from spectre during initial setup.
    7 resistors are shorted because their absolute value is less than or equal to 'rabsshort'.
    3 vsources are shorted because their absolute value is less than or equal to 'vabsshort'.
    4 resistors are changed to resistance form because their value are less than 'rthresh'.
    Spectre X preset=cx enabled.
    46 notices suppressed.
    313 warnings suppressed. {"history": "Interactive.335", "point": 4, "testname": "Poten", "cornername": "CMOS_VDD_Res_Cap_Temp_2"}
[2026-06-01 18:50:49.516 Z] [INFO] [cadence.virtuoso.ade.simulationMonitor] - Notice from spectre.
    Multithreading enabled: 8 threads in the system with 48 available processors. {"history": "Interactive.335", "point": 4, "testname": "Poten", "cornername": "CMOS_VDD_Res_Cap_Temp_2"}
[2026-06-01 18:50:49.516 Z] [INFO] [cadence.virtuoso.ade.simulationMonitor] - Peak resident memory used = 326 Mbytes. {"history": "Interactive.335", "point": 4, "testname": "Poten", "cornername": "CMOS_VDD_Res_Cap_Temp_2"}
[2026-06-01 18:50:49.517 Z] [INFO] [cadence.virtuoso.ade.simulationMonitor] -    -   (Spectre X) Multi-threading. The recommended number of threads is [4, 8], consider adding +mt=4 or +mt=8 on command line. {"history": "Interactive.335", "point": 4, "testname": "Poten", "cornername": "CMOS_VDD_Res_Cap_Temp_2"}
[2026-06-01 18:50:50.017 Z] [INFO] [cadence.virtuoso.ade.simulationMonitor] - Notice from spectre during DC analysis `dcOp'.
    No checklimit analysis defined for asserts. A default checklimit analysis 'SpectreChecklimitAnal' has been created with all asserts enabled. {"history": "Interactive.335", "point": 4, "testname": "Poten", "cornername": "CMOS_VDD_Res_Cap_Temp_2"}
[2026-06-01 18:50:51.525 Z] [INFO] [cadence.virtuoso.ade.simulationMonitor] - Notice from spectre during DC analysis `dcOp'.
    Bad pivoting is found during DC analysis. Option dc_pivot_check=yes is recommended for possible improvement of convergence. {"history": "Interactive.335", "point": 4, "testname": "Poten", "cornername": "CMOS_VDD_Res_Cap_Temp_2"}
[2026-06-01 18:50:52.032 Z] [WARN] [cadence.virtuoso.ade.simulationMonitor] -     WARNING (CMI-2943): Parameter checks have been ignored because the valid value for parameter 'trise' could not be found in 'C0'. {"history": "Interactive.335", "point": 4, "testname": "Poten", "cornername": "CMOS_VDD_Res_Cap_Temp_2"}
[2026-06-01 18:50:52.033 Z] [WARN] [cadence.virtuoso.ade.simulationMonitor] -     WARNING (CMI-2943): Parameter checks have been ignored because the valid value for parameter 'trise' could not be found in 'C1'. {"history": "Interactive.335", "point": 4, "testname": "Poten", "cornername": "CMOS_VDD_Res_Cap_Temp_2"}
[2026-06-01 18:50:52.033 Z] [WARN] [cadence.virtuoso.ade.simulationMonitor] -     WARNING (CMI-2943): Parameter checks have been ignored because the valid value for parameter 'trise' could not be found in 'C11'. {"history": "Interactive.335", "point": 4, "testname": "Poten", "cornername": "CMOS_VDD_Res_Cap_Temp_2"}
[2026-06-01 18:50:52.034 Z] [WARN] [cadence.virtuoso.ade.simulationMonitor] -     WARNING (CMI-2943): Parameter checks have been ignored because the valid value for parameter 'trise' could not be found in 'C12'. {"history": "Interactive.335", "point": 4, "testname": "Poten", "cornername": "CMOS_VDD_Res_Cap_Temp_2"}
[2026-06-01 18:50:52.034 Z] [WARN] [cadence.virtuoso.ade.simulationMonitor] -     WARNING (CMI-2943): Parameter checks have been ignored because the valid value for parameter 'trise' could not be found in 'C5'.
        Further occurrences of this warning will be suppressed. {"history": "Interactive.335", "point": 4, "testname": "Poten", "cornername": "CMOS_VDD_Res_Cap_Temp_2"}
[2026-06-01 18:50:52.034 Z] [INFO] [cadence.virtuoso.ade.simulationMonitor] - Notice from spectre during check, during DC analysis `dcOp'.
    I0.I4.RLIB_GC2 of rdiffp3: `ig' has the unusually large value of -38.0916 A.
    I0.I3.RLIB_GC1 of rdiffp3: `ig' has the unusually large value of -38.0916 A.
    I0.I6.RLIB_GC2 of rdiffp3: `ig' has the unusually large value of -38.0916 A. {"history": "Interactive.335", "point": 4, "testname": "Poten", "cornername": "CMOS_VDD_Res_Cap_Temp_2"}
[2026-06-01 18:50:52.035 Z] [INFO] [cadence.virtuoso.ade.simulationMonitor] - Total time required for dc analysis `dcOp': CPU = 8.0114 s, elapsed = 2.19398 s, util. = 365%. {"history": "Interactive.335", "point": 4, "testname": "Poten", "cornername": "CMOS_VDD_Res_Cap_Temp_2"}
[2026-06-01 18:50:52.035 Z] [INFO] [cadence.virtuoso.ade.simulationMonitor] - Peak resident memory used = 365 Mbytes. {"history": "Interactive.335", "point": 4, "testname": "Poten", "cornername": "CMOS_VDD_Res_Cap_Temp_2"}
[2026-06-01 18:50:52.036 Z] [INFO] [cadence.virtuoso.ade.simulationMonitor] - Notice from spectre.
    1272 warnings suppressed. {"history": "Interactive.335", "point": 4, "testname": "Poten", "cornername": "CMOS_VDD_Res_Cap_Temp_2"}
[2026-06-01 18:50:54.036 Z] [INFO] [cadence.virtuoso.ade.simulationMonitor] - Notice from spectre during IC analysis, during transient analysis `tran'.
    Bad pivoting is found during DC analysis. Option dc_pivot_check=yes is recommended for possible improvement of convergence. {"history": "Interactive.335", "point": 4, "testname": "Poten", "cornername": "CMOS_VDD_Res_Cap_Temp_2"}
[2026-06-01 18:50:54.037 Z] [WARN] [cadence.virtuoso.ade.simulationMonitor] -     WARNING (CMI-2943): Parameter checks have been ignored because the valid value for parameter 'trise' could not be found in 'C0'. {"history": "Interactive.335", "point": 4, "testname": "Poten", "cornername": "CMOS_VDD_Res_Cap_Temp_2"}
[2026-06-01 18:50:54.037 Z] [WARN] [cadence.virtuoso.ade.simulationMonitor] -     WARNING (CMI-2943): Parameter checks have been ignored because the valid value for parameter 'trise' could not be found in 'C1'. {"history": "Interactive.335", "point": 4, "testname": "Poten", "cornername": "CMOS_VDD_Res_Cap_Temp_2"}
[2026-06-01 18:50:54.038 Z] [WARN] [cadence.virtuoso.ade.simulationMonitor] -     WARNING (CMI-2943): Parameter checks have been ignored because the valid value for parameter 'trise' could not be found in 'C11'. {"history": "Interactive.335", "point": 4, "testname": "Poten", "cornername": "CMOS_VDD_Res_Cap_Temp_2"}
[2026-06-01 18:50:54.038 Z] [WARN] [cadence.virtuoso.ade.simulationMonitor] -     WARNING (CMI-2943): Parameter checks have been ignored because the valid value for parameter 'trise' could not be found in 'C12'. {"history": "Interactive.335", "point": 4, "testname": "Poten", "cornername": "CMOS_VDD_Res_Cap_Temp_2"}
[2026-06-01 18:50:54.038 Z] [WARN] [cadence.virtuoso.ade.simulationMonitor] -     WARNING (CMI-2943): Parameter checks have been ignored because the valid value for parameter 'trise' could not be found in 'C5'.
        Further occurrences of this warning will be suppressed. {"history": "Interactive.335", "point": 4, "testname": "Poten", "cornername": "CMOS_VDD_Res_Cap_Temp_2"}
[2026-06-01 18:50:54.038 Z] [INFO] [cadence.virtuoso.ade.simulationMonitor] - Notice from spectre during check, during IC analysis, during transient analysis `tran'.
    I0.I4.RLIB_GC2 of rdiffp3: `ig' has the unusually large value of -38.0916 A.
    I0.I3.RLIB_GC1 of rdiffp3: `ig' has the unusually large value of -38.0916 A.
    I0.I6.RLIB_GC2 of rdiffp3: `ig' has the unusually large value of -38.0916 A. {"history": "Interactive.335", "point": 4, "testname": "Poten", "cornername": "CMOS_VDD_Res_Cap_Temp_2"}
[2026-06-01 19:19:21.739 Z] [PROCESS] [cadence.virtuoso.ade.simulationMonitor] - Simulation cancelled {"hostname": "il2244vt26_hrahimi", "processid": 1614676, "history": "Interactive.335", "testname": "Poten", "cornername": "CMOS_VDD_Res_Cap_Temp_2", "point": 4, "logfile": "/home/hrahimi/projects/POTENTIOSTAT_26/logs_hrahimi/logs0/Job159.log"}
[2026-06-01 19:19:21.741 Z] [INFO] [cadence.virtuoso.ade.simulationMonitor] - SimulationMonitor has terminated the  process '1620761', reason: 'the simulation point gets cancelled by GUI' {"history": "Interactive.335", "point": 4, "testname": "Poten", "cornername": "CMOS_VDD_Res_Cap_Temp_2"}
[2026-06-01 19:19:21.852 Z] [PROCESS] [cadence.virtuoso.ade.simulationMonitor] - Finished simulating for one point {"hostname": "il2244vt26_hrahimi", "processid": 1614676, "history": "Interactive.335", "testname": "Poten", "cornername": "CMOS_VDD_Res_Cap_Temp_2", "point": 4, "logfile": "/home/hrahimi/projects/POTENTIOSTAT_26/logs_hrahimi/logs0/Job159.log", "simid": "2"}
[2026-06-01 19:19:21.853 Z] [PROCESS] [cadence.virtuoso.ade.simulationMonitor] - Simulator exited {"hostname": "il2244vt26_hrahimi", "processid": 1614676, "history": "Interactive.335", "testname": "Poten", "cornername": "CMOS_VDD_Res_Cap_Temp_2", "point": 4, "logfile": "/home/hrahimi/projects/POTENTIOSTAT_26/logs_hrahimi/logs0/Job159.log", "exitStatus": "0"}
[2026-06-01 19:19:21.853 Z] [PROCESS] [cadence.virtuoso.ade.simulationMonitor] - Finished Simulation {"hostname": "il2244vt26_hrahimi", "processid": 1614676, "history": "Interactive.335", "testname": "Poten", "cornername": "CMOS_VDD_Res_Cap_Temp_2", "point": 4, "logfile": "/home/hrahimi/projects/POTENTIOSTAT_26/logs_hrahimi/logs0/Job159.log", "simid": "2"}
[2026-06-01 19:19:21.859 Z] [PROCESS] [cadence.virtuoso.ade.simulationMonitor] - Expression evaluator launched {"hostname": "il2244vt26_hrahimi", "processid": 1614676, "history": "Interactive.335", "testname": "Poten", "cornername": "CMOS_VDD_Res_Cap_Temp_2", "point": 4, "logfile": "/home/hrahimi/projects/POTENTIOSTAT_26/logs_hrahimi/logs0/Job159.log"}
[2026-06-01 19:19:21.870 Z] [PROCESS] [cadence.virtuoso.ade.simulationMonitor] - Point Finished {"hostname": "il2244vt26_hrahimi", "processid": 1614676, "history": "Interactive.335", "testname": "Poten", "cornername": "CMOS_VDD_Res_Cap_Temp_2", "point": 4, "logfile": "/home/hrahimi/projects/POTENTIOSTAT_26/logs_hrahimi/logs0/Job159.log"}
[2026-06-01 19:24:23.819 Z] [PROCESS] [cadence.virtuoso.ade.simulationMonitor] - Current memory used: 52.7656 MBytes, peak memory used: 52.7656 MBytes {"hostname": "il2244vt26_hrahimi", "processid": 1614676, "history": "Interactive.335", "testname": "Poten", "cornername": "CMOS_VDD_Res_Cap_Temp_2", "point": 4, "logfile": "/home/hrahimi/projects/POTENTIOSTAT_26/logs_hrahimi/logs0/Job159.log"}
[2026-06-01 19:24:23.820 Z] [PROCESS] [cadence.virtuoso.ade.simulationMonitor] - Simulation Monitor process exit. {"hostname": "il2244vt26_hrahimi", "processid": 1614676, "history": "Interactive.335", "testname": "Poten", "cornername": "CMOS_VDD_Res_Cap_Temp_2", "point": 4, "logfile": "/home/hrahimi/projects/POTENTIOSTAT_26/logs_hrahimi/logs0/Job159.log"}
