[Simulation Monitor: 116]
[2026-05-28 10:51:05.762 Z] [PROCESS] [cadence.virtuoso.ade.simulationMonitor] - Simulation Monitor has successfully started up. Trying to set up communication channels to other components ... {"hostname": "il2244vt26_hrahimi", "processid": 488838, "logfile": "/home/hrahimi/projects/POTENTIOSTAT_26/logs_hrahimi/logs0/Job116.log"}
[2026-05-28 10:51:05.763 Z] [PROCESS] [cadence.virtuoso.ade.simulationMonitor] - Communication channels have been successfully set up. Start processing events ... {"hostname": "il2244vt26_hrahimi", "processid": 488838, "logfile": "/home/hrahimi/projects/POTENTIOSTAT_26/logs_hrahimi/logs0/Job116.log"}
[2026-05-28 10:51:05.764 Z] [PROCESS] [cadence.virtuoso.ade.simulationMonitor] - Considering to start history {"hostname": "il2244vt26_hrahimi", "processid": 488838, "history": "Interactive.201", "logfile": "/home/hrahimi/projects/POTENTIOSTAT_26/logs_hrahimi/logs0/Job116.log"}
[2026-05-28 10:51:05.769 Z] [PROCESS] [cadence.virtuoso.ade.simulationMonitor] - Started History {"hostname": "il2244vt26_hrahimi", "processid": 488838, "history": "Interactive.203", "logfile": "/home/hrahimi/projects/POTENTIOSTAT_26/logs_hrahimi/logs0/Job116.log"}
[2026-05-28 10:51:05.769 Z] [PROCESS] [cadence.virtuoso.ade.simulationMonitor] - HostInfo:
Host name (type):	il2244vt26_hrahimi (x86_64)
Operating system:	Linux 5.15.0-164-generic #174-Ubuntu SMP Fri Nov 14 20:25:16 UTC 2025 {"hostname": "il2244vt26_hrahimi", "processid": 488838, "history": "Interactive.203", "logfile": "/home/hrahimi/projects/POTENTIOSTAT_26/logs_hrahimi/logs0/Job116.log", "nodename": "il2244vt26_hrahimi", "domainname": "(none)", "machine": "x86_64", "sysname": "Linux", "release": "5.15.0-164-generic", "version": "#174-Ubuntu SMP Fri Nov 14 20:25:16 UTC 2025"}
[2026-05-28 10:51:05.770 Z] [PROCESS] [cadence.virtuoso.ade.simulationMonitor] - UsageInfo:
pid=488838
totalPhysicalMemory=3023.749672GB,Used=2432.734398GB,totalVirtualMemory=3031.749668GB,Used=2432.761742GB
Cpu: Cores=48, Load average:4.730000,5.870000,9.410000 {"hostname": "il2244vt26_hrahimi", "processid": 488838, "history": "Interactive.203", "logfile": "/home/hrahimi/projects/POTENTIOSTAT_26/logs_hrahimi/logs0/Job116.log", "pid": "488838", "totalPhysicalMemory": "3023.749672", "physicalMemoryUsed": "2432.734398", "totalVirtualMemory": "3031.749668", "virtualMemoryUsed": "2432.761742", "cpuCores": "48", "processes": "29634", "loadAverage1": "4.730000", "loadAverage5": "5.870000", "loadAverage15": "9.410000", "loadAverage1Percent": "0.098542"}
[2026-05-28 10:51:05.771 Z] [EVENT] [cadence.virtuoso.ade.simulationMonitor] - NewPoint {"history": "Interactive.203", "point": 1, "testname": "Potentiostat_7_CA_TIA_Front_tb_calib_1", "cornername": "Nominal", "event": "NewPoint", "EventSource": "Simulation Monitor", "HistoryName": "Interactive.203", "logFile": "/home/hrahimi/projects/POTENTIOSTAT_26/logs_hrahimi/logs0/Job116.log", "logFileSize": "2547"}
[2026-05-28 10:51:05.873 Z] [EVENT] [cadence.virtuoso.ade.simulationMonitor] - NewPoint {"history": "Interactive.203", "point": 1, "testname": "Potentiostat_7_CA_TIA_Front_tb_calib_1", "cornername": "Nominal", "event": "NewPoint", "EventSource": "spectre", "HistoryName": "Interactive.203", "logFile": "/home/hrahimi/projects/POTENTIOSTAT_26/Sim/Potentiostat/7_CA_TIA_Front_tb_calib/maestro/results/maestro/Interactive.203/1/Potentiostat_7_CA_TIA_Front_tb_calib_1/psf/spectre.out", "logFileSize": "-1"}
[2026-05-28 10:51:06.122 Z] [PROCESS] [cadence.virtuoso.ade.simulationMonitor] - Simulator launched {"hostname": "il2244vt26_hrahimi", "processid": 488838, "history": "Interactive.203", "testname": "Potentiostat_7_CA_TIA_Front_tb_calib_1", "cornername": "Nominal", "point": 1, "logfile": "/home/hrahimi/projects/POTENTIOSTAT_26/logs_hrahimi/logs0/Job116.log", "simid": "1"}
[2026-05-28 10:51:06.126 Z] [PROCESS] [cadence.virtuoso.ade.simulationMonitor] - Expression evaluator launched {"hostname": "il2244vt26_hrahimi", "processid": 488838, "history": "Interactive.203", "testname": "Potentiostat_7_CA_TIA_Front_tb_calib_1", "cornername": "Nominal", "point": 1, "logfile": "/home/hrahimi/projects/POTENTIOSTAT_26/logs_hrahimi/logs0/Job116.log"}
[2026-05-28 10:51:06.189 Z] [PROCESS] [cadence.virtuoso.ade.simulationMonitor] - Started Simulation {"hostname": "il2244vt26_hrahimi", "processid": 488838, "history": "Interactive.203", "testname": "Potentiostat_7_CA_TIA_Front_tb_calib_1", "cornername": "Nominal", "point": 1, "logfile": "/home/hrahimi/projects/POTENTIOSTAT_26/logs_hrahimi/logs0/Job116.log", "event": "started", "task": "simulation"}
[2026-05-28 10:51:07.190 Z] [WARN] [cadence.virtuoso.ade.simulationMonitor] -     WARNING (SPECTRE-691): This CPU processor does not support x86 advanced vector extensions instructions. This may affect math operations and slow down the simulation. {"history": "Interactive.203", "point": 1, "testname": "Potentiostat_7_CA_TIA_Front_tb_calib_1", "cornername": "Nominal"}
[2026-05-28 10:51:07.191 Z] [INFO] [cadence.virtuoso.ade.simulationMonitor] - Notice from spectre during circuit read-in.
    Pre_Configuration file used: /opt/tools/cadence/installs/SPECTRE241/tools.lnx86/spectre/etc/configs/preset.precfg
    Configuration file used: `/opt/tools/cadence/installs/SPECTRE241/tools.lnx86/spectre/etc/configs/preset.cfg'. {"history": "Interactive.203", "point": 1, "testname": "Potentiostat_7_CA_TIA_Front_tb_calib_1", "cornername": "Nominal"}
[2026-05-28 10:51:07.191 Z] [WARN] [cadence.virtuoso.ade.simulationMonitor] -     WARNING (SPECTRE-8360): line 1511: `ac' is an undefined primitive device. {"history": "Interactive.203", "point": 1, "testname": "Potentiostat_7_CA_TIA_Front_tb_calib_1", "cornername": "Nominal"}
[2026-05-28 10:51:07.191 Z] [WARN] [cadence.virtuoso.ade.simulationMonitor] -     WARNING (SPECTRE-8360): line 1512: `ac' is an undefined primitive device. {"history": "Interactive.203", "point": 1, "testname": "Potentiostat_7_CA_TIA_Front_tb_calib_1", "cornername": "Nominal"}
[2026-05-28 10:51:07.192 Z] [WARN] [cadence.virtuoso.ade.simulationMonitor] -     WARNING (SPECTRE-8360): line 1513: `ac' is an undefined primitive device. {"history": "Interactive.203", "point": 1, "testname": "Potentiostat_7_CA_TIA_Front_tb_calib_1", "cornername": "Nominal"}
[2026-05-28 10:51:07.192 Z] [WARN] [cadence.virtuoso.ade.simulationMonitor] -     WARNING (SPECTRE-8360): line 1514: `ac' is an undefined primitive device. {"history": "Interactive.203", "point": 1, "testname": "Potentiostat_7_CA_TIA_Front_tb_calib_1", "cornername": "Nominal"}
[2026-05-28 10:51:07.192 Z] [WARN] [cadence.virtuoso.ade.simulationMonitor] -     WARNING (SPECTRE-8360): line 1515: `ac' is an undefined primitive device.
        Further occurrences of this warning will be suppressed. {"history": "Interactive.203", "point": 1, "testname": "Potentiostat_7_CA_TIA_Front_tb_calib_1", "cornername": "Nominal"}
[2026-05-28 10:51:07.192 Z] [WARN] [cadence.virtuoso.ade.simulationMonitor] -     WARNING (VACOMP-2435): The environment variable CDS_AHDLCMI_ENABLE is no longer supported. Therefore, the simulator will use the default compiled C code flow. {"history": "Interactive.203", "point": 1, "testname": "Potentiostat_7_CA_TIA_Front_tb_calib_1", "cornername": "Nominal"}
[2026-05-28 10:51:07.693 Z] [INFO] [cadence.virtuoso.ade.simulationMonitor] - Peak resident memory used = 203 Mbytes. {"history": "Interactive.203", "point": 1, "testname": "Potentiostat_7_CA_TIA_Front_tb_calib_1", "cornername": "Nominal"}
[2026-05-28 10:51:08.694 Z] [WARN] [cadence.virtuoso.ade.simulationMonitor] -     WARNING (SFE-3014): The floating device V7 is removed. {"history": "Interactive.203", "point": 1, "testname": "Potentiostat_7_CA_TIA_Front_tb_calib_1", "cornername": "Nominal"}
[2026-05-28 10:51:08.694 Z] [WARN] [cadence.virtuoso.ade.simulationMonitor] -     WARNING (SFE-3027): The dangling resistor I35.I0.re182 is removed. {"history": "Interactive.203", "point": 1, "testname": "Potentiostat_7_CA_TIA_Front_tb_calib_1", "cornername": "Nominal"}
[2026-05-28 10:51:08.694 Z] [WARN] [cadence.virtuoso.ade.simulationMonitor] -     WARNING (SFE-3027): The dangling resistor I35.I1.re202 is removed. {"history": "Interactive.203", "point": 1, "testname": "Potentiostat_7_CA_TIA_Front_tb_calib_1", "cornername": "Nominal"}
[2026-05-28 10:51:08.694 Z] [WARN] [cadence.virtuoso.ade.simulationMonitor] -     WARNING (SFE-3027): The dangling resistor I35.I2.re712 is removed. {"history": "Interactive.203", "point": 1, "testname": "Potentiostat_7_CA_TIA_Front_tb_calib_1", "cornername": "Nominal"}
[2026-05-28 10:51:08.694 Z] [WARN] [cadence.virtuoso.ade.simulationMonitor] -     WARNING (SFE-3027): The dangling resistor I35.I2.re715 is removed. {"history": "Interactive.203", "point": 1, "testname": "Potentiostat_7_CA_TIA_Front_tb_calib_1", "cornername": "Nominal"}
[2026-05-28 10:51:08.695 Z] [WARN] [cadence.virtuoso.ade.simulationMonitor] -     WARNING (SFE-3027): The dangling resistor I35.I0.re22 is removed.
        Further occurrences of this warning will be suppressed. {"history": "Interactive.203", "point": 1, "testname": "Potentiostat_7_CA_TIA_Front_tb_calib_1", "cornername": "Nominal"}
[2026-05-28 10:51:08.695 Z] [WARN] [cadence.virtuoso.ade.simulationMonitor] -     WARNING (SFE-3028): The floating resistor R8 is removed. {"history": "Interactive.203", "point": 1, "testname": "Potentiostat_7_CA_TIA_Front_tb_calib_1", "cornername": "Nominal"}
[2026-05-28 10:51:08.695 Z] [WARN] [cadence.virtuoso.ade.simulationMonitor] -     WARNING (SFE-3012): The dummy device I56.MP13<0>_turbo_m42 is removed. {"history": "Interactive.203", "point": 1, "testname": "Potentiostat_7_CA_TIA_Front_tb_calib_1", "cornername": "Nominal"}
[2026-05-28 10:51:08.695 Z] [WARN] [cadence.virtuoso.ade.simulationMonitor] -     WARNING (SFE-3012): The dummy device I25.L0 is removed. {"history": "Interactive.203", "point": 1, "testname": "Potentiostat_7_CA_TIA_Front_tb_calib_1", "cornername": "Nominal"}
[2026-05-28 10:51:08.695 Z] [WARN] [cadence.virtuoso.ade.simulationMonitor] -     WARNING (SFE-3012): The dummy device I56.MP11<0>_turbo_m4 is removed. {"history": "Interactive.203", "point": 1, "testname": "Potentiostat_7_CA_TIA_Front_tb_calib_1", "cornername": "Nominal"}
[2026-05-28 10:51:08.696 Z] [WARN] [cadence.virtuoso.ade.simulationMonitor] -     WARNING (SFE-3029): The dummy capacitor I25.I28.c1066 is removed. {"history": "Interactive.203", "point": 1, "testname": "Potentiostat_7_CA_TIA_Front_tb_calib_1", "cornername": "Nominal"}
[2026-05-28 10:51:08.696 Z] [WARN] [cadence.virtuoso.ade.simulationMonitor] -     WARNING (SFE-3012): The dummy device I56.Q2<0>_turbo_m32 is removed. {"history": "Interactive.203", "point": 1, "testname": "Potentiostat_7_CA_TIA_Front_tb_calib_1", "cornername": "Nominal"}
[2026-05-28 10:51:08.696 Z] [WARN] [cadence.virtuoso.ade.simulationMonitor] -     WARNING (SFE-3029): The dummy capacitor I56.I15.c428 is removed. {"history": "Interactive.203", "point": 1, "testname": "Potentiostat_7_CA_TIA_Front_tb_calib_1", "cornername": "Nominal"}
[2026-05-28 10:51:08.696 Z] [WARN] [cadence.virtuoso.ade.simulationMonitor] -     WARNING (SFE-3012): The dummy device I56.MP12<0>_turbo_m4 is removed.
        Further occurrences of this warning will be suppressed. {"history": "Interactive.203", "point": 1, "testname": "Potentiostat_7_CA_TIA_Front_tb_calib_1", "cornername": "Nominal"}
[2026-05-28 10:51:08.696 Z] [WARN] [cadence.virtuoso.ade.simulationMonitor] -     WARNING (SFE-3015): The dangling node I35.I2.30\:BIAS is removed. {"history": "Interactive.203", "point": 1, "testname": "Potentiostat_7_CA_TIA_Front_tb_calib_1", "cornername": "Nominal"}
[2026-05-28 10:51:08.696 Z] [WARN] [cadence.virtuoso.ade.simulationMonitor] -     WARNING (SFE-3015): The dangling node I35.I2.17\:BIAS is removed. {"history": "Interactive.203", "point": 1, "testname": "Potentiostat_7_CA_TIA_Front_tb_calib_1", "cornername": "Nominal"}
[2026-05-28 10:51:08.697 Z] [WARN] [cadence.virtuoso.ade.simulationMonitor] -     WARNING (SFE-3015): The dangling node I35.I0.33\:BIAS is removed. {"history": "Interactive.203", "point": 1, "testname": "Potentiostat_7_CA_TIA_Front_tb_calib_1", "cornername": "Nominal"}
[2026-05-28 10:51:08.697 Z] [WARN] [cadence.virtuoso.ade.simulationMonitor] -     WARNING (SFE-3015): The dangling node I35.I0.30\:BIAS is removed. {"history": "Interactive.203", "point": 1, "testname": "Potentiostat_7_CA_TIA_Front_tb_calib_1", "cornername": "Nominal"}
[2026-05-28 10:51:08.697 Z] [WARN] [cadence.virtuoso.ade.simulationMonitor] -     WARNING (SFE-3015): The dangling node I35.I2.24\:BIAS is removed.
        Further occurrences of this warning will be suppressed. {"history": "Interactive.203", "point": 1, "testname": "Potentiostat_7_CA_TIA_Front_tb_calib_1", "cornername": "Nominal"}
[2026-05-28 10:51:08.697 Z] [WARN] [cadence.virtuoso.ade.simulationMonitor] -     WARNING (SFE-3023): The dangling node net25 is removed. It should not be dangling since it is defined in top level. {"history": "Interactive.203", "point": 1, "testname": "Potentiostat_7_CA_TIA_Front_tb_calib_1", "cornername": "Nominal"}
[2026-05-28 10:51:08.697 Z] [WARN] [cadence.virtuoso.ade.simulationMonitor] -     WARNING (SFE-3016): The floating node net20 is removed. {"history": "Interactive.203", "point": 1, "testname": "Potentiostat_7_CA_TIA_Front_tb_calib_1", "cornername": "Nominal"}
[2026-05-28 10:51:08.698 Z] [WARN] [cadence.virtuoso.ade.simulationMonitor] -     WARNING (SFE-3016): The floating node net14 is removed. {"history": "Interactive.203", "point": 1, "testname": "Potentiostat_7_CA_TIA_Front_tb_calib_1", "cornername": "Nominal"}
[2026-05-28 10:51:08.698 Z] [WARN] [cadence.virtuoso.ade.simulationMonitor] -     WARNING (SFE-3016): The floating node net13 is removed. {"history": "Interactive.203", "point": 1, "testname": "Potentiostat_7_CA_TIA_Front_tb_calib_1", "cornername": "Nominal"}
[2026-05-28 10:51:08.698 Z] [WARN] [cadence.virtuoso.ade.simulationMonitor] -     WARNING (SFE-3023): The dangling node net24 is removed. It should not be dangling since it is defined in top level. {"history": "Interactive.203", "point": 1, "testname": "Potentiostat_7_CA_TIA_Front_tb_calib_1", "cornername": "Nominal"}
[2026-05-28 10:51:08.698 Z] [INFO] [cadence.virtuoso.ade.simulationMonitor] - Notice from spectre during hierarchy flattening.
    Spectre X Parasitic Optimization enabled.
    Parasitic optimization will filter out parasitic nodes, nodes only connected to RCs, by default. To view individual parasitic nodes use individual save statements (i.e. save out), or use the 'savefilter=none' option to save all parasitic nodes. Saving all parasitic nodes may slow down simulation and create large waveform files. {"history": "Interactive.203", "point": 1, "testname": "Potentiostat_7_CA_TIA_Front_tb_calib_1", "cornername": "Nominal"}
[2026-05-28 10:51:08.698 Z] [INFO] [cadence.virtuoso.ade.simulationMonitor] - Peak resident memory used = 227 Mbytes. {"history": "Interactive.203", "point": 1, "testname": "Potentiostat_7_CA_TIA_Front_tb_calib_1", "cornername": "Nominal"}
[2026-05-28 10:51:08.699 Z] [INFO] [cadence.virtuoso.ade.simulationMonitor] - Notice from spectre during hierarchy flattening.
    The value 'psf' specified for the 'checklimitdest' option will no longer be supported in future releases. Use 'spectre -h' to see other recommended values for the 'checklimitdest' option.
    I25.I26 of Potentiostat_7_CA_TIA_Front_calib_schematic: `period' has the unusually large value of 6 s.
    I35.I0.R3.CS0 of rpolyhc: `c' has the unusually small value of 386.063e-21 F.
    I35.I0.R3.CS1 of rpolyhc: `c' has the unusually small value of 386.063e-21 F.... {"history": "Interactive.203", "point": 1, "testname": "Potentiostat_7_CA_TIA_Front_tb_calib_1", "cornername": "Nominal"}
[2026-05-28 10:51:09.199 Z] [INFO] [cadence.virtuoso.ade.simulationMonitor] - Notice from spectre during hierarchy flattening.
    V3: `period' has the unusually large value of 6 s. {"history": "Interactive.203", "point": 1, "testname": "Potentiostat_7_CA_TIA_Front_tb_calib_1", "cornername": "Nominal"}
[2026-05-28 10:51:09.200 Z] [INFO] [cadence.virtuoso.ade.simulationMonitor] - Peak resident memory used = 234 Mbytes. {"history": "Interactive.203", "point": 1, "testname": "Potentiostat_7_CA_TIA_Front_tb_calib_1", "cornername": "Nominal"}
[2026-05-28 10:51:09.200 Z] [WARN] [cadence.virtuoso.ade.simulationMonitor] -     WARNING (CMI-2425): I35.I4.C1(0): `Acde' = 2.393 is unusually large. {"history": "Interactive.203", "point": 1, "testname": "Potentiostat_7_CA_TIA_Front_tb_calib_1", "cornername": "Nominal"}
[2026-05-28 10:51:09.200 Z] [WARN] [cadence.virtuoso.ade.simulationMonitor] -     WARNING (CMI-2425): I35.I4.C1(0): `Noff' = 4.732 is unusually large. {"history": "Interactive.203", "point": 1, "testname": "Potentiostat_7_CA_TIA_Front_tb_calib_1", "cornername": "Nominal"}
[2026-05-28 10:51:09.200 Z] [WARN] [cadence.virtuoso.ade.simulationMonitor] -     WARNING (CMI-2424): I35.I4.C1(0): `Voffcv' = -867.4e-03 is unusually small. {"history": "Interactive.203", "point": 1, "testname": "Potentiostat_7_CA_TIA_Front_tb_calib_1", "cornername": "Nominal"}
[2026-05-28 10:51:09.200 Z] [WARN] [cadence.virtuoso.ade.simulationMonitor] -     WARNING (CMI-2425): I35.I0.C0(0): `Acde' = 2.393 is unusually large. {"history": "Interactive.203", "point": 1, "testname": "Potentiostat_7_CA_TIA_Front_tb_calib_1", "cornername": "Nominal"}
[2026-05-28 10:51:09.201 Z] [WARN] [cadence.virtuoso.ade.simulationMonitor] -     WARNING (CMI-2425): I35.I0.C0(0): `Noff' = 4.732 is unusually large. {"history": "Interactive.203", "point": 1, "testname": "Potentiostat_7_CA_TIA_Front_tb_calib_1", "cornername": "Nominal"}
[2026-05-28 10:51:09.201 Z] [WARN] [cadence.virtuoso.ade.simulationMonitor] -     WARNING (CMI-2424): I35.I0.C0(0): `Voffcv' = -867.4e-03 is unusually small. {"history": "Interactive.203", "point": 1, "testname": "Potentiostat_7_CA_TIA_Front_tb_calib_1", "cornername": "Nominal"}
[2026-05-28 10:51:09.201 Z] [WARN] [cadence.virtuoso.ade.simulationMonitor] -     WARNING (CMI-2425): I35.I0.C2: `Acde' = 2.393 is unusually large.
        Further occurrences of this warning will be suppressed. {"history": "Interactive.203", "point": 1, "testname": "Potentiostat_7_CA_TIA_Front_tb_calib_1", "cornername": "Nominal"}
[2026-05-28 10:51:09.201 Z] [WARN] [cadence.virtuoso.ade.simulationMonitor] -     WARNING (CMI-2424): I35.I0.C2: `Voffcv' = -867.4e-03 is unusually small. {"history": "Interactive.203", "point": 1, "testname": "Potentiostat_7_CA_TIA_Front_tb_calib_1", "cornername": "Nominal"}
[2026-05-28 10:51:09.201 Z] [WARN] [cadence.virtuoso.ade.simulationMonitor] -     WARNING (CMI-2424): I35.I0.C1: `Voffcv' = -867.4e-03 is unusually small. {"history": "Interactive.203", "point": 1, "testname": "Potentiostat_7_CA_TIA_Front_tb_calib_1", "cornername": "Nominal"}
[2026-05-28 10:51:09.201 Z] [WARN] [cadence.virtuoso.ade.simulationMonitor] -     WARNING (CMI-2424): I35.I1.C0: `Voffcv' = -867.4e-03 is unusually small.
        Further occurrences of this warning will be suppressed. {"history": "Interactive.203", "point": 1, "testname": "Potentiostat_7_CA_TIA_Front_tb_calib_1", "cornername": "Nominal"}
[2026-05-28 10:51:09.702 Z] [WARN] [cadence.virtuoso.ade.simulationMonitor] -     WARNING (SPECTRE-17607): Assert `SOAC_vert10_vsubpsub' is ignored because it contains an expression which is invalid or not supported by native evaluator.  {"history": "Interactive.203", "point": 1, "testname": "Potentiostat_7_CA_TIA_Front_tb_calib_1", "cornername": "Nominal"}
[2026-05-28 10:51:09.703 Z] [WARN] [cadence.virtuoso.ade.simulationMonitor] -     WARNING (SPECTRE-17607): Assert `SOAC_vert10_vcsub' is ignored because it contains an expression which is invalid or not supported by native evaluator.  {"history": "Interactive.203", "point": 1, "testname": "Potentiostat_7_CA_TIA_Front_tb_calib_1", "cornername": "Nominal"}
[2026-05-28 10:51:09.703 Z] [WARN] [cadence.virtuoso.ade.simulationMonitor] -     WARNING (SPECTRE-16460): SOAC_cvarm_vspsub:Specified subcircuit master `cvarm' was not found. {"history": "Interactive.203", "point": 1, "testname": "Potentiostat_7_CA_TIA_Front_tb_calib_1", "cornername": "Nominal"}
[2026-05-28 10:51:09.703 Z] [WARN] [cadence.virtuoso.ade.simulationMonitor] -     WARNING (SPECTRE-16462): SOAC_cvarm_vspsub:Error in specification of subcircuit master. Assert is ignored. {"history": "Interactive.203", "point": 1, "testname": "Potentiostat_7_CA_TIA_Front_tb_calib_1", "cornername": "Nominal"}
[2026-05-28 10:51:09.703 Z] [WARN] [cadence.virtuoso.ade.simulationMonitor] -     WARNING (SPECTRE-16460): SOAC_cvarm_vbs:Specified subcircuit master `cvarm' was not found. {"history": "Interactive.203", "point": 1, "testname": "Potentiostat_7_CA_TIA_Front_tb_calib_1", "cornername": "Nominal"}
[2026-05-28 10:51:09.703 Z] [WARN] [cadence.virtuoso.ade.simulationMonitor] -     WARNING (SPECTRE-16462): SOAC_cvarm_vbs:Error in specification of subcircuit master. Assert is ignored. {"history": "Interactive.203", "point": 1, "testname": "Potentiostat_7_CA_TIA_Front_tb_calib_1", "cornername": "Nominal"}
[2026-05-28 10:51:09.703 Z] [WARN] [cadence.virtuoso.ade.simulationMonitor] -     WARNING (SPECTRE-16460): SOAC_cvarm_vgb:Specified subcircuit master `cvarm' was not found. {"history": "Interactive.203", "point": 1, "testname": "Potentiostat_7_CA_TIA_Front_tb_calib_1", "cornername": "Nominal"}
[2026-05-28 10:51:09.704 Z] [WARN] [cadence.virtuoso.ade.simulationMonitor] -     WARNING (SPECTRE-16462): SOAC_cvarm_vgb:Error in specification of subcircuit master. Assert is ignored. {"history": "Interactive.203", "point": 1, "testname": "Potentiostat_7_CA_TIA_Front_tb_calib_1", "cornername": "Nominal"}
[2026-05-28 10:51:09.704 Z] [WARN] [cadence.virtuoso.ade.simulationMonitor] -     WARNING (SPECTRE-16460): SOAC_cvart_vspsub:Specified subcircuit master `cvart' was not found. {"history": "Interactive.203", "point": 1, "testname": "Potentiostat_7_CA_TIA_Front_tb_calib_1", "cornername": "Nominal"}
[2026-05-28 10:51:09.704 Z] [WARN] [cadence.virtuoso.ade.simulationMonitor] -     WARNING (SPECTRE-16462): SOAC_cvart_vspsub:Error in specification of subcircuit master. Assert is ignored. {"history": "Interactive.203", "point": 1, "testname": "Potentiostat_7_CA_TIA_Front_tb_calib_1", "cornername": "Nominal"}
[2026-05-28 10:51:09.704 Z] [WARN] [cadence.virtuoso.ade.simulationMonitor] -     WARNING (SPECTRE-16460): SOAC_cvart_vbs:Specified subcircuit master `cvart' was not found.
        Further occurrences of this warning will be suppressed. {"history": "Interactive.203", "point": 1, "testname": "Potentiostat_7_CA_TIA_Front_tb_calib_1", "cornername": "Nominal"}
[2026-05-28 10:51:09.704 Z] [WARN] [cadence.virtuoso.ade.simulationMonitor] -     WARNING (SPECTRE-16462): SOAC_cvart_vbs:Error in specification of subcircuit master. Assert is ignored.
        Further occurrences of this warning will be suppressed. {"history": "Interactive.203", "point": 1, "testname": "Potentiostat_7_CA_TIA_Front_tb_calib_1", "cornername": "Nominal"}
[2026-05-28 10:51:10.205 Z] [INFO] [cadence.virtuoso.ade.simulationMonitor] - Notice from spectre during topology check.
    Only one connection to the following 1297 nodes:
        I25.I30.avD43_1.psub!
        I25.I30.I0|M_i_1.psub!
        I25.I30.I0|M_i_0.psub!
        I25.I30.MN0_1__rcx.psub!
        I25.I30.MN0.psub!
        Further occurrences of this notice will be suppressed. {"history": "Interactive.203", "point": 1, "testname": "Potentiostat_7_CA_TIA_Front_tb_calib_1", "cornername": "Nominal"}
[2026-05-28 10:51:13.210 Z] [INFO] [cadence.virtuoso.ade.simulationMonitor] -               nodes 13978 {"history": "Interactive.203", "point": 1, "testname": "Potentiostat_7_CA_TIA_Front_tb_calib_1", "cornername": "Nominal"}
[2026-05-28 10:51:13.210 Z] [INFO] [cadence.virtuoso.ade.simulationMonitor] - Notice from spectre during initial setup.
    4 vsources are shorted because their absolute value is less than or equal to 'vabsshort'.
    Spectre X preset=cx enabled.
    5 notices suppressed.
    129 warnings suppressed. {"history": "Interactive.203", "point": 1, "testname": "Potentiostat_7_CA_TIA_Front_tb_calib_1", "cornername": "Nominal"}
[2026-05-28 10:51:13.211 Z] [INFO] [cadence.virtuoso.ade.simulationMonitor] - Notice from spectre.
    Multithreading enabled: 8 threads in the system with 48 available processors. {"history": "Interactive.203", "point": 1, "testname": "Potentiostat_7_CA_TIA_Front_tb_calib_1", "cornername": "Nominal"}
[2026-05-28 10:51:13.211 Z] [INFO] [cadence.virtuoso.ade.simulationMonitor] - Peak resident memory used = 290 Mbytes. {"history": "Interactive.203", "point": 1, "testname": "Potentiostat_7_CA_TIA_Front_tb_calib_1", "cornername": "Nominal"}
[2026-05-28 10:51:13.211 Z] [INFO] [cadence.virtuoso.ade.simulationMonitor] -    -   (Spectre X) Multi-threading. The recommended number of threads is [4, 8], consider adding +mt=4 or +mt=8 on command line. {"history": "Interactive.203", "point": 1, "testname": "Potentiostat_7_CA_TIA_Front_tb_calib_1", "cornername": "Nominal"}
[2026-05-28 10:51:13.211 Z] [INFO] [cadence.virtuoso.ade.simulationMonitor] - Notice from spectre during DC analysis `dcOp'.
    No checklimit analysis defined for asserts. A default checklimit analysis 'SpectreChecklimitAnal' has been created with all asserts enabled. {"history": "Interactive.203", "point": 1, "testname": "Potentiostat_7_CA_TIA_Front_tb_calib_1", "cornername": "Nominal"}
[2026-05-28 10:51:14.212 Z] [INFO] [cadence.virtuoso.ade.simulationMonitor] - Notice from spectre during DC analysis `dcOp'.
    Bad pivoting is found during DC analysis. Option dc_pivot_check=yes is recommended for possible improvement of convergence. {"history": "Interactive.203", "point": 1, "testname": "Potentiostat_7_CA_TIA_Front_tb_calib_1", "cornername": "Nominal"}
[2026-05-28 10:51:14.213 Z] [WARN] [cadence.virtuoso.ade.simulationMonitor] -     WARNING (CMI-2943): Parameter checks have been ignored because the valid value for parameter 'trise' could not be found in 'C8'. {"history": "Interactive.203", "point": 1, "testname": "Potentiostat_7_CA_TIA_Front_tb_calib_1", "cornername": "Nominal"}
[2026-05-28 10:51:14.213 Z] [WARN] [cadence.virtuoso.ade.simulationMonitor] -     WARNING (CMI-2943): Parameter checks have been ignored because the valid value for parameter 'trise' could not be found in 'C10'. {"history": "Interactive.203", "point": 1, "testname": "Potentiostat_7_CA_TIA_Front_tb_calib_1", "cornername": "Nominal"}
[2026-05-28 10:51:14.213 Z] [WARN] [cadence.virtuoso.ade.simulationMonitor] -     WARNING (CMI-2943): Parameter checks have been ignored because the valid value for parameter 'trise' could not be found in 'C6'. {"history": "Interactive.203", "point": 1, "testname": "Potentiostat_7_CA_TIA_Front_tb_calib_1", "cornername": "Nominal"}
[2026-05-28 10:51:14.213 Z] [WARN] [cadence.virtuoso.ade.simulationMonitor] -     WARNING (CMI-2943): Parameter checks have been ignored because the valid value for parameter 'trise' could not be found in 'C4'. {"history": "Interactive.203", "point": 1, "testname": "Potentiostat_7_CA_TIA_Front_tb_calib_1", "cornername": "Nominal"}
[2026-05-28 10:51:14.213 Z] [WARN] [cadence.virtuoso.ade.simulationMonitor] -     WARNING (CMI-2943): Parameter checks have been ignored because the valid value for parameter 'trise' could not be found in 'C7'.
        Further occurrences of this warning will be suppressed. {"history": "Interactive.203", "point": 1, "testname": "Potentiostat_7_CA_TIA_Front_tb_calib_1", "cornername": "Nominal"}
[2026-05-28 10:51:14.213 Z] [INFO] [cadence.virtuoso.ade.simulationMonitor] - Total time required for dc analysis `dcOp': CPU = 6.88611 s, elapsed = 1.40632 s, util. = 490%. {"history": "Interactive.203", "point": 1, "testname": "Potentiostat_7_CA_TIA_Front_tb_calib_1", "cornername": "Nominal"}
[2026-05-28 10:51:14.214 Z] [INFO] [cadence.virtuoso.ade.simulationMonitor] - Peak resident memory used = 318 Mbytes. {"history": "Interactive.203", "point": 1, "testname": "Potentiostat_7_CA_TIA_Front_tb_calib_1", "cornername": "Nominal"}
[2026-05-28 10:51:14.214 Z] [INFO] [cadence.virtuoso.ade.simulationMonitor] - Notice from spectre.
    680 warnings suppressed. {"history": "Interactive.203", "point": 1, "testname": "Potentiostat_7_CA_TIA_Front_tb_calib_1", "cornername": "Nominal"}
[2026-05-28 10:51:17.216 Z] [WARN] [cadence.virtuoso.ade.simulationMonitor] -     WARNING (CMI-2425): I25.I22.C2: `Acde' = 2.393 is unusually large. {"history": "Interactive.203", "point": 1, "testname": "Potentiostat_7_CA_TIA_Front_tb_calib_1", "cornername": "Nominal"}
[2026-05-28 10:51:17.216 Z] [WARN] [cadence.virtuoso.ade.simulationMonitor] -     WARNING (CMI-2425): I25.I22.C2: `Noff' = 4.732 is unusually large. {"history": "Interactive.203", "point": 1, "testname": "Potentiostat_7_CA_TIA_Front_tb_calib_1", "cornername": "Nominal"}
[2026-05-28 10:51:17.217 Z] [WARN] [cadence.virtuoso.ade.simulationMonitor] -     WARNING (CMI-2424): I25.I22.C2: `Voffcv' = -867.4e-03 is unusually small. {"history": "Interactive.203", "point": 1, "testname": "Potentiostat_7_CA_TIA_Front_tb_calib_1", "cornername": "Nominal"}
[2026-05-28 10:51:17.217 Z] [WARN] [cadence.virtuoso.ade.simulationMonitor] -     WARNING (CMI-2425): I25.I33.C0: `Acde' = 2.393 is unusually large. {"history": "Interactive.203", "point": 1, "testname": "Potentiostat_7_CA_TIA_Front_tb_calib_1", "cornername": "Nominal"}
[2026-05-28 10:51:17.217 Z] [WARN] [cadence.virtuoso.ade.simulationMonitor] -     WARNING (CMI-2425): I25.I33.C0: `Noff' = 4.732 is unusually large. {"history": "Interactive.203", "point": 1, "testname": "Potentiostat_7_CA_TIA_Front_tb_calib_1", "cornername": "Nominal"}
[2026-05-28 10:51:17.217 Z] [WARN] [cadence.virtuoso.ade.simulationMonitor] -     WARNING (CMI-2424): I25.I33.C0: `Voffcv' = -867.4e-03 is unusually small. {"history": "Interactive.203", "point": 1, "testname": "Potentiostat_7_CA_TIA_Front_tb_calib_1", "cornername": "Nominal"}
[2026-05-28 10:51:17.217 Z] [WARN] [cadence.virtuoso.ade.simulationMonitor] -     WARNING (CMI-2425): I35.I1.C0: `Acde' = 2.393 is unusually large.
        Further occurrences of this warning will be suppressed. {"history": "Interactive.203", "point": 1, "testname": "Potentiostat_7_CA_TIA_Front_tb_calib_1", "cornername": "Nominal"}
[2026-05-28 10:51:17.217 Z] [WARN] [cadence.virtuoso.ade.simulationMonitor] -     WARNING (CMI-2424): I35.I1.C0: `Voffcv' = -867.4e-03 is unusually small. {"history": "Interactive.203", "point": 1, "testname": "Potentiostat_7_CA_TIA_Front_tb_calib_1", "cornername": "Nominal"}
[2026-05-28 10:51:17.218 Z] [WARN] [cadence.virtuoso.ade.simulationMonitor] -     WARNING (CMI-2424): I35.I0.C1: `Voffcv' = -867.4e-03 is unusually small. {"history": "Interactive.203", "point": 1, "testname": "Potentiostat_7_CA_TIA_Front_tb_calib_1", "cornername": "Nominal"}
[2026-05-28 10:51:17.218 Z] [WARN] [cadence.virtuoso.ade.simulationMonitor] -     WARNING (CMI-2424): I35.I0.C2: `Voffcv' = -867.4e-03 is unusually small.
        Further occurrences of this warning will be suppressed. {"history": "Interactive.203", "point": 1, "testname": "Potentiostat_7_CA_TIA_Front_tb_calib_1", "cornername": "Nominal"}
[2026-05-28 10:51:18.718 Z] [INFO] [cadence.virtuoso.ade.simulationMonitor] - Notice from spectre during DC analysis, during STB analysis `stb'.
    Bad pivoting is found during DC analysis. Option dc_pivot_check=yes is recommended for possible improvement of convergence. {"history": "Interactive.203", "point": 1, "testname": "Potentiostat_7_CA_TIA_Front_tb_calib_1", "cornername": "Nominal"}
[2026-05-28 10:51:18.719 Z] [WARN] [cadence.virtuoso.ade.simulationMonitor] -     WARNING (CMI-2943): Parameter checks have been ignored because the valid value for parameter 'trise' could not be found in 'C8'. {"history": "Interactive.203", "point": 1, "testname": "Potentiostat_7_CA_TIA_Front_tb_calib_1", "cornername": "Nominal"}
[2026-05-28 10:51:18.719 Z] [WARN] [cadence.virtuoso.ade.simulationMonitor] -     WARNING (CMI-2943): Parameter checks have been ignored because the valid value for parameter 'trise' could not be found in 'C10'. {"history": "Interactive.203", "point": 1, "testname": "Potentiostat_7_CA_TIA_Front_tb_calib_1", "cornername": "Nominal"}
[2026-05-28 10:51:18.720 Z] [WARN] [cadence.virtuoso.ade.simulationMonitor] -     WARNING (CMI-2943): Parameter checks have been ignored because the valid value for parameter 'trise' could not be found in 'C6'. {"history": "Interactive.203", "point": 1, "testname": "Potentiostat_7_CA_TIA_Front_tb_calib_1", "cornername": "Nominal"}
[2026-05-28 10:51:18.720 Z] [WARN] [cadence.virtuoso.ade.simulationMonitor] -     WARNING (CMI-2943): Parameter checks have been ignored because the valid value for parameter 'trise' could not be found in 'C4'. {"history": "Interactive.203", "point": 1, "testname": "Potentiostat_7_CA_TIA_Front_tb_calib_1", "cornername": "Nominal"}
[2026-05-28 10:51:18.720 Z] [WARN] [cadence.virtuoso.ade.simulationMonitor] -     WARNING (CMI-2943): Parameter checks have been ignored because the valid value for parameter 'trise' could not be found in 'C7'.
        Further occurrences of this warning will be suppressed. {"history": "Interactive.203", "point": 1, "testname": "Potentiostat_7_CA_TIA_Front_tb_calib_1", "cornername": "Nominal"}
[2026-05-28 10:51:21.222 Z] [INFO] [cadence.virtuoso.ade.simulationMonitor] - Notice from spectre at freq = 100 MHz during STB analysis `stb'.
    No gain margin. Phase does not reach 0 Deg. {"history": "Interactive.203", "point": 1, "testname": "Potentiostat_7_CA_TIA_Front_tb_calib_1", "cornername": "Nominal"}
[2026-05-28 10:51:21.222 Z] [INFO] [cadence.virtuoso.ade.simulationMonitor] - Total time required for stb analysis `stb': CPU = 20.721 s, elapsed = 3.93641 s, util. = 526%. {"history": "Interactive.203", "point": 1, "testname": "Potentiostat_7_CA_TIA_Front_tb_calib_1", "cornername": "Nominal"}
[2026-05-28 10:51:21.222 Z] [INFO] [cadence.virtuoso.ade.simulationMonitor] - Peak resident memory used = 359 Mbytes. {"history": "Interactive.203", "point": 1, "testname": "Potentiostat_7_CA_TIA_Front_tb_calib_1", "cornername": "Nominal"}
[2026-05-28 10:51:21.223 Z] [INFO] [cadence.virtuoso.ade.simulationMonitor] - Notice from spectre.
    691 warnings suppressed. {"history": "Interactive.203", "point": 1, "testname": "Potentiostat_7_CA_TIA_Front_tb_calib_1", "cornername": "Nominal"}
[2026-05-28 10:51:24.224 Z] [WARN] [cadence.virtuoso.ade.simulationMonitor] -     WARNING (CMI-2425): I25.I22.C2: `Acde' = 2.393 is unusually large. {"history": "Interactive.203", "point": 1, "testname": "Potentiostat_7_CA_TIA_Front_tb_calib_1", "cornername": "Nominal"}
[2026-05-28 10:51:24.224 Z] [WARN] [cadence.virtuoso.ade.simulationMonitor] -     WARNING (CMI-2425): I25.I22.C2: `Noff' = 4.732 is unusually large. {"history": "Interactive.203", "point": 1, "testname": "Potentiostat_7_CA_TIA_Front_tb_calib_1", "cornername": "Nominal"}
[2026-05-28 10:51:24.224 Z] [WARN] [cadence.virtuoso.ade.simulationMonitor] -     WARNING (CMI-2424): I25.I22.C2: `Voffcv' = -867.4e-03 is unusually small. {"history": "Interactive.203", "point": 1, "testname": "Potentiostat_7_CA_TIA_Front_tb_calib_1", "cornername": "Nominal"}
[2026-05-28 10:51:24.225 Z] [WARN] [cadence.virtuoso.ade.simulationMonitor] -     WARNING (CMI-2425): I25.I33.C0: `Acde' = 2.393 is unusually large. {"history": "Interactive.203", "point": 1, "testname": "Potentiostat_7_CA_TIA_Front_tb_calib_1", "cornername": "Nominal"}
[2026-05-28 10:51:24.225 Z] [WARN] [cadence.virtuoso.ade.simulationMonitor] -     WARNING (CMI-2425): I25.I33.C0: `Noff' = 4.732 is unusually large. {"history": "Interactive.203", "point": 1, "testname": "Potentiostat_7_CA_TIA_Front_tb_calib_1", "cornername": "Nominal"}
[2026-05-28 10:51:24.225 Z] [WARN] [cadence.virtuoso.ade.simulationMonitor] -     WARNING (CMI-2424): I25.I33.C0: `Voffcv' = -867.4e-03 is unusually small. {"history": "Interactive.203", "point": 1, "testname": "Potentiostat_7_CA_TIA_Front_tb_calib_1", "cornername": "Nominal"}
[2026-05-28 10:51:24.225 Z] [WARN] [cadence.virtuoso.ade.simulationMonitor] -     WARNING (CMI-2425): I35.I1.C0: `Acde' = 2.393 is unusually large.
        Further occurrences of this warning will be suppressed. {"history": "Interactive.203", "point": 1, "testname": "Potentiostat_7_CA_TIA_Front_tb_calib_1", "cornername": "Nominal"}
[2026-05-28 10:51:24.225 Z] [WARN] [cadence.virtuoso.ade.simulationMonitor] -     WARNING (CMI-2424): I35.I1.C0: `Voffcv' = -867.4e-03 is unusually small. {"history": "Interactive.203", "point": 1, "testname": "Potentiostat_7_CA_TIA_Front_tb_calib_1", "cornername": "Nominal"}
[2026-05-28 10:51:24.225 Z] [WARN] [cadence.virtuoso.ade.simulationMonitor] -     WARNING (CMI-2424): I35.I0.C1: `Voffcv' = -867.4e-03 is unusually small. {"history": "Interactive.203", "point": 1, "testname": "Potentiostat_7_CA_TIA_Front_tb_calib_1", "cornername": "Nominal"}
[2026-05-28 10:51:24.226 Z] [WARN] [cadence.virtuoso.ade.simulationMonitor] -     WARNING (CMI-2424): I35.I0.C2: `Voffcv' = -867.4e-03 is unusually small.
        Further occurrences of this warning will be suppressed. {"history": "Interactive.203", "point": 1, "testname": "Potentiostat_7_CA_TIA_Front_tb_calib_1", "cornername": "Nominal"}
[2026-05-28 10:51:27.728 Z] [INFO] [cadence.virtuoso.ade.simulationMonitor] - Notice from spectre during IC analysis, during transient analysis `tran'.
    Bad pivoting is found during DC analysis. Option dc_pivot_check=yes is recommended for possible improvement of convergence. {"history": "Interactive.203", "point": 1, "testname": "Potentiostat_7_CA_TIA_Front_tb_calib_1", "cornername": "Nominal"}
[2026-05-28 10:51:27.729 Z] [WARN] [cadence.virtuoso.ade.simulationMonitor] -     WARNING (CMI-2943): Parameter checks have been ignored because the valid value for parameter 'trise' could not be found in 'C8'. {"history": "Interactive.203", "point": 1, "testname": "Potentiostat_7_CA_TIA_Front_tb_calib_1", "cornername": "Nominal"}
[2026-05-28 10:51:27.729 Z] [WARN] [cadence.virtuoso.ade.simulationMonitor] -     WARNING (CMI-2943): Parameter checks have been ignored because the valid value for parameter 'trise' could not be found in 'C10'. {"history": "Interactive.203", "point": 1, "testname": "Potentiostat_7_CA_TIA_Front_tb_calib_1", "cornername": "Nominal"}
[2026-05-28 10:51:27.730 Z] [WARN] [cadence.virtuoso.ade.simulationMonitor] -     WARNING (CMI-2943): Parameter checks have been ignored because the valid value for parameter 'trise' could not be found in 'C6'. {"history": "Interactive.203", "point": 1, "testname": "Potentiostat_7_CA_TIA_Front_tb_calib_1", "cornername": "Nominal"}
[2026-05-28 10:51:27.730 Z] [WARN] [cadence.virtuoso.ade.simulationMonitor] -     WARNING (CMI-2943): Parameter checks have been ignored because the valid value for parameter 'trise' could not be found in 'C4'. {"history": "Interactive.203", "point": 1, "testname": "Potentiostat_7_CA_TIA_Front_tb_calib_1", "cornername": "Nominal"}
[2026-05-28 10:51:27.730 Z] [WARN] [cadence.virtuoso.ade.simulationMonitor] -     WARNING (CMI-2943): Parameter checks have been ignored because the valid value for parameter 'trise' could not be found in 'C7'.
        Further occurrences of this warning will be suppressed. {"history": "Interactive.203", "point": 1, "testname": "Potentiostat_7_CA_TIA_Front_tb_calib_1", "cornername": "Nominal"}
[2026-05-28 10:51:37.736 Z] [INFO] [cadence.virtuoso.ade.simulationMonitor] - Total time required for tran analysis `tran': CPU = 86.5048 s (1m  26.5s), elapsed = 13.84 s, util. = 625%. {"history": "Interactive.203", "point": 1, "testname": "Potentiostat_7_CA_TIA_Front_tb_calib_1", "cornername": "Nominal"}
[2026-05-28 10:51:37.736 Z] [INFO] [cadence.virtuoso.ade.simulationMonitor] - Peak resident memory used = 369 Mbytes. {"history": "Interactive.203", "point": 1, "testname": "Potentiostat_7_CA_TIA_Front_tb_calib_1", "cornername": "Nominal"}
[2026-05-28 10:51:37.736 Z] [INFO] [cadence.virtuoso.ade.simulationMonitor] - Notice from spectre.
    691 warnings suppressed. {"history": "Interactive.203", "point": 1, "testname": "Potentiostat_7_CA_TIA_Front_tb_calib_1", "cornername": "Nominal"}
[2026-05-28 10:51:40.738 Z] [WARN] [cadence.virtuoso.ade.simulationMonitor] -     WARNING (CMI-2425): I25.I22.C2: `Acde' = 2.393 is unusually large. {"history": "Interactive.203", "point": 1, "testname": "Potentiostat_7_CA_TIA_Front_tb_calib_1", "cornername": "Nominal"}
[2026-05-28 10:51:40.738 Z] [WARN] [cadence.virtuoso.ade.simulationMonitor] -     WARNING (CMI-2425): I25.I22.C2: `Noff' = 4.732 is unusually large. {"history": "Interactive.203", "point": 1, "testname": "Potentiostat_7_CA_TIA_Front_tb_calib_1", "cornername": "Nominal"}
[2026-05-28 10:51:40.739 Z] [WARN] [cadence.virtuoso.ade.simulationMonitor] -     WARNING (CMI-2424): I25.I22.C2: `Voffcv' = -867.4e-03 is unusually small. {"history": "Interactive.203", "point": 1, "testname": "Potentiostat_7_CA_TIA_Front_tb_calib_1", "cornername": "Nominal"}
[2026-05-28 10:51:40.739 Z] [WARN] [cadence.virtuoso.ade.simulationMonitor] -     WARNING (CMI-2425): I25.I33.C0: `Acde' = 2.393 is unusually large. {"history": "Interactive.203", "point": 1, "testname": "Potentiostat_7_CA_TIA_Front_tb_calib_1", "cornername": "Nominal"}
[2026-05-28 10:51:40.739 Z] [WARN] [cadence.virtuoso.ade.simulationMonitor] -     WARNING (CMI-2425): I25.I33.C0: `Noff' = 4.732 is unusually large. {"history": "Interactive.203", "point": 1, "testname": "Potentiostat_7_CA_TIA_Front_tb_calib_1", "cornername": "Nominal"}
[2026-05-28 10:51:40.739 Z] [WARN] [cadence.virtuoso.ade.simulationMonitor] -     WARNING (CMI-2424): I25.I33.C0: `Voffcv' = -867.4e-03 is unusually small. {"history": "Interactive.203", "point": 1, "testname": "Potentiostat_7_CA_TIA_Front_tb_calib_1", "cornername": "Nominal"}
[2026-05-28 10:51:40.739 Z] [WARN] [cadence.virtuoso.ade.simulationMonitor] -     WARNING (CMI-2425): I35.I1.C0: `Acde' = 2.393 is unusually large.
        Further occurrences of this warning will be suppressed. {"history": "Interactive.203", "point": 1, "testname": "Potentiostat_7_CA_TIA_Front_tb_calib_1", "cornername": "Nominal"}
[2026-05-28 10:51:40.739 Z] [WARN] [cadence.virtuoso.ade.simulationMonitor] -     WARNING (CMI-2424): I35.I1.C0: `Voffcv' = -867.4e-03 is unusually small. {"history": "Interactive.203", "point": 1, "testname": "Potentiostat_7_CA_TIA_Front_tb_calib_1", "cornername": "Nominal"}
[2026-05-28 10:51:40.740 Z] [WARN] [cadence.virtuoso.ade.simulationMonitor] -     WARNING (CMI-2424): I35.I0.C1: `Voffcv' = -867.4e-03 is unusually small. {"history": "Interactive.203", "point": 1, "testname": "Potentiostat_7_CA_TIA_Front_tb_calib_1", "cornername": "Nominal"}
[2026-05-28 10:51:40.740 Z] [WARN] [cadence.virtuoso.ade.simulationMonitor] -     WARNING (CMI-2424): I35.I0.C2: `Voffcv' = -867.4e-03 is unusually small.
        Further occurrences of this warning will be suppressed. {"history": "Interactive.203", "point": 1, "testname": "Potentiostat_7_CA_TIA_Front_tb_calib_1", "cornername": "Nominal"}
[2026-05-28 10:51:42.741 Z] [INFO] [cadence.virtuoso.ade.simulationMonitor] - Notice from spectre during DC analysis, during AC analysis `ac'.
    Bad pivoting is found during DC analysis. Option dc_pivot_check=yes is recommended for possible improvement of convergence. {"history": "Interactive.203", "point": 1, "testname": "Potentiostat_7_CA_TIA_Front_tb_calib_1", "cornername": "Nominal"}
[2026-05-28 10:51:42.742 Z] [WARN] [cadence.virtuoso.ade.simulationMonitor] -     WARNING (CMI-2943): Parameter checks have been ignored because the valid value for parameter 'trise' could not be found in 'C8'. {"history": "Interactive.203", "point": 1, "testname": "Potentiostat_7_CA_TIA_Front_tb_calib_1", "cornername": "Nominal"}
[2026-05-28 10:51:42.742 Z] [WARN] [cadence.virtuoso.ade.simulationMonitor] -     WARNING (CMI-2943): Parameter checks have been ignored because the valid value for parameter 'trise' could not be found in 'C10'. {"history": "Interactive.203", "point": 1, "testname": "Potentiostat_7_CA_TIA_Front_tb_calib_1", "cornername": "Nominal"}
[2026-05-28 10:51:42.742 Z] [WARN] [cadence.virtuoso.ade.simulationMonitor] -     WARNING (CMI-2943): Parameter checks have been ignored because the valid value for parameter 'trise' could not be found in 'C6'. {"history": "Interactive.203", "point": 1, "testname": "Potentiostat_7_CA_TIA_Front_tb_calib_1", "cornername": "Nominal"}
[2026-05-28 10:51:42.742 Z] [WARN] [cadence.virtuoso.ade.simulationMonitor] -     WARNING (CMI-2943): Parameter checks have been ignored because the valid value for parameter 'trise' could not be found in 'C4'. {"history": "Interactive.203", "point": 1, "testname": "Potentiostat_7_CA_TIA_Front_tb_calib_1", "cornername": "Nominal"}
[2026-05-28 10:51:42.742 Z] [WARN] [cadence.virtuoso.ade.simulationMonitor] -     WARNING (CMI-2943): Parameter checks have been ignored because the valid value for parameter 'trise' could not be found in 'C7'.
        Further occurrences of this warning will be suppressed. {"history": "Interactive.203", "point": 1, "testname": "Potentiostat_7_CA_TIA_Front_tb_calib_1", "cornername": "Nominal"}
[2026-05-28 10:51:42.743 Z] [WARN] [cadence.virtuoso.ade.simulationMonitor] -     WARNING (SPECTRE-17192): 
        Tolerance relaxation is used during DC simulation which may affect the accuracy of the result. This is mainly caused by the high impedance nodes in the circuit. Use the dyn_highz check to determine the high impedance nodes. Setting/assigning appropriate initial values to these nodes will usually help to improve both performance and accuracy of DC simulations. {"history": "Interactive.203", "point": 1, "testname": "Potentiostat_7_CA_TIA_Front_tb_calib_1", "cornername": "Nominal"}
[2026-05-28 10:51:46.244 Z] [INFO] [cadence.virtuoso.ade.simulationMonitor] - Total time required for ac analysis `ac': CPU = 26.6787 s, elapsed = 5.38034 s, util. = 496%. {"history": "Interactive.203", "point": 1, "testname": "Potentiostat_7_CA_TIA_Front_tb_calib_1", "cornername": "Nominal"}
[2026-05-28 10:51:46.245 Z] [INFO] [cadence.virtuoso.ade.simulationMonitor] - Peak resident memory used = 385 Mbytes. {"history": "Interactive.203", "point": 1, "testname": "Potentiostat_7_CA_TIA_Front_tb_calib_1", "cornername": "Nominal"}
[2026-05-28 10:51:46.245 Z] [INFO] [cadence.virtuoso.ade.simulationMonitor] - Notice from spectre.
    691 warnings suppressed. {"history": "Interactive.203", "point": 1, "testname": "Potentiostat_7_CA_TIA_Front_tb_calib_1", "cornername": "Nominal"}
[2026-05-28 10:51:46.245 Z] [WARN] [cadence.virtuoso.ade.simulationMonitor] -     WARNING (CMI-2425): I25.I22.C2: `Acde' = 2.393 is unusually large. {"history": "Interactive.203", "point": 1, "testname": "Potentiostat_7_CA_TIA_Front_tb_calib_1", "cornername": "Nominal"}
[2026-05-28 10:51:46.245 Z] [WARN] [cadence.virtuoso.ade.simulationMonitor] -     WARNING (CMI-2425): I25.I22.C2: `Noff' = 4.732 is unusually large. {"history": "Interactive.203", "point": 1, "testname": "Potentiostat_7_CA_TIA_Front_tb_calib_1", "cornername": "Nominal"}
[2026-05-28 10:51:46.245 Z] [WARN] [cadence.virtuoso.ade.simulationMonitor] -     WARNING (CMI-2424): I25.I22.C2: `Voffcv' = -867.4e-03 is unusually small. {"history": "Interactive.203", "point": 1, "testname": "Potentiostat_7_CA_TIA_Front_tb_calib_1", "cornername": "Nominal"}
[2026-05-28 10:51:46.246 Z] [WARN] [cadence.virtuoso.ade.simulationMonitor] -     WARNING (CMI-2425): I25.I33.C0: `Acde' = 2.393 is unusually large. {"history": "Interactive.203", "point": 1, "testname": "Potentiostat_7_CA_TIA_Front_tb_calib_1", "cornername": "Nominal"}
[2026-05-28 10:51:46.246 Z] [WARN] [cadence.virtuoso.ade.simulationMonitor] -     WARNING (CMI-2425): I25.I33.C0: `Noff' = 4.732 is unusually large. {"history": "Interactive.203", "point": 1, "testname": "Potentiostat_7_CA_TIA_Front_tb_calib_1", "cornername": "Nominal"}
[2026-05-28 10:51:46.246 Z] [WARN] [cadence.virtuoso.ade.simulationMonitor] -     WARNING (CMI-2424): I25.I33.C0: `Voffcv' = -867.4e-03 is unusually small. {"history": "Interactive.203", "point": 1, "testname": "Potentiostat_7_CA_TIA_Front_tb_calib_1", "cornername": "Nominal"}
[2026-05-28 10:51:46.246 Z] [WARN] [cadence.virtuoso.ade.simulationMonitor] -     WARNING (CMI-2425): I35.I1.C0: `Acde' = 2.393 is unusually large.
        Further occurrences of this warning will be suppressed. {"history": "Interactive.203", "point": 1, "testname": "Potentiostat_7_CA_TIA_Front_tb_calib_1", "cornername": "Nominal"}
[2026-05-28 10:51:46.246 Z] [WARN] [cadence.virtuoso.ade.simulationMonitor] -     WARNING (CMI-2424): I35.I1.C0: `Voffcv' = -867.4e-03 is unusually small. {"history": "Interactive.203", "point": 1, "testname": "Potentiostat_7_CA_TIA_Front_tb_calib_1", "cornername": "Nominal"}
[2026-05-28 10:51:46.246 Z] [WARN] [cadence.virtuoso.ade.simulationMonitor] -     WARNING (CMI-2424): I35.I0.C1: `Voffcv' = -867.4e-03 is unusually small. {"history": "Interactive.203", "point": 1, "testname": "Potentiostat_7_CA_TIA_Front_tb_calib_1", "cornername": "Nominal"}
[2026-05-28 10:51:46.247 Z] [WARN] [cadence.virtuoso.ade.simulationMonitor] -     WARNING (CMI-2424): I35.I0.C2: `Voffcv' = -867.4e-03 is unusually small.
        Further occurrences of this warning will be suppressed. {"history": "Interactive.203", "point": 1, "testname": "Potentiostat_7_CA_TIA_Front_tb_calib_1", "cornername": "Nominal"}
[2026-05-28 10:51:46.247 Z] [INFO] [cadence.virtuoso.ade.simulationMonitor] - Notice from spectre during Noise analysis `noise'.
    Operating points will not be recomputed: the circuit and conditions were not changed since previous analysis. {"history": "Interactive.203", "point": 1, "testname": "Potentiostat_7_CA_TIA_Front_tb_calib_1", "cornername": "Nominal"}
[2026-05-28 10:51:48.748 Z] [INFO] [cadence.virtuoso.ade.simulationMonitor] - Total time required for noise analysis `noise': CPU = 5.29972 s, elapsed = 2.46837 s, util. = 215%. {"history": "Interactive.203", "point": 1, "testname": "Potentiostat_7_CA_TIA_Front_tb_calib_1", "cornername": "Nominal"}
[2026-05-28 10:51:48.748 Z] [INFO] [cadence.virtuoso.ade.simulationMonitor] - Peak resident memory used = 386 Mbytes. {"history": "Interactive.203", "point": 1, "testname": "Potentiostat_7_CA_TIA_Front_tb_calib_1", "cornername": "Nominal"}
[2026-05-28 10:51:48.749 Z] [INFO] [cadence.virtuoso.ade.simulationMonitor] - Notice from spectre.
    11 warnings suppressed. {"history": "Interactive.203", "point": 1, "testname": "Potentiostat_7_CA_TIA_Front_tb_calib_1", "cornername": "Nominal"}
[2026-05-28 10:51:48.749 Z] [WARN] [cadence.virtuoso.ade.simulationMonitor] -     WARNING (CMI-2425): I25.I22.C2: `Acde' = 2.393 is unusually large. {"history": "Interactive.203", "point": 1, "testname": "Potentiostat_7_CA_TIA_Front_tb_calib_1", "cornername": "Nominal"}
[2026-05-28 10:51:48.749 Z] [WARN] [cadence.virtuoso.ade.simulationMonitor] -     WARNING (CMI-2425): I25.I22.C2: `Noff' = 4.732 is unusually large. {"history": "Interactive.203", "point": 1, "testname": "Potentiostat_7_CA_TIA_Front_tb_calib_1", "cornername": "Nominal"}
[2026-05-28 10:51:48.749 Z] [WARN] [cadence.virtuoso.ade.simulationMonitor] -     WARNING (CMI-2424): I25.I22.C2: `Voffcv' = -867.4e-03 is unusually small. {"history": "Interactive.203", "point": 1, "testname": "Potentiostat_7_CA_TIA_Front_tb_calib_1", "cornername": "Nominal"}
[2026-05-28 10:51:48.749 Z] [WARN] [cadence.virtuoso.ade.simulationMonitor] -     WARNING (CMI-2425): I25.I33.C0: `Acde' = 2.393 is unusually large. {"history": "Interactive.203", "point": 1, "testname": "Potentiostat_7_CA_TIA_Front_tb_calib_1", "cornername": "Nominal"}
[2026-05-28 10:51:48.749 Z] [WARN] [cadence.virtuoso.ade.simulationMonitor] -     WARNING (CMI-2425): I25.I33.C0: `Noff' = 4.732 is unusually large. {"history": "Interactive.203", "point": 1, "testname": "Potentiostat_7_CA_TIA_Front_tb_calib_1", "cornername": "Nominal"}
[2026-05-28 10:51:48.750 Z] [WARN] [cadence.virtuoso.ade.simulationMonitor] -     WARNING (CMI-2424): I25.I33.C0: `Voffcv' = -867.4e-03 is unusually small. {"history": "Interactive.203", "point": 1, "testname": "Potentiostat_7_CA_TIA_Front_tb_calib_1", "cornername": "Nominal"}
[2026-05-28 10:51:48.750 Z] [WARN] [cadence.virtuoso.ade.simulationMonitor] -     WARNING (CMI-2425): I35.I1.C0: `Acde' = 2.393 is unusually large.
        Further occurrences of this warning will be suppressed. {"history": "Interactive.203", "point": 1, "testname": "Potentiostat_7_CA_TIA_Front_tb_calib_1", "cornername": "Nominal"}
[2026-05-28 10:51:48.750 Z] [WARN] [cadence.virtuoso.ade.simulationMonitor] -     WARNING (CMI-2424): I35.I1.C0: `Voffcv' = -867.4e-03 is unusually small. {"history": "Interactive.203", "point": 1, "testname": "Potentiostat_7_CA_TIA_Front_tb_calib_1", "cornername": "Nominal"}
[2026-05-28 10:51:48.750 Z] [WARN] [cadence.virtuoso.ade.simulationMonitor] -     WARNING (CMI-2424): I35.I0.C1: `Voffcv' = -867.4e-03 is unusually small. {"history": "Interactive.203", "point": 1, "testname": "Potentiostat_7_CA_TIA_Front_tb_calib_1", "cornername": "Nominal"}
[2026-05-28 10:51:48.750 Z] [WARN] [cadence.virtuoso.ade.simulationMonitor] -     WARNING (CMI-2424): I35.I0.C2: `Voffcv' = -867.4e-03 is unusually small.
        Further occurrences of this warning will be suppressed. {"history": "Interactive.203", "point": 1, "testname": "Potentiostat_7_CA_TIA_Front_tb_calib_1", "cornername": "Nominal"}
[2026-05-28 10:51:48.751 Z] [INFO] [cadence.virtuoso.ade.simulationMonitor] - Notice from spectre during XF analysis `xf'.
    Operating points will not be recomputed: the circuit and conditions were not changed since previous analysis. {"history": "Interactive.203", "point": 1, "testname": "Potentiostat_7_CA_TIA_Front_tb_calib_1", "cornername": "Nominal"}
[2026-05-28 10:51:49.752 Z] [INFO] [cadence.virtuoso.ade.simulationMonitor] - Total time required for xf analysis `xf': CPU = 3.55378 s, elapsed = 1.05849 s, util. = 336%. {"history": "Interactive.203", "point": 1, "testname": "Potentiostat_7_CA_TIA_Front_tb_calib_1", "cornername": "Nominal"}
[2026-05-28 10:51:49.752 Z] [INFO] [cadence.virtuoso.ade.simulationMonitor] - Peak resident memory used = 386 Mbytes. {"history": "Interactive.203", "point": 1, "testname": "Potentiostat_7_CA_TIA_Front_tb_calib_1", "cornername": "Nominal"}
[2026-05-28 10:51:49.752 Z] [INFO] [cadence.virtuoso.ade.simulationMonitor] - Notice from spectre.
    11 warnings suppressed. {"history": "Interactive.203", "point": 1, "testname": "Potentiostat_7_CA_TIA_Front_tb_calib_1", "cornername": "Nominal"}
[2026-05-28 10:51:49.752 Z] [INFO] [cadence.virtuoso.ade.simulationMonitor] - Time used: CPU = 164 s (2m  44.5s), elapsed = 43 s, util. = 383%. {"history": "Interactive.203", "point": 1, "testname": "Potentiostat_7_CA_TIA_Front_tb_calib_1", "cornername": "Nominal"}
[2026-05-28 10:51:49.753 Z] [INFO] [cadence.virtuoso.ade.simulationMonitor] - Time spent in licensing: elapsed = 100 ms. {"history": "Interactive.203", "point": 1, "testname": "Potentiostat_7_CA_TIA_Front_tb_calib_1", "cornername": "Nominal"}
[2026-05-28 10:51:49.754 Z] [INFO] [cadence.virtuoso.ade.simulationMonitor] - Peak memory used = 386 Mbytes. {"history": "Interactive.203", "point": 1, "testname": "Potentiostat_7_CA_TIA_Front_tb_calib_1", "cornername": "Nominal"}
[2026-05-28 10:51:49.756 Z] [PROCESS] [cadence.virtuoso.ade.simulationMonitor] - Simulation started at: 10:51:06 AM, Thur May 28, 2026, ended at: 10:51:49 AM, Thur May 28, 2026, with elapsed time (wall clock): 43 s. {"history": "Interactive.203", "point": 1, "testname": "Potentiostat_7_CA_TIA_Front_tb_calib_1", "cornername": "Nominal"}
[2026-05-28 10:51:49.756 Z] [PROCESS] [cadence.virtuoso.ade.simulationMonitor] - spectre completes with 0 errors, 124 warnings, and 33 notices. {"history": "Interactive.203", "point": 1, "testname": "Potentiostat_7_CA_TIA_Front_tb_calib_1", "cornername": "Nominal"}
[2026-05-28 10:51:49.756 Z] [PROCESS] [cadence.virtuoso.ade.simulationMonitor] - Finished simulating for one point {"hostname": "il2244vt26_hrahimi", "processid": 488838, "history": "Interactive.203", "testname": "Potentiostat_7_CA_TIA_Front_tb_calib_1", "cornername": "Nominal", "point": 1, "logfile": "/home/hrahimi/projects/POTENTIOSTAT_26/logs_hrahimi/logs0/Job116.log", "simid": "1"}
[2026-05-28 10:51:49.757 Z] [PROCESS] [cadence.virtuoso.ade.simulationMonitor] - Simulator exited {"hostname": "il2244vt26_hrahimi", "processid": 488838, "history": "Interactive.203", "testname": "Potentiostat_7_CA_TIA_Front_tb_calib_1", "cornername": "Nominal", "point": 1, "logfile": "/home/hrahimi/projects/POTENTIOSTAT_26/logs_hrahimi/logs0/Job116.log", "exitStatus": "0"}
[2026-05-28 10:51:49.757 Z] [PROCESS] [cadence.virtuoso.ade.simulationMonitor] - Finished Simulation {"hostname": "il2244vt26_hrahimi", "processid": 488838, "history": "Interactive.203", "testname": "Potentiostat_7_CA_TIA_Front_tb_calib_1", "cornername": "Nominal", "point": 1, "logfile": "/home/hrahimi/projects/POTENTIOSTAT_26/logs_hrahimi/logs0/Job116.log", "simid": "1"}
[2026-05-28 10:51:54.775 Z] [PROCESS] [cadence.virtuoso.ade.simulationMonitor] - Point Finished {"hostname": "il2244vt26_hrahimi", "processid": 488838, "history": "Interactive.203", "testname": "Potentiostat_7_CA_TIA_Front_tb_calib_1", "cornername": "Nominal", "point": 1, "logfile": "/home/hrahimi/projects/POTENTIOSTAT_26/logs_hrahimi/logs0/Job116.log"}
[2026-05-28 10:51:55.981 Z] [PROCESS] [cadence.virtuoso.ade.simulationMonitor] - Stay with the runId '2', Linger time '300', currentRunSyn '5', currentTestSyn '6' {"hostname": "il2244vt26_hrahimi", "processid": 488838, "history": "Interactive.203", "testname": "Potentiostat_7_CA_TIA_Front_tb_calib_1", "cornername": "Nominal", "point": 1, "logfile": "/home/hrahimi/projects/POTENTIOSTAT_26/logs_hrahimi/logs0/Job116.log"}
[2026-05-28 10:56:56.903 Z] [PROCESS] [cadence.virtuoso.ade.simulationMonitor] - Current memory used: 53.7031 MBytes, peak memory used: 53.7031 MBytes {"hostname": "il2244vt26_hrahimi", "processid": 488838, "history": "Interactive.203", "testname": "Potentiostat_7_CA_TIA_Front_tb_calib_1", "cornername": "Nominal", "point": 1, "logfile": "/home/hrahimi/projects/POTENTIOSTAT_26/logs_hrahimi/logs0/Job116.log"}
[2026-05-28 10:56:56.904 Z] [PROCESS] [cadence.virtuoso.ade.simulationMonitor] - Simulation Monitor process exit. {"hostname": "il2244vt26_hrahimi", "processid": 488838, "history": "Interactive.203", "testname": "Potentiostat_7_CA_TIA_Front_tb_calib_1", "cornername": "Nominal", "point": 1, "logfile": "/home/hrahimi/projects/POTENTIOSTAT_26/logs_hrahimi/logs0/Job116.log"}
