[Simulation Monitor: 122]
[2026-05-28 11:54:59.199 Z] [PROCESS] [cadence.virtuoso.ade.simulationMonitor] - Simulation Monitor has successfully started up. Trying to set up communication channels to other components ... {"hostname": "il2244vt26_hrahimi", "processid": 508506, "logfile": "/home/hrahimi/projects/POTENTIOSTAT_26/logs_hrahimi/logs0/Job122.log"}
[2026-05-28 11:54:59.200 Z] [PROCESS] [cadence.virtuoso.ade.simulationMonitor] - Communication channels have been successfully set up. Start processing events ... {"hostname": "il2244vt26_hrahimi", "processid": 508506, "logfile": "/home/hrahimi/projects/POTENTIOSTAT_26/logs_hrahimi/logs0/Job122.log"}
[2026-05-28 11:54:59.200 Z] [PROCESS] [cadence.virtuoso.ade.simulationMonitor] - Considering to start history {"hostname": "il2244vt26_hrahimi", "processid": 508506, "history": "Interactive.250", "logfile": "/home/hrahimi/projects/POTENTIOSTAT_26/logs_hrahimi/logs0/Job122.log"}
[2026-05-28 11:54:59.205 Z] [PROCESS] [cadence.virtuoso.ade.simulationMonitor] - HostInfo:
Host name (type):	il2244vt26_hrahimi (x86_64)
Operating system:	Linux 5.15.0-164-generic #174-Ubuntu SMP Fri Nov 14 20:25:16 UTC 2025 {"hostname": "il2244vt26_hrahimi", "processid": 508506, "history": "Interactive.250", "logfile": "/home/hrahimi/projects/POTENTIOSTAT_26/logs_hrahimi/logs0/Job122.log", "nodename": "il2244vt26_hrahimi", "domainname": "(none)", "machine": "x86_64", "sysname": "Linux", "release": "5.15.0-164-generic", "version": "#174-Ubuntu SMP Fri Nov 14 20:25:16 UTC 2025"}
[2026-05-28 11:54:59.206 Z] [PROCESS] [cadence.virtuoso.ade.simulationMonitor] - UsageInfo:
pid=508506
totalPhysicalMemory=3023.749672GB,Used=2439.780678GB,totalVirtualMemory=3031.749668GB,Used=2439.808022GB
Cpu: Cores=48, Load average:20.790000,33.810000,31.500000 {"hostname": "il2244vt26_hrahimi", "processid": 508506, "history": "Interactive.250", "logfile": "/home/hrahimi/projects/POTENTIOSTAT_26/logs_hrahimi/logs0/Job122.log", "pid": "508506", "totalPhysicalMemory": "3023.749672", "physicalMemoryUsed": "2439.780678", "totalVirtualMemory": "3031.749668", "virtualMemoryUsed": "2439.808022", "cpuCores": "48", "processes": "29713", "loadAverage1": "20.790000", "loadAverage5": "33.810000", "loadAverage15": "31.500000", "loadAverage1Percent": "0.433125"}
[2026-05-28 11:54:59.207 Z] [EVENT] [cadence.virtuoso.ade.simulationMonitor] - NewPoint {"history": "Interactive.250", "point": 1, "testname": "Potentiostat_7_CA_TIA_Front_tb_calib_1", "cornername": "Nominal", "event": "NewPoint", "EventSource": "Simulation Monitor", "HistoryName": "Interactive.250", "logFile": "/home/hrahimi/projects/POTENTIOSTAT_26/logs_hrahimi/logs0/Job122.log", "logFileSize": "2287"}
[2026-05-28 11:54:59.309 Z] [EVENT] [cadence.virtuoso.ade.simulationMonitor] - NewPoint {"history": "Interactive.250", "point": 1, "testname": "Potentiostat_7_CA_TIA_Front_tb_calib_1", "cornername": "Nominal", "event": "NewPoint", "EventSource": "spectre", "HistoryName": "Interactive.250", "logFile": "/home/hrahimi/projects/POTENTIOSTAT_26/Sim/Potentiostat_Top/top/maestro/results/maestro/Interactive.250/1/Potentiostat_7_CA_TIA_Front_tb_calib_1/psf/spectre.out", "logFileSize": "-1"}
[2026-05-28 11:54:59.323 Z] [PROCESS] [cadence.virtuoso.ade.simulationMonitor] - Simulator launched {"hostname": "il2244vt26_hrahimi", "processid": 508506, "history": "Interactive.250", "testname": "Potentiostat_7_CA_TIA_Front_tb_calib_1", "cornername": "Nominal", "point": 1, "logfile": "/home/hrahimi/projects/POTENTIOSTAT_26/logs_hrahimi/logs0/Job122.log", "simid": "1"}
[2026-05-28 11:54:59.326 Z] [PROCESS] [cadence.virtuoso.ade.simulationMonitor] - Expression evaluator launched {"hostname": "il2244vt26_hrahimi", "processid": 508506, "history": "Interactive.250", "testname": "Potentiostat_7_CA_TIA_Front_tb_calib_1", "cornername": "Nominal", "point": 1, "logfile": "/home/hrahimi/projects/POTENTIOSTAT_26/logs_hrahimi/logs0/Job122.log"}
[2026-05-28 11:54:59.389 Z] [PROCESS] [cadence.virtuoso.ade.simulationMonitor] - Started Simulation {"hostname": "il2244vt26_hrahimi", "processid": 508506, "history": "Interactive.250", "testname": "Potentiostat_7_CA_TIA_Front_tb_calib_1", "cornername": "Nominal", "point": 1, "logfile": "/home/hrahimi/projects/POTENTIOSTAT_26/logs_hrahimi/logs0/Job122.log", "event": "started", "task": "simulation"}
[2026-05-28 11:55:00.390 Z] [WARN] [cadence.virtuoso.ade.simulationMonitor] -     WARNING (SPECTRE-691): This CPU processor does not support x86 advanced vector extensions instructions. This may affect math operations and slow down the simulation. {"history": "Interactive.250", "point": 1, "testname": "Potentiostat_7_CA_TIA_Front_tb_calib_1", "cornername": "Nominal"}
[2026-05-28 11:55:00.391 Z] [INFO] [cadence.virtuoso.ade.simulationMonitor] - Notice from spectre during circuit read-in.
    Pre_Configuration file used: /opt/tools/cadence/installs/SPECTRE241/tools.lnx86/spectre/etc/configs/preset.precfg
    Configuration file used: `/opt/tools/cadence/installs/SPECTRE241/tools.lnx86/spectre/etc/configs/preset.cfg'. {"history": "Interactive.250", "point": 1, "testname": "Potentiostat_7_CA_TIA_Front_tb_calib_1", "cornername": "Nominal"}
[2026-05-28 11:55:00.392 Z] [WARN] [cadence.virtuoso.ade.simulationMonitor] -     WARNING (SPECTRE-8360): line 1511: `ac' is an undefined primitive device. {"history": "Interactive.250", "point": 1, "testname": "Potentiostat_7_CA_TIA_Front_tb_calib_1", "cornername": "Nominal"}
[2026-05-28 11:55:00.392 Z] [WARN] [cadence.virtuoso.ade.simulationMonitor] -     WARNING (SPECTRE-8360): line 1512: `ac' is an undefined primitive device. {"history": "Interactive.250", "point": 1, "testname": "Potentiostat_7_CA_TIA_Front_tb_calib_1", "cornername": "Nominal"}
[2026-05-28 11:55:00.392 Z] [WARN] [cadence.virtuoso.ade.simulationMonitor] -     WARNING (SPECTRE-8360): line 1513: `ac' is an undefined primitive device. {"history": "Interactive.250", "point": 1, "testname": "Potentiostat_7_CA_TIA_Front_tb_calib_1", "cornername": "Nominal"}
[2026-05-28 11:55:00.392 Z] [WARN] [cadence.virtuoso.ade.simulationMonitor] -     WARNING (SPECTRE-8360): line 1514: `ac' is an undefined primitive device. {"history": "Interactive.250", "point": 1, "testname": "Potentiostat_7_CA_TIA_Front_tb_calib_1", "cornername": "Nominal"}
[2026-05-28 11:55:00.392 Z] [WARN] [cadence.virtuoso.ade.simulationMonitor] -     WARNING (SPECTRE-8360): line 1515: `ac' is an undefined primitive device.
        Further occurrences of this warning will be suppressed. {"history": "Interactive.250", "point": 1, "testname": "Potentiostat_7_CA_TIA_Front_tb_calib_1", "cornername": "Nominal"}
[2026-05-28 11:55:00.392 Z] [WARN] [cadence.virtuoso.ade.simulationMonitor] -     WARNING (VACOMP-2435): The environment variable CDS_AHDLCMI_ENABLE is no longer supported. Therefore, the simulator will use the default compiled C code flow. {"history": "Interactive.250", "point": 1, "testname": "Potentiostat_7_CA_TIA_Front_tb_calib_1", "cornername": "Nominal"}
[2026-05-28 11:55:00.893 Z] [INFO] [cadence.virtuoso.ade.simulationMonitor] - Peak resident memory used = 205 Mbytes. {"history": "Interactive.250", "point": 1, "testname": "Potentiostat_7_CA_TIA_Front_tb_calib_1", "cornername": "Nominal"}
[2026-05-28 11:55:24.405 Z] [WARN] [cadence.virtuoso.ade.simulationMonitor] -     WARNING (SFE-3028): The floating resistor R8 is removed. {"history": "Interactive.250", "point": 1, "testname": "Potentiostat_7_CA_TIA_Front_tb_calib_1", "cornername": "Nominal"}
[2026-05-28 11:55:24.406 Z] [WARN] [cadence.virtuoso.ade.simulationMonitor] -     WARNING (SFE-3029): The dummy capacitor I2.I25.I28.c1066 is removed. {"history": "Interactive.250", "point": 1, "testname": "Potentiostat_7_CA_TIA_Front_tb_calib_1", "cornername": "Nominal"}
[2026-05-28 11:55:24.406 Z] [WARN] [cadence.virtuoso.ade.simulationMonitor] -     WARNING (SFE-3012): The dummy device I2.I56.MP11<0>_turbo_m4 is removed. {"history": "Interactive.250", "point": 1, "testname": "Potentiostat_7_CA_TIA_Front_tb_calib_1", "cornername": "Nominal"}
[2026-05-28 11:55:24.406 Z] [WARN] [cadence.virtuoso.ade.simulationMonitor] -     WARNING (SFE-3012): The dummy device I2.I56.Q2<0>_turbo_m32 is removed. {"history": "Interactive.250", "point": 1, "testname": "Potentiostat_7_CA_TIA_Front_tb_calib_1", "cornername": "Nominal"}
[2026-05-28 11:55:24.406 Z] [WARN] [cadence.virtuoso.ade.simulationMonitor] -     WARNING (SFE-3012): The dummy device I0.I16.DLIB12 is removed. {"history": "Interactive.250", "point": 1, "testname": "Potentiostat_7_CA_TIA_Front_tb_calib_1", "cornername": "Nominal"}
[2026-05-28 11:55:24.407 Z] [WARN] [cadence.virtuoso.ade.simulationMonitor] -     WARNING (SFE-3012): The dummy device I0.I16.DLIB10 is removed. {"history": "Interactive.250", "point": 1, "testname": "Potentiostat_7_CA_TIA_Front_tb_calib_1", "cornername": "Nominal"}
[2026-05-28 11:55:24.407 Z] [WARN] [cadence.virtuoso.ade.simulationMonitor] -     WARNING (SFE-3012): The dummy device I0.I0.DLIB6 is removed.
        Further occurrences of this warning will be suppressed. {"history": "Interactive.250", "point": 1, "testname": "Potentiostat_7_CA_TIA_Front_tb_calib_1", "cornername": "Nominal"}
[2026-05-28 11:55:24.407 Z] [WARN] [cadence.virtuoso.ade.simulationMonitor] -     WARNING (SFE-3016): The floating node net74 is removed. {"history": "Interactive.250", "point": 1, "testname": "Potentiostat_7_CA_TIA_Front_tb_calib_1", "cornername": "Nominal"}
[2026-05-28 11:55:24.407 Z] [WARN] [cadence.virtuoso.ade.simulationMonitor] -     WARNING (SFE-3016): The floating node net73 is removed. {"history": "Interactive.250", "point": 1, "testname": "Potentiostat_7_CA_TIA_Front_tb_calib_1", "cornername": "Nominal"}
[2026-05-28 11:55:24.407 Z] [INFO] [cadence.virtuoso.ade.simulationMonitor] - Notice from spectre during hierarchy flattening.
    Spectre X Parasitic Optimization enabled.
    Parasitic optimization will filter out parasitic nodes, nodes only connected to RCs, by default. To view individual parasitic nodes use individual save statements (i.e. save out), or use the 'savefilter=none' option to save all parasitic nodes. Saving all parasitic nodes may slow down simulation and create large waveform files. {"history": "Interactive.250", "point": 1, "testname": "Potentiostat_7_CA_TIA_Front_tb_calib_1", "cornername": "Nominal"}
[2026-05-28 11:55:24.407 Z] [INFO] [cadence.virtuoso.ade.simulationMonitor] - Peak resident memory used = 247 Mbytes. {"history": "Interactive.250", "point": 1, "testname": "Potentiostat_7_CA_TIA_Front_tb_calib_1", "cornername": "Nominal"}
[2026-05-28 11:55:24.408 Z] [INFO] [cadence.virtuoso.ade.simulationMonitor] - Notice from spectre during hierarchy flattening.
    The value 'psf' specified for the 'checklimitdest' option will no longer be supported in future releases. Use 'spectre -h' to see other recommended values for the 'checklimitdest' option. {"history": "Interactive.250", "point": 1, "testname": "Potentiostat_7_CA_TIA_Front_tb_calib_1", "cornername": "Nominal"}
[2026-05-28 11:55:25.408 Z] [INFO] [cadence.virtuoso.ade.simulationMonitor] - Notice from spectre during hierarchy flattening.
    V3: `period' has the unusually large value of 6 s.
    L0: `l' has the unusually small value of 0 H.
    I26: `period' has the unusually large value of 6 s. {"history": "Interactive.250", "point": 1, "testname": "Potentiostat_7_CA_TIA_Front_tb_calib_1", "cornername": "Nominal"}
[2026-05-28 11:55:25.409 Z] [INFO] [cadence.virtuoso.ade.simulationMonitor] - Peak resident memory used = 262 Mbytes. {"history": "Interactive.250", "point": 1, "testname": "Potentiostat_7_CA_TIA_Front_tb_calib_1", "cornername": "Nominal"}
[2026-05-28 11:55:25.409 Z] [WARN] [cadence.virtuoso.ade.simulationMonitor] -     WARNING (CMI-2425): I2.I69.I4.C1(0): `Acde' = 2.393 is unusually large. {"history": "Interactive.250", "point": 1, "testname": "Potentiostat_7_CA_TIA_Front_tb_calib_1", "cornername": "Nominal"}
[2026-05-28 11:55:25.409 Z] [WARN] [cadence.virtuoso.ade.simulationMonitor] -     WARNING (CMI-2425): I2.I69.I4.C1(0): `Noff' = 4.732 is unusually large. {"history": "Interactive.250", "point": 1, "testname": "Potentiostat_7_CA_TIA_Front_tb_calib_1", "cornername": "Nominal"}
[2026-05-28 11:55:25.409 Z] [WARN] [cadence.virtuoso.ade.simulationMonitor] -     WARNING (CMI-2424): I2.I69.I4.C1(0): `Voffcv' = -867.4e-03 is unusually small. {"history": "Interactive.250", "point": 1, "testname": "Potentiostat_7_CA_TIA_Front_tb_calib_1", "cornername": "Nominal"}
[2026-05-28 11:55:25.409 Z] [WARN] [cadence.virtuoso.ade.simulationMonitor] -     WARNING (CMI-2425): I2.I69.I0.C0(0): `Acde' = 2.393 is unusually large. {"history": "Interactive.250", "point": 1, "testname": "Potentiostat_7_CA_TIA_Front_tb_calib_1", "cornername": "Nominal"}
[2026-05-28 11:55:25.410 Z] [WARN] [cadence.virtuoso.ade.simulationMonitor] -     WARNING (CMI-2425): I2.I69.I0.C0(0): `Noff' = 4.732 is unusually large. {"history": "Interactive.250", "point": 1, "testname": "Potentiostat_7_CA_TIA_Front_tb_calib_1", "cornername": "Nominal"}
[2026-05-28 11:55:25.410 Z] [WARN] [cadence.virtuoso.ade.simulationMonitor] -     WARNING (CMI-2424): I2.I69.I0.C0(0): `Voffcv' = -867.4e-03 is unusually small. {"history": "Interactive.250", "point": 1, "testname": "Potentiostat_7_CA_TIA_Front_tb_calib_1", "cornername": "Nominal"}
[2026-05-28 11:55:25.410 Z] [WARN] [cadence.virtuoso.ade.simulationMonitor] -     WARNING (CMI-2425): I2.I69.I0.C2: `Acde' = 2.393 is unusually large.
        Further occurrences of this warning will be suppressed. {"history": "Interactive.250", "point": 1, "testname": "Potentiostat_7_CA_TIA_Front_tb_calib_1", "cornername": "Nominal"}
[2026-05-28 11:55:25.410 Z] [WARN] [cadence.virtuoso.ade.simulationMonitor] -     WARNING (CMI-2424): I2.I69.I0.C2: `Voffcv' = -867.4e-03 is unusually small. {"history": "Interactive.250", "point": 1, "testname": "Potentiostat_7_CA_TIA_Front_tb_calib_1", "cornername": "Nominal"}
[2026-05-28 11:55:25.410 Z] [WARN] [cadence.virtuoso.ade.simulationMonitor] -     WARNING (CMI-2424): I2.I69.I0.C1: `Voffcv' = -867.4e-03 is unusually small. {"history": "Interactive.250", "point": 1, "testname": "Potentiostat_7_CA_TIA_Front_tb_calib_1", "cornername": "Nominal"}
[2026-05-28 11:55:25.411 Z] [WARN] [cadence.virtuoso.ade.simulationMonitor] -     WARNING (CMI-2424): I2.I69.I1.C0: `Voffcv' = -867.4e-03 is unusually small.
        Further occurrences of this warning will be suppressed. {"history": "Interactive.250", "point": 1, "testname": "Potentiostat_7_CA_TIA_Front_tb_calib_1", "cornername": "Nominal"}
[2026-05-28 11:55:26.411 Z] [WARN] [cadence.virtuoso.ade.simulationMonitor] -     WARNING (SPECTRE-17607): Assert `SOAC_vert10_vsubpsub' is ignored because it contains an expression which is invalid or not supported by native evaluator.  {"history": "Interactive.250", "point": 1, "testname": "Potentiostat_7_CA_TIA_Front_tb_calib_1", "cornername": "Nominal"}
[2026-05-28 11:55:26.412 Z] [WARN] [cadence.virtuoso.ade.simulationMonitor] -     WARNING (SPECTRE-17607): Assert `SOAC_vert10_vcsub' is ignored because it contains an expression which is invalid or not supported by native evaluator.  {"history": "Interactive.250", "point": 1, "testname": "Potentiostat_7_CA_TIA_Front_tb_calib_1", "cornername": "Nominal"}
[2026-05-28 11:55:26.412 Z] [WARN] [cadence.virtuoso.ade.simulationMonitor] -     WARNING (SPECTRE-16460): SOAC_cvarm_vspsub:Specified subcircuit master `cvarm' was not found. {"history": "Interactive.250", "point": 1, "testname": "Potentiostat_7_CA_TIA_Front_tb_calib_1", "cornername": "Nominal"}
[2026-05-28 11:55:26.412 Z] [WARN] [cadence.virtuoso.ade.simulationMonitor] -     WARNING (SPECTRE-16462): SOAC_cvarm_vspsub:Error in specification of subcircuit master. Assert is ignored. {"history": "Interactive.250", "point": 1, "testname": "Potentiostat_7_CA_TIA_Front_tb_calib_1", "cornername": "Nominal"}
[2026-05-28 11:55:26.412 Z] [WARN] [cadence.virtuoso.ade.simulationMonitor] -     WARNING (SPECTRE-16460): SOAC_cvarm_vbs:Specified subcircuit master `cvarm' was not found. {"history": "Interactive.250", "point": 1, "testname": "Potentiostat_7_CA_TIA_Front_tb_calib_1", "cornername": "Nominal"}
[2026-05-28 11:55:26.412 Z] [WARN] [cadence.virtuoso.ade.simulationMonitor] -     WARNING (SPECTRE-16462): SOAC_cvarm_vbs:Error in specification of subcircuit master. Assert is ignored. {"history": "Interactive.250", "point": 1, "testname": "Potentiostat_7_CA_TIA_Front_tb_calib_1", "cornername": "Nominal"}
[2026-05-28 11:55:26.412 Z] [WARN] [cadence.virtuoso.ade.simulationMonitor] -     WARNING (SPECTRE-16460): SOAC_cvarm_vgb:Specified subcircuit master `cvarm' was not found. {"history": "Interactive.250", "point": 1, "testname": "Potentiostat_7_CA_TIA_Front_tb_calib_1", "cornername": "Nominal"}
[2026-05-28 11:55:26.413 Z] [WARN] [cadence.virtuoso.ade.simulationMonitor] -     WARNING (SPECTRE-16462): SOAC_cvarm_vgb:Error in specification of subcircuit master. Assert is ignored. {"history": "Interactive.250", "point": 1, "testname": "Potentiostat_7_CA_TIA_Front_tb_calib_1", "cornername": "Nominal"}
[2026-05-28 11:55:26.413 Z] [WARN] [cadence.virtuoso.ade.simulationMonitor] -     WARNING (SPECTRE-16460): SOAC_cvart_vspsub:Specified subcircuit master `cvart' was not found. {"history": "Interactive.250", "point": 1, "testname": "Potentiostat_7_CA_TIA_Front_tb_calib_1", "cornername": "Nominal"}
[2026-05-28 11:55:26.413 Z] [WARN] [cadence.virtuoso.ade.simulationMonitor] -     WARNING (SPECTRE-16462): SOAC_cvart_vspsub:Error in specification of subcircuit master. Assert is ignored. {"history": "Interactive.250", "point": 1, "testname": "Potentiostat_7_CA_TIA_Front_tb_calib_1", "cornername": "Nominal"}
[2026-05-28 11:55:26.413 Z] [WARN] [cadence.virtuoso.ade.simulationMonitor] -     WARNING (SPECTRE-16460): SOAC_cvart_vbs:Specified subcircuit master `cvart' was not found.
        Further occurrences of this warning will be suppressed. {"history": "Interactive.250", "point": 1, "testname": "Potentiostat_7_CA_TIA_Front_tb_calib_1", "cornername": "Nominal"}
[2026-05-28 11:55:26.413 Z] [WARN] [cadence.virtuoso.ade.simulationMonitor] -     WARNING (SPECTRE-16462): SOAC_cvart_vbs:Error in specification of subcircuit master. Assert is ignored.
        Further occurrences of this warning will be suppressed. {"history": "Interactive.250", "point": 1, "testname": "Potentiostat_7_CA_TIA_Front_tb_calib_1", "cornername": "Nominal"}
[2026-05-28 11:55:27.414 Z] [INFO] [cadence.virtuoso.ade.simulationMonitor] - Notice from spectre during topology check.
    Only one connection to the following 1843 nodes:
        I2.I70.avD43_1.psub!
        I2.I70.I0|M_i_1.psub!
        I2.I70.I0|M_i_0.psub!
        I2.I70.MN0_1__rcx.psub!
        I2.I70.MN0.psub!
        Further occurrences of this notice will be suppressed. {"history": "Interactive.250", "point": 1, "testname": "Potentiostat_7_CA_TIA_Front_tb_calib_1", "cornername": "Nominal"}
[2026-05-28 11:55:29.918 Z] [INFO] [cadence.virtuoso.ade.simulationMonitor] -               nodes 15187 {"history": "Interactive.250", "point": 1, "testname": "Potentiostat_7_CA_TIA_Front_tb_calib_1", "cornername": "Nominal"}
[2026-05-28 11:55:29.918 Z] [INFO] [cadence.virtuoso.ade.simulationMonitor] - Notice from spectre during initial setup.
    7 resistors are shorted because their absolute value is less than or equal to 'rabsshort'.
    3 vsources are shorted because their absolute value is less than or equal to 'vabsshort'.
    Spectre X preset=cx enabled.
    1 notice suppressed.
    99 warnings suppressed. {"history": "Interactive.250", "point": 1, "testname": "Potentiostat_7_CA_TIA_Front_tb_calib_1", "cornername": "Nominal"}
[2026-05-28 11:55:29.919 Z] [INFO] [cadence.virtuoso.ade.simulationMonitor] - Notice from spectre.
    Multithreading enabled: 8 threads in the system with 48 available processors. {"history": "Interactive.250", "point": 1, "testname": "Potentiostat_7_CA_TIA_Front_tb_calib_1", "cornername": "Nominal"}
[2026-05-28 11:55:29.919 Z] [INFO] [cadence.virtuoso.ade.simulationMonitor] - Peak resident memory used = 323 Mbytes. {"history": "Interactive.250", "point": 1, "testname": "Potentiostat_7_CA_TIA_Front_tb_calib_1", "cornername": "Nominal"}
[2026-05-28 11:55:29.919 Z] [INFO] [cadence.virtuoso.ade.simulationMonitor] -    -   (Spectre X) Multi-threading. The recommended number of threads is [4, 8], consider adding +mt=4 or +mt=8 on command line. {"history": "Interactive.250", "point": 1, "testname": "Potentiostat_7_CA_TIA_Front_tb_calib_1", "cornername": "Nominal"}
[2026-05-28 11:55:29.919 Z] [INFO] [cadence.virtuoso.ade.simulationMonitor] - Notice from spectre during DC analysis `dcOp'.
    No checklimit analysis defined for asserts. A default checklimit analysis 'SpectreChecklimitAnal' has been created with all asserts enabled. {"history": "Interactive.250", "point": 1, "testname": "Potentiostat_7_CA_TIA_Front_tb_calib_1", "cornername": "Nominal"}
[2026-05-28 11:55:31.420 Z] [INFO] [cadence.virtuoso.ade.simulationMonitor] - Notice from spectre during DC analysis `dcOp'.
    GminDC = 1 pS is large enough to noticeably affect the DC solution.
        dV(I2.I56.I3.8\:B) = -1.09224 mV
        Use the `gmin_check' option to eliminate or expand this report.
    Bad pivoting is found during DC analysis. Option dc_pivot_check=yes is recommended for possible improvement of convergence. {"history": "Interactive.250", "point": 1, "testname": "Potentiostat_7_CA_TIA_Front_tb_calib_1", "cornername": "Nominal"}
[2026-05-28 11:55:31.421 Z] [WARN] [cadence.virtuoso.ade.simulationMonitor] -     WARNING (CMI-2943): Parameter checks have been ignored because the valid value for parameter 'trise' could not be found in 'I2.I56.C2<0>_turbo_m4.C0'. {"history": "Interactive.250", "point": 1, "testname": "Potentiostat_7_CA_TIA_Front_tb_calib_1", "cornername": "Nominal"}
[2026-05-28 11:55:31.421 Z] [WARN] [cadence.virtuoso.ade.simulationMonitor] -     WARNING (CMI-2943): Parameter checks have been ignored because the valid value for parameter 'trise' could not be found in 'I2.I56.I3.C0|C0'. {"history": "Interactive.250", "point": 1, "testname": "Potentiostat_7_CA_TIA_Front_tb_calib_1", "cornername": "Nominal"}
[2026-05-28 11:55:31.421 Z] [WARN] [cadence.virtuoso.ade.simulationMonitor] -     WARNING (CMI-2943): Parameter checks have been ignored because the valid value for parameter 'trise' could not be found in 'I2.I56.C0.C0'. {"history": "Interactive.250", "point": 1, "testname": "Potentiostat_7_CA_TIA_Front_tb_calib_1", "cornername": "Nominal"}
[2026-05-28 11:55:31.421 Z] [WARN] [cadence.virtuoso.ade.simulationMonitor] -     WARNING (CMI-2943): Parameter checks have been ignored because the valid value for parameter 'trise' could not be found in 'I2.I69.I2.C0|C0'. {"history": "Interactive.250", "point": 1, "testname": "Potentiostat_7_CA_TIA_Front_tb_calib_1", "cornername": "Nominal"}
[2026-05-28 11:55:31.422 Z] [WARN] [cadence.virtuoso.ade.simulationMonitor] -     WARNING (CMI-2943): Parameter checks have been ignored because the valid value for parameter 'trise' could not be found in 'I2.I25.I33.C5(0)|C0'.
        Further occurrences of this warning will be suppressed. {"history": "Interactive.250", "point": 1, "testname": "Potentiostat_7_CA_TIA_Front_tb_calib_1", "cornername": "Nominal"}
[2026-05-28 11:55:31.422 Z] [INFO] [cadence.virtuoso.ade.simulationMonitor] - Notice from spectre during check, during DC analysis `dcOp'.
    I0.I3.RLIB_GC1 of rdiffp3: `ig' has the unusually large value of -89.0475 A.
    I0.I3.RLIB_GC2 of rdiffp3: `ig' has the unusually large value of -89.0476 A.
    I0.I6.RLIB_GC1 of rdiffp3: `ig' has the unusually large value of -56.0254 A.
    I0.I6.RLIB_GC2 of rdiffp3: `ig' has the unusually large value of -56.0254 A.
    I0.I2.RLIB_GC1 of rdiffp3: `ig' has the unusually large value of -89.0476 A.
        Further occurrences of this notice wi... {"history": "Interactive.250", "point": 1, "testname": "Potentiostat_7_CA_TIA_Front_tb_calib_1", "cornername": "Nominal"}
[2026-05-28 11:55:31.422 Z] [WARN] [cadence.virtuoso.ade.simulationMonitor] -     WARNING (SPECTRE-17192): 
        Tolerance relaxation is used during DC simulation which may affect the accuracy of the result. This is mainly caused by the high impedance nodes in the circuit. Use the dyn_highz check to determine the high impedance nodes. Setting/assigning appropriate initial values to these nodes will usually help to improve both performance and accuracy of DC simulations. {"history": "Interactive.250", "point": 1, "testname": "Potentiostat_7_CA_TIA_Front_tb_calib_1", "cornername": "Nominal"}
[2026-05-28 11:55:31.422 Z] [INFO] [cadence.virtuoso.ade.simulationMonitor] - Total time required for dc analysis `dcOp': CPU = 6.09505 s, elapsed = 1.33494 s, util. = 457%. {"history": "Interactive.250", "point": 1, "testname": "Potentiostat_7_CA_TIA_Front_tb_calib_1", "cornername": "Nominal"}
[2026-05-28 11:55:31.422 Z] [INFO] [cadence.virtuoso.ade.simulationMonitor] - Peak resident memory used = 352 Mbytes. {"history": "Interactive.250", "point": 1, "testname": "Potentiostat_7_CA_TIA_Front_tb_calib_1", "cornername": "Nominal"}
[2026-05-28 11:55:31.423 Z] [INFO] [cadence.virtuoso.ade.simulationMonitor] - Notice from spectre.
    1 notice suppressed.
    407 warnings suppressed. {"history": "Interactive.250", "point": 1, "testname": "Potentiostat_7_CA_TIA_Front_tb_calib_1", "cornername": "Nominal"}
[2026-05-28 11:55:32.423 Z] [INFO] [cadence.virtuoso.ade.simulationMonitor] - Notice from spectre during IC analysis, during transient analysis `tran'.
    GminDC = 1 pS is large enough to noticeably affect the DC solution.
        dV(I2.I56.I3.8\:B) = -1.09224 mV
        Use the `gmin_check' option to eliminate or expand this report.
    Bad pivoting is found during DC analysis. Option dc_pivot_check=yes is recommended for possible improvement of convergence. {"history": "Interactive.250", "point": 1, "testname": "Potentiostat_7_CA_TIA_Front_tb_calib_1", "cornername": "Nominal"}
[2026-05-28 11:55:32.424 Z] [WARN] [cadence.virtuoso.ade.simulationMonitor] -     WARNING (CMI-2943): Parameter checks have been ignored because the valid value for parameter 'trise' could not be found in 'I2.I56.C2<0>_turbo_m4.C0'. {"history": "Interactive.250", "point": 1, "testname": "Potentiostat_7_CA_TIA_Front_tb_calib_1", "cornername": "Nominal"}
[2026-05-28 11:55:32.424 Z] [WARN] [cadence.virtuoso.ade.simulationMonitor] -     WARNING (CMI-2943): Parameter checks have been ignored because the valid value for parameter 'trise' could not be found in 'I2.I56.I3.C0|C0'. {"history": "Interactive.250", "point": 1, "testname": "Potentiostat_7_CA_TIA_Front_tb_calib_1", "cornername": "Nominal"}
[2026-05-28 11:55:32.424 Z] [WARN] [cadence.virtuoso.ade.simulationMonitor] -     WARNING (CMI-2943): Parameter checks have been ignored because the valid value for parameter 'trise' could not be found in 'I2.I56.C0.C0'. {"history": "Interactive.250", "point": 1, "testname": "Potentiostat_7_CA_TIA_Front_tb_calib_1", "cornername": "Nominal"}
[2026-05-28 11:55:32.424 Z] [WARN] [cadence.virtuoso.ade.simulationMonitor] -     WARNING (CMI-2943): Parameter checks have been ignored because the valid value for parameter 'trise' could not be found in 'I2.I69.I2.C0|C0'. {"history": "Interactive.250", "point": 1, "testname": "Potentiostat_7_CA_TIA_Front_tb_calib_1", "cornername": "Nominal"}
[2026-05-28 11:55:32.424 Z] [WARN] [cadence.virtuoso.ade.simulationMonitor] -     WARNING (CMI-2943): Parameter checks have been ignored because the valid value for parameter 'trise' could not be found in 'I2.I25.I33.C5(0)|C0'.
        Further occurrences of this warning will be suppressed. {"history": "Interactive.250", "point": 1, "testname": "Potentiostat_7_CA_TIA_Front_tb_calib_1", "cornername": "Nominal"}
[2026-05-28 11:55:32.425 Z] [INFO] [cadence.virtuoso.ade.simulationMonitor] - Notice from spectre during check, during IC analysis, during transient analysis `tran'.
    I0.I3.RLIB_GC1 of rdiffp3: `ig' has the unusually large value of -89.0475 A.
    I0.I3.RLIB_GC2 of rdiffp3: `ig' has the unusually large value of -89.0476 A.
    I0.I6.RLIB_GC1 of rdiffp3: `ig' has the unusually large value of -56.0254 A.
    I0.I6.RLIB_GC2 of rdiffp3: `ig' has the unusually large value of -56.0254 A.
    I0.I2.RLIB_GC1 of rdiffp3: `ig' has the unusually large value of -89.0476 A.
        Further oc... {"history": "Interactive.250", "point": 1, "testname": "Potentiostat_7_CA_TIA_Front_tb_calib_1", "cornername": "Nominal"}
[2026-05-28 11:55:32.425 Z] [WARN] [cadence.virtuoso.ade.simulationMonitor] -     WARNING (SPECTRE-17192): 
        Tolerance relaxation is used during DC simulation which may affect the accuracy of the result. This is mainly caused by the high impedance nodes in the circuit. Use the dyn_highz check to determine the high impedance nodes. Setting/assigning appropriate initial values to these nodes will usually help to improve both performance and accuracy of DC simulations. {"history": "Interactive.250", "point": 1, "testname": "Potentiostat_7_CA_TIA_Front_tb_calib_1", "cornername": "Nominal"}
[2026-05-28 11:58:08.994 Z] [PROCESS] [cadence.virtuoso.ade.simulationMonitor] - Simulation cancelled {"hostname": "il2244vt26_hrahimi", "processid": 508506, "history": "Interactive.250", "testname": "Potentiostat_7_CA_TIA_Front_tb_calib_1", "cornername": "Nominal", "point": 1, "logfile": "/home/hrahimi/projects/POTENTIOSTAT_26/logs_hrahimi/logs0/Job122.log"}
[2026-05-28 11:58:08.995 Z] [INFO] [cadence.virtuoso.ade.simulationMonitor] - SimulationMonitor has terminated the  process '508542', reason: 'the simulation point gets cancelled by GUI' {"history": "Interactive.250", "point": 1, "testname": "Potentiostat_7_CA_TIA_Front_tb_calib_1", "cornername": "Nominal"}
[2026-05-28 11:58:09.100 Z] [PROCESS] [cadence.virtuoso.ade.simulationMonitor] - Finished simulating for one point {"hostname": "il2244vt26_hrahimi", "processid": 508506, "history": "Interactive.250", "testname": "Potentiostat_7_CA_TIA_Front_tb_calib_1", "cornername": "Nominal", "point": 1, "logfile": "/home/hrahimi/projects/POTENTIOSTAT_26/logs_hrahimi/logs0/Job122.log", "simid": "1"}
[2026-05-28 11:58:09.101 Z] [PROCESS] [cadence.virtuoso.ade.simulationMonitor] - Simulator exited {"hostname": "il2244vt26_hrahimi", "processid": 508506, "history": "Interactive.250", "testname": "Potentiostat_7_CA_TIA_Front_tb_calib_1", "cornername": "Nominal", "point": 1, "logfile": "/home/hrahimi/projects/POTENTIOSTAT_26/logs_hrahimi/logs0/Job122.log", "exitStatus": "0"}
[2026-05-28 11:58:09.101 Z] [PROCESS] [cadence.virtuoso.ade.simulationMonitor] - Finished Simulation {"hostname": "il2244vt26_hrahimi", "processid": 508506, "history": "Interactive.250", "testname": "Potentiostat_7_CA_TIA_Front_tb_calib_1", "cornername": "Nominal", "point": 1, "logfile": "/home/hrahimi/projects/POTENTIOSTAT_26/logs_hrahimi/logs0/Job122.log", "simid": "1"}
[2026-05-28 11:58:09.114 Z] [PROCESS] [cadence.virtuoso.ade.simulationMonitor] - Point Finished {"hostname": "il2244vt26_hrahimi", "processid": 508506, "history": "Interactive.250", "testname": "Potentiostat_7_CA_TIA_Front_tb_calib_1", "cornername": "Nominal", "point": 1, "logfile": "/home/hrahimi/projects/POTENTIOSTAT_26/logs_hrahimi/logs0/Job122.log"}
[2026-05-28 12:03:10.999 Z] [PROCESS] [cadence.virtuoso.ade.simulationMonitor] - Current memory used: 53.0781 MBytes, peak memory used: 53.0781 MBytes {"hostname": "il2244vt26_hrahimi", "processid": 508506, "history": "Interactive.250", "testname": "Potentiostat_7_CA_TIA_Front_tb_calib_1", "cornername": "Nominal", "point": 1, "logfile": "/home/hrahimi/projects/POTENTIOSTAT_26/logs_hrahimi/logs0/Job122.log"}
[2026-05-28 12:03:11.000 Z] [PROCESS] [cadence.virtuoso.ade.simulationMonitor] - Simulation Monitor process exit. {"hostname": "il2244vt26_hrahimi", "processid": 508506, "history": "Interactive.250", "testname": "Potentiostat_7_CA_TIA_Front_tb_calib_1", "cornername": "Nominal", "point": 1, "logfile": "/home/hrahimi/projects/POTENTIOSTAT_26/logs_hrahimi/logs0/Job122.log"}
