[Simulation Monitor: 199]
[2026-06-02 14:06:19.700 Z] [PROCESS] [cadence.virtuoso.ade.simulationMonitor] - Simulation Monitor has successfully started up. Trying to set up communication channels to other components ... {"hostname": "il2244vt26_hrahimi", "processid": 1943990, "logfile": "/home/hrahimi/projects/POTENTIOSTAT_26/logs_hrahimi/logs0/Job199.log"}
[2026-06-02 14:06:19.702 Z] [PROCESS] [cadence.virtuoso.ade.simulationMonitor] - Communication channels have been successfully set up. Start processing events ... {"hostname": "il2244vt26_hrahimi", "processid": 1943990, "logfile": "/home/hrahimi/projects/POTENTIOSTAT_26/logs_hrahimi/logs0/Job199.log"}
[2026-06-02 14:06:19.702 Z] [PROCESS] [cadence.virtuoso.ade.simulationMonitor] - Considering to start history {"hostname": "il2244vt26_hrahimi", "processid": 1943990, "history": "Interactive.340", "logfile": "/home/hrahimi/projects/POTENTIOSTAT_26/logs_hrahimi/logs0/Job199.log"}
[2026-06-02 14:06:19.710 Z] [PROCESS] [cadence.virtuoso.ade.simulationMonitor] - HostInfo:
Host name (type):	il2244vt26_hrahimi (x86_64)
Operating system:	Linux 5.15.0-164-generic #174-Ubuntu SMP Fri Nov 14 20:25:16 UTC 2025 {"hostname": "il2244vt26_hrahimi", "processid": 1943990, "history": "Interactive.340", "logfile": "/home/hrahimi/projects/POTENTIOSTAT_26/logs_hrahimi/logs0/Job199.log", "nodename": "il2244vt26_hrahimi", "domainname": "(none)", "machine": "x86_64", "sysname": "Linux", "release": "5.15.0-164-generic", "version": "#174-Ubuntu SMP Fri Nov 14 20:25:16 UTC 2025"}
[2026-06-02 14:06:19.711 Z] [PROCESS] [cadence.virtuoso.ade.simulationMonitor] - UsageInfo:
pid=1943990
totalPhysicalMemory=3023.749672GB,Used=2940.401409GB,totalVirtualMemory=3031.749668GB,Used=2940.450726GB
Cpu: Cores=48, Load average:48.070000,48.110000,57.780000 {"hostname": "il2244vt26_hrahimi", "processid": 1943990, "history": "Interactive.340", "logfile": "/home/hrahimi/projects/POTENTIOSTAT_26/logs_hrahimi/logs0/Job199.log", "pid": "1943990", "totalPhysicalMemory": "3023.749672", "physicalMemoryUsed": "2940.401409", "totalVirtualMemory": "3031.749668", "virtualMemoryUsed": "2940.450726", "cpuCores": "48", "processes": "29710", "loadAverage1": "48.070000", "loadAverage5": "48.110000", "loadAverage15": "57.780000", "loadAverage1Percent": "1.001458"}
[2026-06-02 14:06:19.712 Z] [EVENT] [cadence.virtuoso.ade.simulationMonitor] - NewPoint {"history": "Interactive.340", "point": 1, "testname": "Poten", "cornername": "Nominal", "event": "NewPoint", "EventSource": "Simulation Monitor", "HistoryName": "Interactive.340", "logFile": "/home/hrahimi/projects/POTENTIOSTAT_26/logs_hrahimi/logs0/Job199.log", "logFileSize": "2294"}
[2026-06-02 14:06:19.814 Z] [EVENT] [cadence.virtuoso.ade.simulationMonitor] - NewPoint {"history": "Interactive.340", "point": 1, "testname": "Poten", "cornername": "Nominal", "event": "NewPoint", "EventSource": "spectre", "HistoryName": "Interactive.340", "logFile": "/home/hrahimi/projects/POTENTIOSTAT_26/Sim/Potentiostat_Top/top/maestro/results/maestro/Interactive.340/1/Poten/psf/spectre.out", "logFileSize": "-1"}
[2026-06-02 14:06:20.371 Z] [PROCESS] [cadence.virtuoso.ade.simulationMonitor] - Simulator launched {"hostname": "il2244vt26_hrahimi", "processid": 1943990, "history": "Interactive.340", "testname": "Poten", "cornername": "Nominal", "point": 1, "logfile": "/home/hrahimi/projects/POTENTIOSTAT_26/logs_hrahimi/logs0/Job199.log", "simid": "1"}
[2026-06-02 14:06:20.374 Z] [PROCESS] [cadence.virtuoso.ade.simulationMonitor] - Expression evaluator launched {"hostname": "il2244vt26_hrahimi", "processid": 1943990, "history": "Interactive.340", "testname": "Poten", "cornername": "Nominal", "point": 1, "logfile": "/home/hrahimi/projects/POTENTIOSTAT_26/logs_hrahimi/logs0/Job199.log"}
[2026-06-02 14:06:20.439 Z] [PROCESS] [cadence.virtuoso.ade.simulationMonitor] - Started Simulation {"hostname": "il2244vt26_hrahimi", "processid": 1943990, "history": "Interactive.340", "testname": "Poten", "cornername": "Nominal", "point": 1, "logfile": "/home/hrahimi/projects/POTENTIOSTAT_26/logs_hrahimi/logs0/Job199.log", "event": "started", "task": "simulation"}
[2026-06-02 14:06:21.440 Z] [WARN] [cadence.virtuoso.ade.simulationMonitor] -     WARNING (SPECTRE-691): This CPU processor does not support x86 advanced vector extensions instructions. This may affect math operations and slow down the simulation. {"history": "Interactive.340", "point": 1, "testname": "Poten", "cornername": "Nominal"}
[2026-06-02 14:06:21.440 Z] [INFO] [cadence.virtuoso.ade.simulationMonitor] - Notice from spectre during circuit read-in.
    Pre_Configuration file used: /opt/tools/cadence/installs/SPECTRE241/tools.lnx86/spectre/etc/configs/preset.precfg
    Configuration file used: `/opt/tools/cadence/installs/SPECTRE241/tools.lnx86/spectre/etc/configs/preset.cfg'. {"history": "Interactive.340", "point": 1, "testname": "Poten", "cornername": "Nominal"}
[2026-06-02 14:06:21.440 Z] [WARN] [cadence.virtuoso.ade.simulationMonitor] -     WARNING (SPECTRE-8360): line 1511: `ac' is an undefined primitive device. {"history": "Interactive.340", "point": 1, "testname": "Poten", "cornername": "Nominal"}
[2026-06-02 14:06:21.441 Z] [WARN] [cadence.virtuoso.ade.simulationMonitor] -     WARNING (SPECTRE-8360): line 1512: `ac' is an undefined primitive device. {"history": "Interactive.340", "point": 1, "testname": "Poten", "cornername": "Nominal"}
[2026-06-02 14:06:21.441 Z] [WARN] [cadence.virtuoso.ade.simulationMonitor] -     WARNING (SPECTRE-8360): line 1513: `ac' is an undefined primitive device. {"history": "Interactive.340", "point": 1, "testname": "Poten", "cornername": "Nominal"}
[2026-06-02 14:06:21.441 Z] [WARN] [cadence.virtuoso.ade.simulationMonitor] -     WARNING (SPECTRE-8360): line 1514: `ac' is an undefined primitive device. {"history": "Interactive.340", "point": 1, "testname": "Poten", "cornername": "Nominal"}
[2026-06-02 14:06:21.441 Z] [WARN] [cadence.virtuoso.ade.simulationMonitor] -     WARNING (SPECTRE-8360): line 1515: `ac' is an undefined primitive device.
        Further occurrences of this warning will be suppressed. {"history": "Interactive.340", "point": 1, "testname": "Poten", "cornername": "Nominal"}
[2026-06-02 14:06:21.442 Z] [WARN] [cadence.virtuoso.ade.simulationMonitor] -     WARNING (VACOMP-2435): The environment variable CDS_AHDLCMI_ENABLE is no longer supported. Therefore, the simulator will use the default compiled C code flow. {"history": "Interactive.340", "point": 1, "testname": "Poten", "cornername": "Nominal"}
[2026-06-02 14:06:21.942 Z] [INFO] [cadence.virtuoso.ade.simulationMonitor] - Peak resident memory used = 203 Mbytes. {"history": "Interactive.340", "point": 1, "testname": "Poten", "cornername": "Nominal"}
[2026-06-02 14:06:22.443 Z] [WARN] [cadence.virtuoso.ade.simulationMonitor] -     WARNING (SFE-2649): Terminals of top-level instance `R50', in file`input.scs', at line 28696, are connected. Remove the instance and rerun the simulation. {"history": "Interactive.340", "point": 1, "testname": "Poten", "cornername": "Nominal"}
[2026-06-02 14:06:22.443 Z] [WARN] [cadence.virtuoso.ade.simulationMonitor] -     WARNING (SFE-2649): Terminals of top-level instance `R48', in file`input.scs', at line 28738, are connected. Remove the instance and rerun the simulation. {"history": "Interactive.340", "point": 1, "testname": "Poten", "cornername": "Nominal"}
[2026-06-02 14:06:22.944 Z] [WARN] [cadence.virtuoso.ade.simulationMonitor] -     WARNING (SFE-3027): The dangling resistor I2.I25.re798 is removed. {"history": "Interactive.340", "point": 1, "testname": "Poten", "cornername": "Nominal"}
[2026-06-02 14:06:22.944 Z] [WARN] [cadence.virtuoso.ade.simulationMonitor] -     WARNING (SFE-3027): The dangling resistor I2.I25.re1206 is removed. {"history": "Interactive.340", "point": 1, "testname": "Poten", "cornername": "Nominal"}
[2026-06-02 14:06:22.944 Z] [WARN] [cadence.virtuoso.ade.simulationMonitor] -     WARNING (SFE-3027): The dangling resistor I2.I25.re2594 is removed. {"history": "Interactive.340", "point": 1, "testname": "Poten", "cornername": "Nominal"}
[2026-06-02 14:06:22.945 Z] [WARN] [cadence.virtuoso.ade.simulationMonitor] -     WARNING (SFE-3027): The dangling resistor I2.I25.re3475 is removed. {"history": "Interactive.340", "point": 1, "testname": "Poten", "cornername": "Nominal"}
[2026-06-02 14:06:22.945 Z] [WARN] [cadence.virtuoso.ade.simulationMonitor] -     WARNING (SFE-3012): The dummy device I0.I15.DLIB9 is removed. {"history": "Interactive.340", "point": 1, "testname": "Poten", "cornername": "Nominal"}
[2026-06-02 14:06:22.945 Z] [WARN] [cadence.virtuoso.ade.simulationMonitor] -     WARNING (SFE-3012): The dummy device I0.I0.DLIB6 is removed. {"history": "Interactive.340", "point": 1, "testname": "Poten", "cornername": "Nominal"}
[2026-06-02 14:06:22.945 Z] [WARN] [cadence.virtuoso.ade.simulationMonitor] -     WARNING (SFE-3012): The dummy device I0.I16.DLIB10 is removed. {"history": "Interactive.340", "point": 1, "testname": "Poten", "cornername": "Nominal"}
[2026-06-02 14:06:22.946 Z] [WARN] [cadence.virtuoso.ade.simulationMonitor] -     WARNING (SFE-3012): The dummy device I0.I17.DLIB5 is removed. {"history": "Interactive.340", "point": 1, "testname": "Poten", "cornername": "Nominal"}
[2026-06-02 14:06:22.946 Z] [WARN] [cadence.virtuoso.ade.simulationMonitor] -     WARNING (SFE-3012): The dummy device I0.I15.DLIB12 is removed.
        Further occurrences of this warning will be suppressed. {"history": "Interactive.340", "point": 1, "testname": "Poten", "cornername": "Nominal"}
[2026-06-02 14:06:22.946 Z] [WARN] [cadence.virtuoso.ade.simulationMonitor] -     WARNING (SFE-3028): The floating resistor R8 is removed. {"history": "Interactive.340", "point": 1, "testname": "Poten", "cornername": "Nominal"}
[2026-06-02 14:06:22.946 Z] [WARN] [cadence.virtuoso.ade.simulationMonitor] -     WARNING (SFE-3029): The dummy capacitor I7.I0.R3.CS1 is removed. {"history": "Interactive.340", "point": 1, "testname": "Poten", "cornername": "Nominal"}
[2026-06-02 14:06:22.946 Z] [WARN] [cadence.virtuoso.ade.simulationMonitor] -     WARNING (SFE-3029): The dummy capacitor I7.I4.R31.CS1 is removed. {"history": "Interactive.340", "point": 1, "testname": "Poten", "cornername": "Nominal"}
[2026-06-02 14:06:22.946 Z] [WARN] [cadence.virtuoso.ade.simulationMonitor] -     WARNING (SFE-3027): The dangling resistor I2.I25.rb304 is removed.
        Further occurrences of this warning will be suppressed. {"history": "Interactive.340", "point": 1, "testname": "Poten", "cornername": "Nominal"}
[2026-06-02 14:06:22.947 Z] [WARN] [cadence.virtuoso.ade.simulationMonitor] -     WARNING (SFE-3029): The dummy capacitor I7.I10_turbo_m4.C0.C1 is removed. {"history": "Interactive.340", "point": 1, "testname": "Poten", "cornername": "Nominal"}
[2026-06-02 14:06:22.947 Z] [WARN] [cadence.virtuoso.ade.simulationMonitor] -     WARNING (SFE-3029): The dummy capacitor I2.I25.c15801 is removed. {"history": "Interactive.340", "point": 1, "testname": "Poten", "cornername": "Nominal"}
[2026-06-02 14:06:22.947 Z] [WARN] [cadence.virtuoso.ade.simulationMonitor] -     WARNING (SFE-3029): The dummy capacitor I7.I1.R2.CS1 is removed.
        Further occurrences of this warning will be suppressed. {"history": "Interactive.340", "point": 1, "testname": "Poten", "cornername": "Nominal"}
[2026-06-02 14:06:22.947 Z] [WARN] [cadence.virtuoso.ade.simulationMonitor] -     WARNING (SFE-3015): The dangling node I2.I25.13\:I30|SN is removed. {"history": "Interactive.340", "point": 1, "testname": "Poten", "cornername": "Nominal"}
[2026-06-02 14:06:22.947 Z] [WARN] [cadence.virtuoso.ade.simulationMonitor] -     WARNING (SFE-3015): The dangling node I2.I25.32\:S(3) is removed. {"history": "Interactive.340", "point": 1, "testname": "Poten", "cornername": "Nominal"}
[2026-06-02 14:06:22.947 Z] [WARN] [cadence.virtuoso.ade.simulationMonitor] -     WARNING (SFE-3015): The dangling node I2.I25.32\:S(2) is removed. {"history": "Interactive.340", "point": 1, "testname": "Poten", "cornername": "Nominal"}
[2026-06-02 14:06:22.948 Z] [WARN] [cadence.virtuoso.ade.simulationMonitor] -     WARNING (SFE-3015): The dangling node I2.I25.222\:Vout is removed. {"history": "Interactive.340", "point": 1, "testname": "Poten", "cornername": "Nominal"}
[2026-06-02 14:06:22.948 Z] [WARN] [cadence.virtuoso.ade.simulationMonitor] -     WARNING (SFE-3016): The floating node net74 is removed. {"history": "Interactive.340", "point": 1, "testname": "Poten", "cornername": "Nominal"}
[2026-06-02 14:06:22.948 Z] [WARN] [cadence.virtuoso.ade.simulationMonitor] -     WARNING (SFE-3015): The dangling node I2.I25.13\:I35|SN is removed.
        Further occurrences of this warning will be suppressed. {"history": "Interactive.340", "point": 1, "testname": "Poten", "cornername": "Nominal"}
[2026-06-02 14:06:22.948 Z] [WARN] [cadence.virtuoso.ade.simulationMonitor] -     WARNING (SFE-3016): The floating node net73 is removed. {"history": "Interactive.340", "point": 1, "testname": "Poten", "cornername": "Nominal"}
[2026-06-02 14:06:22.948 Z] [INFO] [cadence.virtuoso.ade.simulationMonitor] - Notice from spectre during hierarchy flattening.
    Spectre X Parasitic Optimization enabled.
    Parasitic optimization will filter out parasitic nodes, nodes only connected to RCs, by default. To view individual parasitic nodes use individual save statements (i.e. save out), or use the 'savefilter=none' option to save all parasitic nodes. Saving all parasitic nodes may slow down simulation and create large waveform files. {"history": "Interactive.340", "point": 1, "testname": "Poten", "cornername": "Nominal"}
[2026-06-02 14:06:22.948 Z] [INFO] [cadence.virtuoso.ade.simulationMonitor] - Peak resident memory used = 223 Mbytes. {"history": "Interactive.340", "point": 1, "testname": "Poten", "cornername": "Nominal"}
[2026-06-02 14:06:22.949 Z] [INFO] [cadence.virtuoso.ade.simulationMonitor] - Notice from spectre during hierarchy flattening.
    The value 'psf' specified for the 'checklimitdest' option will no longer be supported in future releases. Use 'spectre -h' to see other recommended values for the 'checklimitdest' option.
    I0.I46.RLIB_GC1.CS0 of rpoly1c: `c' has the unusually small value of 634.694e-21 F.
    I0.I46.RLIB_GC1.CS1 of rpoly1c: `c' has the unusually small value of 634.694e-21 F.
    I0.I45.RLIB_GC1.CS0 of rpoly1c: `c' has the unusually small value of 634.694e-21 F.
    I0... {"history": "Interactive.340", "point": 1, "testname": "Poten", "cornername": "Nominal"}
[2026-06-02 14:06:23.449 Z] [INFO] [cadence.virtuoso.ade.simulationMonitor] - Notice from spectre during hierarchy flattening.
    V8: `period' has the unusually large value of 100 s.
    V7: `period' has the unusually large value of 10 s.
    V3: `period' has the unusually large value of 6 s.
    I26: `period' has the unusually large value of 6 s. {"history": "Interactive.340", "point": 1, "testname": "Poten", "cornername": "Nominal"}
[2026-06-02 14:06:23.450 Z] [INFO] [cadence.virtuoso.ade.simulationMonitor] - Peak resident memory used = 230 Mbytes. {"history": "Interactive.340", "point": 1, "testname": "Poten", "cornername": "Nominal"}
[2026-06-02 14:06:23.450 Z] [WARN] [cadence.virtuoso.ade.simulationMonitor] -     WARNING (CMI-2425): I7.I4.C1<0>_turbo_m11: `Acde' = 2.393 is unusually large. {"history": "Interactive.340", "point": 1, "testname": "Poten", "cornername": "Nominal"}
[2026-06-02 14:06:23.450 Z] [WARN] [cadence.virtuoso.ade.simulationMonitor] -     WARNING (CMI-2425): I7.I4.C1<0>_turbo_m11: `Noff' = 4.732 is unusually large. {"history": "Interactive.340", "point": 1, "testname": "Poten", "cornername": "Nominal"}
[2026-06-02 14:06:23.451 Z] [WARN] [cadence.virtuoso.ade.simulationMonitor] -     WARNING (CMI-2424): I7.I4.C1<0>_turbo_m11: `Voffcv' = -867.4e-03 is unusually small. {"history": "Interactive.340", "point": 1, "testname": "Poten", "cornername": "Nominal"}
[2026-06-02 14:06:23.451 Z] [WARN] [cadence.virtuoso.ade.simulationMonitor] -     WARNING (CMI-2425): I7.I3.C1<0>_turbo_m6: `Acde' = 2.393 is unusually large. {"history": "Interactive.340", "point": 1, "testname": "Poten", "cornername": "Nominal"}
[2026-06-02 14:06:23.451 Z] [WARN] [cadence.virtuoso.ade.simulationMonitor] -     WARNING (CMI-2425): I7.I3.C1<0>_turbo_m6: `Noff' = 4.732 is unusually large. {"history": "Interactive.340", "point": 1, "testname": "Poten", "cornername": "Nominal"}
[2026-06-02 14:06:23.451 Z] [WARN] [cadence.virtuoso.ade.simulationMonitor] -     WARNING (CMI-2424): I7.I3.C1<0>_turbo_m6: `Voffcv' = -867.4e-03 is unusually small. {"history": "Interactive.340", "point": 1, "testname": "Poten", "cornername": "Nominal"}
[2026-06-02 14:06:23.451 Z] [WARN] [cadence.virtuoso.ade.simulationMonitor] -     WARNING (CMI-2425): I7.I0.C0<0>_turbo_m6: `Acde' = 2.393 is unusually large.
        Further occurrences of this warning will be suppressed. {"history": "Interactive.340", "point": 1, "testname": "Poten", "cornername": "Nominal"}
[2026-06-02 14:06:23.452 Z] [WARN] [cadence.virtuoso.ade.simulationMonitor] -     WARNING (CMI-2424): I7.I0.C0<0>_turbo_m6: `Voffcv' = -867.4e-03 is unusually small. {"history": "Interactive.340", "point": 1, "testname": "Poten", "cornername": "Nominal"}
[2026-06-02 14:06:23.452 Z] [WARN] [cadence.virtuoso.ade.simulationMonitor] -     WARNING (CMI-2424): I7.I0.C2: `Voffcv' = -867.4e-03 is unusually small. {"history": "Interactive.340", "point": 1, "testname": "Poten", "cornername": "Nominal"}
[2026-06-02 14:06:23.452 Z] [WARN] [cadence.virtuoso.ade.simulationMonitor] -     WARNING (CMI-2424): I7.I0.C1: `Voffcv' = -867.4e-03 is unusually small.
        Further occurrences of this warning will be suppressed. {"history": "Interactive.340", "point": 1, "testname": "Poten", "cornername": "Nominal"}
[2026-06-02 14:06:23.952 Z] [WARN] [cadence.virtuoso.ade.simulationMonitor] -     WARNING (SPECTRE-17607): Assert `SOAC_vert10_vsubpsub' is ignored because it contains an expression which is invalid or not supported by native evaluator.  {"history": "Interactive.340", "point": 1, "testname": "Poten", "cornername": "Nominal"}
[2026-06-02 14:06:23.953 Z] [WARN] [cadence.virtuoso.ade.simulationMonitor] -     WARNING (SPECTRE-17607): Assert `SOAC_vert10_vcsub' is ignored because it contains an expression which is invalid or not supported by native evaluator.  {"history": "Interactive.340", "point": 1, "testname": "Poten", "cornername": "Nominal"}
[2026-06-02 14:06:23.953 Z] [WARN] [cadence.virtuoso.ade.simulationMonitor] -     WARNING (SPECTRE-16460): SOAC_cvarm_vspsub:Specified subcircuit master `cvarm' was not found. {"history": "Interactive.340", "point": 1, "testname": "Poten", "cornername": "Nominal"}
[2026-06-02 14:06:23.953 Z] [WARN] [cadence.virtuoso.ade.simulationMonitor] -     WARNING (SPECTRE-16462): SOAC_cvarm_vspsub:Error in specification of subcircuit master. Assert is ignored. {"history": "Interactive.340", "point": 1, "testname": "Poten", "cornername": "Nominal"}
[2026-06-02 14:06:23.954 Z] [WARN] [cadence.virtuoso.ade.simulationMonitor] -     WARNING (SPECTRE-16460): SOAC_cvarm_vbs:Specified subcircuit master `cvarm' was not found. {"history": "Interactive.340", "point": 1, "testname": "Poten", "cornername": "Nominal"}
[2026-06-02 14:06:23.954 Z] [WARN] [cadence.virtuoso.ade.simulationMonitor] -     WARNING (SPECTRE-16462): SOAC_cvarm_vbs:Error in specification of subcircuit master. Assert is ignored. {"history": "Interactive.340", "point": 1, "testname": "Poten", "cornername": "Nominal"}
[2026-06-02 14:06:23.954 Z] [WARN] [cadence.virtuoso.ade.simulationMonitor] -     WARNING (SPECTRE-16460): SOAC_cvarm_vgb:Specified subcircuit master `cvarm' was not found. {"history": "Interactive.340", "point": 1, "testname": "Poten", "cornername": "Nominal"}
[2026-06-02 14:06:23.954 Z] [WARN] [cadence.virtuoso.ade.simulationMonitor] -     WARNING (SPECTRE-16462): SOAC_cvarm_vgb:Error in specification of subcircuit master. Assert is ignored. {"history": "Interactive.340", "point": 1, "testname": "Poten", "cornername": "Nominal"}
[2026-06-02 14:06:23.954 Z] [WARN] [cadence.virtuoso.ade.simulationMonitor] -     WARNING (SPECTRE-16460): SOAC_cvart_vspsub:Specified subcircuit master `cvart' was not found. {"history": "Interactive.340", "point": 1, "testname": "Poten", "cornername": "Nominal"}
[2026-06-02 14:06:23.955 Z] [WARN] [cadence.virtuoso.ade.simulationMonitor] -     WARNING (SPECTRE-16462): SOAC_cvart_vspsub:Error in specification of subcircuit master. Assert is ignored. {"history": "Interactive.340", "point": 1, "testname": "Poten", "cornername": "Nominal"}
[2026-06-02 14:06:23.955 Z] [WARN] [cadence.virtuoso.ade.simulationMonitor] -     WARNING (SPECTRE-16460): SOAC_cvart_vbs:Specified subcircuit master `cvart' was not found.
        Further occurrences of this warning will be suppressed. {"history": "Interactive.340", "point": 1, "testname": "Poten", "cornername": "Nominal"}
[2026-06-02 14:06:23.955 Z] [WARN] [cadence.virtuoso.ade.simulationMonitor] -     WARNING (SPECTRE-16462): SOAC_cvart_vbs:Error in specification of subcircuit master. Assert is ignored.
        Further occurrences of this warning will be suppressed. {"history": "Interactive.340", "point": 1, "testname": "Poten", "cornername": "Nominal"}
[2026-06-02 14:06:24.455 Z] [INFO] [cadence.virtuoso.ade.simulationMonitor] - Notice from spectre during topology check.
    Only one connection to the following 1471 nodes:
        I0.I46.RLIB_GC1.R1.psub!
        I0.I46.RLIB_GC1.R2.psub!
        I0.I46.MNLIB_DR1.M_esdnmos4.psub!
        I0.I46.DLIB2.psub!
        I0.I46.DLIB1.psub!
        Further occurrences of this notice will be suppressed. {"history": "Interactive.340", "point": 1, "testname": "Poten", "cornername": "Nominal"}
[2026-06-02 14:06:25.959 Z] [INFO] [cadence.virtuoso.ade.simulationMonitor] -               nodes 9312 {"history": "Interactive.340", "point": 1, "testname": "Poten", "cornername": "Nominal"}
[2026-06-02 14:06:25.959 Z] [INFO] [cadence.virtuoso.ade.simulationMonitor] - Notice from spectre during initial setup.
    7 resistors are shorted because their absolute value is less than or equal to 'rabsshort'.
    3 vsources are shorted because their absolute value is less than or equal to 'vabsshort'.
    4 resistors are changed to resistance form because their value are less than 'rthresh'.
    Spectre X preset=cx enabled.
    44 notices suppressed.
    115 warnings suppressed. {"history": "Interactive.340", "point": 1, "testname": "Poten", "cornername": "Nominal"}
[2026-06-02 14:06:25.960 Z] [INFO] [cadence.virtuoso.ade.simulationMonitor] - Notice from spectre.
    Multithreading enabled: 8 threads in the system with 48 available processors. {"history": "Interactive.340", "point": 1, "testname": "Poten", "cornername": "Nominal"}
[2026-06-02 14:06:25.960 Z] [INFO] [cadence.virtuoso.ade.simulationMonitor] - Peak resident memory used = 274 Mbytes. {"history": "Interactive.340", "point": 1, "testname": "Poten", "cornername": "Nominal"}
[2026-06-02 14:06:25.960 Z] [INFO] [cadence.virtuoso.ade.simulationMonitor] -    -   (Spectre X) Multi-threading. The recommended number of threads is [4, 8], consider adding +mt=4 or +mt=8 on command line. {"history": "Interactive.340", "point": 1, "testname": "Poten", "cornername": "Nominal"}
[2026-06-02 14:06:25.961 Z] [INFO] [cadence.virtuoso.ade.simulationMonitor] - Notice from spectre during DC analysis `dcOp'.
    No checklimit analysis defined for asserts. A default checklimit analysis 'SpectreChecklimitAnal' has been created with all asserts enabled. {"history": "Interactive.340", "point": 1, "testname": "Poten", "cornername": "Nominal"}
[2026-06-02 14:06:31.463 Z] [INFO] [cadence.virtuoso.ade.simulationMonitor] - Notice from spectre during DC analysis `dcOp'.
    Bad pivoting is found during DC analysis. Option dc_pivot_check=yes is recommended for possible improvement of convergence. {"history": "Interactive.340", "point": 1, "testname": "Poten", "cornername": "Nominal"}
[2026-06-02 14:06:31.464 Z] [WARN] [cadence.virtuoso.ade.simulationMonitor] -     WARNING (CMI-2943): Parameter checks have been ignored because the valid value for parameter 'trise' could not be found in 'C0'. {"history": "Interactive.340", "point": 1, "testname": "Poten", "cornername": "Nominal"}
[2026-06-02 14:06:31.464 Z] [WARN] [cadence.virtuoso.ade.simulationMonitor] -     WARNING (CMI-2943): Parameter checks have been ignored because the valid value for parameter 'trise' could not be found in 'C1'. {"history": "Interactive.340", "point": 1, "testname": "Poten", "cornername": "Nominal"}
[2026-06-02 14:06:31.464 Z] [WARN] [cadence.virtuoso.ade.simulationMonitor] -     WARNING (CMI-2943): Parameter checks have been ignored because the valid value for parameter 'trise' could not be found in 'C11'. {"history": "Interactive.340", "point": 1, "testname": "Poten", "cornername": "Nominal"}
[2026-06-02 14:06:31.464 Z] [WARN] [cadence.virtuoso.ade.simulationMonitor] -     WARNING (CMI-2943): Parameter checks have been ignored because the valid value for parameter 'trise' could not be found in 'C12'. {"history": "Interactive.340", "point": 1, "testname": "Poten", "cornername": "Nominal"}
[2026-06-02 14:06:31.464 Z] [WARN] [cadence.virtuoso.ade.simulationMonitor] -     WARNING (CMI-2943): Parameter checks have been ignored because the valid value for parameter 'trise' could not be found in 'C5'.
        Further occurrences of this warning will be suppressed. {"history": "Interactive.340", "point": 1, "testname": "Poten", "cornername": "Nominal"}
[2026-06-02 14:06:31.465 Z] [INFO] [cadence.virtuoso.ade.simulationMonitor] - Notice from spectre during check, during DC analysis `dcOp'.
    I0.I5.RLIB_GC1 of rdiffp3: `ig' has the unusually large value of -25.2511 A.
    I0.I3.RLIB_GC1 of rdiffp3: `ig' has the unusually large value of -25.2511 A.
    I0.I3.RLIB_GC2 of rdiffp3: `ig' has the unusually large value of -25.2511 A.
    I0.I6.RLIB_GC2 of rdiffp3: `ig' has the unusually large value of -25.2511 A. {"history": "Interactive.340", "point": 1, "testname": "Poten", "cornername": "Nominal"}
[2026-06-02 14:06:31.465 Z] [INFO] [cadence.virtuoso.ade.simulationMonitor] - Total time required for dc analysis `dcOp': CPU = 29.1302 s, elapsed = 5.56866 s, util. = 523%. {"history": "Interactive.340", "point": 1, "testname": "Poten", "cornername": "Nominal"}
[2026-06-02 14:06:31.465 Z] [INFO] [cadence.virtuoso.ade.simulationMonitor] - Peak resident memory used = 300 Mbytes. {"history": "Interactive.340", "point": 1, "testname": "Poten", "cornername": "Nominal"}
[2026-06-02 14:06:31.465 Z] [INFO] [cadence.virtuoso.ade.simulationMonitor] - Notice from spectre.
    1032 warnings suppressed. {"history": "Interactive.340", "point": 1, "testname": "Poten", "cornername": "Nominal"}
[2026-06-02 14:06:31.465 Z] [WARN] [cadence.virtuoso.ade.simulationMonitor] -     WARNING (CMI-2425): I7.I0.C0<0>_dummy: `Acde' = 2.393 is unusually large. {"history": "Interactive.340", "point": 1, "testname": "Poten", "cornername": "Nominal"}
[2026-06-02 14:06:31.465 Z] [WARN] [cadence.virtuoso.ade.simulationMonitor] -     WARNING (CMI-2425): I7.I0.C0<0>_dummy: `Noff' = 4.732 is unusually large. {"history": "Interactive.340", "point": 1, "testname": "Poten", "cornername": "Nominal"}
[2026-06-02 14:06:31.466 Z] [WARN] [cadence.virtuoso.ade.simulationMonitor] -     WARNING (CMI-2424): I7.I0.C0<0>_dummy: `Voffcv' = -867.4e-03 is unusually small. {"history": "Interactive.340", "point": 1, "testname": "Poten", "cornername": "Nominal"}
[2026-06-02 14:06:31.466 Z] [WARN] [cadence.virtuoso.ade.simulationMonitor] -     WARNING (CMI-2425): I7.I3.C1<0>_dummy: `Acde' = 2.393 is unusually large. {"history": "Interactive.340", "point": 1, "testname": "Poten", "cornername": "Nominal"}
[2026-06-02 14:06:31.466 Z] [WARN] [cadence.virtuoso.ade.simulationMonitor] -     WARNING (CMI-2425): I7.I3.C1<0>_dummy: `Noff' = 4.732 is unusually large. {"history": "Interactive.340", "point": 1, "testname": "Poten", "cornername": "Nominal"}
[2026-06-02 14:06:31.466 Z] [WARN] [cadence.virtuoso.ade.simulationMonitor] -     WARNING (CMI-2424): I7.I3.C1<0>_dummy: `Voffcv' = -867.4e-03 is unusually small. {"history": "Interactive.340", "point": 1, "testname": "Poten", "cornername": "Nominal"}
[2026-06-02 14:06:31.466 Z] [WARN] [cadence.virtuoso.ade.simulationMonitor] -     WARNING (CMI-2425): I7.I4.C1<0>_dummy: `Acde' = 2.393 is unusually large.
        Further occurrences of this warning will be suppressed. {"history": "Interactive.340", "point": 1, "testname": "Poten", "cornername": "Nominal"}
[2026-06-02 14:06:31.466 Z] [WARN] [cadence.virtuoso.ade.simulationMonitor] -     WARNING (CMI-2424): I7.I4.C1<0>_dummy: `Voffcv' = -867.4e-03 is unusually small. {"history": "Interactive.340", "point": 1, "testname": "Poten", "cornername": "Nominal"}
[2026-06-02 14:06:31.967 Z] [INFO] [cadence.virtuoso.ade.simulationMonitor] - Notice from spectre.
    1 warning suppressed. {"history": "Interactive.340", "point": 1, "testname": "Poten", "cornername": "Nominal"}
[2026-06-02 14:06:33.468 Z] [INFO] [cadence.virtuoso.ade.simulationMonitor] - Notice from spectre during IC analysis, during transient analysis `tran'.
    Bad pivoting is found during DC analysis. Option dc_pivot_check=yes is recommended for possible improvement of convergence. {"history": "Interactive.340", "point": 1, "testname": "Poten", "cornername": "Nominal"}
[2026-06-02 14:06:33.469 Z] [WARN] [cadence.virtuoso.ade.simulationMonitor] -     WARNING (CMI-2943): Parameter checks have been ignored because the valid value for parameter 'trise' could not be found in 'C0'. {"history": "Interactive.340", "point": 1, "testname": "Poten", "cornername": "Nominal"}
[2026-06-02 14:06:33.469 Z] [WARN] [cadence.virtuoso.ade.simulationMonitor] -     WARNING (CMI-2943): Parameter checks have been ignored because the valid value for parameter 'trise' could not be found in 'C1'. {"history": "Interactive.340", "point": 1, "testname": "Poten", "cornername": "Nominal"}
[2026-06-02 14:06:33.469 Z] [WARN] [cadence.virtuoso.ade.simulationMonitor] -     WARNING (CMI-2943): Parameter checks have been ignored because the valid value for parameter 'trise' could not be found in 'C11'. {"history": "Interactive.340", "point": 1, "testname": "Poten", "cornername": "Nominal"}
[2026-06-02 14:06:33.469 Z] [WARN] [cadence.virtuoso.ade.simulationMonitor] -     WARNING (CMI-2943): Parameter checks have been ignored because the valid value for parameter 'trise' could not be found in 'C12'. {"history": "Interactive.340", "point": 1, "testname": "Poten", "cornername": "Nominal"}
[2026-06-02 14:06:33.469 Z] [WARN] [cadence.virtuoso.ade.simulationMonitor] -     WARNING (CMI-2943): Parameter checks have been ignored because the valid value for parameter 'trise' could not be found in 'C5'.
        Further occurrences of this warning will be suppressed. {"history": "Interactive.340", "point": 1, "testname": "Poten", "cornername": "Nominal"}
[2026-06-02 14:06:33.470 Z] [INFO] [cadence.virtuoso.ade.simulationMonitor] - Notice from spectre during check, during IC analysis, during transient analysis `tran'.
    I0.I5.RLIB_GC1 of rdiffp3: `ig' has the unusually large value of -25.2511 A.
    I0.I3.RLIB_GC1 of rdiffp3: `ig' has the unusually large value of -25.2511 A.
    I0.I3.RLIB_GC2 of rdiffp3: `ig' has the unusually large value of -25.2511 A.
    I0.I6.RLIB_GC2 of rdiffp3: `ig' has the unusually large value of -25.2511 A. {"history": "Interactive.340", "point": 1, "testname": "Poten", "cornername": "Nominal"}
[2026-06-02 14:06:33.470 Z] [WARN] [cadence.virtuoso.ade.simulationMonitor] -     WARNING (SPECTRE-17191): 
        Tolerance relaxation is used to obtain final DC solution which may affect the accuracy of the result. This is mainly caused by the high impedance nodes in the circuit. Use the dyn_highz check to determine the high impedance nodes. Setting/assigning appropriate initial values to these nodes will usually help to improve both performance and accuracy of DC simulations. {"history": "Interactive.340", "point": 1, "testname": "Poten", "cornername": "Nominal"}
[2026-06-02 14:06:42.974 Z] [INFO] [cadence.virtuoso.ade.simulationMonitor] - Total time required for tran analysis `tran': CPU = 61.8946 s (1m  1.9s), elapsed = 10.9198 s, util. = 567%. {"history": "Interactive.340", "point": 1, "testname": "Poten", "cornername": "Nominal"}
[2026-06-02 14:06:42.975 Z] [INFO] [cadence.virtuoso.ade.simulationMonitor] - Peak resident memory used = 326 Mbytes. {"history": "Interactive.340", "point": 1, "testname": "Poten", "cornername": "Nominal"}
[2026-06-02 14:06:42.975 Z] [INFO] [cadence.virtuoso.ade.simulationMonitor] - Notice from spectre.
    1032 warnings suppressed. {"history": "Interactive.340", "point": 1, "testname": "Poten", "cornername": "Nominal"}
[2026-06-02 14:06:42.975 Z] [WARN] [cadence.virtuoso.ade.simulationMonitor] -     WARNING (CMI-2425): I7.I0.C0<0>_dummy: `Acde' = 2.393 is unusually large. {"history": "Interactive.340", "point": 1, "testname": "Poten", "cornername": "Nominal"}
[2026-06-02 14:06:42.975 Z] [WARN] [cadence.virtuoso.ade.simulationMonitor] -     WARNING (CMI-2425): I7.I0.C0<0>_dummy: `Noff' = 4.732 is unusually large. {"history": "Interactive.340", "point": 1, "testname": "Poten", "cornername": "Nominal"}
[2026-06-02 14:06:42.976 Z] [WARN] [cadence.virtuoso.ade.simulationMonitor] -     WARNING (CMI-2424): I7.I0.C0<0>_dummy: `Voffcv' = -867.4e-03 is unusually small. {"history": "Interactive.340", "point": 1, "testname": "Poten", "cornername": "Nominal"}
[2026-06-02 14:06:42.976 Z] [WARN] [cadence.virtuoso.ade.simulationMonitor] -     WARNING (CMI-2425): I7.I3.C1<0>_dummy: `Acde' = 2.393 is unusually large. {"history": "Interactive.340", "point": 1, "testname": "Poten", "cornername": "Nominal"}
[2026-06-02 14:06:42.976 Z] [WARN] [cadence.virtuoso.ade.simulationMonitor] -     WARNING (CMI-2425): I7.I3.C1<0>_dummy: `Noff' = 4.732 is unusually large. {"history": "Interactive.340", "point": 1, "testname": "Poten", "cornername": "Nominal"}
[2026-06-02 14:06:42.976 Z] [WARN] [cadence.virtuoso.ade.simulationMonitor] -     WARNING (CMI-2424): I7.I3.C1<0>_dummy: `Voffcv' = -867.4e-03 is unusually small. {"history": "Interactive.340", "point": 1, "testname": "Poten", "cornername": "Nominal"}
[2026-06-02 14:06:42.976 Z] [WARN] [cadence.virtuoso.ade.simulationMonitor] -     WARNING (CMI-2425): I7.I4.C1<0>_dummy: `Acde' = 2.393 is unusually large.
        Further occurrences of this warning will be suppressed. {"history": "Interactive.340", "point": 1, "testname": "Poten", "cornername": "Nominal"}
[2026-06-02 14:06:42.977 Z] [WARN] [cadence.virtuoso.ade.simulationMonitor] -     WARNING (CMI-2424): I7.I4.C1<0>_dummy: `Voffcv' = -867.4e-03 is unusually small. {"history": "Interactive.340", "point": 1, "testname": "Poten", "cornername": "Nominal"}
[2026-06-02 14:06:42.977 Z] [INFO] [cadence.virtuoso.ade.simulationMonitor] - Notice from spectre.
    1 warning suppressed. {"history": "Interactive.340", "point": 1, "testname": "Poten", "cornername": "Nominal"}
[2026-06-02 14:06:44.477 Z] [WARN] [cadence.virtuoso.ade.simulationMonitor] -     WARNING (CMI-2425): I2.I25.C0: `Acde' = 2.393 is unusually large. {"history": "Interactive.340", "point": 1, "testname": "Poten", "cornername": "Nominal"}
[2026-06-02 14:06:44.478 Z] [WARN] [cadence.virtuoso.ade.simulationMonitor] -     WARNING (CMI-2425): I2.I25.C0: `Noff' = 4.732 is unusually large. {"history": "Interactive.340", "point": 1, "testname": "Poten", "cornername": "Nominal"}
[2026-06-02 14:06:44.478 Z] [WARN] [cadence.virtuoso.ade.simulationMonitor] -     WARNING (CMI-2424): I2.I25.C0: `Voffcv' = -867.4e-03 is unusually small. {"history": "Interactive.340", "point": 1, "testname": "Poten", "cornername": "Nominal"}
[2026-06-02 14:06:44.478 Z] [WARN] [cadence.virtuoso.ade.simulationMonitor] -     WARNING (CMI-2425): I2.I25.I22|C2: `Acde' = 2.393 is unusually large. {"history": "Interactive.340", "point": 1, "testname": "Poten", "cornername": "Nominal"}
[2026-06-02 14:06:44.479 Z] [WARN] [cadence.virtuoso.ade.simulationMonitor] -     WARNING (CMI-2425): I2.I25.I22|C2: `Noff' = 4.732 is unusually large. {"history": "Interactive.340", "point": 1, "testname": "Poten", "cornername": "Nominal"}
[2026-06-02 14:06:44.479 Z] [WARN] [cadence.virtuoso.ade.simulationMonitor] -     WARNING (CMI-2424): I2.I25.I22|C2: `Voffcv' = -867.4e-03 is unusually small. {"history": "Interactive.340", "point": 1, "testname": "Poten", "cornername": "Nominal"}
[2026-06-02 14:06:44.479 Z] [WARN] [cadence.virtuoso.ade.simulationMonitor] -     WARNING (CMI-2425): I7.I1.C0: `Acde' = 2.393 is unusually large.
        Further occurrences of this warning will be suppressed. {"history": "Interactive.340", "point": 1, "testname": "Poten", "cornername": "Nominal"}
[2026-06-02 14:06:44.479 Z] [WARN] [cadence.virtuoso.ade.simulationMonitor] -     WARNING (CMI-2424): I7.I1.C0: `Voffcv' = -867.4e-03 is unusually small. {"history": "Interactive.340", "point": 1, "testname": "Poten", "cornername": "Nominal"}
[2026-06-02 14:06:44.479 Z] [WARN] [cadence.virtuoso.ade.simulationMonitor] -     WARNING (CMI-2424): I7.I0.C1: `Voffcv' = -867.4e-03 is unusually small. {"history": "Interactive.340", "point": 1, "testname": "Poten", "cornername": "Nominal"}
[2026-06-02 14:06:44.480 Z] [WARN] [cadence.virtuoso.ade.simulationMonitor] -     WARNING (CMI-2424): I7.I0.C2: `Voffcv' = -867.4e-03 is unusually small.
        Further occurrences of this warning will be suppressed. {"history": "Interactive.340", "point": 1, "testname": "Poten", "cornername": "Nominal"}
[2026-06-02 14:06:45.981 Z] [INFO] [cadence.virtuoso.ade.simulationMonitor] - Notice from spectre during DC analysis, during Noise analysis `noise'.
    Bad pivoting is found during DC analysis. Option dc_pivot_check=yes is recommended for possible improvement of convergence. {"history": "Interactive.340", "point": 1, "testname": "Poten", "cornername": "Nominal"}
[2026-06-02 14:06:45.982 Z] [WARN] [cadence.virtuoso.ade.simulationMonitor] -     WARNING (CMI-2943): Parameter checks have been ignored because the valid value for parameter 'trise' could not be found in 'C0'. {"history": "Interactive.340", "point": 1, "testname": "Poten", "cornername": "Nominal"}
[2026-06-02 14:06:45.982 Z] [WARN] [cadence.virtuoso.ade.simulationMonitor] -     WARNING (CMI-2943): Parameter checks have been ignored because the valid value for parameter 'trise' could not be found in 'C1'. {"history": "Interactive.340", "point": 1, "testname": "Poten", "cornername": "Nominal"}
[2026-06-02 14:06:45.982 Z] [WARN] [cadence.virtuoso.ade.simulationMonitor] -     WARNING (CMI-2943): Parameter checks have been ignored because the valid value for parameter 'trise' could not be found in 'C11'. {"history": "Interactive.340", "point": 1, "testname": "Poten", "cornername": "Nominal"}
[2026-06-02 14:06:45.982 Z] [WARN] [cadence.virtuoso.ade.simulationMonitor] -     WARNING (CMI-2943): Parameter checks have been ignored because the valid value for parameter 'trise' could not be found in 'C12'. {"history": "Interactive.340", "point": 1, "testname": "Poten", "cornername": "Nominal"}
[2026-06-02 14:06:45.982 Z] [WARN] [cadence.virtuoso.ade.simulationMonitor] -     WARNING (CMI-2943): Parameter checks have been ignored because the valid value for parameter 'trise' could not be found in 'C5'.
        Further occurrences of this warning will be suppressed. {"history": "Interactive.340", "point": 1, "testname": "Poten", "cornername": "Nominal"}
[2026-06-02 14:06:45.983 Z] [INFO] [cadence.virtuoso.ade.simulationMonitor] - Notice from spectre during check, during DC analysis, during Noise analysis `noise'.
    I0.I4.RLIB_GC2 of rdiffp3: `ig' has the unusually large value of -27.1861 A.
    I0.I3.RLIB_GC1 of rdiffp3: `ig' has the unusually large value of -27.9029 A.
    I0.I6.RLIB_GC2 of rdiffp3: `ig' has the unusually large value of -27.1821 A. {"history": "Interactive.340", "point": 1, "testname": "Poten", "cornername": "Nominal"}
[2026-06-02 14:06:50.985 Z] [INFO] [cadence.virtuoso.ade.simulationMonitor] - Total time required for noise analysis `noise': CPU = 26.6557 s, elapsed = 6.39803 s, util. = 417%. {"history": "Interactive.340", "point": 1, "testname": "Poten", "cornername": "Nominal"}
[2026-06-02 14:06:50.986 Z] [INFO] [cadence.virtuoso.ade.simulationMonitor] - Peak resident memory used = 341 Mbytes. {"history": "Interactive.340", "point": 1, "testname": "Poten", "cornername": "Nominal"}
[2026-06-02 14:06:50.986 Z] [INFO] [cadence.virtuoso.ade.simulationMonitor] - Notice from spectre.
    1046 warnings suppressed. {"history": "Interactive.340", "point": 1, "testname": "Poten", "cornername": "Nominal"}
[2026-06-02 14:06:50.986 Z] [WARN] [cadence.virtuoso.ade.simulationMonitor] -     WARNING (CMI-2425): I2.I25.C0: `Acde' = 2.393 is unusually large. {"history": "Interactive.340", "point": 1, "testname": "Poten", "cornername": "Nominal"}
[2026-06-02 14:06:50.986 Z] [WARN] [cadence.virtuoso.ade.simulationMonitor] -     WARNING (CMI-2425): I2.I25.C0: `Noff' = 4.732 is unusually large. {"history": "Interactive.340", "point": 1, "testname": "Poten", "cornername": "Nominal"}
[2026-06-02 14:06:50.986 Z] [WARN] [cadence.virtuoso.ade.simulationMonitor] -     WARNING (CMI-2424): I2.I25.C0: `Voffcv' = -867.4e-03 is unusually small. {"history": "Interactive.340", "point": 1, "testname": "Poten", "cornername": "Nominal"}
[2026-06-02 14:06:50.987 Z] [WARN] [cadence.virtuoso.ade.simulationMonitor] -     WARNING (CMI-2425): I2.I25.I22|C2: `Acde' = 2.393 is unusually large. {"history": "Interactive.340", "point": 1, "testname": "Poten", "cornername": "Nominal"}
[2026-06-02 14:06:50.987 Z] [WARN] [cadence.virtuoso.ade.simulationMonitor] -     WARNING (CMI-2425): I2.I25.I22|C2: `Noff' = 4.732 is unusually large. {"history": "Interactive.340", "point": 1, "testname": "Poten", "cornername": "Nominal"}
[2026-06-02 14:06:50.987 Z] [WARN] [cadence.virtuoso.ade.simulationMonitor] -     WARNING (CMI-2424): I2.I25.I22|C2: `Voffcv' = -867.4e-03 is unusually small. {"history": "Interactive.340", "point": 1, "testname": "Poten", "cornername": "Nominal"}
[2026-06-02 14:06:50.987 Z] [WARN] [cadence.virtuoso.ade.simulationMonitor] -     WARNING (CMI-2425): I7.I1.C0: `Acde' = 2.393 is unusually large.
        Further occurrences of this warning will be suppressed. {"history": "Interactive.340", "point": 1, "testname": "Poten", "cornername": "Nominal"}
[2026-06-02 14:06:50.987 Z] [WARN] [cadence.virtuoso.ade.simulationMonitor] -     WARNING (CMI-2424): I7.I1.C0: `Voffcv' = -867.4e-03 is unusually small. {"history": "Interactive.340", "point": 1, "testname": "Poten", "cornername": "Nominal"}
[2026-06-02 14:06:50.987 Z] [WARN] [cadence.virtuoso.ade.simulationMonitor] -     WARNING (CMI-2424): I7.I0.C1: `Voffcv' = -867.4e-03 is unusually small. {"history": "Interactive.340", "point": 1, "testname": "Poten", "cornername": "Nominal"}
[2026-06-02 14:06:50.988 Z] [WARN] [cadence.virtuoso.ade.simulationMonitor] -     WARNING (CMI-2424): I7.I0.C2: `Voffcv' = -867.4e-03 is unusually small.
        Further occurrences of this warning will be suppressed. {"history": "Interactive.340", "point": 1, "testname": "Poten", "cornername": "Nominal"}
[2026-06-02 14:06:50.988 Z] [INFO] [cadence.virtuoso.ade.simulationMonitor] - Notice from spectre during XF analysis `xf'.
    Operating points will not be recomputed: the circuit and conditions were not changed since previous analysis. {"history": "Interactive.340", "point": 1, "testname": "Poten", "cornername": "Nominal"}
[2026-06-02 14:06:51.989 Z] [INFO] [cadence.virtuoso.ade.simulationMonitor] - Total time required for xf analysis `xf': CPU = 2.8436 s, elapsed = 1.05724 s, util. = 269%. {"history": "Interactive.340", "point": 1, "testname": "Poten", "cornername": "Nominal"}
[2026-06-02 14:06:51.989 Z] [INFO] [cadence.virtuoso.ade.simulationMonitor] - Peak resident memory used = 341 Mbytes. {"history": "Interactive.340", "point": 1, "testname": "Poten", "cornername": "Nominal"}
[2026-06-02 14:06:51.990 Z] [INFO] [cadence.virtuoso.ade.simulationMonitor] - Notice from spectre.
    14 warnings suppressed. {"history": "Interactive.340", "point": 1, "testname": "Poten", "cornername": "Nominal"}
[2026-06-02 14:06:51.990 Z] [WARN] [cadence.virtuoso.ade.simulationMonitor] -     WARNING (CMI-2425): I7.I0.C0<0>_dummy: `Acde' = 2.393 is unusually large. {"history": "Interactive.340", "point": 1, "testname": "Poten", "cornername": "Nominal"}
[2026-06-02 14:06:51.990 Z] [WARN] [cadence.virtuoso.ade.simulationMonitor] -     WARNING (CMI-2425): I7.I0.C0<0>_dummy: `Noff' = 4.732 is unusually large. {"history": "Interactive.340", "point": 1, "testname": "Poten", "cornername": "Nominal"}
[2026-06-02 14:06:51.990 Z] [WARN] [cadence.virtuoso.ade.simulationMonitor] -     WARNING (CMI-2424): I7.I0.C0<0>_dummy: `Voffcv' = -867.4e-03 is unusually small. {"history": "Interactive.340", "point": 1, "testname": "Poten", "cornername": "Nominal"}
[2026-06-02 14:06:51.991 Z] [WARN] [cadence.virtuoso.ade.simulationMonitor] -     WARNING (CMI-2425): I7.I3.C1<0>_dummy: `Acde' = 2.393 is unusually large. {"history": "Interactive.340", "point": 1, "testname": "Poten", "cornername": "Nominal"}
[2026-06-02 14:06:51.991 Z] [WARN] [cadence.virtuoso.ade.simulationMonitor] -     WARNING (CMI-2425): I7.I3.C1<0>_dummy: `Noff' = 4.732 is unusually large. {"history": "Interactive.340", "point": 1, "testname": "Poten", "cornername": "Nominal"}
[2026-06-02 14:06:51.991 Z] [WARN] [cadence.virtuoso.ade.simulationMonitor] -     WARNING (CMI-2424): I7.I3.C1<0>_dummy: `Voffcv' = -867.4e-03 is unusually small. {"history": "Interactive.340", "point": 1, "testname": "Poten", "cornername": "Nominal"}
[2026-06-02 14:06:51.992 Z] [WARN] [cadence.virtuoso.ade.simulationMonitor] -     WARNING (CMI-2425): I7.I4.C1<0>_dummy: `Acde' = 2.393 is unusually large.
        Further occurrences of this warning will be suppressed. {"history": "Interactive.340", "point": 1, "testname": "Poten", "cornername": "Nominal"}
[2026-06-02 14:06:51.992 Z] [WARN] [cadence.virtuoso.ade.simulationMonitor] -     WARNING (CMI-2424): I7.I4.C1<0>_dummy: `Voffcv' = -867.4e-03 is unusually small. {"history": "Interactive.340", "point": 1, "testname": "Poten", "cornername": "Nominal"}
[2026-06-02 14:06:51.992 Z] [INFO] [cadence.virtuoso.ade.simulationMonitor] - Notice from spectre.
    1 warning suppressed. {"history": "Interactive.340", "point": 1, "testname": "Poten", "cornername": "Nominal"}
[2026-06-02 14:06:51.992 Z] [INFO] [cadence.virtuoso.ade.simulationMonitor] - Time used: CPU = 126 s (2m  6.2s), elapsed = 31.1 s, util. = 406%. {"history": "Interactive.340", "point": 1, "testname": "Poten", "cornername": "Nominal"}
[2026-06-02 14:06:51.993 Z] [INFO] [cadence.virtuoso.ade.simulationMonitor] - Time spent in licensing: elapsed = 97 ms. {"history": "Interactive.340", "point": 1, "testname": "Poten", "cornername": "Nominal"}
[2026-06-02 14:06:51.994 Z] [INFO] [cadence.virtuoso.ade.simulationMonitor] - Peak memory used = 341 Mbytes. {"history": "Interactive.340", "point": 1, "testname": "Poten", "cornername": "Nominal"}
[2026-06-02 14:06:51.996 Z] [PROCESS] [cadence.virtuoso.ade.simulationMonitor] - Simulation started at: 2:06:20 PM, Tue Jun 2, 2026, ended at: 2:06:51 PM, Tue Jun 2, 2026, with elapsed time (wall clock): 31.1 s. {"history": "Interactive.340", "point": 1, "testname": "Poten", "cornername": "Nominal"}
[2026-06-02 14:06:51.996 Z] [PROCESS] [cadence.virtuoso.ade.simulationMonitor] - spectre completes with 0 errors, 114 warnings, and 46 notices. {"history": "Interactive.340", "point": 1, "testname": "Poten", "cornername": "Nominal"}
[2026-06-02 14:06:51.996 Z] [PROCESS] [cadence.virtuoso.ade.simulationMonitor] - Finished simulating for one point {"hostname": "il2244vt26_hrahimi", "processid": 1943990, "history": "Interactive.340", "testname": "Poten", "cornername": "Nominal", "point": 1, "logfile": "/home/hrahimi/projects/POTENTIOSTAT_26/logs_hrahimi/logs0/Job199.log", "simid": "1"}
[2026-06-02 14:06:51.997 Z] [PROCESS] [cadence.virtuoso.ade.simulationMonitor] - Simulator exited {"hostname": "il2244vt26_hrahimi", "processid": 1943990, "history": "Interactive.340", "testname": "Poten", "cornername": "Nominal", "point": 1, "logfile": "/home/hrahimi/projects/POTENTIOSTAT_26/logs_hrahimi/logs0/Job199.log", "exitStatus": "0"}
[2026-06-02 14:06:51.997 Z] [PROCESS] [cadence.virtuoso.ade.simulationMonitor] - Finished Simulation {"hostname": "il2244vt26_hrahimi", "processid": 1943990, "history": "Interactive.340", "testname": "Poten", "cornername": "Nominal", "point": 1, "logfile": "/home/hrahimi/projects/POTENTIOSTAT_26/logs_hrahimi/logs0/Job199.log", "simid": "1"}
[2026-06-02 14:06:57.010 Z] [PROCESS] [cadence.virtuoso.ade.simulationMonitor] - Point Finished {"hostname": "il2244vt26_hrahimi", "processid": 1943990, "history": "Interactive.340", "testname": "Poten", "cornername": "Nominal", "point": 1, "logfile": "/home/hrahimi/projects/POTENTIOSTAT_26/logs_hrahimi/logs0/Job199.log"}
[2026-06-02 14:06:57.437 Z] [PROCESS] [cadence.virtuoso.ade.simulationMonitor] - Padding test token found for runId '41', Linger time '300', currentRunSyn '75', currentTestSyn '89' {"hostname": "il2244vt26_hrahimi", "processid": 1943990, "history": "Interactive.340", "testname": "Poten", "cornername": "Nominal", "point": 1, "logfile": "/home/hrahimi/projects/POTENTIOSTAT_26/logs_hrahimi/logs0/Job199.log"}
[2026-06-02 14:06:58.450 Z] [PROCESS] [cadence.virtuoso.ade.simulationMonitor] - Padding test token found for runId '41', Linger time '300', currentRunSyn '75', currentTestSyn '89' {"hostname": "il2244vt26_hrahimi", "processid": 1943990, "history": "Interactive.340", "testname": "Poten", "cornername": "Nominal", "point": 1, "logfile": "/home/hrahimi/projects/POTENTIOSTAT_26/logs_hrahimi/logs0/Job199.log"}
[2026-06-02 14:06:58.467 Z] [PROCESS] [cadence.virtuoso.ade.simulationMonitor] - Stay with the runId '41', Linger time '300', currentRunSyn '75', currentTestSyn '89' {"hostname": "il2244vt26_hrahimi", "processid": 1943990, "history": "Interactive.340", "testname": "Poten", "cornername": "Nominal", "point": 1, "logfile": "/home/hrahimi/projects/POTENTIOSTAT_26/logs_hrahimi/logs0/Job199.log"}
[2026-06-02 14:11:58.873 Z] [PROCESS] [cadence.virtuoso.ade.simulationMonitor] - Current memory used: 53.7656 MBytes, peak memory used: 53.7656 MBytes {"hostname": "il2244vt26_hrahimi", "processid": 1943990, "history": "Interactive.340", "testname": "Poten", "cornername": "Nominal", "point": 1, "logfile": "/home/hrahimi/projects/POTENTIOSTAT_26/logs_hrahimi/logs0/Job199.log"}
[2026-06-02 14:11:58.874 Z] [PROCESS] [cadence.virtuoso.ade.simulationMonitor] - Simulation Monitor process exit. {"hostname": "il2244vt26_hrahimi", "processid": 1943990, "history": "Interactive.340", "testname": "Poten", "cornername": "Nominal", "point": 1, "logfile": "/home/hrahimi/projects/POTENTIOSTAT_26/logs_hrahimi/logs0/Job199.log"}
