[Simulation Monitor: 119]
[2026-05-28 11:06:15.068 Z] [PROCESS] [cadence.virtuoso.ade.simulationMonitor] - Simulation Monitor has successfully started up. Trying to set up communication channels to other components ... {"hostname": "il2244vt26_hrahimi", "processid": 493850, "logfile": "/home/hrahimi/projects/POTENTIOSTAT_26/logs_hrahimi/logs0/Job119.log"}
[2026-05-28 11:06:15.069 Z] [PROCESS] [cadence.virtuoso.ade.simulationMonitor] - Communication channels have been successfully set up. Start processing events ... {"hostname": "il2244vt26_hrahimi", "processid": 493850, "logfile": "/home/hrahimi/projects/POTENTIOSTAT_26/logs_hrahimi/logs0/Job119.log"}
[2026-05-28 11:06:15.069 Z] [PROCESS] [cadence.virtuoso.ade.simulationMonitor] - Considering to start history {"hostname": "il2244vt26_hrahimi", "processid": 493850, "history": "Interactive.235", "logfile": "/home/hrahimi/projects/POTENTIOSTAT_26/logs_hrahimi/logs0/Job119.log"}
[2026-05-28 11:06:15.076 Z] [PROCESS] [cadence.virtuoso.ade.simulationMonitor] - Started History {"hostname": "il2244vt26_hrahimi", "processid": 493850, "history": "Interactive.239", "logfile": "/home/hrahimi/projects/POTENTIOSTAT_26/logs_hrahimi/logs0/Job119.log"}
[2026-05-28 11:06:15.076 Z] [PROCESS] [cadence.virtuoso.ade.simulationMonitor] - HostInfo:
Host name (type):	il2244vt26_hrahimi (x86_64)
Operating system:	Linux 5.15.0-164-generic #174-Ubuntu SMP Fri Nov 14 20:25:16 UTC 2025 {"hostname": "il2244vt26_hrahimi", "processid": 493850, "history": "Interactive.239", "logfile": "/home/hrahimi/projects/POTENTIOSTAT_26/logs_hrahimi/logs0/Job119.log", "nodename": "il2244vt26_hrahimi", "domainname": "(none)", "machine": "x86_64", "sysname": "Linux", "release": "5.15.0-164-generic", "version": "#174-Ubuntu SMP Fri Nov 14 20:25:16 UTC 2025"}
[2026-05-28 11:06:15.076 Z] [PROCESS] [cadence.virtuoso.ade.simulationMonitor] - UsageInfo:
pid=493850
totalPhysicalMemory=3023.749672GB,Used=2433.708179GB,totalVirtualMemory=3031.749668GB,Used=2433.735523GB
Cpu: Cores=48, Load average:6.090000,6.690000,7.750000 {"hostname": "il2244vt26_hrahimi", "processid": 493850, "history": "Interactive.239", "logfile": "/home/hrahimi/projects/POTENTIOSTAT_26/logs_hrahimi/logs0/Job119.log", "pid": "493850", "totalPhysicalMemory": "3023.749672", "physicalMemoryUsed": "2433.708179", "totalVirtualMemory": "3031.749668", "virtualMemoryUsed": "2433.735523", "cpuCores": "48", "processes": "29674", "loadAverage1": "6.090000", "loadAverage5": "6.690000", "loadAverage15": "7.750000", "loadAverage1Percent": "0.126875"}
[2026-05-28 11:06:15.078 Z] [EVENT] [cadence.virtuoso.ade.simulationMonitor] - NewPoint {"history": "Interactive.239", "point": 1, "testname": "Potentiostat_7_CA_TIA_Front_tb_calib_1", "cornername": "Nominal", "event": "NewPoint", "EventSource": "Simulation Monitor", "HistoryName": "Interactive.239", "logFile": "/home/hrahimi/projects/POTENTIOSTAT_26/logs_hrahimi/logs0/Job119.log", "logFileSize": "2547"}
[2026-05-28 11:06:15.180 Z] [EVENT] [cadence.virtuoso.ade.simulationMonitor] - NewPoint {"history": "Interactive.239", "point": 1, "testname": "Potentiostat_7_CA_TIA_Front_tb_calib_1", "cornername": "Nominal", "event": "NewPoint", "EventSource": "spectre", "HistoryName": "Interactive.239", "logFile": "/home/hrahimi/projects/POTENTIOSTAT_26/Sim/Potentiostat_Top/top/maestro/results/maestro/Interactive.239/1/Potentiostat_7_CA_TIA_Front_tb_calib_1/psf/spectre.out", "logFileSize": "-1"}
[2026-05-28 11:06:15.194 Z] [PROCESS] [cadence.virtuoso.ade.simulationMonitor] - Simulator launched {"hostname": "il2244vt26_hrahimi", "processid": 493850, "history": "Interactive.239", "testname": "Potentiostat_7_CA_TIA_Front_tb_calib_1", "cornername": "Nominal", "point": 1, "logfile": "/home/hrahimi/projects/POTENTIOSTAT_26/logs_hrahimi/logs0/Job119.log", "simid": "1"}
[2026-05-28 11:06:15.202 Z] [PROCESS] [cadence.virtuoso.ade.simulationMonitor] - Expression evaluator launched {"hostname": "il2244vt26_hrahimi", "processid": 493850, "history": "Interactive.239", "testname": "Potentiostat_7_CA_TIA_Front_tb_calib_1", "cornername": "Nominal", "point": 1, "logfile": "/home/hrahimi/projects/POTENTIOSTAT_26/logs_hrahimi/logs0/Job119.log"}
[2026-05-28 11:06:15.271 Z] [PROCESS] [cadence.virtuoso.ade.simulationMonitor] - Started Simulation {"hostname": "il2244vt26_hrahimi", "processid": 493850, "history": "Interactive.239", "testname": "Potentiostat_7_CA_TIA_Front_tb_calib_1", "cornername": "Nominal", "point": 1, "logfile": "/home/hrahimi/projects/POTENTIOSTAT_26/logs_hrahimi/logs0/Job119.log", "event": "started", "task": "simulation"}
[2026-05-28 11:06:16.272 Z] [WARN] [cadence.virtuoso.ade.simulationMonitor] -     WARNING (SPECTRE-691): This CPU processor does not support x86 advanced vector extensions instructions. This may affect math operations and slow down the simulation. {"history": "Interactive.239", "point": 1, "testname": "Potentiostat_7_CA_TIA_Front_tb_calib_1", "cornername": "Nominal"}
[2026-05-28 11:06:16.273 Z] [INFO] [cadence.virtuoso.ade.simulationMonitor] - Notice from spectre during circuit read-in.
    Pre_Configuration file used: /opt/tools/cadence/installs/SPECTRE241/tools.lnx86/spectre/etc/configs/preset.precfg
    Configuration file used: `/opt/tools/cadence/installs/SPECTRE241/tools.lnx86/spectre/etc/configs/preset.cfg'. {"history": "Interactive.239", "point": 1, "testname": "Potentiostat_7_CA_TIA_Front_tb_calib_1", "cornername": "Nominal"}
[2026-05-28 11:06:16.274 Z] [WARN] [cadence.virtuoso.ade.simulationMonitor] -     WARNING (SPECTRE-8360): line 1511: `ac' is an undefined primitive device. {"history": "Interactive.239", "point": 1, "testname": "Potentiostat_7_CA_TIA_Front_tb_calib_1", "cornername": "Nominal"}
[2026-05-28 11:06:16.274 Z] [WARN] [cadence.virtuoso.ade.simulationMonitor] -     WARNING (SPECTRE-8360): line 1512: `ac' is an undefined primitive device. {"history": "Interactive.239", "point": 1, "testname": "Potentiostat_7_CA_TIA_Front_tb_calib_1", "cornername": "Nominal"}
[2026-05-28 11:06:16.274 Z] [WARN] [cadence.virtuoso.ade.simulationMonitor] -     WARNING (SPECTRE-8360): line 1513: `ac' is an undefined primitive device. {"history": "Interactive.239", "point": 1, "testname": "Potentiostat_7_CA_TIA_Front_tb_calib_1", "cornername": "Nominal"}
[2026-05-28 11:06:16.275 Z] [WARN] [cadence.virtuoso.ade.simulationMonitor] -     WARNING (SPECTRE-8360): line 1514: `ac' is an undefined primitive device. {"history": "Interactive.239", "point": 1, "testname": "Potentiostat_7_CA_TIA_Front_tb_calib_1", "cornername": "Nominal"}
[2026-05-28 11:06:16.276 Z] [WARN] [cadence.virtuoso.ade.simulationMonitor] -     WARNING (SPECTRE-8360): line 1515: `ac' is an undefined primitive device.
        Further occurrences of this warning will be suppressed. {"history": "Interactive.239", "point": 1, "testname": "Potentiostat_7_CA_TIA_Front_tb_calib_1", "cornername": "Nominal"}
[2026-05-28 11:06:16.276 Z] [WARN] [cadence.virtuoso.ade.simulationMonitor] -     WARNING (VACOMP-2435): The environment variable CDS_AHDLCMI_ENABLE is no longer supported. Therefore, the simulator will use the default compiled C code flow. {"history": "Interactive.239", "point": 1, "testname": "Potentiostat_7_CA_TIA_Front_tb_calib_1", "cornername": "Nominal"}
[2026-05-28 11:06:17.277 Z] [INFO] [cadence.virtuoso.ade.simulationMonitor] - Peak resident memory used = 205 Mbytes. {"history": "Interactive.239", "point": 1, "testname": "Potentiostat_7_CA_TIA_Front_tb_calib_1", "cornername": "Nominal"}
[2026-05-28 11:06:24.281 Z] [ERROR] [cadence.virtuoso.ade.simulationMonitor] -     ERROR (SFE-23): "input.scs" 45074: The instance `I44' is referencing an undefined model or subcircuit, `subcircuit'. Either include the file containing the definition of `subcircuit', or define `subcircuit' before running the simulation. {"history": "Interactive.239", "point": 1, "testname": "Potentiostat_7_CA_TIA_Front_tb_calib_1", "cornername": "Nominal"}
[2026-05-28 11:06:24.284 Z] [ERROR] [cadence.virtuoso.ade.simulationMonitor] -     ERROR (SFE-23): "input.scs" 45075: The instance `I16' is referencing an undefined model or subcircuit, `subcircuit'. Either include the file containing the definition of `subcircuit', or define `subcircuit' before running the simulation. {"history": "Interactive.239", "point": 1, "testname": "Potentiostat_7_CA_TIA_Front_tb_calib_1", "cornername": "Nominal"}
[2026-05-28 11:06:24.284 Z] [ERROR] [cadence.virtuoso.ade.simulationMonitor] -     ERROR (SFE-23): "input.scs" 45076: The instance `I15' is referencing an undefined model or subcircuit, `subcircuit'. Either include the file containing the definition of `subcircuit', or define `subcircuit' before running the simulation. {"history": "Interactive.239", "point": 1, "testname": "Potentiostat_7_CA_TIA_Front_tb_calib_1", "cornername": "Nominal"}
[2026-05-28 11:06:28.288 Z] [INFO] [cadence.virtuoso.ade.simulationMonitor] - Peak resident memory used = 243 Mbytes. {"history": "Interactive.239", "point": 1, "testname": "Potentiostat_7_CA_TIA_Front_tb_calib_1", "cornername": "Nominal"}
[2026-05-28 11:06:28.288 Z] [INFO] [cadence.virtuoso.ade.simulationMonitor] - Time used: CPU = 2.56 s, elapsed = 12.4 s, util. = 20.7%. {"history": "Interactive.239", "point": 1, "testname": "Potentiostat_7_CA_TIA_Front_tb_calib_1", "cornername": "Nominal"}
[2026-05-28 11:06:28.288 Z] [INFO] [cadence.virtuoso.ade.simulationMonitor] - Time spent in licensing: elapsed = 70.8 ms. {"history": "Interactive.239", "point": 1, "testname": "Potentiostat_7_CA_TIA_Front_tb_calib_1", "cornername": "Nominal"}
[2026-05-28 11:06:28.290 Z] [INFO] [cadence.virtuoso.ade.simulationMonitor] - Peak memory used = 244 Mbytes. {"history": "Interactive.239", "point": 1, "testname": "Potentiostat_7_CA_TIA_Front_tb_calib_1", "cornername": "Nominal"}
[2026-05-28 11:06:28.292 Z] [PROCESS] [cadence.virtuoso.ade.simulationMonitor] - Simulation started at: 11:06:15 AM, Thur May 28, 2026, ended at: 11:06:27 AM, Thur May 28, 2026, with elapsed time (wall clock): 12.4 s. {"history": "Interactive.239", "point": 1, "testname": "Potentiostat_7_CA_TIA_Front_tb_calib_1", "cornername": "Nominal"}
[2026-05-28 11:06:28.293 Z] [PROCESS] [cadence.virtuoso.ade.simulationMonitor] - spectre completes with 3 errors, 77 warnings, and 2 notices. {"history": "Interactive.239", "point": 1, "testname": "Potentiostat_7_CA_TIA_Front_tb_calib_1", "cornername": "Nominal"}
[2026-05-28 11:06:28.293 Z] [FATAL] [cadence.virtuoso.ade.simulationMonitor] - spectre terminated prematurely due to fatal error. {"history": "Interactive.239", "point": 1, "testname": "Potentiostat_7_CA_TIA_Front_tb_calib_1", "cornername": "Nominal"}
[2026-05-28 11:06:28.294 Z] [PROCESS] [cadence.virtuoso.ade.simulationMonitor] - Finished simulating for one point {"hostname": "il2244vt26_hrahimi", "processid": 493850, "history": "Interactive.239", "testname": "Potentiostat_7_CA_TIA_Front_tb_calib_1", "cornername": "Nominal", "point": 1, "logfile": "/home/hrahimi/projects/POTENTIOSTAT_26/logs_hrahimi/logs0/Job119.log", "simid": "1"}
[2026-05-28 11:06:28.294 Z] [ERROR] [cadence.virtuoso.ade.simulationMonitor] - While simulating run Interactive.239, point 1, test Potentiostat_7_CA_TIA_Front_tb_calib_1, received error:
Simulation Error:
 The simulator process returned a non-zero exit code, indicating failure.
The simulator could have crashed or intentionally returned to indicate an error.
Check the simulator log file for more information.  Common causes:
1. Simulator may have crashed during exit even after reporting success in log file.
2. Abrupt automatic simulator termination (e.g., SIGKILL) because the simulator... {"history": "Interactive.239", "point": 1, "testname": "Potentiostat_7_CA_TIA_Front_tb_calib_1", "cornername": "Nominal"}
[2026-05-28 11:06:28.295 Z] [PROCESS] [cadence.virtuoso.ade.simulationMonitor] - Finished Simulation {"hostname": "il2244vt26_hrahimi", "processid": 493850, "history": "Interactive.239", "testname": "Potentiostat_7_CA_TIA_Front_tb_calib_1", "cornername": "Nominal", "point": 1, "logfile": "/home/hrahimi/projects/POTENTIOSTAT_26/logs_hrahimi/logs0/Job119.log", "simid": "1"}
[2026-05-28 11:08:16.439 Z] [PROCESS] [cadence.virtuoso.ade.simulationMonitor] - Started History {"hostname": "il2244vt26_hrahimi", "processid": 493850, "history": "Interactive.240", "testname": "Potentiostat_7_CA_TIA_Front_tb_calib_1", "cornername": "Nominal", "point": 1, "logfile": "/home/hrahimi/projects/POTENTIOSTAT_26/logs_hrahimi/logs0/Job119.log"}
[2026-05-28 11:08:16.440 Z] [PROCESS] [cadence.virtuoso.ade.simulationMonitor] - HostInfo:
Host name (type):	il2244vt26_hrahimi (x86_64)
Operating system:	Linux 5.15.0-164-generic #174-Ubuntu SMP Fri Nov 14 20:25:16 UTC 2025 {"hostname": "il2244vt26_hrahimi", "processid": 493850, "history": "Interactive.240", "testname": "Potentiostat_7_CA_TIA_Front_tb_calib_1", "cornername": "Nominal", "point": 1, "logfile": "/home/hrahimi/projects/POTENTIOSTAT_26/logs_hrahimi/logs0/Job119.log", "nodename": "il2244vt26_hrahimi", "domainname": "(none)", "machine": "x86_64", "sysname": "Linux", "release": "5.15.0-164-generic", "version": "#174-Ubuntu SMP Fri Nov 14 20:25:16 UTC 2025"}
[2026-05-28 11:08:16.440 Z] [PROCESS] [cadence.virtuoso.ade.simulationMonitor] - UsageInfo:
pid=493850
totalPhysicalMemory=3023.749672GB,Used=2433.424755GB,totalVirtualMemory=3031.749668GB,Used=2433.452099GB
Cpu: Cores=48, Load average:5.540000,6.300000,7.480000 {"hostname": "il2244vt26_hrahimi", "processid": 493850, "history": "Interactive.240", "testname": "Potentiostat_7_CA_TIA_Front_tb_calib_1", "cornername": "Nominal", "point": 1, "logfile": "/home/hrahimi/projects/POTENTIOSTAT_26/logs_hrahimi/logs0/Job119.log", "pid": "493850", "totalPhysicalMemory": "3023.749672", "physicalMemoryUsed": "2433.424755", "totalVirtualMemory": "3031.749668", "virtualMemoryUsed": "2433.452099", "cpuCores": "48", "processes": "29669", "loadAverage1": "5.540000", "loadAverage5": "6.300000", "loadAverage15": "7.480000", "loadAverage1Percent": "0.115417"}
[2026-05-28 11:08:16.442 Z] [EVENT] [cadence.virtuoso.ade.simulationMonitor] - NewPoint {"history": "Interactive.240", "point": 1, "testname": "Potentiostat_7_CA_TIA_Front_tb_calib_1", "cornername": "Nominal", "event": "NewPoint", "EventSource": "Simulation Monitor", "HistoryName": "Interactive.240", "logFile": "/home/hrahimi/projects/POTENTIOSTAT_26/logs_hrahimi/logs0/Job119.log", "logFileSize": "14011"}
[2026-05-28 11:08:16.545 Z] [EVENT] [cadence.virtuoso.ade.simulationMonitor] - NewPoint {"history": "Interactive.240", "point": 1, "testname": "Potentiostat_7_CA_TIA_Front_tb_calib_1", "cornername": "Nominal", "event": "NewPoint", "EventSource": "spectre", "HistoryName": "Interactive.240", "logFile": "/home/hrahimi/projects/POTENTIOSTAT_26/Sim/Potentiostat_Top/top/maestro/results/maestro/Interactive.240/1/Potentiostat_7_CA_TIA_Front_tb_calib_1/psf/spectre.out", "logFileSize": "-1"}
[2026-05-28 11:08:16.560 Z] [PROCESS] [cadence.virtuoso.ade.simulationMonitor] - Simulator launched {"hostname": "il2244vt26_hrahimi", "processid": 493850, "history": "Interactive.240", "testname": "Potentiostat_7_CA_TIA_Front_tb_calib_1", "cornername": "Nominal", "point": 1, "logfile": "/home/hrahimi/projects/POTENTIOSTAT_26/logs_hrahimi/logs0/Job119.log", "simid": "2"}
[2026-05-28 11:08:16.564 Z] [PROCESS] [cadence.virtuoso.ade.simulationMonitor] - Expression evaluator launched {"hostname": "il2244vt26_hrahimi", "processid": 493850, "history": "Interactive.240", "testname": "Potentiostat_7_CA_TIA_Front_tb_calib_1", "cornername": "Nominal", "point": 1, "logfile": "/home/hrahimi/projects/POTENTIOSTAT_26/logs_hrahimi/logs0/Job119.log"}
[2026-05-28 11:08:16.633 Z] [PROCESS] [cadence.virtuoso.ade.simulationMonitor] - Started Simulation {"hostname": "il2244vt26_hrahimi", "processid": 493850, "history": "Interactive.240", "testname": "Potentiostat_7_CA_TIA_Front_tb_calib_1", "cornername": "Nominal", "point": 1, "logfile": "/home/hrahimi/projects/POTENTIOSTAT_26/logs_hrahimi/logs0/Job119.log", "event": "started", "task": "simulation"}
[2026-05-28 11:08:17.634 Z] [WARN] [cadence.virtuoso.ade.simulationMonitor] -     WARNING (SPECTRE-691): This CPU processor does not support x86 advanced vector extensions instructions. This may affect math operations and slow down the simulation. {"history": "Interactive.240", "point": 1, "testname": "Potentiostat_7_CA_TIA_Front_tb_calib_1", "cornername": "Nominal"}
[2026-05-28 11:08:17.634 Z] [INFO] [cadence.virtuoso.ade.simulationMonitor] - Notice from spectre during circuit read-in.
    Pre_Configuration file used: /opt/tools/cadence/installs/SPECTRE241/tools.lnx86/spectre/etc/configs/preset.precfg
    Configuration file used: `/opt/tools/cadence/installs/SPECTRE241/tools.lnx86/spectre/etc/configs/preset.cfg'. {"history": "Interactive.240", "point": 1, "testname": "Potentiostat_7_CA_TIA_Front_tb_calib_1", "cornername": "Nominal"}
[2026-05-28 11:08:17.634 Z] [WARN] [cadence.virtuoso.ade.simulationMonitor] -     WARNING (SPECTRE-8360): line 1511: `ac' is an undefined primitive device. {"history": "Interactive.240", "point": 1, "testname": "Potentiostat_7_CA_TIA_Front_tb_calib_1", "cornername": "Nominal"}
[2026-05-28 11:08:17.634 Z] [WARN] [cadence.virtuoso.ade.simulationMonitor] -     WARNING (SPECTRE-8360): line 1512: `ac' is an undefined primitive device. {"history": "Interactive.240", "point": 1, "testname": "Potentiostat_7_CA_TIA_Front_tb_calib_1", "cornername": "Nominal"}
[2026-05-28 11:08:17.635 Z] [WARN] [cadence.virtuoso.ade.simulationMonitor] -     WARNING (SPECTRE-8360): line 1513: `ac' is an undefined primitive device. {"history": "Interactive.240", "point": 1, "testname": "Potentiostat_7_CA_TIA_Front_tb_calib_1", "cornername": "Nominal"}
[2026-05-28 11:08:17.635 Z] [WARN] [cadence.virtuoso.ade.simulationMonitor] -     WARNING (SPECTRE-8360): line 1514: `ac' is an undefined primitive device. {"history": "Interactive.240", "point": 1, "testname": "Potentiostat_7_CA_TIA_Front_tb_calib_1", "cornername": "Nominal"}
[2026-05-28 11:08:17.635 Z] [WARN] [cadence.virtuoso.ade.simulationMonitor] -     WARNING (SPECTRE-8360): line 1515: `ac' is an undefined primitive device.
        Further occurrences of this warning will be suppressed. {"history": "Interactive.240", "point": 1, "testname": "Potentiostat_7_CA_TIA_Front_tb_calib_1", "cornername": "Nominal"}
[2026-05-28 11:08:17.635 Z] [WARN] [cadence.virtuoso.ade.simulationMonitor] -     WARNING (VACOMP-2435): The environment variable CDS_AHDLCMI_ENABLE is no longer supported. Therefore, the simulator will use the default compiled C code flow. {"history": "Interactive.240", "point": 1, "testname": "Potentiostat_7_CA_TIA_Front_tb_calib_1", "cornername": "Nominal"}
[2026-05-28 11:08:18.636 Z] [INFO] [cadence.virtuoso.ade.simulationMonitor] - Peak resident memory used = 205 Mbytes. {"history": "Interactive.240", "point": 1, "testname": "Potentiostat_7_CA_TIA_Front_tb_calib_1", "cornername": "Nominal"}
[2026-05-28 11:08:30.142 Z] [WARN] [cadence.virtuoso.ade.simulationMonitor] -     WARNING (SFE-3028): The floating resistor R8 is removed. {"history": "Interactive.240", "point": 1, "testname": "Potentiostat_7_CA_TIA_Front_tb_calib_1", "cornername": "Nominal"}
[2026-05-28 11:08:30.142 Z] [WARN] [cadence.virtuoso.ade.simulationMonitor] -     WARNING (SFE-3029): The dummy capacitor I2.I56.I15.c428 is removed. {"history": "Interactive.240", "point": 1, "testname": "Potentiostat_7_CA_TIA_Front_tb_calib_1", "cornername": "Nominal"}
[2026-05-28 11:08:30.143 Z] [WARN] [cadence.virtuoso.ade.simulationMonitor] -     WARNING (SFE-3029): The dummy capacitor I2.I25.I28.c1066 is removed. {"history": "Interactive.240", "point": 1, "testname": "Potentiostat_7_CA_TIA_Front_tb_calib_1", "cornername": "Nominal"}
[2026-05-28 11:08:30.143 Z] [WARN] [cadence.virtuoso.ade.simulationMonitor] -     WARNING (SFE-3012): The dummy device I2.I56.MP11<0>_turbo_m4 is removed. {"history": "Interactive.240", "point": 1, "testname": "Potentiostat_7_CA_TIA_Front_tb_calib_1", "cornername": "Nominal"}
[2026-05-28 11:08:30.143 Z] [WARN] [cadence.virtuoso.ade.simulationMonitor] -     WARNING (SFE-3012): The dummy device I2.I56.Q2<0>_turbo_m32 is removed. {"history": "Interactive.240", "point": 1, "testname": "Potentiostat_7_CA_TIA_Front_tb_calib_1", "cornername": "Nominal"}
[2026-05-28 11:08:30.143 Z] [WARN] [cadence.virtuoso.ade.simulationMonitor] -     WARNING (SFE-3012): The dummy device I0.I16.DLIB12 is removed. {"history": "Interactive.240", "point": 1, "testname": "Potentiostat_7_CA_TIA_Front_tb_calib_1", "cornername": "Nominal"}
[2026-05-28 11:08:30.143 Z] [WARN] [cadence.virtuoso.ade.simulationMonitor] -     WARNING (SFE-3012): The dummy device I0.I16.DLIB10 is removed. {"history": "Interactive.240", "point": 1, "testname": "Potentiostat_7_CA_TIA_Front_tb_calib_1", "cornername": "Nominal"}
[2026-05-28 11:08:30.144 Z] [WARN] [cadence.virtuoso.ade.simulationMonitor] -     WARNING (SFE-3012): The dummy device I0.I0.DLIB6 is removed.
        Further occurrences of this warning will be suppressed. {"history": "Interactive.240", "point": 1, "testname": "Potentiostat_7_CA_TIA_Front_tb_calib_1", "cornername": "Nominal"}
[2026-05-28 11:08:30.144 Z] [WARN] [cadence.virtuoso.ade.simulationMonitor] -     WARNING (SFE-3016): The floating node net74 is removed. {"history": "Interactive.240", "point": 1, "testname": "Potentiostat_7_CA_TIA_Front_tb_calib_1", "cornername": "Nominal"}
[2026-05-28 11:08:30.144 Z] [WARN] [cadence.virtuoso.ade.simulationMonitor] -     WARNING (SFE-3016): The floating node net73 is removed. {"history": "Interactive.240", "point": 1, "testname": "Potentiostat_7_CA_TIA_Front_tb_calib_1", "cornername": "Nominal"}
[2026-05-28 11:08:30.144 Z] [INFO] [cadence.virtuoso.ade.simulationMonitor] - Notice from spectre during hierarchy flattening.
    Spectre X Parasitic Optimization enabled.
    Parasitic optimization will filter out parasitic nodes, nodes only connected to RCs, by default. To view individual parasitic nodes use individual save statements (i.e. save out), or use the 'savefilter=none' option to save all parasitic nodes. Saving all parasitic nodes may slow down simulation and create large waveform files. {"history": "Interactive.240", "point": 1, "testname": "Potentiostat_7_CA_TIA_Front_tb_calib_1", "cornername": "Nominal"}
[2026-05-28 11:08:30.144 Z] [INFO] [cadence.virtuoso.ade.simulationMonitor] - Peak resident memory used = 246 Mbytes. {"history": "Interactive.240", "point": 1, "testname": "Potentiostat_7_CA_TIA_Front_tb_calib_1", "cornername": "Nominal"}
[2026-05-28 11:08:30.145 Z] [INFO] [cadence.virtuoso.ade.simulationMonitor] - Notice from spectre during hierarchy flattening.
    The value 'psf' specified for the 'checklimitdest' option will no longer be supported in future releases. Use 'spectre -h' to see other recommended values for the 'checklimitdest' option. {"history": "Interactive.240", "point": 1, "testname": "Potentiostat_7_CA_TIA_Front_tb_calib_1", "cornername": "Nominal"}
[2026-05-28 11:08:30.645 Z] [INFO] [cadence.virtuoso.ade.simulationMonitor] - Notice from spectre during hierarchy flattening.
    V3: `period' has the unusually large value of 6 s.
    L0: `l' has the unusually small value of 0 H.
    I26: `period' has the unusually large value of 6 s. {"history": "Interactive.240", "point": 1, "testname": "Potentiostat_7_CA_TIA_Front_tb_calib_1", "cornername": "Nominal"}
[2026-05-28 11:08:31.146 Z] [INFO] [cadence.virtuoso.ade.simulationMonitor] - Peak resident memory used = 261 Mbytes. {"history": "Interactive.240", "point": 1, "testname": "Potentiostat_7_CA_TIA_Front_tb_calib_1", "cornername": "Nominal"}
[2026-05-28 11:08:31.147 Z] [WARN] [cadence.virtuoso.ade.simulationMonitor] -     WARNING (CMI-2425): I2.I69.I4.C1(0): `Acde' = 2.393 is unusually large. {"history": "Interactive.240", "point": 1, "testname": "Potentiostat_7_CA_TIA_Front_tb_calib_1", "cornername": "Nominal"}
[2026-05-28 11:08:31.147 Z] [WARN] [cadence.virtuoso.ade.simulationMonitor] -     WARNING (CMI-2425): I2.I69.I4.C1(0): `Noff' = 4.732 is unusually large. {"history": "Interactive.240", "point": 1, "testname": "Potentiostat_7_CA_TIA_Front_tb_calib_1", "cornername": "Nominal"}
[2026-05-28 11:08:31.147 Z] [WARN] [cadence.virtuoso.ade.simulationMonitor] -     WARNING (CMI-2424): I2.I69.I4.C1(0): `Voffcv' = -867.4e-03 is unusually small. {"history": "Interactive.240", "point": 1, "testname": "Potentiostat_7_CA_TIA_Front_tb_calib_1", "cornername": "Nominal"}
[2026-05-28 11:08:31.147 Z] [WARN] [cadence.virtuoso.ade.simulationMonitor] -     WARNING (CMI-2425): I2.I69.I0.C0(0): `Acde' = 2.393 is unusually large. {"history": "Interactive.240", "point": 1, "testname": "Potentiostat_7_CA_TIA_Front_tb_calib_1", "cornername": "Nominal"}
[2026-05-28 11:08:31.147 Z] [WARN] [cadence.virtuoso.ade.simulationMonitor] -     WARNING (CMI-2425): I2.I69.I0.C0(0): `Noff' = 4.732 is unusually large. {"history": "Interactive.240", "point": 1, "testname": "Potentiostat_7_CA_TIA_Front_tb_calib_1", "cornername": "Nominal"}
[2026-05-28 11:08:31.147 Z] [WARN] [cadence.virtuoso.ade.simulationMonitor] -     WARNING (CMI-2424): I2.I69.I0.C0(0): `Voffcv' = -867.4e-03 is unusually small. {"history": "Interactive.240", "point": 1, "testname": "Potentiostat_7_CA_TIA_Front_tb_calib_1", "cornername": "Nominal"}
[2026-05-28 11:08:31.148 Z] [WARN] [cadence.virtuoso.ade.simulationMonitor] -     WARNING (CMI-2425): I2.I69.I0.C2: `Acde' = 2.393 is unusually large.
        Further occurrences of this warning will be suppressed. {"history": "Interactive.240", "point": 1, "testname": "Potentiostat_7_CA_TIA_Front_tb_calib_1", "cornername": "Nominal"}
[2026-05-28 11:08:31.148 Z] [WARN] [cadence.virtuoso.ade.simulationMonitor] -     WARNING (CMI-2424): I2.I69.I0.C2: `Voffcv' = -867.4e-03 is unusually small. {"history": "Interactive.240", "point": 1, "testname": "Potentiostat_7_CA_TIA_Front_tb_calib_1", "cornername": "Nominal"}
[2026-05-28 11:08:31.148 Z] [WARN] [cadence.virtuoso.ade.simulationMonitor] -     WARNING (CMI-2424): I2.I69.I0.C1: `Voffcv' = -867.4e-03 is unusually small. {"history": "Interactive.240", "point": 1, "testname": "Potentiostat_7_CA_TIA_Front_tb_calib_1", "cornername": "Nominal"}
[2026-05-28 11:08:31.148 Z] [WARN] [cadence.virtuoso.ade.simulationMonitor] -     WARNING (CMI-2424): I2.I69.I1.C0: `Voffcv' = -867.4e-03 is unusually small.
        Further occurrences of this warning will be suppressed. {"history": "Interactive.240", "point": 1, "testname": "Potentiostat_7_CA_TIA_Front_tb_calib_1", "cornername": "Nominal"}
[2026-05-28 11:08:32.649 Z] [WARN] [cadence.virtuoso.ade.simulationMonitor] -     WARNING (SPECTRE-17607): Assert `SOAC_vert10_vsubpsub' is ignored because it contains an expression which is invalid or not supported by native evaluator.  {"history": "Interactive.240", "point": 1, "testname": "Potentiostat_7_CA_TIA_Front_tb_calib_1", "cornername": "Nominal"}
[2026-05-28 11:08:32.650 Z] [WARN] [cadence.virtuoso.ade.simulationMonitor] -     WARNING (SPECTRE-17607): Assert `SOAC_vert10_vcsub' is ignored because it contains an expression which is invalid or not supported by native evaluator.  {"history": "Interactive.240", "point": 1, "testname": "Potentiostat_7_CA_TIA_Front_tb_calib_1", "cornername": "Nominal"}
[2026-05-28 11:08:32.650 Z] [WARN] [cadence.virtuoso.ade.simulationMonitor] -     WARNING (SPECTRE-16460): SOAC_cvarm_vspsub:Specified subcircuit master `cvarm' was not found. {"history": "Interactive.240", "point": 1, "testname": "Potentiostat_7_CA_TIA_Front_tb_calib_1", "cornername": "Nominal"}
[2026-05-28 11:08:32.650 Z] [WARN] [cadence.virtuoso.ade.simulationMonitor] -     WARNING (SPECTRE-16462): SOAC_cvarm_vspsub:Error in specification of subcircuit master. Assert is ignored. {"history": "Interactive.240", "point": 1, "testname": "Potentiostat_7_CA_TIA_Front_tb_calib_1", "cornername": "Nominal"}
[2026-05-28 11:08:32.650 Z] [WARN] [cadence.virtuoso.ade.simulationMonitor] -     WARNING (SPECTRE-16460): SOAC_cvarm_vbs:Specified subcircuit master `cvarm' was not found. {"history": "Interactive.240", "point": 1, "testname": "Potentiostat_7_CA_TIA_Front_tb_calib_1", "cornername": "Nominal"}
[2026-05-28 11:08:32.651 Z] [WARN] [cadence.virtuoso.ade.simulationMonitor] -     WARNING (SPECTRE-16462): SOAC_cvarm_vbs:Error in specification of subcircuit master. Assert is ignored. {"history": "Interactive.240", "point": 1, "testname": "Potentiostat_7_CA_TIA_Front_tb_calib_1", "cornername": "Nominal"}
[2026-05-28 11:08:32.651 Z] [WARN] [cadence.virtuoso.ade.simulationMonitor] -     WARNING (SPECTRE-16460): SOAC_cvarm_vgb:Specified subcircuit master `cvarm' was not found. {"history": "Interactive.240", "point": 1, "testname": "Potentiostat_7_CA_TIA_Front_tb_calib_1", "cornername": "Nominal"}
[2026-05-28 11:08:32.651 Z] [WARN] [cadence.virtuoso.ade.simulationMonitor] -     WARNING (SPECTRE-16462): SOAC_cvarm_vgb:Error in specification of subcircuit master. Assert is ignored. {"history": "Interactive.240", "point": 1, "testname": "Potentiostat_7_CA_TIA_Front_tb_calib_1", "cornername": "Nominal"}
[2026-05-28 11:08:32.651 Z] [WARN] [cadence.virtuoso.ade.simulationMonitor] -     WARNING (SPECTRE-16460): SOAC_cvart_vspsub:Specified subcircuit master `cvart' was not found. {"history": "Interactive.240", "point": 1, "testname": "Potentiostat_7_CA_TIA_Front_tb_calib_1", "cornername": "Nominal"}
[2026-05-28 11:08:32.651 Z] [WARN] [cadence.virtuoso.ade.simulationMonitor] -     WARNING (SPECTRE-16462): SOAC_cvart_vspsub:Error in specification of subcircuit master. Assert is ignored. {"history": "Interactive.240", "point": 1, "testname": "Potentiostat_7_CA_TIA_Front_tb_calib_1", "cornername": "Nominal"}
[2026-05-28 11:08:32.652 Z] [WARN] [cadence.virtuoso.ade.simulationMonitor] -     WARNING (SPECTRE-16460): SOAC_cvart_vbs:Specified subcircuit master `cvart' was not found.
        Further occurrences of this warning will be suppressed. {"history": "Interactive.240", "point": 1, "testname": "Potentiostat_7_CA_TIA_Front_tb_calib_1", "cornername": "Nominal"}
[2026-05-28 11:08:32.652 Z] [WARN] [cadence.virtuoso.ade.simulationMonitor] -     WARNING (SPECTRE-16462): SOAC_cvart_vbs:Error in specification of subcircuit master. Assert is ignored.
        Further occurrences of this warning will be suppressed. {"history": "Interactive.240", "point": 1, "testname": "Potentiostat_7_CA_TIA_Front_tb_calib_1", "cornername": "Nominal"}
[2026-05-28 11:08:33.152 Z] [INFO] [cadence.virtuoso.ade.simulationMonitor] - Notice from spectre during topology check.
    Only one connection to the following 1859 nodes:
        I2.I70.avD43_1.psub!
        I2.I70.I0|M_i_1.psub!
        I2.I70.I0|M_i_0.psub!
        I2.I70.MN0_1__rcx.psub!
        I2.I70.MN0.psub!
        Further occurrences of this notice will be suppressed. {"history": "Interactive.240", "point": 1, "testname": "Potentiostat_7_CA_TIA_Front_tb_calib_1", "cornername": "Nominal"}
[2026-05-28 11:08:35.656 Z] [INFO] [cadence.virtuoso.ade.simulationMonitor] -               nodes 15311 {"history": "Interactive.240", "point": 1, "testname": "Potentiostat_7_CA_TIA_Front_tb_calib_1", "cornername": "Nominal"}
[2026-05-28 11:08:35.657 Z] [INFO] [cadence.virtuoso.ade.simulationMonitor] - Notice from spectre during initial setup.
    7 resistors are shorted because their absolute value is less than or equal to 'rabsshort'.
    3 vsources are shorted because their absolute value is less than or equal to 'vabsshort'.
    Spectre X preset=cx enabled.
    1 notice suppressed.
    99 warnings suppressed. {"history": "Interactive.240", "point": 1, "testname": "Potentiostat_7_CA_TIA_Front_tb_calib_1", "cornername": "Nominal"}
[2026-05-28 11:08:35.658 Z] [INFO] [cadence.virtuoso.ade.simulationMonitor] - Notice from spectre.
    Multithreading enabled: 8 threads in the system with 48 available processors. {"history": "Interactive.240", "point": 1, "testname": "Potentiostat_7_CA_TIA_Front_tb_calib_1", "cornername": "Nominal"}
[2026-05-28 11:08:35.658 Z] [INFO] [cadence.virtuoso.ade.simulationMonitor] - Peak resident memory used = 323 Mbytes. {"history": "Interactive.240", "point": 1, "testname": "Potentiostat_7_CA_TIA_Front_tb_calib_1", "cornername": "Nominal"}
[2026-05-28 11:08:35.658 Z] [INFO] [cadence.virtuoso.ade.simulationMonitor] -    -   (Spectre X) Multi-threading. The recommended number of threads is [4, 8], consider adding +mt=4 or +mt=8 on command line. {"history": "Interactive.240", "point": 1, "testname": "Potentiostat_7_CA_TIA_Front_tb_calib_1", "cornername": "Nominal"}
[2026-05-28 11:08:35.658 Z] [INFO] [cadence.virtuoso.ade.simulationMonitor] - Notice from spectre during DC analysis `dcOp'.
    No checklimit analysis defined for asserts. A default checklimit analysis 'SpectreChecklimitAnal' has been created with all asserts enabled. {"history": "Interactive.240", "point": 1, "testname": "Potentiostat_7_CA_TIA_Front_tb_calib_1", "cornername": "Nominal"}
[2026-05-28 11:08:37.660 Z] [INFO] [cadence.virtuoso.ade.simulationMonitor] - Notice from spectre during DC analysis `dcOp'.
    Bad pivoting is found during DC analysis. Option dc_pivot_check=yes is recommended for possible improvement of convergence. {"history": "Interactive.240", "point": 1, "testname": "Potentiostat_7_CA_TIA_Front_tb_calib_1", "cornername": "Nominal"}
[2026-05-28 11:08:37.660 Z] [WARN] [cadence.virtuoso.ade.simulationMonitor] -     WARNING (CMI-2943): Parameter checks have been ignored because the valid value for parameter 'trise' could not be found in 'I2.I56.C2<0>_turbo_m4.C0'. {"history": "Interactive.240", "point": 1, "testname": "Potentiostat_7_CA_TIA_Front_tb_calib_1", "cornername": "Nominal"}
[2026-05-28 11:08:37.660 Z] [WARN] [cadence.virtuoso.ade.simulationMonitor] -     WARNING (CMI-2943): Parameter checks have been ignored because the valid value for parameter 'trise' could not be found in 'I2.I56.I3.C0|C0'. {"history": "Interactive.240", "point": 1, "testname": "Potentiostat_7_CA_TIA_Front_tb_calib_1", "cornername": "Nominal"}
[2026-05-28 11:08:37.661 Z] [WARN] [cadence.virtuoso.ade.simulationMonitor] -     WARNING (CMI-2943): Parameter checks have been ignored because the valid value for parameter 'trise' could not be found in 'I2.I56.C0.C0'. {"history": "Interactive.240", "point": 1, "testname": "Potentiostat_7_CA_TIA_Front_tb_calib_1", "cornername": "Nominal"}
[2026-05-28 11:08:37.661 Z] [WARN] [cadence.virtuoso.ade.simulationMonitor] -     WARNING (CMI-2943): Parameter checks have been ignored because the valid value for parameter 'trise' could not be found in 'I2.I69.I2.C0|C0'. {"history": "Interactive.240", "point": 1, "testname": "Potentiostat_7_CA_TIA_Front_tb_calib_1", "cornername": "Nominal"}
[2026-05-28 11:08:37.661 Z] [WARN] [cadence.virtuoso.ade.simulationMonitor] -     WARNING (CMI-2943): Parameter checks have been ignored because the valid value for parameter 'trise' could not be found in 'I2.I25.I33.C5(0)|C0'.
        Further occurrences of this warning will be suppressed. {"history": "Interactive.240", "point": 1, "testname": "Potentiostat_7_CA_TIA_Front_tb_calib_1", "cornername": "Nominal"}
[2026-05-28 11:08:37.661 Z] [INFO] [cadence.virtuoso.ade.simulationMonitor] - Notice from spectre during check, during DC analysis `dcOp'.
    I0.I5.RLIB_GC1 of rdiffp3: `ig' has the unusually large value of -89.0476 A.
    I0.I5.RLIB_GC2 of rdiffp3: `ig' has the unusually large value of -89.0476 A.
    I0.I3.RLIB_GC1 of rdiffp3: `ig' has the unusually large value of -56.0253 A.
    I0.I3.RLIB_GC2 of rdiffp3: `ig' has the unusually large value of -56.0253 A.
    I0.I6.RLIB_GC1 of rdiffp3: `ig' has the unusually large value of -89.0476 A.
        Further occurrences of this notice wi... {"history": "Interactive.240", "point": 1, "testname": "Potentiostat_7_CA_TIA_Front_tb_calib_1", "cornername": "Nominal"}
[2026-05-28 11:08:37.662 Z] [INFO] [cadence.virtuoso.ade.simulationMonitor] - Total time required for dc analysis `dcOp': CPU = 9.73178 s, elapsed = 1.94222 s, util. = 501%. {"history": "Interactive.240", "point": 1, "testname": "Potentiostat_7_CA_TIA_Front_tb_calib_1", "cornername": "Nominal"}
[2026-05-28 11:08:37.662 Z] [INFO] [cadence.virtuoso.ade.simulationMonitor] - Peak resident memory used = 349 Mbytes. {"history": "Interactive.240", "point": 1, "testname": "Potentiostat_7_CA_TIA_Front_tb_calib_1", "cornername": "Nominal"}
[2026-05-28 11:08:37.662 Z] [INFO] [cadence.virtuoso.ade.simulationMonitor] - Notice from spectre.
    3 notices suppressed.
    409 warnings suppressed. {"history": "Interactive.240", "point": 1, "testname": "Potentiostat_7_CA_TIA_Front_tb_calib_1", "cornername": "Nominal"}
[2026-05-28 11:08:41.163 Z] [WARN] [cadence.virtuoso.ade.simulationMonitor] -     WARNING (CMI-2425): I2.I25.I22.C2: `Acde' = 2.393 is unusually large. {"history": "Interactive.240", "point": 1, "testname": "Potentiostat_7_CA_TIA_Front_tb_calib_1", "cornername": "Nominal"}
[2026-05-28 11:08:41.164 Z] [WARN] [cadence.virtuoso.ade.simulationMonitor] -     WARNING (CMI-2425): I2.I25.I22.C2: `Noff' = 4.732 is unusually large. {"history": "Interactive.240", "point": 1, "testname": "Potentiostat_7_CA_TIA_Front_tb_calib_1", "cornername": "Nominal"}
[2026-05-28 11:08:41.164 Z] [WARN] [cadence.virtuoso.ade.simulationMonitor] -     WARNING (CMI-2424): I2.I25.I22.C2: `Voffcv' = -867.4e-03 is unusually small. {"history": "Interactive.240", "point": 1, "testname": "Potentiostat_7_CA_TIA_Front_tb_calib_1", "cornername": "Nominal"}
[2026-05-28 11:08:41.164 Z] [WARN] [cadence.virtuoso.ade.simulationMonitor] -     WARNING (CMI-2425): I2.I25.I33.C0: `Acde' = 2.393 is unusually large. {"history": "Interactive.240", "point": 1, "testname": "Potentiostat_7_CA_TIA_Front_tb_calib_1", "cornername": "Nominal"}
[2026-05-28 11:08:41.164 Z] [WARN] [cadence.virtuoso.ade.simulationMonitor] -     WARNING (CMI-2425): I2.I25.I33.C0: `Noff' = 4.732 is unusually large. {"history": "Interactive.240", "point": 1, "testname": "Potentiostat_7_CA_TIA_Front_tb_calib_1", "cornername": "Nominal"}
[2026-05-28 11:08:41.165 Z] [WARN] [cadence.virtuoso.ade.simulationMonitor] -     WARNING (CMI-2424): I2.I25.I33.C0: `Voffcv' = -867.4e-03 is unusually small. {"history": "Interactive.240", "point": 1, "testname": "Potentiostat_7_CA_TIA_Front_tb_calib_1", "cornername": "Nominal"}
[2026-05-28 11:08:41.165 Z] [WARN] [cadence.virtuoso.ade.simulationMonitor] -     WARNING (CMI-2425): I2.I69.I1.C0: `Acde' = 2.393 is unusually large.
        Further occurrences of this warning will be suppressed. {"history": "Interactive.240", "point": 1, "testname": "Potentiostat_7_CA_TIA_Front_tb_calib_1", "cornername": "Nominal"}
[2026-05-28 11:08:41.165 Z] [WARN] [cadence.virtuoso.ade.simulationMonitor] -     WARNING (CMI-2424): I2.I69.I1.C0: `Voffcv' = -867.4e-03 is unusually small. {"history": "Interactive.240", "point": 1, "testname": "Potentiostat_7_CA_TIA_Front_tb_calib_1", "cornername": "Nominal"}
[2026-05-28 11:08:41.165 Z] [WARN] [cadence.virtuoso.ade.simulationMonitor] -     WARNING (CMI-2424): I2.I69.I0.C1: `Voffcv' = -867.4e-03 is unusually small. {"history": "Interactive.240", "point": 1, "testname": "Potentiostat_7_CA_TIA_Front_tb_calib_1", "cornername": "Nominal"}
[2026-05-28 11:08:41.165 Z] [WARN] [cadence.virtuoso.ade.simulationMonitor] -     WARNING (CMI-2424): I2.I69.I0.C2: `Voffcv' = -867.4e-03 is unusually small.
        Further occurrences of this warning will be suppressed. {"history": "Interactive.240", "point": 1, "testname": "Potentiostat_7_CA_TIA_Front_tb_calib_1", "cornername": "Nominal"}
[2026-05-28 11:08:41.165 Z] [ERROR] [cadence.virtuoso.ade.simulationMonitor] -     ERROR (SPECTRE-16408): The probe parameter must be specified to perform stability analysis. {"history": "Interactive.240", "point": 1, "testname": "Potentiostat_7_CA_TIA_Front_tb_calib_1", "cornername": "Nominal"}
[2026-05-28 11:08:41.167 Z] [ERROR] [cadence.virtuoso.ade.simulationMonitor] - Analysis `stb' was terminated prematurely due to an error. {"history": "Interactive.240", "point": 1, "testname": "Potentiostat_7_CA_TIA_Front_tb_calib_1", "cornername": "Nominal"}
[2026-05-28 11:08:41.167 Z] [INFO] [cadence.virtuoso.ade.simulationMonitor] - Notice from spectre.
    11 warnings suppressed. {"history": "Interactive.240", "point": 1, "testname": "Potentiostat_7_CA_TIA_Front_tb_calib_1", "cornername": "Nominal"}
[2026-05-28 11:08:44.168 Z] [WARN] [cadence.virtuoso.ade.simulationMonitor] -     WARNING (CMI-2425): I2.I25.I22.C2: `Acde' = 2.393 is unusually large. {"history": "Interactive.240", "point": 1, "testname": "Potentiostat_7_CA_TIA_Front_tb_calib_1", "cornername": "Nominal"}
[2026-05-28 11:08:44.169 Z] [WARN] [cadence.virtuoso.ade.simulationMonitor] -     WARNING (CMI-2425): I2.I25.I22.C2: `Noff' = 4.732 is unusually large. {"history": "Interactive.240", "point": 1, "testname": "Potentiostat_7_CA_TIA_Front_tb_calib_1", "cornername": "Nominal"}
[2026-05-28 11:08:44.169 Z] [WARN] [cadence.virtuoso.ade.simulationMonitor] -     WARNING (CMI-2424): I2.I25.I22.C2: `Voffcv' = -867.4e-03 is unusually small. {"history": "Interactive.240", "point": 1, "testname": "Potentiostat_7_CA_TIA_Front_tb_calib_1", "cornername": "Nominal"}
[2026-05-28 11:08:44.169 Z] [WARN] [cadence.virtuoso.ade.simulationMonitor] -     WARNING (CMI-2425): I2.I25.I33.C0: `Acde' = 2.393 is unusually large. {"history": "Interactive.240", "point": 1, "testname": "Potentiostat_7_CA_TIA_Front_tb_calib_1", "cornername": "Nominal"}
[2026-05-28 11:08:44.169 Z] [WARN] [cadence.virtuoso.ade.simulationMonitor] -     WARNING (CMI-2425): I2.I25.I33.C0: `Noff' = 4.732 is unusually large. {"history": "Interactive.240", "point": 1, "testname": "Potentiostat_7_CA_TIA_Front_tb_calib_1", "cornername": "Nominal"}
[2026-05-28 11:08:44.169 Z] [WARN] [cadence.virtuoso.ade.simulationMonitor] -     WARNING (CMI-2424): I2.I25.I33.C0: `Voffcv' = -867.4e-03 is unusually small. {"history": "Interactive.240", "point": 1, "testname": "Potentiostat_7_CA_TIA_Front_tb_calib_1", "cornername": "Nominal"}
[2026-05-28 11:08:44.169 Z] [WARN] [cadence.virtuoso.ade.simulationMonitor] -     WARNING (CMI-2425): I2.I69.I1.C0: `Acde' = 2.393 is unusually large.
        Further occurrences of this warning will be suppressed. {"history": "Interactive.240", "point": 1, "testname": "Potentiostat_7_CA_TIA_Front_tb_calib_1", "cornername": "Nominal"}
[2026-05-28 11:08:44.170 Z] [WARN] [cadence.virtuoso.ade.simulationMonitor] -     WARNING (CMI-2424): I2.I69.I1.C0: `Voffcv' = -867.4e-03 is unusually small. {"history": "Interactive.240", "point": 1, "testname": "Potentiostat_7_CA_TIA_Front_tb_calib_1", "cornername": "Nominal"}
[2026-05-28 11:08:44.170 Z] [WARN] [cadence.virtuoso.ade.simulationMonitor] -     WARNING (CMI-2424): I2.I69.I0.C1: `Voffcv' = -867.4e-03 is unusually small. {"history": "Interactive.240", "point": 1, "testname": "Potentiostat_7_CA_TIA_Front_tb_calib_1", "cornername": "Nominal"}
[2026-05-28 11:08:44.170 Z] [WARN] [cadence.virtuoso.ade.simulationMonitor] -     WARNING (CMI-2424): I2.I69.I0.C2: `Voffcv' = -867.4e-03 is unusually small.
        Further occurrences of this warning will be suppressed. {"history": "Interactive.240", "point": 1, "testname": "Potentiostat_7_CA_TIA_Front_tb_calib_1", "cornername": "Nominal"}
[2026-05-28 11:08:48.672 Z] [INFO] [cadence.virtuoso.ade.simulationMonitor] - Notice from spectre during IC analysis, during transient analysis `tran'.
    Bad pivoting is found during DC analysis. Option dc_pivot_check=yes is recommended for possible improvement of convergence. {"history": "Interactive.240", "point": 1, "testname": "Potentiostat_7_CA_TIA_Front_tb_calib_1", "cornername": "Nominal"}
[2026-05-28 11:08:48.673 Z] [WARN] [cadence.virtuoso.ade.simulationMonitor] -     WARNING (CMI-2943): Parameter checks have been ignored because the valid value for parameter 'trise' could not be found in 'I2.I56.C2<0>_turbo_m4.C0'. {"history": "Interactive.240", "point": 1, "testname": "Potentiostat_7_CA_TIA_Front_tb_calib_1", "cornername": "Nominal"}
[2026-05-28 11:08:48.673 Z] [WARN] [cadence.virtuoso.ade.simulationMonitor] -     WARNING (CMI-2943): Parameter checks have been ignored because the valid value for parameter 'trise' could not be found in 'I2.I56.I3.C0|C0'. {"history": "Interactive.240", "point": 1, "testname": "Potentiostat_7_CA_TIA_Front_tb_calib_1", "cornername": "Nominal"}
[2026-05-28 11:08:48.673 Z] [WARN] [cadence.virtuoso.ade.simulationMonitor] -     WARNING (CMI-2943): Parameter checks have been ignored because the valid value for parameter 'trise' could not be found in 'I2.I56.C0.C0'. {"history": "Interactive.240", "point": 1, "testname": "Potentiostat_7_CA_TIA_Front_tb_calib_1", "cornername": "Nominal"}
[2026-05-28 11:08:48.673 Z] [WARN] [cadence.virtuoso.ade.simulationMonitor] -     WARNING (CMI-2943): Parameter checks have been ignored because the valid value for parameter 'trise' could not be found in 'I2.I69.I2.C0|C0'. {"history": "Interactive.240", "point": 1, "testname": "Potentiostat_7_CA_TIA_Front_tb_calib_1", "cornername": "Nominal"}
[2026-05-28 11:08:48.674 Z] [WARN] [cadence.virtuoso.ade.simulationMonitor] -     WARNING (CMI-2943): Parameter checks have been ignored because the valid value for parameter 'trise' could not be found in 'I2.I25.I33.C5(0)|C0'.
        Further occurrences of this warning will be suppressed. {"history": "Interactive.240", "point": 1, "testname": "Potentiostat_7_CA_TIA_Front_tb_calib_1", "cornername": "Nominal"}
[2026-05-28 11:08:48.674 Z] [INFO] [cadence.virtuoso.ade.simulationMonitor] - Notice from spectre during check, during IC analysis, during transient analysis `tran'.
    I0.I6.RLIB_GC1 of rdiffp3: `ig' has the unusually large value of -56.0253 A.
    I0.I6.RLIB_GC2 of rdiffp3: `ig' has the unusually large value of -56.0253 A.
    I0.I2.RLIB_GC1 of rdiffp3: `ig' has the unusually large value of -56.0253 A.
    I0.I2.RLIB_GC2 of rdiffp3: `ig' has the unusually large value of -56.0253 A. {"history": "Interactive.240", "point": 1, "testname": "Potentiostat_7_CA_TIA_Front_tb_calib_1", "cornername": "Nominal"}
[2026-05-28 11:09:03.180 Z] [INFO] [cadence.virtuoso.ade.simulationMonitor] - Total time required for tran analysis `tran': CPU = 126.17 s (2m  6.2s), elapsed = 18.9999 s, util. = 664%. {"history": "Interactive.240", "point": 1, "testname": "Potentiostat_7_CA_TIA_Front_tb_calib_1", "cornername": "Nominal"}
[2026-05-28 11:09:03.180 Z] [INFO] [cadence.virtuoso.ade.simulationMonitor] - Peak resident memory used = 404 Mbytes. {"history": "Interactive.240", "point": 1, "testname": "Potentiostat_7_CA_TIA_Front_tb_calib_1", "cornername": "Nominal"}
[2026-05-28 11:09:03.181 Z] [INFO] [cadence.virtuoso.ade.simulationMonitor] - Notice from spectre.
    420 warnings suppressed. {"history": "Interactive.240", "point": 1, "testname": "Potentiostat_7_CA_TIA_Front_tb_calib_1", "cornername": "Nominal"}
[2026-05-28 11:09:06.182 Z] [WARN] [cadence.virtuoso.ade.simulationMonitor] -     WARNING (CMI-2425): I2.I25.I22.C2: `Acde' = 2.393 is unusually large. {"history": "Interactive.240", "point": 1, "testname": "Potentiostat_7_CA_TIA_Front_tb_calib_1", "cornername": "Nominal"}
[2026-05-28 11:09:06.183 Z] [WARN] [cadence.virtuoso.ade.simulationMonitor] -     WARNING (CMI-2425): I2.I25.I22.C2: `Noff' = 4.732 is unusually large. {"history": "Interactive.240", "point": 1, "testname": "Potentiostat_7_CA_TIA_Front_tb_calib_1", "cornername": "Nominal"}
[2026-05-28 11:09:06.183 Z] [WARN] [cadence.virtuoso.ade.simulationMonitor] -     WARNING (CMI-2424): I2.I25.I22.C2: `Voffcv' = -867.4e-03 is unusually small. {"history": "Interactive.240", "point": 1, "testname": "Potentiostat_7_CA_TIA_Front_tb_calib_1", "cornername": "Nominal"}
[2026-05-28 11:09:06.183 Z] [WARN] [cadence.virtuoso.ade.simulationMonitor] -     WARNING (CMI-2425): I2.I25.I33.C0: `Acde' = 2.393 is unusually large. {"history": "Interactive.240", "point": 1, "testname": "Potentiostat_7_CA_TIA_Front_tb_calib_1", "cornername": "Nominal"}
[2026-05-28 11:09:06.183 Z] [WARN] [cadence.virtuoso.ade.simulationMonitor] -     WARNING (CMI-2425): I2.I25.I33.C0: `Noff' = 4.732 is unusually large. {"history": "Interactive.240", "point": 1, "testname": "Potentiostat_7_CA_TIA_Front_tb_calib_1", "cornername": "Nominal"}
[2026-05-28 11:09:06.183 Z] [WARN] [cadence.virtuoso.ade.simulationMonitor] -     WARNING (CMI-2424): I2.I25.I33.C0: `Voffcv' = -867.4e-03 is unusually small. {"history": "Interactive.240", "point": 1, "testname": "Potentiostat_7_CA_TIA_Front_tb_calib_1", "cornername": "Nominal"}
[2026-05-28 11:09:06.184 Z] [WARN] [cadence.virtuoso.ade.simulationMonitor] -     WARNING (CMI-2425): I2.I69.I1.C0: `Acde' = 2.393 is unusually large.
        Further occurrences of this warning will be suppressed. {"history": "Interactive.240", "point": 1, "testname": "Potentiostat_7_CA_TIA_Front_tb_calib_1", "cornername": "Nominal"}
[2026-05-28 11:09:06.184 Z] [WARN] [cadence.virtuoso.ade.simulationMonitor] -     WARNING (CMI-2424): I2.I69.I1.C0: `Voffcv' = -867.4e-03 is unusually small. {"history": "Interactive.240", "point": 1, "testname": "Potentiostat_7_CA_TIA_Front_tb_calib_1", "cornername": "Nominal"}
[2026-05-28 11:09:06.184 Z] [WARN] [cadence.virtuoso.ade.simulationMonitor] -     WARNING (CMI-2424): I2.I69.I0.C1: `Voffcv' = -867.4e-03 is unusually small. {"history": "Interactive.240", "point": 1, "testname": "Potentiostat_7_CA_TIA_Front_tb_calib_1", "cornername": "Nominal"}
[2026-05-28 11:09:06.184 Z] [WARN] [cadence.virtuoso.ade.simulationMonitor] -     WARNING (CMI-2424): I2.I69.I0.C2: `Voffcv' = -867.4e-03 is unusually small.
        Further occurrences of this warning will be suppressed. {"history": "Interactive.240", "point": 1, "testname": "Potentiostat_7_CA_TIA_Front_tb_calib_1", "cornername": "Nominal"}
[2026-05-28 11:09:07.185 Z] [INFO] [cadence.virtuoso.ade.simulationMonitor] - Notice from spectre during DC analysis, during AC analysis `ac'.
    Bad pivoting is found during DC analysis. Option dc_pivot_check=yes is recommended for possible improvement of convergence. {"history": "Interactive.240", "point": 1, "testname": "Potentiostat_7_CA_TIA_Front_tb_calib_1", "cornername": "Nominal"}
[2026-05-28 11:09:07.185 Z] [WARN] [cadence.virtuoso.ade.simulationMonitor] -     WARNING (CMI-2943): Parameter checks have been ignored because the valid value for parameter 'trise' could not be found in 'I2.I56.C2<0>_turbo_m4.C0'. {"history": "Interactive.240", "point": 1, "testname": "Potentiostat_7_CA_TIA_Front_tb_calib_1", "cornername": "Nominal"}
[2026-05-28 11:09:07.186 Z] [WARN] [cadence.virtuoso.ade.simulationMonitor] -     WARNING (CMI-2943): Parameter checks have been ignored because the valid value for parameter 'trise' could not be found in 'I2.I56.I3.C0|C0'. {"history": "Interactive.240", "point": 1, "testname": "Potentiostat_7_CA_TIA_Front_tb_calib_1", "cornername": "Nominal"}
[2026-05-28 11:09:07.186 Z] [WARN] [cadence.virtuoso.ade.simulationMonitor] -     WARNING (CMI-2943): Parameter checks have been ignored because the valid value for parameter 'trise' could not be found in 'I2.I56.C0.C0'. {"history": "Interactive.240", "point": 1, "testname": "Potentiostat_7_CA_TIA_Front_tb_calib_1", "cornername": "Nominal"}
[2026-05-28 11:09:07.186 Z] [WARN] [cadence.virtuoso.ade.simulationMonitor] -     WARNING (CMI-2943): Parameter checks have been ignored because the valid value for parameter 'trise' could not be found in 'I2.I69.I2.C0|C0'. {"history": "Interactive.240", "point": 1, "testname": "Potentiostat_7_CA_TIA_Front_tb_calib_1", "cornername": "Nominal"}
[2026-05-28 11:09:07.186 Z] [WARN] [cadence.virtuoso.ade.simulationMonitor] -     WARNING (CMI-2943): Parameter checks have been ignored because the valid value for parameter 'trise' could not be found in 'I2.I25.I33.C5(0)|C0'.
        Further occurrences of this warning will be suppressed. {"history": "Interactive.240", "point": 1, "testname": "Potentiostat_7_CA_TIA_Front_tb_calib_1", "cornername": "Nominal"}
[2026-05-28 11:09:07.186 Z] [INFO] [cadence.virtuoso.ade.simulationMonitor] - Notice from spectre during check, during DC analysis, during AC analysis `ac'.
    I0.I4.RLIB_GC1 of rdiffp3: `ig' has the unusually large value of -89.0476 A.
    I0.I4.RLIB_GC2 of rdiffp3: `ig' has the unusually large value of -89.0476 A.
    I0.I5.RLIB_GC1 of rdiffp3: `ig' has the unusually large value of -56.0254 A.
    I0.I5.RLIB_GC2 of rdiffp3: `ig' has the unusually large value of -56.0254 A.
    I0.I3.RLIB_GC1 of rdiffp3: `ig' has the unusually large value of -89.0476 A.
        Further occurrences... {"history": "Interactive.240", "point": 1, "testname": "Potentiostat_7_CA_TIA_Front_tb_calib_1", "cornername": "Nominal"}
[2026-05-28 11:09:15.190 Z] [INFO] [cadence.virtuoso.ade.simulationMonitor] - Total time required for ac analysis `ac': CPU = 47.123 s, elapsed = 8.94995 s, util. = 527%. {"history": "Interactive.240", "point": 1, "testname": "Potentiostat_7_CA_TIA_Front_tb_calib_1", "cornername": "Nominal"}
[2026-05-28 11:09:15.190 Z] [INFO] [cadence.virtuoso.ade.simulationMonitor] - Peak resident memory used = 430 Mbytes. {"history": "Interactive.240", "point": 1, "testname": "Potentiostat_7_CA_TIA_Front_tb_calib_1", "cornername": "Nominal"}
[2026-05-28 11:09:15.190 Z] [INFO] [cadence.virtuoso.ade.simulationMonitor] - Notice from spectre.
    5 notices suppressed.
    420 warnings suppressed. {"history": "Interactive.240", "point": 1, "testname": "Potentiostat_7_CA_TIA_Front_tb_calib_1", "cornername": "Nominal"}
[2026-05-28 11:09:15.191 Z] [WARN] [cadence.virtuoso.ade.simulationMonitor] -     WARNING (CMI-2425): I2.I25.I22.C2: `Acde' = 2.393 is unusually large. {"history": "Interactive.240", "point": 1, "testname": "Potentiostat_7_CA_TIA_Front_tb_calib_1", "cornername": "Nominal"}
[2026-05-28 11:09:15.191 Z] [WARN] [cadence.virtuoso.ade.simulationMonitor] -     WARNING (CMI-2425): I2.I25.I22.C2: `Noff' = 4.732 is unusually large. {"history": "Interactive.240", "point": 1, "testname": "Potentiostat_7_CA_TIA_Front_tb_calib_1", "cornername": "Nominal"}
[2026-05-28 11:09:15.191 Z] [WARN] [cadence.virtuoso.ade.simulationMonitor] -     WARNING (CMI-2424): I2.I25.I22.C2: `Voffcv' = -867.4e-03 is unusually small. {"history": "Interactive.240", "point": 1, "testname": "Potentiostat_7_CA_TIA_Front_tb_calib_1", "cornername": "Nominal"}
[2026-05-28 11:09:15.191 Z] [WARN] [cadence.virtuoso.ade.simulationMonitor] -     WARNING (CMI-2425): I2.I25.I33.C0: `Acde' = 2.393 is unusually large. {"history": "Interactive.240", "point": 1, "testname": "Potentiostat_7_CA_TIA_Front_tb_calib_1", "cornername": "Nominal"}
[2026-05-28 11:09:15.192 Z] [WARN] [cadence.virtuoso.ade.simulationMonitor] -     WARNING (CMI-2425): I2.I25.I33.C0: `Noff' = 4.732 is unusually large. {"history": "Interactive.240", "point": 1, "testname": "Potentiostat_7_CA_TIA_Front_tb_calib_1", "cornername": "Nominal"}
[2026-05-28 11:09:15.192 Z] [WARN] [cadence.virtuoso.ade.simulationMonitor] -     WARNING (CMI-2424): I2.I25.I33.C0: `Voffcv' = -867.4e-03 is unusually small. {"history": "Interactive.240", "point": 1, "testname": "Potentiostat_7_CA_TIA_Front_tb_calib_1", "cornername": "Nominal"}
[2026-05-28 11:09:15.192 Z] [WARN] [cadence.virtuoso.ade.simulationMonitor] -     WARNING (CMI-2425): I2.I69.I1.C0: `Acde' = 2.393 is unusually large.
        Further occurrences of this warning will be suppressed. {"history": "Interactive.240", "point": 1, "testname": "Potentiostat_7_CA_TIA_Front_tb_calib_1", "cornername": "Nominal"}
[2026-05-28 11:09:15.192 Z] [WARN] [cadence.virtuoso.ade.simulationMonitor] -     WARNING (CMI-2424): I2.I69.I1.C0: `Voffcv' = -867.4e-03 is unusually small. {"history": "Interactive.240", "point": 1, "testname": "Potentiostat_7_CA_TIA_Front_tb_calib_1", "cornername": "Nominal"}
[2026-05-28 11:09:15.192 Z] [WARN] [cadence.virtuoso.ade.simulationMonitor] -     WARNING (CMI-2424): I2.I69.I0.C1: `Voffcv' = -867.4e-03 is unusually small. {"history": "Interactive.240", "point": 1, "testname": "Potentiostat_7_CA_TIA_Front_tb_calib_1", "cornername": "Nominal"}
[2026-05-28 11:09:15.193 Z] [WARN] [cadence.virtuoso.ade.simulationMonitor] -     WARNING (CMI-2424): I2.I69.I0.C2: `Voffcv' = -867.4e-03 is unusually small.
        Further occurrences of this warning will be suppressed. {"history": "Interactive.240", "point": 1, "testname": "Potentiostat_7_CA_TIA_Front_tb_calib_1", "cornername": "Nominal"}
[2026-05-28 11:09:15.193 Z] [INFO] [cadence.virtuoso.ade.simulationMonitor] - Notice from spectre during Noise analysis `noise'.
    Operating points will not be recomputed: the circuit and conditions were not changed since previous analysis. {"history": "Interactive.240", "point": 1, "testname": "Potentiostat_7_CA_TIA_Front_tb_calib_1", "cornername": "Nominal"}
[2026-05-28 11:09:19.195 Z] [INFO] [cadence.virtuoso.ade.simulationMonitor] - Total time required for noise analysis `noise': CPU = 8.93781 s, elapsed = 4.23053 s, util. = 211%. {"history": "Interactive.240", "point": 1, "testname": "Potentiostat_7_CA_TIA_Front_tb_calib_1", "cornername": "Nominal"}
[2026-05-28 11:09:19.195 Z] [INFO] [cadence.virtuoso.ade.simulationMonitor] - Peak resident memory used = 434 Mbytes. {"history": "Interactive.240", "point": 1, "testname": "Potentiostat_7_CA_TIA_Front_tb_calib_1", "cornername": "Nominal"}
[2026-05-28 11:09:19.196 Z] [INFO] [cadence.virtuoso.ade.simulationMonitor] - Notice from spectre.
    11 warnings suppressed. {"history": "Interactive.240", "point": 1, "testname": "Potentiostat_7_CA_TIA_Front_tb_calib_1", "cornername": "Nominal"}
[2026-05-28 11:09:19.196 Z] [WARN] [cadence.virtuoso.ade.simulationMonitor] -     WARNING (CMI-2425): I2.I25.I22.C2: `Acde' = 2.393 is unusually large. {"history": "Interactive.240", "point": 1, "testname": "Potentiostat_7_CA_TIA_Front_tb_calib_1", "cornername": "Nominal"}
[2026-05-28 11:09:19.196 Z] [WARN] [cadence.virtuoso.ade.simulationMonitor] -     WARNING (CMI-2425): I2.I25.I22.C2: `Noff' = 4.732 is unusually large. {"history": "Interactive.240", "point": 1, "testname": "Potentiostat_7_CA_TIA_Front_tb_calib_1", "cornername": "Nominal"}
[2026-05-28 11:09:19.196 Z] [WARN] [cadence.virtuoso.ade.simulationMonitor] -     WARNING (CMI-2424): I2.I25.I22.C2: `Voffcv' = -867.4e-03 is unusually small. {"history": "Interactive.240", "point": 1, "testname": "Potentiostat_7_CA_TIA_Front_tb_calib_1", "cornername": "Nominal"}
[2026-05-28 11:09:19.196 Z] [WARN] [cadence.virtuoso.ade.simulationMonitor] -     WARNING (CMI-2425): I2.I25.I33.C0: `Acde' = 2.393 is unusually large. {"history": "Interactive.240", "point": 1, "testname": "Potentiostat_7_CA_TIA_Front_tb_calib_1", "cornername": "Nominal"}
[2026-05-28 11:09:19.196 Z] [WARN] [cadence.virtuoso.ade.simulationMonitor] -     WARNING (CMI-2425): I2.I25.I33.C0: `Noff' = 4.732 is unusually large. {"history": "Interactive.240", "point": 1, "testname": "Potentiostat_7_CA_TIA_Front_tb_calib_1", "cornername": "Nominal"}
[2026-05-28 11:09:19.197 Z] [WARN] [cadence.virtuoso.ade.simulationMonitor] -     WARNING (CMI-2424): I2.I25.I33.C0: `Voffcv' = -867.4e-03 is unusually small. {"history": "Interactive.240", "point": 1, "testname": "Potentiostat_7_CA_TIA_Front_tb_calib_1", "cornername": "Nominal"}
[2026-05-28 11:09:19.197 Z] [WARN] [cadence.virtuoso.ade.simulationMonitor] -     WARNING (CMI-2425): I2.I69.I1.C0: `Acde' = 2.393 is unusually large.
        Further occurrences of this warning will be suppressed. {"history": "Interactive.240", "point": 1, "testname": "Potentiostat_7_CA_TIA_Front_tb_calib_1", "cornername": "Nominal"}
[2026-05-28 11:09:19.197 Z] [WARN] [cadence.virtuoso.ade.simulationMonitor] -     WARNING (CMI-2424): I2.I69.I1.C0: `Voffcv' = -867.4e-03 is unusually small. {"history": "Interactive.240", "point": 1, "testname": "Potentiostat_7_CA_TIA_Front_tb_calib_1", "cornername": "Nominal"}
[2026-05-28 11:09:19.197 Z] [WARN] [cadence.virtuoso.ade.simulationMonitor] -     WARNING (CMI-2424): I2.I69.I0.C1: `Voffcv' = -867.4e-03 is unusually small. {"history": "Interactive.240", "point": 1, "testname": "Potentiostat_7_CA_TIA_Front_tb_calib_1", "cornername": "Nominal"}
[2026-05-28 11:09:19.197 Z] [WARN] [cadence.virtuoso.ade.simulationMonitor] -     WARNING (CMI-2424): I2.I69.I0.C2: `Voffcv' = -867.4e-03 is unusually small.
        Further occurrences of this warning will be suppressed. {"history": "Interactive.240", "point": 1, "testname": "Potentiostat_7_CA_TIA_Front_tb_calib_1", "cornername": "Nominal"}
[2026-05-28 11:09:19.198 Z] [INFO] [cadence.virtuoso.ade.simulationMonitor] - Notice from spectre during XF analysis `xf'.
    Operating points will not be recomputed: the circuit and conditions were not changed since previous analysis. {"history": "Interactive.240", "point": 1, "testname": "Potentiostat_7_CA_TIA_Front_tb_calib_1", "cornername": "Nominal"}
[2026-05-28 11:09:21.199 Z] [INFO] [cadence.virtuoso.ade.simulationMonitor] - Total time required for xf analysis `xf': CPU = 6.05342 s, elapsed = 2.02318 s, util. = 299%. {"history": "Interactive.240", "point": 1, "testname": "Potentiostat_7_CA_TIA_Front_tb_calib_1", "cornername": "Nominal"}
[2026-05-28 11:09:21.199 Z] [INFO] [cadence.virtuoso.ade.simulationMonitor] - Peak resident memory used = 434 Mbytes. {"history": "Interactive.240", "point": 1, "testname": "Potentiostat_7_CA_TIA_Front_tb_calib_1", "cornername": "Nominal"}
[2026-05-28 11:09:21.199 Z] [INFO] [cadence.virtuoso.ade.simulationMonitor] - Notice from spectre.
    11 warnings suppressed. {"history": "Interactive.240", "point": 1, "testname": "Potentiostat_7_CA_TIA_Front_tb_calib_1", "cornername": "Nominal"}
[2026-05-28 11:09:21.200 Z] [INFO] [cadence.virtuoso.ade.simulationMonitor] - Time used: CPU = 217 s (3m  37.1s), elapsed = 64.2 s (1m  4.2s), util. = 338%. {"history": "Interactive.240", "point": 1, "testname": "Potentiostat_7_CA_TIA_Front_tb_calib_1", "cornername": "Nominal"}
[2026-05-28 11:09:21.200 Z] [INFO] [cadence.virtuoso.ade.simulationMonitor] - Time spent in licensing: elapsed = 211 ms. {"history": "Interactive.240", "point": 1, "testname": "Potentiostat_7_CA_TIA_Front_tb_calib_1", "cornername": "Nominal"}
[2026-05-28 11:09:21.201 Z] [INFO] [cadence.virtuoso.ade.simulationMonitor] - Peak memory used = 435 Mbytes. {"history": "Interactive.240", "point": 1, "testname": "Potentiostat_7_CA_TIA_Front_tb_calib_1", "cornername": "Nominal"}
[2026-05-28 11:09:21.202 Z] [PROCESS] [cadence.virtuoso.ade.simulationMonitor] - Simulation started at: 11:08:16 AM, Thur May 28, 2026, ended at: 11:09:21 AM, Thur May 28, 2026, with elapsed time (wall clock): 64.2 s (1m  4.2s). {"history": "Interactive.240", "point": 1, "testname": "Potentiostat_7_CA_TIA_Front_tb_calib_1", "cornername": "Nominal"}
[2026-05-28 11:09:21.203 Z] [PROCESS] [cadence.virtuoso.ade.simulationMonitor] - spectre completes with 1 error, 104 warnings, and 45 notices. {"history": "Interactive.240", "point": 1, "testname": "Potentiostat_7_CA_TIA_Front_tb_calib_1", "cornername": "Nominal"}
[2026-05-28 11:09:21.704 Z] [PROCESS] [cadence.virtuoso.ade.simulationMonitor] - Finished simulating for one point {"hostname": "il2244vt26_hrahimi", "processid": 493850, "history": "Interactive.240", "testname": "Potentiostat_7_CA_TIA_Front_tb_calib_1", "cornername": "Nominal", "point": 1, "logfile": "/home/hrahimi/projects/POTENTIOSTAT_26/logs_hrahimi/logs0/Job119.log", "simid": "2"}
[2026-05-28 11:09:21.705 Z] [ERROR] [cadence.virtuoso.ade.simulationMonitor] - While simulating run Interactive.240, point 1, test Potentiostat_7_CA_TIA_Front_tb_calib_1, received error:
Simulation Error:
 The simulator process returned a non-zero exit code, indicating failure.
The simulator could have crashed or intentionally returned to indicate an error.
Check the simulator log file for more information.  Common causes:
1. Simulator may have crashed during exit even after reporting success in log file.
2. Abrupt automatic simulator termination (e.g., SIGKILL) because the simulator... {"history": "Interactive.240", "point": 1, "testname": "Potentiostat_7_CA_TIA_Front_tb_calib_1", "cornername": "Nominal"}
[2026-05-28 11:09:21.705 Z] [PROCESS] [cadence.virtuoso.ade.simulationMonitor] - Finished Simulation {"hostname": "il2244vt26_hrahimi", "processid": 493850, "history": "Interactive.240", "testname": "Potentiostat_7_CA_TIA_Front_tb_calib_1", "cornername": "Nominal", "point": 1, "logfile": "/home/hrahimi/projects/POTENTIOSTAT_26/logs_hrahimi/logs0/Job119.log", "simid": "2"}
[2026-05-28 11:09:26.224 Z] [PROCESS] [cadence.virtuoso.ade.simulationMonitor] - Point Finished {"hostname": "il2244vt26_hrahimi", "processid": 493850, "history": "Interactive.240", "testname": "Potentiostat_7_CA_TIA_Front_tb_calib_1", "cornername": "Nominal", "point": 1, "logfile": "/home/hrahimi/projects/POTENTIOSTAT_26/logs_hrahimi/logs0/Job119.log"}
[2026-05-28 11:09:27.235 Z] [PROCESS] [cadence.virtuoso.ade.simulationMonitor] - Stay with the runId '5', Linger time '300', currentRunSyn '7', currentTestSyn '8' {"hostname": "il2244vt26_hrahimi", "processid": 493850, "history": "Interactive.240", "testname": "Potentiostat_7_CA_TIA_Front_tb_calib_1", "cornername": "Nominal", "point": 1, "logfile": "/home/hrahimi/projects/POTENTIOSTAT_26/logs_hrahimi/logs0/Job119.log"}
[2026-05-28 11:09:28.244 Z] [PROCESS] [cadence.virtuoso.ade.simulationMonitor] - Stay with the runId '5', Linger time '300', currentRunSyn '7', currentTestSyn '8' {"hostname": "il2244vt26_hrahimi", "processid": 493850, "history": "Interactive.240", "testname": "Potentiostat_7_CA_TIA_Front_tb_calib_1", "cornername": "Nominal", "point": 1, "logfile": "/home/hrahimi/projects/POTENTIOSTAT_26/logs_hrahimi/logs0/Job119.log"}
[2026-05-28 11:14:28.125 Z] [PROCESS] [cadence.virtuoso.ade.simulationMonitor] - Current memory used: 53.0156 MBytes, peak memory used: 53.0156 MBytes {"hostname": "il2244vt26_hrahimi", "processid": 493850, "history": "Interactive.240", "testname": "Potentiostat_7_CA_TIA_Front_tb_calib_1", "cornername": "Nominal", "point": 1, "logfile": "/home/hrahimi/projects/POTENTIOSTAT_26/logs_hrahimi/logs0/Job119.log"}
[2026-05-28 11:14:28.126 Z] [PROCESS] [cadence.virtuoso.ade.simulationMonitor] - Simulation Monitor process exit. {"hostname": "il2244vt26_hrahimi", "processid": 493850, "history": "Interactive.240", "testname": "Potentiostat_7_CA_TIA_Front_tb_calib_1", "cornername": "Nominal", "point": 1, "logfile": "/home/hrahimi/projects/POTENTIOSTAT_26/logs_hrahimi/logs0/Job119.log"}
