[Simulation Monitor: 197]
[2026-06-02 11:28:21.404 Z] [PROCESS] [cadence.virtuoso.ade.simulationMonitor] - Simulation Monitor has successfully started up. Trying to set up communication channels to other components ... {"hostname": "il2244vt26_hrahimi", "processid": 1886333, "logfile": "/home/hrahimi/projects/POTENTIOSTAT_26/logs_hrahimi/logs0/Job197.log"}
[2026-06-02 11:28:21.405 Z] [PROCESS] [cadence.virtuoso.ade.simulationMonitor] - Communication channels have been successfully set up. Start processing events ... {"hostname": "il2244vt26_hrahimi", "processid": 1886333, "logfile": "/home/hrahimi/projects/POTENTIOSTAT_26/logs_hrahimi/logs0/Job197.log"}
[2026-06-02 11:28:21.405 Z] [PROCESS] [cadence.virtuoso.ade.simulationMonitor] - Considering to start history {"hostname": "il2244vt26_hrahimi", "processid": 1886333, "history": "Interactive.339", "logfile": "/home/hrahimi/projects/POTENTIOSTAT_26/logs_hrahimi/logs0/Job197.log"}
[2026-06-02 11:28:21.412 Z] [PROCESS] [cadence.virtuoso.ade.simulationMonitor] - HostInfo:
Host name (type):	il2244vt26_hrahimi (x86_64)
Operating system:	Linux 5.15.0-164-generic #174-Ubuntu SMP Fri Nov 14 20:25:16 UTC 2025 {"hostname": "il2244vt26_hrahimi", "processid": 1886333, "history": "Interactive.339", "logfile": "/home/hrahimi/projects/POTENTIOSTAT_26/logs_hrahimi/logs0/Job197.log", "nodename": "il2244vt26_hrahimi", "domainname": "(none)", "machine": "x86_64", "sysname": "Linux", "release": "5.15.0-164-generic", "version": "#174-Ubuntu SMP Fri Nov 14 20:25:16 UTC 2025"}
[2026-06-02 11:28:21.412 Z] [PROCESS] [cadence.virtuoso.ade.simulationMonitor] - UsageInfo:
pid=1886333
totalPhysicalMemory=3023.749672GB,Used=2569.451775GB,totalVirtualMemory=3031.749668GB,Used=2569.496452GB
Cpu: Cores=48, Load average:12.740000,8.810000,7.430000 {"hostname": "il2244vt26_hrahimi", "processid": 1886333, "history": "Interactive.339", "logfile": "/home/hrahimi/projects/POTENTIOSTAT_26/logs_hrahimi/logs0/Job197.log", "pid": "1886333", "totalPhysicalMemory": "3023.749672", "physicalMemoryUsed": "2569.451775", "totalVirtualMemory": "3031.749668", "virtualMemoryUsed": "2569.496452", "cpuCores": "48", "processes": "29702", "loadAverage1": "12.740000", "loadAverage5": "8.810000", "loadAverage15": "7.430000", "loadAverage1Percent": "0.265417"}
[2026-06-02 11:28:21.414 Z] [EVENT] [cadence.virtuoso.ade.simulationMonitor] - NewPoint {"history": "Interactive.339", "point": 1, "testname": "PTAT", "cornername": "Nominal", "event": "NewPoint", "EventSource": "Simulation Monitor", "HistoryName": "Interactive.339", "logFile": "/home/hrahimi/projects/POTENTIOSTAT_26/logs_hrahimi/logs0/Job197.log", "logFileSize": "2290"}
[2026-06-02 11:28:21.515 Z] [EVENT] [cadence.virtuoso.ade.simulationMonitor] - NewPoint {"history": "Interactive.339", "point": 1, "testname": "PTAT", "cornername": "Nominal", "event": "NewPoint", "EventSource": "spectre", "HistoryName": "Interactive.339", "logFile": "/home/hrahimi/projects/POTENTIOSTAT_26/Sim/Potentiostat_Top/top/maestro/results/maestro/Interactive.339/1/PTAT/psf/spectre.out", "logFileSize": "-1"}
[2026-06-02 11:28:21.972 Z] [PROCESS] [cadence.virtuoso.ade.simulationMonitor] - Simulator launched {"hostname": "il2244vt26_hrahimi", "processid": 1886333, "history": "Interactive.339", "testname": "PTAT", "cornername": "Nominal", "point": 1, "logfile": "/home/hrahimi/projects/POTENTIOSTAT_26/logs_hrahimi/logs0/Job197.log", "simid": "1"}
[2026-06-02 11:28:21.975 Z] [PROCESS] [cadence.virtuoso.ade.simulationMonitor] - Expression evaluator launched {"hostname": "il2244vt26_hrahimi", "processid": 1886333, "history": "Interactive.339", "testname": "PTAT", "cornername": "Nominal", "point": 1, "logfile": "/home/hrahimi/projects/POTENTIOSTAT_26/logs_hrahimi/logs0/Job197.log"}
[2026-06-02 11:28:22.032 Z] [PROCESS] [cadence.virtuoso.ade.simulationMonitor] - Started Simulation {"hostname": "il2244vt26_hrahimi", "processid": 1886333, "history": "Interactive.339", "testname": "PTAT", "cornername": "Nominal", "point": 1, "logfile": "/home/hrahimi/projects/POTENTIOSTAT_26/logs_hrahimi/logs0/Job197.log", "event": "started", "task": "simulation"}
[2026-06-02 11:28:23.033 Z] [WARN] [cadence.virtuoso.ade.simulationMonitor] -     WARNING (SPECTRE-691): This CPU processor does not support x86 advanced vector extensions instructions. This may affect math operations and slow down the simulation. {"history": "Interactive.339", "point": 1, "testname": "PTAT", "cornername": "Nominal"}
[2026-06-02 11:28:23.034 Z] [INFO] [cadence.virtuoso.ade.simulationMonitor] - Notice from spectre during circuit read-in.
    Pre_Configuration file used: /opt/tools/cadence/installs/SPECTRE241/tools.lnx86/spectre/etc/configs/preset.precfg
    Configuration file used: `/opt/tools/cadence/installs/SPECTRE241/tools.lnx86/spectre/etc/configs/preset.cfg'. {"history": "Interactive.339", "point": 1, "testname": "PTAT", "cornername": "Nominal"}
[2026-06-02 11:28:23.034 Z] [WARN] [cadence.virtuoso.ade.simulationMonitor] -     WARNING (SPECTRE-8360): line 1511: `ac' is an undefined primitive device. {"history": "Interactive.339", "point": 1, "testname": "PTAT", "cornername": "Nominal"}
[2026-06-02 11:28:23.034 Z] [WARN] [cadence.virtuoso.ade.simulationMonitor] -     WARNING (SPECTRE-8360): line 1512: `ac' is an undefined primitive device. {"history": "Interactive.339", "point": 1, "testname": "PTAT", "cornername": "Nominal"}
[2026-06-02 11:28:23.034 Z] [WARN] [cadence.virtuoso.ade.simulationMonitor] -     WARNING (SPECTRE-8360): line 1513: `ac' is an undefined primitive device. {"history": "Interactive.339", "point": 1, "testname": "PTAT", "cornername": "Nominal"}
[2026-06-02 11:28:23.034 Z] [WARN] [cadence.virtuoso.ade.simulationMonitor] -     WARNING (SPECTRE-8360): line 1514: `ac' is an undefined primitive device. {"history": "Interactive.339", "point": 1, "testname": "PTAT", "cornername": "Nominal"}
[2026-06-02 11:28:23.035 Z] [WARN] [cadence.virtuoso.ade.simulationMonitor] -     WARNING (SPECTRE-8360): line 1515: `ac' is an undefined primitive device.
        Further occurrences of this warning will be suppressed. {"history": "Interactive.339", "point": 1, "testname": "PTAT", "cornername": "Nominal"}
[2026-06-02 11:28:23.035 Z] [WARN] [cadence.virtuoso.ade.simulationMonitor] -     WARNING (VACOMP-2435): The environment variable CDS_AHDLCMI_ENABLE is no longer supported. Therefore, the simulator will use the default compiled C code flow. {"history": "Interactive.339", "point": 1, "testname": "PTAT", "cornername": "Nominal"}
[2026-06-02 11:28:23.035 Z] [INFO] [cadence.virtuoso.ade.simulationMonitor] - Peak resident memory used = 201 Mbytes. {"history": "Interactive.339", "point": 1, "testname": "PTAT", "cornername": "Nominal"}
[2026-06-02 11:28:23.535 Z] [WARN] [cadence.virtuoso.ade.simulationMonitor] -     WARNING (SFE-2649): Terminals of top-level instance `R50', in file`input.scs', at line 2587, are connected. Remove the instance and rerun the simulation. {"history": "Interactive.339", "point": 1, "testname": "PTAT", "cornername": "Nominal"}
[2026-06-02 11:28:23.536 Z] [WARN] [cadence.virtuoso.ade.simulationMonitor] -     WARNING (SFE-2649): Terminals of top-level instance `R48', in file`input.scs', at line 2629, are connected. Remove the instance and rerun the simulation. {"history": "Interactive.339", "point": 1, "testname": "PTAT", "cornername": "Nominal"}
[2026-06-02 11:28:23.536 Z] [WARN] [cadence.virtuoso.ade.simulationMonitor] -     WARNING (SFE-3027): The dangling resistor I0.I17.R2 is removed. {"history": "Interactive.339", "point": 1, "testname": "PTAT", "cornername": "Nominal"}
[2026-06-02 11:28:23.536 Z] [WARN] [cadence.virtuoso.ade.simulationMonitor] -     WARNING (SFE-3012): The dummy device I0.I44.DLIB9 is removed. {"history": "Interactive.339", "point": 1, "testname": "PTAT", "cornername": "Nominal"}
[2026-06-02 11:28:23.536 Z] [WARN] [cadence.virtuoso.ade.simulationMonitor] -     WARNING (SFE-3012): The dummy device I2.I25.I22.MP34<0>_turbo_m4 is removed. {"history": "Interactive.339", "point": 1, "testname": "PTAT", "cornername": "Nominal"}
[2026-06-02 11:28:23.537 Z] [WARN] [cadence.virtuoso.ade.simulationMonitor] -     WARNING (SFE-3029): The dummy capacitor I7.I10_turbo_m4.C0.C1 is removed. {"history": "Interactive.339", "point": 1, "testname": "PTAT", "cornername": "Nominal"}
[2026-06-02 11:28:23.537 Z] [WARN] [cadence.virtuoso.ade.simulationMonitor] -     WARNING (SFE-3029): The dummy capacitor I7.I13_turbo_m5.C0.C1 is removed. {"history": "Interactive.339", "point": 1, "testname": "PTAT", "cornername": "Nominal"}
[2026-06-02 11:28:23.537 Z] [WARN] [cadence.virtuoso.ade.simulationMonitor] -     WARNING (SFE-3012): The dummy device I0.I18.DLIB5 is removed. {"history": "Interactive.339", "point": 1, "testname": "PTAT", "cornername": "Nominal"}
[2026-06-02 11:28:23.537 Z] [WARN] [cadence.virtuoso.ade.simulationMonitor] -     WARNING (SFE-3012): The dummy device I2.I56.MP12<0>_turbo_m4 is removed. {"history": "Interactive.339", "point": 1, "testname": "PTAT", "cornername": "Nominal"}
[2026-06-02 11:28:23.537 Z] [WARN] [cadence.virtuoso.ade.simulationMonitor] -     WARNING (SFE-3012): The dummy device I0.I15.DLIB10 is removed.
        Further occurrences of this warning will be suppressed. {"history": "Interactive.339", "point": 1, "testname": "PTAT", "cornername": "Nominal"}
[2026-06-02 11:28:23.537 Z] [WARN] [cadence.virtuoso.ade.simulationMonitor] -     WARNING (SFE-3029): The dummy capacitor I7.I0.R3.CS1 is removed. {"history": "Interactive.339", "point": 1, "testname": "PTAT", "cornername": "Nominal"}
[2026-06-02 11:28:23.538 Z] [WARN] [cadence.virtuoso.ade.simulationMonitor] -     WARNING (SFE-3028): The floating resistor R8 is removed. {"history": "Interactive.339", "point": 1, "testname": "PTAT", "cornername": "Nominal"}
[2026-06-02 11:28:23.538 Z] [WARN] [cadence.virtuoso.ade.simulationMonitor] -     WARNING (SFE-3029): The dummy capacitor I7.I1.R2.CS1 is removed. {"history": "Interactive.339", "point": 1, "testname": "PTAT", "cornername": "Nominal"}
[2026-06-02 11:28:23.538 Z] [WARN] [cadence.virtuoso.ade.simulationMonitor] -     WARNING (SFE-3029): The dummy capacitor I7.I4.R31.CS1 is removed.
        Further occurrences of this warning will be suppressed. {"history": "Interactive.339", "point": 1, "testname": "PTAT", "cornername": "Nominal"}
[2026-06-02 11:28:23.538 Z] [WARN] [cadence.virtuoso.ade.simulationMonitor] -     WARNING (SFE-3023): The dangling node net25 is removed. It should not be dangling since it is defined in top level. {"history": "Interactive.339", "point": 1, "testname": "PTAT", "cornername": "Nominal"}
[2026-06-02 11:28:23.538 Z] [WARN] [cadence.virtuoso.ade.simulationMonitor] -     WARNING (SFE-3016): The floating node net74 is removed. {"history": "Interactive.339", "point": 1, "testname": "PTAT", "cornername": "Nominal"}
[2026-06-02 11:28:23.539 Z] [WARN] [cadence.virtuoso.ade.simulationMonitor] -     WARNING (SFE-3016): The floating node net73 is removed. {"history": "Interactive.339", "point": 1, "testname": "PTAT", "cornername": "Nominal"}
[2026-06-02 11:28:23.539 Z] [INFO] [cadence.virtuoso.ade.simulationMonitor] - Peak resident memory used = 212 Mbytes. {"history": "Interactive.339", "point": 1, "testname": "PTAT", "cornername": "Nominal"}
[2026-06-02 11:28:23.539 Z] [INFO] [cadence.virtuoso.ade.simulationMonitor] - Notice from spectre during hierarchy flattening.
    The value 'psf' specified for the 'checklimitdest' option will no longer be supported in future releases. Use 'spectre -h' to see other recommended values for the 'checklimitdest' option.
    I0.I46.RLIB_GC1.CS0 of rpoly1c: `c' has the unusually small value of 634.694e-21 F.
    I0.I46.RLIB_GC1.CS1 of rpoly1c: `c' has the unusually small value of 634.694e-21 F.
    I0.I45.RLIB_GC1.CS0 of rpoly1c: `c' has the unusually small value of 634.694e-21 F.
    I0... {"history": "Interactive.339", "point": 1, "testname": "PTAT", "cornername": "Nominal"}
[2026-06-02 11:28:24.040 Z] [INFO] [cadence.virtuoso.ade.simulationMonitor] - Notice from spectre during hierarchy flattening.
    V8: `period' has the unusually large value of 100 s.
    V7: `period' has the unusually large value of 10 s.
    V3: `period' has the unusually large value of 6 s.
    I26: `period' has the unusually large value of 6 s. {"history": "Interactive.339", "point": 1, "testname": "PTAT", "cornername": "Nominal"}
[2026-06-02 11:28:24.040 Z] [INFO] [cadence.virtuoso.ade.simulationMonitor] - Peak resident memory used = 216 Mbytes. {"history": "Interactive.339", "point": 1, "testname": "PTAT", "cornername": "Nominal"}
[2026-06-02 11:28:24.040 Z] [WARN] [cadence.virtuoso.ade.simulationMonitor] -     WARNING (CMI-2425): I7.I4.C1<0>_turbo_m11: `Acde' = 2.393 is unusually large. {"history": "Interactive.339", "point": 1, "testname": "PTAT", "cornername": "Nominal"}
[2026-06-02 11:28:24.040 Z] [WARN] [cadence.virtuoso.ade.simulationMonitor] -     WARNING (CMI-2425): I7.I4.C1<0>_turbo_m11: `Noff' = 4.732 is unusually large. {"history": "Interactive.339", "point": 1, "testname": "PTAT", "cornername": "Nominal"}
[2026-06-02 11:28:24.040 Z] [WARN] [cadence.virtuoso.ade.simulationMonitor] -     WARNING (CMI-2424): I7.I4.C1<0>_turbo_m11: `Voffcv' = -867.4e-03 is unusually small. {"history": "Interactive.339", "point": 1, "testname": "PTAT", "cornername": "Nominal"}
[2026-06-02 11:28:24.041 Z] [WARN] [cadence.virtuoso.ade.simulationMonitor] -     WARNING (CMI-2425): I7.I3.C1<0>_turbo_m6: `Acde' = 2.393 is unusually large. {"history": "Interactive.339", "point": 1, "testname": "PTAT", "cornername": "Nominal"}
[2026-06-02 11:28:24.041 Z] [WARN] [cadence.virtuoso.ade.simulationMonitor] -     WARNING (CMI-2425): I7.I3.C1<0>_turbo_m6: `Noff' = 4.732 is unusually large. {"history": "Interactive.339", "point": 1, "testname": "PTAT", "cornername": "Nominal"}
[2026-06-02 11:28:24.041 Z] [WARN] [cadence.virtuoso.ade.simulationMonitor] -     WARNING (CMI-2424): I7.I3.C1<0>_turbo_m6: `Voffcv' = -867.4e-03 is unusually small. {"history": "Interactive.339", "point": 1, "testname": "PTAT", "cornername": "Nominal"}
[2026-06-02 11:28:24.041 Z] [WARN] [cadence.virtuoso.ade.simulationMonitor] -     WARNING (CMI-2425): I7.I0.C0<0>_turbo_m6: `Acde' = 2.393 is unusually large.
        Further occurrences of this warning will be suppressed. {"history": "Interactive.339", "point": 1, "testname": "PTAT", "cornername": "Nominal"}
[2026-06-02 11:28:24.042 Z] [WARN] [cadence.virtuoso.ade.simulationMonitor] -     WARNING (CMI-2424): I7.I0.C0<0>_turbo_m6: `Voffcv' = -867.4e-03 is unusually small. {"history": "Interactive.339", "point": 1, "testname": "PTAT", "cornername": "Nominal"}
[2026-06-02 11:28:24.042 Z] [WARN] [cadence.virtuoso.ade.simulationMonitor] -     WARNING (CMI-2424): I7.I0.C2: `Voffcv' = -867.4e-03 is unusually small. {"history": "Interactive.339", "point": 1, "testname": "PTAT", "cornername": "Nominal"}
[2026-06-02 11:28:24.042 Z] [WARN] [cadence.virtuoso.ade.simulationMonitor] -     WARNING (CMI-2424): I7.I0.C1: `Voffcv' = -867.4e-03 is unusually small.
        Further occurrences of this warning will be suppressed. {"history": "Interactive.339", "point": 1, "testname": "PTAT", "cornername": "Nominal"}
[2026-06-02 11:28:24.042 Z] [WARN] [cadence.virtuoso.ade.simulationMonitor] -     WARNING (SPECTRE-17607): Assert `SOAC_vert10_vsubpsub' is ignored because it contains an expression which is invalid or not supported by native evaluator.  {"history": "Interactive.339", "point": 1, "testname": "PTAT", "cornername": "Nominal"}
[2026-06-02 11:28:24.042 Z] [WARN] [cadence.virtuoso.ade.simulationMonitor] -     WARNING (SPECTRE-17607): Assert `SOAC_vert10_vcsub' is ignored because it contains an expression which is invalid or not supported by native evaluator.  {"history": "Interactive.339", "point": 1, "testname": "PTAT", "cornername": "Nominal"}
[2026-06-02 11:28:24.042 Z] [WARN] [cadence.virtuoso.ade.simulationMonitor] -     WARNING (SPECTRE-16460): SOAC_cvarm_vspsub:Specified subcircuit master `cvarm' was not found. {"history": "Interactive.339", "point": 1, "testname": "PTAT", "cornername": "Nominal"}
[2026-06-02 11:28:24.043 Z] [WARN] [cadence.virtuoso.ade.simulationMonitor] -     WARNING (SPECTRE-16462): SOAC_cvarm_vspsub:Error in specification of subcircuit master. Assert is ignored. {"history": "Interactive.339", "point": 1, "testname": "PTAT", "cornername": "Nominal"}
[2026-06-02 11:28:24.043 Z] [WARN] [cadence.virtuoso.ade.simulationMonitor] -     WARNING (SPECTRE-16460): SOAC_cvarm_vbs:Specified subcircuit master `cvarm' was not found. {"history": "Interactive.339", "point": 1, "testname": "PTAT", "cornername": "Nominal"}
[2026-06-02 11:28:24.043 Z] [WARN] [cadence.virtuoso.ade.simulationMonitor] -     WARNING (SPECTRE-16462): SOAC_cvarm_vbs:Error in specification of subcircuit master. Assert is ignored. {"history": "Interactive.339", "point": 1, "testname": "PTAT", "cornername": "Nominal"}
[2026-06-02 11:28:24.043 Z] [WARN] [cadence.virtuoso.ade.simulationMonitor] -     WARNING (SPECTRE-16460): SOAC_cvarm_vgb:Specified subcircuit master `cvarm' was not found. {"history": "Interactive.339", "point": 1, "testname": "PTAT", "cornername": "Nominal"}
[2026-06-02 11:28:24.043 Z] [WARN] [cadence.virtuoso.ade.simulationMonitor] -     WARNING (SPECTRE-16462): SOAC_cvarm_vgb:Error in specification of subcircuit master. Assert is ignored. {"history": "Interactive.339", "point": 1, "testname": "PTAT", "cornername": "Nominal"}
[2026-06-02 11:28:24.043 Z] [WARN] [cadence.virtuoso.ade.simulationMonitor] -     WARNING (SPECTRE-16460): SOAC_cvart_vspsub:Specified subcircuit master `cvart' was not found. {"history": "Interactive.339", "point": 1, "testname": "PTAT", "cornername": "Nominal"}
[2026-06-02 11:28:24.043 Z] [WARN] [cadence.virtuoso.ade.simulationMonitor] -     WARNING (SPECTRE-16462): SOAC_cvart_vspsub:Error in specification of subcircuit master. Assert is ignored. {"history": "Interactive.339", "point": 1, "testname": "PTAT", "cornername": "Nominal"}
[2026-06-02 11:28:24.044 Z] [WARN] [cadence.virtuoso.ade.simulationMonitor] -     WARNING (SPECTRE-16460): SOAC_cvart_vbs:Specified subcircuit master `cvart' was not found.
        Further occurrences of this warning will be suppressed. {"history": "Interactive.339", "point": 1, "testname": "PTAT", "cornername": "Nominal"}
[2026-06-02 11:28:24.044 Z] [WARN] [cadence.virtuoso.ade.simulationMonitor] -     WARNING (SPECTRE-16462): SOAC_cvart_vbs:Error in specification of subcircuit master. Assert is ignored.
        Further occurrences of this warning will be suppressed. {"history": "Interactive.339", "point": 1, "testname": "PTAT", "cornername": "Nominal"}
[2026-06-02 11:28:24.544 Z] [INFO] [cadence.virtuoso.ade.simulationMonitor] - Notice from spectre during topology check.
    Only one connection to the following 1032 nodes:
        I0.I46.RLIB_GC1.R1.psub!
        I0.I46.RLIB_GC1.R2.psub!
        I0.I46.MNLIB_DR1.M_esdnmos4.psub!
        I0.I46.DLIB2.psub!
        I0.I46.DLIB1.psub!
        Further occurrences of this notice will be suppressed. {"history": "Interactive.339", "point": 1, "testname": "PTAT", "cornername": "Nominal"}
[2026-06-02 11:28:24.724 Z] [INFO] [cadence.virtuoso.ade.simulationMonitor] -               nodes 3363 {"history": "Interactive.339", "point": 1, "testname": "PTAT", "cornername": "Nominal"}
[2026-06-02 11:28:24.725 Z] [INFO] [cadence.virtuoso.ade.simulationMonitor] - Notice from spectre during initial setup.
    7 resistors are shorted because their absolute value is less than or equal to 'rabsshort'.
    3 vsources are shorted because their absolute value is less than or equal to 'vabsshort'.
    4 resistors are changed to resistance form because their value are less than 'rthresh'.
    Spectre X preset=cx enabled.
    42 notices suppressed.
    117 warnings suppressed. {"history": "Interactive.339", "point": 1, "testname": "PTAT", "cornername": "Nominal"}
[2026-06-02 11:28:24.726 Z] [INFO] [cadence.virtuoso.ade.simulationMonitor] - Notice from spectre.
    Multithreading enabled: 8 threads in the system with 48 available processors. {"history": "Interactive.339", "point": 1, "testname": "PTAT", "cornername": "Nominal"}
[2026-06-02 11:28:24.726 Z] [INFO] [cadence.virtuoso.ade.simulationMonitor] - Peak resident memory used = 240 Mbytes. {"history": "Interactive.339", "point": 1, "testname": "PTAT", "cornername": "Nominal"}
[2026-06-02 11:28:24.726 Z] [INFO] [cadence.virtuoso.ade.simulationMonitor] -    -   (Spectre X) Multi-threading. The recommended number of threads is [2, 4], consider adding +mt=2 or +mt=4 on command line. {"history": "Interactive.339", "point": 1, "testname": "PTAT", "cornername": "Nominal"}
[2026-06-02 11:28:24.727 Z] [WARN] [cadence.virtuoso.ade.simulationMonitor] -     WARNING (CMI-2425): I2.I25.I22.C2: `Acde' = 2.393 is unusually large. {"history": "Interactive.339", "point": 1, "testname": "PTAT", "cornername": "Nominal"}
[2026-06-02 11:28:24.727 Z] [WARN] [cadence.virtuoso.ade.simulationMonitor] -     WARNING (CMI-2425): I2.I25.I22.C2: `Noff' = 4.732 is unusually large. {"history": "Interactive.339", "point": 1, "testname": "PTAT", "cornername": "Nominal"}
[2026-06-02 11:28:24.727 Z] [WARN] [cadence.virtuoso.ade.simulationMonitor] -     WARNING (CMI-2424): I2.I25.I22.C2: `Voffcv' = -867.4e-03 is unusually small. {"history": "Interactive.339", "point": 1, "testname": "PTAT", "cornername": "Nominal"}
[2026-06-02 11:28:24.727 Z] [WARN] [cadence.virtuoso.ade.simulationMonitor] -     WARNING (CMI-2425): I2.I25.I33.C1: `Acde' = 2.393 is unusually large. {"history": "Interactive.339", "point": 1, "testname": "PTAT", "cornername": "Nominal"}
[2026-06-02 11:28:24.727 Z] [WARN] [cadence.virtuoso.ade.simulationMonitor] -     WARNING (CMI-2425): I2.I25.I33.C1: `Noff' = 4.732 is unusually large. {"history": "Interactive.339", "point": 1, "testname": "PTAT", "cornername": "Nominal"}
[2026-06-02 11:28:24.727 Z] [WARN] [cadence.virtuoso.ade.simulationMonitor] -     WARNING (CMI-2424): I2.I25.I33.C1: `Voffcv' = -867.4e-03 is unusually small. {"history": "Interactive.339", "point": 1, "testname": "PTAT", "cornername": "Nominal"}
[2026-06-02 11:28:24.728 Z] [WARN] [cadence.virtuoso.ade.simulationMonitor] -     WARNING (CMI-2425): I7.I1.C0: `Acde' = 2.393 is unusually large.
        Further occurrences of this warning will be suppressed. {"history": "Interactive.339", "point": 1, "testname": "PTAT", "cornername": "Nominal"}
[2026-06-02 11:28:24.728 Z] [WARN] [cadence.virtuoso.ade.simulationMonitor] -     WARNING (CMI-2424): I7.I1.C0: `Voffcv' = -867.4e-03 is unusually small. {"history": "Interactive.339", "point": 1, "testname": "PTAT", "cornername": "Nominal"}
[2026-06-02 11:28:24.728 Z] [WARN] [cadence.virtuoso.ade.simulationMonitor] -     WARNING (CMI-2424): I7.I0.C1: `Voffcv' = -867.4e-03 is unusually small. {"history": "Interactive.339", "point": 1, "testname": "PTAT", "cornername": "Nominal"}
[2026-06-02 11:28:24.728 Z] [WARN] [cadence.virtuoso.ade.simulationMonitor] -     WARNING (CMI-2424): I7.I0.C2: `Voffcv' = -867.4e-03 is unusually small.
        Further occurrences of this warning will be suppressed. {"history": "Interactive.339", "point": 1, "testname": "PTAT", "cornername": "Nominal"}
[2026-06-02 11:28:24.728 Z] [INFO] [cadence.virtuoso.ade.simulationMonitor] - Notice from spectre during PZ analysis `pz'.
    No checklimit analysis defined for asserts. A default checklimit analysis 'SpectreChecklimitAnal' has been created with all asserts enabled. {"history": "Interactive.339", "point": 1, "testname": "PTAT", "cornername": "Nominal"}
[2026-06-02 11:28:24.728 Z] [WARN] [cadence.virtuoso.ade.simulationMonitor] -     WARNING: Bipolar Junction Transistor - frequency dependent components are present in the circuit, approximated as AC equivalents at 1.000000e+00Hz for pz analysis. {"history": "Interactive.339", "point": 1, "testname": "PTAT", "cornername": "Nominal"}
[2026-06-02 11:28:24.729 Z] [WARN] [cadence.virtuoso.ade.simulationMonitor] -     WARNING: BSIM3v3 MOS Transistor - frequency dependent components are present in the circuit, approximated as AC equivalents at 1.000000e+00Hz for pz analysis. {"history": "Interactive.339", "point": 1, "testname": "PTAT", "cornername": "Nominal"}
[2026-06-02 11:28:25.229 Z] [INFO] [cadence.virtuoso.ade.simulationMonitor] - Notice from spectre during DC analysis, during PZ analysis `pz'.
    GminDC = 1 pS is large enough to noticeably affect the DC solution.
        dV(I7.I1.C0.d1) = 3.29341 mV
        Use the `gmin_check' option to eliminate or expand this report.
    Bad pivoting is found during DC analysis. Option dc_pivot_check=yes is recommended for possible improvement of convergence. {"history": "Interactive.339", "point": 1, "testname": "PTAT", "cornername": "Nominal"}
[2026-06-02 11:28:25.229 Z] [WARN] [cadence.virtuoso.ade.simulationMonitor] -     WARNING (CMI-2943): Parameter checks have been ignored because the valid value for parameter 'trise' could not be found in 'C0'. {"history": "Interactive.339", "point": 1, "testname": "PTAT", "cornername": "Nominal"}
[2026-06-02 11:28:25.230 Z] [WARN] [cadence.virtuoso.ade.simulationMonitor] -     WARNING (CMI-2943): Parameter checks have been ignored because the valid value for parameter 'trise' could not be found in 'C1'. {"history": "Interactive.339", "point": 1, "testname": "PTAT", "cornername": "Nominal"}
[2026-06-02 11:28:25.230 Z] [WARN] [cadence.virtuoso.ade.simulationMonitor] -     WARNING (CMI-2943): Parameter checks have been ignored because the valid value for parameter 'trise' could not be found in 'C11'. {"history": "Interactive.339", "point": 1, "testname": "PTAT", "cornername": "Nominal"}
[2026-06-02 11:28:25.230 Z] [WARN] [cadence.virtuoso.ade.simulationMonitor] -     WARNING (CMI-2943): Parameter checks have been ignored because the valid value for parameter 'trise' could not be found in 'C12'. {"history": "Interactive.339", "point": 1, "testname": "PTAT", "cornername": "Nominal"}
[2026-06-02 11:28:25.230 Z] [WARN] [cadence.virtuoso.ade.simulationMonitor] -     WARNING (CMI-2943): Parameter checks have been ignored because the valid value for parameter 'trise' could not be found in 'C5'.
        Further occurrences of this warning will be suppressed. {"history": "Interactive.339", "point": 1, "testname": "PTAT", "cornername": "Nominal"}
[2026-06-02 11:28:25.231 Z] [WARN] [cadence.virtuoso.ade.simulationMonitor] -     WARNING (SPECTRE-17192): 
        Tolerance relaxation is used during DC simulation which may affect the accuracy of the result. This is mainly caused by the high impedance nodes in the circuit. Use the dyn_highz check to determine the high impedance nodes. Setting/assigning appropriate initial values to these nodes will usually help to improve both performance and accuracy of DC simulations. {"history": "Interactive.339", "point": 1, "testname": "PTAT", "cornername": "Nominal"}
[2026-06-02 11:28:25.231 Z] [INFO] [cadence.virtuoso.ade.simulationMonitor] - Notice from spectre at 0 during DC analysis, during PZ analysis `pz'.
    GminDC = 1 pS is large enough to noticeably affect the DC solution.
        dV(I7.I1.C0.s1) = 3.29341 mV
        Use the `gmin_check' option to eliminate or expand this report.
    Bad pivoting is found during DC analysis. Option dc_pivot_check=yes is recommended for possible improvement of convergence. {"history": "Interactive.339", "point": 1, "testname": "PTAT", "cornername": "Nominal"}
[2026-06-02 11:28:25.231 Z] [WARN] [cadence.virtuoso.ade.simulationMonitor] -     WARNING (SPECTRE-17192): 
        Tolerance relaxation is used during DC simulation which may affect the accuracy of the result. This is mainly caused by the high impedance nodes in the circuit. Use the dyn_highz check to determine the high impedance nodes. Setting/assigning appropriate initial values to these nodes will usually help to improve both performance and accuracy of DC simulations. {"history": "Interactive.339", "point": 1, "testname": "PTAT", "cornername": "Nominal"}
[2026-06-02 11:30:04.270 Z] [WARN] [cadence.virtuoso.ade.simulationMonitor] -     WARNING (UWI-8101): The specified waveform format 'psf' (improper context for requested action) could not be added. The simulator will ignore the waveform. Check the application programming interface (API) before running the simulation again. {"history": "Interactive.339", "point": 1, "testname": "PTAT", "cornername": "Nominal"}
[2026-06-02 11:30:04.270 Z] [WARN] [cadence.virtuoso.ade.simulationMonitor] -     WARNING (UWI-8101): The specified waveform format 'psf' (improper context for requested action) could not be added. The simulator will ignore the waveform. Check the application programming interface (API) before running the simulation again. {"history": "Interactive.339", "point": 1, "testname": "PTAT", "cornername": "Nominal"}
[2026-06-02 11:30:04.271 Z] [WARN] [cadence.virtuoso.ade.simulationMonitor] -     WARNING (UWI-8101): The specified waveform format 'psf' (improper context for requested action) could not be added. The simulator will ignore the waveform. Check the application programming interface (API) before running the simulation again. {"history": "Interactive.339", "point": 1, "testname": "PTAT", "cornername": "Nominal"}
[2026-06-02 11:30:04.271 Z] [WARN] [cadence.virtuoso.ade.simulationMonitor] -     WARNING (UWI-8101): The specified waveform format 'psf' (improper context for requested action) could not be added. The simulator will ignore the waveform. Check the application programming interface (API) before running the simulation again. {"history": "Interactive.339", "point": 1, "testname": "PTAT", "cornername": "Nominal"}
[2026-06-02 11:30:04.271 Z] [WARN] [cadence.virtuoso.ade.simulationMonitor] -     WARNING (UWI-8101): The specified waveform format 'psf' (improper context for requested action) could not be added. The simulator will ignore the waveform. Check the application programming interface (API) before running the simulation again.
        Further occurrences of this warning will be suppressed. {"history": "Interactive.339", "point": 1, "testname": "PTAT", "cornername": "Nominal"}
[2026-06-02 11:30:04.272 Z] [INFO] [cadence.virtuoso.ade.simulationMonitor] - Total time required for pz analysis `pz': CPU = 99.5241 s (1m  39.5s), elapsed = 99.5613 s (1m  39.6s), util. = 100%. {"history": "Interactive.339", "point": 1, "testname": "PTAT", "cornername": "Nominal"}
[2026-06-02 11:30:04.272 Z] [INFO] [cadence.virtuoso.ade.simulationMonitor] - Peak resident memory used = 450 Mbytes. {"history": "Interactive.339", "point": 1, "testname": "PTAT", "cornername": "Nominal"}
[2026-06-02 11:30:04.272 Z] [INFO] [cadence.virtuoso.ade.simulationMonitor] - Notice from spectre.
    2164 warnings suppressed. {"history": "Interactive.339", "point": 1, "testname": "PTAT", "cornername": "Nominal"}
[2026-06-02 11:30:04.272 Z] [WARN] [cadence.virtuoso.ade.simulationMonitor] -     WARNING (CMI-2425): I2.I25.I22.C2: `Acde' = 2.393 is unusually large. {"history": "Interactive.339", "point": 1, "testname": "PTAT", "cornername": "Nominal"}
[2026-06-02 11:30:04.272 Z] [WARN] [cadence.virtuoso.ade.simulationMonitor] -     WARNING (CMI-2425): I2.I25.I22.C2: `Noff' = 4.732 is unusually large. {"history": "Interactive.339", "point": 1, "testname": "PTAT", "cornername": "Nominal"}
[2026-06-02 11:30:04.272 Z] [WARN] [cadence.virtuoso.ade.simulationMonitor] -     WARNING (CMI-2424): I2.I25.I22.C2: `Voffcv' = -867.4e-03 is unusually small. {"history": "Interactive.339", "point": 1, "testname": "PTAT", "cornername": "Nominal"}
[2026-06-02 11:30:04.273 Z] [WARN] [cadence.virtuoso.ade.simulationMonitor] -     WARNING (CMI-2425): I2.I25.I33.C1: `Acde' = 2.393 is unusually large. {"history": "Interactive.339", "point": 1, "testname": "PTAT", "cornername": "Nominal"}
[2026-06-02 11:30:04.273 Z] [WARN] [cadence.virtuoso.ade.simulationMonitor] -     WARNING (CMI-2425): I2.I25.I33.C1: `Noff' = 4.732 is unusually large. {"history": "Interactive.339", "point": 1, "testname": "PTAT", "cornername": "Nominal"}
[2026-06-02 11:30:04.273 Z] [WARN] [cadence.virtuoso.ade.simulationMonitor] -     WARNING (CMI-2424): I2.I25.I33.C1: `Voffcv' = -867.4e-03 is unusually small. {"history": "Interactive.339", "point": 1, "testname": "PTAT", "cornername": "Nominal"}
[2026-06-02 11:30:04.273 Z] [WARN] [cadence.virtuoso.ade.simulationMonitor] -     WARNING (CMI-2425): I7.I1.C0: `Acde' = 2.393 is unusually large.
        Further occurrences of this warning will be suppressed. {"history": "Interactive.339", "point": 1, "testname": "PTAT", "cornername": "Nominal"}
[2026-06-02 11:30:04.273 Z] [WARN] [cadence.virtuoso.ade.simulationMonitor] -     WARNING (CMI-2424): I7.I1.C0: `Voffcv' = -867.4e-03 is unusually small. {"history": "Interactive.339", "point": 1, "testname": "PTAT", "cornername": "Nominal"}
[2026-06-02 11:30:04.273 Z] [WARN] [cadence.virtuoso.ade.simulationMonitor] -     WARNING (CMI-2424): I7.I0.C1: `Voffcv' = -867.4e-03 is unusually small. {"history": "Interactive.339", "point": 1, "testname": "PTAT", "cornername": "Nominal"}
[2026-06-02 11:30:04.273 Z] [WARN] [cadence.virtuoso.ade.simulationMonitor] -     WARNING (CMI-2424): I7.I0.C2: `Voffcv' = -867.4e-03 is unusually small.
        Further occurrences of this warning will be suppressed. {"history": "Interactive.339", "point": 1, "testname": "PTAT", "cornername": "Nominal"}
[2026-06-02 11:30:04.274 Z] [WARN] [cadence.virtuoso.ade.simulationMonitor] -     WARNING (CMI-2943): Parameter checks have been ignored because the valid value for parameter 'trise' could not be found in 'C0'. {"history": "Interactive.339", "point": 1, "testname": "PTAT", "cornername": "Nominal"}
[2026-06-02 11:30:04.274 Z] [WARN] [cadence.virtuoso.ade.simulationMonitor] -     WARNING (CMI-2943): Parameter checks have been ignored because the valid value for parameter 'trise' could not be found in 'C1'. {"history": "Interactive.339", "point": 1, "testname": "PTAT", "cornername": "Nominal"}
[2026-06-02 11:30:04.274 Z] [WARN] [cadence.virtuoso.ade.simulationMonitor] -     WARNING (CMI-2943): Parameter checks have been ignored because the valid value for parameter 'trise' could not be found in 'C11'. {"history": "Interactive.339", "point": 1, "testname": "PTAT", "cornername": "Nominal"}
[2026-06-02 11:30:04.274 Z] [WARN] [cadence.virtuoso.ade.simulationMonitor] -     WARNING (CMI-2943): Parameter checks have been ignored because the valid value for parameter 'trise' could not be found in 'C12'. {"history": "Interactive.339", "point": 1, "testname": "PTAT", "cornername": "Nominal"}
[2026-06-02 11:30:04.274 Z] [WARN] [cadence.virtuoso.ade.simulationMonitor] -     WARNING (CMI-2943): Parameter checks have been ignored because the valid value for parameter 'trise' could not be found in 'C5'.
        Further occurrences of this warning will be suppressed. {"history": "Interactive.339", "point": 1, "testname": "PTAT", "cornername": "Nominal"}
[2026-06-02 11:30:04.274 Z] [INFO] [cadence.virtuoso.ade.simulationMonitor] - Notice from spectre during check, during DC analysis, during XF analysis `xf'.
    I0.I3.RLIB_GC1 of rdiffp3: `ig' has the unusually large value of -89.0477 A.
    I0.I3.RLIB_GC2 of rdiffp3: `ig' has the unusually large value of -576.927 mA.
    I0.I6.RLIB_GC1 of rdiffp3: `ig' has the unusually large value of -89.0477 A. {"history": "Interactive.339", "point": 1, "testname": "PTAT", "cornername": "Nominal"}
[2026-06-02 11:30:05.275 Z] [INFO] [cadence.virtuoso.ade.simulationMonitor] - Total time required for xf analysis `xf': CPU = 2.97637 s, elapsed = 749.809 ms, util. = 397%. {"history": "Interactive.339", "point": 1, "testname": "PTAT", "cornername": "Nominal"}
[2026-06-02 11:30:05.276 Z] [INFO] [cadence.virtuoso.ade.simulationMonitor] - Peak resident memory used = 453 Mbytes. {"history": "Interactive.339", "point": 1, "testname": "PTAT", "cornername": "Nominal"}
[2026-06-02 11:30:05.276 Z] [INFO] [cadence.virtuoso.ade.simulationMonitor] - Notice from spectre.
    989 warnings suppressed. {"history": "Interactive.339", "point": 1, "testname": "PTAT", "cornername": "Nominal"}
[2026-06-02 11:30:05.276 Z] [WARN] [cadence.virtuoso.ade.simulationMonitor] -     WARNING (CMI-2425): I7.I0.C0<0>_dummy: `Acde' = 2.393 is unusually large. {"history": "Interactive.339", "point": 1, "testname": "PTAT", "cornername": "Nominal"}
[2026-06-02 11:30:05.276 Z] [WARN] [cadence.virtuoso.ade.simulationMonitor] -     WARNING (CMI-2425): I7.I0.C0<0>_dummy: `Noff' = 4.732 is unusually large. {"history": "Interactive.339", "point": 1, "testname": "PTAT", "cornername": "Nominal"}
[2026-06-02 11:30:05.276 Z] [WARN] [cadence.virtuoso.ade.simulationMonitor] -     WARNING (CMI-2424): I7.I0.C0<0>_dummy: `Voffcv' = -867.4e-03 is unusually small. {"history": "Interactive.339", "point": 1, "testname": "PTAT", "cornername": "Nominal"}
[2026-06-02 11:30:05.277 Z] [WARN] [cadence.virtuoso.ade.simulationMonitor] -     WARNING (CMI-2425): I7.I3.C1<0>_dummy: `Acde' = 2.393 is unusually large. {"history": "Interactive.339", "point": 1, "testname": "PTAT", "cornername": "Nominal"}
[2026-06-02 11:30:05.277 Z] [WARN] [cadence.virtuoso.ade.simulationMonitor] -     WARNING (CMI-2425): I7.I3.C1<0>_dummy: `Noff' = 4.732 is unusually large. {"history": "Interactive.339", "point": 1, "testname": "PTAT", "cornername": "Nominal"}
[2026-06-02 11:30:05.277 Z] [WARN] [cadence.virtuoso.ade.simulationMonitor] -     WARNING (CMI-2424): I7.I3.C1<0>_dummy: `Voffcv' = -867.4e-03 is unusually small. {"history": "Interactive.339", "point": 1, "testname": "PTAT", "cornername": "Nominal"}
[2026-06-02 11:30:05.277 Z] [WARN] [cadence.virtuoso.ade.simulationMonitor] -     WARNING (CMI-2425): I7.I4.C1<0>_dummy: `Acde' = 2.393 is unusually large.
        Further occurrences of this warning will be suppressed. {"history": "Interactive.339", "point": 1, "testname": "PTAT", "cornername": "Nominal"}
[2026-06-02 11:30:05.277 Z] [WARN] [cadence.virtuoso.ade.simulationMonitor] -     WARNING (CMI-2424): I7.I4.C1<0>_dummy: `Voffcv' = -867.4e-03 is unusually small. {"history": "Interactive.339", "point": 1, "testname": "PTAT", "cornername": "Nominal"}
[2026-06-02 11:30:05.278 Z] [INFO] [cadence.virtuoso.ade.simulationMonitor] - Notice from spectre.
    1 warning suppressed. {"history": "Interactive.339", "point": 1, "testname": "PTAT", "cornername": "Nominal"}
[2026-06-02 11:30:05.278 Z] [INFO] [cadence.virtuoso.ade.simulationMonitor] - Time used: CPU = 104 s (1m  43.6s), elapsed = 103 s (1m  42.5s), util. = 101%. {"history": "Interactive.339", "point": 1, "testname": "PTAT", "cornername": "Nominal"}
[2026-06-02 11:30:05.278 Z] [INFO] [cadence.virtuoso.ade.simulationMonitor] - Time spent in licensing: elapsed = 84.1 ms. {"history": "Interactive.339", "point": 1, "testname": "PTAT", "cornername": "Nominal"}
[2026-06-02 11:30:05.279 Z] [INFO] [cadence.virtuoso.ade.simulationMonitor] - Peak memory used = 453 Mbytes. {"history": "Interactive.339", "point": 1, "testname": "PTAT", "cornername": "Nominal"}
[2026-06-02 11:30:05.280 Z] [PROCESS] [cadence.virtuoso.ade.simulationMonitor] - Simulation started at: 11:28:22 AM, Tue Jun 2, 2026, ended at: 11:30:04 AM, Tue Jun 2, 2026, with elapsed time (wall clock): 103 s (1m  42.5s). {"history": "Interactive.339", "point": 1, "testname": "PTAT", "cornername": "Nominal"}
[2026-06-02 11:30:05.280 Z] [PROCESS] [cadence.virtuoso.ade.simulationMonitor] - spectre completes with 0 errors, 93 warnings, and 32 notices. {"history": "Interactive.339", "point": 1, "testname": "PTAT", "cornername": "Nominal"}
[2026-06-02 11:30:05.280 Z] [PROCESS] [cadence.virtuoso.ade.simulationMonitor] - Finished simulating for one point {"hostname": "il2244vt26_hrahimi", "processid": 1886333, "history": "Interactive.339", "testname": "PTAT", "cornername": "Nominal", "point": 1, "logfile": "/home/hrahimi/projects/POTENTIOSTAT_26/logs_hrahimi/logs0/Job197.log", "simid": "1"}
[2026-06-02 11:30:05.280 Z] [PROCESS] [cadence.virtuoso.ade.simulationMonitor] - Simulator exited {"hostname": "il2244vt26_hrahimi", "processid": 1886333, "history": "Interactive.339", "testname": "PTAT", "cornername": "Nominal", "point": 1, "logfile": "/home/hrahimi/projects/POTENTIOSTAT_26/logs_hrahimi/logs0/Job197.log", "exitStatus": "0"}
[2026-06-02 11:30:05.280 Z] [PROCESS] [cadence.virtuoso.ade.simulationMonitor] - Finished Simulation {"hostname": "il2244vt26_hrahimi", "processid": 1886333, "history": "Interactive.339", "testname": "PTAT", "cornername": "Nominal", "point": 1, "logfile": "/home/hrahimi/projects/POTENTIOSTAT_26/logs_hrahimi/logs0/Job197.log", "simid": "1"}
[2026-06-02 11:30:08.294 Z] [PROCESS] [cadence.virtuoso.ade.simulationMonitor] - Point Finished {"hostname": "il2244vt26_hrahimi", "processid": 1886333, "history": "Interactive.339", "testname": "PTAT", "cornername": "Nominal", "point": 1, "logfile": "/home/hrahimi/projects/POTENTIOSTAT_26/logs_hrahimi/logs0/Job197.log"}
[2026-06-02 11:30:08.683 Z] [PROCESS] [cadence.virtuoso.ade.simulationMonitor] - Padding test token found for runId '40', Linger time '300', currentRunSyn '73', currentTestSyn '87' {"hostname": "il2244vt26_hrahimi", "processid": 1886333, "history": "Interactive.339", "testname": "PTAT", "cornername": "Nominal", "point": 1, "logfile": "/home/hrahimi/projects/POTENTIOSTAT_26/logs_hrahimi/logs0/Job197.log"}
[2026-06-02 11:30:09.690 Z] [PROCESS] [cadence.virtuoso.ade.simulationMonitor] - Stay with the runId '40', Linger time '300', currentRunSyn '73', currentTestSyn '87' {"hostname": "il2244vt26_hrahimi", "processid": 1886333, "history": "Interactive.339", "testname": "PTAT", "cornername": "Nominal", "point": 1, "logfile": "/home/hrahimi/projects/POTENTIOSTAT_26/logs_hrahimi/logs0/Job197.log"}
[2026-06-02 11:35:09.004 Z] [PROCESS] [cadence.virtuoso.ade.simulationMonitor] - Current memory used: 53.0508 MBytes, peak memory used: 53.0508 MBytes {"hostname": "il2244vt26_hrahimi", "processid": 1886333, "history": "Interactive.339", "testname": "PTAT", "cornername": "Nominal", "point": 1, "logfile": "/home/hrahimi/projects/POTENTIOSTAT_26/logs_hrahimi/logs0/Job197.log"}
[2026-06-02 11:35:09.004 Z] [PROCESS] [cadence.virtuoso.ade.simulationMonitor] - Simulation Monitor process exit. {"hostname": "il2244vt26_hrahimi", "processid": 1886333, "history": "Interactive.339", "testname": "PTAT", "cornername": "Nominal", "point": 1, "logfile": "/home/hrahimi/projects/POTENTIOSTAT_26/logs_hrahimi/logs0/Job197.log"}
