[Simulation Monitor: 124]
[2026-05-28 12:16:15.962 Z] [PROCESS] [cadence.virtuoso.ade.simulationMonitor] - Simulation Monitor has successfully started up. Trying to set up communication channels to other components ... {"hostname": "il2244vt26_hrahimi", "processid": 515648, "logfile": "/home/hrahimi/projects/POTENTIOSTAT_26/logs_hrahimi/logs0/Job124.log"}
[2026-05-28 12:16:15.963 Z] [PROCESS] [cadence.virtuoso.ade.simulationMonitor] - Communication channels have been successfully set up. Start processing events ... {"hostname": "il2244vt26_hrahimi", "processid": 515648, "logfile": "/home/hrahimi/projects/POTENTIOSTAT_26/logs_hrahimi/logs0/Job124.log"}
[2026-05-28 12:16:15.964 Z] [PROCESS] [cadence.virtuoso.ade.simulationMonitor] - Considering to start history {"hostname": "il2244vt26_hrahimi", "processid": 515648, "history": "Interactive.254", "logfile": "/home/hrahimi/projects/POTENTIOSTAT_26/logs_hrahimi/logs0/Job124.log"}
[2026-05-28 12:16:15.973 Z] [PROCESS] [cadence.virtuoso.ade.simulationMonitor] - HostInfo:
Host name (type):	il2244vt26_hrahimi (x86_64)
Operating system:	Linux 5.15.0-164-generic #174-Ubuntu SMP Fri Nov 14 20:25:16 UTC 2025 {"hostname": "il2244vt26_hrahimi", "processid": 515648, "history": "Interactive.254", "logfile": "/home/hrahimi/projects/POTENTIOSTAT_26/logs_hrahimi/logs0/Job124.log", "nodename": "il2244vt26_hrahimi", "domainname": "(none)", "machine": "x86_64", "sysname": "Linux", "release": "5.15.0-164-generic", "version": "#174-Ubuntu SMP Fri Nov 14 20:25:16 UTC 2025"}
[2026-05-28 12:16:15.973 Z] [PROCESS] [cadence.virtuoso.ade.simulationMonitor] - UsageInfo:
pid=515648
totalPhysicalMemory=3023.749672GB,Used=2438.053310GB,totalVirtualMemory=3031.749668GB,Used=2438.080654GB
Cpu: Cores=48, Load average:5.060000,6.380000,13.080000 {"hostname": "il2244vt26_hrahimi", "processid": 515648, "history": "Interactive.254", "logfile": "/home/hrahimi/projects/POTENTIOSTAT_26/logs_hrahimi/logs0/Job124.log", "pid": "515648", "totalPhysicalMemory": "3023.749672", "physicalMemoryUsed": "2438.053310", "totalVirtualMemory": "3031.749668", "virtualMemoryUsed": "2438.080654", "cpuCores": "48", "processes": "29628", "loadAverage1": "5.060000", "loadAverage5": "6.380000", "loadAverage15": "13.080000", "loadAverage1Percent": "0.105417"}
[2026-05-28 12:16:15.975 Z] [EVENT] [cadence.virtuoso.ade.simulationMonitor] - NewPoint {"history": "Interactive.254", "point": 1, "testname": "Potentiostat_7_CA_TIA_Front_tb_calib_1", "cornername": "Nominal", "event": "NewPoint", "EventSource": "Simulation Monitor", "HistoryName": "Interactive.254", "logFile": "/home/hrahimi/projects/POTENTIOSTAT_26/logs_hrahimi/logs0/Job124.log", "logFileSize": "2283"}
[2026-05-28 12:16:16.078 Z] [EVENT] [cadence.virtuoso.ade.simulationMonitor] - NewPoint {"history": "Interactive.254", "point": 1, "testname": "Potentiostat_7_CA_TIA_Front_tb_calib_1", "cornername": "Nominal", "event": "NewPoint", "EventSource": "spectre", "HistoryName": "Interactive.254", "logFile": "/home/hrahimi/projects/POTENTIOSTAT_26/Sim/Potentiostat_Top/top/maestro/results/maestro/Interactive.254/1/Potentiostat_7_CA_TIA_Front_tb_calib_1/psf/spectre.out", "logFileSize": "-1"}
[2026-05-28 12:16:16.092 Z] [PROCESS] [cadence.virtuoso.ade.simulationMonitor] - Simulator launched {"hostname": "il2244vt26_hrahimi", "processid": 515648, "history": "Interactive.254", "testname": "Potentiostat_7_CA_TIA_Front_tb_calib_1", "cornername": "Nominal", "point": 1, "logfile": "/home/hrahimi/projects/POTENTIOSTAT_26/logs_hrahimi/logs0/Job124.log", "simid": "1"}
[2026-05-28 12:16:16.096 Z] [PROCESS] [cadence.virtuoso.ade.simulationMonitor] - Expression evaluator launched {"hostname": "il2244vt26_hrahimi", "processid": 515648, "history": "Interactive.254", "testname": "Potentiostat_7_CA_TIA_Front_tb_calib_1", "cornername": "Nominal", "point": 1, "logfile": "/home/hrahimi/projects/POTENTIOSTAT_26/logs_hrahimi/logs0/Job124.log"}
[2026-05-28 12:16:16.161 Z] [PROCESS] [cadence.virtuoso.ade.simulationMonitor] - Started Simulation {"hostname": "il2244vt26_hrahimi", "processid": 515648, "history": "Interactive.254", "testname": "Potentiostat_7_CA_TIA_Front_tb_calib_1", "cornername": "Nominal", "point": 1, "logfile": "/home/hrahimi/projects/POTENTIOSTAT_26/logs_hrahimi/logs0/Job124.log", "event": "started", "task": "simulation"}
[2026-05-28 12:16:17.162 Z] [WARN] [cadence.virtuoso.ade.simulationMonitor] -     WARNING (SPECTRE-691): This CPU processor does not support x86 advanced vector extensions instructions. This may affect math operations and slow down the simulation. {"history": "Interactive.254", "point": 1, "testname": "Potentiostat_7_CA_TIA_Front_tb_calib_1", "cornername": "Nominal"}
[2026-05-28 12:16:17.162 Z] [INFO] [cadence.virtuoso.ade.simulationMonitor] - Notice from spectre during circuit read-in.
    Pre_Configuration file used: /opt/tools/cadence/installs/SPECTRE241/tools.lnx86/spectre/etc/configs/preset.precfg
    Configuration file used: `/opt/tools/cadence/installs/SPECTRE241/tools.lnx86/spectre/etc/configs/preset.cfg'. {"history": "Interactive.254", "point": 1, "testname": "Potentiostat_7_CA_TIA_Front_tb_calib_1", "cornername": "Nominal"}
[2026-05-28 12:16:17.163 Z] [WARN] [cadence.virtuoso.ade.simulationMonitor] -     WARNING (SPECTRE-8360): line 1511: `ac' is an undefined primitive device. {"history": "Interactive.254", "point": 1, "testname": "Potentiostat_7_CA_TIA_Front_tb_calib_1", "cornername": "Nominal"}
[2026-05-28 12:16:17.163 Z] [WARN] [cadence.virtuoso.ade.simulationMonitor] -     WARNING (SPECTRE-8360): line 1512: `ac' is an undefined primitive device. {"history": "Interactive.254", "point": 1, "testname": "Potentiostat_7_CA_TIA_Front_tb_calib_1", "cornername": "Nominal"}
[2026-05-28 12:16:17.163 Z] [WARN] [cadence.virtuoso.ade.simulationMonitor] -     WARNING (SPECTRE-8360): line 1513: `ac' is an undefined primitive device. {"history": "Interactive.254", "point": 1, "testname": "Potentiostat_7_CA_TIA_Front_tb_calib_1", "cornername": "Nominal"}
[2026-05-28 12:16:17.163 Z] [WARN] [cadence.virtuoso.ade.simulationMonitor] -     WARNING (SPECTRE-8360): line 1514: `ac' is an undefined primitive device. {"history": "Interactive.254", "point": 1, "testname": "Potentiostat_7_CA_TIA_Front_tb_calib_1", "cornername": "Nominal"}
[2026-05-28 12:16:17.163 Z] [WARN] [cadence.virtuoso.ade.simulationMonitor] -     WARNING (SPECTRE-8360): line 1515: `ac' is an undefined primitive device.
        Further occurrences of this warning will be suppressed. {"history": "Interactive.254", "point": 1, "testname": "Potentiostat_7_CA_TIA_Front_tb_calib_1", "cornername": "Nominal"}
[2026-05-28 12:16:17.163 Z] [WARN] [cadence.virtuoso.ade.simulationMonitor] -     WARNING (VACOMP-2435): The environment variable CDS_AHDLCMI_ENABLE is no longer supported. Therefore, the simulator will use the default compiled C code flow. {"history": "Interactive.254", "point": 1, "testname": "Potentiostat_7_CA_TIA_Front_tb_calib_1", "cornername": "Nominal"}
[2026-05-28 12:16:17.664 Z] [INFO] [cadence.virtuoso.ade.simulationMonitor] - Peak resident memory used = 206 Mbytes. {"history": "Interactive.254", "point": 1, "testname": "Potentiostat_7_CA_TIA_Front_tb_calib_1", "cornername": "Nominal"}
[2026-05-28 12:16:19.165 Z] [WARN] [cadence.virtuoso.ade.simulationMonitor] -     WARNING (SFE-3014): The floating device I2.V0 is removed. {"history": "Interactive.254", "point": 1, "testname": "Potentiostat_7_CA_TIA_Front_tb_calib_1", "cornername": "Nominal"}
[2026-05-28 12:16:19.165 Z] [WARN] [cadence.virtuoso.ade.simulationMonitor] -     WARNING (SFE-3028): The floating resistor R8 is removed. {"history": "Interactive.254", "point": 1, "testname": "Potentiostat_7_CA_TIA_Front_tb_calib_1", "cornername": "Nominal"}
[2026-05-28 12:16:19.166 Z] [WARN] [cadence.virtuoso.ade.simulationMonitor] -     WARNING (SFE-3029): The dummy capacitor I2.I25.I28.c1066 is removed. {"history": "Interactive.254", "point": 1, "testname": "Potentiostat_7_CA_TIA_Front_tb_calib_1", "cornername": "Nominal"}
[2026-05-28 12:16:19.166 Z] [WARN] [cadence.virtuoso.ade.simulationMonitor] -     WARNING (SFE-3012): The dummy device I2.I56.MP11<0>_turbo_m4 is removed. {"history": "Interactive.254", "point": 1, "testname": "Potentiostat_7_CA_TIA_Front_tb_calib_1", "cornername": "Nominal"}
[2026-05-28 12:16:19.166 Z] [WARN] [cadence.virtuoso.ade.simulationMonitor] -     WARNING (SFE-3012): The dummy device I2.I56.Q2<0>_turbo_m32 is removed. {"history": "Interactive.254", "point": 1, "testname": "Potentiostat_7_CA_TIA_Front_tb_calib_1", "cornername": "Nominal"}
[2026-05-28 12:16:19.166 Z] [WARN] [cadence.virtuoso.ade.simulationMonitor] -     WARNING (SFE-3012): The dummy device I0.I16.DLIB12 is removed. {"history": "Interactive.254", "point": 1, "testname": "Potentiostat_7_CA_TIA_Front_tb_calib_1", "cornername": "Nominal"}
[2026-05-28 12:16:19.166 Z] [WARN] [cadence.virtuoso.ade.simulationMonitor] -     WARNING (SFE-3012): The dummy device I0.I16.DLIB10 is removed. {"history": "Interactive.254", "point": 1, "testname": "Potentiostat_7_CA_TIA_Front_tb_calib_1", "cornername": "Nominal"}
[2026-05-28 12:16:19.167 Z] [WARN] [cadence.virtuoso.ade.simulationMonitor] -     WARNING (SFE-3012): The dummy device I0.I0.DLIB6 is removed.
        Further occurrences of this warning will be suppressed. {"history": "Interactive.254", "point": 1, "testname": "Potentiostat_7_CA_TIA_Front_tb_calib_1", "cornername": "Nominal"}
[2026-05-28 12:16:19.167 Z] [WARN] [cadence.virtuoso.ade.simulationMonitor] -     WARNING (SFE-3015): The dangling node I2.net5 is removed. {"history": "Interactive.254", "point": 1, "testname": "Potentiostat_7_CA_TIA_Front_tb_calib_1", "cornername": "Nominal"}
[2026-05-28 12:16:19.167 Z] [WARN] [cadence.virtuoso.ade.simulationMonitor] -     WARNING (SFE-3016): The floating node net74 is removed. {"history": "Interactive.254", "point": 1, "testname": "Potentiostat_7_CA_TIA_Front_tb_calib_1", "cornername": "Nominal"}
[2026-05-28 12:16:19.167 Z] [WARN] [cadence.virtuoso.ade.simulationMonitor] -     WARNING (SFE-3016): The floating node net73 is removed. {"history": "Interactive.254", "point": 1, "testname": "Potentiostat_7_CA_TIA_Front_tb_calib_1", "cornername": "Nominal"}
[2026-05-28 12:16:19.167 Z] [WARN] [cadence.virtuoso.ade.simulationMonitor] -     WARNING (SFE-3015): The dangling node I2.net3 is removed. {"history": "Interactive.254", "point": 1, "testname": "Potentiostat_7_CA_TIA_Front_tb_calib_1", "cornername": "Nominal"}
[2026-05-28 12:16:19.168 Z] [INFO] [cadence.virtuoso.ade.simulationMonitor] - Notice from spectre during hierarchy flattening.
    The value 'psf' specified for the 'checklimitdest' option will no longer be supported in future releases. Use 'spectre -h' to see other recommended values for the 'checklimitdest' option.
    Spectre X Parasitic Optimization enabled.
    Parasitic optimization will filter out parasitic nodes, nodes only connected to RCs, by default. To view individual parasitic nodes use individual save statements (i.e. save out), or use the 'savefilter=none' option to s... {"history": "Interactive.254", "point": 1, "testname": "Potentiostat_7_CA_TIA_Front_tb_calib_1", "cornername": "Nominal"}
[2026-05-28 12:16:19.168 Z] [INFO] [cadence.virtuoso.ade.simulationMonitor] - Peak resident memory used = 244 Mbytes. {"history": "Interactive.254", "point": 1, "testname": "Potentiostat_7_CA_TIA_Front_tb_calib_1", "cornername": "Nominal"}
[2026-05-28 12:16:19.168 Z] [INFO] [cadence.virtuoso.ade.simulationMonitor] - Notice from spectre during hierarchy flattening.
    The value 'psf' specified for the 'checklimitdest' option will no longer be supported in future releases. Use 'spectre -h' to see other recommended values for the 'checklimitdest' option. {"history": "Interactive.254", "point": 1, "testname": "Potentiostat_7_CA_TIA_Front_tb_calib_1", "cornername": "Nominal"}
[2026-05-28 12:16:20.168 Z] [INFO] [cadence.virtuoso.ade.simulationMonitor] - Notice from spectre during hierarchy flattening.
    V3: `period' has the unusually large value of 6 s.
    L0: `l' has the unusually small value of 0 H.
    I26: `period' has the unusually large value of 6 s. {"history": "Interactive.254", "point": 1, "testname": "Potentiostat_7_CA_TIA_Front_tb_calib_1", "cornername": "Nominal"}
[2026-05-28 12:16:20.169 Z] [INFO] [cadence.virtuoso.ade.simulationMonitor] - Peak resident memory used = 259 Mbytes. {"history": "Interactive.254", "point": 1, "testname": "Potentiostat_7_CA_TIA_Front_tb_calib_1", "cornername": "Nominal"}
[2026-05-28 12:16:20.169 Z] [WARN] [cadence.virtuoso.ade.simulationMonitor] -     WARNING (CMI-2425): I2.I25.I33.C0: `Acde' = 2.393 is unusually large. {"history": "Interactive.254", "point": 1, "testname": "Potentiostat_7_CA_TIA_Front_tb_calib_1", "cornername": "Nominal"}
[2026-05-28 12:16:20.169 Z] [WARN] [cadence.virtuoso.ade.simulationMonitor] -     WARNING (CMI-2425): I2.I25.I33.C0: `Noff' = 4.732 is unusually large. {"history": "Interactive.254", "point": 1, "testname": "Potentiostat_7_CA_TIA_Front_tb_calib_1", "cornername": "Nominal"}
[2026-05-28 12:16:20.170 Z] [WARN] [cadence.virtuoso.ade.simulationMonitor] -     WARNING (CMI-2424): I2.I25.I33.C0: `Voffcv' = -867.4e-03 is unusually small. {"history": "Interactive.254", "point": 1, "testname": "Potentiostat_7_CA_TIA_Front_tb_calib_1", "cornername": "Nominal"}
[2026-05-28 12:16:20.170 Z] [WARN] [cadence.virtuoso.ade.simulationMonitor] -     WARNING (CMI-2425): I2.I69.I1.C0: `Acde' = 2.393 is unusually large. {"history": "Interactive.254", "point": 1, "testname": "Potentiostat_7_CA_TIA_Front_tb_calib_1", "cornername": "Nominal"}
[2026-05-28 12:16:20.170 Z] [WARN] [cadence.virtuoso.ade.simulationMonitor] -     WARNING (CMI-2425): I2.I69.I1.C0: `Noff' = 4.732 is unusually large. {"history": "Interactive.254", "point": 1, "testname": "Potentiostat_7_CA_TIA_Front_tb_calib_1", "cornername": "Nominal"}
[2026-05-28 12:16:20.170 Z] [WARN] [cadence.virtuoso.ade.simulationMonitor] -     WARNING (CMI-2424): I2.I69.I1.C0: `Voffcv' = -867.4e-03 is unusually small. {"history": "Interactive.254", "point": 1, "testname": "Potentiostat_7_CA_TIA_Front_tb_calib_1", "cornername": "Nominal"}
[2026-05-28 12:16:20.171 Z] [WARN] [cadence.virtuoso.ade.simulationMonitor] -     WARNING (CMI-2425): I2.I69.I0.C1: `Acde' = 2.393 is unusually large.
        Further occurrences of this warning will be suppressed. {"history": "Interactive.254", "point": 1, "testname": "Potentiostat_7_CA_TIA_Front_tb_calib_1", "cornername": "Nominal"}
[2026-05-28 12:16:20.171 Z] [WARN] [cadence.virtuoso.ade.simulationMonitor] -     WARNING (CMI-2424): I2.I69.I0.C1: `Voffcv' = -867.4e-03 is unusually small. {"history": "Interactive.254", "point": 1, "testname": "Potentiostat_7_CA_TIA_Front_tb_calib_1", "cornername": "Nominal"}
[2026-05-28 12:16:20.171 Z] [WARN] [cadence.virtuoso.ade.simulationMonitor] -     WARNING (CMI-2424): I2.I69.I0.C2: `Voffcv' = -867.4e-03 is unusually small. {"history": "Interactive.254", "point": 1, "testname": "Potentiostat_7_CA_TIA_Front_tb_calib_1", "cornername": "Nominal"}
[2026-05-28 12:16:20.171 Z] [WARN] [cadence.virtuoso.ade.simulationMonitor] -     WARNING (CMI-2424): I2.I69.I0.C0(0): `Voffcv' = -867.4e-03 is unusually small.
        Further occurrences of this warning will be suppressed. {"history": "Interactive.254", "point": 1, "testname": "Potentiostat_7_CA_TIA_Front_tb_calib_1", "cornername": "Nominal"}
[2026-05-28 12:16:21.673 Z] [WARN] [cadence.virtuoso.ade.simulationMonitor] -     WARNING (SPECTRE-17607): Assert `SOAC_vert10_vsubpsub' is ignored because it contains an expression which is invalid or not supported by native evaluator.  {"history": "Interactive.254", "point": 1, "testname": "Potentiostat_7_CA_TIA_Front_tb_calib_1", "cornername": "Nominal"}
[2026-05-28 12:16:21.673 Z] [WARN] [cadence.virtuoso.ade.simulationMonitor] -     WARNING (SPECTRE-17607): Assert `SOAC_vert10_vcsub' is ignored because it contains an expression which is invalid or not supported by native evaluator.  {"history": "Interactive.254", "point": 1, "testname": "Potentiostat_7_CA_TIA_Front_tb_calib_1", "cornername": "Nominal"}
[2026-05-28 12:16:21.673 Z] [WARN] [cadence.virtuoso.ade.simulationMonitor] -     WARNING (SPECTRE-16460): SOAC_cvarm_vspsub:Specified subcircuit master `cvarm' was not found. {"history": "Interactive.254", "point": 1, "testname": "Potentiostat_7_CA_TIA_Front_tb_calib_1", "cornername": "Nominal"}
[2026-05-28 12:16:21.673 Z] [WARN] [cadence.virtuoso.ade.simulationMonitor] -     WARNING (SPECTRE-16462): SOAC_cvarm_vspsub:Error in specification of subcircuit master. Assert is ignored. {"history": "Interactive.254", "point": 1, "testname": "Potentiostat_7_CA_TIA_Front_tb_calib_1", "cornername": "Nominal"}
[2026-05-28 12:16:21.674 Z] [WARN] [cadence.virtuoso.ade.simulationMonitor] -     WARNING (SPECTRE-16460): SOAC_cvarm_vbs:Specified subcircuit master `cvarm' was not found. {"history": "Interactive.254", "point": 1, "testname": "Potentiostat_7_CA_TIA_Front_tb_calib_1", "cornername": "Nominal"}
[2026-05-28 12:16:21.674 Z] [WARN] [cadence.virtuoso.ade.simulationMonitor] -     WARNING (SPECTRE-16462): SOAC_cvarm_vbs:Error in specification of subcircuit master. Assert is ignored. {"history": "Interactive.254", "point": 1, "testname": "Potentiostat_7_CA_TIA_Front_tb_calib_1", "cornername": "Nominal"}
[2026-05-28 12:16:21.674 Z] [WARN] [cadence.virtuoso.ade.simulationMonitor] -     WARNING (SPECTRE-16460): SOAC_cvarm_vgb:Specified subcircuit master `cvarm' was not found. {"history": "Interactive.254", "point": 1, "testname": "Potentiostat_7_CA_TIA_Front_tb_calib_1", "cornername": "Nominal"}
[2026-05-28 12:16:21.674 Z] [WARN] [cadence.virtuoso.ade.simulationMonitor] -     WARNING (SPECTRE-16462): SOAC_cvarm_vgb:Error in specification of subcircuit master. Assert is ignored. {"history": "Interactive.254", "point": 1, "testname": "Potentiostat_7_CA_TIA_Front_tb_calib_1", "cornername": "Nominal"}
[2026-05-28 12:16:21.674 Z] [WARN] [cadence.virtuoso.ade.simulationMonitor] -     WARNING (SPECTRE-16460): SOAC_cvart_vspsub:Specified subcircuit master `cvart' was not found. {"history": "Interactive.254", "point": 1, "testname": "Potentiostat_7_CA_TIA_Front_tb_calib_1", "cornername": "Nominal"}
[2026-05-28 12:16:21.674 Z] [WARN] [cadence.virtuoso.ade.simulationMonitor] -     WARNING (SPECTRE-16462): SOAC_cvart_vspsub:Error in specification of subcircuit master. Assert is ignored. {"history": "Interactive.254", "point": 1, "testname": "Potentiostat_7_CA_TIA_Front_tb_calib_1", "cornername": "Nominal"}
[2026-05-28 12:16:21.675 Z] [WARN] [cadence.virtuoso.ade.simulationMonitor] -     WARNING (SPECTRE-16460): SOAC_cvart_vbs:Specified subcircuit master `cvart' was not found.
        Further occurrences of this warning will be suppressed. {"history": "Interactive.254", "point": 1, "testname": "Potentiostat_7_CA_TIA_Front_tb_calib_1", "cornername": "Nominal"}
[2026-05-28 12:16:21.675 Z] [WARN] [cadence.virtuoso.ade.simulationMonitor] -     WARNING (SPECTRE-16462): SOAC_cvart_vbs:Error in specification of subcircuit master. Assert is ignored.
        Further occurrences of this warning will be suppressed. {"history": "Interactive.254", "point": 1, "testname": "Potentiostat_7_CA_TIA_Front_tb_calib_1", "cornername": "Nominal"}
[2026-05-28 12:16:22.175 Z] [INFO] [cadence.virtuoso.ade.simulationMonitor] - Notice from spectre during topology check.
    Only one connection to the following 1844 nodes:
        I2.I70.avD43_1.psub!
        I2.I70.I0|M_i_1.psub!
        I2.I70.I0|M_i_0.psub!
        I2.I70.MN0_1__rcx.psub!
        I2.I70.MN0.psub!
        Further occurrences of this notice will be suppressed. {"history": "Interactive.254", "point": 1, "testname": "Potentiostat_7_CA_TIA_Front_tb_calib_1", "cornername": "Nominal"}
[2026-05-28 12:16:23.676 Z] [WARN] [cadence.virtuoso.ade.simulationMonitor] -     WARNING (SPECTRE-592): Following parameters are disabled because they are ignored or redefined in Spectre X:
        Option Parameters:
          reltol
        
         {"history": "Interactive.254", "point": 1, "testname": "Potentiostat_7_CA_TIA_Front_tb_calib_1", "cornername": "Nominal"}
[2026-05-28 12:16:23.679 Z] [INFO] [cadence.virtuoso.ade.simulationMonitor] -               nodes 15186 {"history": "Interactive.254", "point": 1, "testname": "Potentiostat_7_CA_TIA_Front_tb_calib_1", "cornername": "Nominal"}
[2026-05-28 12:16:23.679 Z] [INFO] [cadence.virtuoso.ade.simulationMonitor] - Notice from spectre during initial setup.
    7 resistors are shorted because their absolute value is less than or equal to 'rabsshort'.
    3 vsources are shorted because their absolute value is less than or equal to 'vabsshort'.
    Spectre X preset=vx enabled.
    1 notice suppressed.
    120 warnings suppressed. {"history": "Interactive.254", "point": 1, "testname": "Potentiostat_7_CA_TIA_Front_tb_calib_1", "cornername": "Nominal"}
[2026-05-28 12:16:23.680 Z] [INFO] [cadence.virtuoso.ade.simulationMonitor] - Notice from spectre.
    Multithreading enabled: 8 threads in the system with 48 available processors. {"history": "Interactive.254", "point": 1, "testname": "Potentiostat_7_CA_TIA_Front_tb_calib_1", "cornername": "Nominal"}
[2026-05-28 12:16:23.680 Z] [INFO] [cadence.virtuoso.ade.simulationMonitor] - Peak resident memory used = 328 Mbytes. {"history": "Interactive.254", "point": 1, "testname": "Potentiostat_7_CA_TIA_Front_tb_calib_1", "cornername": "Nominal"}
[2026-05-28 12:16:23.680 Z] [INFO] [cadence.virtuoso.ade.simulationMonitor] -    -   (Spectre X) Multi-threading. The recommended number of threads is [4, 8], consider adding +mt=4 or +mt=8 on command line. {"history": "Interactive.254", "point": 1, "testname": "Potentiostat_7_CA_TIA_Front_tb_calib_1", "cornername": "Nominal"}
[2026-05-28 12:16:25.181 Z] [INFO] [cadence.virtuoso.ade.simulationMonitor] - Notice from spectre during DC analysis `dcOp'.
    No checklimit analysis defined for asserts. A default checklimit analysis 'SpectreChecklimitAnal' has been created with all asserts enabled. {"history": "Interactive.254", "point": 1, "testname": "Potentiostat_7_CA_TIA_Front_tb_calib_1", "cornername": "Nominal"}
[2026-05-28 12:16:26.683 Z] [WARN] [cadence.virtuoso.ade.simulationMonitor] -     WARNING (CMI-2943): Parameter checks have been ignored because the valid value for parameter 'trise' could not be found in 'I2.I56.C2<0>_turbo_m4.C0'. {"history": "Interactive.254", "point": 1, "testname": "Potentiostat_7_CA_TIA_Front_tb_calib_1", "cornername": "Nominal"}
[2026-05-28 12:16:26.683 Z] [WARN] [cadence.virtuoso.ade.simulationMonitor] -     WARNING (CMI-2943): Parameter checks have been ignored because the valid value for parameter 'trise' could not be found in 'I2.I56.I3.C0|C0'. {"history": "Interactive.254", "point": 1, "testname": "Potentiostat_7_CA_TIA_Front_tb_calib_1", "cornername": "Nominal"}
[2026-05-28 12:16:26.683 Z] [WARN] [cadence.virtuoso.ade.simulationMonitor] -     WARNING (CMI-2943): Parameter checks have been ignored because the valid value for parameter 'trise' could not be found in 'I2.I56.C0.C0'. {"history": "Interactive.254", "point": 1, "testname": "Potentiostat_7_CA_TIA_Front_tb_calib_1", "cornername": "Nominal"}
[2026-05-28 12:16:26.683 Z] [WARN] [cadence.virtuoso.ade.simulationMonitor] -     WARNING (CMI-2943): Parameter checks have been ignored because the valid value for parameter 'trise' could not be found in 'I2.I69.I2.C0|C0'. {"history": "Interactive.254", "point": 1, "testname": "Potentiostat_7_CA_TIA_Front_tb_calib_1", "cornername": "Nominal"}
[2026-05-28 12:16:26.684 Z] [WARN] [cadence.virtuoso.ade.simulationMonitor] -     WARNING (CMI-2943): Parameter checks have been ignored because the valid value for parameter 'trise' could not be found in 'I2.I25.I33.C5(0)|C0'.
        Further occurrences of this warning will be suppressed. {"history": "Interactive.254", "point": 1, "testname": "Potentiostat_7_CA_TIA_Front_tb_calib_1", "cornername": "Nominal"}
[2026-05-28 12:16:26.684 Z] [INFO] [cadence.virtuoso.ade.simulationMonitor] - Notice from spectre during check, during DC analysis `dcOp'.
    I0.I4.RLIB_GC1 of rdiffp3: `ig' has the unusually large value of -3.16599 nA.
    I0.I5.RLIB_GC1 of rdiffp3: `ig' has the unusually large value of -89.0476 A.
    I0.I5.RLIB_GC2 of rdiffp3: `ig' has the unusually large value of -56.0269 A.
    I0.I3.RLIB_GC1 of rdiffp3: `ig' has the unusually large value of -89.0476 A.
    I0.I3.RLIB_GC2 of rdiffp3: `ig' has the unusually large value of -3.73786 nA.
        Further occurrences of this notice ... {"history": "Interactive.254", "point": 1, "testname": "Potentiostat_7_CA_TIA_Front_tb_calib_1", "cornername": "Nominal"}
[2026-05-28 12:16:26.684 Z] [INFO] [cadence.virtuoso.ade.simulationMonitor] - Total time required for dc analysis `dcOp': CPU = 7.22679 s, elapsed = 2.90432 s, util. = 249%. {"history": "Interactive.254", "point": 1, "testname": "Potentiostat_7_CA_TIA_Front_tb_calib_1", "cornername": "Nominal"}
[2026-05-28 12:16:26.684 Z] [INFO] [cadence.virtuoso.ade.simulationMonitor] - Peak resident memory used = 366 Mbytes. {"history": "Interactive.254", "point": 1, "testname": "Potentiostat_7_CA_TIA_Front_tb_calib_1", "cornername": "Nominal"}
[2026-05-28 12:16:26.684 Z] [INFO] [cadence.virtuoso.ade.simulationMonitor] - Notice from spectre.
    4 notices suppressed.
    407 warnings suppressed. {"history": "Interactive.254", "point": 1, "testname": "Potentiostat_7_CA_TIA_Front_tb_calib_1", "cornername": "Nominal"}
[2026-05-28 12:16:27.185 Z] [WARN] [cadence.virtuoso.ade.simulationMonitor] -     WARNING (SPECTRE-16518): An arithmetic exception occurred in analysis `dcOpInfo' . Use `+diagnose' command-line option to get more information. {"history": "Interactive.254", "point": 1, "testname": "Potentiostat_7_CA_TIA_Front_tb_calib_1", "cornername": "Nominal"}
[2026-05-28 12:16:27.685 Z] [WARN] [cadence.virtuoso.ade.simulationMonitor] -     WARNING (CMI-2943): Parameter checks have been ignored because the valid value for parameter 'trise' could not be found in 'I2.I56.C2<0>_turbo_m4.C0'. {"history": "Interactive.254", "point": 1, "testname": "Potentiostat_7_CA_TIA_Front_tb_calib_1", "cornername": "Nominal"}
[2026-05-28 12:16:27.686 Z] [WARN] [cadence.virtuoso.ade.simulationMonitor] -     WARNING (CMI-2943): Parameter checks have been ignored because the valid value for parameter 'trise' could not be found in 'I2.I56.I3.C0|C0'. {"history": "Interactive.254", "point": 1, "testname": "Potentiostat_7_CA_TIA_Front_tb_calib_1", "cornername": "Nominal"}
[2026-05-28 12:16:27.686 Z] [WARN] [cadence.virtuoso.ade.simulationMonitor] -     WARNING (CMI-2943): Parameter checks have been ignored because the valid value for parameter 'trise' could not be found in 'I2.I56.C0.C0'. {"history": "Interactive.254", "point": 1, "testname": "Potentiostat_7_CA_TIA_Front_tb_calib_1", "cornername": "Nominal"}
[2026-05-28 12:16:27.686 Z] [WARN] [cadence.virtuoso.ade.simulationMonitor] -     WARNING (CMI-2943): Parameter checks have been ignored because the valid value for parameter 'trise' could not be found in 'I2.I69.I2.C0|C0'. {"history": "Interactive.254", "point": 1, "testname": "Potentiostat_7_CA_TIA_Front_tb_calib_1", "cornername": "Nominal"}
[2026-05-28 12:16:27.686 Z] [WARN] [cadence.virtuoso.ade.simulationMonitor] -     WARNING (CMI-2943): Parameter checks have been ignored because the valid value for parameter 'trise' could not be found in 'I2.I25.I33.C5(0)|C0'.
        Further occurrences of this warning will be suppressed. {"history": "Interactive.254", "point": 1, "testname": "Potentiostat_7_CA_TIA_Front_tb_calib_1", "cornername": "Nominal"}
[2026-05-28 12:16:27.687 Z] [INFO] [cadence.virtuoso.ade.simulationMonitor] - Notice from spectre during check, during IC analysis, during transient analysis `tran'.
    I0.I4.RLIB_GC1 of rdiffp3: `ig' has the unusually large value of -3.16599 nA.
    I0.I5.RLIB_GC1 of rdiffp3: `ig' has the unusually large value of -89.0476 A.
    I0.I5.RLIB_GC2 of rdiffp3: `ig' has the unusually large value of -56.0269 A.
    I0.I3.RLIB_GC1 of rdiffp3: `ig' has the unusually large value of -89.0476 A.
    I0.I3.RLIB_GC2 of rdiffp3: `ig' has the unusually large value of -3.73786 nA.
        Further ... {"history": "Interactive.254", "point": 1, "testname": "Potentiostat_7_CA_TIA_Front_tb_calib_1", "cornername": "Nominal"}
[2026-05-28 12:16:27.687 Z] [INFO] [cadence.virtuoso.ade.simulationMonitor] - Notice from spectre during transient analysis `tran'.
    Output compression for transient analysis is enabled. {"history": "Interactive.254", "point": 1, "testname": "Potentiostat_7_CA_TIA_Front_tb_calib_1", "cornername": "Nominal"}
[2026-05-28 12:16:30.188 Z] [INFO] [cadence.virtuoso.ade.simulationMonitor] - Total time required for tran analysis `tran': CPU = 18.4585 s, elapsed = 3.28811 s, util. = 561%. {"history": "Interactive.254", "point": 1, "testname": "Potentiostat_7_CA_TIA_Front_tb_calib_1", "cornername": "Nominal"}
[2026-05-28 12:16:30.188 Z] [INFO] [cadence.virtuoso.ade.simulationMonitor] - Peak resident memory used = 394 Mbytes. {"history": "Interactive.254", "point": 1, "testname": "Potentiostat_7_CA_TIA_Front_tb_calib_1", "cornername": "Nominal"}
[2026-05-28 12:16:30.189 Z] [INFO] [cadence.virtuoso.ade.simulationMonitor] - Notice from spectre.
    4 notices suppressed.
    407 warnings suppressed. {"history": "Interactive.254", "point": 1, "testname": "Potentiostat_7_CA_TIA_Front_tb_calib_1", "cornername": "Nominal"}
[2026-05-28 12:16:30.189 Z] [WARN] [cadence.virtuoso.ade.simulationMonitor] -     WARNING (SPECTRE-16518): An arithmetic exception occurred in analysis `finalTimeOP' . Use `+diagnose' command-line option to get more information. {"history": "Interactive.254", "point": 1, "testname": "Potentiostat_7_CA_TIA_Front_tb_calib_1", "cornername": "Nominal"}
[2026-05-28 12:16:32.190 Z] [WARN] [cadence.virtuoso.ade.simulationMonitor] -     WARNING (CMI-2425): I2.I25.I22.C2: `Acde' = 2.393 is unusually large. {"history": "Interactive.254", "point": 1, "testname": "Potentiostat_7_CA_TIA_Front_tb_calib_1", "cornername": "Nominal"}
[2026-05-28 12:16:32.191 Z] [WARN] [cadence.virtuoso.ade.simulationMonitor] -     WARNING (CMI-2425): I2.I25.I22.C2: `Noff' = 4.732 is unusually large. {"history": "Interactive.254", "point": 1, "testname": "Potentiostat_7_CA_TIA_Front_tb_calib_1", "cornername": "Nominal"}
[2026-05-28 12:16:32.191 Z] [WARN] [cadence.virtuoso.ade.simulationMonitor] -     WARNING (CMI-2424): I2.I25.I22.C2: `Voffcv' = -867.4e-03 is unusually small. {"history": "Interactive.254", "point": 1, "testname": "Potentiostat_7_CA_TIA_Front_tb_calib_1", "cornername": "Nominal"}
[2026-05-28 12:16:32.191 Z] [WARN] [cadence.virtuoso.ade.simulationMonitor] -     WARNING (CMI-2425): I2.I25.I33.C0: `Acde' = 2.393 is unusually large. {"history": "Interactive.254", "point": 1, "testname": "Potentiostat_7_CA_TIA_Front_tb_calib_1", "cornername": "Nominal"}
[2026-05-28 12:16:32.191 Z] [WARN] [cadence.virtuoso.ade.simulationMonitor] -     WARNING (CMI-2425): I2.I25.I33.C0: `Noff' = 4.732 is unusually large. {"history": "Interactive.254", "point": 1, "testname": "Potentiostat_7_CA_TIA_Front_tb_calib_1", "cornername": "Nominal"}
[2026-05-28 12:16:32.191 Z] [WARN] [cadence.virtuoso.ade.simulationMonitor] -     WARNING (CMI-2424): I2.I25.I33.C0: `Voffcv' = -867.4e-03 is unusually small. {"history": "Interactive.254", "point": 1, "testname": "Potentiostat_7_CA_TIA_Front_tb_calib_1", "cornername": "Nominal"}
[2026-05-28 12:16:32.192 Z] [WARN] [cadence.virtuoso.ade.simulationMonitor] -     WARNING (CMI-2425): I2.I69.I1.C0: `Acde' = 2.393 is unusually large.
        Further occurrences of this warning will be suppressed. {"history": "Interactive.254", "point": 1, "testname": "Potentiostat_7_CA_TIA_Front_tb_calib_1", "cornername": "Nominal"}
[2026-05-28 12:16:32.192 Z] [WARN] [cadence.virtuoso.ade.simulationMonitor] -     WARNING (CMI-2424): I2.I69.I1.C0: `Voffcv' = -867.4e-03 is unusually small. {"history": "Interactive.254", "point": 1, "testname": "Potentiostat_7_CA_TIA_Front_tb_calib_1", "cornername": "Nominal"}
[2026-05-28 12:16:32.192 Z] [WARN] [cadence.virtuoso.ade.simulationMonitor] -     WARNING (CMI-2424): I2.I69.I0.C1: `Voffcv' = -867.4e-03 is unusually small. {"history": "Interactive.254", "point": 1, "testname": "Potentiostat_7_CA_TIA_Front_tb_calib_1", "cornername": "Nominal"}
[2026-05-28 12:16:32.192 Z] [WARN] [cadence.virtuoso.ade.simulationMonitor] -     WARNING (CMI-2424): I2.I69.I0.C2: `Voffcv' = -867.4e-03 is unusually small.
        Further occurrences of this warning will be suppressed. {"history": "Interactive.254", "point": 1, "testname": "Potentiostat_7_CA_TIA_Front_tb_calib_1", "cornername": "Nominal"}
[2026-05-28 12:16:34.193 Z] [INFO] [cadence.virtuoso.ade.simulationMonitor] - Notice from spectre during DC analysis, during AC analysis `ac'.
    Bad pivoting is found during DC analysis. Option dc_pivot_check=yes is recommended for possible improvement of convergence. {"history": "Interactive.254", "point": 1, "testname": "Potentiostat_7_CA_TIA_Front_tb_calib_1", "cornername": "Nominal"}
[2026-05-28 12:16:34.193 Z] [WARN] [cadence.virtuoso.ade.simulationMonitor] -     WARNING (CMI-2943): Parameter checks have been ignored because the valid value for parameter 'trise' could not be found in 'I2.I56.C2<0>_turbo_m4.C0'. {"history": "Interactive.254", "point": 1, "testname": "Potentiostat_7_CA_TIA_Front_tb_calib_1", "cornername": "Nominal"}
[2026-05-28 12:16:34.193 Z] [WARN] [cadence.virtuoso.ade.simulationMonitor] -     WARNING (CMI-2943): Parameter checks have been ignored because the valid value for parameter 'trise' could not be found in 'I2.I56.I3.C0|C0'. {"history": "Interactive.254", "point": 1, "testname": "Potentiostat_7_CA_TIA_Front_tb_calib_1", "cornername": "Nominal"}
[2026-05-28 12:16:34.194 Z] [WARN] [cadence.virtuoso.ade.simulationMonitor] -     WARNING (CMI-2943): Parameter checks have been ignored because the valid value for parameter 'trise' could not be found in 'I2.I56.C0.C0'. {"history": "Interactive.254", "point": 1, "testname": "Potentiostat_7_CA_TIA_Front_tb_calib_1", "cornername": "Nominal"}
[2026-05-28 12:16:34.194 Z] [WARN] [cadence.virtuoso.ade.simulationMonitor] -     WARNING (CMI-2943): Parameter checks have been ignored because the valid value for parameter 'trise' could not be found in 'I2.I69.I2.C0|C0'. {"history": "Interactive.254", "point": 1, "testname": "Potentiostat_7_CA_TIA_Front_tb_calib_1", "cornername": "Nominal"}
[2026-05-28 12:16:34.194 Z] [WARN] [cadence.virtuoso.ade.simulationMonitor] -     WARNING (CMI-2943): Parameter checks have been ignored because the valid value for parameter 'trise' could not be found in 'I2.I25.I33.C5(0)|C0'.
        Further occurrences of this warning will be suppressed. {"history": "Interactive.254", "point": 1, "testname": "Potentiostat_7_CA_TIA_Front_tb_calib_1", "cornername": "Nominal"}
[2026-05-28 12:16:34.194 Z] [INFO] [cadence.virtuoso.ade.simulationMonitor] - Notice from spectre during check, during DC analysis, during AC analysis `ac'.
    I0.I4.RLIB_GC1 of rdiffp3: `ig' has the unusually large value of -27.9044 A.
    I0.I4.RLIB_GC2 of rdiffp3: `ig' has the unusually large value of -27.9044 A.
    I0.I5.RLIB_GC1 of rdiffp3: `ig' has the unusually large value of -27.9044 A.
    I0.I5.RLIB_GC2 of rdiffp3: `ig' has the unusually large value of -89.0474 A.
    I0.I3.RLIB_GC1 of rdiffp3: `ig' has the unusually large value of -7.06475 A.
        Further occurrences... {"history": "Interactive.254", "point": 1, "testname": "Potentiostat_7_CA_TIA_Front_tb_calib_1", "cornername": "Nominal"}
[2026-05-28 12:16:38.696 Z] [INFO] [cadence.virtuoso.ade.simulationMonitor] - Total time required for ac analysis `ac': CPU = 24.2173 s, elapsed = 6.5503 s, util. = 370%. {"history": "Interactive.254", "point": 1, "testname": "Potentiostat_7_CA_TIA_Front_tb_calib_1", "cornername": "Nominal"}
[2026-05-28 12:16:38.697 Z] [INFO] [cadence.virtuoso.ade.simulationMonitor] - Peak resident memory used = 417 Mbytes. {"history": "Interactive.254", "point": 1, "testname": "Potentiostat_7_CA_TIA_Front_tb_calib_1", "cornername": "Nominal"}
[2026-05-28 12:16:38.697 Z] [INFO] [cadence.virtuoso.ade.simulationMonitor] - Notice from spectre.
    4 notices suppressed.
    418 warnings suppressed. {"history": "Interactive.254", "point": 1, "testname": "Potentiostat_7_CA_TIA_Front_tb_calib_1", "cornername": "Nominal"}
[2026-05-28 12:16:38.697 Z] [WARN] [cadence.virtuoso.ade.simulationMonitor] -     WARNING (CMI-2425): I2.I69.I4.C1(0): `Acde' = 2.393 is unusually large. {"history": "Interactive.254", "point": 1, "testname": "Potentiostat_7_CA_TIA_Front_tb_calib_1", "cornername": "Nominal"}
[2026-05-28 12:16:38.697 Z] [WARN] [cadence.virtuoso.ade.simulationMonitor] -     WARNING (CMI-2425): I2.I69.I4.C1(0): `Noff' = 4.732 is unusually large. {"history": "Interactive.254", "point": 1, "testname": "Potentiostat_7_CA_TIA_Front_tb_calib_1", "cornername": "Nominal"}
[2026-05-28 12:16:38.697 Z] [WARN] [cadence.virtuoso.ade.simulationMonitor] -     WARNING (CMI-2424): I2.I69.I4.C1(0): `Voffcv' = -867.4e-03 is unusually small. {"history": "Interactive.254", "point": 1, "testname": "Potentiostat_7_CA_TIA_Front_tb_calib_1", "cornername": "Nominal"}
[2026-05-28 12:16:38.697 Z] [WARN] [cadence.virtuoso.ade.simulationMonitor] -     WARNING (CMI-2425): I2.I69.I0.C0(0): `Acde' = 2.393 is unusually large. {"history": "Interactive.254", "point": 1, "testname": "Potentiostat_7_CA_TIA_Front_tb_calib_1", "cornername": "Nominal"}
[2026-05-28 12:16:38.698 Z] [WARN] [cadence.virtuoso.ade.simulationMonitor] -     WARNING (CMI-2425): I2.I69.I0.C0(0): `Noff' = 4.732 is unusually large. {"history": "Interactive.254", "point": 1, "testname": "Potentiostat_7_CA_TIA_Front_tb_calib_1", "cornername": "Nominal"}
[2026-05-28 12:16:38.698 Z] [WARN] [cadence.virtuoso.ade.simulationMonitor] -     WARNING (CMI-2424): I2.I69.I0.C0(0): `Voffcv' = -867.4e-03 is unusually small. {"history": "Interactive.254", "point": 1, "testname": "Potentiostat_7_CA_TIA_Front_tb_calib_1", "cornername": "Nominal"}
[2026-05-28 12:16:38.698 Z] [WARN] [cadence.virtuoso.ade.simulationMonitor] -     WARNING (CMI-2425): I2.I69.I0.C2: `Acde' = 2.393 is unusually large.
        Further occurrences of this warning will be suppressed. {"history": "Interactive.254", "point": 1, "testname": "Potentiostat_7_CA_TIA_Front_tb_calib_1", "cornername": "Nominal"}
[2026-05-28 12:16:38.698 Z] [WARN] [cadence.virtuoso.ade.simulationMonitor] -     WARNING (CMI-2424): I2.I69.I0.C2: `Voffcv' = -867.4e-03 is unusually small. {"history": "Interactive.254", "point": 1, "testname": "Potentiostat_7_CA_TIA_Front_tb_calib_1", "cornername": "Nominal"}
[2026-05-28 12:16:38.698 Z] [WARN] [cadence.virtuoso.ade.simulationMonitor] -     WARNING (CMI-2424): I2.I69.I0.C1: `Voffcv' = -867.4e-03 is unusually small. {"history": "Interactive.254", "point": 1, "testname": "Potentiostat_7_CA_TIA_Front_tb_calib_1", "cornername": "Nominal"}
[2026-05-28 12:16:38.698 Z] [WARN] [cadence.virtuoso.ade.simulationMonitor] -     WARNING (CMI-2424): I2.I69.I1.C0: `Voffcv' = -867.4e-03 is unusually small.
        Further occurrences of this warning will be suppressed. {"history": "Interactive.254", "point": 1, "testname": "Potentiostat_7_CA_TIA_Front_tb_calib_1", "cornername": "Nominal"}
[2026-05-28 12:16:38.699 Z] [INFO] [cadence.virtuoso.ade.simulationMonitor] - Notice from spectre during Noise analysis `noise'.
    Operating points will not be recomputed: the circuit and conditions were not changed since previous analysis. {"history": "Interactive.254", "point": 1, "testname": "Potentiostat_7_CA_TIA_Front_tb_calib_1", "cornername": "Nominal"}
[2026-05-28 12:16:41.700 Z] [INFO] [cadence.virtuoso.ade.simulationMonitor] - Total time required for noise analysis `noise': CPU = 5.68897 s, elapsed = 2.94531 s, util. = 193%. {"history": "Interactive.254", "point": 1, "testname": "Potentiostat_7_CA_TIA_Front_tb_calib_1", "cornername": "Nominal"}
[2026-05-28 12:16:41.701 Z] [INFO] [cadence.virtuoso.ade.simulationMonitor] - Peak resident memory used = 424 Mbytes. {"history": "Interactive.254", "point": 1, "testname": "Potentiostat_7_CA_TIA_Front_tb_calib_1", "cornername": "Nominal"}
[2026-05-28 12:16:41.701 Z] [INFO] [cadence.virtuoso.ade.simulationMonitor] - Notice from spectre.
    11 warnings suppressed. {"history": "Interactive.254", "point": 1, "testname": "Potentiostat_7_CA_TIA_Front_tb_calib_1", "cornername": "Nominal"}
[2026-05-28 12:16:41.701 Z] [WARN] [cadence.virtuoso.ade.simulationMonitor] -     WARNING (CMI-2425): I2.I25.I22.C2: `Acde' = 2.393 is unusually large. {"history": "Interactive.254", "point": 1, "testname": "Potentiostat_7_CA_TIA_Front_tb_calib_1", "cornername": "Nominal"}
[2026-05-28 12:16:41.701 Z] [WARN] [cadence.virtuoso.ade.simulationMonitor] -     WARNING (CMI-2425): I2.I25.I22.C2: `Noff' = 4.732 is unusually large. {"history": "Interactive.254", "point": 1, "testname": "Potentiostat_7_CA_TIA_Front_tb_calib_1", "cornername": "Nominal"}
[2026-05-28 12:16:41.701 Z] [WARN] [cadence.virtuoso.ade.simulationMonitor] -     WARNING (CMI-2424): I2.I25.I22.C2: `Voffcv' = -867.4e-03 is unusually small. {"history": "Interactive.254", "point": 1, "testname": "Potentiostat_7_CA_TIA_Front_tb_calib_1", "cornername": "Nominal"}
[2026-05-28 12:16:41.701 Z] [WARN] [cadence.virtuoso.ade.simulationMonitor] -     WARNING (CMI-2425): I2.I25.I33.C0: `Acde' = 2.393 is unusually large. {"history": "Interactive.254", "point": 1, "testname": "Potentiostat_7_CA_TIA_Front_tb_calib_1", "cornername": "Nominal"}
[2026-05-28 12:16:41.702 Z] [WARN] [cadence.virtuoso.ade.simulationMonitor] -     WARNING (CMI-2425): I2.I25.I33.C0: `Noff' = 4.732 is unusually large. {"history": "Interactive.254", "point": 1, "testname": "Potentiostat_7_CA_TIA_Front_tb_calib_1", "cornername": "Nominal"}
[2026-05-28 12:16:41.702 Z] [WARN] [cadence.virtuoso.ade.simulationMonitor] -     WARNING (CMI-2424): I2.I25.I33.C0: `Voffcv' = -867.4e-03 is unusually small. {"history": "Interactive.254", "point": 1, "testname": "Potentiostat_7_CA_TIA_Front_tb_calib_1", "cornername": "Nominal"}
[2026-05-28 12:16:41.702 Z] [WARN] [cadence.virtuoso.ade.simulationMonitor] -     WARNING (CMI-2425): I2.I69.I1.C0: `Acde' = 2.393 is unusually large.
        Further occurrences of this warning will be suppressed. {"history": "Interactive.254", "point": 1, "testname": "Potentiostat_7_CA_TIA_Front_tb_calib_1", "cornername": "Nominal"}
[2026-05-28 12:16:41.702 Z] [WARN] [cadence.virtuoso.ade.simulationMonitor] -     WARNING (CMI-2424): I2.I69.I1.C0: `Voffcv' = -867.4e-03 is unusually small. {"history": "Interactive.254", "point": 1, "testname": "Potentiostat_7_CA_TIA_Front_tb_calib_1", "cornername": "Nominal"}
[2026-05-28 12:16:41.702 Z] [WARN] [cadence.virtuoso.ade.simulationMonitor] -     WARNING (CMI-2424): I2.I69.I0.C1: `Voffcv' = -867.4e-03 is unusually small. {"history": "Interactive.254", "point": 1, "testname": "Potentiostat_7_CA_TIA_Front_tb_calib_1", "cornername": "Nominal"}
[2026-05-28 12:16:41.702 Z] [WARN] [cadence.virtuoso.ade.simulationMonitor] -     WARNING (CMI-2424): I2.I69.I0.C2: `Voffcv' = -867.4e-03 is unusually small.
        Further occurrences of this warning will be suppressed. {"history": "Interactive.254", "point": 1, "testname": "Potentiostat_7_CA_TIA_Front_tb_calib_1", "cornername": "Nominal"}
[2026-05-28 12:16:41.703 Z] [INFO] [cadence.virtuoso.ade.simulationMonitor] - Notice from spectre during XF analysis `xf'.
    Operating points will not be recomputed: the circuit and conditions were not changed since previous analysis. {"history": "Interactive.254", "point": 1, "testname": "Potentiostat_7_CA_TIA_Front_tb_calib_1", "cornername": "Nominal"}
[2026-05-28 12:16:42.703 Z] [INFO] [cadence.virtuoso.ade.simulationMonitor] - Total time required for xf analysis `xf': CPU = 3.57695 s, elapsed = 1.30315 s, util. = 274%. {"history": "Interactive.254", "point": 1, "testname": "Potentiostat_7_CA_TIA_Front_tb_calib_1", "cornername": "Nominal"}
[2026-05-28 12:16:42.704 Z] [INFO] [cadence.virtuoso.ade.simulationMonitor] - Peak resident memory used = 424 Mbytes. {"history": "Interactive.254", "point": 1, "testname": "Potentiostat_7_CA_TIA_Front_tb_calib_1", "cornername": "Nominal"}
[2026-05-28 12:16:42.704 Z] [INFO] [cadence.virtuoso.ade.simulationMonitor] - Notice from spectre.
    11 warnings suppressed. {"history": "Interactive.254", "point": 1, "testname": "Potentiostat_7_CA_TIA_Front_tb_calib_1", "cornername": "Nominal"}
[2026-05-28 12:16:43.205 Z] [INFO] [cadence.virtuoso.ade.simulationMonitor] - Time used: CPU = 69 s (1m  9.0s), elapsed = 26.3 s, util. = 262%. {"history": "Interactive.254", "point": 1, "testname": "Potentiostat_7_CA_TIA_Front_tb_calib_1", "cornername": "Nominal"}
[2026-05-28 12:16:43.205 Z] [INFO] [cadence.virtuoso.ade.simulationMonitor] - Time spent in licensing: elapsed = 96.1 ms. {"history": "Interactive.254", "point": 1, "testname": "Potentiostat_7_CA_TIA_Front_tb_calib_1", "cornername": "Nominal"}
[2026-05-28 12:16:43.206 Z] [INFO] [cadence.virtuoso.ade.simulationMonitor] - Peak memory used = 424 Mbytes. {"history": "Interactive.254", "point": 1, "testname": "Potentiostat_7_CA_TIA_Front_tb_calib_1", "cornername": "Nominal"}
[2026-05-28 12:16:43.208 Z] [PROCESS] [cadence.virtuoso.ade.simulationMonitor] - Simulation started at: 12:16:16 PM, Thur May 28, 2026, ended at: 12:16:42 PM, Thur May 28, 2026, with elapsed time (wall clock): 26.3 s. {"history": "Interactive.254", "point": 1, "testname": "Potentiostat_7_CA_TIA_Front_tb_calib_1", "cornername": "Nominal"}
[2026-05-28 12:16:43.208 Z] [PROCESS] [cadence.virtuoso.ade.simulationMonitor] - spectre completes with 0 errors, 89 warnings, and 46 notices. {"history": "Interactive.254", "point": 1, "testname": "Potentiostat_7_CA_TIA_Front_tb_calib_1", "cornername": "Nominal"}
[2026-05-28 12:16:43.208 Z] [PROCESS] [cadence.virtuoso.ade.simulationMonitor] - Finished simulating for one point {"hostname": "il2244vt26_hrahimi", "processid": 515648, "history": "Interactive.254", "testname": "Potentiostat_7_CA_TIA_Front_tb_calib_1", "cornername": "Nominal", "point": 1, "logfile": "/home/hrahimi/projects/POTENTIOSTAT_26/logs_hrahimi/logs0/Job124.log", "simid": "1"}
[2026-05-28 12:16:43.208 Z] [PROCESS] [cadence.virtuoso.ade.simulationMonitor] - Simulator exited {"hostname": "il2244vt26_hrahimi", "processid": 515648, "history": "Interactive.254", "testname": "Potentiostat_7_CA_TIA_Front_tb_calib_1", "cornername": "Nominal", "point": 1, "logfile": "/home/hrahimi/projects/POTENTIOSTAT_26/logs_hrahimi/logs0/Job124.log", "exitStatus": "0"}
[2026-05-28 12:16:43.209 Z] [PROCESS] [cadence.virtuoso.ade.simulationMonitor] - Finished Simulation {"hostname": "il2244vt26_hrahimi", "processid": 515648, "history": "Interactive.254", "testname": "Potentiostat_7_CA_TIA_Front_tb_calib_1", "cornername": "Nominal", "point": 1, "logfile": "/home/hrahimi/projects/POTENTIOSTAT_26/logs_hrahimi/logs0/Job124.log", "simid": "1"}
[2026-05-28 12:16:47.724 Z] [PROCESS] [cadence.virtuoso.ade.simulationMonitor] - Point Finished {"hostname": "il2244vt26_hrahimi", "processid": 515648, "history": "Interactive.254", "testname": "Potentiostat_7_CA_TIA_Front_tb_calib_1", "cornername": "Nominal", "point": 1, "logfile": "/home/hrahimi/projects/POTENTIOSTAT_26/logs_hrahimi/logs0/Job124.log"}
[2026-05-28 12:16:48.741 Z] [PROCESS] [cadence.virtuoso.ade.simulationMonitor] - Stay with the runId '19', Linger time '300', currentRunSyn '35', currentTestSyn '36' {"hostname": "il2244vt26_hrahimi", "processid": 515648, "history": "Interactive.254", "testname": "Potentiostat_7_CA_TIA_Front_tb_calib_1", "cornername": "Nominal", "point": 1, "logfile": "/home/hrahimi/projects/POTENTIOSTAT_26/logs_hrahimi/logs0/Job124.log"}
[2026-05-28 12:21:49.657 Z] [PROCESS] [cadence.virtuoso.ade.simulationMonitor] - Current memory used: 53.1055 MBytes, peak memory used: 53.1055 MBytes {"hostname": "il2244vt26_hrahimi", "processid": 515648, "history": "Interactive.254", "testname": "Potentiostat_7_CA_TIA_Front_tb_calib_1", "cornername": "Nominal", "point": 1, "logfile": "/home/hrahimi/projects/POTENTIOSTAT_26/logs_hrahimi/logs0/Job124.log"}
[2026-05-28 12:21:49.658 Z] [PROCESS] [cadence.virtuoso.ade.simulationMonitor] - Simulation Monitor process exit. {"hostname": "il2244vt26_hrahimi", "processid": 515648, "history": "Interactive.254", "testname": "Potentiostat_7_CA_TIA_Front_tb_calib_1", "cornername": "Nominal", "point": 1, "logfile": "/home/hrahimi/projects/POTENTIOSTAT_26/logs_hrahimi/logs0/Job124.log"}
