[Simulation Monitor: 153]
[2026-05-29 09:41:53.556 Z] [PROCESS] [cadence.virtuoso.ade.simulationMonitor] - Simulation Monitor has successfully started up. Trying to set up communication channels to other components ... {"hostname": "il2244vt26_hrahimi", "processid": 657312, "logfile": "/home/hrahimi/projects/POTENTIOSTAT_26/logs_hrahimi/logs0/Job153.log"}
[2026-05-29 09:41:53.557 Z] [PROCESS] [cadence.virtuoso.ade.simulationMonitor] - Communication channels have been successfully set up. Start processing events ... {"hostname": "il2244vt26_hrahimi", "processid": 657312, "logfile": "/home/hrahimi/projects/POTENTIOSTAT_26/logs_hrahimi/logs0/Job153.log"}
[2026-05-29 09:41:53.557 Z] [PROCESS] [cadence.virtuoso.ade.simulationMonitor] - Considering to start history {"hostname": "il2244vt26_hrahimi", "processid": 657312, "history": "Interactive.275", "logfile": "/home/hrahimi/projects/POTENTIOSTAT_26/logs_hrahimi/logs0/Job153.log"}
[2026-05-29 09:41:53.563 Z] [PROCESS] [cadence.virtuoso.ade.simulationMonitor] - HostInfo:
Host name (type):	il2244vt26_hrahimi (x86_64)
Operating system:	Linux 5.15.0-164-generic #174-Ubuntu SMP Fri Nov 14 20:25:16 UTC 2025 {"hostname": "il2244vt26_hrahimi", "processid": 657312, "history": "Interactive.275", "logfile": "/home/hrahimi/projects/POTENTIOSTAT_26/logs_hrahimi/logs0/Job153.log", "nodename": "il2244vt26_hrahimi", "domainname": "(none)", "machine": "x86_64", "sysname": "Linux", "release": "5.15.0-164-generic", "version": "#174-Ubuntu SMP Fri Nov 14 20:25:16 UTC 2025"}
[2026-05-29 09:41:53.563 Z] [PROCESS] [cadence.virtuoso.ade.simulationMonitor] - UsageInfo:
pid=657312
totalPhysicalMemory=3023.749672GB,Used=2445.134407GB,totalVirtualMemory=3031.749668GB,Used=2445.161751GB
Cpu: Cores=48, Load average:7.640000,6.790000,6.580000 {"hostname": "il2244vt26_hrahimi", "processid": 657312, "history": "Interactive.275", "logfile": "/home/hrahimi/projects/POTENTIOSTAT_26/logs_hrahimi/logs0/Job153.log", "pid": "657312", "totalPhysicalMemory": "3023.749672", "physicalMemoryUsed": "2445.134407", "totalVirtualMemory": "3031.749668", "virtualMemoryUsed": "2445.161751", "cpuCores": "48", "processes": "29604", "loadAverage1": "7.640000", "loadAverage5": "6.790000", "loadAverage15": "6.580000", "loadAverage1Percent": "0.159167"}
[2026-05-29 09:41:53.565 Z] [EVENT] [cadence.virtuoso.ade.simulationMonitor] - NewPoint {"history": "Interactive.275", "point": 1, "testname": "TIA_Gain_Linearity", "cornername": "Nominal", "event": "NewPoint", "EventSource": "Simulation Monitor", "HistoryName": "Interactive.275", "logFile": "/home/hrahimi/projects/POTENTIOSTAT_26/logs_hrahimi/logs0/Job153.log", "logFileSize": "2281"}
[2026-05-29 09:41:53.667 Z] [EVENT] [cadence.virtuoso.ade.simulationMonitor] - NewPoint {"history": "Interactive.275", "point": 1, "testname": "TIA_Gain_Linearity", "cornername": "Nominal", "event": "NewPoint", "EventSource": "spectre", "HistoryName": "Interactive.275", "logFile": "/home/hrahimi/projects/POTENTIOSTAT_26/Sim/Potentiostat_Top/top/maestro/results/maestro/Interactive.275/1/TIA_Gain_Linearity/psf/spectre.out", "logFileSize": "-1"}
[2026-05-29 09:41:54.024 Z] [PROCESS] [cadence.virtuoso.ade.simulationMonitor] - Simulator launched {"hostname": "il2244vt26_hrahimi", "processid": 657312, "history": "Interactive.275", "testname": "TIA_Gain_Linearity", "cornername": "Nominal", "point": 1, "logfile": "/home/hrahimi/projects/POTENTIOSTAT_26/logs_hrahimi/logs0/Job153.log", "simid": "1"}
[2026-05-29 09:41:54.028 Z] [PROCESS] [cadence.virtuoso.ade.simulationMonitor] - Expression evaluator launched {"hostname": "il2244vt26_hrahimi", "processid": 657312, "history": "Interactive.275", "testname": "TIA_Gain_Linearity", "cornername": "Nominal", "point": 1, "logfile": "/home/hrahimi/projects/POTENTIOSTAT_26/logs_hrahimi/logs0/Job153.log"}
[2026-05-29 09:41:54.257 Z] [PROCESS] [cadence.virtuoso.ade.simulationMonitor] - Started Simulation {"hostname": "il2244vt26_hrahimi", "processid": 657312, "history": "Interactive.275", "testname": "TIA_Gain_Linearity", "cornername": "Nominal", "point": 1, "logfile": "/home/hrahimi/projects/POTENTIOSTAT_26/logs_hrahimi/logs0/Job153.log", "event": "started", "task": "simulation"}
[2026-05-29 09:41:55.258 Z] [WARN] [cadence.virtuoso.ade.simulationMonitor] -     WARNING (SPECTRE-691): This CPU processor does not support x86 advanced vector extensions instructions. This may affect math operations and slow down the simulation. {"history": "Interactive.275", "point": 1, "testname": "TIA_Gain_Linearity", "cornername": "Nominal"}
[2026-05-29 09:41:55.259 Z] [INFO] [cadence.virtuoso.ade.simulationMonitor] - Notice from spectre during circuit read-in.
    Pre_Configuration file used: /opt/tools/cadence/installs/SPECTRE241/tools.lnx86/spectre/etc/configs/preset.precfg
    Configuration file used: `/opt/tools/cadence/installs/SPECTRE241/tools.lnx86/spectre/etc/configs/preset.cfg'. {"history": "Interactive.275", "point": 1, "testname": "TIA_Gain_Linearity", "cornername": "Nominal"}
[2026-05-29 09:41:55.259 Z] [WARN] [cadence.virtuoso.ade.simulationMonitor] -     WARNING (SPECTRE-8360): line 1511: `ac' is an undefined primitive device. {"history": "Interactive.275", "point": 1, "testname": "TIA_Gain_Linearity", "cornername": "Nominal"}
[2026-05-29 09:41:55.259 Z] [WARN] [cadence.virtuoso.ade.simulationMonitor] -     WARNING (SPECTRE-8360): line 1512: `ac' is an undefined primitive device. {"history": "Interactive.275", "point": 1, "testname": "TIA_Gain_Linearity", "cornername": "Nominal"}
[2026-05-29 09:41:55.259 Z] [WARN] [cadence.virtuoso.ade.simulationMonitor] -     WARNING (SPECTRE-8360): line 1513: `ac' is an undefined primitive device. {"history": "Interactive.275", "point": 1, "testname": "TIA_Gain_Linearity", "cornername": "Nominal"}
[2026-05-29 09:41:55.259 Z] [WARN] [cadence.virtuoso.ade.simulationMonitor] -     WARNING (SPECTRE-8360): line 1514: `ac' is an undefined primitive device. {"history": "Interactive.275", "point": 1, "testname": "TIA_Gain_Linearity", "cornername": "Nominal"}
[2026-05-29 09:41:55.260 Z] [WARN] [cadence.virtuoso.ade.simulationMonitor] -     WARNING (SPECTRE-8360): line 1515: `ac' is an undefined primitive device.
        Further occurrences of this warning will be suppressed. {"history": "Interactive.275", "point": 1, "testname": "TIA_Gain_Linearity", "cornername": "Nominal"}
[2026-05-29 09:41:55.260 Z] [WARN] [cadence.virtuoso.ade.simulationMonitor] -     WARNING (VACOMP-2435): The environment variable CDS_AHDLCMI_ENABLE is no longer supported. Therefore, the simulator will use the default compiled C code flow. {"history": "Interactive.275", "point": 1, "testname": "TIA_Gain_Linearity", "cornername": "Nominal"}
[2026-05-29 09:41:55.260 Z] [INFO] [cadence.virtuoso.ade.simulationMonitor] - Peak resident memory used = 201 Mbytes. {"history": "Interactive.275", "point": 1, "testname": "TIA_Gain_Linearity", "cornername": "Nominal"}
[2026-05-29 09:41:56.261 Z] [WARN] [cadence.virtuoso.ade.simulationMonitor] -     WARNING (SFE-2649): Terminals of top-level instance `R50', in file`input.scs', at line 2729, are connected. Remove the instance and rerun the simulation. {"history": "Interactive.275", "point": 1, "testname": "TIA_Gain_Linearity", "cornername": "Nominal"}
[2026-05-29 09:41:56.261 Z] [WARN] [cadence.virtuoso.ade.simulationMonitor] -     WARNING (SFE-2649): Terminals of top-level instance `R48', in file`input.scs', at line 2771, are connected. Remove the instance and rerun the simulation. {"history": "Interactive.275", "point": 1, "testname": "TIA_Gain_Linearity", "cornername": "Nominal"}
[2026-05-29 09:41:56.261 Z] [WARN] [cadence.virtuoso.ade.simulationMonitor] -     WARNING (SFE-3012): The dummy device I4.I3.MN5<0>_turbo_m4 is removed. {"history": "Interactive.275", "point": 1, "testname": "TIA_Gain_Linearity", "cornername": "Nominal"}
[2026-05-29 09:41:56.261 Z] [WARN] [cadence.virtuoso.ade.simulationMonitor] -     WARNING (SFE-3028): The floating resistor R8 is removed. {"history": "Interactive.275", "point": 1, "testname": "TIA_Gain_Linearity", "cornername": "Nominal"}
[2026-05-29 09:41:56.262 Z] [WARN] [cadence.virtuoso.ade.simulationMonitor] -     WARNING (SFE-3012): The dummy device I4.I2.Q3<0>_turbo_m31 is removed. {"history": "Interactive.275", "point": 1, "testname": "TIA_Gain_Linearity", "cornername": "Nominal"}
[2026-05-29 09:41:56.262 Z] [WARN] [cadence.virtuoso.ade.simulationMonitor] -     WARNING (SFE-3012): The dummy device I4.I4.MN5<0>_turbo_m4 is removed. {"history": "Interactive.275", "point": 1, "testname": "TIA_Gain_Linearity", "cornername": "Nominal"}
[2026-05-29 09:41:56.262 Z] [WARN] [cadence.virtuoso.ade.simulationMonitor] -     WARNING (SFE-3012): The dummy device I0.I15.DLIB9 is removed. {"history": "Interactive.275", "point": 1, "testname": "TIA_Gain_Linearity", "cornername": "Nominal"}
[2026-05-29 09:41:56.262 Z] [WARN] [cadence.virtuoso.ade.simulationMonitor] -     WARNING (SFE-3012): The dummy device I0.I16.DLIB10 is removed.
        Further occurrences of this warning will be suppressed. {"history": "Interactive.275", "point": 1, "testname": "TIA_Gain_Linearity", "cornername": "Nominal"}
[2026-05-29 09:41:56.263 Z] [WARN] [cadence.virtuoso.ade.simulationMonitor] -     WARNING (SFE-3027): The dangling resistor I0.I17.R2 is removed. {"history": "Interactive.275", "point": 1, "testname": "TIA_Gain_Linearity", "cornername": "Nominal"}
[2026-05-29 09:41:56.263 Z] [WARN] [cadence.virtuoso.ade.simulationMonitor] -     WARNING (SFE-3029): The dummy capacitor I4.I4.R31.CS1 is removed. {"history": "Interactive.275", "point": 1, "testname": "TIA_Gain_Linearity", "cornername": "Nominal"}
[2026-05-29 09:41:56.263 Z] [WARN] [cadence.virtuoso.ade.simulationMonitor] -     WARNING (SFE-3029): The dummy capacitor I4.I1.R2.CS1 is removed. {"history": "Interactive.275", "point": 1, "testname": "TIA_Gain_Linearity", "cornername": "Nominal"}
[2026-05-29 09:41:56.263 Z] [WARN] [cadence.virtuoso.ade.simulationMonitor] -     WARNING (SFE-3029): The dummy capacitor I4.I0.R3.CS1 is removed. {"history": "Interactive.275", "point": 1, "testname": "TIA_Gain_Linearity", "cornername": "Nominal"}
[2026-05-29 09:41:56.263 Z] [WARN] [cadence.virtuoso.ade.simulationMonitor] -     WARNING (SFE-3023): The dangling node net25 is removed. It should not be dangling since it is defined in top level. {"history": "Interactive.275", "point": 1, "testname": "TIA_Gain_Linearity", "cornername": "Nominal"}
[2026-05-29 09:41:56.263 Z] [WARN] [cadence.virtuoso.ade.simulationMonitor] -     WARNING (SFE-3016): The floating node net74 is removed. {"history": "Interactive.275", "point": 1, "testname": "TIA_Gain_Linearity", "cornername": "Nominal"}
[2026-05-29 09:41:56.264 Z] [WARN] [cadence.virtuoso.ade.simulationMonitor] -     WARNING (SFE-3016): The floating node net73 is removed. {"history": "Interactive.275", "point": 1, "testname": "TIA_Gain_Linearity", "cornername": "Nominal"}
[2026-05-29 09:41:56.264 Z] [INFO] [cadence.virtuoso.ade.simulationMonitor] - Peak resident memory used = 211 Mbytes. {"history": "Interactive.275", "point": 1, "testname": "TIA_Gain_Linearity", "cornername": "Nominal"}
[2026-05-29 09:41:56.264 Z] [INFO] [cadence.virtuoso.ade.simulationMonitor] - Notice from spectre during hierarchy flattening.
    The value 'psf' specified for the 'checklimitdest' option will no longer be supported in future releases. Use 'spectre -h' to see other recommended values for the 'checklimitdest' option.
    I0.I46.RLIB_GC1.CS0 of rpoly1c: `c' has the unusually small value of 634.694e-21 F.
    I0.I46.RLIB_GC1.CS1 of rpoly1c: `c' has the unusually small value of 634.694e-21 F.
    I0.I45.RLIB_GC1.CS0 of rpoly1c: `c' has the unusually small value of 634.694e-21 F.
    I0... {"history": "Interactive.275", "point": 1, "testname": "TIA_Gain_Linearity", "cornername": "Nominal"}
[2026-05-29 09:41:56.264 Z] [INFO] [cadence.virtuoso.ade.simulationMonitor] - Notice from spectre during hierarchy flattening.
    V3: `period' has the unusually large value of 6 s.
    I26: `period' has the unusually large value of 6 s. {"history": "Interactive.275", "point": 1, "testname": "TIA_Gain_Linearity", "cornername": "Nominal"}
[2026-05-29 09:41:56.264 Z] [INFO] [cadence.virtuoso.ade.simulationMonitor] - Peak resident memory used = 217 Mbytes. {"history": "Interactive.275", "point": 1, "testname": "TIA_Gain_Linearity", "cornername": "Nominal"}
[2026-05-29 09:41:56.265 Z] [WARN] [cadence.virtuoso.ade.simulationMonitor] -     WARNING (CMI-2425): I4.I3.C1<0>_turbo_m6: `Acde' = 2.393 is unusually large. {"history": "Interactive.275", "point": 1, "testname": "TIA_Gain_Linearity", "cornername": "Nominal"}
[2026-05-29 09:41:56.265 Z] [WARN] [cadence.virtuoso.ade.simulationMonitor] -     WARNING (CMI-2425): I4.I3.C1<0>_turbo_m6: `Noff' = 4.732 is unusually large. {"history": "Interactive.275", "point": 1, "testname": "TIA_Gain_Linearity", "cornername": "Nominal"}
[2026-05-29 09:41:56.265 Z] [WARN] [cadence.virtuoso.ade.simulationMonitor] -     WARNING (CMI-2424): I4.I3.C1<0>_turbo_m6: `Voffcv' = -867.4e-03 is unusually small. {"history": "Interactive.275", "point": 1, "testname": "TIA_Gain_Linearity", "cornername": "Nominal"}
[2026-05-29 09:41:56.265 Z] [WARN] [cadence.virtuoso.ade.simulationMonitor] -     WARNING (CMI-2425): I4.I4.C1<0>_turbo_m11: `Acde' = 2.393 is unusually large. {"history": "Interactive.275", "point": 1, "testname": "TIA_Gain_Linearity", "cornername": "Nominal"}
[2026-05-29 09:41:56.265 Z] [WARN] [cadence.virtuoso.ade.simulationMonitor] -     WARNING (CMI-2425): I4.I4.C1<0>_turbo_m11: `Noff' = 4.732 is unusually large. {"history": "Interactive.275", "point": 1, "testname": "TIA_Gain_Linearity", "cornername": "Nominal"}
[2026-05-29 09:41:56.265 Z] [WARN] [cadence.virtuoso.ade.simulationMonitor] -     WARNING (CMI-2424): I4.I4.C1<0>_turbo_m11: `Voffcv' = -867.4e-03 is unusually small. {"history": "Interactive.275", "point": 1, "testname": "TIA_Gain_Linearity", "cornername": "Nominal"}
[2026-05-29 09:41:56.266 Z] [WARN] [cadence.virtuoso.ade.simulationMonitor] -     WARNING (CMI-2425): I4.I0.C0<0>_turbo_m6: `Acde' = 2.393 is unusually large.
        Further occurrences of this warning will be suppressed. {"history": "Interactive.275", "point": 1, "testname": "TIA_Gain_Linearity", "cornername": "Nominal"}
[2026-05-29 09:41:56.266 Z] [WARN] [cadence.virtuoso.ade.simulationMonitor] -     WARNING (CMI-2424): I4.I0.C0<0>_turbo_m6: `Voffcv' = -867.4e-03 is unusually small. {"history": "Interactive.275", "point": 1, "testname": "TIA_Gain_Linearity", "cornername": "Nominal"}
[2026-05-29 09:41:56.266 Z] [WARN] [cadence.virtuoso.ade.simulationMonitor] -     WARNING (CMI-2424): I4.I0.C2: `Voffcv' = -867.4e-03 is unusually small. {"history": "Interactive.275", "point": 1, "testname": "TIA_Gain_Linearity", "cornername": "Nominal"}
[2026-05-29 09:41:56.266 Z] [WARN] [cadence.virtuoso.ade.simulationMonitor] -     WARNING (CMI-2424): I4.I0.C1: `Voffcv' = -867.4e-03 is unusually small.
        Further occurrences of this warning will be suppressed. {"history": "Interactive.275", "point": 1, "testname": "TIA_Gain_Linearity", "cornername": "Nominal"}
[2026-05-29 09:41:56.266 Z] [WARN] [cadence.virtuoso.ade.simulationMonitor] -     WARNING (SPECTRE-17607): Assert `SOAC_vert10_vsubpsub' is ignored because it contains an expression which is invalid or not supported by native evaluator.  {"history": "Interactive.275", "point": 1, "testname": "TIA_Gain_Linearity", "cornername": "Nominal"}
[2026-05-29 09:41:56.267 Z] [WARN] [cadence.virtuoso.ade.simulationMonitor] -     WARNING (SPECTRE-17607): Assert `SOAC_vert10_vcsub' is ignored because it contains an expression which is invalid or not supported by native evaluator.  {"history": "Interactive.275", "point": 1, "testname": "TIA_Gain_Linearity", "cornername": "Nominal"}
[2026-05-29 09:41:56.267 Z] [WARN] [cadence.virtuoso.ade.simulationMonitor] -     WARNING (SPECTRE-16460): SOAC_cvarm_vspsub:Specified subcircuit master `cvarm' was not found. {"history": "Interactive.275", "point": 1, "testname": "TIA_Gain_Linearity", "cornername": "Nominal"}
[2026-05-29 09:41:56.267 Z] [WARN] [cadence.virtuoso.ade.simulationMonitor] -     WARNING (SPECTRE-16462): SOAC_cvarm_vspsub:Error in specification of subcircuit master. Assert is ignored. {"history": "Interactive.275", "point": 1, "testname": "TIA_Gain_Linearity", "cornername": "Nominal"}
[2026-05-29 09:41:56.267 Z] [WARN] [cadence.virtuoso.ade.simulationMonitor] -     WARNING (SPECTRE-16460): SOAC_cvarm_vbs:Specified subcircuit master `cvarm' was not found. {"history": "Interactive.275", "point": 1, "testname": "TIA_Gain_Linearity", "cornername": "Nominal"}
[2026-05-29 09:41:56.267 Z] [WARN] [cadence.virtuoso.ade.simulationMonitor] -     WARNING (SPECTRE-16462): SOAC_cvarm_vbs:Error in specification of subcircuit master. Assert is ignored. {"history": "Interactive.275", "point": 1, "testname": "TIA_Gain_Linearity", "cornername": "Nominal"}
[2026-05-29 09:41:56.267 Z] [WARN] [cadence.virtuoso.ade.simulationMonitor] -     WARNING (SPECTRE-16460): SOAC_cvarm_vgb:Specified subcircuit master `cvarm' was not found. {"history": "Interactive.275", "point": 1, "testname": "TIA_Gain_Linearity", "cornername": "Nominal"}
[2026-05-29 09:41:56.268 Z] [WARN] [cadence.virtuoso.ade.simulationMonitor] -     WARNING (SPECTRE-16462): SOAC_cvarm_vgb:Error in specification of subcircuit master. Assert is ignored. {"history": "Interactive.275", "point": 1, "testname": "TIA_Gain_Linearity", "cornername": "Nominal"}
[2026-05-29 09:41:56.268 Z] [WARN] [cadence.virtuoso.ade.simulationMonitor] -     WARNING (SPECTRE-16460): SOAC_cvart_vspsub:Specified subcircuit master `cvart' was not found. {"history": "Interactive.275", "point": 1, "testname": "TIA_Gain_Linearity", "cornername": "Nominal"}
[2026-05-29 09:41:56.268 Z] [WARN] [cadence.virtuoso.ade.simulationMonitor] -     WARNING (SPECTRE-16462): SOAC_cvart_vspsub:Error in specification of subcircuit master. Assert is ignored. {"history": "Interactive.275", "point": 1, "testname": "TIA_Gain_Linearity", "cornername": "Nominal"}
[2026-05-29 09:41:56.268 Z] [WARN] [cadence.virtuoso.ade.simulationMonitor] -     WARNING (SPECTRE-16460): SOAC_cvart_vbs:Specified subcircuit master `cvart' was not found.
        Further occurrences of this warning will be suppressed. {"history": "Interactive.275", "point": 1, "testname": "TIA_Gain_Linearity", "cornername": "Nominal"}
[2026-05-29 09:41:56.268 Z] [WARN] [cadence.virtuoso.ade.simulationMonitor] -     WARNING (SPECTRE-16462): SOAC_cvart_vbs:Error in specification of subcircuit master. Assert is ignored.
        Further occurrences of this warning will be suppressed. {"history": "Interactive.275", "point": 1, "testname": "TIA_Gain_Linearity", "cornername": "Nominal"}
[2026-05-29 09:41:57.269 Z] [INFO] [cadence.virtuoso.ade.simulationMonitor] - Notice from spectre during topology check.
    Only one connection to the following 1029 nodes:
        I0.I46.RLIB_GC1.R1.psub!
        I0.I46.RLIB_GC1.R2.psub!
        I0.I46.MNLIB_DR1.M_esdnmos4.psub!
        I0.I46.DLIB2.psub!
        I0.I46.DLIB1.psub!
        Further occurrences of this notice will be suppressed. {"history": "Interactive.275", "point": 1, "testname": "TIA_Gain_Linearity", "cornername": "Nominal"}
[2026-05-29 09:41:57.271 Z] [INFO] [cadence.virtuoso.ade.simulationMonitor] -               nodes 3593 {"history": "Interactive.275", "point": 1, "testname": "TIA_Gain_Linearity", "cornername": "Nominal"}
[2026-05-29 09:41:57.272 Z] [INFO] [cadence.virtuoso.ade.simulationMonitor] - Notice from spectre during initial setup.
    7 resistors are shorted because their absolute value is less than or equal to 'rabsshort'.
    3 vsources are shorted because their absolute value is less than or equal to 'vabsshort'.
    4 resistors are changed to resistance form because their value are less than 'rthresh'.
    Spectre X preset=cx enabled.
    39 notices suppressed.
    123 warnings suppressed. {"history": "Interactive.275", "point": 1, "testname": "TIA_Gain_Linearity", "cornername": "Nominal"}
[2026-05-29 09:41:57.272 Z] [INFO] [cadence.virtuoso.ade.simulationMonitor] - Notice from spectre.
    Multithreading enabled: 8 threads in the system with 48 available processors. {"history": "Interactive.275", "point": 1, "testname": "TIA_Gain_Linearity", "cornername": "Nominal"}
[2026-05-29 09:41:57.272 Z] [INFO] [cadence.virtuoso.ade.simulationMonitor] - Peak resident memory used = 242 Mbytes. {"history": "Interactive.275", "point": 1, "testname": "TIA_Gain_Linearity", "cornername": "Nominal"}
[2026-05-29 09:41:57.273 Z] [INFO] [cadence.virtuoso.ade.simulationMonitor] -    -   (Spectre X) Multi-threading. The recommended number of threads is [2, 4], consider adding +mt=2 or +mt=4 on command line. {"history": "Interactive.275", "point": 1, "testname": "TIA_Gain_Linearity", "cornername": "Nominal"}
[2026-05-29 09:41:57.273 Z] [INFO] [cadence.virtuoso.ade.simulationMonitor] - Notice from spectre during DC analysis `dcOp'.
    No checklimit analysis defined for asserts. A default checklimit analysis 'SpectreChecklimitAnal' has been created with all asserts enabled. {"history": "Interactive.275", "point": 1, "testname": "TIA_Gain_Linearity", "cornername": "Nominal"}
[2026-05-29 09:41:57.273 Z] [WARN] [cadence.virtuoso.ade.simulationMonitor] -     WARNING (CMI-2943): Parameter checks have been ignored because the valid value for parameter 'trise' could not be found in 'C0'. {"history": "Interactive.275", "point": 1, "testname": "TIA_Gain_Linearity", "cornername": "Nominal"}
[2026-05-29 09:41:57.273 Z] [WARN] [cadence.virtuoso.ade.simulationMonitor] -     WARNING (CMI-2943): Parameter checks have been ignored because the valid value for parameter 'trise' could not be found in 'C1'. {"history": "Interactive.275", "point": 1, "testname": "TIA_Gain_Linearity", "cornername": "Nominal"}
[2026-05-29 09:41:57.273 Z] [WARN] [cadence.virtuoso.ade.simulationMonitor] -     WARNING (CMI-2943): Parameter checks have been ignored because the valid value for parameter 'trise' could not be found in 'C11'. {"history": "Interactive.275", "point": 1, "testname": "TIA_Gain_Linearity", "cornername": "Nominal"}
[2026-05-29 09:41:57.273 Z] [WARN] [cadence.virtuoso.ade.simulationMonitor] -     WARNING (CMI-2943): Parameter checks have been ignored because the valid value for parameter 'trise' could not be found in 'C12'. {"history": "Interactive.275", "point": 1, "testname": "TIA_Gain_Linearity", "cornername": "Nominal"}
[2026-05-29 09:41:57.274 Z] [WARN] [cadence.virtuoso.ade.simulationMonitor] -     WARNING (CMI-2943): Parameter checks have been ignored because the valid value for parameter 'trise' could not be found in 'C5'.
        Further occurrences of this warning will be suppressed. {"history": "Interactive.275", "point": 1, "testname": "TIA_Gain_Linearity", "cornername": "Nominal"}
[2026-05-29 09:41:57.274 Z] [INFO] [cadence.virtuoso.ade.simulationMonitor] - Notice from spectre during check, during DC analysis `dcOp'.
    I0.I4.RLIB_GC1 of rdiffp3: `ig' has the unusually large value of -25.2511 A.
    I0.I3.RLIB_GC1 of rdiffp3: `ig' has the unusually large value of -89.0477 A.
    I0.I3.RLIB_GC2 of rdiffp3: `ig' has the unusually large value of -89.0477 A.
    I0.I6.RLIB_GC1 of rdiffp3: `ig' has the unusually large value of -89.0477 A.
    I0.I6.RLIB_GC2 of rdiffp3: `ig' has the unusually large value of -89.0477 A.
        Further occurrences of this notice wi... {"history": "Interactive.275", "point": 1, "testname": "TIA_Gain_Linearity", "cornername": "Nominal"}
[2026-05-29 09:41:57.774 Z] [INFO] [cadence.virtuoso.ade.simulationMonitor] - Total time required for dc analysis `dcOp': CPU = 1.74413 s, elapsed = 442.72 ms, util. = 394%. {"history": "Interactive.275", "point": 1, "testname": "TIA_Gain_Linearity", "cornername": "Nominal"}
[2026-05-29 09:41:57.775 Z] [INFO] [cadence.virtuoso.ade.simulationMonitor] - Peak resident memory used = 255 Mbytes. {"history": "Interactive.275", "point": 1, "testname": "TIA_Gain_Linearity", "cornername": "Nominal"}
[2026-05-29 09:41:57.775 Z] [INFO] [cadence.virtuoso.ade.simulationMonitor] - Notice from spectre.
    1 notice suppressed.
    973 warnings suppressed. {"history": "Interactive.275", "point": 1, "testname": "TIA_Gain_Linearity", "cornername": "Nominal"}
[2026-05-29 09:41:57.775 Z] [WARN] [cadence.virtuoso.ade.simulationMonitor] -     WARNING (CMI-2425): I4.I0.C0<0>_dummy: `Acde' = 2.393 is unusually large. {"history": "Interactive.275", "point": 1, "testname": "TIA_Gain_Linearity", "cornername": "Nominal"}
[2026-05-29 09:41:57.776 Z] [WARN] [cadence.virtuoso.ade.simulationMonitor] -     WARNING (CMI-2425): I4.I0.C0<0>_dummy: `Noff' = 4.732 is unusually large. {"history": "Interactive.275", "point": 1, "testname": "TIA_Gain_Linearity", "cornername": "Nominal"}
[2026-05-29 09:41:57.776 Z] [WARN] [cadence.virtuoso.ade.simulationMonitor] -     WARNING (CMI-2424): I4.I0.C0<0>_dummy: `Voffcv' = -867.4e-03 is unusually small. {"history": "Interactive.275", "point": 1, "testname": "TIA_Gain_Linearity", "cornername": "Nominal"}
[2026-05-29 09:41:57.776 Z] [WARN] [cadence.virtuoso.ade.simulationMonitor] -     WARNING (CMI-2425): I4.I4.C1<0>_dummy: `Acde' = 2.393 is unusually large. {"history": "Interactive.275", "point": 1, "testname": "TIA_Gain_Linearity", "cornername": "Nominal"}
[2026-05-29 09:41:57.776 Z] [WARN] [cadence.virtuoso.ade.simulationMonitor] -     WARNING (CMI-2425): I4.I4.C1<0>_dummy: `Noff' = 4.732 is unusually large. {"history": "Interactive.275", "point": 1, "testname": "TIA_Gain_Linearity", "cornername": "Nominal"}
[2026-05-29 09:41:57.776 Z] [WARN] [cadence.virtuoso.ade.simulationMonitor] -     WARNING (CMI-2424): I4.I4.C1<0>_dummy: `Voffcv' = -867.4e-03 is unusually small. {"history": "Interactive.275", "point": 1, "testname": "TIA_Gain_Linearity", "cornername": "Nominal"}
[2026-05-29 09:41:57.777 Z] [WARN] [cadence.virtuoso.ade.simulationMonitor] -     WARNING (CMI-2425): I4.I3.C1<0>_dummy: `Acde' = 2.393 is unusually large.
        Further occurrences of this warning will be suppressed. {"history": "Interactive.275", "point": 1, "testname": "TIA_Gain_Linearity", "cornername": "Nominal"}
[2026-05-29 09:41:57.777 Z] [WARN] [cadence.virtuoso.ade.simulationMonitor] -     WARNING (CMI-2424): I4.I3.C1<0>_dummy: `Voffcv' = -867.4e-03 is unusually small. {"history": "Interactive.275", "point": 1, "testname": "TIA_Gain_Linearity", "cornername": "Nominal"}
[2026-05-29 09:41:57.777 Z] [INFO] [cadence.virtuoso.ade.simulationMonitor] - Notice from spectre.
    1 warning suppressed. {"history": "Interactive.275", "point": 1, "testname": "TIA_Gain_Linearity", "cornername": "Nominal"}
[2026-05-29 09:41:57.777 Z] [INFO] [cadence.virtuoso.ade.simulationMonitor] - Notice from spectre during DC analysis `dc'.
    I26: `period' has the unusually large value of 6 s. {"history": "Interactive.275", "point": 1, "testname": "TIA_Gain_Linearity", "cornername": "Nominal"}
[2026-05-29 09:41:58.278 Z] [INFO] [cadence.virtuoso.ade.simulationMonitor] - Notice from spectre at Idc = -5.5e-06 during DC analysis `dc'.
    Bad pivoting is found during DC analysis. Option dc_pivot_check=yes is recommended for possible improvement of convergence. {"history": "Interactive.275", "point": 1, "testname": "TIA_Gain_Linearity", "cornername": "Nominal"}
[2026-05-29 09:41:58.278 Z] [INFO] [cadence.virtuoso.ade.simulationMonitor] - Notice from spectre at Idc = -5.48e-06 during DC analysis `dc'.
    I26: `period' has the unusually large value of 6 s.
    Bad pivoting is found during DC analysis. Option dc_pivot_check=yes is recommended for possible improvement of convergence. {"history": "Interactive.275", "point": 1, "testname": "TIA_Gain_Linearity", "cornername": "Nominal"}
[2026-05-29 09:41:58.278 Z] [INFO] [cadence.virtuoso.ade.simulationMonitor] - Notice from spectre at Idc = -5.46e-06 during DC analysis `dc'.
    I26: `period' has the unusually large value of 6 s.
    Bad pivoting is found during DC analysis. Option dc_pivot_check=yes is recommended for possible improvement of convergence. {"history": "Interactive.275", "point": 1, "testname": "TIA_Gain_Linearity", "cornername": "Nominal"}
[2026-05-29 09:41:58.279 Z] [INFO] [cadence.virtuoso.ade.simulationMonitor] - Notice from spectre at Idc = -5.44e-06 during DC analysis `dc'.
    I26: `period' has the unusually large value of 6 s.
    Bad pivoting is found during DC analysis. Option dc_pivot_check=yes is recommended for possible improvement of convergence. {"history": "Interactive.275", "point": 1, "testname": "TIA_Gain_Linearity", "cornername": "Nominal"}
[2026-05-29 09:41:58.279 Z] [INFO] [cadence.virtuoso.ade.simulationMonitor] - Notice from spectre at Idc = -5.42e-06 during DC analysis `dc'.
    I26: `period' has the unusually large value of 6 s.
        Further occurrences of this notice will be suppressed.
    Bad pivoting is found during DC analysis. Option dc_pivot_check=yes is recommended for possible improvement of convergence.
        Further occurrences of this notice will be suppressed. {"history": "Interactive.275", "point": 1, "testname": "TIA_Gain_Linearity", "cornername": "Nominal"}
[2026-05-29 09:42:00.781 Z] [WARN] [cadence.virtuoso.ade.simulationMonitor] -     WARNING (CMI-2943): Parameter checks have been ignored because the valid value for parameter 'trise' could not be found in 'C0'. {"history": "Interactive.275", "point": 1, "testname": "TIA_Gain_Linearity", "cornername": "Nominal"}
[2026-05-29 09:42:00.781 Z] [WARN] [cadence.virtuoso.ade.simulationMonitor] -     WARNING (CMI-2943): Parameter checks have been ignored because the valid value for parameter 'trise' could not be found in 'C1'. {"history": "Interactive.275", "point": 1, "testname": "TIA_Gain_Linearity", "cornername": "Nominal"}
[2026-05-29 09:42:00.781 Z] [WARN] [cadence.virtuoso.ade.simulationMonitor] -     WARNING (CMI-2943): Parameter checks have been ignored because the valid value for parameter 'trise' could not be found in 'C11'. {"history": "Interactive.275", "point": 1, "testname": "TIA_Gain_Linearity", "cornername": "Nominal"}
[2026-05-29 09:42:00.782 Z] [WARN] [cadence.virtuoso.ade.simulationMonitor] -     WARNING (CMI-2943): Parameter checks have been ignored because the valid value for parameter 'trise' could not be found in 'C12'. {"history": "Interactive.275", "point": 1, "testname": "TIA_Gain_Linearity", "cornername": "Nominal"}
[2026-05-29 09:42:00.782 Z] [WARN] [cadence.virtuoso.ade.simulationMonitor] -     WARNING (CMI-2943): Parameter checks have been ignored because the valid value for parameter 'trise' could not be found in 'C5'.
        Further occurrences of this warning will be suppressed. {"history": "Interactive.275", "point": 1, "testname": "TIA_Gain_Linearity", "cornername": "Nominal"}
[2026-05-29 09:42:01.282 Z] [INFO] [cadence.virtuoso.ade.simulationMonitor] - Notice from spectre at Idc = 5.5e-06 during DC analysis `dc'.
    The value of parameter 'Idc' has been reset to the original value 0. {"history": "Interactive.275", "point": 1, "testname": "TIA_Gain_Linearity", "cornername": "Nominal"}
[2026-05-29 09:42:01.283 Z] [INFO] [cadence.virtuoso.ade.simulationMonitor] - Total time required for dc analysis `dc': CPU = 8.6753 s, elapsed = 3.19172 s, util. = 272%. {"history": "Interactive.275", "point": 1, "testname": "TIA_Gain_Linearity", "cornername": "Nominal"}
[2026-05-29 09:42:01.283 Z] [INFO] [cadence.virtuoso.ade.simulationMonitor] - Peak resident memory used = 263 Mbytes. {"history": "Interactive.275", "point": 1, "testname": "TIA_Gain_Linearity", "cornername": "Nominal"}
[2026-05-29 09:42:01.283 Z] [INFO] [cadence.virtuoso.ade.simulationMonitor] - Notice from spectre.
    1099 notices suppressed.
    973 warnings suppressed. {"history": "Interactive.275", "point": 1, "testname": "TIA_Gain_Linearity", "cornername": "Nominal"}
[2026-05-29 09:42:01.283 Z] [WARN] [cadence.virtuoso.ade.simulationMonitor] -     WARNING (CMI-2943): Parameter checks have been ignored because the valid value for parameter 'trise' could not be found in 'C0'. {"history": "Interactive.275", "point": 1, "testname": "TIA_Gain_Linearity", "cornername": "Nominal"}
[2026-05-29 09:42:01.284 Z] [WARN] [cadence.virtuoso.ade.simulationMonitor] -     WARNING (CMI-2943): Parameter checks have been ignored because the valid value for parameter 'trise' could not be found in 'C1'. {"history": "Interactive.275", "point": 1, "testname": "TIA_Gain_Linearity", "cornername": "Nominal"}
[2026-05-29 09:42:01.284 Z] [WARN] [cadence.virtuoso.ade.simulationMonitor] -     WARNING (CMI-2943): Parameter checks have been ignored because the valid value for parameter 'trise' could not be found in 'C11'. {"history": "Interactive.275", "point": 1, "testname": "TIA_Gain_Linearity", "cornername": "Nominal"}
[2026-05-29 09:42:01.284 Z] [WARN] [cadence.virtuoso.ade.simulationMonitor] -     WARNING (CMI-2943): Parameter checks have been ignored because the valid value for parameter 'trise' could not be found in 'C12'. {"history": "Interactive.275", "point": 1, "testname": "TIA_Gain_Linearity", "cornername": "Nominal"}
[2026-05-29 09:42:01.284 Z] [WARN] [cadence.virtuoso.ade.simulationMonitor] -     WARNING (CMI-2943): Parameter checks have been ignored because the valid value for parameter 'trise' could not be found in 'C5'.
        Further occurrences of this warning will be suppressed. {"history": "Interactive.275", "point": 1, "testname": "TIA_Gain_Linearity", "cornername": "Nominal"}
[2026-05-29 09:42:01.285 Z] [INFO] [cadence.virtuoso.ade.simulationMonitor] - Notice from spectre during check, during IC analysis, during transient analysis `tran'.
    I0.I4.RLIB_GC1 of rdiffp3: `ig' has the unusually large value of -25.2511 A.
    I0.I3.RLIB_GC1 of rdiffp3: `ig' has the unusually large value of -89.0477 A.
    I0.I3.RLIB_GC2 of rdiffp3: `ig' has the unusually large value of -89.0477 A.
    I0.I6.RLIB_GC1 of rdiffp3: `ig' has the unusually large value of -89.0477 A.
    I0.I6.RLIB_GC2 of rdiffp3: `ig' has the unusually large value of -89.0477 A.
        Further oc... {"history": "Interactive.275", "point": 1, "testname": "TIA_Gain_Linearity", "cornername": "Nominal"}
[2026-05-29 09:42:08.788 Z] [INFO] [cadence.virtuoso.ade.simulationMonitor] - Total time required for tran analysis `tran': CPU = 55.9806 s, elapsed = 7.77748 s, util. = 720%. {"history": "Interactive.275", "point": 1, "testname": "TIA_Gain_Linearity", "cornername": "Nominal"}
[2026-05-29 09:42:08.788 Z] [INFO] [cadence.virtuoso.ade.simulationMonitor] - Peak resident memory used = 269 Mbytes. {"history": "Interactive.275", "point": 1, "testname": "TIA_Gain_Linearity", "cornername": "Nominal"}
[2026-05-29 09:42:08.788 Z] [INFO] [cadence.virtuoso.ade.simulationMonitor] - Notice from spectre.
    1 notice suppressed.
    973 warnings suppressed. {"history": "Interactive.275", "point": 1, "testname": "TIA_Gain_Linearity", "cornername": "Nominal"}
[2026-05-29 09:42:08.789 Z] [WARN] [cadence.virtuoso.ade.simulationMonitor] -     WARNING (CMI-2425): I4.I0.C0<0>_dummy: `Acde' = 2.393 is unusually large. {"history": "Interactive.275", "point": 1, "testname": "TIA_Gain_Linearity", "cornername": "Nominal"}
[2026-05-29 09:42:08.789 Z] [WARN] [cadence.virtuoso.ade.simulationMonitor] -     WARNING (CMI-2425): I4.I0.C0<0>_dummy: `Noff' = 4.732 is unusually large. {"history": "Interactive.275", "point": 1, "testname": "TIA_Gain_Linearity", "cornername": "Nominal"}
[2026-05-29 09:42:08.789 Z] [WARN] [cadence.virtuoso.ade.simulationMonitor] -     WARNING (CMI-2424): I4.I0.C0<0>_dummy: `Voffcv' = -867.4e-03 is unusually small. {"history": "Interactive.275", "point": 1, "testname": "TIA_Gain_Linearity", "cornername": "Nominal"}
[2026-05-29 09:42:08.789 Z] [WARN] [cadence.virtuoso.ade.simulationMonitor] -     WARNING (CMI-2425): I4.I4.C1<0>_dummy: `Acde' = 2.393 is unusually large. {"history": "Interactive.275", "point": 1, "testname": "TIA_Gain_Linearity", "cornername": "Nominal"}
[2026-05-29 09:42:08.789 Z] [WARN] [cadence.virtuoso.ade.simulationMonitor] -     WARNING (CMI-2425): I4.I4.C1<0>_dummy: `Noff' = 4.732 is unusually large. {"history": "Interactive.275", "point": 1, "testname": "TIA_Gain_Linearity", "cornername": "Nominal"}
[2026-05-29 09:42:08.789 Z] [WARN] [cadence.virtuoso.ade.simulationMonitor] -     WARNING (CMI-2424): I4.I4.C1<0>_dummy: `Voffcv' = -867.4e-03 is unusually small. {"history": "Interactive.275", "point": 1, "testname": "TIA_Gain_Linearity", "cornername": "Nominal"}
[2026-05-29 09:42:08.790 Z] [WARN] [cadence.virtuoso.ade.simulationMonitor] -     WARNING (CMI-2425): I4.I3.C1<0>_dummy: `Acde' = 2.393 is unusually large.
        Further occurrences of this warning will be suppressed. {"history": "Interactive.275", "point": 1, "testname": "TIA_Gain_Linearity", "cornername": "Nominal"}
[2026-05-29 09:42:08.790 Z] [WARN] [cadence.virtuoso.ade.simulationMonitor] -     WARNING (CMI-2424): I4.I3.C1<0>_dummy: `Voffcv' = -867.4e-03 is unusually small. {"history": "Interactive.275", "point": 1, "testname": "TIA_Gain_Linearity", "cornername": "Nominal"}
[2026-05-29 09:42:09.290 Z] [INFO] [cadence.virtuoso.ade.simulationMonitor] - Notice from spectre.
    1 warning suppressed. {"history": "Interactive.275", "point": 1, "testname": "TIA_Gain_Linearity", "cornername": "Nominal"}
[2026-05-29 09:42:09.291 Z] [WARN] [cadence.virtuoso.ade.simulationMonitor] -     WARNING (CMI-2425): I2.I25.I22.C2: `Acde' = 2.393 is unusually large. {"history": "Interactive.275", "point": 1, "testname": "TIA_Gain_Linearity", "cornername": "Nominal"}
[2026-05-29 09:42:09.291 Z] [WARN] [cadence.virtuoso.ade.simulationMonitor] -     WARNING (CMI-2425): I2.I25.I22.C2: `Noff' = 4.732 is unusually large. {"history": "Interactive.275", "point": 1, "testname": "TIA_Gain_Linearity", "cornername": "Nominal"}
[2026-05-29 09:42:09.292 Z] [WARN] [cadence.virtuoso.ade.simulationMonitor] -     WARNING (CMI-2424): I2.I25.I22.C2: `Voffcv' = -867.4e-03 is unusually small. {"history": "Interactive.275", "point": 1, "testname": "TIA_Gain_Linearity", "cornername": "Nominal"}
[2026-05-29 09:42:09.292 Z] [WARN] [cadence.virtuoso.ade.simulationMonitor] -     WARNING (CMI-2425): I2.I25.I33.C1: `Acde' = 2.393 is unusually large. {"history": "Interactive.275", "point": 1, "testname": "TIA_Gain_Linearity", "cornername": "Nominal"}
[2026-05-29 09:42:09.292 Z] [WARN] [cadence.virtuoso.ade.simulationMonitor] -     WARNING (CMI-2425): I2.I25.I33.C1: `Noff' = 4.732 is unusually large. {"history": "Interactive.275", "point": 1, "testname": "TIA_Gain_Linearity", "cornername": "Nominal"}
[2026-05-29 09:42:09.292 Z] [WARN] [cadence.virtuoso.ade.simulationMonitor] -     WARNING (CMI-2424): I2.I25.I33.C1: `Voffcv' = -867.4e-03 is unusually small. {"history": "Interactive.275", "point": 1, "testname": "TIA_Gain_Linearity", "cornername": "Nominal"}
[2026-05-29 09:42:09.293 Z] [WARN] [cadence.virtuoso.ade.simulationMonitor] -     WARNING (CMI-2425): I2.I25.I33.C0: `Acde' = 2.393 is unusually large.
        Further occurrences of this warning will be suppressed. {"history": "Interactive.275", "point": 1, "testname": "TIA_Gain_Linearity", "cornername": "Nominal"}
[2026-05-29 09:42:09.293 Z] [WARN] [cadence.virtuoso.ade.simulationMonitor] -     WARNING (CMI-2424): I2.I25.I33.C0: `Voffcv' = -867.4e-03 is unusually small. {"history": "Interactive.275", "point": 1, "testname": "TIA_Gain_Linearity", "cornername": "Nominal"}
[2026-05-29 09:42:09.293 Z] [WARN] [cadence.virtuoso.ade.simulationMonitor] -     WARNING (CMI-2424): I2.I56.I3.C2: `Voffcv' = -867.4e-03 is unusually small. {"history": "Interactive.275", "point": 1, "testname": "TIA_Gain_Linearity", "cornername": "Nominal"}
[2026-05-29 09:42:09.293 Z] [WARN] [cadence.virtuoso.ade.simulationMonitor] -     WARNING (CMI-2424): I4.I1.C0: `Voffcv' = -867.4e-03 is unusually small.
        Further occurrences of this warning will be suppressed. {"history": "Interactive.275", "point": 1, "testname": "TIA_Gain_Linearity", "cornername": "Nominal"}
[2026-05-29 09:42:09.793 Z] [WARN] [cadence.virtuoso.ade.simulationMonitor] -     WARNING (CMI-2943): Parameter checks have been ignored because the valid value for parameter 'trise' could not be found in 'C0'. {"history": "Interactive.275", "point": 1, "testname": "TIA_Gain_Linearity", "cornername": "Nominal"}
[2026-05-29 09:42:09.794 Z] [WARN] [cadence.virtuoso.ade.simulationMonitor] -     WARNING (CMI-2943): Parameter checks have been ignored because the valid value for parameter 'trise' could not be found in 'C1'. {"history": "Interactive.275", "point": 1, "testname": "TIA_Gain_Linearity", "cornername": "Nominal"}
[2026-05-29 09:42:09.794 Z] [WARN] [cadence.virtuoso.ade.simulationMonitor] -     WARNING (CMI-2943): Parameter checks have been ignored because the valid value for parameter 'trise' could not be found in 'C11'. {"history": "Interactive.275", "point": 1, "testname": "TIA_Gain_Linearity", "cornername": "Nominal"}
[2026-05-29 09:42:09.794 Z] [WARN] [cadence.virtuoso.ade.simulationMonitor] -     WARNING (CMI-2943): Parameter checks have been ignored because the valid value for parameter 'trise' could not be found in 'C12'. {"history": "Interactive.275", "point": 1, "testname": "TIA_Gain_Linearity", "cornername": "Nominal"}
[2026-05-29 09:42:09.794 Z] [WARN] [cadence.virtuoso.ade.simulationMonitor] -     WARNING (CMI-2943): Parameter checks have been ignored because the valid value for parameter 'trise' could not be found in 'C5'.
        Further occurrences of this warning will be suppressed. {"history": "Interactive.275", "point": 1, "testname": "TIA_Gain_Linearity", "cornername": "Nominal"}
[2026-05-29 09:42:09.795 Z] [INFO] [cadence.virtuoso.ade.simulationMonitor] - Notice from spectre during check, during DC analysis, during AC analysis `ac'.
    I0.I4.RLIB_GC1 of rdiffp3: `ig' has the unusually large value of -25.2511 A.
    I0.I3.RLIB_GC1 of rdiffp3: `ig' has the unusually large value of -89.0477 A.
    I0.I3.RLIB_GC2 of rdiffp3: `ig' has the unusually large value of -89.0477 A.
    I0.I6.RLIB_GC1 of rdiffp3: `ig' has the unusually large value of -89.0477 A.
    I0.I6.RLIB_GC2 of rdiffp3: `ig' has the unusually large value of -89.0477 A.
        Further occurrences... {"history": "Interactive.275", "point": 1, "testname": "TIA_Gain_Linearity", "cornername": "Nominal"}
[2026-05-29 09:42:10.795 Z] [INFO] [cadence.virtuoso.ade.simulationMonitor] - Total time required for ac analysis `ac': CPU = 5.18297 s, elapsed = 1.47441 s, util. = 352%. {"history": "Interactive.275", "point": 1, "testname": "TIA_Gain_Linearity", "cornername": "Nominal"}
[2026-05-29 09:42:10.796 Z] [INFO] [cadence.virtuoso.ade.simulationMonitor] - Peak resident memory used = 275 Mbytes. {"history": "Interactive.275", "point": 1, "testname": "TIA_Gain_Linearity", "cornername": "Nominal"}
[2026-05-29 09:42:10.796 Z] [INFO] [cadence.virtuoso.ade.simulationMonitor] - Notice from spectre.
    1 notice suppressed.
    993 warnings suppressed. {"history": "Interactive.275", "point": 1, "testname": "TIA_Gain_Linearity", "cornername": "Nominal"}
[2026-05-29 09:42:10.796 Z] [WARN] [cadence.virtuoso.ade.simulationMonitor] -     WARNING (CMI-2425): I2.I25.I22.C2: `Acde' = 2.393 is unusually large. {"history": "Interactive.275", "point": 1, "testname": "TIA_Gain_Linearity", "cornername": "Nominal"}
[2026-05-29 09:42:10.796 Z] [WARN] [cadence.virtuoso.ade.simulationMonitor] -     WARNING (CMI-2425): I2.I25.I22.C2: `Noff' = 4.732 is unusually large. {"history": "Interactive.275", "point": 1, "testname": "TIA_Gain_Linearity", "cornername": "Nominal"}
[2026-05-29 09:42:10.797 Z] [WARN] [cadence.virtuoso.ade.simulationMonitor] -     WARNING (CMI-2424): I2.I25.I22.C2: `Voffcv' = -867.4e-03 is unusually small. {"history": "Interactive.275", "point": 1, "testname": "TIA_Gain_Linearity", "cornername": "Nominal"}
[2026-05-29 09:42:10.797 Z] [WARN] [cadence.virtuoso.ade.simulationMonitor] -     WARNING (CMI-2425): I2.I25.I33.C1: `Acde' = 2.393 is unusually large. {"history": "Interactive.275", "point": 1, "testname": "TIA_Gain_Linearity", "cornername": "Nominal"}
[2026-05-29 09:42:10.797 Z] [WARN] [cadence.virtuoso.ade.simulationMonitor] -     WARNING (CMI-2425): I2.I25.I33.C1: `Noff' = 4.732 is unusually large. {"history": "Interactive.275", "point": 1, "testname": "TIA_Gain_Linearity", "cornername": "Nominal"}
[2026-05-29 09:42:10.797 Z] [WARN] [cadence.virtuoso.ade.simulationMonitor] -     WARNING (CMI-2424): I2.I25.I33.C1: `Voffcv' = -867.4e-03 is unusually small. {"history": "Interactive.275", "point": 1, "testname": "TIA_Gain_Linearity", "cornername": "Nominal"}
[2026-05-29 09:42:10.797 Z] [WARN] [cadence.virtuoso.ade.simulationMonitor] -     WARNING (CMI-2425): I2.I25.I33.C0: `Acde' = 2.393 is unusually large.
        Further occurrences of this warning will be suppressed. {"history": "Interactive.275", "point": 1, "testname": "TIA_Gain_Linearity", "cornername": "Nominal"}
[2026-05-29 09:42:10.797 Z] [WARN] [cadence.virtuoso.ade.simulationMonitor] -     WARNING (CMI-2424): I2.I25.I33.C0: `Voffcv' = -867.4e-03 is unusually small. {"history": "Interactive.275", "point": 1, "testname": "TIA_Gain_Linearity", "cornername": "Nominal"}
[2026-05-29 09:42:10.798 Z] [WARN] [cadence.virtuoso.ade.simulationMonitor] -     WARNING (CMI-2424): I2.I56.I3.C2: `Voffcv' = -867.4e-03 is unusually small. {"history": "Interactive.275", "point": 1, "testname": "TIA_Gain_Linearity", "cornername": "Nominal"}
[2026-05-29 09:42:10.798 Z] [WARN] [cadence.virtuoso.ade.simulationMonitor] -     WARNING (CMI-2424): I4.I1.C0: `Voffcv' = -867.4e-03 is unusually small.
        Further occurrences of this warning will be suppressed. {"history": "Interactive.275", "point": 1, "testname": "TIA_Gain_Linearity", "cornername": "Nominal"}
[2026-05-29 09:42:10.798 Z] [INFO] [cadence.virtuoso.ade.simulationMonitor] - Notice from spectre during Noise analysis `noise'.
    Operating points will not be recomputed: the circuit and conditions were not changed since previous analysis. {"history": "Interactive.275", "point": 1, "testname": "TIA_Gain_Linearity", "cornername": "Nominal"}
[2026-05-29 09:42:11.798 Z] [INFO] [cadence.virtuoso.ade.simulationMonitor] - Total time required for noise analysis `noise': CPU = 2.11365 s, elapsed = 1.45416 s, util. = 145%. {"history": "Interactive.275", "point": 1, "testname": "TIA_Gain_Linearity", "cornername": "Nominal"}
[2026-05-29 09:42:11.799 Z] [INFO] [cadence.virtuoso.ade.simulationMonitor] - Peak resident memory used = 275 Mbytes. {"history": "Interactive.275", "point": 1, "testname": "TIA_Gain_Linearity", "cornername": "Nominal"}
[2026-05-29 09:42:11.799 Z] [INFO] [cadence.virtuoso.ade.simulationMonitor] - Notice from spectre.
    20 warnings suppressed. {"history": "Interactive.275", "point": 1, "testname": "TIA_Gain_Linearity", "cornername": "Nominal"}
[2026-05-29 09:42:12.301 Z] [WARN] [cadence.virtuoso.ade.simulationMonitor] -     WARNING (CMI-2425): I4.I0.C0<0>_dummy: `Acde' = 2.393 is unusually large. {"history": "Interactive.275", "point": 1, "testname": "TIA_Gain_Linearity", "cornername": "Nominal"}
[2026-05-29 09:42:12.301 Z] [WARN] [cadence.virtuoso.ade.simulationMonitor] -     WARNING (CMI-2425): I4.I0.C0<0>_dummy: `Noff' = 4.732 is unusually large. {"history": "Interactive.275", "point": 1, "testname": "TIA_Gain_Linearity", "cornername": "Nominal"}
[2026-05-29 09:42:12.301 Z] [WARN] [cadence.virtuoso.ade.simulationMonitor] -     WARNING (CMI-2424): I4.I0.C0<0>_dummy: `Voffcv' = -867.4e-03 is unusually small. {"history": "Interactive.275", "point": 1, "testname": "TIA_Gain_Linearity", "cornername": "Nominal"}
[2026-05-29 09:42:12.301 Z] [WARN] [cadence.virtuoso.ade.simulationMonitor] -     WARNING (CMI-2425): I4.I4.C1<0>_dummy: `Acde' = 2.393 is unusually large. {"history": "Interactive.275", "point": 1, "testname": "TIA_Gain_Linearity", "cornername": "Nominal"}
[2026-05-29 09:42:12.302 Z] [WARN] [cadence.virtuoso.ade.simulationMonitor] -     WARNING (CMI-2425): I4.I4.C1<0>_dummy: `Noff' = 4.732 is unusually large. {"history": "Interactive.275", "point": 1, "testname": "TIA_Gain_Linearity", "cornername": "Nominal"}
[2026-05-29 09:42:12.302 Z] [WARN] [cadence.virtuoso.ade.simulationMonitor] -     WARNING (CMI-2424): I4.I4.C1<0>_dummy: `Voffcv' = -867.4e-03 is unusually small. {"history": "Interactive.275", "point": 1, "testname": "TIA_Gain_Linearity", "cornername": "Nominal"}
[2026-05-29 09:42:12.302 Z] [WARN] [cadence.virtuoso.ade.simulationMonitor] -     WARNING (CMI-2425): I4.I3.C1<0>_dummy: `Acde' = 2.393 is unusually large.
        Further occurrences of this warning will be suppressed. {"history": "Interactive.275", "point": 1, "testname": "TIA_Gain_Linearity", "cornername": "Nominal"}
[2026-05-29 09:42:12.302 Z] [WARN] [cadence.virtuoso.ade.simulationMonitor] -     WARNING (CMI-2424): I4.I3.C1<0>_dummy: `Voffcv' = -867.4e-03 is unusually small. {"history": "Interactive.275", "point": 1, "testname": "TIA_Gain_Linearity", "cornername": "Nominal"}
[2026-05-29 09:42:12.302 Z] [INFO] [cadence.virtuoso.ade.simulationMonitor] - Notice from spectre.
    1 warning suppressed. {"history": "Interactive.275", "point": 1, "testname": "TIA_Gain_Linearity", "cornername": "Nominal"}
[2026-05-29 09:42:12.303 Z] [INFO] [cadence.virtuoso.ade.simulationMonitor] - Time used: CPU = 76.8 s (1m  16.8s), elapsed = 17.4 s, util. = 442%. {"history": "Interactive.275", "point": 1, "testname": "TIA_Gain_Linearity", "cornername": "Nominal"}
[2026-05-29 09:42:12.303 Z] [INFO] [cadence.virtuoso.ade.simulationMonitor] - Time spent in licensing: elapsed = 90.6 ms. {"history": "Interactive.275", "point": 1, "testname": "TIA_Gain_Linearity", "cornername": "Nominal"}
[2026-05-29 09:42:12.304 Z] [INFO] [cadence.virtuoso.ade.simulationMonitor] - Peak memory used = 275 Mbytes. {"history": "Interactive.275", "point": 1, "testname": "TIA_Gain_Linearity", "cornername": "Nominal"}
[2026-05-29 09:42:12.305 Z] [PROCESS] [cadence.virtuoso.ade.simulationMonitor] - Simulation started at: 9:41:54 AM, Fri May 29, 2026, ended at: 9:42:11 AM, Fri May 29, 2026, with elapsed time (wall clock): 17.4 s. {"history": "Interactive.275", "point": 1, "testname": "TIA_Gain_Linearity", "cornername": "Nominal"}
[2026-05-29 09:42:12.306 Z] [PROCESS] [cadence.virtuoso.ade.simulationMonitor] - spectre completes with 0 errors, 108 warnings, and 59 notices. {"history": "Interactive.275", "point": 1, "testname": "TIA_Gain_Linearity", "cornername": "Nominal"}
[2026-05-29 09:42:12.306 Z] [PROCESS] [cadence.virtuoso.ade.simulationMonitor] - Finished simulating for one point {"hostname": "il2244vt26_hrahimi", "processid": 657312, "history": "Interactive.275", "testname": "TIA_Gain_Linearity", "cornername": "Nominal", "point": 1, "logfile": "/home/hrahimi/projects/POTENTIOSTAT_26/logs_hrahimi/logs0/Job153.log", "simid": "1"}
[2026-05-29 09:42:12.306 Z] [PROCESS] [cadence.virtuoso.ade.simulationMonitor] - Simulator exited {"hostname": "il2244vt26_hrahimi", "processid": 657312, "history": "Interactive.275", "testname": "TIA_Gain_Linearity", "cornername": "Nominal", "point": 1, "logfile": "/home/hrahimi/projects/POTENTIOSTAT_26/logs_hrahimi/logs0/Job153.log", "exitStatus": "0"}
[2026-05-29 09:42:12.306 Z] [PROCESS] [cadence.virtuoso.ade.simulationMonitor] - Finished Simulation {"hostname": "il2244vt26_hrahimi", "processid": 657312, "history": "Interactive.275", "testname": "TIA_Gain_Linearity", "cornername": "Nominal", "point": 1, "logfile": "/home/hrahimi/projects/POTENTIOSTAT_26/logs_hrahimi/logs0/Job153.log", "simid": "1"}
[2026-05-29 09:42:16.320 Z] [PROCESS] [cadence.virtuoso.ade.simulationMonitor] - Point Finished {"hostname": "il2244vt26_hrahimi", "processid": 657312, "history": "Interactive.275", "testname": "TIA_Gain_Linearity", "cornername": "Nominal", "point": 1, "logfile": "/home/hrahimi/projects/POTENTIOSTAT_26/logs_hrahimi/logs0/Job153.log"}
[2026-05-29 09:42:16.638 Z] [PROCESS] [cadence.virtuoso.ade.simulationMonitor] - Padding test token found for runId '40', Linger time '300', currentRunSyn '75', currentTestSyn '76' {"hostname": "il2244vt26_hrahimi", "processid": 657312, "history": "Interactive.275", "testname": "TIA_Gain_Linearity", "cornername": "Nominal", "point": 1, "logfile": "/home/hrahimi/projects/POTENTIOSTAT_26/logs_hrahimi/logs0/Job153.log"}
[2026-05-29 09:42:17.648 Z] [PROCESS] [cadence.virtuoso.ade.simulationMonitor] - Padding test token found for runId '40', Linger time '300', currentRunSyn '75', currentTestSyn '76' {"hostname": "il2244vt26_hrahimi", "processid": 657312, "history": "Interactive.275", "testname": "TIA_Gain_Linearity", "cornername": "Nominal", "point": 1, "logfile": "/home/hrahimi/projects/POTENTIOSTAT_26/logs_hrahimi/logs0/Job153.log"}
[2026-05-29 09:42:17.652 Z] [PROCESS] [cadence.virtuoso.ade.simulationMonitor] - Stay with the runId '40', Linger time '300', currentRunSyn '75', currentTestSyn '76' {"hostname": "il2244vt26_hrahimi", "processid": 657312, "history": "Interactive.275", "testname": "TIA_Gain_Linearity", "cornername": "Nominal", "point": 1, "logfile": "/home/hrahimi/projects/POTENTIOSTAT_26/logs_hrahimi/logs0/Job153.log"}
[2026-05-29 09:45:12.645 Z] [PROCESS] [cadence.virtuoso.ade.simulationMonitor] - Started History {"hostname": "il2244vt26_hrahimi", "processid": 657312, "history": "Interactive.276", "testname": "TIA_Gain_Linearity", "cornername": "Nominal", "point": 1, "logfile": "/home/hrahimi/projects/POTENTIOSTAT_26/logs_hrahimi/logs0/Job153.log"}
[2026-05-29 09:45:12.646 Z] [PROCESS] [cadence.virtuoso.ade.simulationMonitor] - HostInfo:
Host name (type):	il2244vt26_hrahimi (x86_64)
Operating system:	Linux 5.15.0-164-generic #174-Ubuntu SMP Fri Nov 14 20:25:16 UTC 2025 {"hostname": "il2244vt26_hrahimi", "processid": 657312, "history": "Interactive.276", "testname": "TIA_Gain_Linearity", "cornername": "Nominal", "point": 1, "logfile": "/home/hrahimi/projects/POTENTIOSTAT_26/logs_hrahimi/logs0/Job153.log", "nodename": "il2244vt26_hrahimi", "domainname": "(none)", "machine": "x86_64", "sysname": "Linux", "release": "5.15.0-164-generic", "version": "#174-Ubuntu SMP Fri Nov 14 20:25:16 UTC 2025"}
[2026-05-29 09:45:12.646 Z] [PROCESS] [cadence.virtuoso.ade.simulationMonitor] - UsageInfo:
pid=657312
totalPhysicalMemory=3023.749672GB,Used=2445.659363GB,totalVirtualMemory=3031.749668GB,Used=2445.686707GB
Cpu: Cores=48, Load average:5.980000,6.460000,6.500000 {"hostname": "il2244vt26_hrahimi", "processid": 657312, "history": "Interactive.276", "testname": "TIA_Gain_Linearity", "cornername": "Nominal", "point": 1, "logfile": "/home/hrahimi/projects/POTENTIOSTAT_26/logs_hrahimi/logs0/Job153.log", "pid": "657312", "totalPhysicalMemory": "3023.749672", "physicalMemoryUsed": "2445.659363", "totalVirtualMemory": "3031.749668", "virtualMemoryUsed": "2445.686707", "cpuCores": "48", "processes": "29634", "loadAverage1": "5.980000", "loadAverage5": "6.460000", "loadAverage15": "6.500000", "loadAverage1Percent": "0.124583"}
[2026-05-29 09:45:12.648 Z] [EVENT] [cadence.virtuoso.ade.simulationMonitor] - NewPoint {"history": "Interactive.276", "point": 1, "testname": "TIA_Gain_Linearity", "cornername": "Nominal", "event": "NewPoint", "EventSource": "Simulation Monitor", "HistoryName": "Interactive.276", "logFile": "/home/hrahimi/projects/POTENTIOSTAT_26/logs_hrahimi/logs0/Job153.log", "logFileSize": "55029"}
[2026-05-29 09:45:12.751 Z] [EVENT] [cadence.virtuoso.ade.simulationMonitor] - NewPoint {"history": "Interactive.276", "point": 1, "testname": "TIA_Gain_Linearity", "cornername": "Nominal", "event": "NewPoint", "EventSource": "spectre", "HistoryName": "Interactive.276", "logFile": "/home/hrahimi/projects/POTENTIOSTAT_26/Sim/Potentiostat_Top/top/maestro/results/maestro/Interactive.276/1/TIA_Gain_Linearity/psf/spectre.out", "logFileSize": "-1"}
[2026-05-29 09:45:13.167 Z] [PROCESS] [cadence.virtuoso.ade.simulationMonitor] - Simulator launched {"hostname": "il2244vt26_hrahimi", "processid": 657312, "history": "Interactive.276", "testname": "TIA_Gain_Linearity", "cornername": "Nominal", "point": 1, "logfile": "/home/hrahimi/projects/POTENTIOSTAT_26/logs_hrahimi/logs0/Job153.log", "simid": "2"}
[2026-05-29 09:45:13.171 Z] [PROCESS] [cadence.virtuoso.ade.simulationMonitor] - Expression evaluator launched {"hostname": "il2244vt26_hrahimi", "processid": 657312, "history": "Interactive.276", "testname": "TIA_Gain_Linearity", "cornername": "Nominal", "point": 1, "logfile": "/home/hrahimi/projects/POTENTIOSTAT_26/logs_hrahimi/logs0/Job153.log"}
[2026-05-29 09:45:13.232 Z] [PROCESS] [cadence.virtuoso.ade.simulationMonitor] - Started Simulation {"hostname": "il2244vt26_hrahimi", "processid": 657312, "history": "Interactive.276", "testname": "TIA_Gain_Linearity", "cornername": "Nominal", "point": 1, "logfile": "/home/hrahimi/projects/POTENTIOSTAT_26/logs_hrahimi/logs0/Job153.log", "event": "started", "task": "simulation"}
[2026-05-29 09:45:14.233 Z] [WARN] [cadence.virtuoso.ade.simulationMonitor] -     WARNING (SPECTRE-691): This CPU processor does not support x86 advanced vector extensions instructions. This may affect math operations and slow down the simulation. {"history": "Interactive.276", "point": 1, "testname": "TIA_Gain_Linearity", "cornername": "Nominal"}
[2026-05-29 09:45:14.234 Z] [INFO] [cadence.virtuoso.ade.simulationMonitor] - Notice from spectre during circuit read-in.
    Pre_Configuration file used: /opt/tools/cadence/installs/SPECTRE241/tools.lnx86/spectre/etc/configs/preset.precfg
    Configuration file used: `/opt/tools/cadence/installs/SPECTRE241/tools.lnx86/spectre/etc/configs/preset.cfg'. {"history": "Interactive.276", "point": 1, "testname": "TIA_Gain_Linearity", "cornername": "Nominal"}
[2026-05-29 09:45:14.234 Z] [WARN] [cadence.virtuoso.ade.simulationMonitor] -     WARNING (SPECTRE-8360): line 1511: `ac' is an undefined primitive device. {"history": "Interactive.276", "point": 1, "testname": "TIA_Gain_Linearity", "cornername": "Nominal"}
[2026-05-29 09:45:14.234 Z] [WARN] [cadence.virtuoso.ade.simulationMonitor] -     WARNING (SPECTRE-8360): line 1512: `ac' is an undefined primitive device. {"history": "Interactive.276", "point": 1, "testname": "TIA_Gain_Linearity", "cornername": "Nominal"}
[2026-05-29 09:45:14.234 Z] [WARN] [cadence.virtuoso.ade.simulationMonitor] -     WARNING (SPECTRE-8360): line 1513: `ac' is an undefined primitive device. {"history": "Interactive.276", "point": 1, "testname": "TIA_Gain_Linearity", "cornername": "Nominal"}
[2026-05-29 09:45:14.234 Z] [WARN] [cadence.virtuoso.ade.simulationMonitor] -     WARNING (SPECTRE-8360): line 1514: `ac' is an undefined primitive device. {"history": "Interactive.276", "point": 1, "testname": "TIA_Gain_Linearity", "cornername": "Nominal"}
[2026-05-29 09:45:14.235 Z] [WARN] [cadence.virtuoso.ade.simulationMonitor] -     WARNING (SPECTRE-8360): line 1515: `ac' is an undefined primitive device.
        Further occurrences of this warning will be suppressed. {"history": "Interactive.276", "point": 1, "testname": "TIA_Gain_Linearity", "cornername": "Nominal"}
[2026-05-29 09:45:14.235 Z] [WARN] [cadence.virtuoso.ade.simulationMonitor] -     WARNING (VACOMP-2435): The environment variable CDS_AHDLCMI_ENABLE is no longer supported. Therefore, the simulator will use the default compiled C code flow. {"history": "Interactive.276", "point": 1, "testname": "TIA_Gain_Linearity", "cornername": "Nominal"}
[2026-05-29 09:45:14.735 Z] [INFO] [cadence.virtuoso.ade.simulationMonitor] - Peak resident memory used = 204 Mbytes. {"history": "Interactive.276", "point": 1, "testname": "TIA_Gain_Linearity", "cornername": "Nominal"}
[2026-05-29 09:45:16.236 Z] [WARN] [cadence.virtuoso.ade.simulationMonitor] -     WARNING (SFE-3027): The dangling resistor I4.I1.re23 is removed. {"history": "Interactive.276", "point": 1, "testname": "TIA_Gain_Linearity", "cornername": "Nominal"}
[2026-05-29 09:45:16.237 Z] [WARN] [cadence.virtuoso.ade.simulationMonitor] -     WARNING (SFE-3027): The dangling resistor I4.I1.re88 is removed. {"history": "Interactive.276", "point": 1, "testname": "TIA_Gain_Linearity", "cornername": "Nominal"}
[2026-05-29 09:45:16.237 Z] [WARN] [cadence.virtuoso.ade.simulationMonitor] -     WARNING (SFE-3027): The dangling resistor I4.I1.re89 is removed. {"history": "Interactive.276", "point": 1, "testname": "TIA_Gain_Linearity", "cornername": "Nominal"}
[2026-05-29 09:45:16.237 Z] [WARN] [cadence.virtuoso.ade.simulationMonitor] -     WARNING (SFE-3027): The dangling resistor I4.I0.re22 is removed. {"history": "Interactive.276", "point": 1, "testname": "TIA_Gain_Linearity", "cornername": "Nominal"}
[2026-05-29 09:45:16.237 Z] [WARN] [cadence.virtuoso.ade.simulationMonitor] -     WARNING (SFE-3027): The dangling resistor I4.I0.re29 is removed.
        Further occurrences of this warning will be suppressed. {"history": "Interactive.276", "point": 1, "testname": "TIA_Gain_Linearity", "cornername": "Nominal"}
[2026-05-29 09:45:16.238 Z] [WARN] [cadence.virtuoso.ade.simulationMonitor] -     WARNING (SFE-3012): The dummy device I0.I16.DLIB9 is removed. {"history": "Interactive.276", "point": 1, "testname": "TIA_Gain_Linearity", "cornername": "Nominal"}
[2026-05-29 09:45:16.238 Z] [WARN] [cadence.virtuoso.ade.simulationMonitor] -     WARNING (SFE-3012): The dummy device I2.I56.Q2<0>_turbo_m32 is removed. {"history": "Interactive.276", "point": 1, "testname": "TIA_Gain_Linearity", "cornername": "Nominal"}
[2026-05-29 09:45:16.238 Z] [WARN] [cadence.virtuoso.ade.simulationMonitor] -     WARNING (SFE-3012): The dummy device I0.I16.DLIB11 is removed. {"history": "Interactive.276", "point": 1, "testname": "TIA_Gain_Linearity", "cornername": "Nominal"}
[2026-05-29 09:45:16.238 Z] [WARN] [cadence.virtuoso.ade.simulationMonitor] -     WARNING (SFE-3012): The dummy device I0.I15.DLIB9 is removed. {"history": "Interactive.276", "point": 1, "testname": "TIA_Gain_Linearity", "cornername": "Nominal"}
[2026-05-29 09:45:16.238 Z] [WARN] [cadence.virtuoso.ade.simulationMonitor] -     WARNING (SFE-3012): The dummy device I0.I0.DLIB6 is removed.
        Further occurrences of this warning will be suppressed. {"history": "Interactive.276", "point": 1, "testname": "TIA_Gain_Linearity", "cornername": "Nominal"}
[2026-05-29 09:45:16.238 Z] [WARN] [cadence.virtuoso.ade.simulationMonitor] -     WARNING (SFE-3029): The dummy capacitor I2.I25.I28.c1066 is removed. {"history": "Interactive.276", "point": 1, "testname": "TIA_Gain_Linearity", "cornername": "Nominal"}
[2026-05-29 09:45:16.239 Z] [WARN] [cadence.virtuoso.ade.simulationMonitor] -     WARNING (SFE-3028): The floating resistor R8 is removed. {"history": "Interactive.276", "point": 1, "testname": "TIA_Gain_Linearity", "cornername": "Nominal"}
[2026-05-29 09:45:16.239 Z] [WARN] [cadence.virtuoso.ade.simulationMonitor] -     WARNING (SFE-3015): The dangling node I2.I25.I28.6\:net1 is removed. {"history": "Interactive.276", "point": 1, "testname": "TIA_Gain_Linearity", "cornername": "Nominal"}
[2026-05-29 09:45:16.239 Z] [WARN] [cadence.virtuoso.ade.simulationMonitor] -     WARNING (SFE-3015): The dangling node I2.I25.I28.8\:net5 is removed. {"history": "Interactive.276", "point": 1, "testname": "TIA_Gain_Linearity", "cornername": "Nominal"}
[2026-05-29 09:45:16.239 Z] [WARN] [cadence.virtuoso.ade.simulationMonitor] -     WARNING (SFE-3015): The dangling node I2.I25.I30.13\:SN is removed. {"history": "Interactive.276", "point": 1, "testname": "TIA_Gain_Linearity", "cornername": "Nominal"}
[2026-05-29 09:45:16.239 Z] [WARN] [cadence.virtuoso.ade.simulationMonitor] -     WARNING (SFE-3015): The dangling node I2.I25.I35.13\:SN is removed. {"history": "Interactive.276", "point": 1, "testname": "TIA_Gain_Linearity", "cornername": "Nominal"}
[2026-05-29 09:45:16.239 Z] [WARN] [cadence.virtuoso.ade.simulationMonitor] -     WARNING (SFE-3015): The dangling node I4.I2.28\:Y is removed.
        Further occurrences of this warning will be suppressed. {"history": "Interactive.276", "point": 1, "testname": "TIA_Gain_Linearity", "cornername": "Nominal"}
[2026-05-29 09:45:16.240 Z] [WARN] [cadence.virtuoso.ade.simulationMonitor] -     WARNING (SFE-3016): The floating node net73 is removed. {"history": "Interactive.276", "point": 1, "testname": "TIA_Gain_Linearity", "cornername": "Nominal"}
[2026-05-29 09:45:16.240 Z] [WARN] [cadence.virtuoso.ade.simulationMonitor] -     WARNING (SFE-3016): The floating node net74 is removed. {"history": "Interactive.276", "point": 1, "testname": "TIA_Gain_Linearity", "cornername": "Nominal"}
[2026-05-29 09:45:16.240 Z] [INFO] [cadence.virtuoso.ade.simulationMonitor] - Notice from spectre during hierarchy flattening.
    Spectre X Parasitic Optimization enabled.
    Parasitic optimization will filter out parasitic nodes, nodes only connected to RCs, by default. To view individual parasitic nodes use individual save statements (i.e. save out), or use the 'savefilter=none' option to save all parasitic nodes. Saving all parasitic nodes may slow down simulation and create large waveform files. {"history": "Interactive.276", "point": 1, "testname": "TIA_Gain_Linearity", "cornername": "Nominal"}
[2026-05-29 09:45:16.240 Z] [INFO] [cadence.virtuoso.ade.simulationMonitor] - Peak resident memory used = 229 Mbytes. {"history": "Interactive.276", "point": 1, "testname": "TIA_Gain_Linearity", "cornername": "Nominal"}
[2026-05-29 09:45:16.240 Z] [INFO] [cadence.virtuoso.ade.simulationMonitor] - Notice from spectre during hierarchy flattening.
    The value 'psf' specified for the 'checklimitdest' option will no longer be supported in future releases. Use 'spectre -h' to see other recommended values for the 'checklimitdest' option.
    I0.I46.RLIB_GC1.CS0 of rpoly1c: `c' has the unusually small value of 634.694e-21 F.
    I0.I46.RLIB_GC1.CS1 of rpoly1c: `c' has the unusually small value of 634.694e-21 F.
    I0.I45.RLIB_GC1.CS0 of rpoly1c: `c' has the unusually small value of 634.694e-21 F.
    I0... {"history": "Interactive.276", "point": 1, "testname": "TIA_Gain_Linearity", "cornername": "Nominal"}
[2026-05-29 09:45:16.241 Z] [INFO] [cadence.virtuoso.ade.simulationMonitor] - Notice from spectre during hierarchy flattening.
    V3: `period' has the unusually large value of 6 s.
    I26: `period' has the unusually large value of 6 s. {"history": "Interactive.276", "point": 1, "testname": "TIA_Gain_Linearity", "cornername": "Nominal"}
[2026-05-29 09:45:16.241 Z] [INFO] [cadence.virtuoso.ade.simulationMonitor] - Peak resident memory used = 239 Mbytes. {"history": "Interactive.276", "point": 1, "testname": "TIA_Gain_Linearity", "cornername": "Nominal"}
[2026-05-29 09:45:16.241 Z] [WARN] [cadence.virtuoso.ade.simulationMonitor] -     WARNING (CMI-2425): I4.I3.C1(5): `Acde' = 2.393 is unusually large. {"history": "Interactive.276", "point": 1, "testname": "TIA_Gain_Linearity", "cornername": "Nominal"}
[2026-05-29 09:45:16.241 Z] [WARN] [cadence.virtuoso.ade.simulationMonitor] -     WARNING (CMI-2425): I4.I3.C1(5): `Noff' = 4.732 is unusually large. {"history": "Interactive.276", "point": 1, "testname": "TIA_Gain_Linearity", "cornername": "Nominal"}
[2026-05-29 09:45:16.241 Z] [WARN] [cadence.virtuoso.ade.simulationMonitor] -     WARNING (CMI-2424): I4.I3.C1(5): `Voffcv' = -867.4e-03 is unusually small. {"history": "Interactive.276", "point": 1, "testname": "TIA_Gain_Linearity", "cornername": "Nominal"}
[2026-05-29 09:45:16.241 Z] [WARN] [cadence.virtuoso.ade.simulationMonitor] -     WARNING (CMI-2425): I4.I3.C1(4): `Acde' = 2.393 is unusually large. {"history": "Interactive.276", "point": 1, "testname": "TIA_Gain_Linearity", "cornername": "Nominal"}
[2026-05-29 09:45:16.242 Z] [WARN] [cadence.virtuoso.ade.simulationMonitor] -     WARNING (CMI-2425): I4.I3.C1(4): `Noff' = 4.732 is unusually large. {"history": "Interactive.276", "point": 1, "testname": "TIA_Gain_Linearity", "cornername": "Nominal"}
[2026-05-29 09:45:16.242 Z] [WARN] [cadence.virtuoso.ade.simulationMonitor] -     WARNING (CMI-2424): I4.I3.C1(4): `Voffcv' = -867.4e-03 is unusually small. {"history": "Interactive.276", "point": 1, "testname": "TIA_Gain_Linearity", "cornername": "Nominal"}
[2026-05-29 09:45:16.242 Z] [WARN] [cadence.virtuoso.ade.simulationMonitor] -     WARNING (CMI-2425): I4.I3.C1(3): `Acde' = 2.393 is unusually large.
        Further occurrences of this warning will be suppressed. {"history": "Interactive.276", "point": 1, "testname": "TIA_Gain_Linearity", "cornername": "Nominal"}
[2026-05-29 09:45:16.242 Z] [WARN] [cadence.virtuoso.ade.simulationMonitor] -     WARNING (CMI-2424): I4.I3.C1(3): `Voffcv' = -867.4e-03 is unusually small. {"history": "Interactive.276", "point": 1, "testname": "TIA_Gain_Linearity", "cornername": "Nominal"}
[2026-05-29 09:45:16.242 Z] [WARN] [cadence.virtuoso.ade.simulationMonitor] -     WARNING (CMI-2424): I4.I3.C1(2): `Voffcv' = -867.4e-03 is unusually small. {"history": "Interactive.276", "point": 1, "testname": "TIA_Gain_Linearity", "cornername": "Nominal"}
[2026-05-29 09:45:16.243 Z] [WARN] [cadence.virtuoso.ade.simulationMonitor] -     WARNING (CMI-2424): I4.I3.C1(1): `Voffcv' = -867.4e-03 is unusually small.
        Further occurrences of this warning will be suppressed. {"history": "Interactive.276", "point": 1, "testname": "TIA_Gain_Linearity", "cornername": "Nominal"}
[2026-05-29 09:45:17.243 Z] [WARN] [cadence.virtuoso.ade.simulationMonitor] -     WARNING (SPECTRE-17607): Assert `SOAC_vert10_vsubpsub' is ignored because it contains an expression which is invalid or not supported by native evaluator.  {"history": "Interactive.276", "point": 1, "testname": "TIA_Gain_Linearity", "cornername": "Nominal"}
[2026-05-29 09:45:17.244 Z] [WARN] [cadence.virtuoso.ade.simulationMonitor] -     WARNING (SPECTRE-17607): Assert `SOAC_vert10_vcsub' is ignored because it contains an expression which is invalid or not supported by native evaluator.  {"history": "Interactive.276", "point": 1, "testname": "TIA_Gain_Linearity", "cornername": "Nominal"}
[2026-05-29 09:45:17.244 Z] [WARN] [cadence.virtuoso.ade.simulationMonitor] -     WARNING (SPECTRE-16460): SOAC_cvarm_vspsub:Specified subcircuit master `cvarm' was not found. {"history": "Interactive.276", "point": 1, "testname": "TIA_Gain_Linearity", "cornername": "Nominal"}
[2026-05-29 09:45:17.244 Z] [WARN] [cadence.virtuoso.ade.simulationMonitor] -     WARNING (SPECTRE-16462): SOAC_cvarm_vspsub:Error in specification of subcircuit master. Assert is ignored. {"history": "Interactive.276", "point": 1, "testname": "TIA_Gain_Linearity", "cornername": "Nominal"}
[2026-05-29 09:45:17.244 Z] [WARN] [cadence.virtuoso.ade.simulationMonitor] -     WARNING (SPECTRE-16460): SOAC_cvarm_vbs:Specified subcircuit master `cvarm' was not found. {"history": "Interactive.276", "point": 1, "testname": "TIA_Gain_Linearity", "cornername": "Nominal"}
[2026-05-29 09:45:17.244 Z] [WARN] [cadence.virtuoso.ade.simulationMonitor] -     WARNING (SPECTRE-16462): SOAC_cvarm_vbs:Error in specification of subcircuit master. Assert is ignored. {"history": "Interactive.276", "point": 1, "testname": "TIA_Gain_Linearity", "cornername": "Nominal"}
[2026-05-29 09:45:17.245 Z] [WARN] [cadence.virtuoso.ade.simulationMonitor] -     WARNING (SPECTRE-16460): SOAC_cvarm_vgb:Specified subcircuit master `cvarm' was not found. {"history": "Interactive.276", "point": 1, "testname": "TIA_Gain_Linearity", "cornername": "Nominal"}
[2026-05-29 09:45:17.245 Z] [WARN] [cadence.virtuoso.ade.simulationMonitor] -     WARNING (SPECTRE-16462): SOAC_cvarm_vgb:Error in specification of subcircuit master. Assert is ignored. {"history": "Interactive.276", "point": 1, "testname": "TIA_Gain_Linearity", "cornername": "Nominal"}
[2026-05-29 09:45:17.245 Z] [WARN] [cadence.virtuoso.ade.simulationMonitor] -     WARNING (SPECTRE-16460): SOAC_cvart_vspsub:Specified subcircuit master `cvart' was not found. {"history": "Interactive.276", "point": 1, "testname": "TIA_Gain_Linearity", "cornername": "Nominal"}
[2026-05-29 09:45:17.245 Z] [WARN] [cadence.virtuoso.ade.simulationMonitor] -     WARNING (SPECTRE-16462): SOAC_cvart_vspsub:Error in specification of subcircuit master. Assert is ignored. {"history": "Interactive.276", "point": 1, "testname": "TIA_Gain_Linearity", "cornername": "Nominal"}
[2026-05-29 09:45:17.245 Z] [WARN] [cadence.virtuoso.ade.simulationMonitor] -     WARNING (SPECTRE-16460): SOAC_cvart_vbs:Specified subcircuit master `cvart' was not found.
        Further occurrences of this warning will be suppressed. {"history": "Interactive.276", "point": 1, "testname": "TIA_Gain_Linearity", "cornername": "Nominal"}
[2026-05-29 09:45:17.246 Z] [WARN] [cadence.virtuoso.ade.simulationMonitor] -     WARNING (SPECTRE-16462): SOAC_cvart_vbs:Error in specification of subcircuit master. Assert is ignored.
        Further occurrences of this warning will be suppressed. {"history": "Interactive.276", "point": 1, "testname": "TIA_Gain_Linearity", "cornername": "Nominal"}
[2026-05-29 09:45:17.747 Z] [INFO] [cadence.virtuoso.ade.simulationMonitor] - Notice from spectre during topology check.
    Only one connection to the following 1872 nodes:
        I0.I46.RLIB_GC1.R1.psub!
        I0.I46.RLIB_GC1.R2.psub!
        I0.I46.MNLIB_DR1.M_esdnmos4.psub!
        I0.I46.DLIB2.psub!
        I0.I46.DLIB1.psub!
        Further occurrences of this notice will be suppressed. {"history": "Interactive.276", "point": 1, "testname": "TIA_Gain_Linearity", "cornername": "Nominal"}
[2026-05-29 09:45:20.751 Z] [INFO] [cadence.virtuoso.ade.simulationMonitor] -               nodes 15583 {"history": "Interactive.276", "point": 1, "testname": "TIA_Gain_Linearity", "cornername": "Nominal"}
[2026-05-29 09:45:20.751 Z] [INFO] [cadence.virtuoso.ade.simulationMonitor] - Notice from spectre during initial setup.
    7 resistors are shorted because their absolute value is less than or equal to 'rabsshort'.
    3 vsources are shorted because their absolute value is less than or equal to 'vabsshort'.
    4 resistors are changed to resistance form because their value are less than 'rthresh'.
    Spectre X preset=cx enabled.
    46 notices suppressed.
    214 warnings suppressed. {"history": "Interactive.276", "point": 1, "testname": "TIA_Gain_Linearity", "cornername": "Nominal"}
[2026-05-29 09:45:20.752 Z] [INFO] [cadence.virtuoso.ade.simulationMonitor] - Notice from spectre.
    Multithreading enabled: 8 threads in the system with 48 available processors. {"history": "Interactive.276", "point": 1, "testname": "TIA_Gain_Linearity", "cornername": "Nominal"}
[2026-05-29 09:45:20.752 Z] [INFO] [cadence.virtuoso.ade.simulationMonitor] - Peak resident memory used = 300 Mbytes. {"history": "Interactive.276", "point": 1, "testname": "TIA_Gain_Linearity", "cornername": "Nominal"}
[2026-05-29 09:45:20.752 Z] [INFO] [cadence.virtuoso.ade.simulationMonitor] -    -   (Spectre X) Multi-threading. The recommended number of threads is [4, 8], consider adding +mt=4 or +mt=8 on command line. {"history": "Interactive.276", "point": 1, "testname": "TIA_Gain_Linearity", "cornername": "Nominal"}
[2026-05-29 09:45:20.752 Z] [INFO] [cadence.virtuoso.ade.simulationMonitor] - Notice from spectre during DC analysis `dcOp'.
    No checklimit analysis defined for asserts. A default checklimit analysis 'SpectreChecklimitAnal' has been created with all asserts enabled. {"history": "Interactive.276", "point": 1, "testname": "TIA_Gain_Linearity", "cornername": "Nominal"}
[2026-05-29 09:45:22.253 Z] [INFO] [cadence.virtuoso.ade.simulationMonitor] - Notice from spectre during DC analysis `dcOp'.
    Bad pivoting is found during DC analysis. Option dc_pivot_check=yes is recommended for possible improvement of convergence. {"history": "Interactive.276", "point": 1, "testname": "TIA_Gain_Linearity", "cornername": "Nominal"}
[2026-05-29 09:45:22.253 Z] [WARN] [cadence.virtuoso.ade.simulationMonitor] -     WARNING (CMI-2943): Parameter checks have been ignored because the valid value for parameter 'trise' could not be found in 'C0'. {"history": "Interactive.276", "point": 1, "testname": "TIA_Gain_Linearity", "cornername": "Nominal"}
[2026-05-29 09:45:22.254 Z] [WARN] [cadence.virtuoso.ade.simulationMonitor] -     WARNING (CMI-2943): Parameter checks have been ignored because the valid value for parameter 'trise' could not be found in 'C1'. {"history": "Interactive.276", "point": 1, "testname": "TIA_Gain_Linearity", "cornername": "Nominal"}
[2026-05-29 09:45:22.254 Z] [WARN] [cadence.virtuoso.ade.simulationMonitor] -     WARNING (CMI-2943): Parameter checks have been ignored because the valid value for parameter 'trise' could not be found in 'C11'. {"history": "Interactive.276", "point": 1, "testname": "TIA_Gain_Linearity", "cornername": "Nominal"}
[2026-05-29 09:45:22.254 Z] [WARN] [cadence.virtuoso.ade.simulationMonitor] -     WARNING (CMI-2943): Parameter checks have been ignored because the valid value for parameter 'trise' could not be found in 'C12'. {"history": "Interactive.276", "point": 1, "testname": "TIA_Gain_Linearity", "cornername": "Nominal"}
[2026-05-29 09:45:22.254 Z] [WARN] [cadence.virtuoso.ade.simulationMonitor] -     WARNING (CMI-2943): Parameter checks have been ignored because the valid value for parameter 'trise' could not be found in 'C5'.
        Further occurrences of this warning will be suppressed. {"history": "Interactive.276", "point": 1, "testname": "TIA_Gain_Linearity", "cornername": "Nominal"}
[2026-05-29 09:45:22.254 Z] [INFO] [cadence.virtuoso.ade.simulationMonitor] - Total time required for dc analysis `dcOp': CPU = 7.16958 s, elapsed = 1.46907 s, util. = 488%. {"history": "Interactive.276", "point": 1, "testname": "TIA_Gain_Linearity", "cornername": "Nominal"}
[2026-05-29 09:45:22.255 Z] [INFO] [cadence.virtuoso.ade.simulationMonitor] - Peak resident memory used = 331 Mbytes. {"history": "Interactive.276", "point": 1, "testname": "TIA_Gain_Linearity", "cornername": "Nominal"}
[2026-05-29 09:45:22.255 Z] [INFO] [cadence.virtuoso.ade.simulationMonitor] - Notice from spectre.
    1220 warnings suppressed. {"history": "Interactive.276", "point": 1, "testname": "TIA_Gain_Linearity", "cornername": "Nominal"}
[2026-05-29 09:45:22.756 Z] [INFO] [cadence.virtuoso.ade.simulationMonitor] - Notice from spectre during DC analysis `dc'.
    I26: `period' has the unusually large value of 6 s. {"history": "Interactive.276", "point": 1, "testname": "TIA_Gain_Linearity", "cornername": "Nominal"}
[2026-05-29 09:45:24.257 Z] [INFO] [cadence.virtuoso.ade.simulationMonitor] - Notice from spectre at Idc = -5.5e-06 during DC analysis `dc'.
    Bad pivoting is found during DC analysis. Option dc_pivot_check=yes is recommended for possible improvement of convergence. {"history": "Interactive.276", "point": 1, "testname": "TIA_Gain_Linearity", "cornername": "Nominal"}
[2026-05-29 09:45:24.257 Z] [INFO] [cadence.virtuoso.ade.simulationMonitor] - Notice from spectre at Idc = -5.48e-06 during DC analysis `dc'.
    I26: `period' has the unusually large value of 6 s.
    Bad pivoting is found during DC analysis. Option dc_pivot_check=yes is recommended for possible improvement of convergence. {"history": "Interactive.276", "point": 1, "testname": "TIA_Gain_Linearity", "cornername": "Nominal"}
[2026-05-29 09:45:24.257 Z] [INFO] [cadence.virtuoso.ade.simulationMonitor] - Notice from spectre at Idc = -5.46e-06 during DC analysis `dc'.
    I26: `period' has the unusually large value of 6 s.
    Bad pivoting is found during DC analysis. Option dc_pivot_check=yes is recommended for possible improvement of convergence. {"history": "Interactive.276", "point": 1, "testname": "TIA_Gain_Linearity", "cornername": "Nominal"}
[2026-05-29 09:45:24.257 Z] [INFO] [cadence.virtuoso.ade.simulationMonitor] - Notice from spectre at Idc = -5.44e-06 during DC analysis `dc'.
    I26: `period' has the unusually large value of 6 s.
    Bad pivoting is found during DC analysis. Option dc_pivot_check=yes is recommended for possible improvement of convergence. {"history": "Interactive.276", "point": 1, "testname": "TIA_Gain_Linearity", "cornername": "Nominal"}
[2026-05-29 09:45:24.258 Z] [INFO] [cadence.virtuoso.ade.simulationMonitor] - Notice from spectre at Idc = -5.42e-06 during DC analysis `dc'.
    I26: `period' has the unusually large value of 6 s.
        Further occurrences of this notice will be suppressed.
    Bad pivoting is found during DC analysis. Option dc_pivot_check=yes is recommended for possible improvement of convergence.
        Further occurrences of this notice will be suppressed. {"history": "Interactive.276", "point": 1, "testname": "TIA_Gain_Linearity", "cornername": "Nominal"}
[2026-05-29 09:45:25.258 Z] [INFO] [cadence.virtuoso.ade.simulationMonitor] - Notice from spectre at Idc = -4.34e-06 during DC analysis `dc'.
    GminDC = 1 pS is large enough to noticeably affect the DC solution.
        dV(I2.I25.I30.3\:A0) = 2.85296 uV
        Use the `gmin_check' option to eliminate or expand this report. {"history": "Interactive.276", "point": 1, "testname": "TIA_Gain_Linearity", "cornername": "Nominal"}
[2026-05-29 09:45:31.761 Z] [WARN] [cadence.virtuoso.ade.simulationMonitor] -     WARNING (CMI-2943): Parameter checks have been ignored because the valid value for parameter 'trise' could not be found in 'C0'. {"history": "Interactive.276", "point": 1, "testname": "TIA_Gain_Linearity", "cornername": "Nominal"}
[2026-05-29 09:45:31.762 Z] [WARN] [cadence.virtuoso.ade.simulationMonitor] -     WARNING (CMI-2943): Parameter checks have been ignored because the valid value for parameter 'trise' could not be found in 'C1'. {"history": "Interactive.276", "point": 1, "testname": "TIA_Gain_Linearity", "cornername": "Nominal"}
[2026-05-29 09:45:31.762 Z] [WARN] [cadence.virtuoso.ade.simulationMonitor] -     WARNING (CMI-2943): Parameter checks have been ignored because the valid value for parameter 'trise' could not be found in 'C11'. {"history": "Interactive.276", "point": 1, "testname": "TIA_Gain_Linearity", "cornername": "Nominal"}
[2026-05-29 09:45:31.762 Z] [WARN] [cadence.virtuoso.ade.simulationMonitor] -     WARNING (CMI-2943): Parameter checks have been ignored because the valid value for parameter 'trise' could not be found in 'C12'. {"history": "Interactive.276", "point": 1, "testname": "TIA_Gain_Linearity", "cornername": "Nominal"}
[2026-05-29 09:45:31.763 Z] [WARN] [cadence.virtuoso.ade.simulationMonitor] -     WARNING (CMI-2943): Parameter checks have been ignored because the valid value for parameter 'trise' could not be found in 'C5'.
        Further occurrences of this warning will be suppressed. {"history": "Interactive.276", "point": 1, "testname": "TIA_Gain_Linearity", "cornername": "Nominal"}
[2026-05-29 09:45:31.763 Z] [INFO] [cadence.virtuoso.ade.simulationMonitor] - Notice from spectre at Idc = 5.5e-06 during DC analysis `dc'.
    The value of parameter 'Idc' has been reset to the original value 0. {"history": "Interactive.276", "point": 1, "testname": "TIA_Gain_Linearity", "cornername": "Nominal"}
[2026-05-29 09:45:31.763 Z] [INFO] [cadence.virtuoso.ade.simulationMonitor] - Total time required for dc analysis `dc': CPU = 31.6904 s, elapsed = 9.43121 s, util. = 336%. {"history": "Interactive.276", "point": 1, "testname": "TIA_Gain_Linearity", "cornername": "Nominal"}
[2026-05-29 09:45:31.763 Z] [INFO] [cadence.virtuoso.ade.simulationMonitor] - Peak resident memory used = 350 Mbytes. {"history": "Interactive.276", "point": 1, "testname": "TIA_Gain_Linearity", "cornername": "Nominal"}
[2026-05-29 09:45:31.763 Z] [INFO] [cadence.virtuoso.ade.simulationMonitor] - Notice from spectre.
    1093 notices suppressed.
    1220 warnings suppressed. {"history": "Interactive.276", "point": 1, "testname": "TIA_Gain_Linearity", "cornername": "Nominal"}
[2026-05-29 09:45:34.765 Z] [WARN] [cadence.virtuoso.ade.simulationMonitor] -     WARNING (CMI-2425): I2.I25.I22.C2: `Acde' = 2.393 is unusually large. {"history": "Interactive.276", "point": 1, "testname": "TIA_Gain_Linearity", "cornername": "Nominal"}
[2026-05-29 09:45:34.765 Z] [WARN] [cadence.virtuoso.ade.simulationMonitor] -     WARNING (CMI-2425): I2.I25.I22.C2: `Noff' = 4.732 is unusually large. {"history": "Interactive.276", "point": 1, "testname": "TIA_Gain_Linearity", "cornername": "Nominal"}
[2026-05-29 09:45:34.766 Z] [WARN] [cadence.virtuoso.ade.simulationMonitor] -     WARNING (CMI-2424): I2.I25.I22.C2: `Voffcv' = -867.4e-03 is unusually small. {"history": "Interactive.276", "point": 1, "testname": "TIA_Gain_Linearity", "cornername": "Nominal"}
[2026-05-29 09:45:34.766 Z] [WARN] [cadence.virtuoso.ade.simulationMonitor] -     WARNING (CMI-2425): I2.I25.I33.C0: `Acde' = 2.393 is unusually large. {"history": "Interactive.276", "point": 1, "testname": "TIA_Gain_Linearity", "cornername": "Nominal"}
[2026-05-29 09:45:34.766 Z] [WARN] [cadence.virtuoso.ade.simulationMonitor] -     WARNING (CMI-2425): I2.I25.I33.C0: `Noff' = 4.732 is unusually large. {"history": "Interactive.276", "point": 1, "testname": "TIA_Gain_Linearity", "cornername": "Nominal"}
[2026-05-29 09:45:34.766 Z] [WARN] [cadence.virtuoso.ade.simulationMonitor] -     WARNING (CMI-2424): I2.I25.I33.C0: `Voffcv' = -867.4e-03 is unusually small. {"history": "Interactive.276", "point": 1, "testname": "TIA_Gain_Linearity", "cornername": "Nominal"}
[2026-05-29 09:45:34.766 Z] [WARN] [cadence.virtuoso.ade.simulationMonitor] -     WARNING (CMI-2425): I2.I25.I33.C1: `Acde' = 2.393 is unusually large.
        Further occurrences of this warning will be suppressed. {"history": "Interactive.276", "point": 1, "testname": "TIA_Gain_Linearity", "cornername": "Nominal"}
[2026-05-29 09:45:34.766 Z] [WARN] [cadence.virtuoso.ade.simulationMonitor] -     WARNING (CMI-2424): I2.I25.I33.C1: `Voffcv' = -867.4e-03 is unusually small. {"history": "Interactive.276", "point": 1, "testname": "TIA_Gain_Linearity", "cornername": "Nominal"}
[2026-05-29 09:45:34.767 Z] [WARN] [cadence.virtuoso.ade.simulationMonitor] -     WARNING (CMI-2424): I2.I56.I3.C2: `Voffcv' = -867.4e-03 is unusually small. {"history": "Interactive.276", "point": 1, "testname": "TIA_Gain_Linearity", "cornername": "Nominal"}
[2026-05-29 09:45:34.767 Z] [WARN] [cadence.virtuoso.ade.simulationMonitor] -     WARNING (CMI-2424): I4.I1.C0: `Voffcv' = -867.4e-03 is unusually small.
        Further occurrences of this warning will be suppressed. {"history": "Interactive.276", "point": 1, "testname": "TIA_Gain_Linearity", "cornername": "Nominal"}
[2026-05-29 09:45:38.269 Z] [INFO] [cadence.virtuoso.ade.simulationMonitor] - Notice from spectre during DC analysis, during AC analysis `ac'.
    Bad pivoting is found during DC analysis. Option dc_pivot_check=yes is recommended for possible improvement of convergence. {"history": "Interactive.276", "point": 1, "testname": "TIA_Gain_Linearity", "cornername": "Nominal"}
[2026-05-29 09:45:38.269 Z] [WARN] [cadence.virtuoso.ade.simulationMonitor] -     WARNING (CMI-2943): Parameter checks have been ignored because the valid value for parameter 'trise' could not be found in 'C0'. {"history": "Interactive.276", "point": 1, "testname": "TIA_Gain_Linearity", "cornername": "Nominal"}
[2026-05-29 09:45:38.270 Z] [WARN] [cadence.virtuoso.ade.simulationMonitor] -     WARNING (CMI-2943): Parameter checks have been ignored because the valid value for parameter 'trise' could not be found in 'C1'. {"history": "Interactive.276", "point": 1, "testname": "TIA_Gain_Linearity", "cornername": "Nominal"}
[2026-05-29 09:45:38.270 Z] [WARN] [cadence.virtuoso.ade.simulationMonitor] -     WARNING (CMI-2943): Parameter checks have been ignored because the valid value for parameter 'trise' could not be found in 'C11'. {"history": "Interactive.276", "point": 1, "testname": "TIA_Gain_Linearity", "cornername": "Nominal"}
[2026-05-29 09:45:38.270 Z] [WARN] [cadence.virtuoso.ade.simulationMonitor] -     WARNING (CMI-2943): Parameter checks have been ignored because the valid value for parameter 'trise' could not be found in 'C12'. {"history": "Interactive.276", "point": 1, "testname": "TIA_Gain_Linearity", "cornername": "Nominal"}
[2026-05-29 09:45:38.270 Z] [WARN] [cadence.virtuoso.ade.simulationMonitor] -     WARNING (CMI-2943): Parameter checks have been ignored because the valid value for parameter 'trise' could not be found in 'C5'.
        Further occurrences of this warning will be suppressed. {"history": "Interactive.276", "point": 1, "testname": "TIA_Gain_Linearity", "cornername": "Nominal"}
[2026-05-29 09:45:45.773 Z] [INFO] [cadence.virtuoso.ade.simulationMonitor] - Total time required for ac analysis `ac': CPU = 56.7316 s, elapsed = 10.8528 s, util. = 523%. {"history": "Interactive.276", "point": 1, "testname": "TIA_Gain_Linearity", "cornername": "Nominal"}
[2026-05-29 09:45:45.774 Z] [INFO] [cadence.virtuoso.ade.simulationMonitor] - Peak resident memory used = 393 Mbytes. {"history": "Interactive.276", "point": 1, "testname": "TIA_Gain_Linearity", "cornername": "Nominal"}
[2026-05-29 09:45:45.774 Z] [INFO] [cadence.virtuoso.ade.simulationMonitor] - Notice from spectre.
    1300 warnings suppressed. {"history": "Interactive.276", "point": 1, "testname": "TIA_Gain_Linearity", "cornername": "Nominal"}
[2026-05-29 09:45:45.774 Z] [WARN] [cadence.virtuoso.ade.simulationMonitor] -     WARNING (CMI-2425): I2.I25.I22.C2: `Acde' = 2.393 is unusually large. {"history": "Interactive.276", "point": 1, "testname": "TIA_Gain_Linearity", "cornername": "Nominal"}
[2026-05-29 09:45:45.774 Z] [WARN] [cadence.virtuoso.ade.simulationMonitor] -     WARNING (CMI-2425): I2.I25.I22.C2: `Noff' = 4.732 is unusually large. {"history": "Interactive.276", "point": 1, "testname": "TIA_Gain_Linearity", "cornername": "Nominal"}
[2026-05-29 09:45:45.774 Z] [WARN] [cadence.virtuoso.ade.simulationMonitor] -     WARNING (CMI-2424): I2.I25.I22.C2: `Voffcv' = -867.4e-03 is unusually small. {"history": "Interactive.276", "point": 1, "testname": "TIA_Gain_Linearity", "cornername": "Nominal"}
[2026-05-29 09:45:45.774 Z] [WARN] [cadence.virtuoso.ade.simulationMonitor] -     WARNING (CMI-2425): I2.I25.I33.C0: `Acde' = 2.393 is unusually large. {"history": "Interactive.276", "point": 1, "testname": "TIA_Gain_Linearity", "cornername": "Nominal"}
[2026-05-29 09:45:45.775 Z] [WARN] [cadence.virtuoso.ade.simulationMonitor] -     WARNING (CMI-2425): I2.I25.I33.C0: `Noff' = 4.732 is unusually large. {"history": "Interactive.276", "point": 1, "testname": "TIA_Gain_Linearity", "cornername": "Nominal"}
[2026-05-29 09:45:45.775 Z] [WARN] [cadence.virtuoso.ade.simulationMonitor] -     WARNING (CMI-2424): I2.I25.I33.C0: `Voffcv' = -867.4e-03 is unusually small. {"history": "Interactive.276", "point": 1, "testname": "TIA_Gain_Linearity", "cornername": "Nominal"}
[2026-05-29 09:45:45.775 Z] [WARN] [cadence.virtuoso.ade.simulationMonitor] -     WARNING (CMI-2425): I2.I25.I33.C1: `Acde' = 2.393 is unusually large.
        Further occurrences of this warning will be suppressed. {"history": "Interactive.276", "point": 1, "testname": "TIA_Gain_Linearity", "cornername": "Nominal"}
[2026-05-29 09:45:45.775 Z] [WARN] [cadence.virtuoso.ade.simulationMonitor] -     WARNING (CMI-2424): I2.I25.I33.C1: `Voffcv' = -867.4e-03 is unusually small. {"history": "Interactive.276", "point": 1, "testname": "TIA_Gain_Linearity", "cornername": "Nominal"}
[2026-05-29 09:45:45.775 Z] [WARN] [cadence.virtuoso.ade.simulationMonitor] -     WARNING (CMI-2424): I2.I56.I3.C2: `Voffcv' = -867.4e-03 is unusually small. {"history": "Interactive.276", "point": 1, "testname": "TIA_Gain_Linearity", "cornername": "Nominal"}
[2026-05-29 09:45:45.775 Z] [WARN] [cadence.virtuoso.ade.simulationMonitor] -     WARNING (CMI-2424): I4.I1.C0: `Voffcv' = -867.4e-03 is unusually small.
        Further occurrences of this warning will be suppressed. {"history": "Interactive.276", "point": 1, "testname": "TIA_Gain_Linearity", "cornername": "Nominal"}
[2026-05-29 09:45:45.776 Z] [INFO] [cadence.virtuoso.ade.simulationMonitor] - Notice from spectre during Noise analysis `noise'.
    Operating points will not be recomputed: the circuit and conditions were not changed since previous analysis. {"history": "Interactive.276", "point": 1, "testname": "TIA_Gain_Linearity", "cornername": "Nominal"}
[2026-05-29 09:45:50.778 Z] [INFO] [cadence.virtuoso.ade.simulationMonitor] - Total time required for noise analysis `noise': CPU = 10.236 s, elapsed = 4.8046 s, util. = 213%. {"history": "Interactive.276", "point": 1, "testname": "TIA_Gain_Linearity", "cornername": "Nominal"}
[2026-05-29 09:45:50.779 Z] [INFO] [cadence.virtuoso.ade.simulationMonitor] - Peak resident memory used = 395 Mbytes. {"history": "Interactive.276", "point": 1, "testname": "TIA_Gain_Linearity", "cornername": "Nominal"}
[2026-05-29 09:45:50.779 Z] [INFO] [cadence.virtuoso.ade.simulationMonitor] - Notice from spectre.
    80 warnings suppressed. {"history": "Interactive.276", "point": 1, "testname": "TIA_Gain_Linearity", "cornername": "Nominal"}
[2026-05-29 09:45:50.779 Z] [INFO] [cadence.virtuoso.ade.simulationMonitor] - Time used: CPU = 115 s (1m  55.0s), elapsed = 37.1 s, util. = 310%. {"history": "Interactive.276", "point": 1, "testname": "TIA_Gain_Linearity", "cornername": "Nominal"}
[2026-05-29 09:45:50.779 Z] [INFO] [cadence.virtuoso.ade.simulationMonitor] - Time spent in licensing: elapsed = 98.3 ms. {"history": "Interactive.276", "point": 1, "testname": "TIA_Gain_Linearity", "cornername": "Nominal"}
[2026-05-29 09:45:50.780 Z] [INFO] [cadence.virtuoso.ade.simulationMonitor] - Peak memory used = 395 Mbytes. {"history": "Interactive.276", "point": 1, "testname": "TIA_Gain_Linearity", "cornername": "Nominal"}
[2026-05-29 09:45:50.782 Z] [PROCESS] [cadence.virtuoso.ade.simulationMonitor] - Simulation started at: 9:45:13 AM, Fri May 29, 2026, ended at: 9:45:50 AM, Fri May 29, 2026, with elapsed time (wall clock): 37.1 s. {"history": "Interactive.276", "point": 1, "testname": "TIA_Gain_Linearity", "cornername": "Nominal"}
[2026-05-29 09:45:50.782 Z] [PROCESS] [cadence.virtuoso.ade.simulationMonitor] - spectre completes with 0 errors, 83 warnings, and 42 notices. {"history": "Interactive.276", "point": 1, "testname": "TIA_Gain_Linearity", "cornername": "Nominal"}
[2026-05-29 09:45:50.782 Z] [PROCESS] [cadence.virtuoso.ade.simulationMonitor] - Finished simulating for one point {"hostname": "il2244vt26_hrahimi", "processid": 657312, "history": "Interactive.276", "testname": "TIA_Gain_Linearity", "cornername": "Nominal", "point": 1, "logfile": "/home/hrahimi/projects/POTENTIOSTAT_26/logs_hrahimi/logs0/Job153.log", "simid": "2"}
[2026-05-29 09:45:50.782 Z] [PROCESS] [cadence.virtuoso.ade.simulationMonitor] - Simulator exited {"hostname": "il2244vt26_hrahimi", "processid": 657312, "history": "Interactive.276", "testname": "TIA_Gain_Linearity", "cornername": "Nominal", "point": 1, "logfile": "/home/hrahimi/projects/POTENTIOSTAT_26/logs_hrahimi/logs0/Job153.log", "exitStatus": "0"}
[2026-05-29 09:45:50.782 Z] [PROCESS] [cadence.virtuoso.ade.simulationMonitor] - Finished Simulation {"hostname": "il2244vt26_hrahimi", "processid": 657312, "history": "Interactive.276", "testname": "TIA_Gain_Linearity", "cornername": "Nominal", "point": 1, "logfile": "/home/hrahimi/projects/POTENTIOSTAT_26/logs_hrahimi/logs0/Job153.log", "simid": "2"}
[2026-05-29 09:45:54.300 Z] [PROCESS] [cadence.virtuoso.ade.simulationMonitor] - Point Finished {"hostname": "il2244vt26_hrahimi", "processid": 657312, "history": "Interactive.276", "testname": "TIA_Gain_Linearity", "cornername": "Nominal", "point": 1, "logfile": "/home/hrahimi/projects/POTENTIOSTAT_26/logs_hrahimi/logs0/Job153.log"}
[2026-05-29 09:45:54.624 Z] [PROCESS] [cadence.virtuoso.ade.simulationMonitor] - Padding test token found for runId '41', Linger time '300', currentRunSyn '77', currentTestSyn '78' {"hostname": "il2244vt26_hrahimi", "processid": 657312, "history": "Interactive.276", "testname": "TIA_Gain_Linearity", "cornername": "Nominal", "point": 1, "logfile": "/home/hrahimi/projects/POTENTIOSTAT_26/logs_hrahimi/logs0/Job153.log"}
[2026-05-29 09:45:55.629 Z] [PROCESS] [cadence.virtuoso.ade.simulationMonitor] - Stay with the runId '41', Linger time '300', currentRunSyn '77', currentTestSyn '78' {"hostname": "il2244vt26_hrahimi", "processid": 657312, "history": "Interactive.276", "testname": "TIA_Gain_Linearity", "cornername": "Nominal", "point": 1, "logfile": "/home/hrahimi/projects/POTENTIOSTAT_26/logs_hrahimi/logs0/Job153.log"}
[2026-05-29 09:49:54.138 Z] [PROCESS] [cadence.virtuoso.ade.simulationMonitor] - get signal Terminated<15> from user:hrahimi, which pid:657308:/opt/tools/cadence/installs/IC618/tools/bin/64bit/cdsServIpc {"hostname": "il2244vt26_hrahimi", "processid": 657312, "history": "Interactive.276", "testname": "TIA_Gain_Linearity", "cornername": "Nominal", "point": 1, "logfile": "/home/hrahimi/projects/POTENTIOSTAT_26/logs_hrahimi/logs0/Job153.log", "signal": "15", "signalName": "Terminated", "which": "/opt/tools/cadence/installs/IC618/tools/bin/64bit/cdsServIpc", "pid": "657308", "user": "hrahimi", "uid": "1000"}
[2026-05-29 09:49:54.140 Z] [INFO] [cadence.virtuoso.ade.simulationMonitor] - SimulationMonitor has terminated the  process '658773', reason: 'simulationMonitor is handling signal 15' {"history": "Interactive.276", "point": 1, "testname": "TIA_Gain_Linearity", "cornername": "Nominal"}
