[Simulation Monitor: 11]
[2026-06-09 20:42:06.864 Z] [PROCESS] [cadence.virtuoso.ade.simulationMonitor] - Simulation Monitor has successfully started up. Trying to set up communication channels to other components ... {"hostname": "il2244vt26_hrahimi", "processid": 3942696, "logfile": "/home/hrahimi/projects/POTENTIOSTAT_26/logs_hrahimi/logs0/Job11.log"}
[2026-06-09 20:42:06.865 Z] [PROCESS] [cadence.virtuoso.ade.simulationMonitor] - Communication channels have been successfully set up. Start processing events ... {"hostname": "il2244vt26_hrahimi", "processid": 3942696, "logfile": "/home/hrahimi/projects/POTENTIOSTAT_26/logs_hrahimi/logs0/Job11.log"}
[2026-06-09 20:42:06.865 Z] [PROCESS] [cadence.virtuoso.ade.simulationMonitor] - Considering to start history {"hostname": "il2244vt26_hrahimi", "processid": 3942696, "history": "Interactive.165", "logfile": "/home/hrahimi/projects/POTENTIOSTAT_26/logs_hrahimi/logs0/Job11.log"}
[2026-06-09 20:42:06.869 Z] [PROCESS] [cadence.virtuoso.ade.simulationMonitor] - Started History {"hostname": "il2244vt26_hrahimi", "processid": 3942696, "history": "Interactive.172", "logfile": "/home/hrahimi/projects/POTENTIOSTAT_26/logs_hrahimi/logs0/Job11.log"}
[2026-06-09 20:42:06.870 Z] [PROCESS] [cadence.virtuoso.ade.simulationMonitor] - HostInfo:
Host name (type):	il2244vt26_hrahimi (x86_64)
Operating system:	Linux 5.15.0-164-generic #174-Ubuntu SMP Fri Nov 14 20:25:16 UTC 2025 {"hostname": "il2244vt26_hrahimi", "processid": 3942696, "history": "Interactive.172", "logfile": "/home/hrahimi/projects/POTENTIOSTAT_26/logs_hrahimi/logs0/Job11.log", "nodename": "il2244vt26_hrahimi", "domainname": "(none)", "machine": "x86_64", "sysname": "Linux", "release": "5.15.0-164-generic", "version": "#174-Ubuntu SMP Fri Nov 14 20:25:16 UTC 2025"}
[2026-06-09 20:42:06.870 Z] [PROCESS] [cadence.virtuoso.ade.simulationMonitor] - UsageInfo:
pid=3942696
totalPhysicalMemory=3023.749672GB,Used=2810.988998GB,totalVirtualMemory=3031.749668GB,Used=2811.097153GB
Cpu: Cores=48, Load average:6.820000,7.190000,6.940000 {"hostname": "il2244vt26_hrahimi", "processid": 3942696, "history": "Interactive.172", "logfile": "/home/hrahimi/projects/POTENTIOSTAT_26/logs_hrahimi/logs0/Job11.log", "pid": "3942696", "totalPhysicalMemory": "3023.749672", "physicalMemoryUsed": "2810.988998", "totalVirtualMemory": "3031.749668", "virtualMemoryUsed": "2811.097153", "cpuCores": "48", "processes": "29558", "loadAverage1": "6.820000", "loadAverage5": "7.190000", "loadAverage15": "6.940000", "loadAverage1Percent": "0.142083"}
[2026-06-09 20:42:06.872 Z] [EVENT] [cadence.virtuoso.ade.simulationMonitor] - NewPoint {"history": "Interactive.172", "point": 4, "testname": "VT26_TOP_top_tb_TRAN_BIO", "cornername": "C0_3", "event": "NewPoint", "EventSource": "Simulation Monitor", "HistoryName": "Interactive.172", "logFile": "/home/hrahimi/projects/POTENTIOSTAT_26/logs_hrahimi/logs0/Job11.log", "logFileSize": "2548"}
[2026-06-09 20:42:06.974 Z] [EVENT] [cadence.virtuoso.ade.simulationMonitor] - NewPoint {"history": "Interactive.172", "point": 4, "testname": "VT26_TOP_top_tb_TRAN_BIO", "cornername": "C0_3", "event": "NewPoint", "EventSource": "ams", "HistoryName": "Interactive.172", "logFile": "/home/hrahimi/projects/POTENTIOSTAT_26/Sim/Potentiostat_Top/topsyh_tb/maestro/results/maestro/Interactive.172/4/VT26_TOP_top_tb_TRAN_BIO/psf/xrun.log", "logFileSize": "-1"}
[2026-06-09 20:42:06.990 Z] [PROCESS] [cadence.virtuoso.ade.simulationMonitor] - Simulator launched {"hostname": "il2244vt26_hrahimi", "processid": 3942696, "history": "Interactive.172", "testname": "VT26_TOP_top_tb_TRAN_BIO", "cornername": "C0_3", "point": 4, "logfile": "/home/hrahimi/projects/POTENTIOSTAT_26/logs_hrahimi/logs0/Job11.log", "simid": "1"}
[2026-06-09 20:42:06.994 Z] [PROCESS] [cadence.virtuoso.ade.simulationMonitor] - Expression evaluator launched {"hostname": "il2244vt26_hrahimi", "processid": 3942696, "history": "Interactive.172", "testname": "VT26_TOP_top_tb_TRAN_BIO", "cornername": "C0_3", "point": 4, "logfile": "/home/hrahimi/projects/POTENTIOSTAT_26/logs_hrahimi/logs0/Job11.log"}
[2026-06-09 20:42:07.066 Z] [PROCESS] [cadence.virtuoso.ade.simulationMonitor] - Started Simulation {"hostname": "il2244vt26_hrahimi", "processid": 3942696, "history": "Interactive.172", "testname": "VT26_TOP_top_tb_TRAN_BIO", "cornername": "C0_3", "point": 4, "logfile": "/home/hrahimi/projects/POTENTIOSTAT_26/logs_hrahimi/logs0/Job11.log", "event": "started", "task": "simulation"}
[2026-06-09 20:42:16.626 Z] [ERROR] [cadence.virtuoso.ade.simulationMonitor] - xrun: *E,ELBERR: Error (*E) or soft error (*SE) occurred during elaboration (status 1), exiting. {"history": "Interactive.172", "point": 4, "testname": "VT26_TOP_top_tb_TRAN_BIO", "cornername": "C0_3"}
[2026-06-09 20:42:16.627 Z] [PROCESS] [cadence.virtuoso.ade.simulationMonitor] - Finished simulating for one point {"hostname": "il2244vt26_hrahimi", "processid": 3942696, "history": "Interactive.172", "testname": "VT26_TOP_top_tb_TRAN_BIO", "cornername": "C0_3", "point": 4, "logfile": "/home/hrahimi/projects/POTENTIOSTAT_26/logs_hrahimi/logs0/Job11.log", "simid": "1"}
[2026-06-09 20:42:16.628 Z] [ERROR] [cadence.virtuoso.ade.simulationMonitor] - While simulating run Interactive.172, point 4, test VT26_TOP_top_tb_TRAN_BIO, received error:
Simulation Error:
 The simulator process returned a non-zero exit code, indicating failure.
The simulator could have crashed or intentionally returned to indicate an error.
Check the simulator log file for more information.  Common causes:
1. Simulator may have crashed during exit even after reporting success in log file.
2. Abrupt automatic simulator termination (e.g., SIGKILL) because the simulator process has
 ... {"history": "Interactive.172", "point": 4, "testname": "VT26_TOP_top_tb_TRAN_BIO", "cornername": "C0_3"}
[2026-06-09 20:42:16.628 Z] [PROCESS] [cadence.virtuoso.ade.simulationMonitor] - Finished Simulation {"hostname": "il2244vt26_hrahimi", "processid": 3942696, "history": "Interactive.172", "testname": "VT26_TOP_top_tb_TRAN_BIO", "cornername": "C0_3", "point": 4, "logfile": "/home/hrahimi/projects/POTENTIOSTAT_26/logs_hrahimi/logs0/Job11.log", "simid": "1"}
[2026-06-09 20:42:16.640 Z] [PROCESS] [cadence.virtuoso.ade.simulationMonitor] - HostInfo:
Host name (type):	il2244vt26_hrahimi (x86_64)
Operating system:	Linux 5.15.0-164-generic #174-Ubuntu SMP Fri Nov 14 20:25:16 UTC 2025 {"hostname": "il2244vt26_hrahimi", "processid": 3942696, "history": "Interactive.172", "testname": "VT26_TOP_top_tb_TRAN_BIO", "cornername": "C0_3", "point": 4, "logfile": "/home/hrahimi/projects/POTENTIOSTAT_26/logs_hrahimi/logs0/Job11.log", "nodename": "il2244vt26_hrahimi", "domainname": "(none)", "machine": "x86_64", "sysname": "Linux", "release": "5.15.0-164-generic", "version": "#174-Ubuntu SMP Fri Nov 14 20:25:16 UTC 2025"}
[2026-06-09 20:42:16.640 Z] [PROCESS] [cadence.virtuoso.ade.simulationMonitor] - UsageInfo:
pid=3942696
totalPhysicalMemory=3023.749672GB,Used=2813.345676GB,totalVirtualMemory=3031.749668GB,Used=2813.453831GB
Cpu: Cores=48, Load average:7.990000,7.430000,7.020000 {"hostname": "il2244vt26_hrahimi", "processid": 3942696, "history": "Interactive.172", "testname": "VT26_TOP_top_tb_TRAN_BIO", "cornername": "C0_3", "point": 4, "logfile": "/home/hrahimi/projects/POTENTIOSTAT_26/logs_hrahimi/logs0/Job11.log", "pid": "3942696", "totalPhysicalMemory": "3023.749672", "physicalMemoryUsed": "2813.345676", "totalVirtualMemory": "3031.749668", "virtualMemoryUsed": "2813.453831", "cpuCores": "48", "processes": "29635", "loadAverage1": "7.990000", "loadAverage5": "7.430000", "loadAverage15": "7.020000", "loadAverage1Percent": "0.166458"}
[2026-06-09 20:42:16.641 Z] [EVENT] [cadence.virtuoso.ade.simulationMonitor] - NewPoint {"history": "Interactive.172", "point": 11, "testname": "VT26_TOP_top_tb_TRAN_BIO", "cornername": "C0_10", "event": "NewPoint", "EventSource": "Simulation Monitor", "HistoryName": "Interactive.172", "logFile": "/home/hrahimi/projects/POTENTIOSTAT_26/logs_hrahimi/logs0/Job11.log", "logFileSize": "7691"}
[2026-06-09 20:42:16.743 Z] [EVENT] [cadence.virtuoso.ade.simulationMonitor] - NewPoint {"history": "Interactive.172", "point": 11, "testname": "VT26_TOP_top_tb_TRAN_BIO", "cornername": "C0_10", "event": "NewPoint", "EventSource": "ams", "HistoryName": "Interactive.172", "logFile": "/home/hrahimi/projects/POTENTIOSTAT_26/Sim/Potentiostat_Top/topsyh_tb/maestro/results/maestro/Interactive.172/11/VT26_TOP_top_tb_TRAN_BIO/psf/xrun.log", "logFileSize": "-1"}
[2026-06-09 20:42:16.755 Z] [PROCESS] [cadence.virtuoso.ade.simulationMonitor] - Simulator launched {"hostname": "il2244vt26_hrahimi", "processid": 3942696, "history": "Interactive.172", "testname": "VT26_TOP_top_tb_TRAN_BIO", "cornername": "C0_10", "point": 11, "logfile": "/home/hrahimi/projects/POTENTIOSTAT_26/logs_hrahimi/logs0/Job11.log", "simid": "2"}
[2026-06-09 20:42:16.815 Z] [PROCESS] [cadence.virtuoso.ade.simulationMonitor] - Started Simulation {"hostname": "il2244vt26_hrahimi", "processid": 3942696, "history": "Interactive.172", "testname": "VT26_TOP_top_tb_TRAN_BIO", "cornername": "C0_10", "point": 11, "logfile": "/home/hrahimi/projects/POTENTIOSTAT_26/logs_hrahimi/logs0/Job11.log", "event": "started", "task": "simulation"}
[2026-06-09 20:42:25.875 Z] [ERROR] [cadence.virtuoso.ade.simulationMonitor] - xrun: *E,ELBERR: Error (*E) or soft error (*SE) occurred during elaboration (status 1), exiting. {"history": "Interactive.172", "point": 11, "testname": "VT26_TOP_top_tb_TRAN_BIO", "cornername": "C0_10"}
[2026-06-09 20:42:25.876 Z] [PROCESS] [cadence.virtuoso.ade.simulationMonitor] - Finished simulating for one point {"hostname": "il2244vt26_hrahimi", "processid": 3942696, "history": "Interactive.172", "testname": "VT26_TOP_top_tb_TRAN_BIO", "cornername": "C0_10", "point": 11, "logfile": "/home/hrahimi/projects/POTENTIOSTAT_26/logs_hrahimi/logs0/Job11.log", "simid": "2"}
[2026-06-09 20:42:25.876 Z] [ERROR] [cadence.virtuoso.ade.simulationMonitor] - While simulating run Interactive.172, point 11, test VT26_TOP_top_tb_TRAN_BIO, received error:
Simulation Error:
 The simulator process returned a non-zero exit code, indicating failure.
The simulator could have crashed or intentionally returned to indicate an error.
Check the simulator log file for more information.  Common causes:
1. Simulator may have crashed during exit even after reporting success in log file.
2. Abrupt automatic simulator termination (e.g., SIGKILL) because the simulator process has
... {"history": "Interactive.172", "point": 11, "testname": "VT26_TOP_top_tb_TRAN_BIO", "cornername": "C0_10"}
[2026-06-09 20:42:25.877 Z] [PROCESS] [cadence.virtuoso.ade.simulationMonitor] - Finished Simulation {"hostname": "il2244vt26_hrahimi", "processid": 3942696, "history": "Interactive.172", "testname": "VT26_TOP_top_tb_TRAN_BIO", "cornername": "C0_10", "point": 11, "logfile": "/home/hrahimi/projects/POTENTIOSTAT_26/logs_hrahimi/logs0/Job11.log", "simid": "2"}
[2026-06-09 20:42:25.886 Z] [PROCESS] [cadence.virtuoso.ade.simulationMonitor] - HostInfo:
Host name (type):	il2244vt26_hrahimi (x86_64)
Operating system:	Linux 5.15.0-164-generic #174-Ubuntu SMP Fri Nov 14 20:25:16 UTC 2025 {"hostname": "il2244vt26_hrahimi", "processid": 3942696, "history": "Interactive.172", "testname": "VT26_TOP_top_tb_TRAN_BIO", "cornername": "C0_10", "point": 11, "logfile": "/home/hrahimi/projects/POTENTIOSTAT_26/logs_hrahimi/logs0/Job11.log", "nodename": "il2244vt26_hrahimi", "domainname": "(none)", "machine": "x86_64", "sysname": "Linux", "release": "5.15.0-164-generic", "version": "#174-Ubuntu SMP Fri Nov 14 20:25:16 UTC 2025"}
[2026-06-09 20:42:25.886 Z] [PROCESS] [cadence.virtuoso.ade.simulationMonitor] - UsageInfo:
pid=3942696
totalPhysicalMemory=3023.749672GB,Used=2814.798325GB,totalVirtualMemory=3031.749668GB,Used=2814.906479GB
Cpu: Cores=48, Load average:8.900000,7.650000,7.100000 {"hostname": "il2244vt26_hrahimi", "processid": 3942696, "history": "Interactive.172", "testname": "VT26_TOP_top_tb_TRAN_BIO", "cornername": "C0_10", "point": 11, "logfile": "/home/hrahimi/projects/POTENTIOSTAT_26/logs_hrahimi/logs0/Job11.log", "pid": "3942696", "totalPhysicalMemory": "3023.749672", "physicalMemoryUsed": "2814.798325", "totalVirtualMemory": "3031.749668", "virtualMemoryUsed": "2814.906479", "cpuCores": "48", "processes": "29659", "loadAverage1": "8.900000", "loadAverage5": "7.650000", "loadAverage15": "7.100000", "loadAverage1Percent": "0.185417"}
[2026-06-09 20:42:25.887 Z] [EVENT] [cadence.virtuoso.ade.simulationMonitor] - NewPoint {"history": "Interactive.172", "point": 18, "testname": "VT26_TOP_top_tb_TRAN_BIO", "cornername": "C0_17", "event": "NewPoint", "EventSource": "Simulation Monitor", "HistoryName": "Interactive.172", "logFile": "/home/hrahimi/projects/POTENTIOSTAT_26/logs_hrahimi/logs0/Job11.log", "logFileSize": "12501"}
[2026-06-09 20:42:25.989 Z] [EVENT] [cadence.virtuoso.ade.simulationMonitor] - NewPoint {"history": "Interactive.172", "point": 18, "testname": "VT26_TOP_top_tb_TRAN_BIO", "cornername": "C0_17", "event": "NewPoint", "EventSource": "ams", "HistoryName": "Interactive.172", "logFile": "/home/hrahimi/projects/POTENTIOSTAT_26/Sim/Potentiostat_Top/topsyh_tb/maestro/results/maestro/Interactive.172/18/VT26_TOP_top_tb_TRAN_BIO/psf/xrun.log", "logFileSize": "-1"}
[2026-06-09 20:42:26.000 Z] [PROCESS] [cadence.virtuoso.ade.simulationMonitor] - Simulator launched {"hostname": "il2244vt26_hrahimi", "processid": 3942696, "history": "Interactive.172", "testname": "VT26_TOP_top_tb_TRAN_BIO", "cornername": "C0_17", "point": 18, "logfile": "/home/hrahimi/projects/POTENTIOSTAT_26/logs_hrahimi/logs0/Job11.log", "simid": "3"}
[2026-06-09 20:42:26.061 Z] [PROCESS] [cadence.virtuoso.ade.simulationMonitor] - Started Simulation {"hostname": "il2244vt26_hrahimi", "processid": 3942696, "history": "Interactive.172", "testname": "VT26_TOP_top_tb_TRAN_BIO", "cornername": "C0_17", "point": 18, "logfile": "/home/hrahimi/projects/POTENTIOSTAT_26/logs_hrahimi/logs0/Job11.log", "event": "started", "task": "simulation"}
[2026-06-09 20:42:35.632 Z] [ERROR] [cadence.virtuoso.ade.simulationMonitor] - xrun: *E,ELBERR: Error (*E) or soft error (*SE) occurred during elaboration (status 1), exiting. {"history": "Interactive.172", "point": 18, "testname": "VT26_TOP_top_tb_TRAN_BIO", "cornername": "C0_17"}
[2026-06-09 20:42:35.633 Z] [PROCESS] [cadence.virtuoso.ade.simulationMonitor] - Finished simulating for one point {"hostname": "il2244vt26_hrahimi", "processid": 3942696, "history": "Interactive.172", "testname": "VT26_TOP_top_tb_TRAN_BIO", "cornername": "C0_17", "point": 18, "logfile": "/home/hrahimi/projects/POTENTIOSTAT_26/logs_hrahimi/logs0/Job11.log", "simid": "3"}
[2026-06-09 20:42:35.634 Z] [ERROR] [cadence.virtuoso.ade.simulationMonitor] - While simulating run Interactive.172, point 18, test VT26_TOP_top_tb_TRAN_BIO, received error:
Simulation Error:
 The simulator process returned a non-zero exit code, indicating failure.
The simulator could have crashed or intentionally returned to indicate an error.
Check the simulator log file for more information.  Common causes:
1. Simulator may have crashed during exit even after reporting success in log file.
2. Abrupt automatic simulator termination (e.g., SIGKILL) because the simulator process has
... {"history": "Interactive.172", "point": 18, "testname": "VT26_TOP_top_tb_TRAN_BIO", "cornername": "C0_17"}
[2026-06-09 20:42:35.635 Z] [PROCESS] [cadence.virtuoso.ade.simulationMonitor] - Finished Simulation {"hostname": "il2244vt26_hrahimi", "processid": 3942696, "history": "Interactive.172", "testname": "VT26_TOP_top_tb_TRAN_BIO", "cornername": "C0_17", "point": 18, "logfile": "/home/hrahimi/projects/POTENTIOSTAT_26/logs_hrahimi/logs0/Job11.log", "simid": "3"}
[2026-06-09 20:42:36.667 Z] [PROCESS] [cadence.virtuoso.ade.simulationMonitor] - Stay with the runId '7', Linger time '300', currentRunSyn '11', currentTestSyn '12' {"hostname": "il2244vt26_hrahimi", "processid": 3942696, "history": "Interactive.172", "testname": "VT26_TOP_top_tb_TRAN_BIO", "cornername": "C0_17", "point": 18, "logfile": "/home/hrahimi/projects/POTENTIOSTAT_26/logs_hrahimi/logs0/Job11.log"}
[2026-06-09 20:42:37.677 Z] [PROCESS] [cadence.virtuoso.ade.simulationMonitor] - Stay with the runId '7', Linger time '300', currentRunSyn '11', currentTestSyn '12' {"hostname": "il2244vt26_hrahimi", "processid": 3942696, "history": "Interactive.172", "testname": "VT26_TOP_top_tb_TRAN_BIO", "cornername": "C0_17", "point": 18, "logfile": "/home/hrahimi/projects/POTENTIOSTAT_26/logs_hrahimi/logs0/Job11.log"}
[2026-06-09 20:42:38.679 Z] [PROCESS] [cadence.virtuoso.ade.simulationMonitor] - HostInfo:
Host name (type):	il2244vt26_hrahimi (x86_64)
Operating system:	Linux 5.15.0-164-generic #174-Ubuntu SMP Fri Nov 14 20:25:16 UTC 2025 {"hostname": "il2244vt26_hrahimi", "processid": 3942696, "history": "Interactive.172", "testname": "VT26_TOP_top_tb_TRAN_BIO", "cornername": "C0_17", "point": 18, "logfile": "/home/hrahimi/projects/POTENTIOSTAT_26/logs_hrahimi/logs0/Job11.log", "nodename": "il2244vt26_hrahimi", "domainname": "(none)", "machine": "x86_64", "sysname": "Linux", "release": "5.15.0-164-generic", "version": "#174-Ubuntu SMP Fri Nov 14 20:25:16 UTC 2025"}
[2026-06-09 20:42:38.679 Z] [PROCESS] [cadence.virtuoso.ade.simulationMonitor] - UsageInfo:
pid=3942696
totalPhysicalMemory=3023.749672GB,Used=2814.741348GB,totalVirtualMemory=3031.749668GB,Used=2814.849503GB
Cpu: Cores=48, Load average:8.450000,7.590000,7.080000 {"hostname": "il2244vt26_hrahimi", "processid": 3942696, "history": "Interactive.172", "testname": "VT26_TOP_top_tb_TRAN_BIO", "cornername": "C0_17", "point": 18, "logfile": "/home/hrahimi/projects/POTENTIOSTAT_26/logs_hrahimi/logs0/Job11.log", "pid": "3942696", "totalPhysicalMemory": "3023.749672", "physicalMemoryUsed": "2814.741348", "totalVirtualMemory": "3031.749668", "virtualMemoryUsed": "2814.849503", "cpuCores": "48", "processes": "29659", "loadAverage1": "8.450000", "loadAverage5": "7.590000", "loadAverage15": "7.080000", "loadAverage1Percent": "0.176042"}
[2026-06-09 20:42:38.681 Z] [EVENT] [cadence.virtuoso.ade.simulationMonitor] - NewPoint {"history": "Interactive.172", "point": 25, "testname": "VT26_TOP_top_tb_TRAN_BIO", "cornername": "C0_24", "event": "NewPoint", "EventSource": "Simulation Monitor", "HistoryName": "Interactive.172", "logFile": "/home/hrahimi/projects/POTENTIOSTAT_26/logs_hrahimi/logs0/Job11.log", "logFileSize": "18132"}
[2026-06-09 20:42:38.783 Z] [EVENT] [cadence.virtuoso.ade.simulationMonitor] - NewPoint {"history": "Interactive.172", "point": 25, "testname": "VT26_TOP_top_tb_TRAN_BIO", "cornername": "C0_24", "event": "NewPoint", "EventSource": "ams", "HistoryName": "Interactive.172", "logFile": "/home/hrahimi/projects/POTENTIOSTAT_26/Sim/Potentiostat_Top/topsyh_tb/maestro/results/maestro/Interactive.172/25/VT26_TOP_top_tb_TRAN_BIO/psf/xrun.log", "logFileSize": "-1"}
[2026-06-09 20:42:38.796 Z] [PROCESS] [cadence.virtuoso.ade.simulationMonitor] - Simulator launched {"hostname": "il2244vt26_hrahimi", "processid": 3942696, "history": "Interactive.172", "testname": "VT26_TOP_top_tb_TRAN_BIO", "cornername": "C0_24", "point": 25, "logfile": "/home/hrahimi/projects/POTENTIOSTAT_26/logs_hrahimi/logs0/Job11.log", "simid": "4"}
[2026-06-09 20:42:38.865 Z] [PROCESS] [cadence.virtuoso.ade.simulationMonitor] - Started Simulation {"hostname": "il2244vt26_hrahimi", "processid": 3942696, "history": "Interactive.172", "testname": "VT26_TOP_top_tb_TRAN_BIO", "cornername": "C0_24", "point": 25, "logfile": "/home/hrahimi/projects/POTENTIOSTAT_26/logs_hrahimi/logs0/Job11.log", "event": "started", "task": "simulation"}
[2026-06-09 20:42:48.438 Z] [ERROR] [cadence.virtuoso.ade.simulationMonitor] - xrun: *E,ELBERR: Error (*E) or soft error (*SE) occurred during elaboration (status 1), exiting. {"history": "Interactive.172", "point": 25, "testname": "VT26_TOP_top_tb_TRAN_BIO", "cornername": "C0_24"}
[2026-06-09 20:42:48.439 Z] [PROCESS] [cadence.virtuoso.ade.simulationMonitor] - Finished simulating for one point {"hostname": "il2244vt26_hrahimi", "processid": 3942696, "history": "Interactive.172", "testname": "VT26_TOP_top_tb_TRAN_BIO", "cornername": "C0_24", "point": 25, "logfile": "/home/hrahimi/projects/POTENTIOSTAT_26/logs_hrahimi/logs0/Job11.log", "simid": "4"}
[2026-06-09 20:42:48.440 Z] [ERROR] [cadence.virtuoso.ade.simulationMonitor] - While simulating run Interactive.172, point 25, test VT26_TOP_top_tb_TRAN_BIO, received error:
Simulation Error:
 The simulator process returned a non-zero exit code, indicating failure.
The simulator could have crashed or intentionally returned to indicate an error.
Check the simulator log file for more information.  Common causes:
1. Simulator may have crashed during exit even after reporting success in log file.
2. Abrupt automatic simulator termination (e.g., SIGKILL) because the simulator process has
... {"history": "Interactive.172", "point": 25, "testname": "VT26_TOP_top_tb_TRAN_BIO", "cornername": "C0_24"}
[2026-06-09 20:42:48.440 Z] [PROCESS] [cadence.virtuoso.ade.simulationMonitor] - Finished Simulation {"hostname": "il2244vt26_hrahimi", "processid": 3942696, "history": "Interactive.172", "testname": "VT26_TOP_top_tb_TRAN_BIO", "cornername": "C0_24", "point": 25, "logfile": "/home/hrahimi/projects/POTENTIOSTAT_26/logs_hrahimi/logs0/Job11.log", "simid": "4"}
[2026-06-09 20:42:48.451 Z] [PROCESS] [cadence.virtuoso.ade.simulationMonitor] - Stay with the runId '7', Linger time '300', currentRunSyn '11', currentTestSyn '12' {"hostname": "il2244vt26_hrahimi", "processid": 3942696, "history": "Interactive.172", "testname": "VT26_TOP_top_tb_TRAN_BIO", "cornername": "C0_24", "point": 25, "logfile": "/home/hrahimi/projects/POTENTIOSTAT_26/logs_hrahimi/logs0/Job11.log"}
[2026-06-09 20:42:49.458 Z] [PROCESS] [cadence.virtuoso.ade.simulationMonitor] - Stay with the runId '7', Linger time '300', currentRunSyn '11', currentTestSyn '12' {"hostname": "il2244vt26_hrahimi", "processid": 3942696, "history": "Interactive.172", "testname": "VT26_TOP_top_tb_TRAN_BIO", "cornername": "C0_24", "point": 25, "logfile": "/home/hrahimi/projects/POTENTIOSTAT_26/logs_hrahimi/logs0/Job11.log"}
[2026-06-09 20:42:50.466 Z] [PROCESS] [cadence.virtuoso.ade.simulationMonitor] - Stay with the runId '7', Linger time '300', currentRunSyn '11', currentTestSyn '12' {"hostname": "il2244vt26_hrahimi", "processid": 3942696, "history": "Interactive.172", "testname": "VT26_TOP_top_tb_TRAN_BIO", "cornername": "C0_24", "point": 25, "logfile": "/home/hrahimi/projects/POTENTIOSTAT_26/logs_hrahimi/logs0/Job11.log"}
[2026-06-09 20:42:51.473 Z] [PROCESS] [cadence.virtuoso.ade.simulationMonitor] - Stay with the runId '7', Linger time '300', currentRunSyn '11', currentTestSyn '12' {"hostname": "il2244vt26_hrahimi", "processid": 3942696, "history": "Interactive.172", "testname": "VT26_TOP_top_tb_TRAN_BIO", "cornername": "C0_24", "point": 25, "logfile": "/home/hrahimi/projects/POTENTIOSTAT_26/logs_hrahimi/logs0/Job11.log"}
[2026-06-09 20:42:52.480 Z] [PROCESS] [cadence.virtuoso.ade.simulationMonitor] - Stay with the runId '7', Linger time '300', currentRunSyn '11', currentTestSyn '12' {"hostname": "il2244vt26_hrahimi", "processid": 3942696, "history": "Interactive.172", "testname": "VT26_TOP_top_tb_TRAN_BIO", "cornername": "C0_24", "point": 25, "logfile": "/home/hrahimi/projects/POTENTIOSTAT_26/logs_hrahimi/logs0/Job11.log"}
[2026-06-09 20:42:53.487 Z] [PROCESS] [cadence.virtuoso.ade.simulationMonitor] - Stay with the runId '7', Linger time '300', currentRunSyn '11', currentTestSyn '12' {"hostname": "il2244vt26_hrahimi", "processid": 3942696, "history": "Interactive.172", "testname": "VT26_TOP_top_tb_TRAN_BIO", "cornername": "C0_24", "point": 25, "logfile": "/home/hrahimi/projects/POTENTIOSTAT_26/logs_hrahimi/logs0/Job11.log"}
[2026-06-09 20:42:54.498 Z] [PROCESS] [cadence.virtuoso.ade.simulationMonitor] - Stay with the runId '7', Linger time '300', currentRunSyn '11', currentTestSyn '12' {"hostname": "il2244vt26_hrahimi", "processid": 3942696, "history": "Interactive.172", "testname": "VT26_TOP_top_tb_TRAN_BIO", "cornername": "C0_24", "point": 25, "logfile": "/home/hrahimi/projects/POTENTIOSTAT_26/logs_hrahimi/logs0/Job11.log"}
[2026-06-09 20:42:55.505 Z] [PROCESS] [cadence.virtuoso.ade.simulationMonitor] - Stay with the runId '7', Linger time '300', currentRunSyn '11', currentTestSyn '12' {"hostname": "il2244vt26_hrahimi", "processid": 3942696, "history": "Interactive.172", "testname": "VT26_TOP_top_tb_TRAN_BIO", "cornername": "C0_24", "point": 25, "logfile": "/home/hrahimi/projects/POTENTIOSTAT_26/logs_hrahimi/logs0/Job11.log"}
[2026-06-09 20:42:56.516 Z] [PROCESS] [cadence.virtuoso.ade.simulationMonitor] - Stay with the runId '7', Linger time '300', currentRunSyn '11', currentTestSyn '12' {"hostname": "il2244vt26_hrahimi", "processid": 3942696, "history": "Interactive.172", "testname": "VT26_TOP_top_tb_TRAN_BIO", "cornername": "C0_24", "point": 25, "logfile": "/home/hrahimi/projects/POTENTIOSTAT_26/logs_hrahimi/logs0/Job11.log"}
[2026-06-09 20:42:57.522 Z] [PROCESS] [cadence.virtuoso.ade.simulationMonitor] - Stay with the runId '7', Linger time '300', currentRunSyn '11', currentTestSyn '12' {"hostname": "il2244vt26_hrahimi", "processid": 3942696, "history": "Interactive.172", "testname": "VT26_TOP_top_tb_TRAN_BIO", "cornername": "C0_24", "point": 25, "logfile": "/home/hrahimi/projects/POTENTIOSTAT_26/logs_hrahimi/logs0/Job11.log"}
[2026-06-09 20:42:58.528 Z] [PROCESS] [cadence.virtuoso.ade.simulationMonitor] - Stay with the runId '7', Linger time '300', currentRunSyn '11', currentTestSyn '12' {"hostname": "il2244vt26_hrahimi", "processid": 3942696, "history": "Interactive.172", "testname": "VT26_TOP_top_tb_TRAN_BIO", "cornername": "C0_24", "point": 25, "logfile": "/home/hrahimi/projects/POTENTIOSTAT_26/logs_hrahimi/logs0/Job11.log"}
[2026-06-09 20:42:59.538 Z] [PROCESS] [cadence.virtuoso.ade.simulationMonitor] - Stay with the runId '7', Linger time '300', currentRunSyn '11', currentTestSyn '12' {"hostname": "il2244vt26_hrahimi", "processid": 3942696, "history": "Interactive.172", "testname": "VT26_TOP_top_tb_TRAN_BIO", "cornername": "C0_24", "point": 25, "logfile": "/home/hrahimi/projects/POTENTIOSTAT_26/logs_hrahimi/logs0/Job11.log"}
[2026-06-09 20:43:00.547 Z] [PROCESS] [cadence.virtuoso.ade.simulationMonitor] - Stay with the runId '7', Linger time '300', currentRunSyn '11', currentTestSyn '12' {"hostname": "il2244vt26_hrahimi", "processid": 3942696, "history": "Interactive.172", "testname": "VT26_TOP_top_tb_TRAN_BIO", "cornername": "C0_24", "point": 25, "logfile": "/home/hrahimi/projects/POTENTIOSTAT_26/logs_hrahimi/logs0/Job11.log"}
[2026-06-09 20:43:01.555 Z] [PROCESS] [cadence.virtuoso.ade.simulationMonitor] - Stay with the runId '7', Linger time '300', currentRunSyn '11', currentTestSyn '12' {"hostname": "il2244vt26_hrahimi", "processid": 3942696, "history": "Interactive.172", "testname": "VT26_TOP_top_tb_TRAN_BIO", "cornername": "C0_24", "point": 25, "logfile": "/home/hrahimi/projects/POTENTIOSTAT_26/logs_hrahimi/logs0/Job11.log"}
[2026-06-09 20:43:02.555 Z] [PROCESS] [cadence.virtuoso.ade.simulationMonitor] - Stay with the runId '7', Linger time '300', currentRunSyn '11', currentTestSyn '12' {"hostname": "il2244vt26_hrahimi", "processid": 3942696, "history": "Interactive.172", "testname": "VT26_TOP_top_tb_TRAN_BIO", "cornername": "C0_24", "point": 25, "logfile": "/home/hrahimi/projects/POTENTIOSTAT_26/logs_hrahimi/logs0/Job11.log"}
[2026-06-09 20:43:03.556 Z] [PROCESS] [cadence.virtuoso.ade.simulationMonitor] - Stay with the runId '7', Linger time '300', currentRunSyn '11', currentTestSyn '12' {"hostname": "il2244vt26_hrahimi", "processid": 3942696, "history": "Interactive.172", "testname": "VT26_TOP_top_tb_TRAN_BIO", "cornername": "C0_24", "point": 25, "logfile": "/home/hrahimi/projects/POTENTIOSTAT_26/logs_hrahimi/logs0/Job11.log"}
[2026-06-09 20:43:04.565 Z] [PROCESS] [cadence.virtuoso.ade.simulationMonitor] - Stay with the runId '7', Linger time '300', currentRunSyn '11', currentTestSyn '12' {"hostname": "il2244vt26_hrahimi", "processid": 3942696, "history": "Interactive.172", "testname": "VT26_TOP_top_tb_TRAN_BIO", "cornername": "C0_24", "point": 25, "logfile": "/home/hrahimi/projects/POTENTIOSTAT_26/logs_hrahimi/logs0/Job11.log"}
[2026-06-09 20:43:05.571 Z] [PROCESS] [cadence.virtuoso.ade.simulationMonitor] - Stay with the runId '7', Linger time '300', currentRunSyn '11', currentTestSyn '12' {"hostname": "il2244vt26_hrahimi", "processid": 3942696, "history": "Interactive.172", "testname": "VT26_TOP_top_tb_TRAN_BIO", "cornername": "C0_24", "point": 25, "logfile": "/home/hrahimi/projects/POTENTIOSTAT_26/logs_hrahimi/logs0/Job11.log"}
[2026-06-09 20:43:06.579 Z] [PROCESS] [cadence.virtuoso.ade.simulationMonitor] - Stay with the runId '7', Linger time '300', currentRunSyn '11', currentTestSyn '12' {"hostname": "il2244vt26_hrahimi", "processid": 3942696, "history": "Interactive.172", "testname": "VT26_TOP_top_tb_TRAN_BIO", "cornername": "C0_24", "point": 25, "logfile": "/home/hrahimi/projects/POTENTIOSTAT_26/logs_hrahimi/logs0/Job11.log"}
[2026-06-09 20:43:07.593 Z] [PROCESS] [cadence.virtuoso.ade.simulationMonitor] - Stay with the runId '7', Linger time '300', currentRunSyn '11', currentTestSyn '12' {"hostname": "il2244vt26_hrahimi", "processid": 3942696, "history": "Interactive.172", "testname": "VT26_TOP_top_tb_TRAN_BIO", "cornername": "C0_24", "point": 25, "logfile": "/home/hrahimi/projects/POTENTIOSTAT_26/logs_hrahimi/logs0/Job11.log"}
[2026-06-09 20:43:08.594 Z] [PROCESS] [cadence.virtuoso.ade.simulationMonitor] - Stay with the runId '7', Linger time '300', currentRunSyn '11', currentTestSyn '12' {"hostname": "il2244vt26_hrahimi", "processid": 3942696, "history": "Interactive.172", "testname": "VT26_TOP_top_tb_TRAN_BIO", "cornername": "C0_24", "point": 25, "logfile": "/home/hrahimi/projects/POTENTIOSTAT_26/logs_hrahimi/logs0/Job11.log"}
[2026-06-09 20:45:37.845 Z] [PROCESS] [cadence.virtuoso.ade.simulationMonitor] - Stay with the runId '8', Linger time '300', currentRunSyn '13', currentTestSyn '14' {"hostname": "il2244vt26_hrahimi", "processid": 3942696, "history": "Interactive.172", "testname": "VT26_TOP_top_tb_TRAN_BIO", "cornername": "C0_24", "point": 25, "logfile": "/home/hrahimi/projects/POTENTIOSTAT_26/logs_hrahimi/logs0/Job11.log"}
[2026-06-09 20:45:38.855 Z] [PROCESS] [cadence.virtuoso.ade.simulationMonitor] - Stay with the runId '8', Linger time '300', currentRunSyn '13', currentTestSyn '14' {"hostname": "il2244vt26_hrahimi", "processid": 3942696, "history": "Interactive.172", "testname": "VT26_TOP_top_tb_TRAN_BIO", "cornername": "C0_24", "point": 25, "logfile": "/home/hrahimi/projects/POTENTIOSTAT_26/logs_hrahimi/logs0/Job11.log"}
[2026-06-09 20:45:39.864 Z] [PROCESS] [cadence.virtuoso.ade.simulationMonitor] - Stay with the runId '8', Linger time '300', currentRunSyn '13', currentTestSyn '14' {"hostname": "il2244vt26_hrahimi", "processid": 3942696, "history": "Interactive.172", "testname": "VT26_TOP_top_tb_TRAN_BIO", "cornername": "C0_24", "point": 25, "logfile": "/home/hrahimi/projects/POTENTIOSTAT_26/logs_hrahimi/logs0/Job11.log"}
[2026-06-09 20:45:40.873 Z] [PROCESS] [cadence.virtuoso.ade.simulationMonitor] - Stay with the runId '8', Linger time '300', currentRunSyn '13', currentTestSyn '14' {"hostname": "il2244vt26_hrahimi", "processid": 3942696, "history": "Interactive.172", "testname": "VT26_TOP_top_tb_TRAN_BIO", "cornername": "C0_24", "point": 25, "logfile": "/home/hrahimi/projects/POTENTIOSTAT_26/logs_hrahimi/logs0/Job11.log"}
[2026-06-09 20:45:41.880 Z] [PROCESS] [cadence.virtuoso.ade.simulationMonitor] - Stay with the runId '8', Linger time '300', currentRunSyn '13', currentTestSyn '14' {"hostname": "il2244vt26_hrahimi", "processid": 3942696, "history": "Interactive.172", "testname": "VT26_TOP_top_tb_TRAN_BIO", "cornername": "C0_24", "point": 25, "logfile": "/home/hrahimi/projects/POTENTIOSTAT_26/logs_hrahimi/logs0/Job11.log"}
[2026-06-09 20:45:42.881 Z] [PROCESS] [cadence.virtuoso.ade.simulationMonitor] - Stay with the runId '8', Linger time '300', currentRunSyn '13', currentTestSyn '14' {"hostname": "il2244vt26_hrahimi", "processid": 3942696, "history": "Interactive.172", "testname": "VT26_TOP_top_tb_TRAN_BIO", "cornername": "C0_24", "point": 25, "logfile": "/home/hrahimi/projects/POTENTIOSTAT_26/logs_hrahimi/logs0/Job11.log"}
[2026-06-09 20:45:43.888 Z] [PROCESS] [cadence.virtuoso.ade.simulationMonitor] - Stay with the runId '8', Linger time '300', currentRunSyn '13', currentTestSyn '14' {"hostname": "il2244vt26_hrahimi", "processid": 3942696, "history": "Interactive.172", "testname": "VT26_TOP_top_tb_TRAN_BIO", "cornername": "C0_24", "point": 25, "logfile": "/home/hrahimi/projects/POTENTIOSTAT_26/logs_hrahimi/logs0/Job11.log"}
[2026-06-09 20:45:44.888 Z] [PROCESS] [cadence.virtuoso.ade.simulationMonitor] - Stay with the runId '8', Linger time '300', currentRunSyn '13', currentTestSyn '14' {"hostname": "il2244vt26_hrahimi", "processid": 3942696, "history": "Interactive.172", "testname": "VT26_TOP_top_tb_TRAN_BIO", "cornername": "C0_24", "point": 25, "logfile": "/home/hrahimi/projects/POTENTIOSTAT_26/logs_hrahimi/logs0/Job11.log"}
[2026-06-09 20:45:45.889 Z] [PROCESS] [cadence.virtuoso.ade.simulationMonitor] - Stay with the runId '8', Linger time '300', currentRunSyn '13', currentTestSyn '14' {"hostname": "il2244vt26_hrahimi", "processid": 3942696, "history": "Interactive.172", "testname": "VT26_TOP_top_tb_TRAN_BIO", "cornername": "C0_24", "point": 25, "logfile": "/home/hrahimi/projects/POTENTIOSTAT_26/logs_hrahimi/logs0/Job11.log"}
[2026-06-09 20:45:46.899 Z] [PROCESS] [cadence.virtuoso.ade.simulationMonitor] - Stay with the runId '8', Linger time '300', currentRunSyn '13', currentTestSyn '14' {"hostname": "il2244vt26_hrahimi", "processid": 3942696, "history": "Interactive.172", "testname": "VT26_TOP_top_tb_TRAN_BIO", "cornername": "C0_24", "point": 25, "logfile": "/home/hrahimi/projects/POTENTIOSTAT_26/logs_hrahimi/logs0/Job11.log"}
[2026-06-09 20:45:47.906 Z] [PROCESS] [cadence.virtuoso.ade.simulationMonitor] - Stay with the runId '8', Linger time '300', currentRunSyn '13', currentTestSyn '14' {"hostname": "il2244vt26_hrahimi", "processid": 3942696, "history": "Interactive.172", "testname": "VT26_TOP_top_tb_TRAN_BIO", "cornername": "C0_24", "point": 25, "logfile": "/home/hrahimi/projects/POTENTIOSTAT_26/logs_hrahimi/logs0/Job11.log"}
[2026-06-09 20:45:48.916 Z] [PROCESS] [cadence.virtuoso.ade.simulationMonitor] - Stay with the runId '8', Linger time '300', currentRunSyn '13', currentTestSyn '14' {"hostname": "il2244vt26_hrahimi", "processid": 3942696, "history": "Interactive.172", "testname": "VT26_TOP_top_tb_TRAN_BIO", "cornername": "C0_24", "point": 25, "logfile": "/home/hrahimi/projects/POTENTIOSTAT_26/logs_hrahimi/logs0/Job11.log"}
[2026-06-09 20:45:49.922 Z] [PROCESS] [cadence.virtuoso.ade.simulationMonitor] - Stay with the runId '8', Linger time '300', currentRunSyn '13', currentTestSyn '14' {"hostname": "il2244vt26_hrahimi", "processid": 3942696, "history": "Interactive.172", "testname": "VT26_TOP_top_tb_TRAN_BIO", "cornername": "C0_24", "point": 25, "logfile": "/home/hrahimi/projects/POTENTIOSTAT_26/logs_hrahimi/logs0/Job11.log"}
[2026-06-09 20:45:50.929 Z] [PROCESS] [cadence.virtuoso.ade.simulationMonitor] - Stay with the runId '8', Linger time '300', currentRunSyn '13', currentTestSyn '14' {"hostname": "il2244vt26_hrahimi", "processid": 3942696, "history": "Interactive.172", "testname": "VT26_TOP_top_tb_TRAN_BIO", "cornername": "C0_24", "point": 25, "logfile": "/home/hrahimi/projects/POTENTIOSTAT_26/logs_hrahimi/logs0/Job11.log"}
[2026-06-09 20:45:51.930 Z] [PROCESS] [cadence.virtuoso.ade.simulationMonitor] - Stay with the runId '8', Linger time '300', currentRunSyn '13', currentTestSyn '14' {"hostname": "il2244vt26_hrahimi", "processid": 3942696, "history": "Interactive.172", "testname": "VT26_TOP_top_tb_TRAN_BIO", "cornername": "C0_24", "point": 25, "logfile": "/home/hrahimi/projects/POTENTIOSTAT_26/logs_hrahimi/logs0/Job11.log"}
[2026-06-09 20:45:52.938 Z] [PROCESS] [cadence.virtuoso.ade.simulationMonitor] - Stay with the runId '8', Linger time '300', currentRunSyn '13', currentTestSyn '14' {"hostname": "il2244vt26_hrahimi", "processid": 3942696, "history": "Interactive.172", "testname": "VT26_TOP_top_tb_TRAN_BIO", "cornername": "C0_24", "point": 25, "logfile": "/home/hrahimi/projects/POTENTIOSTAT_26/logs_hrahimi/logs0/Job11.log"}
[2026-06-09 20:45:53.945 Z] [PROCESS] [cadence.virtuoso.ade.simulationMonitor] - Stay with the runId '8', Linger time '300', currentRunSyn '13', currentTestSyn '14' {"hostname": "il2244vt26_hrahimi", "processid": 3942696, "history": "Interactive.172", "testname": "VT26_TOP_top_tb_TRAN_BIO", "cornername": "C0_24", "point": 25, "logfile": "/home/hrahimi/projects/POTENTIOSTAT_26/logs_hrahimi/logs0/Job11.log"}
[2026-06-09 20:45:54.946 Z] [PROCESS] [cadence.virtuoso.ade.simulationMonitor] - Stay with the runId '8', Linger time '300', currentRunSyn '13', currentTestSyn '14' {"hostname": "il2244vt26_hrahimi", "processid": 3942696, "history": "Interactive.172", "testname": "VT26_TOP_top_tb_TRAN_BIO", "cornername": "C0_24", "point": 25, "logfile": "/home/hrahimi/projects/POTENTIOSTAT_26/logs_hrahimi/logs0/Job11.log"}
[2026-06-09 20:45:55.956 Z] [PROCESS] [cadence.virtuoso.ade.simulationMonitor] - Stay with the runId '8', Linger time '300', currentRunSyn '13', currentTestSyn '14' {"hostname": "il2244vt26_hrahimi", "processid": 3942696, "history": "Interactive.172", "testname": "VT26_TOP_top_tb_TRAN_BIO", "cornername": "C0_24", "point": 25, "logfile": "/home/hrahimi/projects/POTENTIOSTAT_26/logs_hrahimi/logs0/Job11.log"}
[2026-06-09 20:45:56.962 Z] [PROCESS] [cadence.virtuoso.ade.simulationMonitor] - Stay with the runId '8', Linger time '300', currentRunSyn '13', currentTestSyn '14' {"hostname": "il2244vt26_hrahimi", "processid": 3942696, "history": "Interactive.172", "testname": "VT26_TOP_top_tb_TRAN_BIO", "cornername": "C0_24", "point": 25, "logfile": "/home/hrahimi/projects/POTENTIOSTAT_26/logs_hrahimi/logs0/Job11.log"}
[2026-06-09 20:45:57.970 Z] [PROCESS] [cadence.virtuoso.ade.simulationMonitor] - Stay with the runId '8', Linger time '300', currentRunSyn '13', currentTestSyn '14' {"hostname": "il2244vt26_hrahimi", "processid": 3942696, "history": "Interactive.172", "testname": "VT26_TOP_top_tb_TRAN_BIO", "cornername": "C0_24", "point": 25, "logfile": "/home/hrahimi/projects/POTENTIOSTAT_26/logs_hrahimi/logs0/Job11.log"}
[2026-06-09 20:45:58.971 Z] [PROCESS] [cadence.virtuoso.ade.simulationMonitor] - Stay with the runId '8', Linger time '300', currentRunSyn '13', currentTestSyn '14' {"hostname": "il2244vt26_hrahimi", "processid": 3942696, "history": "Interactive.172", "testname": "VT26_TOP_top_tb_TRAN_BIO", "cornername": "C0_24", "point": 25, "logfile": "/home/hrahimi/projects/POTENTIOSTAT_26/logs_hrahimi/logs0/Job11.log"}
[2026-06-09 20:45:59.980 Z] [PROCESS] [cadence.virtuoso.ade.simulationMonitor] - Stay with the runId '8', Linger time '300', currentRunSyn '13', currentTestSyn '14' {"hostname": "il2244vt26_hrahimi", "processid": 3942696, "history": "Interactive.172", "testname": "VT26_TOP_top_tb_TRAN_BIO", "cornername": "C0_24", "point": 25, "logfile": "/home/hrahimi/projects/POTENTIOSTAT_26/logs_hrahimi/logs0/Job11.log"}
[2026-06-09 20:46:00.991 Z] [PROCESS] [cadence.virtuoso.ade.simulationMonitor] - Stay with the runId '8', Linger time '300', currentRunSyn '13', currentTestSyn '14' {"hostname": "il2244vt26_hrahimi", "processid": 3942696, "history": "Interactive.172", "testname": "VT26_TOP_top_tb_TRAN_BIO", "cornername": "C0_24", "point": 25, "logfile": "/home/hrahimi/projects/POTENTIOSTAT_26/logs_hrahimi/logs0/Job11.log"}
[2026-06-09 20:46:01.999 Z] [PROCESS] [cadence.virtuoso.ade.simulationMonitor] - Stay with the runId '8', Linger time '300', currentRunSyn '13', currentTestSyn '14' {"hostname": "il2244vt26_hrahimi", "processid": 3942696, "history": "Interactive.172", "testname": "VT26_TOP_top_tb_TRAN_BIO", "cornername": "C0_24", "point": 25, "logfile": "/home/hrahimi/projects/POTENTIOSTAT_26/logs_hrahimi/logs0/Job11.log"}
[2026-06-09 20:46:03.010 Z] [PROCESS] [cadence.virtuoso.ade.simulationMonitor] - Stay with the runId '8', Linger time '300', currentRunSyn '13', currentTestSyn '14' {"hostname": "il2244vt26_hrahimi", "processid": 3942696, "history": "Interactive.172", "testname": "VT26_TOP_top_tb_TRAN_BIO", "cornername": "C0_24", "point": 25, "logfile": "/home/hrahimi/projects/POTENTIOSTAT_26/logs_hrahimi/logs0/Job11.log"}
[2026-06-09 20:46:04.016 Z] [PROCESS] [cadence.virtuoso.ade.simulationMonitor] - Stay with the runId '8', Linger time '300', currentRunSyn '13', currentTestSyn '14' {"hostname": "il2244vt26_hrahimi", "processid": 3942696, "history": "Interactive.172", "testname": "VT26_TOP_top_tb_TRAN_BIO", "cornername": "C0_24", "point": 25, "logfile": "/home/hrahimi/projects/POTENTIOSTAT_26/logs_hrahimi/logs0/Job11.log"}
[2026-06-09 20:46:05.024 Z] [PROCESS] [cadence.virtuoso.ade.simulationMonitor] - Stay with the runId '8', Linger time '300', currentRunSyn '13', currentTestSyn '14' {"hostname": "il2244vt26_hrahimi", "processid": 3942696, "history": "Interactive.172", "testname": "VT26_TOP_top_tb_TRAN_BIO", "cornername": "C0_24", "point": 25, "logfile": "/home/hrahimi/projects/POTENTIOSTAT_26/logs_hrahimi/logs0/Job11.log"}
[2026-06-09 20:46:06.031 Z] [PROCESS] [cadence.virtuoso.ade.simulationMonitor] - Stay with the runId '8', Linger time '300', currentRunSyn '13', currentTestSyn '14' {"hostname": "il2244vt26_hrahimi", "processid": 3942696, "history": "Interactive.172", "testname": "VT26_TOP_top_tb_TRAN_BIO", "cornername": "C0_24", "point": 25, "logfile": "/home/hrahimi/projects/POTENTIOSTAT_26/logs_hrahimi/logs0/Job11.log"}
[2026-06-09 20:46:07.040 Z] [PROCESS] [cadence.virtuoso.ade.simulationMonitor] - Stay with the runId '8', Linger time '300', currentRunSyn '13', currentTestSyn '14' {"hostname": "il2244vt26_hrahimi", "processid": 3942696, "history": "Interactive.172", "testname": "VT26_TOP_top_tb_TRAN_BIO", "cornername": "C0_24", "point": 25, "logfile": "/home/hrahimi/projects/POTENTIOSTAT_26/logs_hrahimi/logs0/Job11.log"}
[2026-06-09 20:46:08.052 Z] [PROCESS] [cadence.virtuoso.ade.simulationMonitor] - Padding test token found for runId '8', Linger time '300', currentRunSyn '13', currentTestSyn '14' {"hostname": "il2244vt26_hrahimi", "processid": 3942696, "history": "Interactive.172", "testname": "VT26_TOP_top_tb_TRAN_BIO", "cornername": "C0_24", "point": 25, "logfile": "/home/hrahimi/projects/POTENTIOSTAT_26/logs_hrahimi/logs0/Job11.log"}
[2026-06-09 20:46:08.057 Z] [PROCESS] [cadence.virtuoso.ade.simulationMonitor] - Stay with the runId '8', Linger time '300', currentRunSyn '13', currentTestSyn '14' {"hostname": "il2244vt26_hrahimi", "processid": 3942696, "history": "Interactive.172", "testname": "VT26_TOP_top_tb_TRAN_BIO", "cornername": "C0_24", "point": 25, "logfile": "/home/hrahimi/projects/POTENTIOSTAT_26/logs_hrahimi/logs0/Job11.log"}
[2026-06-09 20:46:09.069 Z] [PROCESS] [cadence.virtuoso.ade.simulationMonitor] - Stay with the runId '8', Linger time '300', currentRunSyn '13', currentTestSyn '14' {"hostname": "il2244vt26_hrahimi", "processid": 3942696, "history": "Interactive.172", "testname": "VT26_TOP_top_tb_TRAN_BIO", "cornername": "C0_24", "point": 25, "logfile": "/home/hrahimi/projects/POTENTIOSTAT_26/logs_hrahimi/logs0/Job11.log"}
[2026-06-09 20:46:10.077 Z] [PROCESS] [cadence.virtuoso.ade.simulationMonitor] - Stay with the runId '8', Linger time '300', currentRunSyn '13', currentTestSyn '14' {"hostname": "il2244vt26_hrahimi", "processid": 3942696, "history": "Interactive.172", "testname": "VT26_TOP_top_tb_TRAN_BIO", "cornername": "C0_24", "point": 25, "logfile": "/home/hrahimi/projects/POTENTIOSTAT_26/logs_hrahimi/logs0/Job11.log"}
[2026-06-09 20:46:11.075 Z] [PROCESS] [cadence.virtuoso.ade.simulationMonitor] - Stay with the runId '8', Linger time '300', currentRunSyn '13', currentTestSyn '14' {"hostname": "il2244vt26_hrahimi", "processid": 3942696, "history": "Interactive.172", "testname": "VT26_TOP_top_tb_TRAN_BIO", "cornername": "C0_24", "point": 25, "logfile": "/home/hrahimi/projects/POTENTIOSTAT_26/logs_hrahimi/logs0/Job11.log"}
[2026-06-09 20:46:12.081 Z] [PROCESS] [cadence.virtuoso.ade.simulationMonitor] - Stay with the runId '8', Linger time '300', currentRunSyn '13', currentTestSyn '14' {"hostname": "il2244vt26_hrahimi", "processid": 3942696, "history": "Interactive.172", "testname": "VT26_TOP_top_tb_TRAN_BIO", "cornername": "C0_24", "point": 25, "logfile": "/home/hrahimi/projects/POTENTIOSTAT_26/logs_hrahimi/logs0/Job11.log"}
[2026-06-09 20:46:13.086 Z] [PROCESS] [cadence.virtuoso.ade.simulationMonitor] - Stay with the runId '8', Linger time '300', currentRunSyn '13', currentTestSyn '14' {"hostname": "il2244vt26_hrahimi", "processid": 3942696, "history": "Interactive.172", "testname": "VT26_TOP_top_tb_TRAN_BIO", "cornername": "C0_24", "point": 25, "logfile": "/home/hrahimi/projects/POTENTIOSTAT_26/logs_hrahimi/logs0/Job11.log"}
[2026-06-09 20:46:14.095 Z] [PROCESS] [cadence.virtuoso.ade.simulationMonitor] - Stay with the runId '8', Linger time '300', currentRunSyn '13', currentTestSyn '14' {"hostname": "il2244vt26_hrahimi", "processid": 3942696, "history": "Interactive.172", "testname": "VT26_TOP_top_tb_TRAN_BIO", "cornername": "C0_24", "point": 25, "logfile": "/home/hrahimi/projects/POTENTIOSTAT_26/logs_hrahimi/logs0/Job11.log"}
[2026-06-09 20:46:15.102 Z] [PROCESS] [cadence.virtuoso.ade.simulationMonitor] - Stay with the runId '8', Linger time '300', currentRunSyn '13', currentTestSyn '14' {"hostname": "il2244vt26_hrahimi", "processid": 3942696, "history": "Interactive.172", "testname": "VT26_TOP_top_tb_TRAN_BIO", "cornername": "C0_24", "point": 25, "logfile": "/home/hrahimi/projects/POTENTIOSTAT_26/logs_hrahimi/logs0/Job11.log"}
[2026-06-09 20:46:16.103 Z] [PROCESS] [cadence.virtuoso.ade.simulationMonitor] - Stay with the runId '8', Linger time '300', currentRunSyn '13', currentTestSyn '14' {"hostname": "il2244vt26_hrahimi", "processid": 3942696, "history": "Interactive.172", "testname": "VT26_TOP_top_tb_TRAN_BIO", "cornername": "C0_24", "point": 25, "logfile": "/home/hrahimi/projects/POTENTIOSTAT_26/logs_hrahimi/logs0/Job11.log"}
[2026-06-09 20:46:17.110 Z] [PROCESS] [cadence.virtuoso.ade.simulationMonitor] - Stay with the runId '8', Linger time '300', currentRunSyn '13', currentTestSyn '14' {"hostname": "il2244vt26_hrahimi", "processid": 3942696, "history": "Interactive.172", "testname": "VT26_TOP_top_tb_TRAN_BIO", "cornername": "C0_24", "point": 25, "logfile": "/home/hrahimi/projects/POTENTIOSTAT_26/logs_hrahimi/logs0/Job11.log"}
[2026-06-09 20:46:18.119 Z] [PROCESS] [cadence.virtuoso.ade.simulationMonitor] - Stay with the runId '8', Linger time '300', currentRunSyn '13', currentTestSyn '14' {"hostname": "il2244vt26_hrahimi", "processid": 3942696, "history": "Interactive.172", "testname": "VT26_TOP_top_tb_TRAN_BIO", "cornername": "C0_24", "point": 25, "logfile": "/home/hrahimi/projects/POTENTIOSTAT_26/logs_hrahimi/logs0/Job11.log"}
[2026-06-09 20:46:19.132 Z] [PROCESS] [cadence.virtuoso.ade.simulationMonitor] - Padding test token found for runId '8', Linger time '300', currentRunSyn '13', currentTestSyn '14' {"hostname": "il2244vt26_hrahimi", "processid": 3942696, "history": "Interactive.172", "testname": "VT26_TOP_top_tb_TRAN_BIO", "cornername": "C0_24", "point": 25, "logfile": "/home/hrahimi/projects/POTENTIOSTAT_26/logs_hrahimi/logs0/Job11.log"}
[2026-06-09 20:46:19.139 Z] [PROCESS] [cadence.virtuoso.ade.simulationMonitor] - Stay with the runId '8', Linger time '300', currentRunSyn '13', currentTestSyn '14' {"hostname": "il2244vt26_hrahimi", "processid": 3942696, "history": "Interactive.172", "testname": "VT26_TOP_top_tb_TRAN_BIO", "cornername": "C0_24", "point": 25, "logfile": "/home/hrahimi/projects/POTENTIOSTAT_26/logs_hrahimi/logs0/Job11.log"}
[2026-06-09 20:46:20.149 Z] [PROCESS] [cadence.virtuoso.ade.simulationMonitor] - Stay with the runId '8', Linger time '300', currentRunSyn '13', currentTestSyn '14' {"hostname": "il2244vt26_hrahimi", "processid": 3942696, "history": "Interactive.172", "testname": "VT26_TOP_top_tb_TRAN_BIO", "cornername": "C0_24", "point": 25, "logfile": "/home/hrahimi/projects/POTENTIOSTAT_26/logs_hrahimi/logs0/Job11.log"}
[2026-06-09 20:46:21.154 Z] [PROCESS] [cadence.virtuoso.ade.simulationMonitor] - Stay with the runId '8', Linger time '300', currentRunSyn '13', currentTestSyn '14' {"hostname": "il2244vt26_hrahimi", "processid": 3942696, "history": "Interactive.172", "testname": "VT26_TOP_top_tb_TRAN_BIO", "cornername": "C0_24", "point": 25, "logfile": "/home/hrahimi/projects/POTENTIOSTAT_26/logs_hrahimi/logs0/Job11.log"}
[2026-06-09 20:46:22.165 Z] [PROCESS] [cadence.virtuoso.ade.simulationMonitor] - Padding test token found for runId '8', Linger time '300', currentRunSyn '13', currentTestSyn '14' {"hostname": "il2244vt26_hrahimi", "processid": 3942696, "history": "Interactive.172", "testname": "VT26_TOP_top_tb_TRAN_BIO", "cornername": "C0_24", "point": 25, "logfile": "/home/hrahimi/projects/POTENTIOSTAT_26/logs_hrahimi/logs0/Job11.log"}
[2026-06-09 20:46:22.181 Z] [PROCESS] [cadence.virtuoso.ade.simulationMonitor] - Stay with the runId '8', Linger time '300', currentRunSyn '13', currentTestSyn '14' {"hostname": "il2244vt26_hrahimi", "processid": 3942696, "history": "Interactive.172", "testname": "VT26_TOP_top_tb_TRAN_BIO", "cornername": "C0_24", "point": 25, "logfile": "/home/hrahimi/projects/POTENTIOSTAT_26/logs_hrahimi/logs0/Job11.log"}
[2026-06-09 20:46:23.193 Z] [PROCESS] [cadence.virtuoso.ade.simulationMonitor] - Stay with the runId '8', Linger time '300', currentRunSyn '13', currentTestSyn '14' {"hostname": "il2244vt26_hrahimi", "processid": 3942696, "history": "Interactive.172", "testname": "VT26_TOP_top_tb_TRAN_BIO", "cornername": "C0_24", "point": 25, "logfile": "/home/hrahimi/projects/POTENTIOSTAT_26/logs_hrahimi/logs0/Job11.log"}
[2026-06-09 20:46:24.199 Z] [PROCESS] [cadence.virtuoso.ade.simulationMonitor] - Stay with the runId '8', Linger time '300', currentRunSyn '13', currentTestSyn '14' {"hostname": "il2244vt26_hrahimi", "processid": 3942696, "history": "Interactive.172", "testname": "VT26_TOP_top_tb_TRAN_BIO", "cornername": "C0_24", "point": 25, "logfile": "/home/hrahimi/projects/POTENTIOSTAT_26/logs_hrahimi/logs0/Job11.log"}
[2026-06-09 20:46:25.199 Z] [PROCESS] [cadence.virtuoso.ade.simulationMonitor] - Stay with the runId '8', Linger time '300', currentRunSyn '13', currentTestSyn '14' {"hostname": "il2244vt26_hrahimi", "processid": 3942696, "history": "Interactive.172", "testname": "VT26_TOP_top_tb_TRAN_BIO", "cornername": "C0_24", "point": 25, "logfile": "/home/hrahimi/projects/POTENTIOSTAT_26/logs_hrahimi/logs0/Job11.log"}
[2026-06-09 20:46:26.206 Z] [PROCESS] [cadence.virtuoso.ade.simulationMonitor] - Padding test token found for runId '8', Linger time '300', currentRunSyn '13', currentTestSyn '14' {"hostname": "il2244vt26_hrahimi", "processid": 3942696, "history": "Interactive.172", "testname": "VT26_TOP_top_tb_TRAN_BIO", "cornername": "C0_24", "point": 25, "logfile": "/home/hrahimi/projects/POTENTIOSTAT_26/logs_hrahimi/logs0/Job11.log"}
[2026-06-09 20:46:26.212 Z] [PROCESS] [cadence.virtuoso.ade.simulationMonitor] - Stay with the runId '8', Linger time '300', currentRunSyn '13', currentTestSyn '14' {"hostname": "il2244vt26_hrahimi", "processid": 3942696, "history": "Interactive.172", "testname": "VT26_TOP_top_tb_TRAN_BIO", "cornername": "C0_24", "point": 25, "logfile": "/home/hrahimi/projects/POTENTIOSTAT_26/logs_hrahimi/logs0/Job11.log"}
[2026-06-09 20:46:27.218 Z] [PROCESS] [cadence.virtuoso.ade.simulationMonitor] - Stay with the runId '8', Linger time '300', currentRunSyn '13', currentTestSyn '14' {"hostname": "il2244vt26_hrahimi", "processid": 3942696, "history": "Interactive.172", "testname": "VT26_TOP_top_tb_TRAN_BIO", "cornername": "C0_24", "point": 25, "logfile": "/home/hrahimi/projects/POTENTIOSTAT_26/logs_hrahimi/logs0/Job11.log"}
[2026-06-09 20:46:28.225 Z] [PROCESS] [cadence.virtuoso.ade.simulationMonitor] - Stay with the runId '8', Linger time '300', currentRunSyn '13', currentTestSyn '14' {"hostname": "il2244vt26_hrahimi", "processid": 3942696, "history": "Interactive.172", "testname": "VT26_TOP_top_tb_TRAN_BIO", "cornername": "C0_24", "point": 25, "logfile": "/home/hrahimi/projects/POTENTIOSTAT_26/logs_hrahimi/logs0/Job11.log"}
[2026-06-09 20:46:29.233 Z] [PROCESS] [cadence.virtuoso.ade.simulationMonitor] - Stay with the runId '8', Linger time '300', currentRunSyn '13', currentTestSyn '14' {"hostname": "il2244vt26_hrahimi", "processid": 3942696, "history": "Interactive.172", "testname": "VT26_TOP_top_tb_TRAN_BIO", "cornername": "C0_24", "point": 25, "logfile": "/home/hrahimi/projects/POTENTIOSTAT_26/logs_hrahimi/logs0/Job11.log"}
[2026-06-09 20:46:30.235 Z] [PROCESS] [cadence.virtuoso.ade.simulationMonitor] - Stay with the runId '8', Linger time '300', currentRunSyn '13', currentTestSyn '14' {"hostname": "il2244vt26_hrahimi", "processid": 3942696, "history": "Interactive.172", "testname": "VT26_TOP_top_tb_TRAN_BIO", "cornername": "C0_24", "point": 25, "logfile": "/home/hrahimi/projects/POTENTIOSTAT_26/logs_hrahimi/logs0/Job11.log"}
[2026-06-09 20:46:31.242 Z] [PROCESS] [cadence.virtuoso.ade.simulationMonitor] - Stay with the runId '8', Linger time '300', currentRunSyn '13', currentTestSyn '14' {"hostname": "il2244vt26_hrahimi", "processid": 3942696, "history": "Interactive.172", "testname": "VT26_TOP_top_tb_TRAN_BIO", "cornername": "C0_24", "point": 25, "logfile": "/home/hrahimi/projects/POTENTIOSTAT_26/logs_hrahimi/logs0/Job11.log"}
[2026-06-09 20:46:32.242 Z] [PROCESS] [cadence.virtuoso.ade.simulationMonitor] - Stay with the runId '8', Linger time '300', currentRunSyn '13', currentTestSyn '14' {"hostname": "il2244vt26_hrahimi", "processid": 3942696, "history": "Interactive.172", "testname": "VT26_TOP_top_tb_TRAN_BIO", "cornername": "C0_24", "point": 25, "logfile": "/home/hrahimi/projects/POTENTIOSTAT_26/logs_hrahimi/logs0/Job11.log"}
[2026-06-09 20:46:33.253 Z] [PROCESS] [cadence.virtuoso.ade.simulationMonitor] - Padding test token found for runId '8', Linger time '300', currentRunSyn '13', currentTestSyn '14' {"hostname": "il2244vt26_hrahimi", "processid": 3942696, "history": "Interactive.172", "testname": "VT26_TOP_top_tb_TRAN_BIO", "cornername": "C0_24", "point": 25, "logfile": "/home/hrahimi/projects/POTENTIOSTAT_26/logs_hrahimi/logs0/Job11.log"}
[2026-06-09 20:46:33.280 Z] [PROCESS] [cadence.virtuoso.ade.simulationMonitor] - Stay with the runId '8', Linger time '300', currentRunSyn '13', currentTestSyn '14' {"hostname": "il2244vt26_hrahimi", "processid": 3942696, "history": "Interactive.172", "testname": "VT26_TOP_top_tb_TRAN_BIO", "cornername": "C0_24", "point": 25, "logfile": "/home/hrahimi/projects/POTENTIOSTAT_26/logs_hrahimi/logs0/Job11.log"}
[2026-06-09 20:46:34.279 Z] [PROCESS] [cadence.virtuoso.ade.simulationMonitor] - Stay with the runId '8', Linger time '300', currentRunSyn '13', currentTestSyn '14' {"hostname": "il2244vt26_hrahimi", "processid": 3942696, "history": "Interactive.172", "testname": "VT26_TOP_top_tb_TRAN_BIO", "cornername": "C0_24", "point": 25, "logfile": "/home/hrahimi/projects/POTENTIOSTAT_26/logs_hrahimi/logs0/Job11.log"}
[2026-06-09 20:46:35.279 Z] [PROCESS] [cadence.virtuoso.ade.simulationMonitor] - Stay with the runId '8', Linger time '300', currentRunSyn '13', currentTestSyn '14' {"hostname": "il2244vt26_hrahimi", "processid": 3942696, "history": "Interactive.172", "testname": "VT26_TOP_top_tb_TRAN_BIO", "cornername": "C0_24", "point": 25, "logfile": "/home/hrahimi/projects/POTENTIOSTAT_26/logs_hrahimi/logs0/Job11.log"}
[2026-06-09 20:46:36.288 Z] [PROCESS] [cadence.virtuoso.ade.simulationMonitor] - Stay with the runId '8', Linger time '300', currentRunSyn '13', currentTestSyn '14' {"hostname": "il2244vt26_hrahimi", "processid": 3942696, "history": "Interactive.172", "testname": "VT26_TOP_top_tb_TRAN_BIO", "cornername": "C0_24", "point": 25, "logfile": "/home/hrahimi/projects/POTENTIOSTAT_26/logs_hrahimi/logs0/Job11.log"}
[2026-06-09 20:46:37.297 Z] [PROCESS] [cadence.virtuoso.ade.simulationMonitor] - Stay with the runId '8', Linger time '300', currentRunSyn '13', currentTestSyn '14' {"hostname": "il2244vt26_hrahimi", "processid": 3942696, "history": "Interactive.172", "testname": "VT26_TOP_top_tb_TRAN_BIO", "cornername": "C0_24", "point": 25, "logfile": "/home/hrahimi/projects/POTENTIOSTAT_26/logs_hrahimi/logs0/Job11.log"}
[2026-06-09 20:46:38.303 Z] [PROCESS] [cadence.virtuoso.ade.simulationMonitor] - Stay with the runId '8', Linger time '300', currentRunSyn '13', currentTestSyn '14' {"hostname": "il2244vt26_hrahimi", "processid": 3942696, "history": "Interactive.172", "testname": "VT26_TOP_top_tb_TRAN_BIO", "cornername": "C0_24", "point": 25, "logfile": "/home/hrahimi/projects/POTENTIOSTAT_26/logs_hrahimi/logs0/Job11.log"}
[2026-06-09 20:46:39.311 Z] [PROCESS] [cadence.virtuoso.ade.simulationMonitor] - Stay with the runId '8', Linger time '300', currentRunSyn '13', currentTestSyn '14' {"hostname": "il2244vt26_hrahimi", "processid": 3942696, "history": "Interactive.172", "testname": "VT26_TOP_top_tb_TRAN_BIO", "cornername": "C0_24", "point": 25, "logfile": "/home/hrahimi/projects/POTENTIOSTAT_26/logs_hrahimi/logs0/Job11.log"}
[2026-06-09 20:46:40.318 Z] [PROCESS] [cadence.virtuoso.ade.simulationMonitor] - Stay with the runId '8', Linger time '300', currentRunSyn '13', currentTestSyn '14' {"hostname": "il2244vt26_hrahimi", "processid": 3942696, "history": "Interactive.172", "testname": "VT26_TOP_top_tb_TRAN_BIO", "cornername": "C0_24", "point": 25, "logfile": "/home/hrahimi/projects/POTENTIOSTAT_26/logs_hrahimi/logs0/Job11.log"}
[2026-06-09 20:46:41.319 Z] [PROCESS] [cadence.virtuoso.ade.simulationMonitor] - Stay with the runId '8', Linger time '300', currentRunSyn '13', currentTestSyn '14' {"hostname": "il2244vt26_hrahimi", "processid": 3942696, "history": "Interactive.172", "testname": "VT26_TOP_top_tb_TRAN_BIO", "cornername": "C0_24", "point": 25, "logfile": "/home/hrahimi/projects/POTENTIOSTAT_26/logs_hrahimi/logs0/Job11.log"}
[2026-06-09 20:46:42.329 Z] [PROCESS] [cadence.virtuoso.ade.simulationMonitor] - Stay with the runId '8', Linger time '300', currentRunSyn '13', currentTestSyn '14' {"hostname": "il2244vt26_hrahimi", "processid": 3942696, "history": "Interactive.172", "testname": "VT26_TOP_top_tb_TRAN_BIO", "cornername": "C0_24", "point": 25, "logfile": "/home/hrahimi/projects/POTENTIOSTAT_26/logs_hrahimi/logs0/Job11.log"}
[2026-06-09 20:46:43.334 Z] [PROCESS] [cadence.virtuoso.ade.simulationMonitor] - Stay with the runId '8', Linger time '300', currentRunSyn '13', currentTestSyn '14' {"hostname": "il2244vt26_hrahimi", "processid": 3942696, "history": "Interactive.172", "testname": "VT26_TOP_top_tb_TRAN_BIO", "cornername": "C0_24", "point": 25, "logfile": "/home/hrahimi/projects/POTENTIOSTAT_26/logs_hrahimi/logs0/Job11.log"}
[2026-06-09 20:46:44.335 Z] [PROCESS] [cadence.virtuoso.ade.simulationMonitor] - Stay with the runId '8', Linger time '300', currentRunSyn '13', currentTestSyn '14' {"hostname": "il2244vt26_hrahimi", "processid": 3942696, "history": "Interactive.172", "testname": "VT26_TOP_top_tb_TRAN_BIO", "cornername": "C0_24", "point": 25, "logfile": "/home/hrahimi/projects/POTENTIOSTAT_26/logs_hrahimi/logs0/Job11.log"}
[2026-06-09 20:46:45.344 Z] [PROCESS] [cadence.virtuoso.ade.simulationMonitor] - Stay with the runId '8', Linger time '300', currentRunSyn '13', currentTestSyn '14' {"hostname": "il2244vt26_hrahimi", "processid": 3942696, "history": "Interactive.172", "testname": "VT26_TOP_top_tb_TRAN_BIO", "cornername": "C0_24", "point": 25, "logfile": "/home/hrahimi/projects/POTENTIOSTAT_26/logs_hrahimi/logs0/Job11.log"}
[2026-06-09 20:46:46.354 Z] [PROCESS] [cadence.virtuoso.ade.simulationMonitor] - Stay with the runId '8', Linger time '300', currentRunSyn '13', currentTestSyn '14' {"hostname": "il2244vt26_hrahimi", "processid": 3942696, "history": "Interactive.172", "testname": "VT26_TOP_top_tb_TRAN_BIO", "cornername": "C0_24", "point": 25, "logfile": "/home/hrahimi/projects/POTENTIOSTAT_26/logs_hrahimi/logs0/Job11.log"}
[2026-06-09 20:46:47.362 Z] [PROCESS] [cadence.virtuoso.ade.simulationMonitor] - Stay with the runId '8', Linger time '300', currentRunSyn '13', currentTestSyn '14' {"hostname": "il2244vt26_hrahimi", "processid": 3942696, "history": "Interactive.172", "testname": "VT26_TOP_top_tb_TRAN_BIO", "cornername": "C0_24", "point": 25, "logfile": "/home/hrahimi/projects/POTENTIOSTAT_26/logs_hrahimi/logs0/Job11.log"}
[2026-06-09 20:46:48.363 Z] [PROCESS] [cadence.virtuoso.ade.simulationMonitor] - Stay with the runId '8', Linger time '300', currentRunSyn '13', currentTestSyn '14' {"hostname": "il2244vt26_hrahimi", "processid": 3942696, "history": "Interactive.172", "testname": "VT26_TOP_top_tb_TRAN_BIO", "cornername": "C0_24", "point": 25, "logfile": "/home/hrahimi/projects/POTENTIOSTAT_26/logs_hrahimi/logs0/Job11.log"}
[2026-06-09 20:46:49.372 Z] [PROCESS] [cadence.virtuoso.ade.simulationMonitor] - Stay with the runId '8', Linger time '300', currentRunSyn '13', currentTestSyn '14' {"hostname": "il2244vt26_hrahimi", "processid": 3942696, "history": "Interactive.172", "testname": "VT26_TOP_top_tb_TRAN_BIO", "cornername": "C0_24", "point": 25, "logfile": "/home/hrahimi/projects/POTENTIOSTAT_26/logs_hrahimi/logs0/Job11.log"}
[2026-06-09 20:46:50.378 Z] [PROCESS] [cadence.virtuoso.ade.simulationMonitor] - Stay with the runId '8', Linger time '300', currentRunSyn '13', currentTestSyn '14' {"hostname": "il2244vt26_hrahimi", "processid": 3942696, "history": "Interactive.172", "testname": "VT26_TOP_top_tb_TRAN_BIO", "cornername": "C0_24", "point": 25, "logfile": "/home/hrahimi/projects/POTENTIOSTAT_26/logs_hrahimi/logs0/Job11.log"}
[2026-06-09 20:46:51.384 Z] [PROCESS] [cadence.virtuoso.ade.simulationMonitor] - Stay with the runId '8', Linger time '300', currentRunSyn '13', currentTestSyn '14' {"hostname": "il2244vt26_hrahimi", "processid": 3942696, "history": "Interactive.172", "testname": "VT26_TOP_top_tb_TRAN_BIO", "cornername": "C0_24", "point": 25, "logfile": "/home/hrahimi/projects/POTENTIOSTAT_26/logs_hrahimi/logs0/Job11.log"}
[2026-06-09 20:46:52.385 Z] [PROCESS] [cadence.virtuoso.ade.simulationMonitor] - Stay with the runId '8', Linger time '300', currentRunSyn '13', currentTestSyn '14' {"hostname": "il2244vt26_hrahimi", "processid": 3942696, "history": "Interactive.172", "testname": "VT26_TOP_top_tb_TRAN_BIO", "cornername": "C0_24", "point": 25, "logfile": "/home/hrahimi/projects/POTENTIOSTAT_26/logs_hrahimi/logs0/Job11.log"}
[2026-06-09 20:46:53.395 Z] [PROCESS] [cadence.virtuoso.ade.simulationMonitor] - Stay with the runId '8', Linger time '300', currentRunSyn '13', currentTestSyn '14' {"hostname": "il2244vt26_hrahimi", "processid": 3942696, "history": "Interactive.172", "testname": "VT26_TOP_top_tb_TRAN_BIO", "cornername": "C0_24", "point": 25, "logfile": "/home/hrahimi/projects/POTENTIOSTAT_26/logs_hrahimi/logs0/Job11.log"}
[2026-06-09 20:46:54.405 Z] [PROCESS] [cadence.virtuoso.ade.simulationMonitor] - Stay with the runId '8', Linger time '300', currentRunSyn '13', currentTestSyn '14' {"hostname": "il2244vt26_hrahimi", "processid": 3942696, "history": "Interactive.172", "testname": "VT26_TOP_top_tb_TRAN_BIO", "cornername": "C0_24", "point": 25, "logfile": "/home/hrahimi/projects/POTENTIOSTAT_26/logs_hrahimi/logs0/Job11.log"}
[2026-06-09 20:46:55.411 Z] [PROCESS] [cadence.virtuoso.ade.simulationMonitor] - Stay with the runId '8', Linger time '300', currentRunSyn '13', currentTestSyn '14' {"hostname": "il2244vt26_hrahimi", "processid": 3942696, "history": "Interactive.172", "testname": "VT26_TOP_top_tb_TRAN_BIO", "cornername": "C0_24", "point": 25, "logfile": "/home/hrahimi/projects/POTENTIOSTAT_26/logs_hrahimi/logs0/Job11.log"}
[2026-06-09 20:46:56.412 Z] [PROCESS] [cadence.virtuoso.ade.simulationMonitor] - Stay with the runId '8', Linger time '300', currentRunSyn '13', currentTestSyn '14' {"hostname": "il2244vt26_hrahimi", "processid": 3942696, "history": "Interactive.172", "testname": "VT26_TOP_top_tb_TRAN_BIO", "cornername": "C0_24", "point": 25, "logfile": "/home/hrahimi/projects/POTENTIOSTAT_26/logs_hrahimi/logs0/Job11.log"}
[2026-06-09 20:46:57.413 Z] [PROCESS] [cadence.virtuoso.ade.simulationMonitor] - Stay with the runId '8', Linger time '300', currentRunSyn '13', currentTestSyn '14' {"hostname": "il2244vt26_hrahimi", "processid": 3942696, "history": "Interactive.172", "testname": "VT26_TOP_top_tb_TRAN_BIO", "cornername": "C0_24", "point": 25, "logfile": "/home/hrahimi/projects/POTENTIOSTAT_26/logs_hrahimi/logs0/Job11.log"}
[2026-06-09 20:46:58.418 Z] [PROCESS] [cadence.virtuoso.ade.simulationMonitor] - Stay with the runId '8', Linger time '300', currentRunSyn '13', currentTestSyn '14' {"hostname": "il2244vt26_hrahimi", "processid": 3942696, "history": "Interactive.172", "testname": "VT26_TOP_top_tb_TRAN_BIO", "cornername": "C0_24", "point": 25, "logfile": "/home/hrahimi/projects/POTENTIOSTAT_26/logs_hrahimi/logs0/Job11.log"}
[2026-06-09 20:46:59.426 Z] [PROCESS] [cadence.virtuoso.ade.simulationMonitor] - Stay with the runId '8', Linger time '300', currentRunSyn '13', currentTestSyn '14' {"hostname": "il2244vt26_hrahimi", "processid": 3942696, "history": "Interactive.172", "testname": "VT26_TOP_top_tb_TRAN_BIO", "cornername": "C0_24", "point": 25, "logfile": "/home/hrahimi/projects/POTENTIOSTAT_26/logs_hrahimi/logs0/Job11.log"}
[2026-06-09 20:47:00.427 Z] [PROCESS] [cadence.virtuoso.ade.simulationMonitor] - Stay with the runId '8', Linger time '300', currentRunSyn '13', currentTestSyn '14' {"hostname": "il2244vt26_hrahimi", "processid": 3942696, "history": "Interactive.172", "testname": "VT26_TOP_top_tb_TRAN_BIO", "cornername": "C0_24", "point": 25, "logfile": "/home/hrahimi/projects/POTENTIOSTAT_26/logs_hrahimi/logs0/Job11.log"}
[2026-06-09 20:47:01.437 Z] [PROCESS] [cadence.virtuoso.ade.simulationMonitor] - Stay with the runId '8', Linger time '300', currentRunSyn '13', currentTestSyn '14' {"hostname": "il2244vt26_hrahimi", "processid": 3942696, "history": "Interactive.172", "testname": "VT26_TOP_top_tb_TRAN_BIO", "cornername": "C0_24", "point": 25, "logfile": "/home/hrahimi/projects/POTENTIOSTAT_26/logs_hrahimi/logs0/Job11.log"}
[2026-06-09 20:47:02.447 Z] [PROCESS] [cadence.virtuoso.ade.simulationMonitor] - Stay with the runId '8', Linger time '300', currentRunSyn '13', currentTestSyn '14' {"hostname": "il2244vt26_hrahimi", "processid": 3942696, "history": "Interactive.172", "testname": "VT26_TOP_top_tb_TRAN_BIO", "cornername": "C0_24", "point": 25, "logfile": "/home/hrahimi/projects/POTENTIOSTAT_26/logs_hrahimi/logs0/Job11.log"}
[2026-06-09 20:47:03.453 Z] [PROCESS] [cadence.virtuoso.ade.simulationMonitor] - Stay with the runId '8', Linger time '300', currentRunSyn '13', currentTestSyn '14' {"hostname": "il2244vt26_hrahimi", "processid": 3942696, "history": "Interactive.172", "testname": "VT26_TOP_top_tb_TRAN_BIO", "cornername": "C0_24", "point": 25, "logfile": "/home/hrahimi/projects/POTENTIOSTAT_26/logs_hrahimi/logs0/Job11.log"}
[2026-06-09 20:47:04.454 Z] [PROCESS] [cadence.virtuoso.ade.simulationMonitor] - Stay with the runId '8', Linger time '300', currentRunSyn '13', currentTestSyn '14' {"hostname": "il2244vt26_hrahimi", "processid": 3942696, "history": "Interactive.172", "testname": "VT26_TOP_top_tb_TRAN_BIO", "cornername": "C0_24", "point": 25, "logfile": "/home/hrahimi/projects/POTENTIOSTAT_26/logs_hrahimi/logs0/Job11.log"}
[2026-06-09 20:47:05.460 Z] [PROCESS] [cadence.virtuoso.ade.simulationMonitor] - Stay with the runId '8', Linger time '300', currentRunSyn '13', currentTestSyn '14' {"hostname": "il2244vt26_hrahimi", "processid": 3942696, "history": "Interactive.172", "testname": "VT26_TOP_top_tb_TRAN_BIO", "cornername": "C0_24", "point": 25, "logfile": "/home/hrahimi/projects/POTENTIOSTAT_26/logs_hrahimi/logs0/Job11.log"}
[2026-06-09 20:47:06.469 Z] [PROCESS] [cadence.virtuoso.ade.simulationMonitor] - Stay with the runId '8', Linger time '300', currentRunSyn '13', currentTestSyn '14' {"hostname": "il2244vt26_hrahimi", "processid": 3942696, "history": "Interactive.172", "testname": "VT26_TOP_top_tb_TRAN_BIO", "cornername": "C0_24", "point": 25, "logfile": "/home/hrahimi/projects/POTENTIOSTAT_26/logs_hrahimi/logs0/Job11.log"}
[2026-06-09 20:47:07.478 Z] [PROCESS] [cadence.virtuoso.ade.simulationMonitor] - Stay with the runId '8', Linger time '300', currentRunSyn '13', currentTestSyn '14' {"hostname": "il2244vt26_hrahimi", "processid": 3942696, "history": "Interactive.172", "testname": "VT26_TOP_top_tb_TRAN_BIO", "cornername": "C0_24", "point": 25, "logfile": "/home/hrahimi/projects/POTENTIOSTAT_26/logs_hrahimi/logs0/Job11.log"}
[2026-06-09 20:47:08.485 Z] [PROCESS] [cadence.virtuoso.ade.simulationMonitor] - Stay with the runId '8', Linger time '300', currentRunSyn '13', currentTestSyn '14' {"hostname": "il2244vt26_hrahimi", "processid": 3942696, "history": "Interactive.172", "testname": "VT26_TOP_top_tb_TRAN_BIO", "cornername": "C0_24", "point": 25, "logfile": "/home/hrahimi/projects/POTENTIOSTAT_26/logs_hrahimi/logs0/Job11.log"}
[2026-06-09 20:47:09.496 Z] [PROCESS] [cadence.virtuoso.ade.simulationMonitor] - Stay with the runId '8', Linger time '300', currentRunSyn '13', currentTestSyn '14' {"hostname": "il2244vt26_hrahimi", "processid": 3942696, "history": "Interactive.172", "testname": "VT26_TOP_top_tb_TRAN_BIO", "cornername": "C0_24", "point": 25, "logfile": "/home/hrahimi/projects/POTENTIOSTAT_26/logs_hrahimi/logs0/Job11.log"}
[2026-06-09 20:47:10.505 Z] [PROCESS] [cadence.virtuoso.ade.simulationMonitor] - Stay with the runId '8', Linger time '300', currentRunSyn '13', currentTestSyn '14' {"hostname": "il2244vt26_hrahimi", "processid": 3942696, "history": "Interactive.172", "testname": "VT26_TOP_top_tb_TRAN_BIO", "cornername": "C0_24", "point": 25, "logfile": "/home/hrahimi/projects/POTENTIOSTAT_26/logs_hrahimi/logs0/Job11.log"}
[2026-06-09 20:47:11.515 Z] [PROCESS] [cadence.virtuoso.ade.simulationMonitor] - Stay with the runId '8', Linger time '300', currentRunSyn '13', currentTestSyn '14' {"hostname": "il2244vt26_hrahimi", "processid": 3942696, "history": "Interactive.172", "testname": "VT26_TOP_top_tb_TRAN_BIO", "cornername": "C0_24", "point": 25, "logfile": "/home/hrahimi/projects/POTENTIOSTAT_26/logs_hrahimi/logs0/Job11.log"}
[2026-06-09 20:47:12.526 Z] [PROCESS] [cadence.virtuoso.ade.simulationMonitor] - Stay with the runId '8', Linger time '300', currentRunSyn '13', currentTestSyn '14' {"hostname": "il2244vt26_hrahimi", "processid": 3942696, "history": "Interactive.172", "testname": "VT26_TOP_top_tb_TRAN_BIO", "cornername": "C0_24", "point": 25, "logfile": "/home/hrahimi/projects/POTENTIOSTAT_26/logs_hrahimi/logs0/Job11.log"}
[2026-06-09 20:47:13.532 Z] [PROCESS] [cadence.virtuoso.ade.simulationMonitor] - Stay with the runId '8', Linger time '300', currentRunSyn '13', currentTestSyn '14' {"hostname": "il2244vt26_hrahimi", "processid": 3942696, "history": "Interactive.172", "testname": "VT26_TOP_top_tb_TRAN_BIO", "cornername": "C0_24", "point": 25, "logfile": "/home/hrahimi/projects/POTENTIOSTAT_26/logs_hrahimi/logs0/Job11.log"}
[2026-06-09 20:47:14.533 Z] [PROCESS] [cadence.virtuoso.ade.simulationMonitor] - Stay with the runId '8', Linger time '300', currentRunSyn '13', currentTestSyn '14' {"hostname": "il2244vt26_hrahimi", "processid": 3942696, "history": "Interactive.172", "testname": "VT26_TOP_top_tb_TRAN_BIO", "cornername": "C0_24", "point": 25, "logfile": "/home/hrahimi/projects/POTENTIOSTAT_26/logs_hrahimi/logs0/Job11.log"}
[2026-06-09 20:47:15.534 Z] [PROCESS] [cadence.virtuoso.ade.simulationMonitor] - Stay with the runId '8', Linger time '300', currentRunSyn '13', currentTestSyn '14' {"hostname": "il2244vt26_hrahimi", "processid": 3942696, "history": "Interactive.172", "testname": "VT26_TOP_top_tb_TRAN_BIO", "cornername": "C0_24", "point": 25, "logfile": "/home/hrahimi/projects/POTENTIOSTAT_26/logs_hrahimi/logs0/Job11.log"}
[2026-06-09 20:47:16.540 Z] [PROCESS] [cadence.virtuoso.ade.simulationMonitor] - Stay with the runId '8', Linger time '300', currentRunSyn '13', currentTestSyn '14' {"hostname": "il2244vt26_hrahimi", "processid": 3942696, "history": "Interactive.172", "testname": "VT26_TOP_top_tb_TRAN_BIO", "cornername": "C0_24", "point": 25, "logfile": "/home/hrahimi/projects/POTENTIOSTAT_26/logs_hrahimi/logs0/Job11.log"}
[2026-06-09 20:47:17.542 Z] [PROCESS] [cadence.virtuoso.ade.simulationMonitor] - Stay with the runId '8', Linger time '300', currentRunSyn '13', currentTestSyn '14' {"hostname": "il2244vt26_hrahimi", "processid": 3942696, "history": "Interactive.172", "testname": "VT26_TOP_top_tb_TRAN_BIO", "cornername": "C0_24", "point": 25, "logfile": "/home/hrahimi/projects/POTENTIOSTAT_26/logs_hrahimi/logs0/Job11.log"}
[2026-06-09 20:47:18.549 Z] [PROCESS] [cadence.virtuoso.ade.simulationMonitor] - Stay with the runId '8', Linger time '300', currentRunSyn '13', currentTestSyn '14' {"hostname": "il2244vt26_hrahimi", "processid": 3942696, "history": "Interactive.172", "testname": "VT26_TOP_top_tb_TRAN_BIO", "cornername": "C0_24", "point": 25, "logfile": "/home/hrahimi/projects/POTENTIOSTAT_26/logs_hrahimi/logs0/Job11.log"}
[2026-06-09 20:47:19.562 Z] [PROCESS] [cadence.virtuoso.ade.simulationMonitor] - Padding test token found for runId '8', Linger time '300', currentRunSyn '13', currentTestSyn '14' {"hostname": "il2244vt26_hrahimi", "processid": 3942696, "history": "Interactive.172", "testname": "VT26_TOP_top_tb_TRAN_BIO", "cornername": "C0_24", "point": 25, "logfile": "/home/hrahimi/projects/POTENTIOSTAT_26/logs_hrahimi/logs0/Job11.log"}
[2026-06-09 20:47:19.571 Z] [PROCESS] [cadence.virtuoso.ade.simulationMonitor] - Stay with the runId '8', Linger time '300', currentRunSyn '13', currentTestSyn '14' {"hostname": "il2244vt26_hrahimi", "processid": 3942696, "history": "Interactive.172", "testname": "VT26_TOP_top_tb_TRAN_BIO", "cornername": "C0_24", "point": 25, "logfile": "/home/hrahimi/projects/POTENTIOSTAT_26/logs_hrahimi/logs0/Job11.log"}
[2026-06-09 20:47:20.572 Z] [PROCESS] [cadence.virtuoso.ade.simulationMonitor] - Stay with the runId '8', Linger time '300', currentRunSyn '13', currentTestSyn '14' {"hostname": "il2244vt26_hrahimi", "processid": 3942696, "history": "Interactive.172", "testname": "VT26_TOP_top_tb_TRAN_BIO", "cornername": "C0_24", "point": 25, "logfile": "/home/hrahimi/projects/POTENTIOSTAT_26/logs_hrahimi/logs0/Job11.log"}
[2026-06-09 20:47:21.581 Z] [PROCESS] [cadence.virtuoso.ade.simulationMonitor] - Stay with the runId '8', Linger time '300', currentRunSyn '13', currentTestSyn '14' {"hostname": "il2244vt26_hrahimi", "processid": 3942696, "history": "Interactive.172", "testname": "VT26_TOP_top_tb_TRAN_BIO", "cornername": "C0_24", "point": 25, "logfile": "/home/hrahimi/projects/POTENTIOSTAT_26/logs_hrahimi/logs0/Job11.log"}
[2026-06-09 20:47:22.592 Z] [PROCESS] [cadence.virtuoso.ade.simulationMonitor] - Stay with the runId '8', Linger time '300', currentRunSyn '13', currentTestSyn '14' {"hostname": "il2244vt26_hrahimi", "processid": 3942696, "history": "Interactive.172", "testname": "VT26_TOP_top_tb_TRAN_BIO", "cornername": "C0_24", "point": 25, "logfile": "/home/hrahimi/projects/POTENTIOSTAT_26/logs_hrahimi/logs0/Job11.log"}
[2026-06-09 20:47:23.592 Z] [PROCESS] [cadence.virtuoso.ade.simulationMonitor] - Stay with the runId '8', Linger time '300', currentRunSyn '13', currentTestSyn '14' {"hostname": "il2244vt26_hrahimi", "processid": 3942696, "history": "Interactive.172", "testname": "VT26_TOP_top_tb_TRAN_BIO", "cornername": "C0_24", "point": 25, "logfile": "/home/hrahimi/projects/POTENTIOSTAT_26/logs_hrahimi/logs0/Job11.log"}
[2026-06-09 20:47:24.603 Z] [PROCESS] [cadence.virtuoso.ade.simulationMonitor] - Stay with the runId '8', Linger time '300', currentRunSyn '13', currentTestSyn '14' {"hostname": "il2244vt26_hrahimi", "processid": 3942696, "history": "Interactive.172", "testname": "VT26_TOP_top_tb_TRAN_BIO", "cornername": "C0_24", "point": 25, "logfile": "/home/hrahimi/projects/POTENTIOSTAT_26/logs_hrahimi/logs0/Job11.log"}
[2026-06-09 20:47:25.613 Z] [PROCESS] [cadence.virtuoso.ade.simulationMonitor] - Stay with the runId '8', Linger time '300', currentRunSyn '13', currentTestSyn '14' {"hostname": "il2244vt26_hrahimi", "processid": 3942696, "history": "Interactive.172", "testname": "VT26_TOP_top_tb_TRAN_BIO", "cornername": "C0_24", "point": 25, "logfile": "/home/hrahimi/projects/POTENTIOSTAT_26/logs_hrahimi/logs0/Job11.log"}
[2026-06-09 20:47:26.619 Z] [PROCESS] [cadence.virtuoso.ade.simulationMonitor] - Stay with the runId '8', Linger time '300', currentRunSyn '13', currentTestSyn '14' {"hostname": "il2244vt26_hrahimi", "processid": 3942696, "history": "Interactive.172", "testname": "VT26_TOP_top_tb_TRAN_BIO", "cornername": "C0_24", "point": 25, "logfile": "/home/hrahimi/projects/POTENTIOSTAT_26/logs_hrahimi/logs0/Job11.log"}
[2026-06-09 20:47:27.620 Z] [PROCESS] [cadence.virtuoso.ade.simulationMonitor] - Stay with the runId '8', Linger time '300', currentRunSyn '13', currentTestSyn '14' {"hostname": "il2244vt26_hrahimi", "processid": 3942696, "history": "Interactive.172", "testname": "VT26_TOP_top_tb_TRAN_BIO", "cornername": "C0_24", "point": 25, "logfile": "/home/hrahimi/projects/POTENTIOSTAT_26/logs_hrahimi/logs0/Job11.log"}
[2026-06-09 20:47:28.630 Z] [PROCESS] [cadence.virtuoso.ade.simulationMonitor] - Stay with the runId '8', Linger time '300', currentRunSyn '13', currentTestSyn '14' {"hostname": "il2244vt26_hrahimi", "processid": 3942696, "history": "Interactive.172", "testname": "VT26_TOP_top_tb_TRAN_BIO", "cornername": "C0_24", "point": 25, "logfile": "/home/hrahimi/projects/POTENTIOSTAT_26/logs_hrahimi/logs0/Job11.log"}
[2026-06-09 20:47:29.641 Z] [PROCESS] [cadence.virtuoso.ade.simulationMonitor] - Stay with the runId '8', Linger time '300', currentRunSyn '13', currentTestSyn '14' {"hostname": "il2244vt26_hrahimi", "processid": 3942696, "history": "Interactive.172", "testname": "VT26_TOP_top_tb_TRAN_BIO", "cornername": "C0_24", "point": 25, "logfile": "/home/hrahimi/projects/POTENTIOSTAT_26/logs_hrahimi/logs0/Job11.log"}
[2026-06-09 20:47:30.646 Z] [PROCESS] [cadence.virtuoso.ade.simulationMonitor] - Stay with the runId '8', Linger time '300', currentRunSyn '13', currentTestSyn '14' {"hostname": "il2244vt26_hrahimi", "processid": 3942696, "history": "Interactive.172", "testname": "VT26_TOP_top_tb_TRAN_BIO", "cornername": "C0_24", "point": 25, "logfile": "/home/hrahimi/projects/POTENTIOSTAT_26/logs_hrahimi/logs0/Job11.log"}
[2026-06-09 20:47:31.655 Z] [PROCESS] [cadence.virtuoso.ade.simulationMonitor] - Stay with the runId '8', Linger time '300', currentRunSyn '13', currentTestSyn '14' {"hostname": "il2244vt26_hrahimi", "processid": 3942696, "history": "Interactive.172", "testname": "VT26_TOP_top_tb_TRAN_BIO", "cornername": "C0_24", "point": 25, "logfile": "/home/hrahimi/projects/POTENTIOSTAT_26/logs_hrahimi/logs0/Job11.log"}
[2026-06-09 20:47:32.662 Z] [PROCESS] [cadence.virtuoso.ade.simulationMonitor] - Stay with the runId '8', Linger time '300', currentRunSyn '13', currentTestSyn '14' {"hostname": "il2244vt26_hrahimi", "processid": 3942696, "history": "Interactive.172", "testname": "VT26_TOP_top_tb_TRAN_BIO", "cornername": "C0_24", "point": 25, "logfile": "/home/hrahimi/projects/POTENTIOSTAT_26/logs_hrahimi/logs0/Job11.log"}
[2026-06-09 20:47:33.667 Z] [PROCESS] [cadence.virtuoso.ade.simulationMonitor] - Stay with the runId '8', Linger time '300', currentRunSyn '13', currentTestSyn '14' {"hostname": "il2244vt26_hrahimi", "processid": 3942696, "history": "Interactive.172", "testname": "VT26_TOP_top_tb_TRAN_BIO", "cornername": "C0_24", "point": 25, "logfile": "/home/hrahimi/projects/POTENTIOSTAT_26/logs_hrahimi/logs0/Job11.log"}
[2026-06-09 20:47:34.674 Z] [PROCESS] [cadence.virtuoso.ade.simulationMonitor] - Stay with the runId '8', Linger time '300', currentRunSyn '13', currentTestSyn '14' {"hostname": "il2244vt26_hrahimi", "processid": 3942696, "history": "Interactive.172", "testname": "VT26_TOP_top_tb_TRAN_BIO", "cornername": "C0_24", "point": 25, "logfile": "/home/hrahimi/projects/POTENTIOSTAT_26/logs_hrahimi/logs0/Job11.log"}
[2026-06-09 20:47:35.675 Z] [PROCESS] [cadence.virtuoso.ade.simulationMonitor] - Stay with the runId '8', Linger time '300', currentRunSyn '13', currentTestSyn '14' {"hostname": "il2244vt26_hrahimi", "processid": 3942696, "history": "Interactive.172", "testname": "VT26_TOP_top_tb_TRAN_BIO", "cornername": "C0_24", "point": 25, "logfile": "/home/hrahimi/projects/POTENTIOSTAT_26/logs_hrahimi/logs0/Job11.log"}
[2026-06-09 20:47:36.681 Z] [PROCESS] [cadence.virtuoso.ade.simulationMonitor] - Stay with the runId '8', Linger time '300', currentRunSyn '13', currentTestSyn '14' {"hostname": "il2244vt26_hrahimi", "processid": 3942696, "history": "Interactive.172", "testname": "VT26_TOP_top_tb_TRAN_BIO", "cornername": "C0_24", "point": 25, "logfile": "/home/hrahimi/projects/POTENTIOSTAT_26/logs_hrahimi/logs0/Job11.log"}
[2026-06-09 20:47:37.688 Z] [PROCESS] [cadence.virtuoso.ade.simulationMonitor] - Stay with the runId '8', Linger time '300', currentRunSyn '13', currentTestSyn '14' {"hostname": "il2244vt26_hrahimi", "processid": 3942696, "history": "Interactive.172", "testname": "VT26_TOP_top_tb_TRAN_BIO", "cornername": "C0_24", "point": 25, "logfile": "/home/hrahimi/projects/POTENTIOSTAT_26/logs_hrahimi/logs0/Job11.log"}
[2026-06-09 20:47:38.698 Z] [PROCESS] [cadence.virtuoso.ade.simulationMonitor] - Stay with the runId '8', Linger time '300', currentRunSyn '13', currentTestSyn '14' {"hostname": "il2244vt26_hrahimi", "processid": 3942696, "history": "Interactive.172", "testname": "VT26_TOP_top_tb_TRAN_BIO", "cornername": "C0_24", "point": 25, "logfile": "/home/hrahimi/projects/POTENTIOSTAT_26/logs_hrahimi/logs0/Job11.log"}
[2026-06-09 20:47:39.699 Z] [PROCESS] [cadence.virtuoso.ade.simulationMonitor] - Stay with the runId '8', Linger time '300', currentRunSyn '13', currentTestSyn '14' {"hostname": "il2244vt26_hrahimi", "processid": 3942696, "history": "Interactive.172", "testname": "VT26_TOP_top_tb_TRAN_BIO", "cornername": "C0_24", "point": 25, "logfile": "/home/hrahimi/projects/POTENTIOSTAT_26/logs_hrahimi/logs0/Job11.log"}
[2026-06-09 20:47:40.708 Z] [PROCESS] [cadence.virtuoso.ade.simulationMonitor] - Stay with the runId '8', Linger time '300', currentRunSyn '13', currentTestSyn '14' {"hostname": "il2244vt26_hrahimi", "processid": 3942696, "history": "Interactive.172", "testname": "VT26_TOP_top_tb_TRAN_BIO", "cornername": "C0_24", "point": 25, "logfile": "/home/hrahimi/projects/POTENTIOSTAT_26/logs_hrahimi/logs0/Job11.log"}
[2026-06-09 20:47:41.716 Z] [PROCESS] [cadence.virtuoso.ade.simulationMonitor] - Stay with the runId '8', Linger time '300', currentRunSyn '13', currentTestSyn '14' {"hostname": "il2244vt26_hrahimi", "processid": 3942696, "history": "Interactive.172", "testname": "VT26_TOP_top_tb_TRAN_BIO", "cornername": "C0_24", "point": 25, "logfile": "/home/hrahimi/projects/POTENTIOSTAT_26/logs_hrahimi/logs0/Job11.log"}
[2026-06-09 20:47:42.726 Z] [PROCESS] [cadence.virtuoso.ade.simulationMonitor] - Stay with the runId '8', Linger time '300', currentRunSyn '13', currentTestSyn '14' {"hostname": "il2244vt26_hrahimi", "processid": 3942696, "history": "Interactive.172", "testname": "VT26_TOP_top_tb_TRAN_BIO", "cornername": "C0_24", "point": 25, "logfile": "/home/hrahimi/projects/POTENTIOSTAT_26/logs_hrahimi/logs0/Job11.log"}
[2026-06-09 20:47:43.735 Z] [PROCESS] [cadence.virtuoso.ade.simulationMonitor] - Stay with the runId '8', Linger time '300', currentRunSyn '13', currentTestSyn '14' {"hostname": "il2244vt26_hrahimi", "processid": 3942696, "history": "Interactive.172", "testname": "VT26_TOP_top_tb_TRAN_BIO", "cornername": "C0_24", "point": 25, "logfile": "/home/hrahimi/projects/POTENTIOSTAT_26/logs_hrahimi/logs0/Job11.log"}
[2026-06-09 20:47:44.735 Z] [PROCESS] [cadence.virtuoso.ade.simulationMonitor] - Stay with the runId '8', Linger time '300', currentRunSyn '13', currentTestSyn '14' {"hostname": "il2244vt26_hrahimi", "processid": 3942696, "history": "Interactive.172", "testname": "VT26_TOP_top_tb_TRAN_BIO", "cornername": "C0_24", "point": 25, "logfile": "/home/hrahimi/projects/POTENTIOSTAT_26/logs_hrahimi/logs0/Job11.log"}
[2026-06-09 20:47:45.742 Z] [PROCESS] [cadence.virtuoso.ade.simulationMonitor] - Stay with the runId '8', Linger time '300', currentRunSyn '13', currentTestSyn '14' {"hostname": "il2244vt26_hrahimi", "processid": 3942696, "history": "Interactive.172", "testname": "VT26_TOP_top_tb_TRAN_BIO", "cornername": "C0_24", "point": 25, "logfile": "/home/hrahimi/projects/POTENTIOSTAT_26/logs_hrahimi/logs0/Job11.log"}
[2026-06-09 20:47:46.743 Z] [PROCESS] [cadence.virtuoso.ade.simulationMonitor] - Stay with the runId '8', Linger time '300', currentRunSyn '13', currentTestSyn '14' {"hostname": "il2244vt26_hrahimi", "processid": 3942696, "history": "Interactive.172", "testname": "VT26_TOP_top_tb_TRAN_BIO", "cornername": "C0_24", "point": 25, "logfile": "/home/hrahimi/projects/POTENTIOSTAT_26/logs_hrahimi/logs0/Job11.log"}
[2026-06-09 20:47:47.751 Z] [PROCESS] [cadence.virtuoso.ade.simulationMonitor] - Stay with the runId '8', Linger time '300', currentRunSyn '13', currentTestSyn '14' {"hostname": "il2244vt26_hrahimi", "processid": 3942696, "history": "Interactive.172", "testname": "VT26_TOP_top_tb_TRAN_BIO", "cornername": "C0_24", "point": 25, "logfile": "/home/hrahimi/projects/POTENTIOSTAT_26/logs_hrahimi/logs0/Job11.log"}
[2026-06-09 20:47:48.761 Z] [PROCESS] [cadence.virtuoso.ade.simulationMonitor] - Stay with the runId '8', Linger time '300', currentRunSyn '13', currentTestSyn '14' {"hostname": "il2244vt26_hrahimi", "processid": 3942696, "history": "Interactive.172", "testname": "VT26_TOP_top_tb_TRAN_BIO", "cornername": "C0_24", "point": 25, "logfile": "/home/hrahimi/projects/POTENTIOSTAT_26/logs_hrahimi/logs0/Job11.log"}
[2026-06-09 20:47:49.763 Z] [PROCESS] [cadence.virtuoso.ade.simulationMonitor] - Current memory used: 53.3008 MBytes, peak memory used: 53.3008 MBytes {"hostname": "il2244vt26_hrahimi", "processid": 3942696, "history": "Interactive.172", "testname": "VT26_TOP_top_tb_TRAN_BIO", "cornername": "C0_24", "point": 25, "logfile": "/home/hrahimi/projects/POTENTIOSTAT_26/logs_hrahimi/logs0/Job11.log"}
[2026-06-09 20:47:49.763 Z] [PROCESS] [cadence.virtuoso.ade.simulationMonitor] - Simulation Monitor process exit. {"hostname": "il2244vt26_hrahimi", "processid": 3942696, "history": "Interactive.172", "testname": "VT26_TOP_top_tb_TRAN_BIO", "cornername": "C0_24", "point": 25, "logfile": "/home/hrahimi/projects/POTENTIOSTAT_26/logs_hrahimi/logs0/Job11.log"}
