[Simulation Monitor: 14]
[2026-06-10 11:24:00.323 Z] [PROCESS] [cadence.virtuoso.ade.simulationMonitor] - Simulation Monitor has successfully started up. Trying to set up communication channels to other components ... {"hostname": "il2244vt26_hrahimi", "processid": 4060497, "logfile": "/home/hrahimi/projects/POTENTIOSTAT_26/logs_hrahimi/logs0/Job14.log"}
[2026-06-10 11:24:00.324 Z] [PROCESS] [cadence.virtuoso.ade.simulationMonitor] - Communication channels have been successfully set up. Start processing events ... {"hostname": "il2244vt26_hrahimi", "processid": 4060497, "logfile": "/home/hrahimi/projects/POTENTIOSTAT_26/logs_hrahimi/logs0/Job14.log"}
[2026-06-10 11:24:00.328 Z] [PROCESS] [cadence.virtuoso.ade.simulationMonitor] - Started History {"hostname": "il2244vt26_hrahimi", "processid": 4060497, "history": "Interactive.184", "logfile": "/home/hrahimi/projects/POTENTIOSTAT_26/logs_hrahimi/logs0/Job14.log"}
[2026-06-10 11:24:00.328 Z] [PROCESS] [cadence.virtuoso.ade.simulationMonitor] - HostInfo:
Host name (type):	il2244vt26_hrahimi (x86_64)
Operating system:	Linux 5.15.0-164-generic #174-Ubuntu SMP Fri Nov 14 20:25:16 UTC 2025 {"hostname": "il2244vt26_hrahimi", "processid": 4060497, "history": "Interactive.184", "logfile": "/home/hrahimi/projects/POTENTIOSTAT_26/logs_hrahimi/logs0/Job14.log", "nodename": "il2244vt26_hrahimi", "domainname": "(none)", "machine": "x86_64", "sysname": "Linux", "release": "5.15.0-164-generic", "version": "#174-Ubuntu SMP Fri Nov 14 20:25:16 UTC 2025"}
[2026-06-10 11:24:00.329 Z] [PROCESS] [cadence.virtuoso.ade.simulationMonitor] - UsageInfo:
pid=4060497
totalPhysicalMemory=3023.749672GB,Used=2811.877399GB,totalVirtualMemory=3031.749668GB,Used=2811.985554GB
Cpu: Cores=48, Load average:8.730000,8.230000,10.220000 {"hostname": "il2244vt26_hrahimi", "processid": 4060497, "history": "Interactive.184", "logfile": "/home/hrahimi/projects/POTENTIOSTAT_26/logs_hrahimi/logs0/Job14.log", "pid": "4060497", "totalPhysicalMemory": "3023.749672", "physicalMemoryUsed": "2811.877399", "totalVirtualMemory": "3031.749668", "virtualMemoryUsed": "2811.985554", "cpuCores": "48", "processes": "29481", "loadAverage1": "8.730000", "loadAverage5": "8.230000", "loadAverage15": "10.220000", "loadAverage1Percent": "0.181875"}
[2026-06-10 11:24:00.330 Z] [EVENT] [cadence.virtuoso.ade.simulationMonitor] - NewPoint {"history": "Interactive.184", "point": 1, "testname": "VT26_TOP_top_tb_TRAN_BIO", "cornername": "Nominal", "event": "NewPoint", "EventSource": "Simulation Monitor", "HistoryName": "Interactive.184", "logFile": "/home/hrahimi/projects/POTENTIOSTAT_26/logs_hrahimi/logs0/Job14.log", "logFileSize": "2271"}
[2026-06-10 11:24:00.432 Z] [EVENT] [cadence.virtuoso.ade.simulationMonitor] - NewPoint {"history": "Interactive.184", "point": 1, "testname": "VT26_TOP_top_tb_TRAN_BIO", "cornername": "Nominal", "event": "NewPoint", "EventSource": "ams", "HistoryName": "Interactive.184", "logFile": "/home/hrahimi/projects/POTENTIOSTAT_26/Sim/Potentiostat_Top/topsyh_tb/maestro/results/maestro/Interactive.184/1/VT26_TOP_top_tb_TRAN_BIO/psf/xrun.log", "logFileSize": "-1"}
[2026-06-10 11:24:00.446 Z] [PROCESS] [cadence.virtuoso.ade.simulationMonitor] - Simulator launched {"hostname": "il2244vt26_hrahimi", "processid": 4060497, "history": "Interactive.184", "testname": "VT26_TOP_top_tb_TRAN_BIO", "cornername": "Nominal", "point": 1, "logfile": "/home/hrahimi/projects/POTENTIOSTAT_26/logs_hrahimi/logs0/Job14.log", "simid": "1"}
[2026-06-10 11:24:00.449 Z] [PROCESS] [cadence.virtuoso.ade.simulationMonitor] - Expression evaluator launched {"hostname": "il2244vt26_hrahimi", "processid": 4060497, "history": "Interactive.184", "testname": "VT26_TOP_top_tb_TRAN_BIO", "cornername": "Nominal", "point": 1, "logfile": "/home/hrahimi/projects/POTENTIOSTAT_26/logs_hrahimi/logs0/Job14.log"}
[2026-06-10 11:24:00.513 Z] [PROCESS] [cadence.virtuoso.ade.simulationMonitor] - Started Simulation {"hostname": "il2244vt26_hrahimi", "processid": 4060497, "history": "Interactive.184", "testname": "VT26_TOP_top_tb_TRAN_BIO", "cornername": "Nominal", "point": 1, "logfile": "/home/hrahimi/projects/POTENTIOSTAT_26/logs_hrahimi/logs0/Job14.log", "event": "started", "task": "simulation"}
[2026-06-10 11:24:10.070 Z] [ERROR] [cadence.virtuoso.ade.simulationMonitor] - xrun: *E,ELBERR: Error (*E) or soft error (*SE) occurred during elaboration (status 1), exiting. {"history": "Interactive.184", "point": 1, "testname": "VT26_TOP_top_tb_TRAN_BIO", "cornername": "Nominal"}
[2026-06-10 11:24:10.071 Z] [PROCESS] [cadence.virtuoso.ade.simulationMonitor] - Finished simulating for one point {"hostname": "il2244vt26_hrahimi", "processid": 4060497, "history": "Interactive.184", "testname": "VT26_TOP_top_tb_TRAN_BIO", "cornername": "Nominal", "point": 1, "logfile": "/home/hrahimi/projects/POTENTIOSTAT_26/logs_hrahimi/logs0/Job14.log", "simid": "1"}
[2026-06-10 11:24:10.072 Z] [ERROR] [cadence.virtuoso.ade.simulationMonitor] - While simulating run Interactive.184, point 1, test VT26_TOP_top_tb_TRAN_BIO, received error:
Simulation Error:
 The simulator process returned a non-zero exit code, indicating failure.
The simulator could have crashed or intentionally returned to indicate an error.
Check the simulator log file for more information.  Common causes:
1. Simulator may have crashed during exit even after reporting success in log file.
2. Abrupt automatic simulator termination (e.g., SIGKILL) because the simulator process has
 ... {"history": "Interactive.184", "point": 1, "testname": "VT26_TOP_top_tb_TRAN_BIO", "cornername": "Nominal"}
[2026-06-10 11:24:10.073 Z] [PROCESS] [cadence.virtuoso.ade.simulationMonitor] - Finished Simulation {"hostname": "il2244vt26_hrahimi", "processid": 4060497, "history": "Interactive.184", "testname": "VT26_TOP_top_tb_TRAN_BIO", "cornername": "Nominal", "point": 1, "logfile": "/home/hrahimi/projects/POTENTIOSTAT_26/logs_hrahimi/logs0/Job14.log", "simid": "1"}
[2026-06-10 11:24:11.078 Z] [PROCESS] [cadence.virtuoso.ade.simulationMonitor] - Stay with the runId '10', Linger time '300', currentRunSyn '21', currentTestSyn '22' {"hostname": "il2244vt26_hrahimi", "processid": 4060497, "history": "Interactive.184", "testname": "VT26_TOP_top_tb_TRAN_BIO", "cornername": "Nominal", "point": 1, "logfile": "/home/hrahimi/projects/POTENTIOSTAT_26/logs_hrahimi/logs0/Job14.log"}
[2026-06-10 11:29:12.037 Z] [PROCESS] [cadence.virtuoso.ade.simulationMonitor] - Current memory used: 52.8125 MBytes, peak memory used: 52.8125 MBytes {"hostname": "il2244vt26_hrahimi", "processid": 4060497, "history": "Interactive.184", "testname": "VT26_TOP_top_tb_TRAN_BIO", "cornername": "Nominal", "point": 1, "logfile": "/home/hrahimi/projects/POTENTIOSTAT_26/logs_hrahimi/logs0/Job14.log"}
[2026-06-10 11:29:12.038 Z] [PROCESS] [cadence.virtuoso.ade.simulationMonitor] - Simulation Monitor process exit. {"hostname": "il2244vt26_hrahimi", "processid": 4060497, "history": "Interactive.184", "testname": "VT26_TOP_top_tb_TRAN_BIO", "cornername": "Nominal", "point": 1, "logfile": "/home/hrahimi/projects/POTENTIOSTAT_26/logs_hrahimi/logs0/Job14.log"}
