[Simulation Monitor: 24]
[2026-06-03 13:45:56.345 Z] [PROCESS] [cadence.virtuoso.ade.simulationMonitor] - Simulation Monitor has successfully started up. Trying to set up communication channels to other components ... {"hostname": "il2244vt26_hrahimi", "processid": 2579785, "logfile": "/home/hrahimi/projects/POTENTIOSTAT_26/logs_hrahimi/logs0/Job24.log"}
[2026-06-03 13:45:56.346 Z] [PROCESS] [cadence.virtuoso.ade.simulationMonitor] - Communication channels have been successfully set up. Start processing events ... {"hostname": "il2244vt26_hrahimi", "processid": 2579785, "logfile": "/home/hrahimi/projects/POTENTIOSTAT_26/logs_hrahimi/logs0/Job24.log"}
[2026-06-03 13:45:56.347 Z] [PROCESS] [cadence.virtuoso.ade.simulationMonitor] - Considering to start history {"hostname": "il2244vt26_hrahimi", "processid": 2579785, "history": "Interactive.360", "logfile": "/home/hrahimi/projects/POTENTIOSTAT_26/logs_hrahimi/logs0/Job24.log"}
[2026-06-03 13:45:56.356 Z] [PROCESS] [cadence.virtuoso.ade.simulationMonitor] - HostInfo:
Host name (type):	il2244vt26_hrahimi (x86_64)
Operating system:	Linux 5.15.0-164-generic #174-Ubuntu SMP Fri Nov 14 20:25:16 UTC 2025 {"hostname": "il2244vt26_hrahimi", "processid": 2579785, "history": "Interactive.360", "logfile": "/home/hrahimi/projects/POTENTIOSTAT_26/logs_hrahimi/logs0/Job24.log", "nodename": "il2244vt26_hrahimi", "domainname": "(none)", "machine": "x86_64", "sysname": "Linux", "release": "5.15.0-164-generic", "version": "#174-Ubuntu SMP Fri Nov 14 20:25:16 UTC 2025"}
[2026-06-03 13:45:56.357 Z] [PROCESS] [cadence.virtuoso.ade.simulationMonitor] - UsageInfo:
pid=2579785
totalPhysicalMemory=3023.749672GB,Used=2708.211628GB,totalVirtualMemory=3031.749668GB,Used=2708.318073GB
Cpu: Cores=48, Load average:5.790000,6.250000,6.890000 {"hostname": "il2244vt26_hrahimi", "processid": 2579785, "history": "Interactive.360", "logfile": "/home/hrahimi/projects/POTENTIOSTAT_26/logs_hrahimi/logs0/Job24.log", "pid": "2579785", "totalPhysicalMemory": "3023.749672", "physicalMemoryUsed": "2708.211628", "totalVirtualMemory": "3031.749668", "virtualMemoryUsed": "2708.318073", "cpuCores": "48", "processes": "29495", "loadAverage1": "5.790000", "loadAverage5": "6.250000", "loadAverage15": "6.890000", "loadAverage1Percent": "0.120625"}
[2026-06-03 13:45:56.359 Z] [EVENT] [cadence.virtuoso.ade.simulationMonitor] - NewPoint {"history": "Interactive.360", "point": 1, "testname": "Poten", "cornername": "Nominal", "event": "NewPoint", "EventSource": "Simulation Monitor", "HistoryName": "Interactive.360", "logFile": "/home/hrahimi/projects/POTENTIOSTAT_26/logs_hrahimi/logs0/Job24.log", "logFileSize": "2282"}
[2026-06-03 13:45:56.461 Z] [EVENT] [cadence.virtuoso.ade.simulationMonitor] - NewPoint {"history": "Interactive.360", "point": 1, "testname": "Poten", "cornername": "Nominal", "event": "NewPoint", "EventSource": "spectre", "HistoryName": "Interactive.360", "logFile": "/home/hrahimi/projects/POTENTIOSTAT_26/Sim/Potentiostat_Top/top/maestro/results/maestro/Interactive.360/1/Poten/psf/spectre.out", "logFileSize": "-1"}
[2026-06-03 13:45:57.012 Z] [PROCESS] [cadence.virtuoso.ade.simulationMonitor] - Simulator launched {"hostname": "il2244vt26_hrahimi", "processid": 2579785, "history": "Interactive.360", "testname": "Poten", "cornername": "Nominal", "point": 1, "logfile": "/home/hrahimi/projects/POTENTIOSTAT_26/logs_hrahimi/logs0/Job24.log", "simid": "1"}
[2026-06-03 13:45:57.016 Z] [PROCESS] [cadence.virtuoso.ade.simulationMonitor] - Expression evaluator launched {"hostname": "il2244vt26_hrahimi", "processid": 2579785, "history": "Interactive.360", "testname": "Poten", "cornername": "Nominal", "point": 1, "logfile": "/home/hrahimi/projects/POTENTIOSTAT_26/logs_hrahimi/logs0/Job24.log"}
[2026-06-03 13:45:57.076 Z] [PROCESS] [cadence.virtuoso.ade.simulationMonitor] - Started Simulation {"hostname": "il2244vt26_hrahimi", "processid": 2579785, "history": "Interactive.360", "testname": "Poten", "cornername": "Nominal", "point": 1, "logfile": "/home/hrahimi/projects/POTENTIOSTAT_26/logs_hrahimi/logs0/Job24.log", "event": "started", "task": "simulation"}
[2026-06-03 13:45:58.077 Z] [WARN] [cadence.virtuoso.ade.simulationMonitor] -     WARNING (SPECTRE-691): This CPU processor does not support x86 advanced vector extensions instructions. This may affect math operations and slow down the simulation. {"history": "Interactive.360", "point": 1, "testname": "Poten", "cornername": "Nominal"}
[2026-06-03 13:45:58.078 Z] [INFO] [cadence.virtuoso.ade.simulationMonitor] - Notice from spectre during circuit read-in.
    Pre_Configuration file used: /opt/tools/cadence/installs/SPECTRE241/tools.lnx86/spectre/etc/configs/preset.precfg
    Configuration file used: `/opt/tools/cadence/installs/SPECTRE241/tools.lnx86/spectre/etc/configs/preset.cfg'. {"history": "Interactive.360", "point": 1, "testname": "Poten", "cornername": "Nominal"}
[2026-06-03 13:45:58.078 Z] [WARN] [cadence.virtuoso.ade.simulationMonitor] -     WARNING (SPECTRE-8360): line 1511: `ac' is an undefined primitive device. {"history": "Interactive.360", "point": 1, "testname": "Poten", "cornername": "Nominal"}
[2026-06-03 13:45:58.078 Z] [WARN] [cadence.virtuoso.ade.simulationMonitor] -     WARNING (SPECTRE-8360): line 1512: `ac' is an undefined primitive device. {"history": "Interactive.360", "point": 1, "testname": "Poten", "cornername": "Nominal"}
[2026-06-03 13:45:58.078 Z] [WARN] [cadence.virtuoso.ade.simulationMonitor] -     WARNING (SPECTRE-8360): line 1513: `ac' is an undefined primitive device. {"history": "Interactive.360", "point": 1, "testname": "Poten", "cornername": "Nominal"}
[2026-06-03 13:45:58.079 Z] [WARN] [cadence.virtuoso.ade.simulationMonitor] -     WARNING (SPECTRE-8360): line 1514: `ac' is an undefined primitive device. {"history": "Interactive.360", "point": 1, "testname": "Poten", "cornername": "Nominal"}
[2026-06-03 13:45:58.079 Z] [WARN] [cadence.virtuoso.ade.simulationMonitor] -     WARNING (SPECTRE-8360): line 1515: `ac' is an undefined primitive device.
        Further occurrences of this warning will be suppressed. {"history": "Interactive.360", "point": 1, "testname": "Poten", "cornername": "Nominal"}
[2026-06-03 13:45:58.079 Z] [WARN] [cadence.virtuoso.ade.simulationMonitor] -     WARNING (VACOMP-2435): The environment variable CDS_AHDLCMI_ENABLE is no longer supported. Therefore, the simulator will use the default compiled C code flow. {"history": "Interactive.360", "point": 1, "testname": "Poten", "cornername": "Nominal"}
[2026-06-03 13:45:59.080 Z] [INFO] [cadence.virtuoso.ade.simulationMonitor] - Peak resident memory used = 209 Mbytes. {"history": "Interactive.360", "point": 1, "testname": "Poten", "cornername": "Nominal"}
[2026-06-03 13:45:59.580 Z] [WARN] [cadence.virtuoso.ade.simulationMonitor] -     WARNING (SFE-2649): Terminals of top-level instance `V8', in file`input.scs', at line 56477, are connected. Remove the instance and rerun the simulation. {"history": "Interactive.360", "point": 1, "testname": "Poten", "cornername": "Nominal"}
[2026-06-03 13:45:59.581 Z] [WARN] [cadence.virtuoso.ade.simulationMonitor] -     WARNING (SFE-2649): Terminals of top-level instance `V2', in file`input.scs', at line 56483, are connected. Remove the instance and rerun the simulation. {"history": "Interactive.360", "point": 1, "testname": "Poten", "cornername": "Nominal"}
[2026-06-03 13:45:59.581 Z] [WARN] [cadence.virtuoso.ade.simulationMonitor] -     WARNING (SFE-2649): Terminals of top-level instance `R50', in file`input.scs', at line 1188, are connected. Remove the instance and rerun the simulation. {"history": "Interactive.360", "point": 1, "testname": "Poten", "cornername": "Nominal"}
[2026-06-03 13:45:59.581 Z] [WARN] [cadence.virtuoso.ade.simulationMonitor] -     WARNING (SFE-2649): Terminals of top-level instance `R48', in file`input.scs', at line 1230, are connected. Remove the instance and rerun the simulation. {"history": "Interactive.360", "point": 1, "testname": "Poten", "cornername": "Nominal"}
[2026-06-03 13:46:00.082 Z] [WARN] [cadence.virtuoso.ade.simulationMonitor] -     WARNING (SFE-3027): The dangling resistor I2.rb144 is removed. {"history": "Interactive.360", "point": 1, "testname": "Poten", "cornername": "Nominal"}
[2026-06-03 13:46:00.083 Z] [WARN] [cadence.virtuoso.ade.simulationMonitor] -     WARNING (SFE-3027): The dangling resistor I2.rb241 is removed. {"history": "Interactive.360", "point": 1, "testname": "Poten", "cornername": "Nominal"}
[2026-06-03 13:46:00.083 Z] [WARN] [cadence.virtuoso.ade.simulationMonitor] -     WARNING (SFE-3027): The dangling resistor I2.rb613 is removed. {"history": "Interactive.360", "point": 1, "testname": "Poten", "cornername": "Nominal"}
[2026-06-03 13:46:00.083 Z] [WARN] [cadence.virtuoso.ade.simulationMonitor] -     WARNING (SFE-3027): The dangling resistor I2.rd794 is removed. {"history": "Interactive.360", "point": 1, "testname": "Poten", "cornername": "Nominal"}
[2026-06-03 13:46:00.083 Z] [WARN] [cadence.virtuoso.ade.simulationMonitor] -     WARNING (SFE-3012): The dummy device I0.I16.DLIB9 is removed. {"history": "Interactive.360", "point": 1, "testname": "Poten", "cornername": "Nominal"}
[2026-06-03 13:46:00.083 Z] [WARN] [cadence.virtuoso.ade.simulationMonitor] -     WARNING (SFE-3012): The dummy device I0.I15.DLIB9 is removed. {"history": "Interactive.360", "point": 1, "testname": "Poten", "cornername": "Nominal"}
[2026-06-03 13:46:00.084 Z] [WARN] [cadence.virtuoso.ade.simulationMonitor] -     WARNING (SFE-3012): The dummy device I0.I0.DLIB6 is removed. {"history": "Interactive.360", "point": 1, "testname": "Poten", "cornername": "Nominal"}
[2026-06-03 13:46:00.084 Z] [WARN] [cadence.virtuoso.ade.simulationMonitor] -     WARNING (SFE-3012): The dummy device I7.I2.MP10<0>_turbo_m4 is removed. {"history": "Interactive.360", "point": 1, "testname": "Poten", "cornername": "Nominal"}
[2026-06-03 13:46:00.084 Z] [WARN] [cadence.virtuoso.ade.simulationMonitor] -     WARNING (SFE-3012): The dummy device I0.I16.DLIB10 is removed.
        Further occurrences of this warning will be suppressed. {"history": "Interactive.360", "point": 1, "testname": "Poten", "cornername": "Nominal"}
[2026-06-03 13:46:00.084 Z] [WARN] [cadence.virtuoso.ade.simulationMonitor] -     WARNING (SFE-3027): The dangling resistor I2.rb322 is removed.
        Further occurrences of this warning will be suppressed. {"history": "Interactive.360", "point": 1, "testname": "Poten", "cornername": "Nominal"}
[2026-06-03 13:46:00.084 Z] [WARN] [cadence.virtuoso.ade.simulationMonitor] -     WARNING (SFE-3029): The dummy capacitor I7.I0.R3.CS1 is removed. {"history": "Interactive.360", "point": 1, "testname": "Poten", "cornername": "Nominal"}
[2026-06-03 13:46:00.085 Z] [WARN] [cadence.virtuoso.ade.simulationMonitor] -     WARNING (SFE-3028): The floating resistor R8 is removed. {"history": "Interactive.360", "point": 1, "testname": "Poten", "cornername": "Nominal"}
[2026-06-03 13:46:00.085 Z] [WARN] [cadence.virtuoso.ade.simulationMonitor] -     WARNING (SFE-3029): The dummy capacitor I2.c27735 is removed. {"history": "Interactive.360", "point": 1, "testname": "Poten", "cornername": "Nominal"}
[2026-06-03 13:46:00.085 Z] [WARN] [cadence.virtuoso.ade.simulationMonitor] -     WARNING (SFE-3029): The dummy capacitor I7.I13_turbo_m5.C0.C1 is removed. {"history": "Interactive.360", "point": 1, "testname": "Poten", "cornername": "Nominal"}
[2026-06-03 13:46:00.085 Z] [WARN] [cadence.virtuoso.ade.simulationMonitor] -     WARNING (SFE-3029): The dummy capacitor I7.I10_turbo_m4.C0.C1 is removed. {"history": "Interactive.360", "point": 1, "testname": "Poten", "cornername": "Nominal"}
[2026-06-03 13:46:00.085 Z] [WARN] [cadence.virtuoso.ade.simulationMonitor] -     WARNING (SFE-3029): The dummy capacitor I2.c27677 is removed.
        Further occurrences of this warning will be suppressed. {"history": "Interactive.360", "point": 1, "testname": "Poten", "cornername": "Nominal"}
[2026-06-03 13:46:00.086 Z] [WARN] [cadence.virtuoso.ade.simulationMonitor] -     WARNING (SFE-3015): The dangling node I2.210\:GNDA is removed. {"history": "Interactive.360", "point": 1, "testname": "Poten", "cornername": "Nominal"}
[2026-06-03 13:46:00.086 Z] [WARN] [cadence.virtuoso.ade.simulationMonitor] -     WARNING (SFE-3015): The dangling node I2.222\:POT_OUT is removed. {"history": "Interactive.360", "point": 1, "testname": "Poten", "cornername": "Nominal"}
[2026-06-03 13:46:00.086 Z] [WARN] [cadence.virtuoso.ade.simulationMonitor] -     WARNING (SFE-3015): The dangling node I2.13\:I25|I35|SN is removed. {"history": "Interactive.360", "point": 1, "testname": "Poten", "cornername": "Nominal"}
[2026-06-03 13:46:00.086 Z] [WARN] [cadence.virtuoso.ade.simulationMonitor] -     WARNING (SFE-3015): The dangling node I2.29\:Calib_EN is removed. {"history": "Interactive.360", "point": 1, "testname": "Poten", "cornername": "Nominal"}
[2026-06-03 13:46:00.086 Z] [WARN] [cadence.virtuoso.ade.simulationMonitor] -     WARNING (SFE-3015): The dangling node I2.693\:VPI is removed.
        Further occurrences of this warning will be suppressed. {"history": "Interactive.360", "point": 1, "testname": "Poten", "cornername": "Nominal"}
[2026-06-03 13:46:00.086 Z] [WARN] [cadence.virtuoso.ade.simulationMonitor] -     WARNING (SFE-3016): The floating node net73 is removed. {"history": "Interactive.360", "point": 1, "testname": "Poten", "cornername": "Nominal"}
[2026-06-03 13:46:00.087 Z] [WARN] [cadence.virtuoso.ade.simulationMonitor] -     WARNING (SFE-3016): The floating node net74 is removed. {"history": "Interactive.360", "point": 1, "testname": "Poten", "cornername": "Nominal"}
[2026-06-03 13:46:00.087 Z] [INFO] [cadence.virtuoso.ade.simulationMonitor] - Notice from spectre during hierarchy flattening.
    Spectre X Parasitic Optimization enabled.
    Parasitic optimization will filter out parasitic nodes, nodes only connected to RCs, by default. To view individual parasitic nodes use individual save statements (i.e. save out), or use the 'savefilter=none' option to save all parasitic nodes. Saving all parasitic nodes may slow down simulation and create large waveform files. {"history": "Interactive.360", "point": 1, "testname": "Poten", "cornername": "Nominal"}
[2026-06-03 13:46:00.087 Z] [INFO] [cadence.virtuoso.ade.simulationMonitor] - Peak resident memory used = 235 Mbytes. {"history": "Interactive.360", "point": 1, "testname": "Poten", "cornername": "Nominal"}
[2026-06-03 13:46:00.087 Z] [INFO] [cadence.virtuoso.ade.simulationMonitor] - Notice from spectre during hierarchy flattening.
    The value 'psf' specified for the 'checklimitdest' option will no longer be supported in future releases. Use 'spectre -h' to see other recommended values for the 'checklimitdest' option.
    I0.I46.RLIB_GC1.CS0 of rpoly1c: `c' has the unusually small value of 634.694e-21 F.
    I0.I46.RLIB_GC1.CS1 of rpoly1c: `c' has the unusually small value of 634.694e-21 F.
    I0.I45.RLIB_GC1.CS0 of rpoly1c: `c' has the unusually small value of 634.694e-21 F.
    I0... {"history": "Interactive.360", "point": 1, "testname": "Poten", "cornername": "Nominal"}
[2026-06-03 13:46:00.588 Z] [INFO] [cadence.virtuoso.ade.simulationMonitor] - Notice from spectre during hierarchy flattening.
    V7: `period' has the unusually large value of 10 s.
    V3: `period' has the unusually large value of 6 s.
    I26: `period' has the unusually large value of 6 s. {"history": "Interactive.360", "point": 1, "testname": "Poten", "cornername": "Nominal"}
[2026-06-03 13:46:00.588 Z] [INFO] [cadence.virtuoso.ade.simulationMonitor] - Peak resident memory used = 244 Mbytes. {"history": "Interactive.360", "point": 1, "testname": "Poten", "cornername": "Nominal"}
[2026-06-03 13:46:00.589 Z] [WARN] [cadence.virtuoso.ade.simulationMonitor] -     WARNING (CMI-2425): I2.I56|C3: `Acde' = 2.393 is unusually large. {"history": "Interactive.360", "point": 1, "testname": "Poten", "cornername": "Nominal"}
[2026-06-03 13:46:00.589 Z] [WARN] [cadence.virtuoso.ade.simulationMonitor] -     WARNING (CMI-2425): I2.I56|C3: `Noff' = 4.732 is unusually large. {"history": "Interactive.360", "point": 1, "testname": "Poten", "cornername": "Nominal"}
[2026-06-03 13:46:00.589 Z] [WARN] [cadence.virtuoso.ade.simulationMonitor] -     WARNING (CMI-2424): I2.I56|C3: `Voffcv' = -867.4e-03 is unusually small. {"history": "Interactive.360", "point": 1, "testname": "Poten", "cornername": "Nominal"}
[2026-06-03 13:46:00.589 Z] [WARN] [cadence.virtuoso.ade.simulationMonitor] -     WARNING (CMI-2425): I2.I56|C4: `Acde' = 2.393 is unusually large. {"history": "Interactive.360", "point": 1, "testname": "Poten", "cornername": "Nominal"}
[2026-06-03 13:46:00.589 Z] [WARN] [cadence.virtuoso.ade.simulationMonitor] -     WARNING (CMI-2425): I2.I56|C4: `Noff' = 4.732 is unusually large. {"history": "Interactive.360", "point": 1, "testname": "Poten", "cornername": "Nominal"}
[2026-06-03 13:46:00.589 Z] [WARN] [cadence.virtuoso.ade.simulationMonitor] -     WARNING (CMI-2424): I2.I56|C4: `Voffcv' = -867.4e-03 is unusually small. {"history": "Interactive.360", "point": 1, "testname": "Poten", "cornername": "Nominal"}
[2026-06-03 13:46:00.590 Z] [WARN] [cadence.virtuoso.ade.simulationMonitor] -     WARNING (CMI-2425): I2.I56|C5: `Acde' = 2.393 is unusually large.
        Further occurrences of this warning will be suppressed. {"history": "Interactive.360", "point": 1, "testname": "Poten", "cornername": "Nominal"}
[2026-06-03 13:46:00.590 Z] [WARN] [cadence.virtuoso.ade.simulationMonitor] -     WARNING (CMI-2424): I2.I56|C5: `Voffcv' = -867.4e-03 is unusually small. {"history": "Interactive.360", "point": 1, "testname": "Poten", "cornername": "Nominal"}
[2026-06-03 13:46:00.590 Z] [WARN] [cadence.virtuoso.ade.simulationMonitor] -     WARNING (CMI-2424): I7.I4.C1<0>_turbo_m11: `Voffcv' = -867.4e-03 is unusually small. {"history": "Interactive.360", "point": 1, "testname": "Poten", "cornername": "Nominal"}
[2026-06-03 13:46:00.590 Z] [WARN] [cadence.virtuoso.ade.simulationMonitor] -     WARNING (CMI-2424): I7.I3.C1<0>_turbo_m6: `Voffcv' = -867.4e-03 is unusually small.
        Further occurrences of this warning will be suppressed. {"history": "Interactive.360", "point": 1, "testname": "Poten", "cornername": "Nominal"}
[2026-06-03 13:46:01.091 Z] [WARN] [cadence.virtuoso.ade.simulationMonitor] -     WARNING (SPECTRE-17607): Assert `SOAC_vert10_vsubpsub' is ignored because it contains an expression which is invalid or not supported by native evaluator.  {"history": "Interactive.360", "point": 1, "testname": "Poten", "cornername": "Nominal"}
[2026-06-03 13:46:01.091 Z] [WARN] [cadence.virtuoso.ade.simulationMonitor] -     WARNING (SPECTRE-17607): Assert `SOAC_vert10_vcsub' is ignored because it contains an expression which is invalid or not supported by native evaluator.  {"history": "Interactive.360", "point": 1, "testname": "Poten", "cornername": "Nominal"}
[2026-06-03 13:46:01.092 Z] [WARN] [cadence.virtuoso.ade.simulationMonitor] -     WARNING (SPECTRE-16460): SOAC_cvarm_vspsub:Specified subcircuit master `cvarm' was not found. {"history": "Interactive.360", "point": 1, "testname": "Poten", "cornername": "Nominal"}
[2026-06-03 13:46:01.092 Z] [WARN] [cadence.virtuoso.ade.simulationMonitor] -     WARNING (SPECTRE-16462): SOAC_cvarm_vspsub:Error in specification of subcircuit master. Assert is ignored. {"history": "Interactive.360", "point": 1, "testname": "Poten", "cornername": "Nominal"}
[2026-06-03 13:46:01.092 Z] [WARN] [cadence.virtuoso.ade.simulationMonitor] -     WARNING (SPECTRE-16460): SOAC_cvarm_vbs:Specified subcircuit master `cvarm' was not found. {"history": "Interactive.360", "point": 1, "testname": "Poten", "cornername": "Nominal"}
[2026-06-03 13:46:01.092 Z] [WARN] [cadence.virtuoso.ade.simulationMonitor] -     WARNING (SPECTRE-16462): SOAC_cvarm_vbs:Error in specification of subcircuit master. Assert is ignored. {"history": "Interactive.360", "point": 1, "testname": "Poten", "cornername": "Nominal"}
[2026-06-03 13:46:01.092 Z] [WARN] [cadence.virtuoso.ade.simulationMonitor] -     WARNING (SPECTRE-16460): SOAC_cvarm_vgb:Specified subcircuit master `cvarm' was not found. {"history": "Interactive.360", "point": 1, "testname": "Poten", "cornername": "Nominal"}
[2026-06-03 13:46:01.092 Z] [WARN] [cadence.virtuoso.ade.simulationMonitor] -     WARNING (SPECTRE-16462): SOAC_cvarm_vgb:Error in specification of subcircuit master. Assert is ignored. {"history": "Interactive.360", "point": 1, "testname": "Poten", "cornername": "Nominal"}
[2026-06-03 13:46:01.093 Z] [WARN] [cadence.virtuoso.ade.simulationMonitor] -     WARNING (SPECTRE-16460): SOAC_cvart_vspsub:Specified subcircuit master `cvart' was not found. {"history": "Interactive.360", "point": 1, "testname": "Poten", "cornername": "Nominal"}
[2026-06-03 13:46:01.093 Z] [WARN] [cadence.virtuoso.ade.simulationMonitor] -     WARNING (SPECTRE-16462): SOAC_cvart_vspsub:Error in specification of subcircuit master. Assert is ignored. {"history": "Interactive.360", "point": 1, "testname": "Poten", "cornername": "Nominal"}
[2026-06-03 13:46:01.093 Z] [WARN] [cadence.virtuoso.ade.simulationMonitor] -     WARNING (SPECTRE-16460): SOAC_cvart_vbs:Specified subcircuit master `cvart' was not found.
        Further occurrences of this warning will be suppressed. {"history": "Interactive.360", "point": 1, "testname": "Poten", "cornername": "Nominal"}
[2026-06-03 13:46:01.093 Z] [WARN] [cadence.virtuoso.ade.simulationMonitor] -     WARNING (SPECTRE-16462): SOAC_cvart_vbs:Error in specification of subcircuit master. Assert is ignored.
        Further occurrences of this warning will be suppressed. {"history": "Interactive.360", "point": 1, "testname": "Poten", "cornername": "Nominal"}
[2026-06-03 13:46:02.095 Z] [INFO] [cadence.virtuoso.ade.simulationMonitor] - Notice from spectre during topology check.
    Only one connection to the following 1896 nodes:
        I0.I46.RLIB_GC1.R1.psub!
        I0.I46.RLIB_GC1.R2.psub!
        I0.I46.MNLIB_DR1.M_esdnmos4.psub!
        I0.I46.DLIB2.psub!
        I0.I46.DLIB1.psub!
        Further occurrences of this notice will be suppressed. {"history": "Interactive.360", "point": 1, "testname": "Poten", "cornername": "Nominal"}
[2026-06-03 13:46:05.098 Z] [INFO] [cadence.virtuoso.ade.simulationMonitor] -               nodes 15742 {"history": "Interactive.360", "point": 1, "testname": "Poten", "cornername": "Nominal"}
[2026-06-03 13:46:05.099 Z] [INFO] [cadence.virtuoso.ade.simulationMonitor] - Notice from spectre during initial setup.
    7 resistors are shorted because their absolute value is less than or equal to 'rabsshort'.
    3 vsources are shorted because their absolute value is less than or equal to 'vabsshort'.
    4 resistors are changed to resistance form because their value are less than 'rthresh'.
    Spectre X preset=cx enabled. {"history": "Interactive.360", "point": 1, "testname": "Poten", "cornername": "Nominal"}
[2026-06-03 13:46:05.099 Z] [INFO] [cadence.virtuoso.ade.simulationMonitor] - Notice from spectre.
    Multithreading enabled: 8 threads in the system with 48 available processors. {"history": "Interactive.360", "point": 1, "testname": "Poten", "cornername": "Nominal"}
[2026-06-03 13:46:05.100 Z] [INFO] [cadence.virtuoso.ade.simulationMonitor] - Peak resident memory used = 305 Mbytes. {"history": "Interactive.360", "point": 1, "testname": "Poten", "cornername": "Nominal"}
[2026-06-03 13:46:05.100 Z] [INFO] [cadence.virtuoso.ade.simulationMonitor] -    -   (Spectre X) Multi-threading. The recommended number of threads is [4, 8], consider adding +mt=4 or +mt=8 on command line. {"history": "Interactive.360", "point": 1, "testname": "Poten", "cornername": "Nominal"}
[2026-06-03 13:46:05.100 Z] [INFO] [cadence.virtuoso.ade.simulationMonitor] - Notice from spectre during DC analysis `dcOp'.
    No checklimit analysis defined for asserts. A default checklimit analysis 'SpectreChecklimitAnal' has been created with all asserts enabled. {"history": "Interactive.360", "point": 1, "testname": "Poten", "cornername": "Nominal"}
[2026-06-03 13:46:06.101 Z] [INFO] [cadence.virtuoso.ade.simulationMonitor] - Notice from spectre during DC analysis `dcOp'.
    Bad pivoting is found during DC analysis. Option dc_pivot_check=yes is recommended for possible improvement of convergence. {"history": "Interactive.360", "point": 1, "testname": "Poten", "cornername": "Nominal"}
[2026-06-03 13:46:06.101 Z] [WARN] [cadence.virtuoso.ade.simulationMonitor] -     WARNING (CMI-2943): Parameter checks have been ignored because the valid value for parameter 'trise' could not be found in 'C0'. {"history": "Interactive.360", "point": 1, "testname": "Poten", "cornername": "Nominal"}
[2026-06-03 13:46:06.101 Z] [WARN] [cadence.virtuoso.ade.simulationMonitor] -     WARNING (CMI-2943): Parameter checks have been ignored because the valid value for parameter 'trise' could not be found in 'C1'. {"history": "Interactive.360", "point": 1, "testname": "Poten", "cornername": "Nominal"}
[2026-06-03 13:46:06.102 Z] [WARN] [cadence.virtuoso.ade.simulationMonitor] -     WARNING (CMI-2943): Parameter checks have been ignored because the valid value for parameter 'trise' could not be found in 'C11'. {"history": "Interactive.360", "point": 1, "testname": "Poten", "cornername": "Nominal"}
[2026-06-03 13:46:06.102 Z] [WARN] [cadence.virtuoso.ade.simulationMonitor] -     WARNING (CMI-2943): Parameter checks have been ignored because the valid value for parameter 'trise' could not be found in 'C12'. {"history": "Interactive.360", "point": 1, "testname": "Poten", "cornername": "Nominal"}
[2026-06-03 13:46:06.102 Z] [WARN] [cadence.virtuoso.ade.simulationMonitor] -     WARNING (CMI-2943): Parameter checks have been ignored because the valid value for parameter 'trise' could not be found in 'C5'.
        Further occurrences of this warning will be suppressed. {"history": "Interactive.360", "point": 1, "testname": "Poten", "cornername": "Nominal"}
[2026-06-03 13:46:06.102 Z] [INFO] [cadence.virtuoso.ade.simulationMonitor] - Notice from spectre during check, during DC analysis `dcOp'.
    I0.I4.RLIB_GC2 of rdiffp3: `ig' has the unusually large value of -25.2511 A. {"history": "Interactive.360", "point": 1, "testname": "Poten", "cornername": "Nominal"}
[2026-06-03 13:46:06.102 Z] [INFO] [cadence.virtuoso.ade.simulationMonitor] - Total time required for dc analysis `dcOp': CPU = 4.62821 s, elapsed = 1.10826 s, util. = 418%. {"history": "Interactive.360", "point": 1, "testname": "Poten", "cornername": "Nominal"}
[2026-06-03 13:46:06.103 Z] [INFO] [cadence.virtuoso.ade.simulationMonitor] - Peak resident memory used = 330 Mbytes. {"history": "Interactive.360", "point": 1, "testname": "Poten", "cornername": "Nominal"}
[2026-06-03 13:46:06.103 Z] [INFO] [cadence.virtuoso.ade.simulationMonitor] - Notice from spectre.
    1068 warnings suppressed. {"history": "Interactive.360", "point": 1, "testname": "Poten", "cornername": "Nominal"}
[2026-06-03 13:46:06.103 Z] [WARN] [cadence.virtuoso.ade.simulationMonitor] -     WARNING (CMI-2425): I7.I0.C0<0>_dummy: `Acde' = 2.393 is unusually large. {"history": "Interactive.360", "point": 1, "testname": "Poten", "cornername": "Nominal"}
[2026-06-03 13:46:06.103 Z] [WARN] [cadence.virtuoso.ade.simulationMonitor] -     WARNING (CMI-2425): I7.I0.C0<0>_dummy: `Noff' = 4.732 is unusually large. {"history": "Interactive.360", "point": 1, "testname": "Poten", "cornername": "Nominal"}
[2026-06-03 13:46:06.104 Z] [WARN] [cadence.virtuoso.ade.simulationMonitor] -     WARNING (CMI-2424): I7.I0.C0<0>_dummy: `Voffcv' = -867.4e-03 is unusually small. {"history": "Interactive.360", "point": 1, "testname": "Poten", "cornername": "Nominal"}
[2026-06-03 13:46:06.104 Z] [WARN] [cadence.virtuoso.ade.simulationMonitor] -     WARNING (CMI-2425): I7.I3.C1<0>_dummy: `Acde' = 2.393 is unusually large. {"history": "Interactive.360", "point": 1, "testname": "Poten", "cornername": "Nominal"}
[2026-06-03 13:46:06.104 Z] [WARN] [cadence.virtuoso.ade.simulationMonitor] -     WARNING (CMI-2425): I7.I3.C1<0>_dummy: `Noff' = 4.732 is unusually large. {"history": "Interactive.360", "point": 1, "testname": "Poten", "cornername": "Nominal"}
[2026-06-03 13:46:06.104 Z] [WARN] [cadence.virtuoso.ade.simulationMonitor] -     WARNING (CMI-2424): I7.I3.C1<0>_dummy: `Voffcv' = -867.4e-03 is unusually small. {"history": "Interactive.360", "point": 1, "testname": "Poten", "cornername": "Nominal"}
[2026-06-03 13:46:06.104 Z] [WARN] [cadence.virtuoso.ade.simulationMonitor] -     WARNING (CMI-2425): I7.I4.C1<0>_dummy: `Acde' = 2.393 is unusually large.
        Further occurrences of this warning will be suppressed. {"history": "Interactive.360", "point": 1, "testname": "Poten", "cornername": "Nominal"}
[2026-06-03 13:46:06.105 Z] [WARN] [cadence.virtuoso.ade.simulationMonitor] -     WARNING (CMI-2424): I7.I4.C1<0>_dummy: `Voffcv' = -867.4e-03 is unusually small. {"history": "Interactive.360", "point": 1, "testname": "Poten", "cornername": "Nominal"}
[2026-06-03 13:46:06.105 Z] [INFO] [cadence.virtuoso.ade.simulationMonitor] - Notice from spectre.
    1 warning suppressed. {"history": "Interactive.360", "point": 1, "testname": "Poten", "cornername": "Nominal"}
[2026-06-03 13:46:07.106 Z] [INFO] [cadence.virtuoso.ade.simulationMonitor] - Notice from spectre during IC analysis, during transient analysis `tran'.
    Bad pivoting is found during DC analysis. Option dc_pivot_check=yes is recommended for possible improvement of convergence. {"history": "Interactive.360", "point": 1, "testname": "Poten", "cornername": "Nominal"}
[2026-06-03 13:46:07.107 Z] [WARN] [cadence.virtuoso.ade.simulationMonitor] -     WARNING (CMI-2943): Parameter checks have been ignored because the valid value for parameter 'trise' could not be found in 'C0'. {"history": "Interactive.360", "point": 1, "testname": "Poten", "cornername": "Nominal"}
[2026-06-03 13:46:07.107 Z] [WARN] [cadence.virtuoso.ade.simulationMonitor] -     WARNING (CMI-2943): Parameter checks have been ignored because the valid value for parameter 'trise' could not be found in 'C1'. {"history": "Interactive.360", "point": 1, "testname": "Poten", "cornername": "Nominal"}
[2026-06-03 13:46:07.107 Z] [WARN] [cadence.virtuoso.ade.simulationMonitor] -     WARNING (CMI-2943): Parameter checks have been ignored because the valid value for parameter 'trise' could not be found in 'C11'. {"history": "Interactive.360", "point": 1, "testname": "Poten", "cornername": "Nominal"}
[2026-06-03 13:46:07.107 Z] [WARN] [cadence.virtuoso.ade.simulationMonitor] -     WARNING (CMI-2943): Parameter checks have been ignored because the valid value for parameter 'trise' could not be found in 'C12'. {"history": "Interactive.360", "point": 1, "testname": "Poten", "cornername": "Nominal"}
[2026-06-03 13:46:07.108 Z] [WARN] [cadence.virtuoso.ade.simulationMonitor] -     WARNING (CMI-2943): Parameter checks have been ignored because the valid value for parameter 'trise' could not be found in 'C5'.
        Further occurrences of this warning will be suppressed. {"history": "Interactive.360", "point": 1, "testname": "Poten", "cornername": "Nominal"}
[2026-06-03 13:46:07.108 Z] [INFO] [cadence.virtuoso.ade.simulationMonitor] - Notice from spectre during check, during IC analysis, during transient analysis `tran'.
    I0.I4.RLIB_GC2 of rdiffp3: `ig' has the unusually large value of -25.2511 A. {"history": "Interactive.360", "point": 1, "testname": "Poten", "cornername": "Nominal"}
[2026-06-03 13:46:09.109 Z] [WARN] [cadence.virtuoso.ade.simulationMonitor] -     WARNING (CMI-2425): I7.I0.C0<0>_dummy: `Acde' = 2.393 is unusually large. {"history": "Interactive.360", "point": 1, "testname": "Poten", "cornername": "Nominal"}
[2026-06-03 13:46:09.109 Z] [WARN] [cadence.virtuoso.ade.simulationMonitor] -     WARNING (CMI-2425): I7.I0.C0<0>_dummy: `Noff' = 4.732 is unusually large. {"history": "Interactive.360", "point": 1, "testname": "Poten", "cornername": "Nominal"}
[2026-06-03 13:46:09.109 Z] [WARN] [cadence.virtuoso.ade.simulationMonitor] -     WARNING (CMI-2424): I7.I0.C0<0>_dummy: `Voffcv' = -867.4e-03 is unusually small. {"history": "Interactive.360", "point": 1, "testname": "Poten", "cornername": "Nominal"}
[2026-06-03 13:46:09.110 Z] [WARN] [cadence.virtuoso.ade.simulationMonitor] -     WARNING (CMI-2425): I7.I3.C1<0>_dummy: `Acde' = 2.393 is unusually large. {"history": "Interactive.360", "point": 1, "testname": "Poten", "cornername": "Nominal"}
[2026-06-03 13:46:09.110 Z] [WARN] [cadence.virtuoso.ade.simulationMonitor] -     WARNING (CMI-2425): I7.I3.C1<0>_dummy: `Noff' = 4.732 is unusually large. {"history": "Interactive.360", "point": 1, "testname": "Poten", "cornername": "Nominal"}
[2026-06-03 13:46:09.110 Z] [WARN] [cadence.virtuoso.ade.simulationMonitor] -     WARNING (CMI-2424): I7.I3.C1<0>_dummy: `Voffcv' = -867.4e-03 is unusually small. {"history": "Interactive.360", "point": 1, "testname": "Poten", "cornername": "Nominal"}
[2026-06-03 13:46:09.110 Z] [WARN] [cadence.virtuoso.ade.simulationMonitor] -     WARNING (CMI-2425): I7.I4.C1<0>_dummy: `Acde' = 2.393 is unusually large.
        Further occurrences of this warning will be suppressed. {"history": "Interactive.360", "point": 1, "testname": "Poten", "cornername": "Nominal"}
[2026-06-03 13:46:09.110 Z] [WARN] [cadence.virtuoso.ade.simulationMonitor] -     WARNING (CMI-2424): I7.I4.C1<0>_dummy: `Voffcv' = -867.4e-03 is unusually small. {"history": "Interactive.360", "point": 1, "testname": "Poten", "cornername": "Nominal"}
[2026-06-03 13:46:09.111 Z] [INFO] [cadence.virtuoso.ade.simulationMonitor] - Notice from spectre at time = 250 ms during transient analysis `tran'.
    1069 warnings suppressed. {"history": "Interactive.360", "point": 1, "testname": "Poten", "cornername": "Nominal"}
[2026-06-03 13:46:20.115 Z] [INFO] [cadence.virtuoso.ade.simulationMonitor] - Notice from spectre at time = 600 ms during XF analysis `tran-000_xf', during transient analysis `tran'.
    Operating points will not be recomputed: the circuit and conditions were not changed since previous analysis. {"history": "Interactive.360", "point": 1, "testname": "Poten", "cornername": "Nominal"}
[2026-06-03 13:46:28.619 Z] [INFO] [cadence.virtuoso.ade.simulationMonitor] - Total time required for xf analysis `tran-000_xf': CPU = 93.1852 s (1m  33.2s), elapsed = 8.50186 s, util. = 1.1e+03%. {"history": "Interactive.360", "point": 1, "testname": "Poten", "cornername": "Nominal"}
[2026-06-03 13:46:28.619 Z] [INFO] [cadence.virtuoso.ade.simulationMonitor] - Peak resident memory used = 441 Mbytes. {"history": "Interactive.360", "point": 1, "testname": "Poten", "cornername": "Nominal"}
[2026-06-03 13:46:29.120 Z] [INFO] [cadence.virtuoso.ade.simulationMonitor] - Total time required for tran analysis `tran': CPU = 203.785 s (3m  23.8s), elapsed = 23.0488 s, util. = 884%. {"history": "Interactive.360", "point": 1, "testname": "Poten", "cornername": "Nominal"}
[2026-06-03 13:46:29.120 Z] [INFO] [cadence.virtuoso.ade.simulationMonitor] - Peak resident memory used = 441 Mbytes. {"history": "Interactive.360", "point": 1, "testname": "Poten", "cornername": "Nominal"}
[2026-06-03 13:46:29.121 Z] [WARN] [cadence.virtuoso.ade.simulationMonitor] -     WARNING (CMI-2425): I7.I0.C0<0>_dummy: `Acde' = 2.393 is unusually large. {"history": "Interactive.360", "point": 1, "testname": "Poten", "cornername": "Nominal"}
[2026-06-03 13:46:29.121 Z] [WARN] [cadence.virtuoso.ade.simulationMonitor] -     WARNING (CMI-2425): I7.I0.C0<0>_dummy: `Noff' = 4.732 is unusually large. {"history": "Interactive.360", "point": 1, "testname": "Poten", "cornername": "Nominal"}
[2026-06-03 13:46:29.121 Z] [WARN] [cadence.virtuoso.ade.simulationMonitor] -     WARNING (CMI-2424): I7.I0.C0<0>_dummy: `Voffcv' = -867.4e-03 is unusually small. {"history": "Interactive.360", "point": 1, "testname": "Poten", "cornername": "Nominal"}
[2026-06-03 13:46:29.121 Z] [WARN] [cadence.virtuoso.ade.simulationMonitor] -     WARNING (CMI-2425): I7.I3.C1<0>_dummy: `Acde' = 2.393 is unusually large. {"history": "Interactive.360", "point": 1, "testname": "Poten", "cornername": "Nominal"}
[2026-06-03 13:46:29.121 Z] [WARN] [cadence.virtuoso.ade.simulationMonitor] -     WARNING (CMI-2425): I7.I3.C1<0>_dummy: `Noff' = 4.732 is unusually large. {"history": "Interactive.360", "point": 1, "testname": "Poten", "cornername": "Nominal"}
[2026-06-03 13:46:29.121 Z] [WARN] [cadence.virtuoso.ade.simulationMonitor] -     WARNING (CMI-2424): I7.I3.C1<0>_dummy: `Voffcv' = -867.4e-03 is unusually small. {"history": "Interactive.360", "point": 1, "testname": "Poten", "cornername": "Nominal"}
[2026-06-03 13:46:29.122 Z] [WARN] [cadence.virtuoso.ade.simulationMonitor] -     WARNING (CMI-2425): I7.I4.C1<0>_dummy: `Acde' = 2.393 is unusually large.
        Further occurrences of this warning will be suppressed. {"history": "Interactive.360", "point": 1, "testname": "Poten", "cornername": "Nominal"}
[2026-06-03 13:46:29.122 Z] [WARN] [cadence.virtuoso.ade.simulationMonitor] -     WARNING (CMI-2424): I7.I4.C1<0>_dummy: `Voffcv' = -867.4e-03 is unusually small. {"history": "Interactive.360", "point": 1, "testname": "Poten", "cornername": "Nominal"}
[2026-06-03 13:46:29.622 Z] [INFO] [cadence.virtuoso.ade.simulationMonitor] - Notice from spectre.
    1 warning suppressed. {"history": "Interactive.360", "point": 1, "testname": "Poten", "cornername": "Nominal"}
[2026-06-03 13:46:29.623 Z] [WARN] [cadence.virtuoso.ade.simulationMonitor] -     WARNING (CMI-2425): I7.I1.C0: `Acde' = 2.393 is unusually large. {"history": "Interactive.360", "point": 1, "testname": "Poten", "cornername": "Nominal"}
[2026-06-03 13:46:29.623 Z] [WARN] [cadence.virtuoso.ade.simulationMonitor] -     WARNING (CMI-2425): I7.I1.C0: `Noff' = 4.732 is unusually large. {"history": "Interactive.360", "point": 1, "testname": "Poten", "cornername": "Nominal"}
[2026-06-03 13:46:29.623 Z] [WARN] [cadence.virtuoso.ade.simulationMonitor] -     WARNING (CMI-2424): I7.I1.C0: `Voffcv' = -867.4e-03 is unusually small. {"history": "Interactive.360", "point": 1, "testname": "Poten", "cornername": "Nominal"}
[2026-06-03 13:46:29.623 Z] [WARN] [cadence.virtuoso.ade.simulationMonitor] -     WARNING (CMI-2425): I7.I0.C1: `Acde' = 2.393 is unusually large. {"history": "Interactive.360", "point": 1, "testname": "Poten", "cornername": "Nominal"}
[2026-06-03 13:46:29.624 Z] [WARN] [cadence.virtuoso.ade.simulationMonitor] -     WARNING (CMI-2425): I7.I0.C1: `Noff' = 4.732 is unusually large. {"history": "Interactive.360", "point": 1, "testname": "Poten", "cornername": "Nominal"}
[2026-06-03 13:46:29.624 Z] [WARN] [cadence.virtuoso.ade.simulationMonitor] -     WARNING (CMI-2424): I7.I0.C1: `Voffcv' = -867.4e-03 is unusually small. {"history": "Interactive.360", "point": 1, "testname": "Poten", "cornername": "Nominal"}
[2026-06-03 13:46:29.624 Z] [WARN] [cadence.virtuoso.ade.simulationMonitor] -     WARNING (CMI-2425): I7.I0.C2: `Acde' = 2.393 is unusually large.
        Further occurrences of this warning will be suppressed. {"history": "Interactive.360", "point": 1, "testname": "Poten", "cornername": "Nominal"}
[2026-06-03 13:46:29.624 Z] [WARN] [cadence.virtuoso.ade.simulationMonitor] -     WARNING (CMI-2424): I7.I0.C2: `Voffcv' = -867.4e-03 is unusually small. {"history": "Interactive.360", "point": 1, "testname": "Poten", "cornername": "Nominal"}
[2026-06-03 13:46:29.624 Z] [WARN] [cadence.virtuoso.ade.simulationMonitor] -     WARNING (CMI-2424): I7.I0.C0<0>_turbo_m6: `Voffcv' = -867.4e-03 is unusually small. {"history": "Interactive.360", "point": 1, "testname": "Poten", "cornername": "Nominal"}
[2026-06-03 13:46:29.625 Z] [WARN] [cadence.virtuoso.ade.simulationMonitor] -     WARNING (CMI-2424): I7.I3.C1<0>_turbo_m6: `Voffcv' = -867.4e-03 is unusually small.
        Further occurrences of this warning will be suppressed. {"history": "Interactive.360", "point": 1, "testname": "Poten", "cornername": "Nominal"}
[2026-06-03 13:46:35.127 Z] [INFO] [cadence.virtuoso.ade.simulationMonitor] - Notice from spectre during DC analysis, during Noise analysis `noise'.
    Bad pivoting is found during DC analysis. Option dc_pivot_check=yes is recommended for possible improvement of convergence. {"history": "Interactive.360", "point": 1, "testname": "Poten", "cornername": "Nominal"}
[2026-06-03 13:46:35.128 Z] [WARN] [cadence.virtuoso.ade.simulationMonitor] -     WARNING (CMI-2943): Parameter checks have been ignored because the valid value for parameter 'trise' could not be found in 'C0'. {"history": "Interactive.360", "point": 1, "testname": "Poten", "cornername": "Nominal"}
[2026-06-03 13:46:35.128 Z] [WARN] [cadence.virtuoso.ade.simulationMonitor] -     WARNING (CMI-2943): Parameter checks have been ignored because the valid value for parameter 'trise' could not be found in 'C1'. {"history": "Interactive.360", "point": 1, "testname": "Poten", "cornername": "Nominal"}
[2026-06-03 13:46:35.128 Z] [WARN] [cadence.virtuoso.ade.simulationMonitor] -     WARNING (CMI-2943): Parameter checks have been ignored because the valid value for parameter 'trise' could not be found in 'C11'. {"history": "Interactive.360", "point": 1, "testname": "Poten", "cornername": "Nominal"}
[2026-06-03 13:46:35.128 Z] [WARN] [cadence.virtuoso.ade.simulationMonitor] -     WARNING (CMI-2943): Parameter checks have been ignored because the valid value for parameter 'trise' could not be found in 'C12'. {"history": "Interactive.360", "point": 1, "testname": "Poten", "cornername": "Nominal"}
[2026-06-03 13:46:35.129 Z] [WARN] [cadence.virtuoso.ade.simulationMonitor] -     WARNING (CMI-2943): Parameter checks have been ignored because the valid value for parameter 'trise' could not be found in 'C5'.
        Further occurrences of this warning will be suppressed. {"history": "Interactive.360", "point": 1, "testname": "Poten", "cornername": "Nominal"}
[2026-06-03 13:47:32.653 Z] [INFO] [cadence.virtuoso.ade.simulationMonitor] - Total time required for noise analysis `noise': CPU = 271.364 s (4m  31.4s), elapsed = 63.0116 s (1m  3.0s), util. = 431%. {"history": "Interactive.360", "point": 1, "testname": "Poten", "cornername": "Nominal"}
[2026-06-03 13:47:32.654 Z] [INFO] [cadence.virtuoso.ade.simulationMonitor] - Peak resident memory used = 670 Mbytes. {"history": "Interactive.360", "point": 1, "testname": "Poten", "cornername": "Nominal"}
[2026-06-03 13:47:32.654 Z] [INFO] [cadence.virtuoso.ade.simulationMonitor] - Notice from spectre.
    1085 warnings suppressed. {"history": "Interactive.360", "point": 1, "testname": "Poten", "cornername": "Nominal"}
[2026-06-03 13:47:32.654 Z] [WARN] [cadence.virtuoso.ade.simulationMonitor] -     WARNING (CMI-2425): I7.I0.C0<0>_dummy: `Acde' = 2.393 is unusually large. {"history": "Interactive.360", "point": 1, "testname": "Poten", "cornername": "Nominal"}
[2026-06-03 13:47:32.654 Z] [WARN] [cadence.virtuoso.ade.simulationMonitor] -     WARNING (CMI-2425): I7.I0.C0<0>_dummy: `Noff' = 4.732 is unusually large. {"history": "Interactive.360", "point": 1, "testname": "Poten", "cornername": "Nominal"}
[2026-06-03 13:47:32.654 Z] [WARN] [cadence.virtuoso.ade.simulationMonitor] -     WARNING (CMI-2424): I7.I0.C0<0>_dummy: `Voffcv' = -867.4e-03 is unusually small. {"history": "Interactive.360", "point": 1, "testname": "Poten", "cornername": "Nominal"}
[2026-06-03 13:47:32.655 Z] [WARN] [cadence.virtuoso.ade.simulationMonitor] -     WARNING (CMI-2425): I7.I3.C1<0>_dummy: `Acde' = 2.393 is unusually large. {"history": "Interactive.360", "point": 1, "testname": "Poten", "cornername": "Nominal"}
[2026-06-03 13:47:32.655 Z] [WARN] [cadence.virtuoso.ade.simulationMonitor] -     WARNING (CMI-2425): I7.I3.C1<0>_dummy: `Noff' = 4.732 is unusually large. {"history": "Interactive.360", "point": 1, "testname": "Poten", "cornername": "Nominal"}
[2026-06-03 13:47:32.655 Z] [WARN] [cadence.virtuoso.ade.simulationMonitor] -     WARNING (CMI-2424): I7.I3.C1<0>_dummy: `Voffcv' = -867.4e-03 is unusually small. {"history": "Interactive.360", "point": 1, "testname": "Poten", "cornername": "Nominal"}
[2026-06-03 13:47:32.655 Z] [WARN] [cadence.virtuoso.ade.simulationMonitor] -     WARNING (CMI-2425): I7.I4.C1<0>_dummy: `Acde' = 2.393 is unusually large.
        Further occurrences of this warning will be suppressed. {"history": "Interactive.360", "point": 1, "testname": "Poten", "cornername": "Nominal"}
[2026-06-03 13:47:32.655 Z] [WARN] [cadence.virtuoso.ade.simulationMonitor] -     WARNING (CMI-2424): I7.I4.C1<0>_dummy: `Voffcv' = -867.4e-03 is unusually small. {"history": "Interactive.360", "point": 1, "testname": "Poten", "cornername": "Nominal"}
[2026-06-03 13:47:32.655 Z] [INFO] [cadence.virtuoso.ade.simulationMonitor] - Notice from spectre.
    1 warning suppressed. {"history": "Interactive.360", "point": 1, "testname": "Poten", "cornername": "Nominal"}
[2026-06-03 13:47:33.156 Z] [INFO] [cadence.virtuoso.ade.simulationMonitor] - Time used: CPU = 488 s (8m  7.8s), elapsed = 95.3 s (1m  35.3s), util. = 512%. {"history": "Interactive.360", "point": 1, "testname": "Poten", "cornername": "Nominal"}
[2026-06-03 13:47:33.157 Z] [INFO] [cadence.virtuoso.ade.simulationMonitor] - Time spent in licensing: elapsed = 110 ms. {"history": "Interactive.360", "point": 1, "testname": "Poten", "cornername": "Nominal"}
[2026-06-03 13:47:33.158 Z] [INFO] [cadence.virtuoso.ade.simulationMonitor] - Peak memory used = 670 Mbytes. {"history": "Interactive.360", "point": 1, "testname": "Poten", "cornername": "Nominal"}
[2026-06-03 13:47:33.160 Z] [PROCESS] [cadence.virtuoso.ade.simulationMonitor] - Simulation started at: 1:45:57 PM, Wed Jun 3, 2026, ended at: 1:47:32 PM, Wed Jun 3, 2026, with elapsed time (wall clock): 95.3 s (1m  35.3s). {"history": "Interactive.360", "point": 1, "testname": "Poten", "cornername": "Nominal"}
[2026-06-03 13:47:33.160 Z] [PROCESS] [cadence.virtuoso.ade.simulationMonitor] - spectre completes with 0 errors, 113 warnings, and 35 notices. {"history": "Interactive.360", "point": 1, "testname": "Poten", "cornername": "Nominal"}
[2026-06-03 13:47:33.161 Z] [PROCESS] [cadence.virtuoso.ade.simulationMonitor] - Finished simulating for one point {"hostname": "il2244vt26_hrahimi", "processid": 2579785, "history": "Interactive.360", "testname": "Poten", "cornername": "Nominal", "point": 1, "logfile": "/home/hrahimi/projects/POTENTIOSTAT_26/logs_hrahimi/logs0/Job24.log", "simid": "1"}
[2026-06-03 13:47:33.161 Z] [PROCESS] [cadence.virtuoso.ade.simulationMonitor] - Simulator exited {"hostname": "il2244vt26_hrahimi", "processid": 2579785, "history": "Interactive.360", "testname": "Poten", "cornername": "Nominal", "point": 1, "logfile": "/home/hrahimi/projects/POTENTIOSTAT_26/logs_hrahimi/logs0/Job24.log", "exitStatus": "0"}
[2026-06-03 13:47:33.161 Z] [PROCESS] [cadence.virtuoso.ade.simulationMonitor] - Finished Simulation {"hostname": "il2244vt26_hrahimi", "processid": 2579785, "history": "Interactive.360", "testname": "Poten", "cornername": "Nominal", "point": 1, "logfile": "/home/hrahimi/projects/POTENTIOSTAT_26/logs_hrahimi/logs0/Job24.log", "simid": "1"}
[2026-06-03 13:47:38.181 Z] [PROCESS] [cadence.virtuoso.ade.simulationMonitor] - Point Finished {"hostname": "il2244vt26_hrahimi", "processid": 2579785, "history": "Interactive.360", "testname": "Poten", "cornername": "Nominal", "point": 1, "logfile": "/home/hrahimi/projects/POTENTIOSTAT_26/logs_hrahimi/logs0/Job24.log"}
[2026-06-03 13:47:39.658 Z] [PROCESS] [cadence.virtuoso.ade.simulationMonitor] - Stay with the runId '16', Linger time '300', currentRunSyn '32', currentTestSyn '57' {"hostname": "il2244vt26_hrahimi", "processid": 2579785, "history": "Interactive.360", "testname": "Poten", "cornername": "Nominal", "point": 1, "logfile": "/home/hrahimi/projects/POTENTIOSTAT_26/logs_hrahimi/logs0/Job24.log"}
[2026-06-03 13:52:40.152 Z] [PROCESS] [cadence.virtuoso.ade.simulationMonitor] - Current memory used: 53.0195 MBytes, peak memory used: 53.0195 MBytes {"hostname": "il2244vt26_hrahimi", "processid": 2579785, "history": "Interactive.360", "testname": "Poten", "cornername": "Nominal", "point": 1, "logfile": "/home/hrahimi/projects/POTENTIOSTAT_26/logs_hrahimi/logs0/Job24.log"}
[2026-06-03 13:52:40.153 Z] [PROCESS] [cadence.virtuoso.ade.simulationMonitor] - Simulation Monitor process exit. {"hostname": "il2244vt26_hrahimi", "processid": 2579785, "history": "Interactive.360", "testname": "Poten", "cornername": "Nominal", "point": 1, "logfile": "/home/hrahimi/projects/POTENTIOSTAT_26/logs_hrahimi/logs0/Job24.log"}
