[Simulation Monitor: 25]
[2026-06-10 13:07:45.835 Z] [PROCESS] [cadence.virtuoso.ade.simulationMonitor] - Simulation Monitor has successfully started up. Trying to set up communication channels to other components ... {"hostname": "il2244vt26_hrahimi", "processid": 4090894, "logfile": "/home/hrahimi/projects/POTENTIOSTAT_26/logs_hrahimi/logs0/Job25.log"}
[2026-06-10 13:07:45.836 Z] [PROCESS] [cadence.virtuoso.ade.simulationMonitor] - Communication channels have been successfully set up. Start processing events ... {"hostname": "il2244vt26_hrahimi", "processid": 4090894, "logfile": "/home/hrahimi/projects/POTENTIOSTAT_26/logs_hrahimi/logs0/Job25.log"}
[2026-06-10 13:07:45.840 Z] [PROCESS] [cadence.virtuoso.ade.simulationMonitor] - Started History {"hostname": "il2244vt26_hrahimi", "processid": 4090894, "history": "Interactive.194", "logfile": "/home/hrahimi/projects/POTENTIOSTAT_26/logs_hrahimi/logs0/Job25.log"}
[2026-06-10 13:07:45.841 Z] [PROCESS] [cadence.virtuoso.ade.simulationMonitor] - HostInfo:
Host name (type):	il2244vt26_hrahimi (x86_64)
Operating system:	Linux 5.15.0-164-generic #174-Ubuntu SMP Fri Nov 14 20:25:16 UTC 2025 {"hostname": "il2244vt26_hrahimi", "processid": 4090894, "history": "Interactive.194", "logfile": "/home/hrahimi/projects/POTENTIOSTAT_26/logs_hrahimi/logs0/Job25.log", "nodename": "il2244vt26_hrahimi", "domainname": "(none)", "machine": "x86_64", "sysname": "Linux", "release": "5.15.0-164-generic", "version": "#174-Ubuntu SMP Fri Nov 14 20:25:16 UTC 2025"}
[2026-06-10 13:07:45.841 Z] [PROCESS] [cadence.virtuoso.ade.simulationMonitor] - UsageInfo:
pid=4090894
totalPhysicalMemory=3023.749672GB,Used=2811.641380GB,totalVirtualMemory=3031.749668GB,Used=2811.749535GB
Cpu: Cores=48, Load average:7.110000,7.400000,6.980000 {"hostname": "il2244vt26_hrahimi", "processid": 4090894, "history": "Interactive.194", "logfile": "/home/hrahimi/projects/POTENTIOSTAT_26/logs_hrahimi/logs0/Job25.log", "pid": "4090894", "totalPhysicalMemory": "3023.749672", "physicalMemoryUsed": "2811.641380", "totalVirtualMemory": "3031.749668", "virtualMemoryUsed": "2811.749535", "cpuCores": "48", "processes": "29498", "loadAverage1": "7.110000", "loadAverage5": "7.400000", "loadAverage15": "6.980000", "loadAverage1Percent": "0.148125"}
[2026-06-10 13:07:45.843 Z] [EVENT] [cadence.virtuoso.ade.simulationMonitor] - NewPoint {"history": "Interactive.194", "point": 1, "testname": "VT26_TOP_top_tb_TRAN_NOISE_BIO", "cornername": "Nominal", "event": "NewPoint", "EventSource": "Simulation Monitor", "HistoryName": "Interactive.194", "logFile": "/home/hrahimi/projects/POTENTIOSTAT_26/logs_hrahimi/logs0/Job25.log", "logFileSize": "2269"}
[2026-06-10 13:07:45.944 Z] [EVENT] [cadence.virtuoso.ade.simulationMonitor] - NewPoint {"history": "Interactive.194", "point": 1, "testname": "VT26_TOP_top_tb_TRAN_NOISE_BIO", "cornername": "Nominal", "event": "NewPoint", "EventSource": "ams", "HistoryName": "Interactive.194", "logFile": "/home/hrahimi/projects/POTENTIOSTAT_26/Sim/Potentiostat_Top/topsyh_tb/maestro/results/maestro/Interactive.194/1/VT26_TOP_top_tb_TRAN_NOISE_BIO/psf/xrun.log", "logFileSize": "-1"}
[2026-06-10 13:07:45.959 Z] [PROCESS] [cadence.virtuoso.ade.simulationMonitor] - Simulator launched {"hostname": "il2244vt26_hrahimi", "processid": 4090894, "history": "Interactive.194", "testname": "VT26_TOP_top_tb_TRAN_NOISE_BIO", "cornername": "Nominal", "point": 1, "logfile": "/home/hrahimi/projects/POTENTIOSTAT_26/logs_hrahimi/logs0/Job25.log", "simid": "1"}
[2026-06-10 13:07:45.963 Z] [PROCESS] [cadence.virtuoso.ade.simulationMonitor] - Expression evaluator launched {"hostname": "il2244vt26_hrahimi", "processid": 4090894, "history": "Interactive.194", "testname": "VT26_TOP_top_tb_TRAN_NOISE_BIO", "cornername": "Nominal", "point": 1, "logfile": "/home/hrahimi/projects/POTENTIOSTAT_26/logs_hrahimi/logs0/Job25.log"}
[2026-06-10 13:07:46.030 Z] [PROCESS] [cadence.virtuoso.ade.simulationMonitor] - Started Simulation {"hostname": "il2244vt26_hrahimi", "processid": 4090894, "history": "Interactive.194", "testname": "VT26_TOP_top_tb_TRAN_NOISE_BIO", "cornername": "Nominal", "point": 1, "logfile": "/home/hrahimi/projects/POTENTIOSTAT_26/logs_hrahimi/logs0/Job25.log", "event": "started", "task": "simulation"}
[2026-06-10 13:08:26.990 Z] [WARN] [cadence.virtuoso.ade.simulationMonitor] -     WARNING (SPECTRE-691): This CPU processor does not support x86 advanced vector extensions instructions. This may affect math operations and slow down the simulation. {"history": "Interactive.194", "point": 1, "testname": "VT26_TOP_top_tb_TRAN_NOISE_BIO", "cornername": "Nominal"}
[2026-06-10 13:08:26.992 Z] [INFO] [cadence.virtuoso.ade.simulationMonitor] - Notice from spectre during circuit read-in.
    Pre_Configuration file used: /opt/tools/cadence/installs/SPECTRE241/tools.lnx86/spectre/etc/configs/preset.precfg {"history": "Interactive.194", "point": 1, "testname": "VT26_TOP_top_tb_TRAN_NOISE_BIO", "cornername": "Nominal"}
[2026-06-10 13:08:28.492 Z] [WARN] [cadence.virtuoso.ade.simulationMonitor] -     WARNING (VACOMP-2435): The environment variable CDS_AHDLCMI_ENABLE is no longer supported. Therefore, the simulator will use the default compiled C code flow. {"history": "Interactive.194", "point": 1, "testname": "VT26_TOP_top_tb_TRAN_NOISE_BIO", "cornername": "Nominal"}
[2026-06-10 13:08:28.493 Z] [INFO] [cadence.virtuoso.ade.simulationMonitor] - Peak resident memory used = 217 Mbytes. {"history": "Interactive.194", "point": 1, "testname": "VT26_TOP_top_tb_TRAN_NOISE_BIO", "cornername": "Nominal"}
[2026-06-10 13:08:32.047 Z] [WARN] [cadence.virtuoso.ade.simulationMonitor] -     WARNING (SFE-3013): The dangling device topsyh_tb.I0.I3|I6|avD41_3_turbo_m10.I4 is removed. {"history": "Interactive.194", "point": 1, "testname": "VT26_TOP_top_tb_TRAN_NOISE_BIO", "cornername": "Nominal"}
[2026-06-10 13:08:32.048 Z] [WARN] [cadence.virtuoso.ade.simulationMonitor] -     WARNING (SFE-3030): The dangling capacitor topsyh_tb.I0.c14672 is removed. {"history": "Interactive.194", "point": 1, "testname": "VT26_TOP_top_tb_TRAN_NOISE_BIO", "cornername": "Nominal"}
[2026-06-10 13:08:32.048 Z] [WARN] [cadence.virtuoso.ade.simulationMonitor] -     WARNING (SFE-3029): The dummy capacitor topsyh_tb.I0.I29|I26|R1.CS1 is removed. {"history": "Interactive.194", "point": 1, "testname": "VT26_TOP_top_tb_TRAN_NOISE_BIO", "cornername": "Nominal"}
[2026-06-10 13:08:32.049 Z] [WARN] [cadence.virtuoso.ade.simulationMonitor] -     WARNING (SFE-3029): The dummy capacitor topsyh_tb.I0.I19|I28|R7_turbo_m4.CS1 is removed. {"history": "Interactive.194", "point": 1, "testname": "VT26_TOP_top_tb_TRAN_NOISE_BIO", "cornername": "Nominal"}
[2026-06-10 13:08:32.049 Z] [WARN] [cadence.virtuoso.ade.simulationMonitor] -     WARNING (SFE-3029): The dummy capacitor topsyh_tb.I0.I19|I28|R7_turbo_m4.CS0 is removed. {"history": "Interactive.194", "point": 1, "testname": "VT26_TOP_top_tb_TRAN_NOISE_BIO", "cornername": "Nominal"}
[2026-06-10 13:08:32.049 Z] [WARN] [cadence.virtuoso.ade.simulationMonitor] -     WARNING (SFE-3029): The dummy capacitor topsyh_tb.I0.I3|I10|RLIB_GC1.CS0 is removed. {"history": "Interactive.194", "point": 1, "testname": "VT26_TOP_top_tb_TRAN_NOISE_BIO", "cornername": "Nominal"}
[2026-06-10 13:08:32.049 Z] [WARN] [cadence.virtuoso.ade.simulationMonitor] -     WARNING (SFE-3029): The dummy capacitor topsyh_tb.I0.I1|I2|R48_turbo_m2.CS0 is removed.
        Further occurrences of this warning will be suppressed. {"history": "Interactive.194", "point": 1, "testname": "VT26_TOP_top_tb_TRAN_NOISE_BIO", "cornername": "Nominal"}
[2026-06-10 13:08:32.049 Z] [WARN] [cadence.virtuoso.ade.simulationMonitor] -     WARNING (SFE-3026): The shorted/dummy resistor topsyh_tb.I0.I3|I46|R2_3__rcx is removed. {"history": "Interactive.194", "point": 1, "testname": "VT26_TOP_top_tb_TRAN_NOISE_BIO", "cornername": "Nominal"}
[2026-06-10 13:08:32.050 Z] [WARN] [cadence.virtuoso.ade.simulationMonitor] -     WARNING (SFE-3012): The dummy device topsyh_tb.I0.I29|I15|MN31(3)_turbo_m4 is removed. {"history": "Interactive.194", "point": 1, "testname": "VT26_TOP_top_tb_TRAN_NOISE_BIO", "cornername": "Nominal"}
[2026-06-10 13:08:32.050 Z] [WARN] [cadence.virtuoso.ade.simulationMonitor] -     WARNING (SFE-3026): The shorted/dummy resistor topsyh_tb.I0.I3|I46|R2_4__rcx is removed. {"history": "Interactive.194", "point": 1, "testname": "VT26_TOP_top_tb_TRAN_NOISE_BIO", "cornername": "Nominal"}
[2026-06-10 13:08:32.050 Z] [WARN] [cadence.virtuoso.ade.simulationMonitor] -     WARNING (SFE-3026): The shorted/dummy resistor topsyh_tb.I0.I3|I46|R2_2__rcx is removed. {"history": "Interactive.194", "point": 1, "testname": "VT26_TOP_top_tb_TRAN_NOISE_BIO", "cornername": "Nominal"}
[2026-06-10 13:08:32.050 Z] [WARN] [cadence.virtuoso.ade.simulationMonitor] -     WARNING (SFE-3012): The dummy device topsyh_tb.I0.I29|I15|Q6(23)_turbo_m24 is removed. {"history": "Interactive.194", "point": 1, "testname": "VT26_TOP_top_tb_TRAN_NOISE_BIO", "cornername": "Nominal"}
[2026-06-10 13:08:32.050 Z] [WARN] [cadence.virtuoso.ade.simulationMonitor] -     WARNING (SFE-3012): The dummy device topsyh_tb.I0.I2|I2|MP31(3)_turbo_m4 is removed. {"history": "Interactive.194", "point": 1, "testname": "VT26_TOP_top_tb_TRAN_NOISE_BIO", "cornername": "Nominal"}
[2026-06-10 13:08:32.050 Z] [WARN] [cadence.virtuoso.ade.simulationMonitor] -     WARNING (SFE-3026): The shorted/dummy resistor topsyh_tb.I0.I3|I46|R2_1__rcx is removed. {"history": "Interactive.194", "point": 1, "testname": "VT26_TOP_top_tb_TRAN_NOISE_BIO", "cornername": "Nominal"}
[2026-06-10 13:08:32.051 Z] [WARN] [cadence.virtuoso.ade.simulationMonitor] -     WARNING (SFE-3026): The shorted/dummy resistor topsyh_tb.I0.I3|I46|R2_6__rcx is removed.
        Further occurrences of this warning will be suppressed. {"history": "Interactive.194", "point": 1, "testname": "VT26_TOP_top_tb_TRAN_NOISE_BIO", "cornername": "Nominal"}
[2026-06-10 13:08:32.051 Z] [WARN] [cadence.virtuoso.ade.simulationMonitor] -     WARNING (SFE-3012): The dummy device topsyh_tb.I0.I4|I25|I33|MN22(1) is removed. {"history": "Interactive.194", "point": 1, "testname": "VT26_TOP_top_tb_TRAN_NOISE_BIO", "cornername": "Nominal"}
[2026-06-10 13:08:32.051 Z] [WARN] [cadence.virtuoso.ade.simulationMonitor] -     WARNING (SFE-3012): The dummy device topsyh_tb.I0.I1|I2|Q3(30)_turbo_m63 is removed.
        Further occurrences of this warning will be suppressed. {"history": "Interactive.194", "point": 1, "testname": "VT26_TOP_top_tb_TRAN_NOISE_BIO", "cornername": "Nominal"}
[2026-06-10 13:08:32.051 Z] [WARN] [cadence.virtuoso.ade.simulationMonitor] -     WARNING (SFE-3015): The dangling node topsyh_tb.net24 is removed. {"history": "Interactive.194", "point": 1, "testname": "VT26_TOP_top_tb_TRAN_NOISE_BIO", "cornername": "Nominal"}
[2026-06-10 13:08:32.051 Z] [WARN] [cadence.virtuoso.ade.simulationMonitor] -     WARNING (SFE-3015): The dangling node topsyh_tb.VINNS is removed. {"history": "Interactive.194", "point": 1, "testname": "VT26_TOP_top_tb_TRAN_NOISE_BIO", "cornername": "Nominal"}
[2026-06-10 13:08:32.051 Z] [WARN] [cadence.virtuoso.ade.simulationMonitor] -     WARNING (SFE-3016): The floating node vdd3r1! is removed. {"history": "Interactive.194", "point": 1, "testname": "VT26_TOP_top_tb_TRAN_NOISE_BIO", "cornername": "Nominal"}
[2026-06-10 13:08:32.052 Z] [WARN] [cadence.virtuoso.ade.simulationMonitor] -     WARNING (SFE-3015): The dangling node topsyh_tb.net9 is removed. {"history": "Interactive.194", "point": 1, "testname": "VT26_TOP_top_tb_TRAN_NOISE_BIO", "cornername": "Nominal"}
[2026-06-10 13:08:32.052 Z] [WARN] [cadence.virtuoso.ade.simulationMonitor] -     WARNING (SFE-3016): The floating node vdd3r2! is removed. {"history": "Interactive.194", "point": 1, "testname": "VT26_TOP_top_tb_TRAN_NOISE_BIO", "cornername": "Nominal"}
[2026-06-10 13:08:32.052 Z] [WARN] [cadence.virtuoso.ade.simulationMonitor] -     WARNING (SFE-3015): The dangling node topsyh_tb.VINPS is removed. {"history": "Interactive.194", "point": 1, "testname": "VT26_TOP_top_tb_TRAN_NOISE_BIO", "cornername": "Nominal"}
[2026-06-10 13:08:33.552 Z] [WARN] [cadence.virtuoso.ade.simulationMonitor] -     WARNING (SFE-3015): The dangling node topsyh_tb.net10 is removed.
        Further occurrences of this warning will be suppressed. {"history": "Interactive.194", "point": 1, "testname": "VT26_TOP_top_tb_TRAN_NOISE_BIO", "cornername": "Nominal"}
[2026-06-10 13:08:33.553 Z] [INFO] [cadence.virtuoso.ade.simulationMonitor] - Notice from spectre during hierarchy flattening.
    Spectre X Parasitic Optimization enabled.
    Parasitic optimization will filter out parasitic nodes, nodes only connected to RCs, by default. To view individual parasitic nodes use individual save statements (i.e. save out), or use the 'savefilter=none' option to save all parasitic nodes. Saving all parasitic nodes may slow down simulation and create large waveform files. {"history": "Interactive.194", "point": 1, "testname": "VT26_TOP_top_tb_TRAN_NOISE_BIO", "cornername": "Nominal"}
[2026-06-10 13:08:33.554 Z] [INFO] [cadence.virtuoso.ade.simulationMonitor] - Peak resident memory used = 309 Mbytes. {"history": "Interactive.194", "point": 1, "testname": "VT26_TOP_top_tb_TRAN_NOISE_BIO", "cornername": "Nominal"}
[2026-06-10 13:08:33.554 Z] [INFO] [cadence.virtuoso.ade.simulationMonitor] - Notice from spectre during hierarchy flattening.
    The value 'psf' specified for the 'checklimitdest' option will no longer be supported in future releases. Use 'spectre -h' to see other recommended values for the 'checklimitdest' option. {"history": "Interactive.194", "point": 1, "testname": "VT26_TOP_top_tb_TRAN_NOISE_BIO", "cornername": "Nominal"}
[2026-06-10 13:08:33.554 Z] [INFO] [cadence.virtuoso.ade.simulationMonitor] - Peak resident memory used = 348 Mbytes. {"history": "Interactive.194", "point": 1, "testname": "VT26_TOP_top_tb_TRAN_NOISE_BIO", "cornername": "Nominal"}
[2026-06-10 13:08:33.554 Z] [WARN] [cadence.virtuoso.ade.simulationMonitor] -     WARNING (CMI-2425): topsyh_tb.I0.I1|I4|C1(0)_turbo_m11: `Acde' = 2.393 is unusually large. {"history": "Interactive.194", "point": 1, "testname": "VT26_TOP_top_tb_TRAN_NOISE_BIO", "cornername": "Nominal"}
[2026-06-10 13:08:33.555 Z] [WARN] [cadence.virtuoso.ade.simulationMonitor] -     WARNING (CMI-2425): topsyh_tb.I0.I1|I4|C1(0)_turbo_m11: `Noff' = 4.732 is unusually large. {"history": "Interactive.194", "point": 1, "testname": "VT26_TOP_top_tb_TRAN_NOISE_BIO", "cornername": "Nominal"}
[2026-06-10 13:08:33.555 Z] [WARN] [cadence.virtuoso.ade.simulationMonitor] -     WARNING (CMI-2424): topsyh_tb.I0.I1|I4|C1(0)_turbo_m11: `Voffcv' = -867.4e-03 is unusually small. {"history": "Interactive.194", "point": 1, "testname": "VT26_TOP_top_tb_TRAN_NOISE_BIO", "cornername": "Nominal"}
[2026-06-10 13:08:33.555 Z] [WARN] [cadence.virtuoso.ade.simulationMonitor] -     WARNING (CMI-2425): topsyh_tb.I0.I1|I0|C0(0)_turbo_m6: `Acde' = 2.393 is unusually large. {"history": "Interactive.194", "point": 1, "testname": "VT26_TOP_top_tb_TRAN_NOISE_BIO", "cornername": "Nominal"}
[2026-06-10 13:08:33.555 Z] [WARN] [cadence.virtuoso.ade.simulationMonitor] -     WARNING (CMI-2425): topsyh_tb.I0.I1|I0|C0(0)_turbo_m6: `Noff' = 4.732 is unusually large. {"history": "Interactive.194", "point": 1, "testname": "VT26_TOP_top_tb_TRAN_NOISE_BIO", "cornername": "Nominal"}
[2026-06-10 13:08:33.555 Z] [WARN] [cadence.virtuoso.ade.simulationMonitor] -     WARNING (CMI-2424): topsyh_tb.I0.I1|I0|C0(0)_turbo_m6: `Voffcv' = -867.4e-03 is unusually small. {"history": "Interactive.194", "point": 1, "testname": "VT26_TOP_top_tb_TRAN_NOISE_BIO", "cornername": "Nominal"}
[2026-06-10 13:08:33.555 Z] [WARN] [cadence.virtuoso.ade.simulationMonitor] -     WARNING (CMI-2425): topsyh_tb.I0.I1|I3|C1(0)_turbo_m6: `Acde' = 2.393 is unusually large.
        Further occurrences of this warning will be suppressed. {"history": "Interactive.194", "point": 1, "testname": "VT26_TOP_top_tb_TRAN_NOISE_BIO", "cornername": "Nominal"}
[2026-06-10 13:08:33.556 Z] [WARN] [cadence.virtuoso.ade.simulationMonitor] -     WARNING (CMI-2424): topsyh_tb.I0.I1|I3|C1(0)_turbo_m6: `Voffcv' = -867.4e-03 is unusually small. {"history": "Interactive.194", "point": 1, "testname": "VT26_TOP_top_tb_TRAN_NOISE_BIO", "cornername": "Nominal"}
[2026-06-10 13:08:33.556 Z] [INFO] [cadence.virtuoso.ade.simulationMonitor] - Notice from spectre during initial setup.
    The noise for all instances in this netlist has been turned off.
    isnoisy=yes is also defined on instance 'topsyh_tb.I0.I3|I46|RLIB_GC1.R1'.
    isnoisy=yes is also defined on instance 'topsyh_tb.I0.I3|I46|RLIB_GC1.R2'.
    isnoisy=yes is also defined on instance 'topsyh_tb.I0.I29|I26|R1.R1'.
    isnoisy=yes is also defined on instance 'topsyh_tb.I0.I29|I26|R1.R2'.
    isnoisy=yes is also defined on instance 'topsyh_tb.I0.I3|I23|R3.R1'.
        Further occur... {"history": "Interactive.194", "point": 1, "testname": "VT26_TOP_top_tb_TRAN_NOISE_BIO", "cornername": "Nominal"}
[2026-06-10 13:08:33.556 Z] [WARN] [cadence.virtuoso.ade.simulationMonitor] -     WARNING (SPECTRE-4135): Parameter 'isnoisy=no' defined on instance 'topsyh_tb.I0.I1|I3|C1(0)_turbo_m6.ropen1' has been ignored because the 'noiseon_inst' parameter has been specified for the instance. {"history": "Interactive.194", "point": 1, "testname": "VT26_TOP_top_tb_TRAN_NOISE_BIO", "cornername": "Nominal"}
[2026-06-10 13:08:33.556 Z] [WARN] [cadence.virtuoso.ade.simulationMonitor] -     WARNING (SPECTRE-4135): Parameter 'isnoisy=no' defined on instance 'topsyh_tb.I0.I1|I3|C1(0)_turbo_m6.ropen2' has been ignored because the 'noiseon_inst' parameter has been specified for the instance. {"history": "Interactive.194", "point": 1, "testname": "VT26_TOP_top_tb_TRAN_NOISE_BIO", "cornername": "Nominal"}
[2026-06-10 13:08:33.556 Z] [WARN] [cadence.virtuoso.ade.simulationMonitor] -     WARNING (SPECTRE-4135): Parameter 'isnoisy=no' defined on instance 'topsyh_tb.I0.I1|I0|C0(0)_turbo_m6.ropen1' has been ignored because the 'noiseon_inst' parameter has been specified for the instance. {"history": "Interactive.194", "point": 1, "testname": "VT26_TOP_top_tb_TRAN_NOISE_BIO", "cornername": "Nominal"}
[2026-06-10 13:08:38.197 Z] [WARN] [cadence.virtuoso.ade.simulationMonitor] -     WARNING (SPECTRE-4135): Parameter 'isnoisy=no' defined on instance 'topsyh_tb.I0.I1|I0|C0(0)_turbo_m6.ropen2' has been ignored because the 'noiseon_inst' parameter has been specified for the instance. {"history": "Interactive.194", "point": 1, "testname": "VT26_TOP_top_tb_TRAN_NOISE_BIO", "cornername": "Nominal"}
[2026-06-10 13:08:38.197 Z] [WARN] [cadence.virtuoso.ade.simulationMonitor] -     WARNING (SPECTRE-4135): Parameter 'isnoisy=no' defined on instance 'topsyh_tb.I0.I1|I4|C1(0)_turbo_m11.ropen1' has been ignored because the 'noiseon_inst' parameter has been specified for the instance.
        Further occurrences of this warning will be suppressed. {"history": "Interactive.194", "point": 1, "testname": "VT26_TOP_top_tb_TRAN_NOISE_BIO", "cornername": "Nominal"}
[2026-06-10 13:08:38.198 Z] [INFO] [cadence.virtuoso.ade.simulationMonitor] - Notice from spectre during initial setup.
    The noise of the subckt instance `topsyh_tb.I0' is turned on. {"history": "Interactive.194", "point": 1, "testname": "VT26_TOP_top_tb_TRAN_NOISE_BIO", "cornername": "Nominal"}
[2026-06-10 13:08:38.198 Z] [WARN] [cadence.virtuoso.ade.simulationMonitor] -     WARNING (SPECTRE-17607): Assert `SOAC_vert10_vsubpsub' is ignored because it contains an expression which is invalid or not supported by native evaluator.  {"history": "Interactive.194", "point": 1, "testname": "VT26_TOP_top_tb_TRAN_NOISE_BIO", "cornername": "Nominal"}
[2026-06-10 13:08:38.198 Z] [WARN] [cadence.virtuoso.ade.simulationMonitor] -     WARNING (SPECTRE-17607): Assert `SOAC_vert10_vcsub' is ignored because it contains an expression which is invalid or not supported by native evaluator.  {"history": "Interactive.194", "point": 1, "testname": "VT26_TOP_top_tb_TRAN_NOISE_BIO", "cornername": "Nominal"}
[2026-06-10 13:08:38.198 Z] [WARN] [cadence.virtuoso.ade.simulationMonitor] -     WARNING (SPECTRE-17607): Assert `SOAC_rpolyh_vminuspsub' is ignored because it contains an expression which is invalid or not supported by native evaluator.  {"history": "Interactive.194", "point": 1, "testname": "VT26_TOP_top_tb_TRAN_NOISE_BIO", "cornername": "Nominal"}
[2026-06-10 13:08:38.198 Z] [WARN] [cadence.virtuoso.ade.simulationMonitor] -     WARNING (SPECTRE-17607): Assert `SOAC_rpolyh_vpluspsub' is ignored because it contains an expression which is invalid or not supported by native evaluator.  {"history": "Interactive.194", "point": 1, "testname": "VT26_TOP_top_tb_TRAN_NOISE_BIO", "cornername": "Nominal"}
[2026-06-10 13:08:38.199 Z] [WARN] [cadence.virtuoso.ade.simulationMonitor] -     WARNING (SPECTRE-17607): Assert `SOAC_rpoly2_vminuspsub' is ignored because it contains an expression which is invalid or not supported by native evaluator. 
        Further occurrences of this warning will be suppressed. {"history": "Interactive.194", "point": 1, "testname": "VT26_TOP_top_tb_TRAN_NOISE_BIO", "cornername": "Nominal"}
[2026-06-10 13:08:38.199 Z] [WARN] [cadence.virtuoso.ade.simulationMonitor] -     WARNING (SPECTRE-16460): SOAC_cvarm_vspsub:Specified subcircuit master `cvarm' was not found. {"history": "Interactive.194", "point": 1, "testname": "VT26_TOP_top_tb_TRAN_NOISE_BIO", "cornername": "Nominal"}
[2026-06-10 13:08:38.199 Z] [WARN] [cadence.virtuoso.ade.simulationMonitor] -     WARNING (SPECTRE-16462): SOAC_cvarm_vspsub:Error in specification of subcircuit master. Assert is ignored. {"history": "Interactive.194", "point": 1, "testname": "VT26_TOP_top_tb_TRAN_NOISE_BIO", "cornername": "Nominal"}
[2026-06-10 13:08:38.199 Z] [WARN] [cadence.virtuoso.ade.simulationMonitor] -     WARNING (SPECTRE-16460): SOAC_cvarm_vbs:Specified subcircuit master `cvarm' was not found. {"history": "Interactive.194", "point": 1, "testname": "VT26_TOP_top_tb_TRAN_NOISE_BIO", "cornername": "Nominal"}
[2026-06-10 13:08:38.199 Z] [WARN] [cadence.virtuoso.ade.simulationMonitor] -     WARNING (SPECTRE-16462): SOAC_cvarm_vbs:Error in specification of subcircuit master. Assert is ignored. {"history": "Interactive.194", "point": 1, "testname": "VT26_TOP_top_tb_TRAN_NOISE_BIO", "cornername": "Nominal"}
[2026-06-10 13:08:38.200 Z] [WARN] [cadence.virtuoso.ade.simulationMonitor] -     WARNING (SPECTRE-16460): SOAC_cvarm_vgb:Specified subcircuit master `cvarm' was not found. {"history": "Interactive.194", "point": 1, "testname": "VT26_TOP_top_tb_TRAN_NOISE_BIO", "cornername": "Nominal"}
[2026-06-10 13:08:39.200 Z] [WARN] [cadence.virtuoso.ade.simulationMonitor] -     WARNING (SPECTRE-16462): SOAC_cvarm_vgb:Error in specification of subcircuit master. Assert is ignored. {"history": "Interactive.194", "point": 1, "testname": "VT26_TOP_top_tb_TRAN_NOISE_BIO", "cornername": "Nominal"}
[2026-06-10 13:08:39.201 Z] [WARN] [cadence.virtuoso.ade.simulationMonitor] -     WARNING (SPECTRE-16460): SOAC_cvart_vspsub:Specified subcircuit master `cvart' was not found. {"history": "Interactive.194", "point": 1, "testname": "VT26_TOP_top_tb_TRAN_NOISE_BIO", "cornername": "Nominal"}
[2026-06-10 13:08:39.201 Z] [WARN] [cadence.virtuoso.ade.simulationMonitor] -     WARNING (SPECTRE-16462): SOAC_cvart_vspsub:Error in specification of subcircuit master. Assert is ignored. {"history": "Interactive.194", "point": 1, "testname": "VT26_TOP_top_tb_TRAN_NOISE_BIO", "cornername": "Nominal"}
[2026-06-10 13:08:39.201 Z] [WARN] [cadence.virtuoso.ade.simulationMonitor] -     WARNING (SPECTRE-16460): SOAC_cvart_vbs:Specified subcircuit master `cvart' was not found.
        Further occurrences of this warning will be suppressed. {"history": "Interactive.194", "point": 1, "testname": "VT26_TOP_top_tb_TRAN_NOISE_BIO", "cornername": "Nominal"}
[2026-06-10 13:08:39.201 Z] [WARN] [cadence.virtuoso.ade.simulationMonitor] -     WARNING (SPECTRE-16462): SOAC_cvart_vbs:Error in specification of subcircuit master. Assert is ignored.
        Further occurrences of this warning will be suppressed. {"history": "Interactive.194", "point": 1, "testname": "VT26_TOP_top_tb_TRAN_NOISE_BIO", "cornername": "Nominal"}
[2026-06-10 13:08:39.202 Z] [INFO] [cadence.virtuoso.ade.simulationMonitor] - Notice from spectre during topology check.
    Only one connection to the following 9 nodes:
        vdd3rAS!
        vdd3rA!
        vdd3r!
        vdd3oAS!
        vdd3oA!
        Further occurrences of this notice will be suppressed.
    No DC path from node `topsyh_tb.I0.I1|I2|R52.net9' to ground, Gmin installed to provide path.
    No DC path from node `topsyh_tb.I0.I2|I2|R4.net9' to ground, Gmin installed to provide path. {"history": "Interactive.194", "point": 1, "testname": "VT26_TOP_top_tb_TRAN_NOISE_BIO", "cornername": "Nominal"}
[2026-06-10 13:08:42.922 Z] [WARN] [cadence.virtuoso.ade.simulationMonitor] -     WARNING (SPECTRE-592): Following parameters are disabled because they are ignored or redefined in Spectre X:
        Option Parameters:
          iabstol
          reltol
          vabstol
        Tran Parameters:
          errpreset
          maxiters
         {"history": "Interactive.194", "point": 1, "testname": "VT26_TOP_top_tb_TRAN_NOISE_BIO", "cornername": "Nominal"}
[2026-06-10 13:08:42.925 Z] [INFO] [cadence.virtuoso.ade.simulationMonitor] -               nodes 32272 {"history": "Interactive.194", "point": 1, "testname": "VT26_TOP_top_tb_TRAN_NOISE_BIO", "cornername": "Nominal"}
[2026-06-10 13:08:42.925 Z] [INFO] [cadence.virtuoso.ade.simulationMonitor] - Notice from spectre during initial setup.
    2 resistors are shorted because their absolute value is less than or equal to 'rabsshort'. {"history": "Interactive.194", "point": 1, "testname": "VT26_TOP_top_tb_TRAN_NOISE_BIO", "cornername": "Nominal"}
[2026-06-10 13:08:43.427 Z] [INFO] [cadence.virtuoso.ade.simulationMonitor] - Notice from spectre.
    Multithreading enabled: 8 threads in the system with 48 available processors. {"history": "Interactive.194", "point": 1, "testname": "VT26_TOP_top_tb_TRAN_NOISE_BIO", "cornername": "Nominal"}
[2026-06-10 13:08:43.427 Z] [INFO] [cadence.virtuoso.ade.simulationMonitor] - Peak resident memory used = 487 Mbytes. {"history": "Interactive.194", "point": 1, "testname": "VT26_TOP_top_tb_TRAN_NOISE_BIO", "cornername": "Nominal"}
[2026-06-10 13:08:43.428 Z] [INFO] [cadence.virtuoso.ade.simulationMonitor] -    -   (Spectre X) Multi-threading. The recommended number of threads is [8, 16], consider adding +mt=8 or +mt=16 on command line. {"history": "Interactive.194", "point": 1, "testname": "VT26_TOP_top_tb_TRAN_NOISE_BIO", "cornername": "Nominal"}
[2026-06-10 13:08:43.428 Z] [INFO] [cadence.virtuoso.ade.simulationMonitor] - Notice from spectre during transient analysis `tran'.
    No checklimit analysis defined for asserts. A default checklimit analysis 'SpectreChecklimitAnal' has been created with all asserts enabled. {"history": "Interactive.194", "point": 1, "testname": "VT26_TOP_top_tb_TRAN_NOISE_BIO", "cornername": "Nominal"}
[2026-06-10 13:08:45.929 Z] [INFO] [cadence.virtuoso.ade.simulationMonitor] - Notice from spectre during IC analysis, during transient analysis `tran'.
    GminDC = 1 pS is large enough to noticeably affect the DC solution.
        dV(topsyh_tb.I0._net2) = -16.8501 mV
        Use the `gmin_check' option to eliminate or expand this report.
    Bad pivoting is found during DC analysis. Option dc_pivot_check=yes is recommended for possible improvement of convergence. {"history": "Interactive.194", "point": 1, "testname": "VT26_TOP_top_tb_TRAN_NOISE_BIO", "cornername": "Nominal"}
[2026-06-10 13:20:12.740 Z] [WARN] [cadence.virtuoso.ade.simulationMonitor] -     WARNING (CMI-2425): topsyh_tb.I0.I1|I3|C1(0)_dummy: `Acde' = 2.393 is unusually large. {"history": "Interactive.194", "point": 1, "testname": "VT26_TOP_top_tb_TRAN_NOISE_BIO", "cornername": "Nominal"}
[2026-06-10 13:20:12.741 Z] [WARN] [cadence.virtuoso.ade.simulationMonitor] -     WARNING (CMI-2425): topsyh_tb.I0.I1|I3|C1(0)_dummy: `Noff' = 4.732 is unusually large. {"history": "Interactive.194", "point": 1, "testname": "VT26_TOP_top_tb_TRAN_NOISE_BIO", "cornername": "Nominal"}
[2026-06-10 13:20:12.742 Z] [WARN] [cadence.virtuoso.ade.simulationMonitor] -     WARNING (CMI-2424): topsyh_tb.I0.I1|I3|C1(0)_dummy: `Voffcv' = -867.4e-03 is unusually small. {"history": "Interactive.194", "point": 1, "testname": "VT26_TOP_top_tb_TRAN_NOISE_BIO", "cornername": "Nominal"}
[2026-06-10 13:20:12.742 Z] [WARN] [cadence.virtuoso.ade.simulationMonitor] -     WARNING (CMI-2425): topsyh_tb.I0.I1|I0|C0(0)_dummy: `Acde' = 2.393 is unusually large. {"history": "Interactive.194", "point": 1, "testname": "VT26_TOP_top_tb_TRAN_NOISE_BIO", "cornername": "Nominal"}
[2026-06-10 13:20:12.742 Z] [WARN] [cadence.virtuoso.ade.simulationMonitor] -     WARNING (CMI-2425): topsyh_tb.I0.I1|I0|C0(0)_dummy: `Noff' = 4.732 is unusually large. {"history": "Interactive.194", "point": 1, "testname": "VT26_TOP_top_tb_TRAN_NOISE_BIO", "cornername": "Nominal"}
[2026-06-10 13:20:12.742 Z] [WARN] [cadence.virtuoso.ade.simulationMonitor] -     WARNING (CMI-2424): topsyh_tb.I0.I1|I0|C0(0)_dummy: `Voffcv' = -867.4e-03 is unusually small. {"history": "Interactive.194", "point": 1, "testname": "VT26_TOP_top_tb_TRAN_NOISE_BIO", "cornername": "Nominal"}
[2026-06-10 13:20:12.743 Z] [WARN] [cadence.virtuoso.ade.simulationMonitor] -     WARNING (CMI-2425): topsyh_tb.I0.I1|I4|C1(0)_dummy: `Acde' = 2.393 is unusually large.
        Further occurrences of this warning will be suppressed. {"history": "Interactive.194", "point": 1, "testname": "VT26_TOP_top_tb_TRAN_NOISE_BIO", "cornername": "Nominal"}
[2026-06-10 13:20:13.301 Z] [WARN] [cadence.virtuoso.ade.simulationMonitor] -     WARNING (CMI-2424): topsyh_tb.I0.I1|I4|C1(0)_dummy: `Voffcv' = -867.4e-03 is unusually small. {"history": "Interactive.194", "point": 1, "testname": "VT26_TOP_top_tb_TRAN_NOISE_BIO", "cornername": "Nominal"}
[2026-06-10 13:20:13.301 Z] [INFO] [cadence.virtuoso.ade.simulationMonitor] - Notice from spectre at time = 180 ms during transient analysis `tran'.
    1 warning suppressed. {"history": "Interactive.194", "point": 1, "testname": "VT26_TOP_top_tb_TRAN_NOISE_BIO", "cornername": "Nominal"}
[2026-06-10 13:20:59.827 Z] [INFO] [cadence.virtuoso.ade.simulationMonitor] - Memory Usage - Current physical: 858.1M, Current virtual: 1124.3M, Peak physical: 858.1M {"history": "Interactive.194", "point": 1, "testname": "VT26_TOP_top_tb_TRAN_NOISE_BIO", "cornername": "Nominal"}
[2026-06-10 13:20:59.828 Z] [INFO] [cadence.virtuoso.ade.simulationMonitor] - CPU Usage - 6.8s system + 14.3s user = 21.1s total (2.7% cpu) {"history": "Interactive.194", "point": 1, "testname": "VT26_TOP_top_tb_TRAN_NOISE_BIO", "cornername": "Nominal"}
[2026-06-10 13:21:00.328 Z] [INFO] [cadence.virtuoso.ade.simulationMonitor] - Total time required for tran analysis `tran': CPU = 5.57139 ks (1h 32m 51s), elapsed = 736.768 s (12m  16.8s), util. = 756%. {"history": "Interactive.194", "point": 1, "testname": "VT26_TOP_top_tb_TRAN_NOISE_BIO", "cornername": "Nominal"}
[2026-06-10 13:21:00.329 Z] [INFO] [cadence.virtuoso.ade.simulationMonitor] - Peak resident memory used = 673 Mbytes. {"history": "Interactive.194", "point": 1, "testname": "VT26_TOP_top_tb_TRAN_NOISE_BIO", "cornername": "Nominal"}
[2026-06-10 13:21:00.330 Z] [WARN] [cadence.virtuoso.ade.simulationMonitor] -     WARNING (CMI-2425): topsyh_tb.I0.I1|I3|C1(0)_dummy: `Acde' = 2.393 is unusually large. {"history": "Interactive.194", "point": 1, "testname": "VT26_TOP_top_tb_TRAN_NOISE_BIO", "cornername": "Nominal"}
[2026-06-10 13:21:00.330 Z] [WARN] [cadence.virtuoso.ade.simulationMonitor] -     WARNING (CMI-2425): topsyh_tb.I0.I1|I3|C1(0)_dummy: `Noff' = 4.732 is unusually large. {"history": "Interactive.194", "point": 1, "testname": "VT26_TOP_top_tb_TRAN_NOISE_BIO", "cornername": "Nominal"}
[2026-06-10 13:21:00.330 Z] [WARN] [cadence.virtuoso.ade.simulationMonitor] -     WARNING (CMI-2424): topsyh_tb.I0.I1|I3|C1(0)_dummy: `Voffcv' = -867.4e-03 is unusually small. {"history": "Interactive.194", "point": 1, "testname": "VT26_TOP_top_tb_TRAN_NOISE_BIO", "cornername": "Nominal"}
[2026-06-10 13:21:00.330 Z] [WARN] [cadence.virtuoso.ade.simulationMonitor] -     WARNING (CMI-2425): topsyh_tb.I0.I1|I0|C0(0)_dummy: `Acde' = 2.393 is unusually large. {"history": "Interactive.194", "point": 1, "testname": "VT26_TOP_top_tb_TRAN_NOISE_BIO", "cornername": "Nominal"}
[2026-06-10 13:21:00.330 Z] [WARN] [cadence.virtuoso.ade.simulationMonitor] -     WARNING (CMI-2425): topsyh_tb.I0.I1|I0|C0(0)_dummy: `Noff' = 4.732 is unusually large. {"history": "Interactive.194", "point": 1, "testname": "VT26_TOP_top_tb_TRAN_NOISE_BIO", "cornername": "Nominal"}
[2026-06-10 13:21:00.331 Z] [WARN] [cadence.virtuoso.ade.simulationMonitor] -     WARNING (CMI-2424): topsyh_tb.I0.I1|I0|C0(0)_dummy: `Voffcv' = -867.4e-03 is unusually small. {"history": "Interactive.194", "point": 1, "testname": "VT26_TOP_top_tb_TRAN_NOISE_BIO", "cornername": "Nominal"}
[2026-06-10 13:21:00.331 Z] [WARN] [cadence.virtuoso.ade.simulationMonitor] -     WARNING (CMI-2425): topsyh_tb.I0.I1|I4|C1(0)_dummy: `Acde' = 2.393 is unusually large.
        Further occurrences of this warning will be suppressed. {"history": "Interactive.194", "point": 1, "testname": "VT26_TOP_top_tb_TRAN_NOISE_BIO", "cornername": "Nominal"}
[2026-06-10 13:21:00.331 Z] [WARN] [cadence.virtuoso.ade.simulationMonitor] -     WARNING (CMI-2424): topsyh_tb.I0.I1|I4|C1(0)_dummy: `Voffcv' = -867.4e-03 is unusually small. {"history": "Interactive.194", "point": 1, "testname": "VT26_TOP_top_tb_TRAN_NOISE_BIO", "cornername": "Nominal"}
[2026-06-10 13:21:00.331 Z] [INFO] [cadence.virtuoso.ade.simulationMonitor] - Notice from spectre.
    1 warning suppressed. {"history": "Interactive.194", "point": 1, "testname": "VT26_TOP_top_tb_TRAN_NOISE_BIO", "cornername": "Nominal"}
[2026-06-10 13:21:00.832 Z] [INFO] [cadence.virtuoso.ade.simulationMonitor] - Time used: CPU = 5.59 ks (1h 33m 11s), elapsed = 754 s (12m  33.6s), util. = 742%. {"history": "Interactive.194", "point": 1, "testname": "VT26_TOP_top_tb_TRAN_NOISE_BIO", "cornername": "Nominal"}
[2026-06-10 13:21:00.832 Z] [INFO] [cadence.virtuoso.ade.simulationMonitor] - Time spent in licensing: elapsed = 113 ms. {"history": "Interactive.194", "point": 1, "testname": "VT26_TOP_top_tb_TRAN_NOISE_BIO", "cornername": "Nominal"}
[2026-06-10 13:21:00.834 Z] [INFO] [cadence.virtuoso.ade.simulationMonitor] - Peak memory used = 673 Mbytes. {"history": "Interactive.194", "point": 1, "testname": "VT26_TOP_top_tb_TRAN_NOISE_BIO", "cornername": "Nominal"}
[2026-06-10 13:21:00.835 Z] [PROCESS] [cadence.virtuoso.ade.simulationMonitor] - Simulation started at: 1:08:26 PM, Wed Jun 10, 2026, ended at: 1:21:00 PM, Wed Jun 10, 2026, with elapsed time (wall clock): 754 s (12m  33.6s). {"history": "Interactive.194", "point": 1, "testname": "VT26_TOP_top_tb_TRAN_NOISE_BIO", "cornername": "Nominal"}
[2026-06-10 13:21:00.835 Z] [PROCESS] [cadence.virtuoso.ade.simulationMonitor] - spectre completes with 0 errors, 71 warnings, and 32 notices. {"history": "Interactive.194", "point": 1, "testname": "VT26_TOP_top_tb_TRAN_NOISE_BIO", "cornername": "Nominal"}
[2026-06-10 13:21:00.835 Z] [INFO] [cadence.virtuoso.ade.simulationMonitor] - xmsim: Memory Usage - Final: 855.1M, Peak: 858.3M, Peak virtual: 1184.8M {"history": "Interactive.194", "point": 1, "testname": "VT26_TOP_top_tb_TRAN_NOISE_BIO", "cornername": "Nominal"}
[2026-06-10 13:21:00.835 Z] [INFO] [cadence.virtuoso.ade.simulationMonitor] - xmsim: CPU Usage - 99.1s system + 5515.0s user = 5614.1s total (767.6s, 100.0% cpu) {"history": "Interactive.194", "point": 1, "testname": "VT26_TOP_top_tb_TRAN_NOISE_BIO", "cornername": "Nominal"}
[2026-06-10 13:21:00.836 Z] [PROCESS] [cadence.virtuoso.ade.simulationMonitor] - Finished simulating for one point {"hostname": "il2244vt26_hrahimi", "processid": 4090894, "history": "Interactive.194", "testname": "VT26_TOP_top_tb_TRAN_NOISE_BIO", "cornername": "Nominal", "point": 1, "logfile": "/home/hrahimi/projects/POTENTIOSTAT_26/logs_hrahimi/logs0/Job25.log", "simid": "1"}
[2026-06-10 13:21:00.836 Z] [PROCESS] [cadence.virtuoso.ade.simulationMonitor] - Simulator exited {"hostname": "il2244vt26_hrahimi", "processid": 4090894, "history": "Interactive.194", "testname": "VT26_TOP_top_tb_TRAN_NOISE_BIO", "cornername": "Nominal", "point": 1, "logfile": "/home/hrahimi/projects/POTENTIOSTAT_26/logs_hrahimi/logs0/Job25.log", "exitStatus": "0"}
[2026-06-10 13:21:00.836 Z] [PROCESS] [cadence.virtuoso.ade.simulationMonitor] - Finished Simulation {"hostname": "il2244vt26_hrahimi", "processid": 4090894, "history": "Interactive.194", "testname": "VT26_TOP_top_tb_TRAN_NOISE_BIO", "cornername": "Nominal", "point": 1, "logfile": "/home/hrahimi/projects/POTENTIOSTAT_26/logs_hrahimi/logs0/Job25.log", "simid": "1"}
[2026-06-10 13:21:00.842 Z] [PROCESS] [cadence.virtuoso.ade.simulationMonitor] - Expression evaluator launched {"hostname": "il2244vt26_hrahimi", "processid": 4090894, "history": "Interactive.194", "testname": "VT26_TOP_top_tb_TRAN_NOISE_BIO", "cornername": "Nominal", "point": 1, "logfile": "/home/hrahimi/projects/POTENTIOSTAT_26/logs_hrahimi/logs0/Job25.log"}
[2026-06-10 13:21:18.862 Z] [PROCESS] [cadence.virtuoso.ade.simulationMonitor] - Point Finished {"hostname": "il2244vt26_hrahimi", "processid": 4090894, "history": "Interactive.194", "testname": "VT26_TOP_top_tb_TRAN_NOISE_BIO", "cornername": "Nominal", "point": 1, "logfile": "/home/hrahimi/projects/POTENTIOSTAT_26/logs_hrahimi/logs0/Job25.log"}
[2026-06-10 13:21:19.871 Z] [PROCESS] [cadence.virtuoso.ade.simulationMonitor] - Stay with the runId '20', Linger time '300', currentRunSyn '41', currentTestSyn '42' {"hostname": "il2244vt26_hrahimi", "processid": 4090894, "history": "Interactive.194", "testname": "VT26_TOP_top_tb_TRAN_NOISE_BIO", "cornername": "Nominal", "point": 1, "logfile": "/home/hrahimi/projects/POTENTIOSTAT_26/logs_hrahimi/logs0/Job25.log"}
[2026-06-10 13:21:20.873 Z] [PROCESS] [cadence.virtuoso.ade.simulationMonitor] - Stay with the runId '20', Linger time '300', currentRunSyn '41', currentTestSyn '42' {"hostname": "il2244vt26_hrahimi", "processid": 4090894, "history": "Interactive.194", "testname": "VT26_TOP_top_tb_TRAN_NOISE_BIO", "cornername": "Nominal", "point": 1, "logfile": "/home/hrahimi/projects/POTENTIOSTAT_26/logs_hrahimi/logs0/Job25.log"}
[2026-06-10 13:25:42.281 Z] [PROCESS] [cadence.virtuoso.ade.simulationMonitor] - get signal Terminated<15> from user:hrahimi, which pid:4090892:/opt/tools/cadence/installs/IC618/tools/bin/64bit/cdsServIpc {"hostname": "il2244vt26_hrahimi", "processid": 4090894, "history": "Interactive.194", "testname": "VT26_TOP_top_tb_TRAN_NOISE_BIO", "cornername": "Nominal", "point": 1, "logfile": "/home/hrahimi/projects/POTENTIOSTAT_26/logs_hrahimi/logs0/Job25.log", "signal": "15", "signalName": "Terminated", "which": "/opt/tools/cadence/installs/IC618/tools/bin/64bit/cdsServIpc", "pid": "4090892", "user": "hrahimi", "uid": "1000"}
[2026-06-10 13:25:42.282 Z] [INFO] [cadence.virtuoso.ade.simulationMonitor] - SimulationMonitor has terminated the  process '4090934', reason: 'simulationMonitor is handling signal 15' {"history": "Interactive.194", "point": 1, "testname": "VT26_TOP_top_tb_TRAN_NOISE_BIO", "cornername": "Nominal"}
