[Simulation Monitor: 30]
[2026-06-03 14:57:39.743 Z] [PROCESS] [cadence.virtuoso.ade.simulationMonitor] - Simulation Monitor has successfully started up. Trying to set up communication channels to other components ... {"hostname": "il2244vt26_hrahimi", "processid": 2598419, "logfile": "/home/hrahimi/projects/POTENTIOSTAT_26/logs_hrahimi/logs0/Job30.log"}
[2026-06-03 14:57:39.743 Z] [PROCESS] [cadence.virtuoso.ade.simulationMonitor] - Communication channels have been successfully set up. Start processing events ... {"hostname": "il2244vt26_hrahimi", "processid": 2598419, "logfile": "/home/hrahimi/projects/POTENTIOSTAT_26/logs_hrahimi/logs0/Job30.log"}
[2026-06-03 14:57:39.744 Z] [PROCESS] [cadence.virtuoso.ade.simulationMonitor] - Considering to start history {"hostname": "il2244vt26_hrahimi", "processid": 2598419, "history": "Interactive.367", "logfile": "/home/hrahimi/projects/POTENTIOSTAT_26/logs_hrahimi/logs0/Job30.log"}
[2026-06-03 14:57:40.750 Z] [PROCESS] [cadence.virtuoso.ade.simulationMonitor] - HostInfo:
Host name (type):	il2244vt26_hrahimi (x86_64)
Operating system:	Linux 5.15.0-164-generic #174-Ubuntu SMP Fri Nov 14 20:25:16 UTC 2025 {"hostname": "il2244vt26_hrahimi", "processid": 2598419, "history": "Interactive.367", "logfile": "/home/hrahimi/projects/POTENTIOSTAT_26/logs_hrahimi/logs0/Job30.log", "nodename": "il2244vt26_hrahimi", "domainname": "(none)", "machine": "x86_64", "sysname": "Linux", "release": "5.15.0-164-generic", "version": "#174-Ubuntu SMP Fri Nov 14 20:25:16 UTC 2025"}
[2026-06-03 14:57:40.751 Z] [PROCESS] [cadence.virtuoso.ade.simulationMonitor] - UsageInfo:
pid=2598419
totalPhysicalMemory=3023.749672GB,Used=2665.418793GB,totalVirtualMemory=3031.749668GB,Used=2665.525238GB
Cpu: Cores=48, Load average:7.460000,6.660000,6.820000 {"hostname": "il2244vt26_hrahimi", "processid": 2598419, "history": "Interactive.367", "logfile": "/home/hrahimi/projects/POTENTIOSTAT_26/logs_hrahimi/logs0/Job30.log", "pid": "2598419", "totalPhysicalMemory": "3023.749672", "physicalMemoryUsed": "2665.418793", "totalVirtualMemory": "3031.749668", "virtualMemoryUsed": "2665.525238", "cpuCores": "48", "processes": "29513", "loadAverage1": "7.460000", "loadAverage5": "6.660000", "loadAverage15": "6.820000", "loadAverage1Percent": "0.155417"}
[2026-06-03 14:57:40.754 Z] [EVENT] [cadence.virtuoso.ade.simulationMonitor] - NewPoint {"history": "Interactive.367", "point": 1, "testname": "PTAT_MC", "cornername": "Nominal", "event": "NewPoint", "EventSource": "Simulation Monitor", "HistoryName": "Interactive.367", "logFile": "/home/hrahimi/projects/POTENTIOSTAT_26/logs_hrahimi/logs0/Job30.log", "logFileSize": "2282"}
[2026-06-03 14:57:40.856 Z] [EVENT] [cadence.virtuoso.ade.simulationMonitor] - NewPoint {"history": "Interactive.367", "point": 1, "testname": "PTAT_MC", "cornername": "Nominal", "event": "NewPoint", "EventSource": "spectre", "HistoryName": "Interactive.367", "logFile": "/home/hrahimi/projects/POTENTIOSTAT_26/Sim/Potentiostat_Top/top/maestro/results/maestro/Interactive.367/1/PTAT_MC/psf/spectre.out", "logFileSize": "-1"}
[2026-06-03 14:57:41.392 Z] [PROCESS] [cadence.virtuoso.ade.simulationMonitor] - Simulator launched {"hostname": "il2244vt26_hrahimi", "processid": 2598419, "history": "Interactive.367", "testname": "PTAT_MC", "cornername": "Nominal", "point": 1, "logfile": "/home/hrahimi/projects/POTENTIOSTAT_26/logs_hrahimi/logs0/Job30.log", "simid": "1"}
[2026-06-03 14:57:41.396 Z] [PROCESS] [cadence.virtuoso.ade.simulationMonitor] - Expression evaluator launched {"hostname": "il2244vt26_hrahimi", "processid": 2598419, "history": "Interactive.367", "testname": "PTAT_MC", "cornername": "Nominal", "point": 1, "logfile": "/home/hrahimi/projects/POTENTIOSTAT_26/logs_hrahimi/logs0/Job30.log"}
[2026-06-03 14:57:41.464 Z] [PROCESS] [cadence.virtuoso.ade.simulationMonitor] - Started Simulation {"hostname": "il2244vt26_hrahimi", "processid": 2598419, "history": "Interactive.367", "testname": "PTAT_MC", "cornername": "Nominal", "point": 1, "logfile": "/home/hrahimi/projects/POTENTIOSTAT_26/logs_hrahimi/logs0/Job30.log", "event": "started", "task": "simulation"}
[2026-06-03 14:57:42.466 Z] [WARN] [cadence.virtuoso.ade.simulationMonitor] -     WARNING (SPECTRE-691): This CPU processor does not support x86 advanced vector extensions instructions. This may affect math operations and slow down the simulation. {"history": "Interactive.367", "point": 1, "testname": "PTAT_MC", "cornername": "Nominal"}
[2026-06-03 14:57:42.466 Z] [INFO] [cadence.virtuoso.ade.simulationMonitor] - Notice from spectre during circuit read-in.
    Pre_Configuration file used: /opt/tools/cadence/installs/SPECTRE241/tools.lnx86/spectre/etc/configs/preset.precfg
    Configuration file used: `/opt/tools/cadence/installs/SPECTRE241/tools.lnx86/spectre/etc/configs/preset.cfg'. {"history": "Interactive.367", "point": 1, "testname": "PTAT_MC", "cornername": "Nominal"}
[2026-06-03 14:57:42.466 Z] [WARN] [cadence.virtuoso.ade.simulationMonitor] -     WARNING (SPECTRE-8360): line 1511: `ac' is an undefined primitive device. {"history": "Interactive.367", "point": 1, "testname": "PTAT_MC", "cornername": "Nominal"}
[2026-06-03 14:57:42.467 Z] [WARN] [cadence.virtuoso.ade.simulationMonitor] -     WARNING (SPECTRE-8360): line 1512: `ac' is an undefined primitive device. {"history": "Interactive.367", "point": 1, "testname": "PTAT_MC", "cornername": "Nominal"}
[2026-06-03 14:57:42.467 Z] [WARN] [cadence.virtuoso.ade.simulationMonitor] -     WARNING (SPECTRE-8360): line 1513: `ac' is an undefined primitive device. {"history": "Interactive.367", "point": 1, "testname": "PTAT_MC", "cornername": "Nominal"}
[2026-06-03 14:57:42.467 Z] [WARN] [cadence.virtuoso.ade.simulationMonitor] -     WARNING (SPECTRE-8360): line 1514: `ac' is an undefined primitive device. {"history": "Interactive.367", "point": 1, "testname": "PTAT_MC", "cornername": "Nominal"}
[2026-06-03 14:57:42.467 Z] [WARN] [cadence.virtuoso.ade.simulationMonitor] -     WARNING (SPECTRE-8360): line 1515: `ac' is an undefined primitive device.
        Further occurrences of this warning will be suppressed. {"history": "Interactive.367", "point": 1, "testname": "PTAT_MC", "cornername": "Nominal"}
[2026-06-03 14:57:42.467 Z] [WARN] [cadence.virtuoso.ade.simulationMonitor] -     WARNING (VACOMP-2435): The environment variable CDS_AHDLCMI_ENABLE is no longer supported. Therefore, the simulator will use the default compiled C code flow. {"history": "Interactive.367", "point": 1, "testname": "PTAT_MC", "cornername": "Nominal"}
[2026-06-03 14:57:42.968 Z] [INFO] [cadence.virtuoso.ade.simulationMonitor] - Peak resident memory used = 198 Mbytes. {"history": "Interactive.367", "point": 1, "testname": "PTAT_MC", "cornername": "Nominal"}
[2026-06-03 14:57:42.968 Z] [WARN] [cadence.virtuoso.ade.simulationMonitor] -     WARNING (SFE-2649): Terminals of top-level instance `R50', in file`netlist', at line 1168, are connected. Remove the instance and rerun the simulation. {"history": "Interactive.367", "point": 1, "testname": "PTAT_MC", "cornername": "Nominal"}
[2026-06-03 14:57:42.968 Z] [WARN] [cadence.virtuoso.ade.simulationMonitor] -     WARNING (SFE-2649): Terminals of top-level instance `R48', in file`netlist', at line 1211, are connected. Remove the instance and rerun the simulation. {"history": "Interactive.367", "point": 1, "testname": "PTAT_MC", "cornername": "Nominal"}
[2026-06-03 14:57:43.469 Z] [WARN] [cadence.virtuoso.ade.simulationMonitor] -     WARNING (SFE-3027): The dangling resistor I2.rb144 is removed. {"history": "Interactive.367", "point": 1, "testname": "PTAT_MC", "cornername": "Nominal"}
[2026-06-03 14:57:43.469 Z] [WARN] [cadence.virtuoso.ade.simulationMonitor] -     WARNING (SFE-3027): The dangling resistor I2.rb241 is removed. {"history": "Interactive.367", "point": 1, "testname": "PTAT_MC", "cornername": "Nominal"}
[2026-06-03 14:57:43.470 Z] [WARN] [cadence.virtuoso.ade.simulationMonitor] -     WARNING (SFE-3027): The dangling resistor I2.rb613 is removed. {"history": "Interactive.367", "point": 1, "testname": "PTAT_MC", "cornername": "Nominal"}
[2026-06-03 14:57:43.470 Z] [WARN] [cadence.virtuoso.ade.simulationMonitor] -     WARNING (SFE-3027): The dangling resistor I2.rd794 is removed. {"history": "Interactive.367", "point": 1, "testname": "PTAT_MC", "cornername": "Nominal"}
[2026-06-03 14:57:43.470 Z] [WARN] [cadence.virtuoso.ade.simulationMonitor] -     WARNING (SFE-3012): The dummy device I0.I16.DLIB9 is removed. {"history": "Interactive.367", "point": 1, "testname": "PTAT_MC", "cornername": "Nominal"}
[2026-06-03 14:57:43.470 Z] [WARN] [cadence.virtuoso.ade.simulationMonitor] -     WARNING (SFE-3012): The dummy device I0.I15.DLIB9 is removed. {"history": "Interactive.367", "point": 1, "testname": "PTAT_MC", "cornername": "Nominal"}
[2026-06-03 14:57:43.470 Z] [WARN] [cadence.virtuoso.ade.simulationMonitor] -     WARNING (SFE-3012): The dummy device I0.I0.DLIB6 is removed. {"history": "Interactive.367", "point": 1, "testname": "PTAT_MC", "cornername": "Nominal"}
[2026-06-03 14:57:43.470 Z] [WARN] [cadence.virtuoso.ade.simulationMonitor] -     WARNING (SFE-3012): The dummy device I7.I2.MP12<0>_turbo_m34 is removed. {"history": "Interactive.367", "point": 1, "testname": "PTAT_MC", "cornername": "Nominal"}
[2026-06-03 14:57:43.471 Z] [WARN] [cadence.virtuoso.ade.simulationMonitor] -     WARNING (SFE-3012): The dummy device I0.I16.DLIB10 is removed.
        Further occurrences of this warning will be suppressed. {"history": "Interactive.367", "point": 1, "testname": "PTAT_MC", "cornername": "Nominal"}
[2026-06-03 14:57:43.471 Z] [WARN] [cadence.virtuoso.ade.simulationMonitor] -     WARNING (SFE-3029): The dummy capacitor I7.I0.R3.CS1 is removed. {"history": "Interactive.367", "point": 1, "testname": "PTAT_MC", "cornername": "Nominal"}
[2026-06-03 14:57:43.471 Z] [WARN] [cadence.virtuoso.ade.simulationMonitor] -     WARNING (SFE-3027): The dangling resistor I2.re2693 is removed.
        Further occurrences of this warning will be suppressed. {"history": "Interactive.367", "point": 1, "testname": "PTAT_MC", "cornername": "Nominal"}
[2026-06-03 14:57:43.471 Z] [WARN] [cadence.virtuoso.ade.simulationMonitor] -     WARNING (SFE-3029): The dummy capacitor I7.I13_turbo_m5.C0.C1 is removed. {"history": "Interactive.367", "point": 1, "testname": "PTAT_MC", "cornername": "Nominal"}
[2026-06-03 14:57:43.471 Z] [WARN] [cadence.virtuoso.ade.simulationMonitor] -     WARNING (SFE-3029): The dummy capacitor I7.I10_turbo_m4.C0.C1 is removed. {"history": "Interactive.367", "point": 1, "testname": "PTAT_MC", "cornername": "Nominal"}
[2026-06-03 14:57:43.472 Z] [WARN] [cadence.virtuoso.ade.simulationMonitor] -     WARNING (SFE-3029): The dummy capacitor I7.I1.R2.CS1 is removed. {"history": "Interactive.367", "point": 1, "testname": "PTAT_MC", "cornername": "Nominal"}
[2026-06-03 14:57:43.472 Z] [WARN] [cadence.virtuoso.ade.simulationMonitor] -     WARNING (SFE-3028): The floating resistor R8 is removed. {"history": "Interactive.367", "point": 1, "testname": "PTAT_MC", "cornername": "Nominal"}
[2026-06-03 14:57:43.472 Z] [WARN] [cadence.virtuoso.ade.simulationMonitor] -     WARNING (SFE-3029): The dummy capacitor I7.I4.R31.CS1 is removed.
        Further occurrences of this warning will be suppressed. {"history": "Interactive.367", "point": 1, "testname": "PTAT_MC", "cornername": "Nominal"}
[2026-06-03 14:57:43.472 Z] [WARN] [cadence.virtuoso.ade.simulationMonitor] -     WARNING (SFE-3015): The dangling node I2.210\:GNDA is removed. {"history": "Interactive.367", "point": 1, "testname": "PTAT_MC", "cornername": "Nominal"}
[2026-06-03 14:57:43.472 Z] [WARN] [cadence.virtuoso.ade.simulationMonitor] -     WARNING (SFE-3015): The dangling node I2.222\:POT_OUT is removed. {"history": "Interactive.367", "point": 1, "testname": "PTAT_MC", "cornername": "Nominal"}
[2026-06-03 14:57:43.473 Z] [WARN] [cadence.virtuoso.ade.simulationMonitor] -     WARNING (SFE-3015): The dangling node I2.13\:I25|I35|SN is removed. {"history": "Interactive.367", "point": 1, "testname": "PTAT_MC", "cornername": "Nominal"}
[2026-06-03 14:57:43.473 Z] [WARN] [cadence.virtuoso.ade.simulationMonitor] -     WARNING (SFE-3015): The dangling node I2.29\:Calib_EN is removed. {"history": "Interactive.367", "point": 1, "testname": "PTAT_MC", "cornername": "Nominal"}
[2026-06-03 14:57:43.473 Z] [WARN] [cadence.virtuoso.ade.simulationMonitor] -     WARNING (SFE-3015): The dangling node I2.693\:VPI is removed.
        Further occurrences of this warning will be suppressed. {"history": "Interactive.367", "point": 1, "testname": "PTAT_MC", "cornername": "Nominal"}
[2026-06-03 14:57:43.473 Z] [WARN] [cadence.virtuoso.ade.simulationMonitor] -     WARNING (SFE-3016): The floating node net74 is removed. {"history": "Interactive.367", "point": 1, "testname": "PTAT_MC", "cornername": "Nominal"}
[2026-06-03 14:57:43.473 Z] [WARN] [cadence.virtuoso.ade.simulationMonitor] -     WARNING (SFE-3016): The floating node net73 is removed. {"history": "Interactive.367", "point": 1, "testname": "PTAT_MC", "cornername": "Nominal"}
[2026-06-03 14:57:43.473 Z] [INFO] [cadence.virtuoso.ade.simulationMonitor] - Notice from spectre during hierarchy flattening.
    Spectre X Parasitic Optimization enabled.
    Parasitic optimization will filter out parasitic nodes, nodes only connected to RCs, by default. To view individual parasitic nodes use individual save statements (i.e. save out), or use the 'savefilter=none' option to save all parasitic nodes. Saving all parasitic nodes may slow down simulation and create large waveform files. {"history": "Interactive.367", "point": 1, "testname": "PTAT_MC", "cornername": "Nominal"}
[2026-06-03 14:57:43.474 Z] [INFO] [cadence.virtuoso.ade.simulationMonitor] - Peak resident memory used = 225 Mbytes. {"history": "Interactive.367", "point": 1, "testname": "PTAT_MC", "cornername": "Nominal"}
[2026-06-03 14:57:43.474 Z] [INFO] [cadence.virtuoso.ade.simulationMonitor] - Notice from spectre during hierarchy flattening.
    The value 'psf' specified for the 'checklimitdest' option will no longer be supported in future releases. Use 'spectre -h' to see other recommended values for the 'checklimitdest' option.
    I0.I46.RLIB_GC1.CS0 of rpoly1c: `c' has the unusually small value of 634.694e-21 F.
    I0.I46.RLIB_GC1.CS1 of rpoly1c: `c' has the unusually small value of 634.694e-21 F.
    I0.I45.RLIB_GC1.CS0 of rpoly1c: `c' has the unusually small value of 634.694e-21 F.
    I0... {"history": "Interactive.367", "point": 1, "testname": "PTAT_MC", "cornername": "Nominal"}
[2026-06-03 14:57:43.975 Z] [INFO] [cadence.virtuoso.ade.simulationMonitor] - Notice from spectre during hierarchy flattening.
    V8: `period' has the unusually large value of 100 s.
    V7: `period' has the unusually large value of 10 s.
    V3: `period' has the unusually large value of 6 s.
    I26: `period' has the unusually large value of 6 s. {"history": "Interactive.367", "point": 1, "testname": "PTAT_MC", "cornername": "Nominal"}
[2026-06-03 14:57:43.975 Z] [INFO] [cadence.virtuoso.ade.simulationMonitor] - Peak resident memory used = 237 Mbytes. {"history": "Interactive.367", "point": 1, "testname": "PTAT_MC", "cornername": "Nominal"}
[2026-06-03 14:57:43.975 Z] [WARN] [cadence.virtuoso.ade.simulationMonitor] -     WARNING (CMI-2425): I2.I56|C3: `Acde' = 2.393 is unusually large. {"history": "Interactive.367", "point": 1, "testname": "PTAT_MC", "cornername": "Nominal"}
[2026-06-03 14:57:43.976 Z] [WARN] [cadence.virtuoso.ade.simulationMonitor] -     WARNING (CMI-2425): I2.I56|C3: `Noff' = 4.732 is unusually large. {"history": "Interactive.367", "point": 1, "testname": "PTAT_MC", "cornername": "Nominal"}
[2026-06-03 14:57:43.976 Z] [WARN] [cadence.virtuoso.ade.simulationMonitor] -     WARNING (CMI-2424): I2.I56|C3: `Voffcv' = -867.4e-03 is unusually small. {"history": "Interactive.367", "point": 1, "testname": "PTAT_MC", "cornername": "Nominal"}
[2026-06-03 14:57:43.976 Z] [WARN] [cadence.virtuoso.ade.simulationMonitor] -     WARNING (CMI-2425): I2.I56|C4: `Acde' = 2.393 is unusually large. {"history": "Interactive.367", "point": 1, "testname": "PTAT_MC", "cornername": "Nominal"}
[2026-06-03 14:57:43.976 Z] [WARN] [cadence.virtuoso.ade.simulationMonitor] -     WARNING (CMI-2425): I2.I56|C4: `Noff' = 4.732 is unusually large. {"history": "Interactive.367", "point": 1, "testname": "PTAT_MC", "cornername": "Nominal"}
[2026-06-03 14:57:43.976 Z] [WARN] [cadence.virtuoso.ade.simulationMonitor] -     WARNING (CMI-2424): I2.I56|C4: `Voffcv' = -867.4e-03 is unusually small. {"history": "Interactive.367", "point": 1, "testname": "PTAT_MC", "cornername": "Nominal"}
[2026-06-03 14:57:43.977 Z] [WARN] [cadence.virtuoso.ade.simulationMonitor] -     WARNING (CMI-2425): I2.I56|C5: `Acde' = 2.393 is unusually large.
        Further occurrences of this warning will be suppressed. {"history": "Interactive.367", "point": 1, "testname": "PTAT_MC", "cornername": "Nominal"}
[2026-06-03 14:57:43.977 Z] [WARN] [cadence.virtuoso.ade.simulationMonitor] -     WARNING (CMI-2424): I2.I56|C5: `Voffcv' = -867.4e-03 is unusually small. {"history": "Interactive.367", "point": 1, "testname": "PTAT_MC", "cornername": "Nominal"}
[2026-06-03 14:57:43.977 Z] [WARN] [cadence.virtuoso.ade.simulationMonitor] -     WARNING (CMI-2424): I7.I4.C1<0>_turbo_m11: `Voffcv' = -867.4e-03 is unusually small. {"history": "Interactive.367", "point": 1, "testname": "PTAT_MC", "cornername": "Nominal"}
[2026-06-03 14:57:43.977 Z] [WARN] [cadence.virtuoso.ade.simulationMonitor] -     WARNING (CMI-2424): I7.I3.C1<0>_turbo_m6: `Voffcv' = -867.4e-03 is unusually small.
        Further occurrences of this warning will be suppressed. {"history": "Interactive.367", "point": 1, "testname": "PTAT_MC", "cornername": "Nominal"}
[2026-06-03 14:57:44.478 Z] [WARN] [cadence.virtuoso.ade.simulationMonitor] -     WARNING (SPECTRE-17607): Assert `SOAC_vert10_vsubpsub' is ignored because it contains an expression which is invalid or not supported by native evaluator.  {"history": "Interactive.367", "point": 1, "testname": "PTAT_MC", "cornername": "Nominal"}
[2026-06-03 14:57:44.478 Z] [WARN] [cadence.virtuoso.ade.simulationMonitor] -     WARNING (SPECTRE-17607): Assert `SOAC_vert10_vcsub' is ignored because it contains an expression which is invalid or not supported by native evaluator.  {"history": "Interactive.367", "point": 1, "testname": "PTAT_MC", "cornername": "Nominal"}
[2026-06-03 14:57:44.478 Z] [WARN] [cadence.virtuoso.ade.simulationMonitor] -     WARNING (SPECTRE-16460): SOAC_cvarm_vspsub:Specified subcircuit master `cvarm' was not found. {"history": "Interactive.367", "point": 1, "testname": "PTAT_MC", "cornername": "Nominal"}
[2026-06-03 14:57:44.479 Z] [WARN] [cadence.virtuoso.ade.simulationMonitor] -     WARNING (SPECTRE-16462): SOAC_cvarm_vspsub:Error in specification of subcircuit master. Assert is ignored. {"history": "Interactive.367", "point": 1, "testname": "PTAT_MC", "cornername": "Nominal"}
[2026-06-03 14:57:44.479 Z] [WARN] [cadence.virtuoso.ade.simulationMonitor] -     WARNING (SPECTRE-16460): SOAC_cvarm_vbs:Specified subcircuit master `cvarm' was not found. {"history": "Interactive.367", "point": 1, "testname": "PTAT_MC", "cornername": "Nominal"}
[2026-06-03 14:57:44.479 Z] [WARN] [cadence.virtuoso.ade.simulationMonitor] -     WARNING (SPECTRE-16462): SOAC_cvarm_vbs:Error in specification of subcircuit master. Assert is ignored. {"history": "Interactive.367", "point": 1, "testname": "PTAT_MC", "cornername": "Nominal"}
[2026-06-03 14:57:44.479 Z] [WARN] [cadence.virtuoso.ade.simulationMonitor] -     WARNING (SPECTRE-16460): SOAC_cvarm_vgb:Specified subcircuit master `cvarm' was not found. {"history": "Interactive.367", "point": 1, "testname": "PTAT_MC", "cornername": "Nominal"}
[2026-06-03 14:57:44.479 Z] [WARN] [cadence.virtuoso.ade.simulationMonitor] -     WARNING (SPECTRE-16462): SOAC_cvarm_vgb:Error in specification of subcircuit master. Assert is ignored. {"history": "Interactive.367", "point": 1, "testname": "PTAT_MC", "cornername": "Nominal"}
[2026-06-03 14:57:44.480 Z] [WARN] [cadence.virtuoso.ade.simulationMonitor] -     WARNING (SPECTRE-16460): SOAC_cvart_vspsub:Specified subcircuit master `cvart' was not found. {"history": "Interactive.367", "point": 1, "testname": "PTAT_MC", "cornername": "Nominal"}
[2026-06-03 14:57:44.480 Z] [WARN] [cadence.virtuoso.ade.simulationMonitor] -     WARNING (SPECTRE-16462): SOAC_cvart_vspsub:Error in specification of subcircuit master. Assert is ignored. {"history": "Interactive.367", "point": 1, "testname": "PTAT_MC", "cornername": "Nominal"}
[2026-06-03 14:57:44.480 Z] [WARN] [cadence.virtuoso.ade.simulationMonitor] -     WARNING (SPECTRE-16460): SOAC_cvart_vbs:Specified subcircuit master `cvart' was not found.
        Further occurrences of this warning will be suppressed. {"history": "Interactive.367", "point": 1, "testname": "PTAT_MC", "cornername": "Nominal"}
[2026-06-03 14:57:44.480 Z] [WARN] [cadence.virtuoso.ade.simulationMonitor] -     WARNING (SPECTRE-16462): SOAC_cvart_vbs:Error in specification of subcircuit master. Assert is ignored.
        Further occurrences of this warning will be suppressed. {"history": "Interactive.367", "point": 1, "testname": "PTAT_MC", "cornername": "Nominal"}
[2026-06-03 14:57:45.481 Z] [INFO] [cadence.virtuoso.ade.simulationMonitor] - Notice from spectre during topology check.
    Only one connection to the following 1898 nodes:
        I0.I46.RLIB_GC1.R1.psub!
        I0.I46.RLIB_GC1.R2.psub!
        I0.I46.MNLIB_DR1.M_esdnmos4.psub!
        I0.I46.DLIB2.psub!
        I0.I46.DLIB1.psub!
        Further occurrences of this notice will be suppressed. {"history": "Interactive.367", "point": 1, "testname": "PTAT_MC", "cornername": "Nominal"}
[2026-06-03 14:57:48.486 Z] [INFO] [cadence.virtuoso.ade.simulationMonitor] -               nodes 15748 {"history": "Interactive.367", "point": 1, "testname": "PTAT_MC", "cornername": "Nominal"}
[2026-06-03 14:57:48.486 Z] [INFO] [cadence.virtuoso.ade.simulationMonitor] - Notice from spectre during initial setup.
    7 resistors are shorted because their absolute value is less than or equal to 'rabsshort'.
    3 vsources are shorted because their absolute value is less than or equal to 'vabsshort'.
    4 resistors are changed to resistance form because their value are less than 'rthresh'.
    Spectre X preset=cx enabled.
    44 notices suppressed.
    126 warnings suppressed. {"history": "Interactive.367", "point": 1, "testname": "PTAT_MC", "cornername": "Nominal"}
[2026-06-03 14:57:48.487 Z] [INFO] [cadence.virtuoso.ade.simulationMonitor] - Notice from spectre.
    Multithreading enabled: 8 threads in the system with 48 available processors. {"history": "Interactive.367", "point": 1, "testname": "PTAT_MC", "cornername": "Nominal"}
[2026-06-03 14:57:48.487 Z] [INFO] [cadence.virtuoso.ade.simulationMonitor] - Peak resident memory used = 296 Mbytes. {"history": "Interactive.367", "point": 1, "testname": "PTAT_MC", "cornername": "Nominal"}
[2026-06-03 14:57:48.487 Z] [INFO] [cadence.virtuoso.ade.simulationMonitor] -    -   (Spectre X) Multi-threading. The recommended number of threads is [4, 8], consider adding +mt=4 or +mt=8 on command line. {"history": "Interactive.367", "point": 1, "testname": "PTAT_MC", "cornername": "Nominal"}
[2026-06-03 14:57:48.487 Z] [INFO] [cadence.virtuoso.ade.simulationMonitor] - Notice from spectre during DC analysis `dcOp'.
    No checklimit analysis defined for asserts. A default checklimit analysis 'SpectreChecklimitAnal' has been created with all asserts enabled. {"history": "Interactive.367", "point": 1, "testname": "PTAT_MC", "cornername": "Nominal"}
[2026-06-03 14:57:48.988 Z] [INFO] [cadence.virtuoso.ade.simulationMonitor] - Notice from spectre during DC analysis `dcOp'.
    Bad pivoting is found during DC analysis. Option dc_pivot_check=yes is recommended for possible improvement of convergence. {"history": "Interactive.367", "point": 1, "testname": "PTAT_MC", "cornername": "Nominal"}
[2026-06-03 14:57:48.988 Z] [WARN] [cadence.virtuoso.ade.simulationMonitor] -     WARNING (CMI-2943): Parameter checks have been ignored because the valid value for parameter 'trise' could not be found in 'C0'. {"history": "Interactive.367", "point": 1, "testname": "PTAT_MC", "cornername": "Nominal"}
[2026-06-03 14:57:48.989 Z] [WARN] [cadence.virtuoso.ade.simulationMonitor] -     WARNING (CMI-2943): Parameter checks have been ignored because the valid value for parameter 'trise' could not be found in 'C1'. {"history": "Interactive.367", "point": 1, "testname": "PTAT_MC", "cornername": "Nominal"}
[2026-06-03 14:57:48.989 Z] [WARN] [cadence.virtuoso.ade.simulationMonitor] -     WARNING (CMI-2943): Parameter checks have been ignored because the valid value for parameter 'trise' could not be found in 'C11'. {"history": "Interactive.367", "point": 1, "testname": "PTAT_MC", "cornername": "Nominal"}
[2026-06-03 14:57:48.989 Z] [WARN] [cadence.virtuoso.ade.simulationMonitor] -     WARNING (CMI-2943): Parameter checks have been ignored because the valid value for parameter 'trise' could not be found in 'C12'. {"history": "Interactive.367", "point": 1, "testname": "PTAT_MC", "cornername": "Nominal"}
[2026-06-03 14:57:48.989 Z] [WARN] [cadence.virtuoso.ade.simulationMonitor] -     WARNING (CMI-2943): Parameter checks have been ignored because the valid value for parameter 'trise' could not be found in 'C5'.
        Further occurrences of this warning will be suppressed. {"history": "Interactive.367", "point": 1, "testname": "PTAT_MC", "cornername": "Nominal"}
[2026-06-03 14:57:48.989 Z] [INFO] [cadence.virtuoso.ade.simulationMonitor] - Notice from spectre during check, during DC analysis `dcOp'.
    I0.I4.RLIB_GC2 of rdiffp3: `ig' has the unusually large value of -25.2511 A.
    I0.I3.RLIB_GC1 of rdiffp3: `ig' has the unusually large value of -25.2511 A.
    I0.I6.RLIB_GC2 of rdiffp3: `ig' has the unusually large value of -25.2511 A. {"history": "Interactive.367", "point": 1, "testname": "PTAT_MC", "cornername": "Nominal"}
[2026-06-03 14:57:49.490 Z] [INFO] [cadence.virtuoso.ade.simulationMonitor] - Total time required for dc analysis `dcOp': CPU = 3.65231 s, elapsed = 917.831 ms, util. = 398%. {"history": "Interactive.367", "point": 1, "testname": "PTAT_MC", "cornername": "Nominal"}
[2026-06-03 14:57:49.490 Z] [INFO] [cadence.virtuoso.ade.simulationMonitor] - Peak resident memory used = 325 Mbytes. {"history": "Interactive.367", "point": 1, "testname": "PTAT_MC", "cornername": "Nominal"}
[2026-06-03 14:57:49.490 Z] [INFO] [cadence.virtuoso.ade.simulationMonitor] - Notice from spectre.
    1071 warnings suppressed. {"history": "Interactive.367", "point": 1, "testname": "PTAT_MC", "cornername": "Nominal"}
[2026-06-03 14:57:49.491 Z] [WARN] [cadence.virtuoso.ade.simulationMonitor] -     WARNING (CMI-2425): I7.I0.C0<0>_dummy: `Acde' = 2.393 is unusually large. {"history": "Interactive.367", "point": 1, "testname": "PTAT_MC", "cornername": "Nominal"}
[2026-06-03 14:57:49.492 Z] [WARN] [cadence.virtuoso.ade.simulationMonitor] -     WARNING (CMI-2425): I7.I0.C0<0>_dummy: `Noff' = 4.732 is unusually large. {"history": "Interactive.367", "point": 1, "testname": "PTAT_MC", "cornername": "Nominal"}
[2026-06-03 14:57:49.492 Z] [WARN] [cadence.virtuoso.ade.simulationMonitor] -     WARNING (CMI-2424): I7.I0.C0<0>_dummy: `Voffcv' = -867.4e-03 is unusually small. {"history": "Interactive.367", "point": 1, "testname": "PTAT_MC", "cornername": "Nominal"}
[2026-06-03 14:57:49.493 Z] [WARN] [cadence.virtuoso.ade.simulationMonitor] -     WARNING (CMI-2425): I7.I3.C1<0>_dummy: `Acde' = 2.393 is unusually large. {"history": "Interactive.367", "point": 1, "testname": "PTAT_MC", "cornername": "Nominal"}
[2026-06-03 14:57:49.493 Z] [WARN] [cadence.virtuoso.ade.simulationMonitor] -     WARNING (CMI-2425): I7.I3.C1<0>_dummy: `Noff' = 4.732 is unusually large. {"history": "Interactive.367", "point": 1, "testname": "PTAT_MC", "cornername": "Nominal"}
[2026-06-03 14:57:49.493 Z] [WARN] [cadence.virtuoso.ade.simulationMonitor] -     WARNING (CMI-2424): I7.I3.C1<0>_dummy: `Voffcv' = -867.4e-03 is unusually small. {"history": "Interactive.367", "point": 1, "testname": "PTAT_MC", "cornername": "Nominal"}
[2026-06-03 14:57:49.494 Z] [WARN] [cadence.virtuoso.ade.simulationMonitor] -     WARNING (CMI-2425): I7.I4.C1<0>_dummy: `Acde' = 2.393 is unusually large.
        Further occurrences of this warning will be suppressed. {"history": "Interactive.367", "point": 1, "testname": "PTAT_MC", "cornername": "Nominal"}
[2026-06-03 14:57:49.494 Z] [WARN] [cadence.virtuoso.ade.simulationMonitor] -     WARNING (CMI-2424): I7.I4.C1<0>_dummy: `Voffcv' = -867.4e-03 is unusually small. {"history": "Interactive.367", "point": 1, "testname": "PTAT_MC", "cornername": "Nominal"}
[2026-06-03 14:57:49.494 Z] [INFO] [cadence.virtuoso.ade.simulationMonitor] - Notice from spectre.
    1 warning suppressed. {"history": "Interactive.367", "point": 1, "testname": "PTAT_MC", "cornername": "Nominal"}
[2026-06-03 14:57:49.494 Z] [INFO] [cadence.virtuoso.ade.simulationMonitor] - Notice from spectre during DC analysis `dc'.
    V8: `period' has the unusually large value of 100 s.
    V7: `period' has the unusually large value of 10 s.
    V3: `period' has the unusually large value of 6 s.
    I26: `period' has the unusually large value of 6 s. {"history": "Interactive.367", "point": 1, "testname": "PTAT_MC", "cornername": "Nominal"}
[2026-06-03 14:57:49.494 Z] [INFO] [cadence.virtuoso.ade.simulationMonitor] - Notice from spectre in `rpoly1c':`I0.I46.RLIB_GC1', in `AGND3ALLP':`I0.I46', in `IO_RING_S_VH':`I0', during DC analysis `dc'.
    I0.I46.RLIB_GC1.CS0 of rpoly1c: `c' has the unusually small value of 634.694e-21 F.
    I0.I46.RLIB_GC1.CS1 of rpoly1c: `c' has the unusually small value of 634.694e-21 F. {"history": "Interactive.367", "point": 1, "testname": "PTAT_MC", "cornername": "Nominal"}
[2026-06-03 14:57:49.495 Z] [INFO] [cadence.virtuoso.ade.simulationMonitor] - Notice from spectre in `rpoly1c':`I0.I45.RLIB_GC1', in `AVDD3ALLP':`I0.I45', in `IO_RING_S_VH':`I0', during DC analysis `dc'.
    I0.I45.RLIB_GC1.CS0 of rpoly1c: `c' has the unusually small value of 634.694e-21 F.
    I0.I45.RLIB_GC1.CS1 of rpoly1c: `c' has the unusually small value of 634.694e-21 F. {"history": "Interactive.367", "point": 1, "testname": "PTAT_MC", "cornername": "Nominal"}
[2026-06-03 14:57:49.495 Z] [INFO] [cadence.virtuoso.ade.simulationMonitor] - Notice from spectre in `rpoly1c':`I0.I20.RLIB_GC1', in `VDD3RP':`I0.I20', in `IO_RING_S_VH':`I0', during DC analysis `dc'.
    I0.I20.RLIB_GC1.CS0 of rpoly1c: `c' has the unusually small value of 634.694e-21 F.
        Further occurrences of this notice will be suppressed. {"history": "Interactive.367", "point": 1, "testname": "PTAT_MC", "cornername": "Nominal"}
[2026-06-03 14:57:49.495 Z] [WARN] [cadence.virtuoso.ade.simulationMonitor] -     WARNING (CMI-2425): I2.I56|C3: `Acde' = 2.393 is unusually large. {"history": "Interactive.367", "point": 1, "testname": "PTAT_MC", "cornername": "Nominal"}
[2026-06-03 14:57:49.495 Z] [WARN] [cadence.virtuoso.ade.simulationMonitor] -     WARNING (CMI-2425): I2.I56|C3: `Noff' = 4.732 is unusually large. {"history": "Interactive.367", "point": 1, "testname": "PTAT_MC", "cornername": "Nominal"}
[2026-06-03 14:57:49.496 Z] [WARN] [cadence.virtuoso.ade.simulationMonitor] -     WARNING (CMI-2424): I2.I56|C3: `Voffcv' = -867.4e-03 is unusually small. {"history": "Interactive.367", "point": 1, "testname": "PTAT_MC", "cornername": "Nominal"}
[2026-06-03 14:57:49.496 Z] [WARN] [cadence.virtuoso.ade.simulationMonitor] -     WARNING (CMI-2425): I2.I56|C4: `Acde' = 2.393 is unusually large. {"history": "Interactive.367", "point": 1, "testname": "PTAT_MC", "cornername": "Nominal"}
[2026-06-03 14:57:49.496 Z] [WARN] [cadence.virtuoso.ade.simulationMonitor] -     WARNING (CMI-2425): I2.I56|C4: `Noff' = 4.732 is unusually large. {"history": "Interactive.367", "point": 1, "testname": "PTAT_MC", "cornername": "Nominal"}
[2026-06-03 14:57:49.496 Z] [WARN] [cadence.virtuoso.ade.simulationMonitor] -     WARNING (CMI-2424): I2.I56|C4: `Voffcv' = -867.4e-03 is unusually small. {"history": "Interactive.367", "point": 1, "testname": "PTAT_MC", "cornername": "Nominal"}
[2026-06-03 14:57:49.496 Z] [WARN] [cadence.virtuoso.ade.simulationMonitor] -     WARNING (CMI-2425): I2.I56|C5: `Acde' = 2.393 is unusually large.
        Further occurrences of this warning will be suppressed. {"history": "Interactive.367", "point": 1, "testname": "PTAT_MC", "cornername": "Nominal"}
[2026-06-03 14:57:49.497 Z] [WARN] [cadence.virtuoso.ade.simulationMonitor] -     WARNING (CMI-2424): I2.I56|C5: `Voffcv' = -867.4e-03 is unusually small. {"history": "Interactive.367", "point": 1, "testname": "PTAT_MC", "cornername": "Nominal"}
[2026-06-03 14:57:49.497 Z] [WARN] [cadence.virtuoso.ade.simulationMonitor] -     WARNING (CMI-2424): I7.I4.C1<0>_turbo_m11: `Voffcv' = -867.4e-03 is unusually small. {"history": "Interactive.367", "point": 1, "testname": "PTAT_MC", "cornername": "Nominal"}
[2026-06-03 14:57:49.497 Z] [WARN] [cadence.virtuoso.ade.simulationMonitor] -     WARNING (CMI-2424): I7.I3.C1<0>_turbo_m6: `Voffcv' = -867.4e-03 is unusually small.
        Further occurrences of this warning will be suppressed. {"history": "Interactive.367", "point": 1, "testname": "PTAT_MC", "cornername": "Nominal"}
[2026-06-03 14:57:50.998 Z] [INFO] [cadence.virtuoso.ade.simulationMonitor] - Notice from spectre at temp = -40 C during DC analysis `dc'.
    Bad pivoting is found during DC analysis. Option dc_pivot_check=yes is recommended for possible improvement of convergence. {"history": "Interactive.367", "point": 1, "testname": "PTAT_MC", "cornername": "Nominal"}
[2026-06-03 14:57:50.998 Z] [INFO] [cadence.virtuoso.ade.simulationMonitor] - Notice from spectre at temp = -39 C during DC analysis `dc'.
    V8: `period' has the unusually large value of 100 s.
        Further occurrences of this notice will be suppressed. {"history": "Interactive.367", "point": 1, "testname": "PTAT_MC", "cornername": "Nominal"}
[2026-06-03 14:57:51.499 Z] [INFO] [cadence.virtuoso.ade.simulationMonitor] - Notice from spectre at temp = -38 C during DC analysis `dc'.
    Bad pivoting is found during DC analysis. Option dc_pivot_check=yes is recommended for possible improvement of convergence. {"history": "Interactive.367", "point": 1, "testname": "PTAT_MC", "cornername": "Nominal"}
[2026-06-03 14:57:51.499 Z] [INFO] [cadence.virtuoso.ade.simulationMonitor] - Notice from spectre at temp = -37 C during DC analysis `dc'.
    Bad pivoting is found during DC analysis. Option dc_pivot_check=yes is recommended for possible improvement of convergence. {"history": "Interactive.367", "point": 1, "testname": "PTAT_MC", "cornername": "Nominal"}
[2026-06-03 14:57:51.499 Z] [INFO] [cadence.virtuoso.ade.simulationMonitor] - Notice from spectre at temp = -36 C during DC analysis `dc'.
    Bad pivoting is found during DC analysis. Option dc_pivot_check=yes is recommended for possible improvement of convergence.
        Further occurrences of this notice will be suppressed. {"history": "Interactive.367", "point": 1, "testname": "PTAT_MC", "cornername": "Nominal"}
[2026-06-03 14:58:08.505 Z] [WARN] [cadence.virtuoso.ade.simulationMonitor] -     WARNING (CMI-2943): Parameter checks have been ignored because the valid value for parameter 'trise' could not be found in 'C0'. {"history": "Interactive.367", "point": 1, "testname": "PTAT_MC", "cornername": "Nominal"}
[2026-06-03 14:58:08.506 Z] [WARN] [cadence.virtuoso.ade.simulationMonitor] -     WARNING (CMI-2943): Parameter checks have been ignored because the valid value for parameter 'trise' could not be found in 'C1'. {"history": "Interactive.367", "point": 1, "testname": "PTAT_MC", "cornername": "Nominal"}
[2026-06-03 14:58:08.506 Z] [WARN] [cadence.virtuoso.ade.simulationMonitor] -     WARNING (CMI-2943): Parameter checks have been ignored because the valid value for parameter 'trise' could not be found in 'C11'. {"history": "Interactive.367", "point": 1, "testname": "PTAT_MC", "cornername": "Nominal"}
[2026-06-03 14:58:08.506 Z] [WARN] [cadence.virtuoso.ade.simulationMonitor] -     WARNING (CMI-2943): Parameter checks have been ignored because the valid value for parameter 'trise' could not be found in 'C12'. {"history": "Interactive.367", "point": 1, "testname": "PTAT_MC", "cornername": "Nominal"}
[2026-06-03 14:58:08.506 Z] [WARN] [cadence.virtuoso.ade.simulationMonitor] -     WARNING (CMI-2943): Parameter checks have been ignored because the valid value for parameter 'trise' could not be found in 'C5'.
        Further occurrences of this warning will be suppressed. {"history": "Interactive.367", "point": 1, "testname": "PTAT_MC", "cornername": "Nominal"}
[2026-06-03 14:58:08.506 Z] [INFO] [cadence.virtuoso.ade.simulationMonitor] - Notice from spectre at temp = 85 C during DC analysis `dc'.
    The value of parameter 'temp' has been reset to the original value 27. {"history": "Interactive.367", "point": 1, "testname": "PTAT_MC", "cornername": "Nominal"}
[2026-06-03 14:58:08.507 Z] [INFO] [cadence.virtuoso.ade.simulationMonitor] - Total time required for dc analysis `dc': CPU = 27.7049 s, elapsed = 18.8887 s, util. = 147%. {"history": "Interactive.367", "point": 1, "testname": "PTAT_MC", "cornername": "Nominal"}
[2026-06-03 14:58:08.507 Z] [INFO] [cadence.virtuoso.ade.simulationMonitor] - Peak resident memory used = 345 Mbytes. {"history": "Interactive.367", "point": 1, "testname": "PTAT_MC", "cornername": "Nominal"}
[2026-06-03 14:58:08.507 Z] [INFO] [cadence.virtuoso.ade.simulationMonitor] - Notice from spectre.
    4178 notices suppressed.
    7919 warnings suppressed. {"history": "Interactive.367", "point": 1, "testname": "PTAT_MC", "cornername": "Nominal"}
[2026-06-03 14:58:11.509 Z] [WARN] [cadence.virtuoso.ade.simulationMonitor] -     WARNING (CMI-2425): I2.I56|C3: `Acde' = 2.393 is unusually large. {"history": "Interactive.367", "point": 1, "testname": "PTAT_MC", "cornername": "Nominal"}
[2026-06-03 14:58:11.509 Z] [WARN] [cadence.virtuoso.ade.simulationMonitor] -     WARNING (CMI-2425): I2.I56|C3: `Noff' = 4.732 is unusually large. {"history": "Interactive.367", "point": 1, "testname": "PTAT_MC", "cornername": "Nominal"}
[2026-06-03 14:58:11.509 Z] [WARN] [cadence.virtuoso.ade.simulationMonitor] -     WARNING (CMI-2424): I2.I56|C3: `Voffcv' = -867.4e-03 is unusually small. {"history": "Interactive.367", "point": 1, "testname": "PTAT_MC", "cornername": "Nominal"}
[2026-06-03 14:58:11.510 Z] [WARN] [cadence.virtuoso.ade.simulationMonitor] -     WARNING (CMI-2425): I2.I56|C4: `Acde' = 2.393 is unusually large. {"history": "Interactive.367", "point": 1, "testname": "PTAT_MC", "cornername": "Nominal"}
[2026-06-03 14:58:11.510 Z] [WARN] [cadence.virtuoso.ade.simulationMonitor] -     WARNING (CMI-2425): I2.I56|C4: `Noff' = 4.732 is unusually large. {"history": "Interactive.367", "point": 1, "testname": "PTAT_MC", "cornername": "Nominal"}
[2026-06-03 14:58:11.510 Z] [WARN] [cadence.virtuoso.ade.simulationMonitor] -     WARNING (CMI-2424): I2.I56|C4: `Voffcv' = -867.4e-03 is unusually small. {"history": "Interactive.367", "point": 1, "testname": "PTAT_MC", "cornername": "Nominal"}
[2026-06-03 14:58:11.510 Z] [WARN] [cadence.virtuoso.ade.simulationMonitor] -     WARNING (CMI-2425): I2.I56|C5: `Acde' = 2.393 is unusually large.
        Further occurrences of this warning will be suppressed. {"history": "Interactive.367", "point": 1, "testname": "PTAT_MC", "cornername": "Nominal"}
[2026-06-03 14:58:11.510 Z] [WARN] [cadence.virtuoso.ade.simulationMonitor] -     WARNING (CMI-2424): I2.I56|C5: `Voffcv' = -867.4e-03 is unusually small. {"history": "Interactive.367", "point": 1, "testname": "PTAT_MC", "cornername": "Nominal"}
[2026-06-03 14:58:11.510 Z] [WARN] [cadence.virtuoso.ade.simulationMonitor] -     WARNING (CMI-2424): I7.I4.C1<0>_turbo_m11: `Voffcv' = -867.4e-03 is unusually small. {"history": "Interactive.367", "point": 1, "testname": "PTAT_MC", "cornername": "Nominal"}
[2026-06-03 14:58:11.511 Z] [WARN] [cadence.virtuoso.ade.simulationMonitor] -     WARNING (CMI-2424): I7.I3.C1<0>_turbo_m6: `Voffcv' = -867.4e-03 is unusually small.
        Further occurrences of this warning will be suppressed. {"history": "Interactive.367", "point": 1, "testname": "PTAT_MC", "cornername": "Nominal"}
[2026-06-03 14:58:12.511 Z] [INFO] [cadence.virtuoso.ade.simulationMonitor] - Notice from spectre during DC analysis, during XF analysis `xf'.
    Bad pivoting is found during DC analysis. Option dc_pivot_check=yes is recommended for possible improvement of convergence. {"history": "Interactive.367", "point": 1, "testname": "PTAT_MC", "cornername": "Nominal"}
[2026-06-03 14:58:12.512 Z] [WARN] [cadence.virtuoso.ade.simulationMonitor] -     WARNING (CMI-2943): Parameter checks have been ignored because the valid value for parameter 'trise' could not be found in 'C0'. {"history": "Interactive.367", "point": 1, "testname": "PTAT_MC", "cornername": "Nominal"}
[2026-06-03 14:58:12.512 Z] [WARN] [cadence.virtuoso.ade.simulationMonitor] -     WARNING (CMI-2943): Parameter checks have been ignored because the valid value for parameter 'trise' could not be found in 'C1'. {"history": "Interactive.367", "point": 1, "testname": "PTAT_MC", "cornername": "Nominal"}
[2026-06-03 14:58:12.512 Z] [WARN] [cadence.virtuoso.ade.simulationMonitor] -     WARNING (CMI-2943): Parameter checks have been ignored because the valid value for parameter 'trise' could not be found in 'C11'. {"history": "Interactive.367", "point": 1, "testname": "PTAT_MC", "cornername": "Nominal"}
[2026-06-03 14:58:12.513 Z] [WARN] [cadence.virtuoso.ade.simulationMonitor] -     WARNING (CMI-2943): Parameter checks have been ignored because the valid value for parameter 'trise' could not be found in 'C12'. {"history": "Interactive.367", "point": 1, "testname": "PTAT_MC", "cornername": "Nominal"}
[2026-06-03 14:58:12.513 Z] [WARN] [cadence.virtuoso.ade.simulationMonitor] -     WARNING (CMI-2943): Parameter checks have been ignored because the valid value for parameter 'trise' could not be found in 'C5'.
        Further occurrences of this warning will be suppressed. {"history": "Interactive.367", "point": 1, "testname": "PTAT_MC", "cornername": "Nominal"}
[2026-06-03 14:58:12.513 Z] [INFO] [cadence.virtuoso.ade.simulationMonitor] - Notice from spectre during check, during DC analysis, during XF analysis `xf'.
    I0.I3.RLIB_GC1 of rdiffp3: `ig' has the unusually large value of -89.0477 A.
    I0.I3.RLIB_GC2 of rdiffp3: `ig' has the unusually large value of -89.0477 A.
    I0.I6.RLIB_GC2 of rdiffp3: `ig' has the unusually large value of -19.8767 nA.
    I0.I2.RLIB_GC2 of rdiffp3: `ig' has the unusually large value of -25.2511 A. {"history": "Interactive.367", "point": 1, "testname": "PTAT_MC", "cornername": "Nominal"}
[2026-06-03 14:58:21.018 Z] [INFO] [cadence.virtuoso.ade.simulationMonitor] - Total time required for xf analysis `xf': CPU = 56.4717 s, elapsed = 9.30172 s, util. = 607%. {"history": "Interactive.367", "point": 1, "testname": "PTAT_MC", "cornername": "Nominal"}
[2026-06-03 14:58:21.018 Z] [INFO] [cadence.virtuoso.ade.simulationMonitor] - Peak resident memory used = 395 Mbytes. {"history": "Interactive.367", "point": 1, "testname": "PTAT_MC", "cornername": "Nominal"}
[2026-06-03 14:58:21.018 Z] [INFO] [cadence.virtuoso.ade.simulationMonitor] - Notice from spectre.
    1088 warnings suppressed. {"history": "Interactive.367", "point": 1, "testname": "PTAT_MC", "cornername": "Nominal"}
[2026-06-03 14:58:21.019 Z] [WARN] [cadence.virtuoso.ade.simulationMonitor] -     WARNING (CMI-2425): I7.I0.C0<0>_dummy: `Acde' = 2.393 is unusually large. {"history": "Interactive.367", "point": 1, "testname": "PTAT_MC", "cornername": "Nominal"}
[2026-06-03 14:58:21.019 Z] [WARN] [cadence.virtuoso.ade.simulationMonitor] -     WARNING (CMI-2425): I7.I0.C0<0>_dummy: `Noff' = 4.732 is unusually large. {"history": "Interactive.367", "point": 1, "testname": "PTAT_MC", "cornername": "Nominal"}
[2026-06-03 14:58:21.019 Z] [WARN] [cadence.virtuoso.ade.simulationMonitor] -     WARNING (CMI-2424): I7.I0.C0<0>_dummy: `Voffcv' = -867.4e-03 is unusually small. {"history": "Interactive.367", "point": 1, "testname": "PTAT_MC", "cornername": "Nominal"}
[2026-06-03 14:58:21.019 Z] [WARN] [cadence.virtuoso.ade.simulationMonitor] -     WARNING (CMI-2425): I7.I3.C1<0>_dummy: `Acde' = 2.393 is unusually large. {"history": "Interactive.367", "point": 1, "testname": "PTAT_MC", "cornername": "Nominal"}
[2026-06-03 14:58:21.019 Z] [WARN] [cadence.virtuoso.ade.simulationMonitor] -     WARNING (CMI-2425): I7.I3.C1<0>_dummy: `Noff' = 4.732 is unusually large. {"history": "Interactive.367", "point": 1, "testname": "PTAT_MC", "cornername": "Nominal"}
[2026-06-03 14:58:21.020 Z] [WARN] [cadence.virtuoso.ade.simulationMonitor] -     WARNING (CMI-2424): I7.I3.C1<0>_dummy: `Voffcv' = -867.4e-03 is unusually small. {"history": "Interactive.367", "point": 1, "testname": "PTAT_MC", "cornername": "Nominal"}
[2026-06-03 14:58:21.020 Z] [WARN] [cadence.virtuoso.ade.simulationMonitor] -     WARNING (CMI-2425): I7.I4.C1<0>_dummy: `Acde' = 2.393 is unusually large.
        Further occurrences of this warning will be suppressed. {"history": "Interactive.367", "point": 1, "testname": "PTAT_MC", "cornername": "Nominal"}
[2026-06-03 14:58:21.020 Z] [WARN] [cadence.virtuoso.ade.simulationMonitor] -     WARNING (CMI-2424): I7.I4.C1<0>_dummy: `Voffcv' = -867.4e-03 is unusually small. {"history": "Interactive.367", "point": 1, "testname": "PTAT_MC", "cornername": "Nominal"}
[2026-06-03 14:58:21.020 Z] [INFO] [cadence.virtuoso.ade.simulationMonitor] - Notice from spectre.
    1 warning suppressed. {"history": "Interactive.367", "point": 1, "testname": "PTAT_MC", "cornername": "Nominal"}
[2026-06-03 14:58:21.020 Z] [INFO] [cadence.virtuoso.ade.simulationMonitor] - Time used: CPU = 97.1 s (1m  37.1s), elapsed = 39 s, util. = 249%. {"history": "Interactive.367", "point": 1, "testname": "PTAT_MC", "cornername": "Nominal"}
[2026-06-03 14:58:21.021 Z] [INFO] [cadence.virtuoso.ade.simulationMonitor] - Time spent in licensing: elapsed = 109 ms. {"history": "Interactive.367", "point": 1, "testname": "PTAT_MC", "cornername": "Nominal"}
[2026-06-03 14:58:21.022 Z] [INFO] [cadence.virtuoso.ade.simulationMonitor] - Peak memory used = 397 Mbytes. {"history": "Interactive.367", "point": 1, "testname": "PTAT_MC", "cornername": "Nominal"}
[2026-06-03 14:58:21.024 Z] [PROCESS] [cadence.virtuoso.ade.simulationMonitor] - Simulation started at: 2:57:41 PM, Wed Jun 3, 2026, ended at: 2:58:20 PM, Wed Jun 3, 2026, with elapsed time (wall clock): 39 s. {"history": "Interactive.367", "point": 1, "testname": "PTAT_MC", "cornername": "Nominal"}
[2026-06-03 14:58:21.024 Z] [PROCESS] [cadence.virtuoso.ade.simulationMonitor] - spectre completes with 0 errors, 105 warnings, and 55 notices. {"history": "Interactive.367", "point": 1, "testname": "PTAT_MC", "cornername": "Nominal"}
[2026-06-03 14:58:21.024 Z] [PROCESS] [cadence.virtuoso.ade.simulationMonitor] - Finished simulating for one point {"hostname": "il2244vt26_hrahimi", "processid": 2598419, "history": "Interactive.367", "testname": "PTAT_MC", "cornername": "Nominal", "point": 1, "logfile": "/home/hrahimi/projects/POTENTIOSTAT_26/logs_hrahimi/logs0/Job30.log", "simid": "1"}
[2026-06-03 14:58:21.024 Z] [PROCESS] [cadence.virtuoso.ade.simulationMonitor] - Simulator exited {"hostname": "il2244vt26_hrahimi", "processid": 2598419, "history": "Interactive.367", "testname": "PTAT_MC", "cornername": "Nominal", "point": 1, "logfile": "/home/hrahimi/projects/POTENTIOSTAT_26/logs_hrahimi/logs0/Job30.log", "exitStatus": "0"}
[2026-06-03 14:58:21.024 Z] [PROCESS] [cadence.virtuoso.ade.simulationMonitor] - Finished Simulation {"hostname": "il2244vt26_hrahimi", "processid": 2598419, "history": "Interactive.367", "testname": "PTAT_MC", "cornername": "Nominal", "point": 1, "logfile": "/home/hrahimi/projects/POTENTIOSTAT_26/logs_hrahimi/logs0/Job30.log", "simid": "1"}
[2026-06-03 14:58:25.040 Z] [PROCESS] [cadence.virtuoso.ade.simulationMonitor] - Point Finished {"hostname": "il2244vt26_hrahimi", "processid": 2598419, "history": "Interactive.367", "testname": "PTAT_MC", "cornername": "Nominal", "point": 1, "logfile": "/home/hrahimi/projects/POTENTIOSTAT_26/logs_hrahimi/logs0/Job30.log"}
[2026-06-03 14:58:25.498 Z] [PROCESS] [cadence.virtuoso.ade.simulationMonitor] - Stay with the runId '23', Linger time '300', currentRunSyn '46', currentTestSyn '73' {"hostname": "il2244vt26_hrahimi", "processid": 2598419, "history": "Interactive.367", "testname": "PTAT_MC", "cornername": "Nominal", "point": 1, "logfile": "/home/hrahimi/projects/POTENTIOSTAT_26/logs_hrahimi/logs0/Job30.log"}
[2026-06-03 14:58:26.502 Z] [PROCESS] [cadence.virtuoso.ade.simulationMonitor] - Stay with the runId '23', Linger time '300', currentRunSyn '46', currentTestSyn '73' {"hostname": "il2244vt26_hrahimi", "processid": 2598419, "history": "Interactive.367", "testname": "PTAT_MC", "cornername": "Nominal", "point": 1, "logfile": "/home/hrahimi/projects/POTENTIOSTAT_26/logs_hrahimi/logs0/Job30.log"}
[2026-06-03 14:58:27.504 Z] [PROCESS] [cadence.virtuoso.ade.simulationMonitor] - Stay with the runId '23', Linger time '300', currentRunSyn '46', currentTestSyn '73' {"hostname": "il2244vt26_hrahimi", "processid": 2598419, "history": "Interactive.367", "testname": "PTAT_MC", "cornername": "Nominal", "point": 1, "logfile": "/home/hrahimi/projects/POTENTIOSTAT_26/logs_hrahimi/logs0/Job30.log"}
[2026-06-03 14:58:28.507 Z] [PROCESS] [cadence.virtuoso.ade.simulationMonitor] - Stay with the runId '23', Linger time '300', currentRunSyn '46', currentTestSyn '73' {"hostname": "il2244vt26_hrahimi", "processid": 2598419, "history": "Interactive.367", "testname": "PTAT_MC", "cornername": "Nominal", "point": 1, "logfile": "/home/hrahimi/projects/POTENTIOSTAT_26/logs_hrahimi/logs0/Job30.log"}
[2026-06-03 14:58:29.510 Z] [PROCESS] [cadence.virtuoso.ade.simulationMonitor] - Stay with the runId '23', Linger time '300', currentRunSyn '46', currentTestSyn '73' {"hostname": "il2244vt26_hrahimi", "processid": 2598419, "history": "Interactive.367", "testname": "PTAT_MC", "cornername": "Nominal", "point": 1, "logfile": "/home/hrahimi/projects/POTENTIOSTAT_26/logs_hrahimi/logs0/Job30.log"}
[2026-06-03 15:03:26.934 Z] [PROCESS] [cadence.virtuoso.ade.simulationMonitor] - Current memory used: 53.3945 MBytes, peak memory used: 53.3945 MBytes {"hostname": "il2244vt26_hrahimi", "processid": 2598419, "history": "Interactive.367", "testname": "PTAT_MC", "cornername": "Nominal", "point": 1, "logfile": "/home/hrahimi/projects/POTENTIOSTAT_26/logs_hrahimi/logs0/Job30.log"}
[2026-06-03 15:03:26.935 Z] [PROCESS] [cadence.virtuoso.ade.simulationMonitor] - Simulation Monitor process exit. {"hostname": "il2244vt26_hrahimi", "processid": 2598419, "history": "Interactive.367", "testname": "PTAT_MC", "cornername": "Nominal", "point": 1, "logfile": "/home/hrahimi/projects/POTENTIOSTAT_26/logs_hrahimi/logs0/Job30.log"}
