[Simulation Monitor: 4]
[2026-05-26 08:36:45.754 Z] [PROCESS] [cadence.virtuoso.ade.simulationMonitor] - Simulation Monitor has successfully started up. Trying to set up communication channels to other components ... {"hostname": "il2244vt26_hrahimi", "processid": 62085, "logfile": "/home/hrahimi/projects/POTENTIOSTAT_26/logs_hrahimi/logs0/Job4.log"}
[2026-05-26 08:36:45.756 Z] [PROCESS] [cadence.virtuoso.ade.simulationMonitor] - Communication channels have been successfully set up. Start processing events ... {"hostname": "il2244vt26_hrahimi", "processid": 62085, "logfile": "/home/hrahimi/projects/POTENTIOSTAT_26/logs_hrahimi/logs0/Job4.log"}
[2026-05-26 08:36:45.756 Z] [PROCESS] [cadence.virtuoso.ade.simulationMonitor] - Considering to start history {"hostname": "il2244vt26_hrahimi", "processid": 62085, "history": "Interactive.75", "logfile": "/home/hrahimi/projects/POTENTIOSTAT_26/logs_hrahimi/logs0/Job4.log"}
[2026-05-26 08:36:45.760 Z] [PROCESS] [cadence.virtuoso.ade.simulationMonitor] - Started History {"hostname": "il2244vt26_hrahimi", "processid": 62085, "history": "Interactive.77", "logfile": "/home/hrahimi/projects/POTENTIOSTAT_26/logs_hrahimi/logs0/Job4.log"}
[2026-05-26 08:36:45.760 Z] [PROCESS] [cadence.virtuoso.ade.simulationMonitor] - HostInfo:
Host name (type):	il2244vt26_hrahimi (x86_64)
Operating system:	Linux 5.15.0-164-generic #174-Ubuntu SMP Fri Nov 14 20:25:16 UTC 2025 {"hostname": "il2244vt26_hrahimi", "processid": 62085, "history": "Interactive.77", "logfile": "/home/hrahimi/projects/POTENTIOSTAT_26/logs_hrahimi/logs0/Job4.log", "nodename": "il2244vt26_hrahimi", "domainname": "(none)", "machine": "x86_64", "sysname": "Linux", "release": "5.15.0-164-generic", "version": "#174-Ubuntu SMP Fri Nov 14 20:25:16 UTC 2025"}
[2026-05-26 08:36:45.760 Z] [PROCESS] [cadence.virtuoso.ade.simulationMonitor] - UsageInfo:
pid=62085
totalPhysicalMemory=3023.749672GB,Used=1811.747944GB,totalVirtualMemory=3031.749668GB,Used=1811.775288GB
Cpu: Cores=48, Load average:6.890000,6.570000,6.410000 {"hostname": "il2244vt26_hrahimi", "processid": 62085, "history": "Interactive.77", "logfile": "/home/hrahimi/projects/POTENTIOSTAT_26/logs_hrahimi/logs0/Job4.log", "pid": "62085", "totalPhysicalMemory": "3023.749672", "physicalMemoryUsed": "1811.747944", "totalVirtualMemory": "3031.749668", "virtualMemoryUsed": "1811.775288", "cpuCores": "48", "processes": "29568", "loadAverage1": "6.890000", "loadAverage5": "6.570000", "loadAverage15": "6.410000", "loadAverage1Percent": "0.143542"}
[2026-05-26 08:36:45.762 Z] [EVENT] [cadence.virtuoso.ade.simulationMonitor] - NewPoint {"history": "Interactive.77", "point": 1, "testname": "DC", "cornername": "Nominal", "event": "NewPoint", "EventSource": "Simulation Monitor", "HistoryName": "Interactive.77", "logFile": "/home/hrahimi/projects/POTENTIOSTAT_26/logs_hrahimi/logs0/Job4.log", "logFileSize": "2521"}
[2026-05-26 08:36:45.863 Z] [EVENT] [cadence.virtuoso.ade.simulationMonitor] - NewPoint {"history": "Interactive.77", "point": 1, "testname": "DC", "cornername": "Nominal", "event": "NewPoint", "EventSource": "spectre", "HistoryName": "Interactive.77", "logFile": "/home/hrahimi/projects/POTENTIOSTAT_26/Sim/FBIAS/fbias_cur_ref_tb/maestro/results/maestro/Interactive.77/1/DC/psf/spectre.out", "logFileSize": "-1"}
[2026-05-26 08:36:45.878 Z] [PROCESS] [cadence.virtuoso.ade.simulationMonitor] - Simulator launched {"hostname": "il2244vt26_hrahimi", "processid": 62085, "history": "Interactive.77", "testname": "DC", "cornername": "Nominal", "point": 1, "logfile": "/home/hrahimi/projects/POTENTIOSTAT_26/logs_hrahimi/logs0/Job4.log", "simid": "1"}
[2026-05-26 08:36:45.882 Z] [PROCESS] [cadence.virtuoso.ade.simulationMonitor] - Expression evaluator launched {"hostname": "il2244vt26_hrahimi", "processid": 62085, "history": "Interactive.77", "testname": "DC", "cornername": "Nominal", "point": 1, "logfile": "/home/hrahimi/projects/POTENTIOSTAT_26/logs_hrahimi/logs0/Job4.log"}
[2026-05-26 08:36:45.944 Z] [PROCESS] [cadence.virtuoso.ade.simulationMonitor] - Started Simulation {"hostname": "il2244vt26_hrahimi", "processid": 62085, "history": "Interactive.77", "testname": "DC", "cornername": "Nominal", "point": 1, "logfile": "/home/hrahimi/projects/POTENTIOSTAT_26/logs_hrahimi/logs0/Job4.log", "event": "started", "task": "simulation"}
[2026-05-26 08:36:46.945 Z] [WARN] [cadence.virtuoso.ade.simulationMonitor] -     WARNING (SPECTRE-691): This CPU processor does not support x86 advanced vector extensions instructions. This may affect math operations and slow down the simulation. {"history": "Interactive.77", "point": 1, "testname": "DC", "cornername": "Nominal"}
[2026-05-26 08:36:46.945 Z] [INFO] [cadence.virtuoso.ade.simulationMonitor] - Notice from spectre during circuit read-in.
    Pre_Configuration file used: /opt/tools/cadence/installs/SPECTRE241/tools.lnx86/spectre/etc/configs/preset.precfg
    Configuration file used: `/opt/tools/cadence/installs/SPECTRE241/tools.lnx86/spectre/etc/configs/preset.cfg'. {"history": "Interactive.77", "point": 1, "testname": "DC", "cornername": "Nominal"}
[2026-05-26 08:36:46.946 Z] [WARN] [cadence.virtuoso.ade.simulationMonitor] -     WARNING (SPECTRE-8360): line 1511: `ac' is an undefined primitive device. {"history": "Interactive.77", "point": 1, "testname": "DC", "cornername": "Nominal"}
[2026-05-26 08:36:46.946 Z] [WARN] [cadence.virtuoso.ade.simulationMonitor] -     WARNING (SPECTRE-8360): line 1512: `ac' is an undefined primitive device. {"history": "Interactive.77", "point": 1, "testname": "DC", "cornername": "Nominal"}
[2026-05-26 08:36:46.946 Z] [WARN] [cadence.virtuoso.ade.simulationMonitor] -     WARNING (SPECTRE-8360): line 1513: `ac' is an undefined primitive device. {"history": "Interactive.77", "point": 1, "testname": "DC", "cornername": "Nominal"}
[2026-05-26 08:36:46.946 Z] [WARN] [cadence.virtuoso.ade.simulationMonitor] -     WARNING (SPECTRE-8360): line 1514: `ac' is an undefined primitive device. {"history": "Interactive.77", "point": 1, "testname": "DC", "cornername": "Nominal"}
[2026-05-26 08:36:46.946 Z] [WARN] [cadence.virtuoso.ade.simulationMonitor] -     WARNING (SPECTRE-8360): line 1515: `ac' is an undefined primitive device.
        Further occurrences of this warning will be suppressed. {"history": "Interactive.77", "point": 1, "testname": "DC", "cornername": "Nominal"}
[2026-05-26 08:36:46.946 Z] [INFO] [cadence.virtuoso.ade.simulationMonitor] - Peak resident memory used = 178 Mbytes. {"history": "Interactive.77", "point": 1, "testname": "DC", "cornername": "Nominal"}
[2026-05-26 08:36:46.947 Z] [WARN] [cadence.virtuoso.ade.simulationMonitor] -     WARNING (VACOMP-2435): The environment variable CDS_AHDLCMI_ENABLE is no longer supported. Therefore, the simulator will use the default compiled C code flow. {"history": "Interactive.77", "point": 1, "testname": "DC", "cornername": "Nominal"}
[2026-05-26 08:36:46.947 Z] [WARN] [cadence.virtuoso.ade.simulationMonitor] -     WARNING (SFE-3014): The floating device I0.MN5<0>_turbo_m4 is removed. {"history": "Interactive.77", "point": 1, "testname": "DC", "cornername": "Nominal"}
[2026-05-26 08:36:46.947 Z] [INFO] [cadence.virtuoso.ade.simulationMonitor] - Peak resident memory used = 194 Mbytes. {"history": "Interactive.77", "point": 1, "testname": "DC", "cornername": "Nominal"}
[2026-05-26 08:36:46.947 Z] [INFO] [cadence.virtuoso.ade.simulationMonitor] - Notice from spectre during hierarchy flattening.
    The value 'psf' specified for the 'checklimitdest' option will no longer be supported in future releases. Use 'spectre -h' to see other recommended values for the 'checklimitdest' option. {"history": "Interactive.77", "point": 1, "testname": "DC", "cornername": "Nominal"}
[2026-05-26 08:36:46.947 Z] [INFO] [cadence.virtuoso.ade.simulationMonitor] - Peak resident memory used = 197 Mbytes. {"history": "Interactive.77", "point": 1, "testname": "DC", "cornername": "Nominal"}
[2026-05-26 08:36:46.948 Z] [WARN] [cadence.virtuoso.ade.simulationMonitor] -     WARNING (CMI-2425): I0.C1<0>_turbo_m6: `Acde' = 2.393 is unusually large. {"history": "Interactive.77", "point": 1, "testname": "DC", "cornername": "Nominal"}
[2026-05-26 08:36:46.948 Z] [WARN] [cadence.virtuoso.ade.simulationMonitor] -     WARNING (CMI-2425): I0.C1<0>_turbo_m6: `Noff' = 4.732 is unusually large. {"history": "Interactive.77", "point": 1, "testname": "DC", "cornername": "Nominal"}
[2026-05-26 08:36:46.948 Z] [WARN] [cadence.virtuoso.ade.simulationMonitor] -     WARNING (CMI-2424): I0.C1<0>_turbo_m6: `Voffcv' = -867.4e-03 is unusually small. {"history": "Interactive.77", "point": 1, "testname": "DC", "cornername": "Nominal"}
[2026-05-26 08:36:46.948 Z] [WARN] [cadence.virtuoso.ade.simulationMonitor] -     WARNING (SPECTRE-17607): Assert `SOAC_rpolyh_vminuspsub' is ignored because it contains an expression which is invalid or not supported by native evaluator.  {"history": "Interactive.77", "point": 1, "testname": "DC", "cornername": "Nominal"}
[2026-05-26 08:36:46.948 Z] [WARN] [cadence.virtuoso.ade.simulationMonitor] -     WARNING (SPECTRE-17607): Assert `SOAC_rpolyh_vpluspsub' is ignored because it contains an expression which is invalid or not supported by native evaluator.  {"history": "Interactive.77", "point": 1, "testname": "DC", "cornername": "Nominal"}
[2026-05-26 08:36:46.948 Z] [WARN] [cadence.virtuoso.ade.simulationMonitor] -     WARNING (SPECTRE-16460): SOAC_cvarm_vspsub:Specified subcircuit master `cvarm' was not found. {"history": "Interactive.77", "point": 1, "testname": "DC", "cornername": "Nominal"}
[2026-05-26 08:36:46.949 Z] [WARN] [cadence.virtuoso.ade.simulationMonitor] -     WARNING (SPECTRE-16462): SOAC_cvarm_vspsub:Error in specification of subcircuit master. Assert is ignored. {"history": "Interactive.77", "point": 1, "testname": "DC", "cornername": "Nominal"}
[2026-05-26 08:36:46.949 Z] [WARN] [cadence.virtuoso.ade.simulationMonitor] -     WARNING (SPECTRE-16460): SOAC_cvarm_vbs:Specified subcircuit master `cvarm' was not found. {"history": "Interactive.77", "point": 1, "testname": "DC", "cornername": "Nominal"}
[2026-05-26 08:36:46.949 Z] [WARN] [cadence.virtuoso.ade.simulationMonitor] -     WARNING (SPECTRE-16462): SOAC_cvarm_vbs:Error in specification of subcircuit master. Assert is ignored. {"history": "Interactive.77", "point": 1, "testname": "DC", "cornername": "Nominal"}
[2026-05-26 08:36:46.949 Z] [WARN] [cadence.virtuoso.ade.simulationMonitor] -     WARNING (SPECTRE-16460): SOAC_cvarm_vgb:Specified subcircuit master `cvarm' was not found. {"history": "Interactive.77", "point": 1, "testname": "DC", "cornername": "Nominal"}
[2026-05-26 08:36:46.949 Z] [WARN] [cadence.virtuoso.ade.simulationMonitor] -     WARNING (SPECTRE-16462): SOAC_cvarm_vgb:Error in specification of subcircuit master. Assert is ignored. {"history": "Interactive.77", "point": 1, "testname": "DC", "cornername": "Nominal"}
[2026-05-26 08:36:46.949 Z] [WARN] [cadence.virtuoso.ade.simulationMonitor] -     WARNING (SPECTRE-16460): SOAC_cvart_vspsub:Specified subcircuit master `cvart' was not found. {"history": "Interactive.77", "point": 1, "testname": "DC", "cornername": "Nominal"}
[2026-05-26 08:36:46.950 Z] [WARN] [cadence.virtuoso.ade.simulationMonitor] -     WARNING (SPECTRE-16462): SOAC_cvart_vspsub:Error in specification of subcircuit master. Assert is ignored. {"history": "Interactive.77", "point": 1, "testname": "DC", "cornername": "Nominal"}
[2026-05-26 08:36:46.950 Z] [WARN] [cadence.virtuoso.ade.simulationMonitor] -     WARNING (SPECTRE-16460): SOAC_cvart_vbs:Specified subcircuit master `cvart' was not found.
        Further occurrences of this warning will be suppressed. {"history": "Interactive.77", "point": 1, "testname": "DC", "cornername": "Nominal"}
[2026-05-26 08:36:46.950 Z] [WARN] [cadence.virtuoso.ade.simulationMonitor] -     WARNING (SPECTRE-16462): SOAC_cvart_vbs:Error in specification of subcircuit master. Assert is ignored.
        Further occurrences of this warning will be suppressed. {"history": "Interactive.77", "point": 1, "testname": "DC", "cornername": "Nominal"}
[2026-05-26 08:36:46.950 Z] [WARN] [cadence.virtuoso.ade.simulationMonitor] -     WARNING (SPECTRE-17607): Assert `SOAC_cvar_vspsub' is ignored because it contains an expression which is invalid or not supported by native evaluator.  {"history": "Interactive.77", "point": 1, "testname": "DC", "cornername": "Nominal"}
[2026-05-26 08:36:46.950 Z] [WARN] [cadence.virtuoso.ade.simulationMonitor] -     WARNING (SPECTRE-17607): Assert `SOAC_cvar_vbpsub' is ignored because it contains an expression which is invalid or not supported by native evaluator.  {"history": "Interactive.77", "point": 1, "testname": "DC", "cornername": "Nominal"}
[2026-05-26 08:36:46.950 Z] [WARN] [cadence.virtuoso.ade.simulationMonitor] -     WARNING (SPECTRE-17607): Assert `SOAC_cvar_vgpsub' is ignored because it contains an expression which is invalid or not supported by native evaluator. 
        Further occurrences of this warning will be suppressed. {"history": "Interactive.77", "point": 1, "testname": "DC", "cornername": "Nominal"}
[2026-05-26 08:36:47.951 Z] [INFO] [cadence.virtuoso.ade.simulationMonitor] - Notice from spectre during topology check.
    Only one connection to node `net11'. {"history": "Interactive.77", "point": 1, "testname": "DC", "cornername": "Nominal"}
[2026-05-26 08:36:47.952 Z] [INFO] [cadence.virtuoso.ade.simulationMonitor] - Notice from spectre during initial setup.
    Multithreading is disabled due to the size of the design being too small. {"history": "Interactive.77", "point": 1, "testname": "DC", "cornername": "Nominal"}
[2026-05-26 08:36:47.955 Z] [INFO] [cadence.virtuoso.ade.simulationMonitor] -               nodes 79 {"history": "Interactive.77", "point": 1, "testname": "DC", "cornername": "Nominal"}
[2026-05-26 08:36:47.955 Z] [INFO] [cadence.virtuoso.ade.simulationMonitor] - Notice from spectre during initial setup.
    Spectre X preset=cx enabled. {"history": "Interactive.77", "point": 1, "testname": "DC", "cornername": "Nominal"}
[2026-05-26 08:36:47.955 Z] [WARN] [cadence.virtuoso.ade.simulationMonitor] -     WARNING (CMI-2425): I0.C1<0>_turbo_m6: `Acde' = 2.393 is unusually large. {"history": "Interactive.77", "point": 1, "testname": "DC", "cornername": "Nominal"}
[2026-05-26 08:36:47.955 Z] [WARN] [cadence.virtuoso.ade.simulationMonitor] -     WARNING (CMI-2425): I0.C1<0>_turbo_m6: `Noff' = 4.732 is unusually large. {"history": "Interactive.77", "point": 1, "testname": "DC", "cornername": "Nominal"}
[2026-05-26 08:36:47.955 Z] [WARN] [cadence.virtuoso.ade.simulationMonitor] -     WARNING (CMI-2424): I0.C1<0>_turbo_m6: `Voffcv' = -867.4e-03 is unusually small. {"history": "Interactive.77", "point": 1, "testname": "DC", "cornername": "Nominal"}
[2026-05-26 08:36:47.955 Z] [INFO] [cadence.virtuoso.ade.simulationMonitor] - Notice from spectre.
    74 warnings suppressed. {"history": "Interactive.77", "point": 1, "testname": "DC", "cornername": "Nominal"}
[2026-05-26 08:36:47.956 Z] [INFO] [cadence.virtuoso.ade.simulationMonitor] - Peak resident memory used = 203 Mbytes. {"history": "Interactive.77", "point": 1, "testname": "DC", "cornername": "Nominal"}
[2026-05-26 08:36:47.956 Z] [INFO] [cadence.virtuoso.ade.simulationMonitor] -    -   (Spectre X) Multi-threading. The recommended number of threads is 1, consider adding +mt=1 on command line. {"history": "Interactive.77", "point": 1, "testname": "DC", "cornername": "Nominal"}
[2026-05-26 08:36:47.956 Z] [INFO] [cadence.virtuoso.ade.simulationMonitor] - Notice from spectre during DC analysis `dcOp'.
    No checklimit analysis defined for asserts. A default checklimit analysis 'SpectreChecklimitAnal' has been created with all asserts enabled. {"history": "Interactive.77", "point": 1, "testname": "DC", "cornername": "Nominal"}
[2026-05-26 08:36:47.956 Z] [INFO] [cadence.virtuoso.ade.simulationMonitor] - Notice from spectre during DC analysis `dcOp'.
    GminDC = 1 pS is large enough to noticeably affect the DC solution.
        dV(I0.C1<0>_turbo_m6.s1) = 199.872 uV
        Use the `gmin_check' option to eliminate or expand this report. {"history": "Interactive.77", "point": 1, "testname": "DC", "cornername": "Nominal"}
[2026-05-26 08:36:47.956 Z] [WARN] [cadence.virtuoso.ade.simulationMonitor] -     WARNING (CMI-2943): Parameter checks have been ignored because the valid value for parameter 'trise' could not be found in 'C0'. {"history": "Interactive.77", "point": 1, "testname": "DC", "cornername": "Nominal"}
[2026-05-26 08:36:47.956 Z] [WARN] [cadence.virtuoso.ade.simulationMonitor] -     WARNING (CMI-2943): Parameter checks have been ignored because the valid value for parameter 'trise' could not be found in 'I0.R0.CM'. {"history": "Interactive.77", "point": 1, "testname": "DC", "cornername": "Nominal"}
[2026-05-26 08:36:47.957 Z] [WARN] [cadence.virtuoso.ade.simulationMonitor] -     WARNING (CMI-2943): Parameter checks have been ignored because the valid value for parameter 'trise' could not be found in 'I0.R0.CS1'. {"history": "Interactive.77", "point": 1, "testname": "DC", "cornername": "Nominal"}
[2026-05-26 08:36:47.957 Z] [WARN] [cadence.virtuoso.ade.simulationMonitor] -     WARNING (CMI-2943): Parameter checks have been ignored because the valid value for parameter 'trise' could not be found in 'I0.R0.CS0'. {"history": "Interactive.77", "point": 1, "testname": "DC", "cornername": "Nominal"}
[2026-05-26 08:36:47.957 Z] [WARN] [cadence.virtuoso.ade.simulationMonitor] -     WARNING (CMI-2943): Parameter checks have been ignored because the valid value for parameter 'trise' could not be found in 'I0.C1<0>_turbo_m6.dsub2'.
        Further occurrences of this warning will be suppressed. {"history": "Interactive.77", "point": 1, "testname": "DC", "cornername": "Nominal"}
[2026-05-26 08:36:47.957 Z] [INFO] [cadence.virtuoso.ade.simulationMonitor] - Total time required for dc analysis `dcOp': CPU = 88.486 ms, elapsed = 92.8371 ms, util. = 95.3%. {"history": "Interactive.77", "point": 1, "testname": "DC", "cornername": "Nominal"}
[2026-05-26 08:36:47.957 Z] [INFO] [cadence.virtuoso.ade.simulationMonitor] - Peak resident memory used = 212 Mbytes. {"history": "Interactive.77", "point": 1, "testname": "DC", "cornername": "Nominal"}
[2026-05-26 08:36:47.957 Z] [INFO] [cadence.virtuoso.ade.simulationMonitor] - Notice from spectre.
    18 warnings suppressed. {"history": "Interactive.77", "point": 1, "testname": "DC", "cornername": "Nominal"}
[2026-05-26 08:36:47.958 Z] [WARN] [cadence.virtuoso.ade.simulationMonitor] -     WARNING (CMI-2425): I0.C1<0>_dummy: `Acde' = 2.393 is unusually large. {"history": "Interactive.77", "point": 1, "testname": "DC", "cornername": "Nominal"}
[2026-05-26 08:36:47.958 Z] [WARN] [cadence.virtuoso.ade.simulationMonitor] -     WARNING (CMI-2425): I0.C1<0>_dummy: `Noff' = 4.732 is unusually large. {"history": "Interactive.77", "point": 1, "testname": "DC", "cornername": "Nominal"}
[2026-05-26 08:36:47.958 Z] [WARN] [cadence.virtuoso.ade.simulationMonitor] -     WARNING (CMI-2424): I0.C1<0>_dummy: `Voffcv' = -867.4e-03 is unusually small. {"history": "Interactive.77", "point": 1, "testname": "DC", "cornername": "Nominal"}
[2026-05-26 08:36:47.958 Z] [INFO] [cadence.virtuoso.ade.simulationMonitor] - Notice from spectre during IC analysis, during transient analysis `tran'.
    GminDC = 1 pS is large enough to noticeably affect the DC solution.
        dV(I0.C1<0>_turbo_m6.d1) = 199.863 uV
        Use the `gmin_check' option to eliminate or expand this report. {"history": "Interactive.77", "point": 1, "testname": "DC", "cornername": "Nominal"}
[2026-05-26 08:36:47.959 Z] [WARN] [cadence.virtuoso.ade.simulationMonitor] -     WARNING (CMI-2943): Parameter checks have been ignored because the valid value for parameter 'trise' could not be found in 'C0'. {"history": "Interactive.77", "point": 1, "testname": "DC", "cornername": "Nominal"}
[2026-05-26 08:36:47.959 Z] [WARN] [cadence.virtuoso.ade.simulationMonitor] -     WARNING (CMI-2943): Parameter checks have been ignored because the valid value for parameter 'trise' could not be found in 'I0.R0.CM'. {"history": "Interactive.77", "point": 1, "testname": "DC", "cornername": "Nominal"}
[2026-05-26 08:36:47.959 Z] [WARN] [cadence.virtuoso.ade.simulationMonitor] -     WARNING (CMI-2943): Parameter checks have been ignored because the valid value for parameter 'trise' could not be found in 'I0.R0.CS1'. {"history": "Interactive.77", "point": 1, "testname": "DC", "cornername": "Nominal"}
[2026-05-26 08:36:47.959 Z] [WARN] [cadence.virtuoso.ade.simulationMonitor] -     WARNING (CMI-2943): Parameter checks have been ignored because the valid value for parameter 'trise' could not be found in 'I0.R0.CS0'. {"history": "Interactive.77", "point": 1, "testname": "DC", "cornername": "Nominal"}
[2026-05-26 08:36:47.959 Z] [WARN] [cadence.virtuoso.ade.simulationMonitor] -     WARNING (CMI-2943): Parameter checks have been ignored because the valid value for parameter 'trise' could not be found in 'I0.C1<0>_turbo_m6.dsub2'.
        Further occurrences of this warning will be suppressed. {"history": "Interactive.77", "point": 1, "testname": "DC", "cornername": "Nominal"}
[2026-05-26 08:36:47.959 Z] [INFO] [cadence.virtuoso.ade.simulationMonitor] - Notice from spectre during transient analysis `tran'.
    Multithreading is disabled due to the size of the design being too small. {"history": "Interactive.77", "point": 1, "testname": "DC", "cornername": "Nominal"}
[2026-05-26 08:36:47.960 Z] [INFO] [cadence.virtuoso.ade.simulationMonitor] - Total time required for tran analysis `tran': CPU = 28.911 ms, elapsed = 30.617 ms, util. = 94.4%. {"history": "Interactive.77", "point": 1, "testname": "DC", "cornername": "Nominal"}
[2026-05-26 08:36:47.960 Z] [INFO] [cadence.virtuoso.ade.simulationMonitor] - Peak resident memory used = 215 Mbytes. {"history": "Interactive.77", "point": 1, "testname": "DC", "cornername": "Nominal"}
[2026-05-26 08:36:47.960 Z] [INFO] [cadence.virtuoso.ade.simulationMonitor] - Notice from spectre.
    18 warnings suppressed. {"history": "Interactive.77", "point": 1, "testname": "DC", "cornername": "Nominal"}
[2026-05-26 08:36:47.960 Z] [WARN] [cadence.virtuoso.ade.simulationMonitor] -     WARNING (CMI-2425): I0.C1<0>_dummy: `Acde' = 2.393 is unusually large. {"history": "Interactive.77", "point": 1, "testname": "DC", "cornername": "Nominal"}
[2026-05-26 08:36:47.960 Z] [WARN] [cadence.virtuoso.ade.simulationMonitor] -     WARNING (CMI-2425): I0.C1<0>_dummy: `Noff' = 4.732 is unusually large. {"history": "Interactive.77", "point": 1, "testname": "DC", "cornername": "Nominal"}
[2026-05-26 08:36:47.960 Z] [WARN] [cadence.virtuoso.ade.simulationMonitor] -     WARNING (CMI-2424): I0.C1<0>_dummy: `Voffcv' = -867.4e-03 is unusually small. {"history": "Interactive.77", "point": 1, "testname": "DC", "cornername": "Nominal"}
[2026-05-26 08:36:47.961 Z] [WARN] [cadence.virtuoso.ade.simulationMonitor] -     WARNING (CMI-2425): I0.C1<0>_turbo_m6: `Acde' = 2.393 is unusually large. {"history": "Interactive.77", "point": 1, "testname": "DC", "cornername": "Nominal"}
[2026-05-26 08:36:47.961 Z] [WARN] [cadence.virtuoso.ade.simulationMonitor] -     WARNING (CMI-2425): I0.C1<0>_turbo_m6: `Noff' = 4.732 is unusually large. {"history": "Interactive.77", "point": 1, "testname": "DC", "cornername": "Nominal"}
[2026-05-26 08:36:47.961 Z] [WARN] [cadence.virtuoso.ade.simulationMonitor] -     WARNING (CMI-2424): I0.C1<0>_turbo_m6: `Voffcv' = -867.4e-03 is unusually small. {"history": "Interactive.77", "point": 1, "testname": "DC", "cornername": "Nominal"}
[2026-05-26 08:36:47.961 Z] [INFO] [cadence.virtuoso.ade.simulationMonitor] - Notice from spectre during DC analysis, during Noise analysis `noise'.
    GminDC = 1 pS is large enough to noticeably affect the DC solution.
        dV(I0.C1<0>_turbo_m6.d1) = 199.872 uV
        Use the `gmin_check' option to eliminate or expand this report. {"history": "Interactive.77", "point": 1, "testname": "DC", "cornername": "Nominal"}
[2026-05-26 08:36:47.961 Z] [WARN] [cadence.virtuoso.ade.simulationMonitor] -     WARNING (CMI-2943): Parameter checks have been ignored because the valid value for parameter 'trise' could not be found in 'C0'. {"history": "Interactive.77", "point": 1, "testname": "DC", "cornername": "Nominal"}
[2026-05-26 08:36:47.961 Z] [WARN] [cadence.virtuoso.ade.simulationMonitor] -     WARNING (CMI-2943): Parameter checks have been ignored because the valid value for parameter 'trise' could not be found in 'I0.R0.CM'. {"history": "Interactive.77", "point": 1, "testname": "DC", "cornername": "Nominal"}
[2026-05-26 08:36:47.962 Z] [WARN] [cadence.virtuoso.ade.simulationMonitor] -     WARNING (CMI-2943): Parameter checks have been ignored because the valid value for parameter 'trise' could not be found in 'I0.R0.CS1'. {"history": "Interactive.77", "point": 1, "testname": "DC", "cornername": "Nominal"}
[2026-05-26 08:36:47.962 Z] [WARN] [cadence.virtuoso.ade.simulationMonitor] -     WARNING (CMI-2943): Parameter checks have been ignored because the valid value for parameter 'trise' could not be found in 'I0.R0.CS0'. {"history": "Interactive.77", "point": 1, "testname": "DC", "cornername": "Nominal"}
[2026-05-26 08:36:47.962 Z] [WARN] [cadence.virtuoso.ade.simulationMonitor] -     WARNING (CMI-2943): Parameter checks have been ignored because the valid value for parameter 'trise' could not be found in 'I0.C1<0>_turbo_m6.dsub2'.
        Further occurrences of this warning will be suppressed. {"history": "Interactive.77", "point": 1, "testname": "DC", "cornername": "Nominal"}
[2026-05-26 08:36:47.962 Z] [INFO] [cadence.virtuoso.ade.simulationMonitor] - Total time required for noise analysis `noise': CPU = 51.159 ms, elapsed = 63.55 ms, util. = 80.5%. {"history": "Interactive.77", "point": 1, "testname": "DC", "cornername": "Nominal"}
[2026-05-26 08:36:47.962 Z] [INFO] [cadence.virtuoso.ade.simulationMonitor] - Peak resident memory used = 215 Mbytes. {"history": "Interactive.77", "point": 1, "testname": "DC", "cornername": "Nominal"}
[2026-05-26 08:36:47.962 Z] [INFO] [cadence.virtuoso.ade.simulationMonitor] - Notice from spectre.
    18 warnings suppressed. {"history": "Interactive.77", "point": 1, "testname": "DC", "cornername": "Nominal"}
[2026-05-26 08:36:47.963 Z] [WARN] [cadence.virtuoso.ade.simulationMonitor] -     WARNING (CMI-2425): I0.C1<0>_dummy: `Acde' = 2.393 is unusually large. {"history": "Interactive.77", "point": 1, "testname": "DC", "cornername": "Nominal"}
[2026-05-26 08:36:47.963 Z] [WARN] [cadence.virtuoso.ade.simulationMonitor] -     WARNING (CMI-2425): I0.C1<0>_dummy: `Noff' = 4.732 is unusually large. {"history": "Interactive.77", "point": 1, "testname": "DC", "cornername": "Nominal"}
[2026-05-26 08:36:47.963 Z] [WARN] [cadence.virtuoso.ade.simulationMonitor] -     WARNING (CMI-2424): I0.C1<0>_dummy: `Voffcv' = -867.4e-03 is unusually small. {"history": "Interactive.77", "point": 1, "testname": "DC", "cornername": "Nominal"}
[2026-05-26 08:36:47.963 Z] [INFO] [cadence.virtuoso.ade.simulationMonitor] - Time used: CPU = 774 ms, elapsed = 1.6 s, util. = 48.3%. {"history": "Interactive.77", "point": 1, "testname": "DC", "cornername": "Nominal"}
[2026-05-26 08:36:47.963 Z] [INFO] [cadence.virtuoso.ade.simulationMonitor] - Time spent in licensing: elapsed = 69.3 ms. {"history": "Interactive.77", "point": 1, "testname": "DC", "cornername": "Nominal"}
[2026-05-26 08:36:47.964 Z] [INFO] [cadence.virtuoso.ade.simulationMonitor] - Peak memory used = 215 Mbytes. {"history": "Interactive.77", "point": 1, "testname": "DC", "cornername": "Nominal"}
[2026-05-26 08:36:47.965 Z] [PROCESS] [cadence.virtuoso.ade.simulationMonitor] - Simulation started at: 8:36:46 AM, Tue May 26, 2026, ended at: 8:36:47 AM, Tue May 26, 2026, with elapsed time (wall clock): 1.6 s. {"history": "Interactive.77", "point": 1, "testname": "DC", "cornername": "Nominal"}
[2026-05-26 08:36:47.965 Z] [PROCESS] [cadence.virtuoso.ade.simulationMonitor] - spectre completes with 0 errors, 56 warnings, and 17 notices. {"history": "Interactive.77", "point": 1, "testname": "DC", "cornername": "Nominal"}
[2026-05-26 08:36:47.966 Z] [PROCESS] [cadence.virtuoso.ade.simulationMonitor] - Finished simulating for one point {"hostname": "il2244vt26_hrahimi", "processid": 62085, "history": "Interactive.77", "testname": "DC", "cornername": "Nominal", "point": 1, "logfile": "/home/hrahimi/projects/POTENTIOSTAT_26/logs_hrahimi/logs0/Job4.log", "simid": "1"}
[2026-05-26 08:36:47.966 Z] [PROCESS] [cadence.virtuoso.ade.simulationMonitor] - Simulator exited {"hostname": "il2244vt26_hrahimi", "processid": 62085, "history": "Interactive.77", "testname": "DC", "cornername": "Nominal", "point": 1, "logfile": "/home/hrahimi/projects/POTENTIOSTAT_26/logs_hrahimi/logs0/Job4.log", "exitStatus": "0"}
[2026-05-26 08:36:47.966 Z] [PROCESS] [cadence.virtuoso.ade.simulationMonitor] - Finished Simulation {"hostname": "il2244vt26_hrahimi", "processid": 62085, "history": "Interactive.77", "testname": "DC", "cornername": "Nominal", "point": 1, "logfile": "/home/hrahimi/projects/POTENTIOSTAT_26/logs_hrahimi/logs0/Job4.log", "simid": "1"}
[2026-05-26 08:36:52.983 Z] [PROCESS] [cadence.virtuoso.ade.simulationMonitor] - Point Finished {"hostname": "il2244vt26_hrahimi", "processid": 62085, "history": "Interactive.77", "testname": "DC", "cornername": "Nominal", "point": 1, "logfile": "/home/hrahimi/projects/POTENTIOSTAT_26/logs_hrahimi/logs0/Job4.log"}
[2026-05-26 08:36:53.986 Z] [PROCESS] [cadence.virtuoso.ade.simulationMonitor] - Stay with the runId '2', Linger time '300', currentRunSyn '5', currentTestSyn '6' {"hostname": "il2244vt26_hrahimi", "processid": 62085, "history": "Interactive.77", "testname": "DC", "cornername": "Nominal", "point": 1, "logfile": "/home/hrahimi/projects/POTENTIOSTAT_26/logs_hrahimi/logs0/Job4.log"}
[2026-05-26 08:41:53.911 Z] [PROCESS] [cadence.virtuoso.ade.simulationMonitor] - Current memory used: 52.9531 MBytes, peak memory used: 52.9531 MBytes {"hostname": "il2244vt26_hrahimi", "processid": 62085, "history": "Interactive.77", "testname": "DC", "cornername": "Nominal", "point": 1, "logfile": "/home/hrahimi/projects/POTENTIOSTAT_26/logs_hrahimi/logs0/Job4.log"}
[2026-05-26 08:41:53.912 Z] [PROCESS] [cadence.virtuoso.ade.simulationMonitor] - Simulation Monitor process exit. {"hostname": "il2244vt26_hrahimi", "processid": 62085, "history": "Interactive.77", "testname": "DC", "cornername": "Nominal", "point": 1, "logfile": "/home/hrahimi/projects/POTENTIOSTAT_26/logs_hrahimi/logs0/Job4.log"}
