[Simulation Monitor: 43]
[2026-06-03 15:43:43.756 Z] [PROCESS] [cadence.virtuoso.ade.simulationMonitor] - Simulation Monitor has successfully started up. Trying to set up communication channels to other components ... {"hostname": "il2244vt26_hrahimi", "processid": 2616909, "logfile": "/home/hrahimi/projects/POTENTIOSTAT_26/logs_hrahimi/logs0/Job43.log"}
[2026-06-03 15:43:43.758 Z] [PROCESS] [cadence.virtuoso.ade.simulationMonitor] - Communication channels have been successfully set up. Start processing events ... {"hostname": "il2244vt26_hrahimi", "processid": 2616909, "logfile": "/home/hrahimi/projects/POTENTIOSTAT_26/logs_hrahimi/logs0/Job43.log"}
[2026-06-03 15:43:43.758 Z] [PROCESS] [cadence.virtuoso.ade.simulationMonitor] - Considering to start history {"hostname": "il2244vt26_hrahimi", "processid": 2616909, "history": "MonteCarlo.1", "logfile": "/home/hrahimi/projects/POTENTIOSTAT_26/logs_hrahimi/logs0/Job43.log"}
[2026-06-03 15:43:43.765 Z] [PROCESS] [cadence.virtuoso.ade.simulationMonitor] - HostInfo:
Host name (type):	il2244vt26_hrahimi (x86_64)
Operating system:	Linux 5.15.0-164-generic #174-Ubuntu SMP Fri Nov 14 20:25:16 UTC 2025 {"hostname": "il2244vt26_hrahimi", "processid": 2616909, "history": "MonteCarlo.1", "testname": "TIA_Gain_Linearity_MC", "cornername": "Nominal", "point": 1, "logfile": "/home/hrahimi/projects/POTENTIOSTAT_26/logs_hrahimi/logs0/Job43.log", "nodename": "il2244vt26_hrahimi", "domainname": "(none)", "machine": "x86_64", "sysname": "Linux", "release": "5.15.0-164-generic", "version": "#174-Ubuntu SMP Fri Nov 14 20:25:16 UTC 2025"}
[2026-06-03 15:43:43.765 Z] [PROCESS] [cadence.virtuoso.ade.simulationMonitor] - UsageInfo:
pid=2616909
totalPhysicalMemory=3023.749672GB,Used=2670.075310GB,totalVirtualMemory=3031.749668GB,Used=2670.181755GB
Cpu: Cores=48, Load average:6.870000,7.200000,9.240000 {"hostname": "il2244vt26_hrahimi", "processid": 2616909, "history": "MonteCarlo.1", "testname": "TIA_Gain_Linearity_MC", "cornername": "Nominal", "point": 1, "logfile": "/home/hrahimi/projects/POTENTIOSTAT_26/logs_hrahimi/logs0/Job43.log", "pid": "2616909", "totalPhysicalMemory": "3023.749672", "physicalMemoryUsed": "2670.075310", "totalVirtualMemory": "3031.749668", "virtualMemoryUsed": "2670.181755", "cpuCores": "48", "processes": "29513", "loadAverage1": "6.870000", "loadAverage5": "7.200000", "loadAverage15": "9.240000", "loadAverage1Percent": "0.143125"}
[2026-06-03 15:43:43.767 Z] [EVENT] [cadence.virtuoso.ade.simulationMonitor] - NewPoint {"history": "MonteCarlo.1", "point": 1, "testname": "TIA_Gain_Linearity_MC", "cornername": "Nominal", "event": "NewPoint", "EventSource": "Simulation Monitor", "HistoryName": "MonteCarlo.1", "logFile": "/home/hrahimi/projects/POTENTIOSTAT_26/logs_hrahimi/logs0/Job43.log", "logFileSize": "2421"}
[2026-06-03 15:43:43.869 Z] [EVENT] [cadence.virtuoso.ade.simulationMonitor] - NewPoint {"history": "MonteCarlo.1", "point": 1, "testname": "TIA_Gain_Linearity_MC", "cornername": "Nominal", "event": "NewPoint", "EventSource": "spectre", "HistoryName": "MonteCarlo.1", "logFile": "/home/hrahimi/projects/POTENTIOSTAT_26/Sim/Potentiostat_Top/top/maestro/results/maestro/MonteCarlo.1/1/TIA_Gain_Linearity_MC/groupRunDataDir/psf/spectre.out", "logFileSize": "-1"}
[2026-06-03 15:43:43.883 Z] [PROCESS] [cadence.virtuoso.ade.simulationMonitor] - Simulator launched {"hostname": "il2244vt26_hrahimi", "processid": 2616909, "history": "MonteCarlo.1", "testname": "TIA_Gain_Linearity_MC", "cornername": "Nominal", "point": 1, "logfile": "/home/hrahimi/projects/POTENTIOSTAT_26/logs_hrahimi/logs0/Job43.log", "simid": "1"}
[2026-06-03 15:43:43.886 Z] [PROCESS] [cadence.virtuoso.ade.simulationMonitor] - Expression evaluator launched {"hostname": "il2244vt26_hrahimi", "processid": 2616909, "history": "MonteCarlo.1", "testname": "TIA_Gain_Linearity_MC", "cornername": "Nominal", "point": 1, "logfile": "/home/hrahimi/projects/POTENTIOSTAT_26/logs_hrahimi/logs0/Job43.log"}
[2026-06-03 15:43:43.952 Z] [PROCESS] [cadence.virtuoso.ade.simulationMonitor] - Started Simulation {"hostname": "il2244vt26_hrahimi", "processid": 2616909, "history": "MonteCarlo.1", "testname": "TIA_Gain_Linearity_MC", "cornername": "Nominal", "point": 1, "logfile": "/home/hrahimi/projects/POTENTIOSTAT_26/logs_hrahimi/logs0/Job43.log", "event": "started", "task": "simulation"}
[2026-06-03 15:43:44.953 Z] [WARN] [cadence.virtuoso.ade.simulationMonitor] -     WARNING (SPECTRE-691): This CPU processor does not support x86 advanced vector extensions instructions. This may affect math operations and slow down the simulation. {"history": "MonteCarlo.1", "point": 1, "testname": "TIA_Gain_Linearity_MC", "cornername": "Nominal"}
[2026-06-03 15:43:44.954 Z] [INFO] [cadence.virtuoso.ade.simulationMonitor] - Notice from spectre during circuit read-in.
    Pre_Configuration file used: /opt/tools/cadence/installs/SPECTRE241/tools.lnx86/spectre/etc/configs/preset.precfg
    Configuration file used: `/opt/tools/cadence/installs/SPECTRE241/tools.lnx86/spectre/etc/configs/preset.cfg'. {"history": "MonteCarlo.1", "point": 1, "testname": "TIA_Gain_Linearity_MC", "cornername": "Nominal"}
[2026-06-03 15:43:44.954 Z] [WARN] [cadence.virtuoso.ade.simulationMonitor] -     WARNING (SPECTRE-8360): line 1511: `ac' is an undefined primitive device. {"history": "MonteCarlo.1", "point": 1, "testname": "TIA_Gain_Linearity_MC", "cornername": "Nominal"}
[2026-06-03 15:43:44.954 Z] [WARN] [cadence.virtuoso.ade.simulationMonitor] -     WARNING (SPECTRE-8360): line 1512: `ac' is an undefined primitive device. {"history": "MonteCarlo.1", "point": 1, "testname": "TIA_Gain_Linearity_MC", "cornername": "Nominal"}
[2026-06-03 15:43:44.954 Z] [WARN] [cadence.virtuoso.ade.simulationMonitor] -     WARNING (SPECTRE-8360): line 1513: `ac' is an undefined primitive device. {"history": "MonteCarlo.1", "point": 1, "testname": "TIA_Gain_Linearity_MC", "cornername": "Nominal"}
[2026-06-03 15:43:44.955 Z] [WARN] [cadence.virtuoso.ade.simulationMonitor] -     WARNING (SPECTRE-8360): line 1514: `ac' is an undefined primitive device. {"history": "MonteCarlo.1", "point": 1, "testname": "TIA_Gain_Linearity_MC", "cornername": "Nominal"}
[2026-06-03 15:43:44.955 Z] [WARN] [cadence.virtuoso.ade.simulationMonitor] -     WARNING (SPECTRE-8360): line 1515: `ac' is an undefined primitive device.
        Further occurrences of this warning will be suppressed. {"history": "MonteCarlo.1", "point": 1, "testname": "TIA_Gain_Linearity_MC", "cornername": "Nominal"}
[2026-06-03 15:43:44.956 Z] [WARN] [cadence.virtuoso.ade.simulationMonitor] -     WARNING (VACOMP-2435): The environment variable CDS_AHDLCMI_ENABLE is no longer supported. Therefore, the simulator will use the default compiled C code flow. {"history": "MonteCarlo.1", "point": 1, "testname": "TIA_Gain_Linearity_MC", "cornername": "Nominal"}
[2026-06-03 15:43:45.956 Z] [INFO] [cadence.virtuoso.ade.simulationMonitor] - Peak resident memory used = 217 Mbytes. {"history": "MonteCarlo.1", "point": 1, "testname": "TIA_Gain_Linearity_MC", "cornername": "Nominal"}
[2026-06-03 15:43:47.458 Z] [WARN] [cadence.virtuoso.ade.simulationMonitor] -     WARNING (SFE-3027): The dangling resistor I7.rb286 is removed. {"history": "MonteCarlo.1", "point": 1, "testname": "TIA_Gain_Linearity_MC", "cornername": "Nominal"}
[2026-06-03 15:43:47.459 Z] [WARN] [cadence.virtuoso.ade.simulationMonitor] -     WARNING (SFE-3027): The dangling resistor I7.rb20 is removed. {"history": "MonteCarlo.1", "point": 1, "testname": "TIA_Gain_Linearity_MC", "cornername": "Nominal"}
[2026-06-03 15:43:47.459 Z] [WARN] [cadence.virtuoso.ade.simulationMonitor] -     WARNING (SFE-3027): The dangling resistor I7.rb282 is removed. {"history": "MonteCarlo.1", "point": 1, "testname": "TIA_Gain_Linearity_MC", "cornername": "Nominal"}
[2026-06-03 15:43:47.459 Z] [WARN] [cadence.virtuoso.ade.simulationMonitor] -     WARNING (SFE-3027): The dangling resistor I7.rd2 is removed. {"history": "MonteCarlo.1", "point": 1, "testname": "TIA_Gain_Linearity_MC", "cornername": "Nominal"}
[2026-06-03 15:43:47.459 Z] [WARN] [cadence.virtuoso.ade.simulationMonitor] -     WARNING (SFE-3027): The dangling resistor I7.rb285 is removed.
        Further occurrences of this warning will be suppressed. {"history": "MonteCarlo.1", "point": 1, "testname": "TIA_Gain_Linearity_MC", "cornername": "Nominal"}
[2026-06-03 15:43:47.459 Z] [WARN] [cadence.virtuoso.ade.simulationMonitor] -     WARNING (SFE-3012): The dummy device I0.I16.DLIB12 is removed. {"history": "MonteCarlo.1", "point": 1, "testname": "TIA_Gain_Linearity_MC", "cornername": "Nominal"}
[2026-06-03 15:43:47.459 Z] [WARN] [cadence.virtuoso.ade.simulationMonitor] -     WARNING (SFE-3012): The dummy device I0.I15.DLIB9 is removed. {"history": "MonteCarlo.1", "point": 1, "testname": "TIA_Gain_Linearity_MC", "cornername": "Nominal"}
[2026-06-03 15:43:47.460 Z] [WARN] [cadence.virtuoso.ade.simulationMonitor] -     WARNING (SFE-3012): The dummy device I0.I0.DLIB6 is removed. {"history": "MonteCarlo.1", "point": 1, "testname": "TIA_Gain_Linearity_MC", "cornername": "Nominal"}
[2026-06-03 15:43:47.460 Z] [WARN] [cadence.virtuoso.ade.simulationMonitor] -     WARNING (SFE-3012): The dummy device I0.I16.DLIB10 is removed. {"history": "MonteCarlo.1", "point": 1, "testname": "TIA_Gain_Linearity_MC", "cornername": "Nominal"}
[2026-06-03 15:43:47.460 Z] [WARN] [cadence.virtuoso.ade.simulationMonitor] -     WARNING (SFE-3012): The dummy device I0.I17.DLIB5 is removed.
        Further occurrences of this warning will be suppressed. {"history": "MonteCarlo.1", "point": 1, "testname": "TIA_Gain_Linearity_MC", "cornername": "Nominal"}
[2026-06-03 15:43:47.460 Z] [WARN] [cadence.virtuoso.ade.simulationMonitor] -     WARNING (SFE-3028): The floating resistor R8 is removed. {"history": "MonteCarlo.1", "point": 1, "testname": "TIA_Gain_Linearity_MC", "cornername": "Nominal"}
[2026-06-03 15:43:47.460 Z] [WARN] [cadence.virtuoso.ade.simulationMonitor] -     WARNING (SFE-3015): The dangling node I2.210\:GNDA is removed. {"history": "MonteCarlo.1", "point": 1, "testname": "TIA_Gain_Linearity_MC", "cornername": "Nominal"}
[2026-06-03 15:43:47.460 Z] [WARN] [cadence.virtuoso.ade.simulationMonitor] -     WARNING (SFE-3015): The dangling node I2.192\:VPI is removed. {"history": "MonteCarlo.1", "point": 1, "testname": "TIA_Gain_Linearity_MC", "cornername": "Nominal"}
[2026-06-03 15:43:47.461 Z] [WARN] [cadence.virtuoso.ade.simulationMonitor] -     WARNING (SFE-3015): The dangling node I2.693\:VPI is removed. {"history": "MonteCarlo.1", "point": 1, "testname": "TIA_Gain_Linearity_MC", "cornername": "Nominal"}
[2026-06-03 15:43:47.461 Z] [WARN] [cadence.virtuoso.ade.simulationMonitor] -     WARNING (SFE-3015): The dangling node I2.13\:I25|I30|SN is removed. {"history": "MonteCarlo.1", "point": 1, "testname": "TIA_Gain_Linearity_MC", "cornername": "Nominal"}
[2026-06-03 15:43:47.461 Z] [WARN] [cadence.virtuoso.ade.simulationMonitor] -     WARNING (SFE-3015): The dangling node I2.33\:S(3) is removed.
        Further occurrences of this warning will be suppressed. {"history": "MonteCarlo.1", "point": 1, "testname": "TIA_Gain_Linearity_MC", "cornername": "Nominal"}
[2026-06-03 15:43:47.461 Z] [WARN] [cadence.virtuoso.ade.simulationMonitor] -     WARNING (SFE-3016): The floating node net74 is removed. {"history": "MonteCarlo.1", "point": 1, "testname": "TIA_Gain_Linearity_MC", "cornername": "Nominal"}
[2026-06-03 15:43:47.461 Z] [WARN] [cadence.virtuoso.ade.simulationMonitor] -     WARNING (SFE-3016): The floating node net73 is removed. {"history": "MonteCarlo.1", "point": 1, "testname": "TIA_Gain_Linearity_MC", "cornername": "Nominal"}
[2026-06-03 15:43:47.461 Z] [WARN] [cadence.virtuoso.ade.simulationMonitor] -     WARNING (SFE-3023): The dangling node net45 is removed. It should not be dangling since it is defined in top level. {"history": "MonteCarlo.1", "point": 1, "testname": "TIA_Gain_Linearity_MC", "cornername": "Nominal"}
[2026-06-03 15:43:47.462 Z] [WARN] [cadence.virtuoso.ade.simulationMonitor] -     WARNING (SFE-3023): The dangling node net46 is removed. It should not be dangling since it is defined in top level. {"history": "MonteCarlo.1", "point": 1, "testname": "TIA_Gain_Linearity_MC", "cornername": "Nominal"}
[2026-06-03 15:43:47.462 Z] [INFO] [cadence.virtuoso.ade.simulationMonitor] - Notice from spectre during hierarchy flattening.
    Spectre X Parasitic Optimization enabled.
    Parasitic optimization will filter out parasitic nodes, nodes only connected to RCs, by default. To view individual parasitic nodes use individual save statements (i.e. save out), or use the 'savefilter=none' option to save all parasitic nodes. Saving all parasitic nodes may slow down simulation and create large waveform files. {"history": "MonteCarlo.1", "point": 1, "testname": "TIA_Gain_Linearity_MC", "cornername": "Nominal"}
[2026-06-03 15:43:47.462 Z] [INFO] [cadence.virtuoso.ade.simulationMonitor] - Peak resident memory used = 250 Mbytes. {"history": "MonteCarlo.1", "point": 1, "testname": "TIA_Gain_Linearity_MC", "cornername": "Nominal"}
[2026-06-03 15:43:47.462 Z] [INFO] [cadence.virtuoso.ade.simulationMonitor] - Notice from spectre during hierarchy flattening.
    The value 'psf' specified for the 'checklimitdest' option will no longer be supported in future releases. Use 'spectre -h' to see other recommended values for the 'checklimitdest' option.
    I0.I46.RLIB_GC1.CS0 of rpoly1c: `c' has the unusually small value of 634.694e-21 F.
    I0.I46.RLIB_GC1.CS1 of rpoly1c: `c' has the unusually small value of 634.694e-21 F.
    I0.I45.RLIB_GC1.CS0 of rpoly1c: `c' has the unusually small value of 634.694e-21 F.
    I0... {"history": "MonteCarlo.1", "point": 1, "testname": "TIA_Gain_Linearity_MC", "cornername": "Nominal"}
[2026-06-03 15:43:47.963 Z] [INFO] [cadence.virtuoso.ade.simulationMonitor] - Notice from spectre during hierarchy flattening.
    V8: `period' has the unusually large value of 100 s.
    V7: `period' has the unusually large value of 10 s.
    V3: `period' has the unusually large value of 6 s.
    I26: `period' has the unusually large value of 6 s. {"history": "MonteCarlo.1", "point": 1, "testname": "TIA_Gain_Linearity_MC", "cornername": "Nominal"}
[2026-06-03 15:43:47.963 Z] [INFO] [cadence.virtuoso.ade.simulationMonitor] - Peak resident memory used = 263 Mbytes. {"history": "MonteCarlo.1", "point": 1, "testname": "TIA_Gain_Linearity_MC", "cornername": "Nominal"}
[2026-06-03 15:43:47.963 Z] [WARN] [cadence.virtuoso.ade.simulationMonitor] -     WARNING (CMI-2425): I2.I56|C3: `Acde' = 2.393 is unusually large. {"history": "MonteCarlo.1", "point": 1, "testname": "TIA_Gain_Linearity_MC", "cornername": "Nominal"}
[2026-06-03 15:43:47.963 Z] [WARN] [cadence.virtuoso.ade.simulationMonitor] -     WARNING (CMI-2425): I2.I56|C3: `Noff' = 4.732 is unusually large. {"history": "MonteCarlo.1", "point": 1, "testname": "TIA_Gain_Linearity_MC", "cornername": "Nominal"}
[2026-06-03 15:43:47.964 Z] [WARN] [cadence.virtuoso.ade.simulationMonitor] -     WARNING (CMI-2424): I2.I56|C3: `Voffcv' = -867.4e-03 is unusually small. {"history": "MonteCarlo.1", "point": 1, "testname": "TIA_Gain_Linearity_MC", "cornername": "Nominal"}
[2026-06-03 15:43:47.964 Z] [WARN] [cadence.virtuoso.ade.simulationMonitor] -     WARNING (CMI-2425): I2.I56|C4: `Acde' = 2.393 is unusually large. {"history": "MonteCarlo.1", "point": 1, "testname": "TIA_Gain_Linearity_MC", "cornername": "Nominal"}
[2026-06-03 15:43:47.964 Z] [WARN] [cadence.virtuoso.ade.simulationMonitor] -     WARNING (CMI-2425): I2.I56|C4: `Noff' = 4.732 is unusually large. {"history": "MonteCarlo.1", "point": 1, "testname": "TIA_Gain_Linearity_MC", "cornername": "Nominal"}
[2026-06-03 15:43:47.964 Z] [WARN] [cadence.virtuoso.ade.simulationMonitor] -     WARNING (CMI-2424): I2.I56|C4: `Voffcv' = -867.4e-03 is unusually small. {"history": "MonteCarlo.1", "point": 1, "testname": "TIA_Gain_Linearity_MC", "cornername": "Nominal"}
[2026-06-03 15:43:47.965 Z] [WARN] [cadence.virtuoso.ade.simulationMonitor] -     WARNING (CMI-2425): I2.I56|C5: `Acde' = 2.393 is unusually large.
        Further occurrences of this warning will be suppressed. {"history": "MonteCarlo.1", "point": 1, "testname": "TIA_Gain_Linearity_MC", "cornername": "Nominal"}
[2026-06-03 15:43:47.965 Z] [WARN] [cadence.virtuoso.ade.simulationMonitor] -     WARNING (CMI-2424): I2.I56|C5: `Voffcv' = -867.4e-03 is unusually small. {"history": "MonteCarlo.1", "point": 1, "testname": "TIA_Gain_Linearity_MC", "cornername": "Nominal"}
[2026-06-03 15:43:47.965 Z] [WARN] [cadence.virtuoso.ade.simulationMonitor] -     WARNING (CMI-2424): I7.I0|C0(5): `Voffcv' = -867.4e-03 is unusually small. {"history": "MonteCarlo.1", "point": 1, "testname": "TIA_Gain_Linearity_MC", "cornername": "Nominal"}
[2026-06-03 15:43:47.965 Z] [WARN] [cadence.virtuoso.ade.simulationMonitor] -     WARNING (CMI-2424): I7.I0|C0(4): `Voffcv' = -867.4e-03 is unusually small.
        Further occurrences of this warning will be suppressed. {"history": "MonteCarlo.1", "point": 1, "testname": "TIA_Gain_Linearity_MC", "cornername": "Nominal"}
[2026-06-03 15:43:48.967 Z] [WARN] [cadence.virtuoso.ade.simulationMonitor] -     WARNING (SPECTRE-17607): Assert `SOAC_vert10_vsubpsub' is ignored because it contains an expression which is invalid or not supported by native evaluator.  {"history": "MonteCarlo.1", "point": 1, "testname": "TIA_Gain_Linearity_MC", "cornername": "Nominal"}
[2026-06-03 15:43:48.967 Z] [WARN] [cadence.virtuoso.ade.simulationMonitor] -     WARNING (SPECTRE-17607): Assert `SOAC_vert10_vcsub' is ignored because it contains an expression which is invalid or not supported by native evaluator.  {"history": "MonteCarlo.1", "point": 1, "testname": "TIA_Gain_Linearity_MC", "cornername": "Nominal"}
[2026-06-03 15:43:48.968 Z] [WARN] [cadence.virtuoso.ade.simulationMonitor] -     WARNING (SPECTRE-16460): SOAC_cvarm_vspsub:Specified subcircuit master `cvarm' was not found. {"history": "MonteCarlo.1", "point": 1, "testname": "TIA_Gain_Linearity_MC", "cornername": "Nominal"}
[2026-06-03 15:43:48.968 Z] [WARN] [cadence.virtuoso.ade.simulationMonitor] -     WARNING (SPECTRE-16462): SOAC_cvarm_vspsub:Error in specification of subcircuit master. Assert is ignored. {"history": "MonteCarlo.1", "point": 1, "testname": "TIA_Gain_Linearity_MC", "cornername": "Nominal"}
[2026-06-03 15:43:48.968 Z] [WARN] [cadence.virtuoso.ade.simulationMonitor] -     WARNING (SPECTRE-16460): SOAC_cvarm_vbs:Specified subcircuit master `cvarm' was not found. {"history": "MonteCarlo.1", "point": 1, "testname": "TIA_Gain_Linearity_MC", "cornername": "Nominal"}
[2026-06-03 15:43:48.968 Z] [WARN] [cadence.virtuoso.ade.simulationMonitor] -     WARNING (SPECTRE-16462): SOAC_cvarm_vbs:Error in specification of subcircuit master. Assert is ignored. {"history": "MonteCarlo.1", "point": 1, "testname": "TIA_Gain_Linearity_MC", "cornername": "Nominal"}
[2026-06-03 15:43:48.968 Z] [WARN] [cadence.virtuoso.ade.simulationMonitor] -     WARNING (SPECTRE-16460): SOAC_cvarm_vgb:Specified subcircuit master `cvarm' was not found. {"history": "MonteCarlo.1", "point": 1, "testname": "TIA_Gain_Linearity_MC", "cornername": "Nominal"}
[2026-06-03 15:43:48.968 Z] [WARN] [cadence.virtuoso.ade.simulationMonitor] -     WARNING (SPECTRE-16462): SOAC_cvarm_vgb:Error in specification of subcircuit master. Assert is ignored. {"history": "MonteCarlo.1", "point": 1, "testname": "TIA_Gain_Linearity_MC", "cornername": "Nominal"}
[2026-06-03 15:43:48.969 Z] [WARN] [cadence.virtuoso.ade.simulationMonitor] -     WARNING (SPECTRE-16460): SOAC_cvart_vspsub:Specified subcircuit master `cvart' was not found. {"history": "MonteCarlo.1", "point": 1, "testname": "TIA_Gain_Linearity_MC", "cornername": "Nominal"}
[2026-06-03 15:43:48.969 Z] [WARN] [cadence.virtuoso.ade.simulationMonitor] -     WARNING (SPECTRE-16462): SOAC_cvart_vspsub:Error in specification of subcircuit master. Assert is ignored. {"history": "MonteCarlo.1", "point": 1, "testname": "TIA_Gain_Linearity_MC", "cornername": "Nominal"}
[2026-06-03 15:43:48.969 Z] [WARN] [cadence.virtuoso.ade.simulationMonitor] -     WARNING (SPECTRE-16460): SOAC_cvart_vbs:Specified subcircuit master `cvart' was not found.
        Further occurrences of this warning will be suppressed. {"history": "MonteCarlo.1", "point": 1, "testname": "TIA_Gain_Linearity_MC", "cornername": "Nominal"}
[2026-06-03 15:43:48.969 Z] [WARN] [cadence.virtuoso.ade.simulationMonitor] -     WARNING (SPECTRE-16462): SOAC_cvart_vbs:Error in specification of subcircuit master. Assert is ignored.
        Further occurrences of this warning will be suppressed. {"history": "MonteCarlo.1", "point": 1, "testname": "TIA_Gain_Linearity_MC", "cornername": "Nominal"}
[2026-06-03 15:43:49.970 Z] [INFO] [cadence.virtuoso.ade.simulationMonitor] - Notice from spectre during topology check.
    Only one connection to the following 2308 nodes:
        I0.I46.RLIB_GC1.R1.psub!
        I0.I46.RLIB_GC1.R2.psub!
        I0.I46.MNLIB_DR1.M_esdnmos4.psub!
        I0.I46.DLIB2.psub!
        I0.I46.DLIB1.psub!
        Further occurrences of this notice will be suppressed. {"history": "MonteCarlo.1", "point": 1, "testname": "TIA_Gain_Linearity_MC", "cornername": "Nominal"}
[2026-06-03 15:43:53.976 Z] [INFO] [cadence.virtuoso.ade.simulationMonitor] -               nodes 23214 {"history": "MonteCarlo.1", "point": 1, "testname": "TIA_Gain_Linearity_MC", "cornername": "Nominal"}
[2026-06-03 15:43:53.977 Z] [INFO] [cadence.virtuoso.ade.simulationMonitor] - Notice from spectre during initial setup.
    7 resistors are shorted because their absolute value is less than or equal to 'rabsshort'.
    4 resistors are changed to resistance form because their value are less than 'rthresh'.
    Spectre X preset=cx enabled.
    47 notices suppressed.
    243 warnings suppressed. {"history": "MonteCarlo.1", "point": 1, "testname": "TIA_Gain_Linearity_MC", "cornername": "Nominal"}
[2026-06-03 15:43:53.978 Z] [INFO] [cadence.virtuoso.ade.simulationMonitor] - Notice from spectre.
    Multithreading enabled: 8 threads in the system with 48 available processors. {"history": "MonteCarlo.1", "point": 1, "testname": "TIA_Gain_Linearity_MC", "cornername": "Nominal"}
[2026-06-03 15:43:53.979 Z] [INFO] [cadence.virtuoso.ade.simulationMonitor] - Peak resident memory used = 336 Mbytes. {"history": "MonteCarlo.1", "point": 1, "testname": "TIA_Gain_Linearity_MC", "cornername": "Nominal"}
[2026-06-03 15:43:53.979 Z] [INFO] [cadence.virtuoso.ade.simulationMonitor] -    -   (Spectre X) Multi-threading. The recommended number of threads is [4, 8], consider adding +mt=4 or +mt=8 on command line. {"history": "MonteCarlo.1", "point": 1, "testname": "TIA_Gain_Linearity_MC", "cornername": "Nominal"}
[2026-06-03 15:43:54.480 Z] [INFO] [cadence.virtuoso.ade.simulationMonitor] - Notice from spectre in `vert10':`I7.I2|Q3(29)', in `fbias_bias2_f_av_extracted':`I7', during Monte Carlo analysis `mc1'.
    I7.I2|Q3(29).bjtinsub: `minr' has the unusually small value of 10 fOhm. {"history": "MonteCarlo.1", "point": 1, "testname": "TIA_Gain_Linearity_MC", "cornername": "Nominal"}
[2026-06-03 15:43:54.480 Z] [INFO] [cadence.virtuoso.ade.simulationMonitor] - Notice from spectre in `vert10':`I7.I2|Q3(28)', in `fbias_bias2_f_av_extracted':`I7', during Monte Carlo analysis `mc1'.
    I7.I2|Q3(28).bjtinsub: `minr' has the unusually small value of 10 fOhm. {"history": "MonteCarlo.1", "point": 1, "testname": "TIA_Gain_Linearity_MC", "cornername": "Nominal"}
[2026-06-03 15:43:54.481 Z] [INFO] [cadence.virtuoso.ade.simulationMonitor] - Notice from spectre in `vert10':`I7.I2|Q3(27)', in `fbias_bias2_f_av_extracted':`I7', during Monte Carlo analysis `mc1'.
    I7.I2|Q3(27).bjtinsub: `minr' has the unusually small value of 10 fOhm. {"history": "MonteCarlo.1", "point": 1, "testname": "TIA_Gain_Linearity_MC", "cornername": "Nominal"}
[2026-06-03 15:43:54.481 Z] [INFO] [cadence.virtuoso.ade.simulationMonitor] - Notice from spectre in `vert10':`I7.I2|Q3(26)', in `fbias_bias2_f_av_extracted':`I7', during Monte Carlo analysis `mc1'.
    I7.I2|Q3(26).bjtinsub: `minr' has the unusually small value of 10 fOhm. {"history": "MonteCarlo.1", "point": 1, "testname": "TIA_Gain_Linearity_MC", "cornername": "Nominal"}
[2026-06-03 15:43:54.481 Z] [INFO] [cadence.virtuoso.ade.simulationMonitor] - Notice from spectre in `vert10':`I7.I2|Q3(25)', in `fbias_bias2_f_av_extracted':`I7', during Monte Carlo analysis `mc1'.
    I7.I2|Q3(25).bjtinsub: `minr' has the unusually small value of 10 fOhm.
        Further occurrences of this notice will be suppressed. {"history": "MonteCarlo.1", "point": 1, "testname": "TIA_Gain_Linearity_MC", "cornername": "Nominal"}
[2026-06-03 15:43:54.982 Z] [INFO] [cadence.virtuoso.ade.simulationMonitor] - Notice from spectre during Monte Carlo analysis `mc1'.
    V8: `period' has the unusually large value of 100 s.
    V7: `period' has the unusually large value of 10 s.
    V3: `period' has the unusually large value of 6 s.
    I26: `period' has the unusually large value of 6 s. {"history": "MonteCarlo.1", "point": 1, "testname": "TIA_Gain_Linearity_MC", "cornername": "Nominal"}
[2026-06-03 15:43:55.483 Z] [WARN] [cadence.virtuoso.ade.simulationMonitor] -     WARNING (CMI-2425): I7.I4|C1(10): `Acde' = 2.393 is unusually large. {"history": "MonteCarlo.1", "point": 1, "testname": "TIA_Gain_Linearity_MC", "cornername": "Nominal"}
[2026-06-03 15:43:55.484 Z] [WARN] [cadence.virtuoso.ade.simulationMonitor] -     WARNING (CMI-2425): I7.I4|C1(10): `Noff' = 4.732 is unusually large. {"history": "MonteCarlo.1", "point": 1, "testname": "TIA_Gain_Linearity_MC", "cornername": "Nominal"}
[2026-06-03 15:43:55.484 Z] [WARN] [cadence.virtuoso.ade.simulationMonitor] -     WARNING (CMI-2424): I7.I4|C1(10): `Voffcv' = -867.4e-03 is unusually small. {"history": "MonteCarlo.1", "point": 1, "testname": "TIA_Gain_Linearity_MC", "cornername": "Nominal"}
[2026-06-03 15:43:55.484 Z] [WARN] [cadence.virtuoso.ade.simulationMonitor] -     WARNING (CMI-2425): I7.I4|C1(9): `Acde' = 2.393 is unusually large. {"history": "MonteCarlo.1", "point": 1, "testname": "TIA_Gain_Linearity_MC", "cornername": "Nominal"}
[2026-06-03 15:43:55.484 Z] [WARN] [cadence.virtuoso.ade.simulationMonitor] -     WARNING (CMI-2425): I7.I4|C1(9): `Noff' = 4.732 is unusually large. {"history": "MonteCarlo.1", "point": 1, "testname": "TIA_Gain_Linearity_MC", "cornername": "Nominal"}
[2026-06-03 15:43:55.485 Z] [WARN] [cadence.virtuoso.ade.simulationMonitor] -     WARNING (CMI-2424): I7.I4|C1(9): `Voffcv' = -867.4e-03 is unusually small. {"history": "MonteCarlo.1", "point": 1, "testname": "TIA_Gain_Linearity_MC", "cornername": "Nominal"}
[2026-06-03 15:43:55.485 Z] [WARN] [cadence.virtuoso.ade.simulationMonitor] -     WARNING (CMI-2425): I7.I4|C1(8): `Acde' = 2.393 is unusually large.
        Further occurrences of this warning will be suppressed. {"history": "MonteCarlo.1", "point": 1, "testname": "TIA_Gain_Linearity_MC", "cornername": "Nominal"}
[2026-06-03 15:43:55.485 Z] [WARN] [cadence.virtuoso.ade.simulationMonitor] -     WARNING (CMI-2424): I7.I4|C1(8): `Voffcv' = -867.4e-03 is unusually small. {"history": "MonteCarlo.1", "point": 1, "testname": "TIA_Gain_Linearity_MC", "cornername": "Nominal"}
[2026-06-03 15:43:55.485 Z] [WARN] [cadence.virtuoso.ade.simulationMonitor] -     WARNING (CMI-2424): I7.I4|C1(7): `Voffcv' = -867.4e-03 is unusually small. {"history": "MonteCarlo.1", "point": 1, "testname": "TIA_Gain_Linearity_MC", "cornername": "Nominal"}
[2026-06-03 15:43:55.485 Z] [WARN] [cadence.virtuoso.ade.simulationMonitor] -     WARNING (CMI-2424): I7.I4|C1(6): `Voffcv' = -867.4e-03 is unusually small.
        Further occurrences of this warning will be suppressed. {"history": "MonteCarlo.1", "point": 1, "testname": "TIA_Gain_Linearity_MC", "cornername": "Nominal"}
[2026-06-03 15:43:55.486 Z] [INFO] [cadence.virtuoso.ade.simulationMonitor] - Notice from spectre during DC analysis `dcOp', during Monte Carlo analysis `mc1'.
    No checklimit analysis defined for asserts. A default checklimit analysis 'SpectreChecklimitAnal' has been created with all asserts enabled. {"history": "MonteCarlo.1", "point": 1, "testname": "TIA_Gain_Linearity_MC", "cornername": "Nominal"}
[2026-06-03 15:44:02.993 Z] [INFO] [cadence.virtuoso.ade.simulationMonitor] - Notice from spectre during DC analysis `dcOp', during Monte Carlo analysis `mc1'.
    Bad pivoting is found during DC analysis. Option dc_pivot_check=yes is recommended for possible improvement of convergence. {"history": "MonteCarlo.1", "point": 1, "testname": "TIA_Gain_Linearity_MC", "cornername": "Nominal"}
[2026-06-03 15:44:02.994 Z] [WARN] [cadence.virtuoso.ade.simulationMonitor] -     WARNING (CMI-2943): Parameter checks have been ignored because the valid value for parameter 'trise' could not be found in 'C0'. {"history": "MonteCarlo.1", "point": 1, "testname": "TIA_Gain_Linearity_MC", "cornername": "Nominal"}
[2026-06-03 15:44:02.994 Z] [WARN] [cadence.virtuoso.ade.simulationMonitor] -     WARNING (CMI-2943): Parameter checks have been ignored because the valid value for parameter 'trise' could not be found in 'C1'. {"history": "MonteCarlo.1", "point": 1, "testname": "TIA_Gain_Linearity_MC", "cornername": "Nominal"}
[2026-06-03 15:44:02.994 Z] [WARN] [cadence.virtuoso.ade.simulationMonitor] -     WARNING (CMI-2943): Parameter checks have been ignored because the valid value for parameter 'trise' could not be found in 'C11'. {"history": "MonteCarlo.1", "point": 1, "testname": "TIA_Gain_Linearity_MC", "cornername": "Nominal"}
[2026-06-03 15:44:02.994 Z] [WARN] [cadence.virtuoso.ade.simulationMonitor] -     WARNING (CMI-2943): Parameter checks have been ignored because the valid value for parameter 'trise' could not be found in 'C12'. {"history": "MonteCarlo.1", "point": 1, "testname": "TIA_Gain_Linearity_MC", "cornername": "Nominal"}
[2026-06-03 15:44:02.995 Z] [WARN] [cadence.virtuoso.ade.simulationMonitor] -     WARNING (CMI-2943): Parameter checks have been ignored because the valid value for parameter 'trise' could not be found in 'C5'.
        Further occurrences of this warning will be suppressed. {"history": "MonteCarlo.1", "point": 1, "testname": "TIA_Gain_Linearity_MC", "cornername": "Nominal"}
[2026-06-03 15:44:02.995 Z] [INFO] [cadence.virtuoso.ade.simulationMonitor] - Notice from spectre during check, during DC analysis `dcOp', during Monte Carlo analysis `mc1'.
    I0.I4.RLIB_GC2 of rdiffp3: `ig' has the unusually large value of -23.8997 A.
        Further occurrences of this notice will be suppressed. {"history": "MonteCarlo.1", "point": 1, "testname": "TIA_Gain_Linearity_MC", "cornername": "Nominal"}
[2026-06-03 15:44:03.496 Z] [WARN] [cadence.virtuoso.ade.simulationMonitor] -     WARNING (SPECTRE-17191): 
        Tolerance relaxation is used to obtain final DC solution which may affect the accuracy of the result. This is mainly caused by the high impedance nodes in the circuit. Use the dyn_highz check to determine the high impedance nodes. Setting/assigning appropriate initial values to these nodes will usually help to improve both performance and accuracy of DC simulations. {"history": "MonteCarlo.1", "point": 1, "testname": "TIA_Gain_Linearity_MC", "cornername": "Nominal"}
[2026-06-03 15:44:03.496 Z] [INFO] [cadence.virtuoso.ade.simulationMonitor] - Total time required for dc analysis `dcOp': CPU = 46.8037 s, elapsed = 7.98632 s, util. = 586%. {"history": "MonteCarlo.1", "point": 1, "testname": "TIA_Gain_Linearity_MC", "cornername": "Nominal"}
[2026-06-03 15:44:03.497 Z] [INFO] [cadence.virtuoso.ade.simulationMonitor] - Peak resident memory used = 397 Mbytes. {"history": "MonteCarlo.1", "point": 1, "testname": "TIA_Gain_Linearity_MC", "cornername": "Nominal"}
[2026-06-03 15:44:03.497 Z] [INFO] [cadence.virtuoso.ade.simulationMonitor] - Notice from spectre during Monte Carlo analysis `mc1'.
    312 notices suppressed.
    1433 warnings suppressed. {"history": "MonteCarlo.1", "point": 1, "testname": "TIA_Gain_Linearity_MC", "cornername": "Nominal"}
[2026-06-03 15:44:03.497 Z] [INFO] [cadence.virtuoso.ade.simulationMonitor] - Notice from spectre during DC analysis `dc', during Monte Carlo analysis `mc1'.
    I26: `period' has the unusually large value of 6 s. {"history": "MonteCarlo.1", "point": 1, "testname": "TIA_Gain_Linearity_MC", "cornername": "Nominal"}
[2026-06-03 15:44:21.510 Z] [INFO] [cadence.virtuoso.ade.simulationMonitor] - Notice from spectre at Idc = -5.5e-06 during DC analysis `dc', during Monte Carlo analysis `mc1'.
    Bad pivoting is found during DC analysis. Option dc_pivot_check=yes is recommended for possible improvement of convergence. {"history": "MonteCarlo.1", "point": 1, "testname": "TIA_Gain_Linearity_MC", "cornername": "Nominal"}
[2026-06-03 15:44:21.510 Z] [INFO] [cadence.virtuoso.ade.simulationMonitor] - Notice from spectre at Idc = -5.48e-06 during DC analysis `dc', during Monte Carlo analysis `mc1'.
    I26: `period' has the unusually large value of 6 s.
    Bad pivoting is found during DC analysis. Option dc_pivot_check=yes is recommended for possible improvement of convergence. {"history": "MonteCarlo.1", "point": 1, "testname": "TIA_Gain_Linearity_MC", "cornername": "Nominal"}
[2026-06-03 15:44:21.511 Z] [INFO] [cadence.virtuoso.ade.simulationMonitor] - Notice from spectre at Idc = -5.46e-06 during DC analysis `dc', during Monte Carlo analysis `mc1'.
    I26: `period' has the unusually large value of 6 s.
    Bad pivoting is found during DC analysis. Option dc_pivot_check=yes is recommended for possible improvement of convergence. {"history": "MonteCarlo.1", "point": 1, "testname": "TIA_Gain_Linearity_MC", "cornername": "Nominal"}
[2026-06-03 15:44:21.511 Z] [INFO] [cadence.virtuoso.ade.simulationMonitor] - Notice from spectre at Idc = -5.44e-06 during DC analysis `dc', during Monte Carlo analysis `mc1'.
    I26: `period' has the unusually large value of 6 s.
    Bad pivoting is found during DC analysis. Option dc_pivot_check=yes is recommended for possible improvement of convergence. {"history": "MonteCarlo.1", "point": 1, "testname": "TIA_Gain_Linearity_MC", "cornername": "Nominal"}
[2026-06-03 15:44:21.511 Z] [INFO] [cadence.virtuoso.ade.simulationMonitor] - Notice from spectre at Idc = -5.42e-06 during DC analysis `dc', during Monte Carlo analysis `mc1'.
    I26: `period' has the unusually large value of 6 s.
        Further occurrences of this notice will be suppressed. {"history": "MonteCarlo.1", "point": 1, "testname": "TIA_Gain_Linearity_MC", "cornername": "Nominal"}
[2026-06-03 15:44:25.015 Z] [INFO] [cadence.virtuoso.ade.simulationMonitor] - Notice from spectre at Idc = -4.54e-06 during DC analysis `dc', during Monte Carlo analysis `mc1'.
    GminDC = 1 pS is large enough to noticeably affect the DC solution.
        dV(I0.I36.R7_turbo_m4.net9) = 2.81859 uV
        Use the `gmin_check' option to eliminate or expand this report. {"history": "MonteCarlo.1", "point": 1, "testname": "TIA_Gain_Linearity_MC", "cornername": "Nominal"}
[2026-06-03 15:45:11.056 Z] [WARN] [cadence.virtuoso.ade.simulationMonitor] -     WARNING (CMI-2943): Parameter checks have been ignored because the valid value for parameter 'trise' could not be found in 'C0'. {"history": "MonteCarlo.1", "point": 1, "testname": "TIA_Gain_Linearity_MC", "cornername": "Nominal"}
[2026-06-03 15:45:11.056 Z] [WARN] [cadence.virtuoso.ade.simulationMonitor] -     WARNING (CMI-2943): Parameter checks have been ignored because the valid value for parameter 'trise' could not be found in 'C1'. {"history": "MonteCarlo.1", "point": 1, "testname": "TIA_Gain_Linearity_MC", "cornername": "Nominal"}
[2026-06-03 15:45:11.056 Z] [WARN] [cadence.virtuoso.ade.simulationMonitor] -     WARNING (CMI-2943): Parameter checks have been ignored because the valid value for parameter 'trise' could not be found in 'C11'. {"history": "MonteCarlo.1", "point": 1, "testname": "TIA_Gain_Linearity_MC", "cornername": "Nominal"}
[2026-06-03 15:45:11.056 Z] [WARN] [cadence.virtuoso.ade.simulationMonitor] -     WARNING (CMI-2943): Parameter checks have been ignored because the valid value for parameter 'trise' could not be found in 'C12'. {"history": "MonteCarlo.1", "point": 1, "testname": "TIA_Gain_Linearity_MC", "cornername": "Nominal"}
[2026-06-03 15:45:11.057 Z] [WARN] [cadence.virtuoso.ade.simulationMonitor] -     WARNING (CMI-2943): Parameter checks have been ignored because the valid value for parameter 'trise' could not be found in 'C5'.
        Further occurrences of this warning will be suppressed. {"history": "MonteCarlo.1", "point": 1, "testname": "TIA_Gain_Linearity_MC", "cornername": "Nominal"}
[2026-06-03 15:45:11.057 Z] [INFO] [cadence.virtuoso.ade.simulationMonitor] - Notice from spectre at Idc = 5.5e-06 during DC analysis `dc', during Monte Carlo analysis `mc1'.
    The value of parameter 'Idc' has been reset to the original value 0. {"history": "MonteCarlo.1", "point": 1, "testname": "TIA_Gain_Linearity_MC", "cornername": "Nominal"}
[2026-06-03 15:45:11.057 Z] [INFO] [cadence.virtuoso.ade.simulationMonitor] - Total time required for dc analysis `dc': CPU = 215.833 s (3m  35.8s), elapsed = 67.3507 s (1m  7.4s), util. = 320%. {"history": "MonteCarlo.1", "point": 1, "testname": "TIA_Gain_Linearity_MC", "cornername": "Nominal"}
[2026-06-03 15:45:11.057 Z] [INFO] [cadence.virtuoso.ade.simulationMonitor] - Peak resident memory used = 418 Mbytes. {"history": "MonteCarlo.1", "point": 1, "testname": "TIA_Gain_Linearity_MC", "cornername": "Nominal"}
[2026-06-03 15:45:11.057 Z] [INFO] [cadence.virtuoso.ade.simulationMonitor] - Notice from spectre during Monte Carlo analysis `mc1'.
    1096 notices suppressed.
    1356 warnings suppressed. {"history": "MonteCarlo.1", "point": 1, "testname": "TIA_Gain_Linearity_MC", "cornername": "Nominal"}
[2026-06-03 15:45:15.562 Z] [WARN] [cadence.virtuoso.ade.simulationMonitor] -     WARNING (CMI-2425): I7.I3|C1(0): `Acde' = 2.393 is unusually large. {"history": "MonteCarlo.1", "point": 1, "testname": "TIA_Gain_Linearity_MC", "cornername": "Nominal"}
[2026-06-03 15:45:15.563 Z] [WARN] [cadence.virtuoso.ade.simulationMonitor] -     WARNING (CMI-2425): I7.I3|C1(0): `Noff' = 4.732 is unusually large. {"history": "MonteCarlo.1", "point": 1, "testname": "TIA_Gain_Linearity_MC", "cornername": "Nominal"}
[2026-06-03 15:45:15.563 Z] [WARN] [cadence.virtuoso.ade.simulationMonitor] -     WARNING (CMI-2424): I7.I3|C1(0): `Voffcv' = -867.4e-03 is unusually small. {"history": "MonteCarlo.1", "point": 1, "testname": "TIA_Gain_Linearity_MC", "cornername": "Nominal"}
[2026-06-03 15:45:15.563 Z] [WARN] [cadence.virtuoso.ade.simulationMonitor] -     WARNING (CMI-2425): I7.I1|C0: `Acde' = 2.393 is unusually large. {"history": "MonteCarlo.1", "point": 1, "testname": "TIA_Gain_Linearity_MC", "cornername": "Nominal"}
[2026-06-03 15:45:15.564 Z] [WARN] [cadence.virtuoso.ade.simulationMonitor] -     WARNING (CMI-2425): I7.I1|C0: `Noff' = 4.732 is unusually large. {"history": "MonteCarlo.1", "point": 1, "testname": "TIA_Gain_Linearity_MC", "cornername": "Nominal"}
[2026-06-03 15:45:15.564 Z] [WARN] [cadence.virtuoso.ade.simulationMonitor] -     WARNING (CMI-2424): I7.I1|C0: `Voffcv' = -867.4e-03 is unusually small. {"history": "MonteCarlo.1", "point": 1, "testname": "TIA_Gain_Linearity_MC", "cornername": "Nominal"}
[2026-06-03 15:45:15.564 Z] [WARN] [cadence.virtuoso.ade.simulationMonitor] -     WARNING (CMI-2425): I7.I0|C1: `Acde' = 2.393 is unusually large.
        Further occurrences of this warning will be suppressed. {"history": "MonteCarlo.1", "point": 1, "testname": "TIA_Gain_Linearity_MC", "cornername": "Nominal"}
[2026-06-03 15:45:15.564 Z] [WARN] [cadence.virtuoso.ade.simulationMonitor] -     WARNING (CMI-2424): I7.I0|C1: `Voffcv' = -867.4e-03 is unusually small. {"history": "MonteCarlo.1", "point": 1, "testname": "TIA_Gain_Linearity_MC", "cornername": "Nominal"}
[2026-06-03 15:45:15.564 Z] [WARN] [cadence.virtuoso.ade.simulationMonitor] -     WARNING (CMI-2424): I7.I0|C2: `Voffcv' = -867.4e-03 is unusually small. {"history": "MonteCarlo.1", "point": 1, "testname": "TIA_Gain_Linearity_MC", "cornername": "Nominal"}
[2026-06-03 15:45:15.564 Z] [WARN] [cadence.virtuoso.ade.simulationMonitor] -     WARNING (CMI-2424): I7.I0|C0(0): `Voffcv' = -867.4e-03 is unusually small.
        Further occurrences of this warning will be suppressed. {"history": "MonteCarlo.1", "point": 1, "testname": "TIA_Gain_Linearity_MC", "cornername": "Nominal"}
[2026-06-03 15:45:17.566 Z] [INFO] [cadence.virtuoso.ade.simulationMonitor] - Notice from spectre at freq = 0 Hz during DC analysis, during AC analysis `ac', during Monte Carlo analysis `mc1'.
    Bad pivoting is found during DC analysis. Option dc_pivot_check=yes is recommended for possible improvement of convergence. {"history": "MonteCarlo.1", "point": 1, "testname": "TIA_Gain_Linearity_MC", "cornername": "Nominal"}
[2026-06-03 15:45:17.567 Z] [WARN] [cadence.virtuoso.ade.simulationMonitor] -     WARNING (CMI-2943): Parameter checks have been ignored because the valid value for parameter 'trise' could not be found in 'C0'. {"history": "MonteCarlo.1", "point": 1, "testname": "TIA_Gain_Linearity_MC", "cornername": "Nominal"}
[2026-06-03 15:45:17.567 Z] [WARN] [cadence.virtuoso.ade.simulationMonitor] -     WARNING (CMI-2943): Parameter checks have been ignored because the valid value for parameter 'trise' could not be found in 'C1'. {"history": "MonteCarlo.1", "point": 1, "testname": "TIA_Gain_Linearity_MC", "cornername": "Nominal"}
[2026-06-03 15:45:17.567 Z] [WARN] [cadence.virtuoso.ade.simulationMonitor] -     WARNING (CMI-2943): Parameter checks have been ignored because the valid value for parameter 'trise' could not be found in 'C11'. {"history": "MonteCarlo.1", "point": 1, "testname": "TIA_Gain_Linearity_MC", "cornername": "Nominal"}
[2026-06-03 15:45:17.567 Z] [WARN] [cadence.virtuoso.ade.simulationMonitor] -     WARNING (CMI-2943): Parameter checks have been ignored because the valid value for parameter 'trise' could not be found in 'C12'. {"history": "MonteCarlo.1", "point": 1, "testname": "TIA_Gain_Linearity_MC", "cornername": "Nominal"}
[2026-06-03 15:45:17.568 Z] [WARN] [cadence.virtuoso.ade.simulationMonitor] -     WARNING (CMI-2943): Parameter checks have been ignored because the valid value for parameter 'trise' could not be found in 'C5'.
        Further occurrences of this warning will be suppressed. {"history": "MonteCarlo.1", "point": 1, "testname": "TIA_Gain_Linearity_MC", "cornername": "Nominal"}
[2026-06-03 15:45:17.568 Z] [WARN] [cadence.virtuoso.ade.simulationMonitor] -     WARNING (SPECTRE-17192): 
        Tolerance relaxation is used during DC simulation which may affect the accuracy of the result. This is mainly caused by the high impedance nodes in the circuit. Use the dyn_highz check to determine the high impedance nodes. Setting/assigning appropriate initial values to these nodes will usually help to improve both performance and accuracy of DC simulations. {"history": "MonteCarlo.1", "point": 1, "testname": "TIA_Gain_Linearity_MC", "cornername": "Nominal"}
[2026-06-03 15:45:37.588 Z] [INFO] [cadence.virtuoso.ade.simulationMonitor] - Total time required for ac analysis `ac': CPU = 128.925 s (2m  8.9s), elapsed = 21.9905 s, util. = 586%. {"history": "MonteCarlo.1", "point": 1, "testname": "TIA_Gain_Linearity_MC", "cornername": "Nominal"}
[2026-06-03 15:45:37.589 Z] [INFO] [cadence.virtuoso.ade.simulationMonitor] - Peak resident memory used = 476 Mbytes. {"history": "MonteCarlo.1", "point": 1, "testname": "TIA_Gain_Linearity_MC", "cornername": "Nominal"}
[2026-06-03 15:45:37.589 Z] [INFO] [cadence.virtuoso.ade.simulationMonitor] - Notice from spectre during AC analysis `ac', during Monte Carlo analysis `mc1'.
    1433 warnings suppressed. {"history": "MonteCarlo.1", "point": 1, "testname": "TIA_Gain_Linearity_MC", "cornername": "Nominal"}
[2026-06-03 15:45:38.091 Z] [INFO] [cadence.virtuoso.ade.simulationMonitor] - Total time required for montecarlo analysis `mc1': CPU = 398.349 s (6m  38.3s), elapsed = 104.038 s (1m  44.0s), util. = 383%. {"history": "MonteCarlo.1", "point": 1, "testname": "TIA_Gain_Linearity_MC", "cornername": "Nominal"}
[2026-06-03 15:45:38.091 Z] [INFO] [cadence.virtuoso.ade.simulationMonitor] - Peak resident memory used = 476 Mbytes. {"history": "MonteCarlo.1", "point": 1, "testname": "TIA_Gain_Linearity_MC", "cornername": "Nominal"}
[2026-06-03 15:45:38.092 Z] [INFO] [cadence.virtuoso.ade.simulationMonitor] - Time used: CPU = 406 s (6m  46.5s), elapsed = 114 s (1m  53.5s), util. = 358%. {"history": "MonteCarlo.1", "point": 1, "testname": "TIA_Gain_Linearity_MC", "cornername": "Nominal"}
[2026-06-03 15:45:38.092 Z] [INFO] [cadence.virtuoso.ade.simulationMonitor] - Time spent in licensing: elapsed = 116 ms. {"history": "MonteCarlo.1", "point": 1, "testname": "TIA_Gain_Linearity_MC", "cornername": "Nominal"}
[2026-06-03 15:45:38.093 Z] [INFO] [cadence.virtuoso.ade.simulationMonitor] - Peak memory used = 476 Mbytes. {"history": "MonteCarlo.1", "point": 1, "testname": "TIA_Gain_Linearity_MC", "cornername": "Nominal"}
[2026-06-03 15:45:38.094 Z] [PROCESS] [cadence.virtuoso.ade.simulationMonitor] - Simulation started at: 3:43:44 PM, Wed Jun 3, 2026, ended at: 3:45:37 PM, Wed Jun 3, 2026, with elapsed time (wall clock): 114 s (1m  53.5s). {"history": "MonteCarlo.1", "point": 1, "testname": "TIA_Gain_Linearity_MC", "cornername": "Nominal", "Points": "1 "}
[2026-06-03 15:45:38.094 Z] [PROCESS] [cadence.virtuoso.ade.simulationMonitor] - spectre completes with 0 errors, 86 warnings, and 52 notices. {"history": "MonteCarlo.1", "point": 1, "testname": "TIA_Gain_Linearity_MC", "cornername": "Nominal", "Points": "1 "}
[2026-06-03 15:45:38.095 Z] [PROCESS] [cadence.virtuoso.ade.simulationMonitor] - Finished simulating for one iteration {"hostname": "il2244vt26_hrahimi", "processid": 2616909, "history": "MonteCarlo.1", "testname": "TIA_Gain_Linearity_MC", "cornername": "Nominal", "point": 1, "logfile": "/home/hrahimi/projects/POTENTIOSTAT_26/logs_hrahimi/logs0/Job43.log", "simid": "1"}
[2026-06-03 15:45:38.095 Z] [PROCESS] [cadence.virtuoso.ade.simulationMonitor] - Simulator exited {"hostname": "il2244vt26_hrahimi", "processid": 2616909, "history": "MonteCarlo.1", "testname": "TIA_Gain_Linearity_MC", "cornername": "Nominal", "point": 1, "logfile": "/home/hrahimi/projects/POTENTIOSTAT_26/logs_hrahimi/logs0/Job43.log", "exitStatus": "0"}
[2026-06-03 15:45:38.095 Z] [PROCESS] [cadence.virtuoso.ade.simulationMonitor] - Finished Simulation {"hostname": "il2244vt26_hrahimi", "processid": 2616909, "history": "MonteCarlo.1", "testname": "TIA_Gain_Linearity_MC", "cornername": "Nominal", "point": 1, "logfile": "/home/hrahimi/projects/POTENTIOSTAT_26/logs_hrahimi/logs0/Job43.log", "simid": "1"}
[2026-06-03 15:45:41.606 Z] [PROCESS] [cadence.virtuoso.ade.simulationMonitor] - Point Finished {"hostname": "il2244vt26_hrahimi", "processid": 2616909, "history": "MonteCarlo.1", "testname": "TIA_Gain_Linearity_MC", "cornername": "Nominal", "point": 1, "logfile": "/home/hrahimi/projects/POTENTIOSTAT_26/logs_hrahimi/logs0/Job43.log"}
[2026-06-03 15:45:42.613 Z] [PROCESS] [cadence.virtuoso.ade.simulationMonitor] - Stay with the runId '28', Linger time '300', currentRunSyn '54', currentTestSyn '87' {"hostname": "il2244vt26_hrahimi", "processid": 2616909, "history": "MonteCarlo.1", "testname": "TIA_Gain_Linearity_MC", "cornername": "Nominal", "point": 1, "logfile": "/home/hrahimi/projects/POTENTIOSTAT_26/logs_hrahimi/logs0/Job43.log"}
[2026-06-03 15:45:43.617 Z] [PROCESS] [cadence.virtuoso.ade.simulationMonitor] - Stay with the runId '28', Linger time '300', currentRunSyn '54', currentTestSyn '87' {"hostname": "il2244vt26_hrahimi", "processid": 2616909, "history": "MonteCarlo.1", "testname": "TIA_Gain_Linearity_MC", "cornername": "Nominal", "point": 1, "logfile": "/home/hrahimi/projects/POTENTIOSTAT_26/logs_hrahimi/logs0/Job43.log"}
[2026-06-03 15:45:44.622 Z] [PROCESS] [cadence.virtuoso.ade.simulationMonitor] - Stay with the runId '28', Linger time '300', currentRunSyn '54', currentTestSyn '87' {"hostname": "il2244vt26_hrahimi", "processid": 2616909, "history": "MonteCarlo.1", "testname": "TIA_Gain_Linearity_MC", "cornername": "Nominal", "point": 1, "logfile": "/home/hrahimi/projects/POTENTIOSTAT_26/logs_hrahimi/logs0/Job43.log"}
[2026-06-03 15:45:45.630 Z] [PROCESS] [cadence.virtuoso.ade.simulationMonitor] - Padding test token found for runId '28', Linger time '300', currentRunSyn '54', currentTestSyn '87' {"hostname": "il2244vt26_hrahimi", "processid": 2616909, "history": "MonteCarlo.1", "testname": "TIA_Gain_Linearity_MC", "cornername": "Nominal", "point": 1, "logfile": "/home/hrahimi/projects/POTENTIOSTAT_26/logs_hrahimi/logs0/Job43.log"}
[2026-06-03 15:45:45.633 Z] [PROCESS] [cadence.virtuoso.ade.simulationMonitor] - Stay with the runId '28', Linger time '300', currentRunSyn '54', currentTestSyn '87' {"hostname": "il2244vt26_hrahimi", "processid": 2616909, "history": "MonteCarlo.1", "testname": "TIA_Gain_Linearity_MC", "cornername": "Nominal", "point": 1, "logfile": "/home/hrahimi/projects/POTENTIOSTAT_26/logs_hrahimi/logs0/Job43.log"}
[2026-06-03 15:50:43.613 Z] [PROCESS] [cadence.virtuoso.ade.simulationMonitor] - Current memory used: 53.0742 MBytes, peak memory used: 53.0742 MBytes {"hostname": "il2244vt26_hrahimi", "processid": 2616909, "history": "MonteCarlo.1", "testname": "TIA_Gain_Linearity_MC", "cornername": "Nominal", "point": 1, "logfile": "/home/hrahimi/projects/POTENTIOSTAT_26/logs_hrahimi/logs0/Job43.log"}
[2026-06-03 15:50:43.614 Z] [PROCESS] [cadence.virtuoso.ade.simulationMonitor] - Simulation Monitor process exit. {"hostname": "il2244vt26_hrahimi", "processid": 2616909, "history": "MonteCarlo.1", "testname": "TIA_Gain_Linearity_MC", "cornername": "Nominal", "point": 1, "logfile": "/home/hrahimi/projects/POTENTIOSTAT_26/logs_hrahimi/logs0/Job43.log"}
