[Simulation Monitor: 57]
[2026-05-27 11:52:24.710 Z] [PROCESS] [cadence.virtuoso.ade.simulationMonitor] - Simulation Monitor has successfully started up. Trying to set up communication channels to other components ... {"hostname": "il2244vt26_hrahimi", "processid": 313618, "logfile": "/home/hrahimi/projects/POTENTIOSTAT_26/logs_hrahimi/logs0/Job57.log"}
[2026-05-27 11:52:24.711 Z] [PROCESS] [cadence.virtuoso.ade.simulationMonitor] - Communication channels have been successfully set up. Start processing events ... {"hostname": "il2244vt26_hrahimi", "processid": 313618, "logfile": "/home/hrahimi/projects/POTENTIOSTAT_26/logs_hrahimi/logs0/Job57.log"}
[2026-05-27 11:52:24.712 Z] [PROCESS] [cadence.virtuoso.ade.simulationMonitor] - Considering to start history {"hostname": "il2244vt26_hrahimi", "processid": 313618, "history": "Interactive.37", "logfile": "/home/hrahimi/projects/POTENTIOSTAT_26/logs_hrahimi/logs0/Job57.log"}
[2026-05-27 11:52:24.718 Z] [PROCESS] [cadence.virtuoso.ade.simulationMonitor] - Started History {"hostname": "il2244vt26_hrahimi", "processid": 313618, "history": "MonteCarlo.1", "testname": "TRAN_VDD_MC", "cornername": "Nominal", "point": 79, "logfile": "/home/hrahimi/projects/POTENTIOSTAT_26/logs_hrahimi/logs0/Job57.log"}
[2026-05-27 11:52:24.719 Z] [PROCESS] [cadence.virtuoso.ade.simulationMonitor] - HostInfo:
Host name (type):	il2244vt26_hrahimi (x86_64)
Operating system:	Linux 5.15.0-164-generic #174-Ubuntu SMP Fri Nov 14 20:25:16 UTC 2025 {"hostname": "il2244vt26_hrahimi", "processid": 313618, "history": "MonteCarlo.1", "testname": "TRAN_VDD_MC", "cornername": "Nominal", "point": 79, "logfile": "/home/hrahimi/projects/POTENTIOSTAT_26/logs_hrahimi/logs0/Job57.log", "nodename": "il2244vt26_hrahimi", "domainname": "(none)", "machine": "x86_64", "sysname": "Linux", "release": "5.15.0-164-generic", "version": "#174-Ubuntu SMP Fri Nov 14 20:25:16 UTC 2025"}
[2026-05-27 11:52:24.719 Z] [PROCESS] [cadence.virtuoso.ade.simulationMonitor] - UsageInfo:
pid=313618
totalPhysicalMemory=3023.749672GB,Used=1938.453045GB,totalVirtualMemory=3031.749668GB,Used=1938.480389GB
Cpu: Cores=48, Load average:37.240000,35.380000,34.780000 {"hostname": "il2244vt26_hrahimi", "processid": 313618, "history": "MonteCarlo.1", "testname": "TRAN_VDD_MC", "cornername": "Nominal", "point": 79, "logfile": "/home/hrahimi/projects/POTENTIOSTAT_26/logs_hrahimi/logs0/Job57.log", "pid": "313618", "totalPhysicalMemory": "3023.749672", "physicalMemoryUsed": "1938.453045", "totalVirtualMemory": "3031.749668", "virtualMemoryUsed": "1938.480389", "cpuCores": "48", "processes": "29708", "loadAverage1": "37.240000", "loadAverage5": "35.380000", "loadAverage15": "34.780000", "loadAverage1Percent": "0.775833"}
[2026-05-27 11:52:24.721 Z] [EVENT] [cadence.virtuoso.ade.simulationMonitor] - GroupPoints {"history": "MonteCarlo.1", "point": 79, "testname": "TRAN_VDD_MC", "cornername": "Nominal", "event": "GroupPoints", "EventSource": "Simulation Monitor", "Points": "79:1:91", "HistoryName": "MonteCarlo.1", "logFile": "/home/hrahimi/projects/POTENTIOSTAT_26/logs_hrahimi/logs0/Job57.log", "logFileSize": "2731"}
[2026-05-27 11:52:24.824 Z] [EVENT] [cadence.virtuoso.ade.simulationMonitor] - GroupPoints {"history": "MonteCarlo.1", "point": 79, "testname": "TRAN_VDD_MC", "cornername": "Nominal", "event": "GroupPoints", "EventSource": "spectre", "Points": "79:1:91", "HistoryName": "MonteCarlo.1", "logFile": "/home/hrahimi/projects/POTENTIOSTAT_26/Sim/FBIAS/fecg_bandgap_tb/maestro/results/maestro/MonteCarlo.1/79/TRAN_VDD_MC/groupRunDataDir/psf/spectre.out", "logFileSize": "-1"}
[2026-05-27 11:52:24.851 Z] [PROCESS] [cadence.virtuoso.ade.simulationMonitor] - Simulator launched {"hostname": "il2244vt26_hrahimi", "processid": 313618, "history": "MonteCarlo.1", "testname": "TRAN_VDD_MC", "cornername": "Nominal", "point": 79, "logfile": "/home/hrahimi/projects/POTENTIOSTAT_26/logs_hrahimi/logs0/Job57.log", "simid": "1"}
[2026-05-27 11:52:24.855 Z] [PROCESS] [cadence.virtuoso.ade.simulationMonitor] - Expression evaluator launched {"hostname": "il2244vt26_hrahimi", "processid": 313618, "history": "MonteCarlo.1", "testname": "TRAN_VDD_MC", "cornername": "Nominal", "point": 79, "logfile": "/home/hrahimi/projects/POTENTIOSTAT_26/logs_hrahimi/logs0/Job57.log"}
[2026-05-27 11:52:24.969 Z] [PROCESS] [cadence.virtuoso.ade.simulationMonitor] - Started Simulation {"hostname": "il2244vt26_hrahimi", "processid": 313618, "history": "MonteCarlo.1", "testname": "TRAN_VDD_MC", "cornername": "Nominal", "point": 79, "logfile": "/home/hrahimi/projects/POTENTIOSTAT_26/logs_hrahimi/logs0/Job57.log", "event": "started", "task": "simulation"}
[2026-05-27 11:52:25.970 Z] [WARN] [cadence.virtuoso.ade.simulationMonitor] -     WARNING (SPECTRE-691): This CPU processor does not support x86 advanced vector extensions instructions. This may affect math operations and slow down the simulation. {"history": "MonteCarlo.1", "point": 79, "testname": "TRAN_VDD_MC", "cornername": "Nominal"}
[2026-05-27 11:52:25.971 Z] [INFO] [cadence.virtuoso.ade.simulationMonitor] - Notice from spectre during circuit read-in.
    Pre_Configuration file used: /opt/tools/cadence/installs/SPECTRE241/tools.lnx86/spectre/etc/configs/preset.precfg
    Configuration file used: `/opt/tools/cadence/installs/SPECTRE241/tools.lnx86/spectre/etc/configs/preset.cfg'. {"history": "MonteCarlo.1", "point": 79, "testname": "TRAN_VDD_MC", "cornername": "Nominal"}
[2026-05-27 11:52:25.971 Z] [WARN] [cadence.virtuoso.ade.simulationMonitor] -     WARNING (SPECTRE-8360): line 1511: `ac' is an undefined primitive device. {"history": "MonteCarlo.1", "point": 79, "testname": "TRAN_VDD_MC", "cornername": "Nominal"}
[2026-05-27 11:52:25.972 Z] [WARN] [cadence.virtuoso.ade.simulationMonitor] -     WARNING (SPECTRE-8360): line 1512: `ac' is an undefined primitive device. {"history": "MonteCarlo.1", "point": 79, "testname": "TRAN_VDD_MC", "cornername": "Nominal"}
[2026-05-27 11:52:25.972 Z] [WARN] [cadence.virtuoso.ade.simulationMonitor] -     WARNING (SPECTRE-8360): line 1513: `ac' is an undefined primitive device. {"history": "MonteCarlo.1", "point": 79, "testname": "TRAN_VDD_MC", "cornername": "Nominal"}
[2026-05-27 11:52:25.972 Z] [WARN] [cadence.virtuoso.ade.simulationMonitor] -     WARNING (SPECTRE-8360): line 1514: `ac' is an undefined primitive device. {"history": "MonteCarlo.1", "point": 79, "testname": "TRAN_VDD_MC", "cornername": "Nominal"}
[2026-05-27 11:52:25.973 Z] [WARN] [cadence.virtuoso.ade.simulationMonitor] -     WARNING (SPECTRE-8360): line 1515: `ac' is an undefined primitive device.
        Further occurrences of this warning will be suppressed. {"history": "MonteCarlo.1", "point": 79, "testname": "TRAN_VDD_MC", "cornername": "Nominal"}
[2026-05-27 11:52:26.473 Z] [INFO] [cadence.virtuoso.ade.simulationMonitor] - Peak resident memory used = 183 Mbytes. {"history": "MonteCarlo.1", "point": 79, "testname": "TRAN_VDD_MC", "cornername": "Nominal"}
[2026-05-27 11:52:26.474 Z] [WARN] [cadence.virtuoso.ade.simulationMonitor] -     WARNING (VACOMP-2435): The environment variable CDS_AHDLCMI_ENABLE is no longer supported. Therefore, the simulator will use the default compiled C code flow. {"history": "MonteCarlo.1", "point": 79, "testname": "TRAN_VDD_MC", "cornername": "Nominal"}
[2026-05-27 11:52:26.975 Z] [WARN] [cadence.virtuoso.ade.simulationMonitor] -     WARNING (SFE-3027): The dangling resistor I0.re712 is removed. {"history": "MonteCarlo.1", "point": 79, "testname": "TRAN_VDD_MC", "cornername": "Nominal"}
[2026-05-27 11:52:26.991 Z] [WARN] [cadence.virtuoso.ade.simulationMonitor] -     WARNING (SFE-3027): The dangling resistor I0.re715 is removed. {"history": "MonteCarlo.1", "point": 79, "testname": "TRAN_VDD_MC", "cornername": "Nominal"}
[2026-05-27 11:52:26.998 Z] [WARN] [cadence.virtuoso.ade.simulationMonitor] -     WARNING (SFE-3027): The dangling resistor I0.re718 is removed. {"history": "MonteCarlo.1", "point": 79, "testname": "TRAN_VDD_MC", "cornername": "Nominal"}
[2026-05-27 11:52:26.999 Z] [WARN] [cadence.virtuoso.ade.simulationMonitor] -     WARNING (SFE-3027): The dangling resistor I0.re858 is removed. {"history": "MonteCarlo.1", "point": 79, "testname": "TRAN_VDD_MC", "cornername": "Nominal"}
[2026-05-27 11:52:27.000 Z] [WARN] [cadence.virtuoso.ade.simulationMonitor] -     WARNING (SFE-3027): The dangling resistor I0.re721 is removed.
        Further occurrences of this warning will be suppressed. {"history": "MonteCarlo.1", "point": 79, "testname": "TRAN_VDD_MC", "cornername": "Nominal"}
[2026-05-27 11:52:27.001 Z] [WARN] [cadence.virtuoso.ade.simulationMonitor] -     WARNING (SFE-3015): The dangling node I0.28\:Y is removed. {"history": "MonteCarlo.1", "point": 79, "testname": "TRAN_VDD_MC", "cornername": "Nominal"}
[2026-05-27 11:52:27.001 Z] [WARN] [cadence.virtuoso.ade.simulationMonitor] -     WARNING (SFE-3015): The dangling node I0.30\:BIAS is removed. {"history": "MonteCarlo.1", "point": 79, "testname": "TRAN_VDD_MC", "cornername": "Nominal"}
[2026-05-27 11:52:27.001 Z] [WARN] [cadence.virtuoso.ade.simulationMonitor] -     WARNING (SFE-3015): The dangling node I0.24\:BIAS is removed. {"history": "MonteCarlo.1", "point": 79, "testname": "TRAN_VDD_MC", "cornername": "Nominal"}
[2026-05-27 11:52:27.003 Z] [WARN] [cadence.virtuoso.ade.simulationMonitor] -     WARNING (SFE-3015): The dangling node I0.17\:BIAS is removed. {"history": "MonteCarlo.1", "point": 79, "testname": "TRAN_VDD_MC", "cornername": "Nominal"}
[2026-05-27 11:52:27.004 Z] [WARN] [cadence.virtuoso.ade.simulationMonitor] -     WARNING (SFE-3015): The dangling node I0.23\:BIAS is removed.
        Further occurrences of this warning will be suppressed. {"history": "MonteCarlo.1", "point": 79, "testname": "TRAN_VDD_MC", "cornername": "Nominal"}
[2026-05-27 11:52:27.004 Z] [INFO] [cadence.virtuoso.ade.simulationMonitor] - Notice from spectre during hierarchy flattening.
    Spectre X Parasitic Optimization enabled.
    Parasitic optimization will filter out parasitic nodes, nodes only connected to RCs, by default. To view individual parasitic nodes use individual save statements (i.e. save out), or use the 'savefilter=none' option to save all parasitic nodes. Saving all parasitic nodes may slow down simulation and create large waveform files. {"history": "MonteCarlo.1", "point": 79, "testname": "TRAN_VDD_MC", "cornername": "Nominal"}
[2026-05-27 11:52:27.005 Z] [INFO] [cadence.virtuoso.ade.simulationMonitor] - Peak resident memory used = 204 Mbytes. {"history": "MonteCarlo.1", "point": 79, "testname": "TRAN_VDD_MC", "cornername": "Nominal"}
[2026-05-27 11:52:27.005 Z] [INFO] [cadence.virtuoso.ade.simulationMonitor] - Notice from spectre during hierarchy flattening.
    The value 'psf' specified for the 'checklimitdest' option will no longer be supported in future releases. Use 'spectre -h' to see other recommended values for the 'checklimitdest' option. {"history": "MonteCarlo.1", "point": 79, "testname": "TRAN_VDD_MC", "cornername": "Nominal"}
[2026-05-27 11:52:27.006 Z] [INFO] [cadence.virtuoso.ade.simulationMonitor] - Peak resident memory used = 207 Mbytes. {"history": "MonteCarlo.1", "point": 79, "testname": "TRAN_VDD_MC", "cornername": "Nominal"}
[2026-05-27 11:52:27.010 Z] [WARN] [cadence.virtuoso.ade.simulationMonitor] -     WARNING (SPECTRE-17607): Assert `SOAC_vert10_vsubpsub' is ignored because it contains an expression which is invalid or not supported by native evaluator.  {"history": "MonteCarlo.1", "point": 79, "testname": "TRAN_VDD_MC", "cornername": "Nominal"}
[2026-05-27 11:52:27.010 Z] [WARN] [cadence.virtuoso.ade.simulationMonitor] -     WARNING (SPECTRE-17607): Assert `SOAC_vert10_vcsub' is ignored because it contains an expression which is invalid or not supported by native evaluator.  {"history": "MonteCarlo.1", "point": 79, "testname": "TRAN_VDD_MC", "cornername": "Nominal"}
[2026-05-27 11:52:27.017 Z] [WARN] [cadence.virtuoso.ade.simulationMonitor] -     WARNING (SPECTRE-17607): Assert `SOAC_rpolyh_vminuspsub' is ignored because it contains an expression which is invalid or not supported by native evaluator.  {"history": "MonteCarlo.1", "point": 79, "testname": "TRAN_VDD_MC", "cornername": "Nominal"}
[2026-05-27 11:52:27.017 Z] [WARN] [cadence.virtuoso.ade.simulationMonitor] -     WARNING (SPECTRE-17607): Assert `SOAC_rpolyh_vpluspsub' is ignored because it contains an expression which is invalid or not supported by native evaluator.  {"history": "MonteCarlo.1", "point": 79, "testname": "TRAN_VDD_MC", "cornername": "Nominal"}
[2026-05-27 11:52:27.018 Z] [WARN] [cadence.virtuoso.ade.simulationMonitor] -     WARNING (SPECTRE-16460): SOAC_cvarm_vspsub:Specified subcircuit master `cvarm' was not found. {"history": "MonteCarlo.1", "point": 79, "testname": "TRAN_VDD_MC", "cornername": "Nominal"}
[2026-05-27 11:52:27.018 Z] [WARN] [cadence.virtuoso.ade.simulationMonitor] -     WARNING (SPECTRE-16462): SOAC_cvarm_vspsub:Error in specification of subcircuit master. Assert is ignored. {"history": "MonteCarlo.1", "point": 79, "testname": "TRAN_VDD_MC", "cornername": "Nominal"}
[2026-05-27 11:52:27.018 Z] [WARN] [cadence.virtuoso.ade.simulationMonitor] -     WARNING (SPECTRE-16460): SOAC_cvarm_vbs:Specified subcircuit master `cvarm' was not found. {"history": "MonteCarlo.1", "point": 79, "testname": "TRAN_VDD_MC", "cornername": "Nominal"}
[2026-05-27 11:52:27.019 Z] [WARN] [cadence.virtuoso.ade.simulationMonitor] -     WARNING (SPECTRE-16462): SOAC_cvarm_vbs:Error in specification of subcircuit master. Assert is ignored. {"history": "MonteCarlo.1", "point": 79, "testname": "TRAN_VDD_MC", "cornername": "Nominal"}
[2026-05-27 11:52:27.019 Z] [WARN] [cadence.virtuoso.ade.simulationMonitor] -     WARNING (SPECTRE-16460): SOAC_cvarm_vgb:Specified subcircuit master `cvarm' was not found. {"history": "MonteCarlo.1", "point": 79, "testname": "TRAN_VDD_MC", "cornername": "Nominal"}
[2026-05-27 11:52:27.019 Z] [WARN] [cadence.virtuoso.ade.simulationMonitor] -     WARNING (SPECTRE-16462): SOAC_cvarm_vgb:Error in specification of subcircuit master. Assert is ignored. {"history": "MonteCarlo.1", "point": 79, "testname": "TRAN_VDD_MC", "cornername": "Nominal"}
[2026-05-27 11:52:27.020 Z] [WARN] [cadence.virtuoso.ade.simulationMonitor] -     WARNING (SPECTRE-16460): SOAC_cvart_vspsub:Specified subcircuit master `cvart' was not found. {"history": "MonteCarlo.1", "point": 79, "testname": "TRAN_VDD_MC", "cornername": "Nominal"}
[2026-05-27 11:52:27.020 Z] [WARN] [cadence.virtuoso.ade.simulationMonitor] -     WARNING (SPECTRE-16462): SOAC_cvart_vspsub:Error in specification of subcircuit master. Assert is ignored. {"history": "MonteCarlo.1", "point": 79, "testname": "TRAN_VDD_MC", "cornername": "Nominal"}
[2026-05-27 11:52:27.021 Z] [WARN] [cadence.virtuoso.ade.simulationMonitor] -     WARNING (SPECTRE-16460): SOAC_cvart_vbs:Specified subcircuit master `cvart' was not found.
        Further occurrences of this warning will be suppressed. {"history": "MonteCarlo.1", "point": 79, "testname": "TRAN_VDD_MC", "cornername": "Nominal"}
[2026-05-27 11:52:27.021 Z] [WARN] [cadence.virtuoso.ade.simulationMonitor] -     WARNING (SPECTRE-16462): SOAC_cvart_vbs:Error in specification of subcircuit master. Assert is ignored.
        Further occurrences of this warning will be suppressed. {"history": "MonteCarlo.1", "point": 79, "testname": "TRAN_VDD_MC", "cornername": "Nominal"}
[2026-05-27 11:52:27.022 Z] [WARN] [cadence.virtuoso.ade.simulationMonitor] -     WARNING (SPECTRE-17607): Assert `SOAC_cpoly_vminuspsub' is ignored because it contains an expression which is invalid or not supported by native evaluator. 
        Further occurrences of this warning will be suppressed. {"history": "MonteCarlo.1", "point": 79, "testname": "TRAN_VDD_MC", "cornername": "Nominal"}
[2026-05-27 11:52:28.526 Z] [INFO] [cadence.virtuoso.ade.simulationMonitor] -               nodes 3079 {"history": "MonteCarlo.1", "point": 79, "testname": "TRAN_VDD_MC", "cornername": "Nominal"}
[2026-05-27 11:52:28.526 Z] [INFO] [cadence.virtuoso.ade.simulationMonitor] - Notice from spectre during initial setup.
    Spectre X preset=mx enabled.
    75 warnings suppressed. {"history": "MonteCarlo.1", "point": 79, "testname": "TRAN_VDD_MC", "cornername": "Nominal"}
[2026-05-27 11:52:28.527 Z] [INFO] [cadence.virtuoso.ade.simulationMonitor] - Notice from spectre.
    Multithreading enabled: 8 threads in the system with 48 available processors. {"history": "MonteCarlo.1", "point": 79, "testname": "TRAN_VDD_MC", "cornername": "Nominal"}
[2026-05-27 11:52:28.527 Z] [INFO] [cadence.virtuoso.ade.simulationMonitor] - Peak resident memory used = 226 Mbytes. {"history": "MonteCarlo.1", "point": 79, "testname": "TRAN_VDD_MC", "cornername": "Nominal"}
[2026-05-27 11:52:28.528 Z] [INFO] [cadence.virtuoso.ade.simulationMonitor] -    -   (Spectre X) Multi-threading. The recommended number of threads is [2, 4], consider adding +mt=2 or +mt=4 on command line. {"history": "MonteCarlo.1", "point": 79, "testname": "TRAN_VDD_MC", "cornername": "Nominal"}
[2026-05-27 11:52:28.528 Z] [INFO] [cadence.virtuoso.ade.simulationMonitor] - Notice from spectre in `vert10':`I0.Q3(29)', in `fecg_bandgap3_layout':`I0', during Monte Carlo analysis `mc1'.
    I0.Q3(29).bjtinsub: `minr' has the unusually small value of 10 fOhm. {"history": "MonteCarlo.1", "point": 79, "testname": "TRAN_VDD_MC", "cornername": "Nominal"}
[2026-05-27 11:52:28.528 Z] [INFO] [cadence.virtuoso.ade.simulationMonitor] - Notice from spectre in `vert10':`I0.Q3(28)', in `fecg_bandgap3_layout':`I0', during Monte Carlo analysis `mc1'.
    I0.Q3(28).bjtinsub: `minr' has the unusually small value of 10 fOhm. {"history": "MonteCarlo.1", "point": 79, "testname": "TRAN_VDD_MC", "cornername": "Nominal"}
[2026-05-27 11:52:28.529 Z] [INFO] [cadence.virtuoso.ade.simulationMonitor] - Notice from spectre in `vert10':`I0.Q3(27)', in `fecg_bandgap3_layout':`I0', during Monte Carlo analysis `mc1'.
    I0.Q3(27).bjtinsub: `minr' has the unusually small value of 10 fOhm. {"history": "MonteCarlo.1", "point": 79, "testname": "TRAN_VDD_MC", "cornername": "Nominal"}
[2026-05-27 11:52:28.529 Z] [INFO] [cadence.virtuoso.ade.simulationMonitor] - Notice from spectre in `vert10':`I0.Q3(26)', in `fecg_bandgap3_layout':`I0', during Monte Carlo analysis `mc1'.
    I0.Q3(26).bjtinsub: `minr' has the unusually small value of 10 fOhm. {"history": "MonteCarlo.1", "point": 79, "testname": "TRAN_VDD_MC", "cornername": "Nominal"}
[2026-05-27 11:52:28.529 Z] [INFO] [cadence.virtuoso.ade.simulationMonitor] - Notice from spectre in `vert10':`I0.Q3(25)', in `fecg_bandgap3_layout':`I0', during Monte Carlo analysis `mc1'.
    I0.Q3(25).bjtinsub: `minr' has the unusually small value of 10 fOhm.
        Further occurrences of this notice will be suppressed. {"history": "MonteCarlo.1", "point": 79, "testname": "TRAN_VDD_MC", "cornername": "Nominal"}
[2026-05-27 11:52:28.530 Z] [INFO] [cadence.virtuoso.ade.simulationMonitor] - Notice from spectre at iteration = 79 during transient analysis `tran', during Monte Carlo analysis `mc1'.
    No checklimit analysis defined for asserts. A default checklimit analysis 'SpectreChecklimitAnal' has been created with all asserts enabled. {"history": "MonteCarlo.1", "point": 79, "testname": "TRAN_VDD_MC", "cornername": "Nominal"}
[2026-05-27 11:52:29.031 Z] [INFO] [cadence.virtuoso.ade.simulationMonitor] - Notice from spectre at iteration = 79 during IC analysis, during transient analysis `tran', during Monte Carlo analysis `mc1'.
    GminDC = 1 pS is large enough to noticeably affect the DC solution.
        dV(I0.227\:S) = -127.907 uV
        Use the `gmin_check' option to eliminate or expand this report.
    Bad pivoting is found during DC analysis. Option dc_pivot_check=yes is recommended for possible improvement of convergence. {"history": "MonteCarlo.1", "point": 79, "testname": "TRAN_VDD_MC", "cornername": "Nominal"}
[2026-05-27 11:52:29.031 Z] [WARN] [cadence.virtuoso.ade.simulationMonitor] -     WARNING (CMI-2943): Parameter checks have been ignored because the valid value for parameter 'trise' could not be found in 'C0'. {"history": "MonteCarlo.1", "point": 79, "testname": "TRAN_VDD_MC", "cornername": "Nominal"}
[2026-05-27 11:52:29.032 Z] [WARN] [cadence.virtuoso.ade.simulationMonitor] -     WARNING (CMI-2943): Parameter checks have been ignored because the valid value for parameter 'trise' could not be found in 'I0.R44.CM'. {"history": "MonteCarlo.1", "point": 79, "testname": "TRAN_VDD_MC", "cornername": "Nominal"}
[2026-05-27 11:52:29.032 Z] [WARN] [cadence.virtuoso.ade.simulationMonitor] -     WARNING (CMI-2943): Parameter checks have been ignored because the valid value for parameter 'trise' could not be found in 'I0.R44.CS1'. {"history": "MonteCarlo.1", "point": 79, "testname": "TRAN_VDD_MC", "cornername": "Nominal"}
[2026-05-27 11:52:29.032 Z] [WARN] [cadence.virtuoso.ade.simulationMonitor] -     WARNING (CMI-2943): Parameter checks have been ignored because the valid value for parameter 'trise' could not be found in 'I0.R44.CS0'. {"history": "MonteCarlo.1", "point": 79, "testname": "TRAN_VDD_MC", "cornername": "Nominal"}
[2026-05-27 11:52:29.033 Z] [WARN] [cadence.virtuoso.ade.simulationMonitor] -     WARNING (CMI-2943): Parameter checks have been ignored because the valid value for parameter 'trise' could not be found in 'I0.R23.CM'.
        Further occurrences of this warning will be suppressed. {"history": "MonteCarlo.1", "point": 79, "testname": "TRAN_VDD_MC", "cornername": "Nominal"}
[2026-05-27 11:52:29.535 Z] [INFO] [cadence.virtuoso.ade.simulationMonitor] - Total time required for tran analysis `tran': CPU = 900.694 ms, elapsed = 716.118 ms, util. = 126%. {"history": "MonteCarlo.1", "point": 79, "testname": "TRAN_VDD_MC", "cornername": "Nominal"}
[2026-05-27 11:52:29.536 Z] [INFO] [cadence.virtuoso.ade.simulationMonitor] - Peak resident memory used = 254 Mbytes. {"history": "MonteCarlo.1", "point": 79, "testname": "TRAN_VDD_MC", "cornername": "Nominal"}
[2026-05-27 11:52:29.536 Z] [INFO] [cadence.virtuoso.ade.simulationMonitor] - Notice from spectre during transient analysis `tran', during Monte Carlo analysis `mc1'.
    183 notices suppressed.
    137 warnings suppressed. {"history": "MonteCarlo.1", "point": 79, "testname": "TRAN_VDD_MC", "cornername": "Nominal"}
[2026-05-27 11:52:29.536 Z] [INFO] [cadence.virtuoso.ade.simulationMonitor] - Notice from spectre in `vert10':`I0.Q3(30)', in `fecg_bandgap3_layout':`I0', during Monte Carlo analysis `mc1'.
    I0.Q3(30).bjtinsub: `minr' has the unusually small value of 10 fOhm. {"history": "MonteCarlo.1", "point": 79, "testname": "TRAN_VDD_MC", "cornername": "Nominal"}
[2026-05-27 11:52:29.537 Z] [INFO] [cadence.virtuoso.ade.simulationMonitor] - Notice from spectre in `vert10':`I0.Q3(29)', in `fecg_bandgap3_layout':`I0', during Monte Carlo analysis `mc1'.
    I0.Q3(29).bjtinsub: `minr' has the unusually small value of 10 fOhm. {"history": "MonteCarlo.1", "point": 79, "testname": "TRAN_VDD_MC", "cornername": "Nominal"}
[2026-05-27 11:52:29.537 Z] [INFO] [cadence.virtuoso.ade.simulationMonitor] - Notice from spectre in `vert10':`I0.Q3(28)', in `fecg_bandgap3_layout':`I0', during Monte Carlo analysis `mc1'.
    I0.Q3(28).bjtinsub: `minr' has the unusually small value of 10 fOhm. {"history": "MonteCarlo.1", "point": 79, "testname": "TRAN_VDD_MC", "cornername": "Nominal"}
[2026-05-27 11:52:29.538 Z] [INFO] [cadence.virtuoso.ade.simulationMonitor] - Notice from spectre in `vert10':`I0.Q3(27)', in `fecg_bandgap3_layout':`I0', during Monte Carlo analysis `mc1'.
    I0.Q3(27).bjtinsub: `minr' has the unusually small value of 10 fOhm. {"history": "MonteCarlo.1", "point": 79, "testname": "TRAN_VDD_MC", "cornername": "Nominal"}
[2026-05-27 11:52:29.538 Z] [INFO] [cadence.virtuoso.ade.simulationMonitor] - Notice from spectre in `vert10':`I0.Q3(26)', in `fecg_bandgap3_layout':`I0', during Monte Carlo analysis `mc1'.
    I0.Q3(26).bjtinsub: `minr' has the unusually small value of 10 fOhm.
        Further occurrences of this notice will be suppressed. {"history": "MonteCarlo.1", "point": 79, "testname": "TRAN_VDD_MC", "cornername": "Nominal"}
[2026-05-27 11:52:29.539 Z] [INFO] [cadence.virtuoso.ade.simulationMonitor] - Notice from spectre during IC analysis, during transient analysis `tran', during Monte Carlo analysis `mc1'.
    GminDC = 1 pS is large enough to noticeably affect the DC solution.
        dV(I0.208\:S) = -14.6076 uV
        Use the `gmin_check' option to eliminate or expand this report.
    Bad pivoting is found during DC analysis. Option dc_pivot_check=yes is recommended for possible improvement of convergence. {"history": "MonteCarlo.1", "point": 79, "testname": "TRAN_VDD_MC", "cornername": "Nominal"}
[2026-05-27 11:52:29.539 Z] [WARN] [cadence.virtuoso.ade.simulationMonitor] -     WARNING (CMI-2943): Parameter checks have been ignored because the valid value for parameter 'trise' could not be found in 'C0'. {"history": "MonteCarlo.1", "point": 79, "testname": "TRAN_VDD_MC", "cornername": "Nominal"}
[2026-05-27 11:52:29.539 Z] [WARN] [cadence.virtuoso.ade.simulationMonitor] -     WARNING (CMI-2943): Parameter checks have been ignored because the valid value for parameter 'trise' could not be found in 'I0.R44.CM'. {"history": "MonteCarlo.1", "point": 79, "testname": "TRAN_VDD_MC", "cornername": "Nominal"}
[2026-05-27 11:52:29.540 Z] [WARN] [cadence.virtuoso.ade.simulationMonitor] -     WARNING (CMI-2943): Parameter checks have been ignored because the valid value for parameter 'trise' could not be found in 'I0.R44.CS1'. {"history": "MonteCarlo.1", "point": 79, "testname": "TRAN_VDD_MC", "cornername": "Nominal"}
[2026-05-27 11:52:29.540 Z] [WARN] [cadence.virtuoso.ade.simulationMonitor] -     WARNING (CMI-2943): Parameter checks have been ignored because the valid value for parameter 'trise' could not be found in 'I0.R44.CS0'. {"history": "MonteCarlo.1", "point": 79, "testname": "TRAN_VDD_MC", "cornername": "Nominal"}
[2026-05-27 11:52:29.541 Z] [WARN] [cadence.virtuoso.ade.simulationMonitor] -     WARNING (CMI-2943): Parameter checks have been ignored because the valid value for parameter 'trise' could not be found in 'I0.R23.CM'.
        Further occurrences of this warning will be suppressed. {"history": "MonteCarlo.1", "point": 79, "testname": "TRAN_VDD_MC", "cornername": "Nominal"}
[2026-05-27 11:52:29.541 Z] [PROCESS] [cadence.virtuoso.ade.simulationMonitor] - Finished simulating for one iteration {"hostname": "il2244vt26_hrahimi", "processid": 313618, "history": "MonteCarlo.1", "testname": "TRAN_VDD_MC", "cornername": "Nominal", "point": 79, "logfile": "/home/hrahimi/projects/POTENTIOSTAT_26/logs_hrahimi/logs0/Job57.log", "simid": "1"}
[2026-05-27 11:52:29.542 Z] [PROCESS] [cadence.virtuoso.ade.simulationMonitor] - Started Simulation {"hostname": "il2244vt26_hrahimi", "processid": 313618, "history": "MonteCarlo.1", "testname": "TRAN_VDD_MC", "cornername": "Nominal", "point": 80, "logfile": "/home/hrahimi/projects/POTENTIOSTAT_26/logs_hrahimi/logs0/Job57.log", "event": "started", "task": "simulation"}
[2026-05-27 11:52:30.043 Z] [INFO] [cadence.virtuoso.ade.simulationMonitor] - Total time required for tran analysis `tran': CPU = 795.711 ms, elapsed = 469.466 ms, util. = 169%. {"history": "MonteCarlo.1", "point": 80, "testname": "TRAN_VDD_MC", "cornername": "Nominal"}
[2026-05-27 11:52:30.043 Z] [INFO] [cadence.virtuoso.ade.simulationMonitor] - Peak resident memory used = 257 Mbytes. {"history": "MonteCarlo.1", "point": 80, "testname": "TRAN_VDD_MC", "cornername": "Nominal"}
[2026-05-27 11:52:30.044 Z] [INFO] [cadence.virtuoso.ade.simulationMonitor] - Notice from spectre during transient analysis `tran', during Monte Carlo analysis `mc1'.
    58 notices suppressed.
    137 warnings suppressed. {"history": "MonteCarlo.1", "point": 80, "testname": "TRAN_VDD_MC", "cornername": "Nominal"}
[2026-05-27 11:52:30.044 Z] [PROCESS] [cadence.virtuoso.ade.simulationMonitor] - Finished simulating for one iteration {"hostname": "il2244vt26_hrahimi", "processid": 313618, "history": "MonteCarlo.1", "testname": "TRAN_VDD_MC", "cornername": "Nominal", "point": 80, "logfile": "/home/hrahimi/projects/POTENTIOSTAT_26/logs_hrahimi/logs0/Job57.log", "simid": "1"}
[2026-05-27 11:52:30.045 Z] [PROCESS] [cadence.virtuoso.ade.simulationMonitor] - Started Simulation {"hostname": "il2244vt26_hrahimi", "processid": 313618, "history": "MonteCarlo.1", "testname": "TRAN_VDD_MC", "cornername": "Nominal", "point": 81, "logfile": "/home/hrahimi/projects/POTENTIOSTAT_26/logs_hrahimi/logs0/Job57.log", "event": "started", "task": "simulation"}
[2026-05-27 11:52:30.546 Z] [INFO] [cadence.virtuoso.ade.simulationMonitor] - Notice from spectre in `vert10':`I0.Q3(30)', in `fecg_bandgap3_layout':`I0', during Monte Carlo analysis `mc1'.
    I0.Q3(30).bjtinsub: `rbm' has the unusually small value of 946.366 mOhm.
    I0.Q3(30).bjtinsub: `minr' has the unusually small value of 10 fOhm. {"history": "MonteCarlo.1", "point": 81, "testname": "TRAN_VDD_MC", "cornername": "Nominal"}
[2026-05-27 11:52:30.546 Z] [INFO] [cadence.virtuoso.ade.simulationMonitor] - Notice from spectre in `vert10':`I0.Q3(29)', in `fecg_bandgap3_layout':`I0', during Monte Carlo analysis `mc1'.
    I0.Q3(29).bjtinsub: `rbm' has the unusually small value of 946.366 mOhm.
    I0.Q3(29).bjtinsub: `minr' has the unusually small value of 10 fOhm. {"history": "MonteCarlo.1", "point": 81, "testname": "TRAN_VDD_MC", "cornername": "Nominal"}
[2026-05-27 11:52:30.546 Z] [INFO] [cadence.virtuoso.ade.simulationMonitor] - Notice from spectre in `vert10':`I0.Q3(28)', in `fecg_bandgap3_layout':`I0', during Monte Carlo analysis `mc1'.
    I0.Q3(28).bjtinsub: `rbm' has the unusually small value of 946.366 mOhm.
        Further occurrences of this notice will be suppressed. {"history": "MonteCarlo.1", "point": 81, "testname": "TRAN_VDD_MC", "cornername": "Nominal"}
[2026-05-27 11:52:30.547 Z] [INFO] [cadence.virtuoso.ade.simulationMonitor] - Notice from spectre during IC analysis, during transient analysis `tran', during Monte Carlo analysis `mc1'.
    GminDC = 1 pS is large enough to noticeably affect the DC solution.
        dV(I0.208\:S) = 161.967 uV
        Use the `gmin_check' option to eliminate or expand this report.
    Bad pivoting is found during DC analysis. Option dc_pivot_check=yes is recommended for possible improvement of convergence. {"history": "MonteCarlo.1", "point": 81, "testname": "TRAN_VDD_MC", "cornername": "Nominal"}
[2026-05-27 11:52:30.547 Z] [WARN] [cadence.virtuoso.ade.simulationMonitor] -     WARNING (CMI-2943): Parameter checks have been ignored because the valid value for parameter 'trise' could not be found in 'C0'. {"history": "MonteCarlo.1", "point": 81, "testname": "TRAN_VDD_MC", "cornername": "Nominal"}
[2026-05-27 11:52:30.548 Z] [WARN] [cadence.virtuoso.ade.simulationMonitor] -     WARNING (CMI-2943): Parameter checks have been ignored because the valid value for parameter 'trise' could not be found in 'I0.R44.CM'. {"history": "MonteCarlo.1", "point": 81, "testname": "TRAN_VDD_MC", "cornername": "Nominal"}
[2026-05-27 11:52:30.548 Z] [WARN] [cadence.virtuoso.ade.simulationMonitor] -     WARNING (CMI-2943): Parameter checks have been ignored because the valid value for parameter 'trise' could not be found in 'I0.R44.CS1'. {"history": "MonteCarlo.1", "point": 81, "testname": "TRAN_VDD_MC", "cornername": "Nominal"}
[2026-05-27 11:52:30.549 Z] [WARN] [cadence.virtuoso.ade.simulationMonitor] -     WARNING (CMI-2943): Parameter checks have been ignored because the valid value for parameter 'trise' could not be found in 'I0.R44.CS0'. {"history": "MonteCarlo.1", "point": 81, "testname": "TRAN_VDD_MC", "cornername": "Nominal"}
[2026-05-27 11:52:30.549 Z] [WARN] [cadence.virtuoso.ade.simulationMonitor] -     WARNING (CMI-2943): Parameter checks have been ignored because the valid value for parameter 'trise' could not be found in 'I0.R23.CM'.
        Further occurrences of this warning will be suppressed. {"history": "MonteCarlo.1", "point": 81, "testname": "TRAN_VDD_MC", "cornername": "Nominal"}
[2026-05-27 11:52:30.550 Z] [WARN] [cadence.virtuoso.ade.simulationMonitor] -     WARNING (SPECTRE-17191): 
        Tolerance relaxation is used to obtain final DC solution which may affect the accuracy of the result. This is mainly caused by the high impedance nodes in the circuit. Use the dyn_highz check to determine the high impedance nodes. Setting/assigning appropriate initial values to these nodes will usually help to improve both performance and accuracy of DC simulations. {"history": "MonteCarlo.1", "point": 81, "testname": "TRAN_VDD_MC", "cornername": "Nominal"}
[2026-05-27 11:52:31.051 Z] [INFO] [cadence.virtuoso.ade.simulationMonitor] - Total time required for tran analysis `tran': CPU = 739.59 ms, elapsed = 457.291 ms, util. = 162%. {"history": "MonteCarlo.1", "point": 81, "testname": "TRAN_VDD_MC", "cornername": "Nominal"}
[2026-05-27 11:52:31.052 Z] [INFO] [cadence.virtuoso.ade.simulationMonitor] - Peak resident memory used = 260 Mbytes. {"history": "MonteCarlo.1", "point": 81, "testname": "TRAN_VDD_MC", "cornername": "Nominal"}
[2026-05-27 11:52:31.052 Z] [INFO] [cadence.virtuoso.ade.simulationMonitor] - Notice from spectre during transient analysis `tran', during Monte Carlo analysis `mc1'.
    121 notices suppressed.
    137 warnings suppressed. {"history": "MonteCarlo.1", "point": 81, "testname": "TRAN_VDD_MC", "cornername": "Nominal"}
[2026-05-27 11:52:31.052 Z] [INFO] [cadence.virtuoso.ade.simulationMonitor] - Notice from spectre in `vert10':`I0.Q3(30)', in `fecg_bandgap3_layout':`I0', during Monte Carlo analysis `mc1'.
    I0.Q3(30).bjtinsub: `rbm' has the unusually small value of 996.366 mOhm.
    I0.Q3(30).bjtinsub: `minr' has the unusually small value of 10 fOhm. {"history": "MonteCarlo.1", "point": 81, "testname": "TRAN_VDD_MC", "cornername": "Nominal"}
[2026-05-27 11:52:31.053 Z] [INFO] [cadence.virtuoso.ade.simulationMonitor] - Notice from spectre in `vert10':`I0.Q3(29)', in `fecg_bandgap3_layout':`I0', during Monte Carlo analysis `mc1'.
    I0.Q3(29).bjtinsub: `rbm' has the unusually small value of 996.366 mOhm.
    I0.Q3(29).bjtinsub: `minr' has the unusually small value of 10 fOhm. {"history": "MonteCarlo.1", "point": 81, "testname": "TRAN_VDD_MC", "cornername": "Nominal"}
[2026-05-27 11:52:31.053 Z] [INFO] [cadence.virtuoso.ade.simulationMonitor] - Notice from spectre in `vert10':`I0.Q3(28)', in `fecg_bandgap3_layout':`I0', during Monte Carlo analysis `mc1'.
    I0.Q3(28).bjtinsub: `rbm' has the unusually small value of 996.366 mOhm.
        Further occurrences of this notice will be suppressed. {"history": "MonteCarlo.1", "point": 81, "testname": "TRAN_VDD_MC", "cornername": "Nominal"}
[2026-05-27 11:52:31.053 Z] [INFO] [cadence.virtuoso.ade.simulationMonitor] - Notice from spectre during IC analysis, during transient analysis `tran', during Monte Carlo analysis `mc1'.
    GminDC = 1 pS is large enough to noticeably affect the DC solution.
        dV(I0.208\:S) = 2.89459 uV
        Use the `gmin_check' option to eliminate or expand this report.
    Bad pivoting is found during DC analysis. Option dc_pivot_check=yes is recommended for possible improvement of convergence. {"history": "MonteCarlo.1", "point": 81, "testname": "TRAN_VDD_MC", "cornername": "Nominal"}
[2026-05-27 11:52:31.054 Z] [WARN] [cadence.virtuoso.ade.simulationMonitor] -     WARNING (CMI-2943): Parameter checks have been ignored because the valid value for parameter 'trise' could not be found in 'C0'. {"history": "MonteCarlo.1", "point": 81, "testname": "TRAN_VDD_MC", "cornername": "Nominal"}
[2026-05-27 11:52:31.054 Z] [WARN] [cadence.virtuoso.ade.simulationMonitor] -     WARNING (CMI-2943): Parameter checks have been ignored because the valid value for parameter 'trise' could not be found in 'I0.R44.CM'. {"history": "MonteCarlo.1", "point": 81, "testname": "TRAN_VDD_MC", "cornername": "Nominal"}
[2026-05-27 11:52:31.055 Z] [WARN] [cadence.virtuoso.ade.simulationMonitor] -     WARNING (CMI-2943): Parameter checks have been ignored because the valid value for parameter 'trise' could not be found in 'I0.R44.CS1'. {"history": "MonteCarlo.1", "point": 81, "testname": "TRAN_VDD_MC", "cornername": "Nominal"}
[2026-05-27 11:52:31.055 Z] [WARN] [cadence.virtuoso.ade.simulationMonitor] -     WARNING (CMI-2943): Parameter checks have been ignored because the valid value for parameter 'trise' could not be found in 'I0.R44.CS0'. {"history": "MonteCarlo.1", "point": 81, "testname": "TRAN_VDD_MC", "cornername": "Nominal"}
[2026-05-27 11:52:31.055 Z] [WARN] [cadence.virtuoso.ade.simulationMonitor] -     WARNING (CMI-2943): Parameter checks have been ignored because the valid value for parameter 'trise' could not be found in 'I0.R23.CM'.
        Further occurrences of this warning will be suppressed. {"history": "MonteCarlo.1", "point": 81, "testname": "TRAN_VDD_MC", "cornername": "Nominal"}
[2026-05-27 11:52:31.056 Z] [PROCESS] [cadence.virtuoso.ade.simulationMonitor] - Finished simulating for one iteration {"hostname": "il2244vt26_hrahimi", "processid": 313618, "history": "MonteCarlo.1", "testname": "TRAN_VDD_MC", "cornername": "Nominal", "point": 81, "logfile": "/home/hrahimi/projects/POTENTIOSTAT_26/logs_hrahimi/logs0/Job57.log", "simid": "1"}
[2026-05-27 11:52:31.056 Z] [PROCESS] [cadence.virtuoso.ade.simulationMonitor] - Started Simulation {"hostname": "il2244vt26_hrahimi", "processid": 313618, "history": "MonteCarlo.1", "testname": "TRAN_VDD_MC", "cornername": "Nominal", "point": 82, "logfile": "/home/hrahimi/projects/POTENTIOSTAT_26/logs_hrahimi/logs0/Job57.log", "event": "started", "task": "simulation"}
[2026-05-27 11:52:31.558 Z] [INFO] [cadence.virtuoso.ade.simulationMonitor] - Total time required for tran analysis `tran': CPU = 674.67 ms, elapsed = 381.833 ms, util. = 177%. {"history": "MonteCarlo.1", "point": 82, "testname": "TRAN_VDD_MC", "cornername": "Nominal"}
[2026-05-27 11:52:31.558 Z] [INFO] [cadence.virtuoso.ade.simulationMonitor] - Peak resident memory used = 260 Mbytes. {"history": "MonteCarlo.1", "point": 82, "testname": "TRAN_VDD_MC", "cornername": "Nominal"}
[2026-05-27 11:52:31.559 Z] [INFO] [cadence.virtuoso.ade.simulationMonitor] - Notice from spectre during transient analysis `tran', during Monte Carlo analysis `mc1'.
    121 notices suppressed.
    137 warnings suppressed. {"history": "MonteCarlo.1", "point": 82, "testname": "TRAN_VDD_MC", "cornername": "Nominal"}
[2026-05-27 11:52:31.559 Z] [INFO] [cadence.virtuoso.ade.simulationMonitor] - Notice from spectre in `vert10':`I0.Q3(30)', in `fecg_bandgap3_layout':`I0', during Monte Carlo analysis `mc1'.
    I0.Q3(30).bjtinsub: `minr' has the unusually small value of 10 fOhm. {"history": "MonteCarlo.1", "point": 82, "testname": "TRAN_VDD_MC", "cornername": "Nominal"}
[2026-05-27 11:52:31.560 Z] [INFO] [cadence.virtuoso.ade.simulationMonitor] - Notice from spectre in `vert10':`I0.Q3(29)', in `fecg_bandgap3_layout':`I0', during Monte Carlo analysis `mc1'.
    I0.Q3(29).bjtinsub: `minr' has the unusually small value of 10 fOhm. {"history": "MonteCarlo.1", "point": 82, "testname": "TRAN_VDD_MC", "cornername": "Nominal"}
[2026-05-27 11:52:31.561 Z] [INFO] [cadence.virtuoso.ade.simulationMonitor] - Notice from spectre in `vert10':`I0.Q3(28)', in `fecg_bandgap3_layout':`I0', during Monte Carlo analysis `mc1'.
    I0.Q3(28).bjtinsub: `minr' has the unusually small value of 10 fOhm. {"history": "MonteCarlo.1", "point": 82, "testname": "TRAN_VDD_MC", "cornername": "Nominal"}
[2026-05-27 11:52:31.561 Z] [INFO] [cadence.virtuoso.ade.simulationMonitor] - Notice from spectre in `vert10':`I0.Q3(27)', in `fecg_bandgap3_layout':`I0', during Monte Carlo analysis `mc1'.
    I0.Q3(27).bjtinsub: `minr' has the unusually small value of 10 fOhm. {"history": "MonteCarlo.1", "point": 82, "testname": "TRAN_VDD_MC", "cornername": "Nominal"}
[2026-05-27 11:52:31.561 Z] [INFO] [cadence.virtuoso.ade.simulationMonitor] - Notice from spectre in `vert10':`I0.Q3(26)', in `fecg_bandgap3_layout':`I0', during Monte Carlo analysis `mc1'.
    I0.Q3(26).bjtinsub: `minr' has the unusually small value of 10 fOhm.
        Further occurrences of this notice will be suppressed. {"history": "MonteCarlo.1", "point": 82, "testname": "TRAN_VDD_MC", "cornername": "Nominal"}
[2026-05-27 11:52:31.562 Z] [INFO] [cadence.virtuoso.ade.simulationMonitor] - Notice from spectre during IC analysis, during transient analysis `tran', during Monte Carlo analysis `mc1'.
    GminDC = 1 pS is large enough to noticeably affect the DC solution.
        dV(I0.41\:S) = 157.43 uV
        Use the `gmin_check' option to eliminate or expand this report.
    Bad pivoting is found during DC analysis. Option dc_pivot_check=yes is recommended for possible improvement of convergence. {"history": "MonteCarlo.1", "point": 82, "testname": "TRAN_VDD_MC", "cornername": "Nominal"}
[2026-05-27 11:52:31.562 Z] [WARN] [cadence.virtuoso.ade.simulationMonitor] -     WARNING (CMI-2943): Parameter checks have been ignored because the valid value for parameter 'trise' could not be found in 'C0'. {"history": "MonteCarlo.1", "point": 82, "testname": "TRAN_VDD_MC", "cornername": "Nominal"}
[2026-05-27 11:52:31.563 Z] [WARN] [cadence.virtuoso.ade.simulationMonitor] -     WARNING (CMI-2943): Parameter checks have been ignored because the valid value for parameter 'trise' could not be found in 'I0.R44.CM'. {"history": "MonteCarlo.1", "point": 82, "testname": "TRAN_VDD_MC", "cornername": "Nominal"}
[2026-05-27 11:52:31.563 Z] [WARN] [cadence.virtuoso.ade.simulationMonitor] -     WARNING (CMI-2943): Parameter checks have been ignored because the valid value for parameter 'trise' could not be found in 'I0.R44.CS1'. {"history": "MonteCarlo.1", "point": 82, "testname": "TRAN_VDD_MC", "cornername": "Nominal"}
[2026-05-27 11:52:31.564 Z] [WARN] [cadence.virtuoso.ade.simulationMonitor] -     WARNING (CMI-2943): Parameter checks have been ignored because the valid value for parameter 'trise' could not be found in 'I0.R44.CS0'. {"history": "MonteCarlo.1", "point": 82, "testname": "TRAN_VDD_MC", "cornername": "Nominal"}
[2026-05-27 11:52:31.568 Z] [WARN] [cadence.virtuoso.ade.simulationMonitor] -     WARNING (CMI-2943): Parameter checks have been ignored because the valid value for parameter 'trise' could not be found in 'I0.R23.CM'.
        Further occurrences of this warning will be suppressed. {"history": "MonteCarlo.1", "point": 82, "testname": "TRAN_VDD_MC", "cornername": "Nominal"}
[2026-05-27 11:52:31.568 Z] [PROCESS] [cadence.virtuoso.ade.simulationMonitor] - Finished simulating for one iteration {"hostname": "il2244vt26_hrahimi", "processid": 313618, "history": "MonteCarlo.1", "testname": "TRAN_VDD_MC", "cornername": "Nominal", "point": 82, "logfile": "/home/hrahimi/projects/POTENTIOSTAT_26/logs_hrahimi/logs0/Job57.log", "simid": "1"}
[2026-05-27 11:52:31.569 Z] [PROCESS] [cadence.virtuoso.ade.simulationMonitor] - Started Simulation {"hostname": "il2244vt26_hrahimi", "processid": 313618, "history": "MonteCarlo.1", "testname": "TRAN_VDD_MC", "cornername": "Nominal", "point": 83, "logfile": "/home/hrahimi/projects/POTENTIOSTAT_26/logs_hrahimi/logs0/Job57.log", "event": "started", "task": "simulation"}
[2026-05-27 11:52:32.073 Z] [INFO] [cadence.virtuoso.ade.simulationMonitor] - Total time required for tran analysis `tran': CPU = 825.565 ms, elapsed = 427.161 ms, util. = 193%. {"history": "MonteCarlo.1", "point": 83, "testname": "TRAN_VDD_MC", "cornername": "Nominal"}
[2026-05-27 11:52:32.074 Z] [INFO] [cadence.virtuoso.ade.simulationMonitor] - Peak resident memory used = 261 Mbytes. {"history": "MonteCarlo.1", "point": 83, "testname": "TRAN_VDD_MC", "cornername": "Nominal"}
[2026-05-27 11:52:32.074 Z] [INFO] [cadence.virtuoso.ade.simulationMonitor] - Notice from spectre during transient analysis `tran', during Monte Carlo analysis `mc1'.
    58 notices suppressed.
    137 warnings suppressed. {"history": "MonteCarlo.1", "point": 83, "testname": "TRAN_VDD_MC", "cornername": "Nominal"}
[2026-05-27 11:52:32.075 Z] [INFO] [cadence.virtuoso.ade.simulationMonitor] - Notice from spectre in `vert10':`I0.Q3(30)', in `fecg_bandgap3_layout':`I0', during Monte Carlo analysis `mc1'.
    I0.Q3(30).bjtinsub: `rbm' has the unusually small value of 921.366 mOhm.
    I0.Q3(30).bjtinsub: `minr' has the unusually small value of 10 fOhm. {"history": "MonteCarlo.1", "point": 83, "testname": "TRAN_VDD_MC", "cornername": "Nominal"}
[2026-05-27 11:52:32.075 Z] [INFO] [cadence.virtuoso.ade.simulationMonitor] - Notice from spectre in `vert10':`I0.Q3(29)', in `fecg_bandgap3_layout':`I0', during Monte Carlo analysis `mc1'.
    I0.Q3(29).bjtinsub: `rbm' has the unusually small value of 921.366 mOhm.
    I0.Q3(29).bjtinsub: `minr' has the unusually small value of 10 fOhm. {"history": "MonteCarlo.1", "point": 83, "testname": "TRAN_VDD_MC", "cornername": "Nominal"}
[2026-05-27 11:52:32.076 Z] [INFO] [cadence.virtuoso.ade.simulationMonitor] - Notice from spectre in `vert10':`I0.Q3(28)', in `fecg_bandgap3_layout':`I0', during Monte Carlo analysis `mc1'.
    I0.Q3(28).bjtinsub: `rbm' has the unusually small value of 921.366 mOhm.
        Further occurrences of this notice will be suppressed. {"history": "MonteCarlo.1", "point": 83, "testname": "TRAN_VDD_MC", "cornername": "Nominal"}
[2026-05-27 11:52:32.076 Z] [INFO] [cadence.virtuoso.ade.simulationMonitor] - Notice from spectre during IC analysis, during transient analysis `tran', during Monte Carlo analysis `mc1'.
    GminDC = 1 pS is large enough to noticeably affect the DC solution.
        dV(I0.208\:S) = 215.541 uV
        Use the `gmin_check' option to eliminate or expand this report.
    Bad pivoting is found during DC analysis. Option dc_pivot_check=yes is recommended for possible improvement of convergence. {"history": "MonteCarlo.1", "point": 83, "testname": "TRAN_VDD_MC", "cornername": "Nominal"}
[2026-05-27 11:52:32.076 Z] [WARN] [cadence.virtuoso.ade.simulationMonitor] -     WARNING (CMI-2943): Parameter checks have been ignored because the valid value for parameter 'trise' could not be found in 'C0'. {"history": "MonteCarlo.1", "point": 83, "testname": "TRAN_VDD_MC", "cornername": "Nominal"}
[2026-05-27 11:52:32.077 Z] [WARN] [cadence.virtuoso.ade.simulationMonitor] -     WARNING (CMI-2943): Parameter checks have been ignored because the valid value for parameter 'trise' could not be found in 'I0.R44.CM'. {"history": "MonteCarlo.1", "point": 83, "testname": "TRAN_VDD_MC", "cornername": "Nominal"}
[2026-05-27 11:52:32.078 Z] [WARN] [cadence.virtuoso.ade.simulationMonitor] -     WARNING (CMI-2943): Parameter checks have been ignored because the valid value for parameter 'trise' could not be found in 'I0.R44.CS1'. {"history": "MonteCarlo.1", "point": 83, "testname": "TRAN_VDD_MC", "cornername": "Nominal"}
[2026-05-27 11:52:32.078 Z] [WARN] [cadence.virtuoso.ade.simulationMonitor] -     WARNING (CMI-2943): Parameter checks have been ignored because the valid value for parameter 'trise' could not be found in 'I0.R44.CS0'. {"history": "MonteCarlo.1", "point": 83, "testname": "TRAN_VDD_MC", "cornername": "Nominal"}
[2026-05-27 11:52:32.079 Z] [WARN] [cadence.virtuoso.ade.simulationMonitor] -     WARNING (CMI-2943): Parameter checks have been ignored because the valid value for parameter 'trise' could not be found in 'I0.R23.CM'.
        Further occurrences of this warning will be suppressed. {"history": "MonteCarlo.1", "point": 83, "testname": "TRAN_VDD_MC", "cornername": "Nominal"}
[2026-05-27 11:52:32.079 Z] [PROCESS] [cadence.virtuoso.ade.simulationMonitor] - Finished simulating for one iteration {"hostname": "il2244vt26_hrahimi", "processid": 313618, "history": "MonteCarlo.1", "testname": "TRAN_VDD_MC", "cornername": "Nominal", "point": 83, "logfile": "/home/hrahimi/projects/POTENTIOSTAT_26/logs_hrahimi/logs0/Job57.log", "simid": "1"}
[2026-05-27 11:52:32.080 Z] [PROCESS] [cadence.virtuoso.ade.simulationMonitor] - Started Simulation {"hostname": "il2244vt26_hrahimi", "processid": 313618, "history": "MonteCarlo.1", "testname": "TRAN_VDD_MC", "cornername": "Nominal", "point": 84, "logfile": "/home/hrahimi/projects/POTENTIOSTAT_26/logs_hrahimi/logs0/Job57.log", "event": "started", "task": "simulation"}
[2026-05-27 11:52:32.581 Z] [INFO] [cadence.virtuoso.ade.simulationMonitor] - Total time required for tran analysis `tran': CPU = 844.47 ms, elapsed = 450.378 ms, util. = 188%. {"history": "MonteCarlo.1", "point": 84, "testname": "TRAN_VDD_MC", "cornername": "Nominal"}
[2026-05-27 11:52:32.581 Z] [INFO] [cadence.virtuoso.ade.simulationMonitor] - Peak resident memory used = 262 Mbytes. {"history": "MonteCarlo.1", "point": 84, "testname": "TRAN_VDD_MC", "cornername": "Nominal"}
[2026-05-27 11:52:32.582 Z] [INFO] [cadence.virtuoso.ade.simulationMonitor] - Notice from spectre during transient analysis `tran', during Monte Carlo analysis `mc1'.
    121 notices suppressed.
    137 warnings suppressed. {"history": "MonteCarlo.1", "point": 84, "testname": "TRAN_VDD_MC", "cornername": "Nominal"}
[2026-05-27 11:52:32.582 Z] [INFO] [cadence.virtuoso.ade.simulationMonitor] - Notice from spectre in `vert10':`I0.Q3(30)', in `fecg_bandgap3_layout':`I0', during Monte Carlo analysis `mc1'.
    I0.Q3(30).bjtinsub: `minr' has the unusually small value of 10 fOhm. {"history": "MonteCarlo.1", "point": 84, "testname": "TRAN_VDD_MC", "cornername": "Nominal"}
[2026-05-27 11:52:32.583 Z] [INFO] [cadence.virtuoso.ade.simulationMonitor] - Notice from spectre in `vert10':`I0.Q3(29)', in `fecg_bandgap3_layout':`I0', during Monte Carlo analysis `mc1'.
    I0.Q3(29).bjtinsub: `minr' has the unusually small value of 10 fOhm. {"history": "MonteCarlo.1", "point": 84, "testname": "TRAN_VDD_MC", "cornername": "Nominal"}
[2026-05-27 11:52:32.583 Z] [INFO] [cadence.virtuoso.ade.simulationMonitor] - Notice from spectre in `vert10':`I0.Q3(28)', in `fecg_bandgap3_layout':`I0', during Monte Carlo analysis `mc1'.
    I0.Q3(28).bjtinsub: `minr' has the unusually small value of 10 fOhm. {"history": "MonteCarlo.1", "point": 84, "testname": "TRAN_VDD_MC", "cornername": "Nominal"}
[2026-05-27 11:52:32.583 Z] [INFO] [cadence.virtuoso.ade.simulationMonitor] - Notice from spectre in `vert10':`I0.Q3(27)', in `fecg_bandgap3_layout':`I0', during Monte Carlo analysis `mc1'.
    I0.Q3(27).bjtinsub: `minr' has the unusually small value of 10 fOhm. {"history": "MonteCarlo.1", "point": 84, "testname": "TRAN_VDD_MC", "cornername": "Nominal"}
[2026-05-27 11:52:32.584 Z] [INFO] [cadence.virtuoso.ade.simulationMonitor] - Notice from spectre in `vert10':`I0.Q3(26)', in `fecg_bandgap3_layout':`I0', during Monte Carlo analysis `mc1'.
    I0.Q3(26).bjtinsub: `minr' has the unusually small value of 10 fOhm.
        Further occurrences of this notice will be suppressed. {"history": "MonteCarlo.1", "point": 84, "testname": "TRAN_VDD_MC", "cornername": "Nominal"}
[2026-05-27 11:52:32.584 Z] [INFO] [cadence.virtuoso.ade.simulationMonitor] - Notice from spectre during IC analysis, during transient analysis `tran', during Monte Carlo analysis `mc1'.
    GminDC = 1 pS is large enough to noticeably affect the DC solution.
        dV(I0.208\:S) = -6.96754 uV
        Use the `gmin_check' option to eliminate or expand this report.
    Bad pivoting is found during DC analysis. Option dc_pivot_check=yes is recommended for possible improvement of convergence. {"history": "MonteCarlo.1", "point": 84, "testname": "TRAN_VDD_MC", "cornername": "Nominal"}
[2026-05-27 11:52:32.585 Z] [WARN] [cadence.virtuoso.ade.simulationMonitor] -     WARNING (CMI-2943): Parameter checks have been ignored because the valid value for parameter 'trise' could not be found in 'C0'. {"history": "MonteCarlo.1", "point": 84, "testname": "TRAN_VDD_MC", "cornername": "Nominal"}
[2026-05-27 11:52:32.585 Z] [WARN] [cadence.virtuoso.ade.simulationMonitor] -     WARNING (CMI-2943): Parameter checks have been ignored because the valid value for parameter 'trise' could not be found in 'I0.R44.CM'. {"history": "MonteCarlo.1", "point": 84, "testname": "TRAN_VDD_MC", "cornername": "Nominal"}
[2026-05-27 11:52:32.585 Z] [WARN] [cadence.virtuoso.ade.simulationMonitor] -     WARNING (CMI-2943): Parameter checks have been ignored because the valid value for parameter 'trise' could not be found in 'I0.R44.CS1'. {"history": "MonteCarlo.1", "point": 84, "testname": "TRAN_VDD_MC", "cornername": "Nominal"}
[2026-05-27 11:52:32.586 Z] [WARN] [cadence.virtuoso.ade.simulationMonitor] -     WARNING (CMI-2943): Parameter checks have been ignored because the valid value for parameter 'trise' could not be found in 'I0.R44.CS0'. {"history": "MonteCarlo.1", "point": 84, "testname": "TRAN_VDD_MC", "cornername": "Nominal"}
[2026-05-27 11:52:32.586 Z] [WARN] [cadence.virtuoso.ade.simulationMonitor] -     WARNING (CMI-2943): Parameter checks have been ignored because the valid value for parameter 'trise' could not be found in 'I0.R23.CM'.
        Further occurrences of this warning will be suppressed. {"history": "MonteCarlo.1", "point": 84, "testname": "TRAN_VDD_MC", "cornername": "Nominal"}
[2026-05-27 11:52:32.587 Z] [PROCESS] [cadence.virtuoso.ade.simulationMonitor] - Finished simulating for one iteration {"hostname": "il2244vt26_hrahimi", "processid": 313618, "history": "MonteCarlo.1", "testname": "TRAN_VDD_MC", "cornername": "Nominal", "point": 84, "logfile": "/home/hrahimi/projects/POTENTIOSTAT_26/logs_hrahimi/logs0/Job57.log", "simid": "1"}
[2026-05-27 11:52:32.587 Z] [PROCESS] [cadence.virtuoso.ade.simulationMonitor] - Started Simulation {"hostname": "il2244vt26_hrahimi", "processid": 313618, "history": "MonteCarlo.1", "testname": "TRAN_VDD_MC", "cornername": "Nominal", "point": 85, "logfile": "/home/hrahimi/projects/POTENTIOSTAT_26/logs_hrahimi/logs0/Job57.log", "event": "started", "task": "simulation"}
[2026-05-27 11:52:33.588 Z] [INFO] [cadence.virtuoso.ade.simulationMonitor] - Total time required for tran analysis `tran': CPU = 876.763 ms, elapsed = 651.712 ms, util. = 135%. {"history": "MonteCarlo.1", "point": 85, "testname": "TRAN_VDD_MC", "cornername": "Nominal"}
[2026-05-27 11:52:33.589 Z] [INFO] [cadence.virtuoso.ade.simulationMonitor] - Peak resident memory used = 264 Mbytes. {"history": "MonteCarlo.1", "point": 85, "testname": "TRAN_VDD_MC", "cornername": "Nominal"}
[2026-05-27 11:52:33.589 Z] [INFO] [cadence.virtuoso.ade.simulationMonitor] - Notice from spectre during transient analysis `tran', during Monte Carlo analysis `mc1'.
    58 notices suppressed.
    137 warnings suppressed. {"history": "MonteCarlo.1", "point": 85, "testname": "TRAN_VDD_MC", "cornername": "Nominal"}
[2026-05-27 11:52:33.589 Z] [INFO] [cadence.virtuoso.ade.simulationMonitor] - Notice from spectre in `vert10':`I0.Q3(30)', in `fecg_bandgap3_layout':`I0', during Monte Carlo analysis `mc1'.
    I0.Q3(30).bjtinsub: `rbm' has the unusually small value of 971.366 mOhm.
    I0.Q3(30).bjtinsub: `minr' has the unusually small value of 10 fOhm. {"history": "MonteCarlo.1", "point": 85, "testname": "TRAN_VDD_MC", "cornername": "Nominal"}
[2026-05-27 11:52:33.590 Z] [INFO] [cadence.virtuoso.ade.simulationMonitor] - Notice from spectre in `vert10':`I0.Q3(29)', in `fecg_bandgap3_layout':`I0', during Monte Carlo analysis `mc1'.
    I0.Q3(29).bjtinsub: `rbm' has the unusually small value of 971.366 mOhm.
    I0.Q3(29).bjtinsub: `minr' has the unusually small value of 10 fOhm. {"history": "MonteCarlo.1", "point": 85, "testname": "TRAN_VDD_MC", "cornername": "Nominal"}
[2026-05-27 11:52:33.590 Z] [INFO] [cadence.virtuoso.ade.simulationMonitor] - Notice from spectre in `vert10':`I0.Q3(28)', in `fecg_bandgap3_layout':`I0', during Monte Carlo analysis `mc1'.
    I0.Q3(28).bjtinsub: `rbm' has the unusually small value of 971.366 mOhm.
        Further occurrences of this notice will be suppressed. {"history": "MonteCarlo.1", "point": 85, "testname": "TRAN_VDD_MC", "cornername": "Nominal"}
[2026-05-27 11:52:33.591 Z] [INFO] [cadence.virtuoso.ade.simulationMonitor] - Notice from spectre during IC analysis, during transient analysis `tran', during Monte Carlo analysis `mc1'.
    GminDC = 1 pS is large enough to noticeably affect the DC solution.
        dV(I0.41\:S) = 23.6286 uV
        Use the `gmin_check' option to eliminate or expand this report.
    Bad pivoting is found during DC analysis. Option dc_pivot_check=yes is recommended for possible improvement of convergence. {"history": "MonteCarlo.1", "point": 85, "testname": "TRAN_VDD_MC", "cornername": "Nominal"}
[2026-05-27 11:52:33.591 Z] [WARN] [cadence.virtuoso.ade.simulationMonitor] -     WARNING (CMI-2943): Parameter checks have been ignored because the valid value for parameter 'trise' could not be found in 'C0'. {"history": "MonteCarlo.1", "point": 85, "testname": "TRAN_VDD_MC", "cornername": "Nominal"}
[2026-05-27 11:52:33.591 Z] [WARN] [cadence.virtuoso.ade.simulationMonitor] -     WARNING (CMI-2943): Parameter checks have been ignored because the valid value for parameter 'trise' could not be found in 'I0.R44.CM'. {"history": "MonteCarlo.1", "point": 85, "testname": "TRAN_VDD_MC", "cornername": "Nominal"}
[2026-05-27 11:52:33.592 Z] [WARN] [cadence.virtuoso.ade.simulationMonitor] -     WARNING (CMI-2943): Parameter checks have been ignored because the valid value for parameter 'trise' could not be found in 'I0.R44.CS1'. {"history": "MonteCarlo.1", "point": 85, "testname": "TRAN_VDD_MC", "cornername": "Nominal"}
[2026-05-27 11:52:33.592 Z] [WARN] [cadence.virtuoso.ade.simulationMonitor] -     WARNING (CMI-2943): Parameter checks have been ignored because the valid value for parameter 'trise' could not be found in 'I0.R44.CS0'. {"history": "MonteCarlo.1", "point": 85, "testname": "TRAN_VDD_MC", "cornername": "Nominal"}
[2026-05-27 11:52:33.592 Z] [WARN] [cadence.virtuoso.ade.simulationMonitor] -     WARNING (CMI-2943): Parameter checks have been ignored because the valid value for parameter 'trise' could not be found in 'I0.R23.CM'.
        Further occurrences of this warning will be suppressed. {"history": "MonteCarlo.1", "point": 85, "testname": "TRAN_VDD_MC", "cornername": "Nominal"}
[2026-05-27 11:52:33.593 Z] [PROCESS] [cadence.virtuoso.ade.simulationMonitor] - Finished simulating for one iteration {"hostname": "il2244vt26_hrahimi", "processid": 313618, "history": "MonteCarlo.1", "testname": "TRAN_VDD_MC", "cornername": "Nominal", "point": 85, "logfile": "/home/hrahimi/projects/POTENTIOSTAT_26/logs_hrahimi/logs0/Job57.log", "simid": "1"}
[2026-05-27 11:52:33.593 Z] [PROCESS] [cadence.virtuoso.ade.simulationMonitor] - Started Simulation {"hostname": "il2244vt26_hrahimi", "processid": 313618, "history": "MonteCarlo.1", "testname": "TRAN_VDD_MC", "cornername": "Nominal", "point": 86, "logfile": "/home/hrahimi/projects/POTENTIOSTAT_26/logs_hrahimi/logs0/Job57.log", "event": "started", "task": "simulation"}
[2026-05-27 11:52:34.094 Z] [INFO] [cadence.virtuoso.ade.simulationMonitor] - Total time required for tran analysis `tran': CPU = 798.634 ms, elapsed = 399.747 ms, util. = 200%. {"history": "MonteCarlo.1", "point": 86, "testname": "TRAN_VDD_MC", "cornername": "Nominal"}
[2026-05-27 11:52:34.097 Z] [INFO] [cadence.virtuoso.ade.simulationMonitor] - Peak resident memory used = 265 Mbytes. {"history": "MonteCarlo.1", "point": 86, "testname": "TRAN_VDD_MC", "cornername": "Nominal"}
[2026-05-27 11:52:34.098 Z] [INFO] [cadence.virtuoso.ade.simulationMonitor] - Notice from spectre during transient analysis `tran', during Monte Carlo analysis `mc1'.
    121 notices suppressed.
    137 warnings suppressed. {"history": "MonteCarlo.1", "point": 86, "testname": "TRAN_VDD_MC", "cornername": "Nominal"}
[2026-05-27 11:52:34.099 Z] [INFO] [cadence.virtuoso.ade.simulationMonitor] - Notice from spectre in `vert10':`I0.Q3(30)', in `fecg_bandgap3_layout':`I0', during Monte Carlo analysis `mc1'.
    I0.Q3(30).bjtinsub: `minr' has the unusually small value of 10 fOhm. {"history": "MonteCarlo.1", "point": 86, "testname": "TRAN_VDD_MC", "cornername": "Nominal"}
[2026-05-27 11:52:34.099 Z] [INFO] [cadence.virtuoso.ade.simulationMonitor] - Notice from spectre in `vert10':`I0.Q3(29)', in `fecg_bandgap3_layout':`I0', during Monte Carlo analysis `mc1'.
    I0.Q3(29).bjtinsub: `minr' has the unusually small value of 10 fOhm. {"history": "MonteCarlo.1", "point": 86, "testname": "TRAN_VDD_MC", "cornername": "Nominal"}
[2026-05-27 11:52:34.099 Z] [INFO] [cadence.virtuoso.ade.simulationMonitor] - Notice from spectre in `vert10':`I0.Q3(28)', in `fecg_bandgap3_layout':`I0', during Monte Carlo analysis `mc1'.
    I0.Q3(28).bjtinsub: `minr' has the unusually small value of 10 fOhm. {"history": "MonteCarlo.1", "point": 86, "testname": "TRAN_VDD_MC", "cornername": "Nominal"}
[2026-05-27 11:52:34.099 Z] [INFO] [cadence.virtuoso.ade.simulationMonitor] - Notice from spectre in `vert10':`I0.Q3(27)', in `fecg_bandgap3_layout':`I0', during Monte Carlo analysis `mc1'.
    I0.Q3(27).bjtinsub: `minr' has the unusually small value of 10 fOhm. {"history": "MonteCarlo.1", "point": 86, "testname": "TRAN_VDD_MC", "cornername": "Nominal"}
[2026-05-27 11:52:34.099 Z] [INFO] [cadence.virtuoso.ade.simulationMonitor] - Notice from spectre in `vert10':`I0.Q3(26)', in `fecg_bandgap3_layout':`I0', during Monte Carlo analysis `mc1'.
    I0.Q3(26).bjtinsub: `minr' has the unusually small value of 10 fOhm.
        Further occurrences of this notice will be suppressed. {"history": "MonteCarlo.1", "point": 86, "testname": "TRAN_VDD_MC", "cornername": "Nominal"}
[2026-05-27 11:52:34.100 Z] [INFO] [cadence.virtuoso.ade.simulationMonitor] - Notice from spectre during IC analysis, during transient analysis `tran', during Monte Carlo analysis `mc1'.
    GminDC = 1 pS is large enough to noticeably affect the DC solution.
        dV(I0.208\:S) = -10.1394 uV
        Use the `gmin_check' option to eliminate or expand this report.
    Bad pivoting is found during DC analysis. Option dc_pivot_check=yes is recommended for possible improvement of convergence. {"history": "MonteCarlo.1", "point": 86, "testname": "TRAN_VDD_MC", "cornername": "Nominal"}
[2026-05-27 11:52:34.100 Z] [WARN] [cadence.virtuoso.ade.simulationMonitor] -     WARNING (CMI-2943): Parameter checks have been ignored because the valid value for parameter 'trise' could not be found in 'C0'. {"history": "MonteCarlo.1", "point": 86, "testname": "TRAN_VDD_MC", "cornername": "Nominal"}
[2026-05-27 11:52:34.100 Z] [WARN] [cadence.virtuoso.ade.simulationMonitor] -     WARNING (CMI-2943): Parameter checks have been ignored because the valid value for parameter 'trise' could not be found in 'I0.R44.CM'. {"history": "MonteCarlo.1", "point": 86, "testname": "TRAN_VDD_MC", "cornername": "Nominal"}
[2026-05-27 11:52:34.100 Z] [WARN] [cadence.virtuoso.ade.simulationMonitor] -     WARNING (CMI-2943): Parameter checks have been ignored because the valid value for parameter 'trise' could not be found in 'I0.R44.CS1'. {"history": "MonteCarlo.1", "point": 86, "testname": "TRAN_VDD_MC", "cornername": "Nominal"}
[2026-05-27 11:52:34.100 Z] [WARN] [cadence.virtuoso.ade.simulationMonitor] -     WARNING (CMI-2943): Parameter checks have been ignored because the valid value for parameter 'trise' could not be found in 'I0.R44.CS0'. {"history": "MonteCarlo.1", "point": 86, "testname": "TRAN_VDD_MC", "cornername": "Nominal"}
[2026-05-27 11:52:34.101 Z] [WARN] [cadence.virtuoso.ade.simulationMonitor] -     WARNING (CMI-2943): Parameter checks have been ignored because the valid value for parameter 'trise' could not be found in 'I0.R23.CM'.
        Further occurrences of this warning will be suppressed. {"history": "MonteCarlo.1", "point": 86, "testname": "TRAN_VDD_MC", "cornername": "Nominal"}
[2026-05-27 11:52:34.101 Z] [PROCESS] [cadence.virtuoso.ade.simulationMonitor] - Finished simulating for one iteration {"hostname": "il2244vt26_hrahimi", "processid": 313618, "history": "MonteCarlo.1", "testname": "TRAN_VDD_MC", "cornername": "Nominal", "point": 86, "logfile": "/home/hrahimi/projects/POTENTIOSTAT_26/logs_hrahimi/logs0/Job57.log", "simid": "1"}
[2026-05-27 11:52:34.101 Z] [PROCESS] [cadence.virtuoso.ade.simulationMonitor] - Started Simulation {"hostname": "il2244vt26_hrahimi", "processid": 313618, "history": "MonteCarlo.1", "testname": "TRAN_VDD_MC", "cornername": "Nominal", "point": 87, "logfile": "/home/hrahimi/projects/POTENTIOSTAT_26/logs_hrahimi/logs0/Job57.log", "event": "started", "task": "simulation"}
[2026-05-27 11:52:34.603 Z] [INFO] [cadence.virtuoso.ade.simulationMonitor] - Total time required for tran analysis `tran': CPU = 785.447 ms, elapsed = 442.733 ms, util. = 177%. {"history": "MonteCarlo.1", "point": 87, "testname": "TRAN_VDD_MC", "cornername": "Nominal"}
[2026-05-27 11:52:34.604 Z] [INFO] [cadence.virtuoso.ade.simulationMonitor] - Peak resident memory used = 266 Mbytes. {"history": "MonteCarlo.1", "point": 87, "testname": "TRAN_VDD_MC", "cornername": "Nominal"}
[2026-05-27 11:52:34.604 Z] [INFO] [cadence.virtuoso.ade.simulationMonitor] - Notice from spectre during transient analysis `tran', during Monte Carlo analysis `mc1'.
    58 notices suppressed.
    137 warnings suppressed. {"history": "MonteCarlo.1", "point": 87, "testname": "TRAN_VDD_MC", "cornername": "Nominal"}
[2026-05-27 11:52:34.605 Z] [INFO] [cadence.virtuoso.ade.simulationMonitor] - Notice from spectre in `vert10':`I0.Q3(30)', in `fecg_bandgap3_layout':`I0', during Monte Carlo analysis `mc1'.
    I0.Q3(30).bjtinsub: `rbm' has the unusually small value of 933.866 mOhm.
    I0.Q3(30).bjtinsub: `minr' has the unusually small value of 10 fOhm. {"history": "MonteCarlo.1", "point": 87, "testname": "TRAN_VDD_MC", "cornername": "Nominal"}
[2026-05-27 11:52:34.615 Z] [INFO] [cadence.virtuoso.ade.simulationMonitor] - Notice from spectre in `vert10':`I0.Q3(29)', in `fecg_bandgap3_layout':`I0', during Monte Carlo analysis `mc1'.
    I0.Q3(29).bjtinsub: `rbm' has the unusually small value of 933.866 mOhm.
    I0.Q3(29).bjtinsub: `minr' has the unusually small value of 10 fOhm. {"history": "MonteCarlo.1", "point": 87, "testname": "TRAN_VDD_MC", "cornername": "Nominal"}
[2026-05-27 11:52:34.616 Z] [INFO] [cadence.virtuoso.ade.simulationMonitor] - Notice from spectre in `vert10':`I0.Q3(28)', in `fecg_bandgap3_layout':`I0', during Monte Carlo analysis `mc1'.
    I0.Q3(28).bjtinsub: `rbm' has the unusually small value of 933.866 mOhm.
        Further occurrences of this notice will be suppressed. {"history": "MonteCarlo.1", "point": 87, "testname": "TRAN_VDD_MC", "cornername": "Nominal"}
[2026-05-27 11:52:34.623 Z] [INFO] [cadence.virtuoso.ade.simulationMonitor] - Notice from spectre during IC analysis, during transient analysis `tran', during Monte Carlo analysis `mc1'.
    Bad pivoting is found during DC analysis. Option dc_pivot_check=yes is recommended for possible improvement of convergence. {"history": "MonteCarlo.1", "point": 87, "testname": "TRAN_VDD_MC", "cornername": "Nominal"}
[2026-05-27 11:52:34.624 Z] [WARN] [cadence.virtuoso.ade.simulationMonitor] -     WARNING (CMI-2943): Parameter checks have been ignored because the valid value for parameter 'trise' could not be found in 'C0'. {"history": "MonteCarlo.1", "point": 87, "testname": "TRAN_VDD_MC", "cornername": "Nominal"}
[2026-05-27 11:52:34.624 Z] [WARN] [cadence.virtuoso.ade.simulationMonitor] -     WARNING (CMI-2943): Parameter checks have been ignored because the valid value for parameter 'trise' could not be found in 'I0.R44.CM'. {"history": "MonteCarlo.1", "point": 87, "testname": "TRAN_VDD_MC", "cornername": "Nominal"}
[2026-05-27 11:52:34.624 Z] [WARN] [cadence.virtuoso.ade.simulationMonitor] -     WARNING (CMI-2943): Parameter checks have been ignored because the valid value for parameter 'trise' could not be found in 'I0.R44.CS1'. {"history": "MonteCarlo.1", "point": 87, "testname": "TRAN_VDD_MC", "cornername": "Nominal"}
[2026-05-27 11:52:34.625 Z] [WARN] [cadence.virtuoso.ade.simulationMonitor] -     WARNING (CMI-2943): Parameter checks have been ignored because the valid value for parameter 'trise' could not be found in 'I0.R44.CS0'. {"history": "MonteCarlo.1", "point": 87, "testname": "TRAN_VDD_MC", "cornername": "Nominal"}
[2026-05-27 11:52:34.625 Z] [WARN] [cadence.virtuoso.ade.simulationMonitor] -     WARNING (CMI-2943): Parameter checks have been ignored because the valid value for parameter 'trise' could not be found in 'I0.R23.CM'.
        Further occurrences of this warning will be suppressed. {"history": "MonteCarlo.1", "point": 87, "testname": "TRAN_VDD_MC", "cornername": "Nominal"}
[2026-05-27 11:52:34.626 Z] [PROCESS] [cadence.virtuoso.ade.simulationMonitor] - Finished simulating for one iteration {"hostname": "il2244vt26_hrahimi", "processid": 313618, "history": "MonteCarlo.1", "testname": "TRAN_VDD_MC", "cornername": "Nominal", "point": 87, "logfile": "/home/hrahimi/projects/POTENTIOSTAT_26/logs_hrahimi/logs0/Job57.log", "simid": "1"}
[2026-05-27 11:52:34.626 Z] [PROCESS] [cadence.virtuoso.ade.simulationMonitor] - Started Simulation {"hostname": "il2244vt26_hrahimi", "processid": 313618, "history": "MonteCarlo.1", "testname": "TRAN_VDD_MC", "cornername": "Nominal", "point": 88, "logfile": "/home/hrahimi/projects/POTENTIOSTAT_26/logs_hrahimi/logs0/Job57.log", "event": "started", "task": "simulation"}
[2026-05-27 11:52:35.127 Z] [INFO] [cadence.virtuoso.ade.simulationMonitor] - Total time required for tran analysis `tran': CPU = 885.822 ms, elapsed = 443.591 ms, util. = 200%. {"history": "MonteCarlo.1", "point": 88, "testname": "TRAN_VDD_MC", "cornername": "Nominal"}
[2026-05-27 11:52:35.128 Z] [INFO] [cadence.virtuoso.ade.simulationMonitor] - Peak resident memory used = 266 Mbytes. {"history": "MonteCarlo.1", "point": 88, "testname": "TRAN_VDD_MC", "cornername": "Nominal"}
[2026-05-27 11:52:35.128 Z] [INFO] [cadence.virtuoso.ade.simulationMonitor] - Notice from spectre during transient analysis `tran', during Monte Carlo analysis `mc1'.
    121 notices suppressed.
    137 warnings suppressed. {"history": "MonteCarlo.1", "point": 88, "testname": "TRAN_VDD_MC", "cornername": "Nominal"}
[2026-05-27 11:52:35.128 Z] [INFO] [cadence.virtuoso.ade.simulationMonitor] - Notice from spectre in `vert10':`I0.Q3(30)', in `fecg_bandgap3_layout':`I0', during Monte Carlo analysis `mc1'.
    I0.Q3(30).bjtinsub: `minr' has the unusually small value of 10 fOhm. {"history": "MonteCarlo.1", "point": 88, "testname": "TRAN_VDD_MC", "cornername": "Nominal"}
[2026-05-27 11:52:35.128 Z] [INFO] [cadence.virtuoso.ade.simulationMonitor] - Notice from spectre in `vert10':`I0.Q3(29)', in `fecg_bandgap3_layout':`I0', during Monte Carlo analysis `mc1'.
    I0.Q3(29).bjtinsub: `minr' has the unusually small value of 10 fOhm. {"history": "MonteCarlo.1", "point": 88, "testname": "TRAN_VDD_MC", "cornername": "Nominal"}
[2026-05-27 11:52:35.129 Z] [INFO] [cadence.virtuoso.ade.simulationMonitor] - Notice from spectre in `vert10':`I0.Q3(28)', in `fecg_bandgap3_layout':`I0', during Monte Carlo analysis `mc1'.
    I0.Q3(28).bjtinsub: `minr' has the unusually small value of 10 fOhm. {"history": "MonteCarlo.1", "point": 88, "testname": "TRAN_VDD_MC", "cornername": "Nominal"}
[2026-05-27 11:52:35.129 Z] [INFO] [cadence.virtuoso.ade.simulationMonitor] - Notice from spectre in `vert10':`I0.Q3(27)', in `fecg_bandgap3_layout':`I0', during Monte Carlo analysis `mc1'.
    I0.Q3(27).bjtinsub: `minr' has the unusually small value of 10 fOhm. {"history": "MonteCarlo.1", "point": 88, "testname": "TRAN_VDD_MC", "cornername": "Nominal"}
[2026-05-27 11:52:35.129 Z] [INFO] [cadence.virtuoso.ade.simulationMonitor] - Notice from spectre in `vert10':`I0.Q3(26)', in `fecg_bandgap3_layout':`I0', during Monte Carlo analysis `mc1'.
    I0.Q3(26).bjtinsub: `minr' has the unusually small value of 10 fOhm.
        Further occurrences of this notice will be suppressed. {"history": "MonteCarlo.1", "point": 88, "testname": "TRAN_VDD_MC", "cornername": "Nominal"}
[2026-05-27 11:52:35.130 Z] [PROCESS] [cadence.virtuoso.ade.simulationMonitor] - Finished simulating for one iteration {"hostname": "il2244vt26_hrahimi", "processid": 313618, "history": "MonteCarlo.1", "testname": "TRAN_VDD_MC", "cornername": "Nominal", "point": 88, "logfile": "/home/hrahimi/projects/POTENTIOSTAT_26/logs_hrahimi/logs0/Job57.log", "simid": "1"}
[2026-05-27 11:52:35.130 Z] [PROCESS] [cadence.virtuoso.ade.simulationMonitor] - Started Simulation {"hostname": "il2244vt26_hrahimi", "processid": 313618, "history": "MonteCarlo.1", "testname": "TRAN_VDD_MC", "cornername": "Nominal", "point": 89, "logfile": "/home/hrahimi/projects/POTENTIOSTAT_26/logs_hrahimi/logs0/Job57.log", "event": "started", "task": "simulation"}
[2026-05-27 11:52:35.631 Z] [INFO] [cadence.virtuoso.ade.simulationMonitor] - Notice from spectre during IC analysis, during transient analysis `tran', during Monte Carlo analysis `mc1'.
    GminDC = 1 pS is large enough to noticeably affect the DC solution.
        dV(I0.41\:S) = -235.764 uV
        Use the `gmin_check' option to eliminate or expand this report.
    Bad pivoting is found during DC analysis. Option dc_pivot_check=yes is recommended for possible improvement of convergence. {"history": "MonteCarlo.1", "point": 89, "testname": "TRAN_VDD_MC", "cornername": "Nominal"}
[2026-05-27 11:52:35.631 Z] [WARN] [cadence.virtuoso.ade.simulationMonitor] -     WARNING (CMI-2943): Parameter checks have been ignored because the valid value for parameter 'trise' could not be found in 'C0'. {"history": "MonteCarlo.1", "point": 89, "testname": "TRAN_VDD_MC", "cornername": "Nominal"}
[2026-05-27 11:52:35.632 Z] [WARN] [cadence.virtuoso.ade.simulationMonitor] -     WARNING (CMI-2943): Parameter checks have been ignored because the valid value for parameter 'trise' could not be found in 'I0.R44.CM'. {"history": "MonteCarlo.1", "point": 89, "testname": "TRAN_VDD_MC", "cornername": "Nominal"}
[2026-05-27 11:52:35.633 Z] [WARN] [cadence.virtuoso.ade.simulationMonitor] -     WARNING (CMI-2943): Parameter checks have been ignored because the valid value for parameter 'trise' could not be found in 'I0.R44.CS1'. {"history": "MonteCarlo.1", "point": 89, "testname": "TRAN_VDD_MC", "cornername": "Nominal"}
[2026-05-27 11:52:35.633 Z] [WARN] [cadence.virtuoso.ade.simulationMonitor] -     WARNING (CMI-2943): Parameter checks have been ignored because the valid value for parameter 'trise' could not be found in 'I0.R44.CS0'. {"history": "MonteCarlo.1", "point": 89, "testname": "TRAN_VDD_MC", "cornername": "Nominal"}
[2026-05-27 11:52:35.633 Z] [WARN] [cadence.virtuoso.ade.simulationMonitor] -     WARNING (CMI-2943): Parameter checks have been ignored because the valid value for parameter 'trise' could not be found in 'I0.R23.CM'.
        Further occurrences of this warning will be suppressed. {"history": "MonteCarlo.1", "point": 89, "testname": "TRAN_VDD_MC", "cornername": "Nominal"}
[2026-05-27 11:52:35.634 Z] [INFO] [cadence.virtuoso.ade.simulationMonitor] - Total time required for tran analysis `tran': CPU = 946.669 ms, elapsed = 541.749 ms, util. = 175%. {"history": "MonteCarlo.1", "point": 89, "testname": "TRAN_VDD_MC", "cornername": "Nominal"}
[2026-05-27 11:52:35.634 Z] [INFO] [cadence.virtuoso.ade.simulationMonitor] - Peak resident memory used = 266 Mbytes. {"history": "MonteCarlo.1", "point": 89, "testname": "TRAN_VDD_MC", "cornername": "Nominal"}
[2026-05-27 11:52:35.635 Z] [INFO] [cadence.virtuoso.ade.simulationMonitor] - Notice from spectre during transient analysis `tran', during Monte Carlo analysis `mc1'.
    58 notices suppressed.
    137 warnings suppressed. {"history": "MonteCarlo.1", "point": 89, "testname": "TRAN_VDD_MC", "cornername": "Nominal"}
[2026-05-27 11:52:35.635 Z] [PROCESS] [cadence.virtuoso.ade.simulationMonitor] - Finished simulating for one iteration {"hostname": "il2244vt26_hrahimi", "processid": 313618, "history": "MonteCarlo.1", "testname": "TRAN_VDD_MC", "cornername": "Nominal", "point": 89, "logfile": "/home/hrahimi/projects/POTENTIOSTAT_26/logs_hrahimi/logs0/Job57.log", "simid": "1"}
[2026-05-27 11:52:35.635 Z] [PROCESS] [cadence.virtuoso.ade.simulationMonitor] - Started Simulation {"hostname": "il2244vt26_hrahimi", "processid": 313618, "history": "MonteCarlo.1", "testname": "TRAN_VDD_MC", "cornername": "Nominal", "point": 90, "logfile": "/home/hrahimi/projects/POTENTIOSTAT_26/logs_hrahimi/logs0/Job57.log", "event": "started", "task": "simulation"}
[2026-05-27 11:52:36.136 Z] [INFO] [cadence.virtuoso.ade.simulationMonitor] - Notice from spectre in `vert10':`I0.Q3(30)', in `fecg_bandgap3_layout':`I0', during Monte Carlo analysis `mc1'.
    I0.Q3(30).bjtinsub: `rbm' has the unusually small value of 983.866 mOhm.
    I0.Q3(30).bjtinsub: `minr' has the unusually small value of 10 fOhm. {"history": "MonteCarlo.1", "point": 90, "testname": "TRAN_VDD_MC", "cornername": "Nominal"}
[2026-05-27 11:52:36.137 Z] [INFO] [cadence.virtuoso.ade.simulationMonitor] - Notice from spectre in `vert10':`I0.Q3(29)', in `fecg_bandgap3_layout':`I0', during Monte Carlo analysis `mc1'.
    I0.Q3(29).bjtinsub: `rbm' has the unusually small value of 983.866 mOhm.
    I0.Q3(29).bjtinsub: `minr' has the unusually small value of 10 fOhm. {"history": "MonteCarlo.1", "point": 90, "testname": "TRAN_VDD_MC", "cornername": "Nominal"}
[2026-05-27 11:52:36.137 Z] [INFO] [cadence.virtuoso.ade.simulationMonitor] - Notice from spectre in `vert10':`I0.Q3(28)', in `fecg_bandgap3_layout':`I0', during Monte Carlo analysis `mc1'.
    I0.Q3(28).bjtinsub: `rbm' has the unusually small value of 983.866 mOhm.
        Further occurrences of this notice will be suppressed. {"history": "MonteCarlo.1", "point": 90, "testname": "TRAN_VDD_MC", "cornername": "Nominal"}
[2026-05-27 11:52:36.138 Z] [INFO] [cadence.virtuoso.ade.simulationMonitor] - Notice from spectre during IC analysis, during transient analysis `tran', during Monte Carlo analysis `mc1'.
    GminDC = 1 pS is large enough to noticeably affect the DC solution.
        dV(I0.227\:S) = 29.4026 uV
        Use the `gmin_check' option to eliminate or expand this report.
    Bad pivoting is found during DC analysis. Option dc_pivot_check=yes is recommended for possible improvement of convergence. {"history": "MonteCarlo.1", "point": 90, "testname": "TRAN_VDD_MC", "cornername": "Nominal"}
[2026-05-27 11:52:36.138 Z] [WARN] [cadence.virtuoso.ade.simulationMonitor] -     WARNING (CMI-2943): Parameter checks have been ignored because the valid value for parameter 'trise' could not be found in 'C0'. {"history": "MonteCarlo.1", "point": 90, "testname": "TRAN_VDD_MC", "cornername": "Nominal"}
[2026-05-27 11:52:36.138 Z] [WARN] [cadence.virtuoso.ade.simulationMonitor] -     WARNING (CMI-2943): Parameter checks have been ignored because the valid value for parameter 'trise' could not be found in 'I0.R44.CM'. {"history": "MonteCarlo.1", "point": 90, "testname": "TRAN_VDD_MC", "cornername": "Nominal"}
[2026-05-27 11:52:36.138 Z] [WARN] [cadence.virtuoso.ade.simulationMonitor] -     WARNING (CMI-2943): Parameter checks have been ignored because the valid value for parameter 'trise' could not be found in 'I0.R44.CS1'. {"history": "MonteCarlo.1", "point": 90, "testname": "TRAN_VDD_MC", "cornername": "Nominal"}
[2026-05-27 11:52:36.139 Z] [WARN] [cadence.virtuoso.ade.simulationMonitor] -     WARNING (CMI-2943): Parameter checks have been ignored because the valid value for parameter 'trise' could not be found in 'I0.R44.CS0'. {"history": "MonteCarlo.1", "point": 90, "testname": "TRAN_VDD_MC", "cornername": "Nominal"}
[2026-05-27 11:52:36.139 Z] [WARN] [cadence.virtuoso.ade.simulationMonitor] -     WARNING (CMI-2943): Parameter checks have been ignored because the valid value for parameter 'trise' could not be found in 'I0.R23.CM'.
        Further occurrences of this warning will be suppressed. {"history": "MonteCarlo.1", "point": 90, "testname": "TRAN_VDD_MC", "cornername": "Nominal"}
[2026-05-27 11:52:36.640 Z] [INFO] [cadence.virtuoso.ade.simulationMonitor] - Total time required for tran analysis `tran': CPU = 910.764 ms, elapsed = 724.938 ms, util. = 126%. {"history": "MonteCarlo.1", "point": 90, "testname": "TRAN_VDD_MC", "cornername": "Nominal"}
[2026-05-27 11:52:36.641 Z] [INFO] [cadence.virtuoso.ade.simulationMonitor] - Peak resident memory used = 269 Mbytes. {"history": "MonteCarlo.1", "point": 90, "testname": "TRAN_VDD_MC", "cornername": "Nominal"}
[2026-05-27 11:52:36.642 Z] [INFO] [cadence.virtuoso.ade.simulationMonitor] - Notice from spectre during transient analysis `tran', during Monte Carlo analysis `mc1'.
    121 notices suppressed.
    137 warnings suppressed. {"history": "MonteCarlo.1", "point": 90, "testname": "TRAN_VDD_MC", "cornername": "Nominal"}
[2026-05-27 11:52:36.643 Z] [PROCESS] [cadence.virtuoso.ade.simulationMonitor] - Finished simulating for one iteration {"hostname": "il2244vt26_hrahimi", "processid": 313618, "history": "MonteCarlo.1", "testname": "TRAN_VDD_MC", "cornername": "Nominal", "point": 90, "logfile": "/home/hrahimi/projects/POTENTIOSTAT_26/logs_hrahimi/logs0/Job57.log", "simid": "1"}
[2026-05-27 11:52:36.643 Z] [PROCESS] [cadence.virtuoso.ade.simulationMonitor] - Started Simulation {"hostname": "il2244vt26_hrahimi", "processid": 313618, "history": "MonteCarlo.1", "testname": "TRAN_VDD_MC", "cornername": "Nominal", "point": 91, "logfile": "/home/hrahimi/projects/POTENTIOSTAT_26/logs_hrahimi/logs0/Job57.log", "event": "started", "task": "simulation"}
[2026-05-27 11:52:37.144 Z] [INFO] [cadence.virtuoso.ade.simulationMonitor] - Notice from spectre in `vert10':`I0.Q3(30)', in `fecg_bandgap3_layout':`I0', during Monte Carlo analysis `mc1'.
    I0.Q3(30).bjtinsub: `minr' has the unusually small value of 10 fOhm. {"history": "MonteCarlo.1", "point": 91, "testname": "TRAN_VDD_MC", "cornername": "Nominal"}
[2026-05-27 11:52:37.144 Z] [INFO] [cadence.virtuoso.ade.simulationMonitor] - Notice from spectre in `vert10':`I0.Q3(29)', in `fecg_bandgap3_layout':`I0', during Monte Carlo analysis `mc1'.
    I0.Q3(29).bjtinsub: `minr' has the unusually small value of 10 fOhm. {"history": "MonteCarlo.1", "point": 91, "testname": "TRAN_VDD_MC", "cornername": "Nominal"}
[2026-05-27 11:52:37.144 Z] [INFO] [cadence.virtuoso.ade.simulationMonitor] - Notice from spectre in `vert10':`I0.Q3(28)', in `fecg_bandgap3_layout':`I0', during Monte Carlo analysis `mc1'.
    I0.Q3(28).bjtinsub: `minr' has the unusually small value of 10 fOhm. {"history": "MonteCarlo.1", "point": 91, "testname": "TRAN_VDD_MC", "cornername": "Nominal"}
[2026-05-27 11:52:37.145 Z] [INFO] [cadence.virtuoso.ade.simulationMonitor] - Notice from spectre in `vert10':`I0.Q3(27)', in `fecg_bandgap3_layout':`I0', during Monte Carlo analysis `mc1'.
    I0.Q3(27).bjtinsub: `minr' has the unusually small value of 10 fOhm. {"history": "MonteCarlo.1", "point": 91, "testname": "TRAN_VDD_MC", "cornername": "Nominal"}
[2026-05-27 11:52:37.145 Z] [INFO] [cadence.virtuoso.ade.simulationMonitor] - Notice from spectre in `vert10':`I0.Q3(26)', in `fecg_bandgap3_layout':`I0', during Monte Carlo analysis `mc1'.
    I0.Q3(26).bjtinsub: `minr' has the unusually small value of 10 fOhm.
        Further occurrences of this notice will be suppressed. {"history": "MonteCarlo.1", "point": 91, "testname": "TRAN_VDD_MC", "cornername": "Nominal"}
[2026-05-27 11:52:37.146 Z] [INFO] [cadence.virtuoso.ade.simulationMonitor] - Notice from spectre during IC analysis, during transient analysis `tran', during Monte Carlo analysis `mc1'.
    GminDC = 1 pS is large enough to noticeably affect the DC solution.
        dV(I0.227\:S) = -13.8182 uV
        Use the `gmin_check' option to eliminate or expand this report.
    Bad pivoting is found during DC analysis. Option dc_pivot_check=yes is recommended for possible improvement of convergence. {"history": "MonteCarlo.1", "point": 91, "testname": "TRAN_VDD_MC", "cornername": "Nominal"}
[2026-05-27 11:52:37.146 Z] [WARN] [cadence.virtuoso.ade.simulationMonitor] -     WARNING (CMI-2943): Parameter checks have been ignored because the valid value for parameter 'trise' could not be found in 'C0'. {"history": "MonteCarlo.1", "point": 91, "testname": "TRAN_VDD_MC", "cornername": "Nominal"}
[2026-05-27 11:52:37.147 Z] [WARN] [cadence.virtuoso.ade.simulationMonitor] -     WARNING (CMI-2943): Parameter checks have been ignored because the valid value for parameter 'trise' could not be found in 'I0.R44.CM'. {"history": "MonteCarlo.1", "point": 91, "testname": "TRAN_VDD_MC", "cornername": "Nominal"}
[2026-05-27 11:52:37.147 Z] [WARN] [cadence.virtuoso.ade.simulationMonitor] -     WARNING (CMI-2943): Parameter checks have been ignored because the valid value for parameter 'trise' could not be found in 'I0.R44.CS1'. {"history": "MonteCarlo.1", "point": 91, "testname": "TRAN_VDD_MC", "cornername": "Nominal"}
[2026-05-27 11:52:37.148 Z] [WARN] [cadence.virtuoso.ade.simulationMonitor] -     WARNING (CMI-2943): Parameter checks have been ignored because the valid value for parameter 'trise' could not be found in 'I0.R44.CS0'. {"history": "MonteCarlo.1", "point": 91, "testname": "TRAN_VDD_MC", "cornername": "Nominal"}
[2026-05-27 11:52:37.148 Z] [WARN] [cadence.virtuoso.ade.simulationMonitor] -     WARNING (CMI-2943): Parameter checks have been ignored because the valid value for parameter 'trise' could not be found in 'I0.R23.CM'.
        Further occurrences of this warning will be suppressed. {"history": "MonteCarlo.1", "point": 91, "testname": "TRAN_VDD_MC", "cornername": "Nominal"}
[2026-05-27 11:52:37.650 Z] [INFO] [cadence.virtuoso.ade.simulationMonitor] - Total time required for tran analysis `tran': CPU = 689.006 ms, elapsed = 445.569 ms, util. = 155%. {"history": "MonteCarlo.1", "point": 91, "testname": "TRAN_VDD_MC", "cornername": "Nominal"}
[2026-05-27 11:52:37.651 Z] [INFO] [cadence.virtuoso.ade.simulationMonitor] - Peak resident memory used = 269 Mbytes. {"history": "MonteCarlo.1", "point": 91, "testname": "TRAN_VDD_MC", "cornername": "Nominal"}
[2026-05-27 11:52:37.651 Z] [INFO] [cadence.virtuoso.ade.simulationMonitor] - Notice from spectre during transient analysis `tran', during Monte Carlo analysis `mc1'.
    58 notices suppressed.
    137 warnings suppressed. {"history": "MonteCarlo.1", "point": 91, "testname": "TRAN_VDD_MC", "cornername": "Nominal"}
[2026-05-27 11:52:37.652 Z] [INFO] [cadence.virtuoso.ade.simulationMonitor] - Total time required for montecarlo analysis `mc1': CPU = 12.7639 s, elapsed = 9.29322 s, util. = 137%. {"history": "MonteCarlo.1", "point": 91, "testname": "TRAN_VDD_MC", "cornername": "Nominal"}
[2026-05-27 11:52:37.653 Z] [INFO] [cadence.virtuoso.ade.simulationMonitor] - Peak resident memory used = 269 Mbytes. {"history": "MonteCarlo.1", "point": 91, "testname": "TRAN_VDD_MC", "cornername": "Nominal"}
[2026-05-27 11:52:37.653 Z] [INFO] [cadence.virtuoso.ade.simulationMonitor] - Time used: CPU = 14.2 s, elapsed = 11.9 s, util. = 120%. {"history": "MonteCarlo.1", "point": 91, "testname": "TRAN_VDD_MC", "cornername": "Nominal"}
[2026-05-27 11:52:37.653 Z] [INFO] [cadence.virtuoso.ade.simulationMonitor] - Time spent in licensing: elapsed = 117 ms. {"history": "MonteCarlo.1", "point": 91, "testname": "TRAN_VDD_MC", "cornername": "Nominal"}
[2026-05-27 11:52:37.654 Z] [INFO] [cadence.virtuoso.ade.simulationMonitor] - Peak memory used = 269 Mbytes. {"history": "MonteCarlo.1", "point": 91, "testname": "TRAN_VDD_MC", "cornername": "Nominal"}
[2026-05-27 11:52:37.656 Z] [PROCESS] [cadence.virtuoso.ade.simulationMonitor] - Simulation started at: 11:52:25 AM, Wed May 27, 2026, ended at: 11:52:37 AM, Wed May 27, 2026, with elapsed time (wall clock): 11.9 s. {"history": "MonteCarlo.1", "point": 79, "testname": "TRAN_VDD_MC", "cornername": "Nominal", "Points": "79 80 81 82 83 84 85 86 87 88 89 90 91 "}
[2026-05-27 11:52:37.656 Z] [PROCESS] [cadence.virtuoso.ade.simulationMonitor] - spectre completes with 0 errors, 98 warnings, and 128 notices. {"history": "MonteCarlo.1", "point": 79, "testname": "TRAN_VDD_MC", "cornername": "Nominal", "Points": "79 80 81 82 83 84 85 86 87 88 89 90 91 "}
[2026-05-27 11:52:37.657 Z] [PROCESS] [cadence.virtuoso.ade.simulationMonitor] - Finished simulating for one iteration {"hostname": "il2244vt26_hrahimi", "processid": 313618, "history": "MonteCarlo.1", "testname": "TRAN_VDD_MC", "cornername": "Nominal", "point": 91, "logfile": "/home/hrahimi/projects/POTENTIOSTAT_26/logs_hrahimi/logs0/Job57.log", "simid": "1"}
[2026-05-27 11:52:37.657 Z] [PROCESS] [cadence.virtuoso.ade.simulationMonitor] - Simulator exited {"hostname": "il2244vt26_hrahimi", "processid": 313618, "history": "MonteCarlo.1", "testname": "TRAN_VDD_MC", "cornername": "Nominal", "point": 91, "logfile": "/home/hrahimi/projects/POTENTIOSTAT_26/logs_hrahimi/logs0/Job57.log", "exitStatus": "0"}
[2026-05-27 11:52:37.658 Z] [PROCESS] [cadence.virtuoso.ade.simulationMonitor] - Finished Simulation {"hostname": "il2244vt26_hrahimi", "processid": 313618, "history": "MonteCarlo.1", "testname": "TRAN_VDD_MC", "cornername": "Nominal", "point": 79, "logfile": "/home/hrahimi/projects/POTENTIOSTAT_26/logs_hrahimi/logs0/Job57.log", "simid": "1"}
[2026-05-27 11:52:55.702 Z] [PROCESS] [cadence.virtuoso.ade.simulationMonitor] - Point Finished {"hostname": "il2244vt26_hrahimi", "processid": 313618, "history": "MonteCarlo.1", "testname": "TRAN_VDD_MC", "cornername": "Nominal", "point": 79, "logfile": "/home/hrahimi/projects/POTENTIOSTAT_26/logs_hrahimi/logs0/Job57.log"}
[2026-05-27 11:52:56.706 Z] [PROCESS] [cadence.virtuoso.ade.simulationMonitor] - Stay with the runId '6', Linger time '300', currentRunSyn '13', currentTestSyn '14' {"hostname": "il2244vt26_hrahimi", "processid": 313618, "history": "MonteCarlo.1", "testname": "TRAN_VDD_MC", "cornername": "Nominal", "point": 79, "logfile": "/home/hrahimi/projects/POTENTIOSTAT_26/logs_hrahimi/logs0/Job57.log"}
[2026-05-27 11:52:57.707 Z] [PROCESS] [cadence.virtuoso.ade.simulationMonitor] - Stay with the runId '6', Linger time '300', currentRunSyn '13', currentTestSyn '14' {"hostname": "il2244vt26_hrahimi", "processid": 313618, "history": "MonteCarlo.1", "testname": "TRAN_VDD_MC", "cornername": "Nominal", "point": 79, "logfile": "/home/hrahimi/projects/POTENTIOSTAT_26/logs_hrahimi/logs0/Job57.log"}
[2026-05-27 11:52:58.709 Z] [PROCESS] [cadence.virtuoso.ade.simulationMonitor] - Stay with the runId '6', Linger time '300', currentRunSyn '13', currentTestSyn '14' {"hostname": "il2244vt26_hrahimi", "processid": 313618, "history": "MonteCarlo.1", "testname": "TRAN_VDD_MC", "cornername": "Nominal", "point": 79, "logfile": "/home/hrahimi/projects/POTENTIOSTAT_26/logs_hrahimi/logs0/Job57.log"}
[2026-05-27 11:52:59.709 Z] [PROCESS] [cadence.virtuoso.ade.simulationMonitor] - Stay with the runId '6', Linger time '300', currentRunSyn '13', currentTestSyn '14' {"hostname": "il2244vt26_hrahimi", "processid": 313618, "history": "MonteCarlo.1", "testname": "TRAN_VDD_MC", "cornername": "Nominal", "point": 79, "logfile": "/home/hrahimi/projects/POTENTIOSTAT_26/logs_hrahimi/logs0/Job57.log"}
[2026-05-27 11:53:00.711 Z] [PROCESS] [cadence.virtuoso.ade.simulationMonitor] - Stay with the runId '6', Linger time '300', currentRunSyn '13', currentTestSyn '14' {"hostname": "il2244vt26_hrahimi", "processid": 313618, "history": "MonteCarlo.1", "testname": "TRAN_VDD_MC", "cornername": "Nominal", "point": 79, "logfile": "/home/hrahimi/projects/POTENTIOSTAT_26/logs_hrahimi/logs0/Job57.log"}
[2026-05-27 11:53:01.710 Z] [PROCESS] [cadence.virtuoso.ade.simulationMonitor] - Stay with the runId '6', Linger time '300', currentRunSyn '13', currentTestSyn '14' {"hostname": "il2244vt26_hrahimi", "processid": 313618, "history": "MonteCarlo.1", "testname": "TRAN_VDD_MC", "cornername": "Nominal", "point": 79, "logfile": "/home/hrahimi/projects/POTENTIOSTAT_26/logs_hrahimi/logs0/Job57.log"}
[2026-05-27 11:53:02.710 Z] [PROCESS] [cadence.virtuoso.ade.simulationMonitor] - Stay with the runId '6', Linger time '300', currentRunSyn '13', currentTestSyn '14' {"hostname": "il2244vt26_hrahimi", "processid": 313618, "history": "MonteCarlo.1", "testname": "TRAN_VDD_MC", "cornername": "Nominal", "point": 79, "logfile": "/home/hrahimi/projects/POTENTIOSTAT_26/logs_hrahimi/logs0/Job57.log"}
[2026-05-27 11:53:03.711 Z] [PROCESS] [cadence.virtuoso.ade.simulationMonitor] - Stay with the runId '6', Linger time '300', currentRunSyn '13', currentTestSyn '14' {"hostname": "il2244vt26_hrahimi", "processid": 313618, "history": "MonteCarlo.1", "testname": "TRAN_VDD_MC", "cornername": "Nominal", "point": 79, "logfile": "/home/hrahimi/projects/POTENTIOSTAT_26/logs_hrahimi/logs0/Job57.log"}
[2026-05-27 11:53:04.712 Z] [PROCESS] [cadence.virtuoso.ade.simulationMonitor] - Stay with the runId '6', Linger time '300', currentRunSyn '13', currentTestSyn '14' {"hostname": "il2244vt26_hrahimi", "processid": 313618, "history": "MonteCarlo.1", "testname": "TRAN_VDD_MC", "cornername": "Nominal", "point": 79, "logfile": "/home/hrahimi/projects/POTENTIOSTAT_26/logs_hrahimi/logs0/Job57.log"}
[2026-05-27 11:53:05.713 Z] [PROCESS] [cadence.virtuoso.ade.simulationMonitor] - Stay with the runId '6', Linger time '300', currentRunSyn '13', currentTestSyn '14' {"hostname": "il2244vt26_hrahimi", "processid": 313618, "history": "MonteCarlo.1", "testname": "TRAN_VDD_MC", "cornername": "Nominal", "point": 79, "logfile": "/home/hrahimi/projects/POTENTIOSTAT_26/logs_hrahimi/logs0/Job57.log"}
[2026-05-27 11:53:06.714 Z] [PROCESS] [cadence.virtuoso.ade.simulationMonitor] - Stay with the runId '6', Linger time '300', currentRunSyn '13', currentTestSyn '14' {"hostname": "il2244vt26_hrahimi", "processid": 313618, "history": "MonteCarlo.1", "testname": "TRAN_VDD_MC", "cornername": "Nominal", "point": 79, "logfile": "/home/hrahimi/projects/POTENTIOSTAT_26/logs_hrahimi/logs0/Job57.log"}
[2026-05-27 11:57:57.567 Z] [PROCESS] [cadence.virtuoso.ade.simulationMonitor] - Current memory used: 53.0625 MBytes, peak memory used: 53.0625 MBytes {"hostname": "il2244vt26_hrahimi", "processid": 313618, "history": "MonteCarlo.1", "testname": "TRAN_VDD_MC", "cornername": "Nominal", "point": 79, "logfile": "/home/hrahimi/projects/POTENTIOSTAT_26/logs_hrahimi/logs0/Job57.log"}
[2026-05-27 11:57:57.567 Z] [PROCESS] [cadence.virtuoso.ade.simulationMonitor] - Simulation Monitor process exit. {"hostname": "il2244vt26_hrahimi", "processid": 313618, "history": "MonteCarlo.1", "testname": "TRAN_VDD_MC", "cornername": "Nominal", "point": 79, "logfile": "/home/hrahimi/projects/POTENTIOSTAT_26/logs_hrahimi/logs0/Job57.log"}
