[Simulation Monitor: 56]
[2026-05-27 11:52:19.287 Z] [PROCESS] [cadence.virtuoso.ade.simulationMonitor] - Simulation Monitor has successfully started up. Trying to set up communication channels to other components ... {"hostname": "il2244vt26_hrahimi", "processid": 312015, "logfile": "/home/hrahimi/projects/POTENTIOSTAT_26/logs_hrahimi/logs0/Job56.log"}
[2026-05-27 11:52:19.289 Z] [PROCESS] [cadence.virtuoso.ade.simulationMonitor] - Communication channels have been successfully set up. Start processing events ... {"hostname": "il2244vt26_hrahimi", "processid": 312015, "logfile": "/home/hrahimi/projects/POTENTIOSTAT_26/logs_hrahimi/logs0/Job56.log"}
[2026-05-27 11:52:19.289 Z] [PROCESS] [cadence.virtuoso.ade.simulationMonitor] - Considering to start history {"hostname": "il2244vt26_hrahimi", "processid": 312015, "history": "Interactive.37", "logfile": "/home/hrahimi/projects/POTENTIOSTAT_26/logs_hrahimi/logs0/Job56.log"}
[2026-05-27 11:52:19.297 Z] [PROCESS] [cadence.virtuoso.ade.simulationMonitor] - Started History {"hostname": "il2244vt26_hrahimi", "processid": 312015, "history": "MonteCarlo.1", "testname": "TRAN_VDD_MC", "cornername": "Nominal", "point": 66, "logfile": "/home/hrahimi/projects/POTENTIOSTAT_26/logs_hrahimi/logs0/Job56.log"}
[2026-05-27 11:52:19.298 Z] [PROCESS] [cadence.virtuoso.ade.simulationMonitor] - HostInfo:
Host name (type):	il2244vt26_hrahimi (x86_64)
Operating system:	Linux 5.15.0-164-generic #174-Ubuntu SMP Fri Nov 14 20:25:16 UTC 2025 {"hostname": "il2244vt26_hrahimi", "processid": 312015, "history": "MonteCarlo.1", "testname": "TRAN_VDD_MC", "cornername": "Nominal", "point": 66, "logfile": "/home/hrahimi/projects/POTENTIOSTAT_26/logs_hrahimi/logs0/Job56.log", "nodename": "il2244vt26_hrahimi", "domainname": "(none)", "machine": "x86_64", "sysname": "Linux", "release": "5.15.0-164-generic", "version": "#174-Ubuntu SMP Fri Nov 14 20:25:16 UTC 2025"}
[2026-05-27 11:52:19.299 Z] [PROCESS] [cadence.virtuoso.ade.simulationMonitor] - UsageInfo:
pid=312015
totalPhysicalMemory=3023.749672GB,Used=1936.971672GB,totalVirtualMemory=3031.749668GB,Used=1936.999016GB
Cpu: Cores=48, Load average:35.170000,34.950000,34.640000 {"hostname": "il2244vt26_hrahimi", "processid": 312015, "history": "MonteCarlo.1", "testname": "TRAN_VDD_MC", "cornername": "Nominal", "point": 66, "logfile": "/home/hrahimi/projects/POTENTIOSTAT_26/logs_hrahimi/logs0/Job56.log", "pid": "312015", "totalPhysicalMemory": "3023.749672", "physicalMemoryUsed": "1936.971672", "totalVirtualMemory": "3031.749668", "virtualMemoryUsed": "1936.999016", "cpuCores": "48", "processes": "29632", "loadAverage1": "35.170000", "loadAverage5": "34.950000", "loadAverage15": "34.640000", "loadAverage1Percent": "0.732708"}
[2026-05-27 11:52:19.302 Z] [EVENT] [cadence.virtuoso.ade.simulationMonitor] - GroupPoints {"history": "MonteCarlo.1", "point": 66, "testname": "TRAN_VDD_MC", "cornername": "Nominal", "event": "GroupPoints", "EventSource": "Simulation Monitor", "Points": "66:1:78", "HistoryName": "MonteCarlo.1", "logFile": "/home/hrahimi/projects/POTENTIOSTAT_26/logs_hrahimi/logs0/Job56.log", "logFileSize": "2731"}
[2026-05-27 11:52:19.407 Z] [EVENT] [cadence.virtuoso.ade.simulationMonitor] - GroupPoints {"history": "MonteCarlo.1", "point": 66, "testname": "TRAN_VDD_MC", "cornername": "Nominal", "event": "GroupPoints", "EventSource": "spectre", "Points": "66:1:78", "HistoryName": "MonteCarlo.1", "logFile": "/home/hrahimi/projects/POTENTIOSTAT_26/Sim/FBIAS/fecg_bandgap_tb/maestro/results/maestro/MonteCarlo.1/66/TRAN_VDD_MC/groupRunDataDir/psf/spectre.out", "logFileSize": "-1"}
[2026-05-27 11:52:19.423 Z] [PROCESS] [cadence.virtuoso.ade.simulationMonitor] - Simulator launched {"hostname": "il2244vt26_hrahimi", "processid": 312015, "history": "MonteCarlo.1", "testname": "TRAN_VDD_MC", "cornername": "Nominal", "point": 66, "logfile": "/home/hrahimi/projects/POTENTIOSTAT_26/logs_hrahimi/logs0/Job56.log", "simid": "1"}
[2026-05-27 11:52:19.429 Z] [PROCESS] [cadence.virtuoso.ade.simulationMonitor] - Expression evaluator launched {"hostname": "il2244vt26_hrahimi", "processid": 312015, "history": "MonteCarlo.1", "testname": "TRAN_VDD_MC", "cornername": "Nominal", "point": 66, "logfile": "/home/hrahimi/projects/POTENTIOSTAT_26/logs_hrahimi/logs0/Job56.log"}
[2026-05-27 11:52:19.525 Z] [PROCESS] [cadence.virtuoso.ade.simulationMonitor] - Started Simulation {"hostname": "il2244vt26_hrahimi", "processid": 312015, "history": "MonteCarlo.1", "testname": "TRAN_VDD_MC", "cornername": "Nominal", "point": 66, "logfile": "/home/hrahimi/projects/POTENTIOSTAT_26/logs_hrahimi/logs0/Job56.log", "event": "started", "task": "simulation"}
[2026-05-27 11:52:20.527 Z] [WARN] [cadence.virtuoso.ade.simulationMonitor] -     WARNING (SPECTRE-691): This CPU processor does not support x86 advanced vector extensions instructions. This may affect math operations and slow down the simulation. {"history": "MonteCarlo.1", "point": 66, "testname": "TRAN_VDD_MC", "cornername": "Nominal"}
[2026-05-27 11:52:20.528 Z] [INFO] [cadence.virtuoso.ade.simulationMonitor] - Notice from spectre during circuit read-in.
    Pre_Configuration file used: /opt/tools/cadence/installs/SPECTRE241/tools.lnx86/spectre/etc/configs/preset.precfg
    Configuration file used: `/opt/tools/cadence/installs/SPECTRE241/tools.lnx86/spectre/etc/configs/preset.cfg'. {"history": "MonteCarlo.1", "point": 66, "testname": "TRAN_VDD_MC", "cornername": "Nominal"}
[2026-05-27 11:52:20.529 Z] [WARN] [cadence.virtuoso.ade.simulationMonitor] -     WARNING (SPECTRE-8360): line 1511: `ac' is an undefined primitive device. {"history": "MonteCarlo.1", "point": 66, "testname": "TRAN_VDD_MC", "cornername": "Nominal"}
[2026-05-27 11:52:20.530 Z] [WARN] [cadence.virtuoso.ade.simulationMonitor] -     WARNING (SPECTRE-8360): line 1512: `ac' is an undefined primitive device. {"history": "MonteCarlo.1", "point": 66, "testname": "TRAN_VDD_MC", "cornername": "Nominal"}
[2026-05-27 11:52:20.530 Z] [WARN] [cadence.virtuoso.ade.simulationMonitor] -     WARNING (SPECTRE-8360): line 1513: `ac' is an undefined primitive device. {"history": "MonteCarlo.1", "point": 66, "testname": "TRAN_VDD_MC", "cornername": "Nominal"}
[2026-05-27 11:52:20.531 Z] [WARN] [cadence.virtuoso.ade.simulationMonitor] -     WARNING (SPECTRE-8360): line 1514: `ac' is an undefined primitive device. {"history": "MonteCarlo.1", "point": 66, "testname": "TRAN_VDD_MC", "cornername": "Nominal"}
[2026-05-27 11:52:20.532 Z] [WARN] [cadence.virtuoso.ade.simulationMonitor] -     WARNING (SPECTRE-8360): line 1515: `ac' is an undefined primitive device.
        Further occurrences of this warning will be suppressed. {"history": "MonteCarlo.1", "point": 66, "testname": "TRAN_VDD_MC", "cornername": "Nominal"}
[2026-05-27 11:52:20.532 Z] [INFO] [cadence.virtuoso.ade.simulationMonitor] - Peak resident memory used = 183 Mbytes. {"history": "MonteCarlo.1", "point": 66, "testname": "TRAN_VDD_MC", "cornername": "Nominal"}
[2026-05-27 11:52:20.533 Z] [WARN] [cadence.virtuoso.ade.simulationMonitor] -     WARNING (VACOMP-2435): The environment variable CDS_AHDLCMI_ENABLE is no longer supported. Therefore, the simulator will use the default compiled C code flow. {"history": "MonteCarlo.1", "point": 66, "testname": "TRAN_VDD_MC", "cornername": "Nominal"}
[2026-05-27 11:52:21.033 Z] [WARN] [cadence.virtuoso.ade.simulationMonitor] -     WARNING (SFE-3027): The dangling resistor I0.re712 is removed. {"history": "MonteCarlo.1", "point": 66, "testname": "TRAN_VDD_MC", "cornername": "Nominal"}
[2026-05-27 11:52:21.035 Z] [WARN] [cadence.virtuoso.ade.simulationMonitor] -     WARNING (SFE-3027): The dangling resistor I0.re715 is removed. {"history": "MonteCarlo.1", "point": 66, "testname": "TRAN_VDD_MC", "cornername": "Nominal"}
[2026-05-27 11:52:21.035 Z] [WARN] [cadence.virtuoso.ade.simulationMonitor] -     WARNING (SFE-3027): The dangling resistor I0.re718 is removed. {"history": "MonteCarlo.1", "point": 66, "testname": "TRAN_VDD_MC", "cornername": "Nominal"}
[2026-05-27 11:52:21.036 Z] [WARN] [cadence.virtuoso.ade.simulationMonitor] -     WARNING (SFE-3027): The dangling resistor I0.re858 is removed. {"history": "MonteCarlo.1", "point": 66, "testname": "TRAN_VDD_MC", "cornername": "Nominal"}
[2026-05-27 11:52:21.036 Z] [WARN] [cadence.virtuoso.ade.simulationMonitor] -     WARNING (SFE-3027): The dangling resistor I0.re721 is removed.
        Further occurrences of this warning will be suppressed. {"history": "MonteCarlo.1", "point": 66, "testname": "TRAN_VDD_MC", "cornername": "Nominal"}
[2026-05-27 11:52:21.036 Z] [WARN] [cadence.virtuoso.ade.simulationMonitor] -     WARNING (SFE-3015): The dangling node I0.28\:Y is removed. {"history": "MonteCarlo.1", "point": 66, "testname": "TRAN_VDD_MC", "cornername": "Nominal"}
[2026-05-27 11:52:21.037 Z] [WARN] [cadence.virtuoso.ade.simulationMonitor] -     WARNING (SFE-3015): The dangling node I0.30\:BIAS is removed. {"history": "MonteCarlo.1", "point": 66, "testname": "TRAN_VDD_MC", "cornername": "Nominal"}
[2026-05-27 11:52:21.037 Z] [WARN] [cadence.virtuoso.ade.simulationMonitor] -     WARNING (SFE-3015): The dangling node I0.24\:BIAS is removed. {"history": "MonteCarlo.1", "point": 66, "testname": "TRAN_VDD_MC", "cornername": "Nominal"}
[2026-05-27 11:52:21.038 Z] [WARN] [cadence.virtuoso.ade.simulationMonitor] -     WARNING (SFE-3015): The dangling node I0.17\:BIAS is removed. {"history": "MonteCarlo.1", "point": 66, "testname": "TRAN_VDD_MC", "cornername": "Nominal"}
[2026-05-27 11:52:21.038 Z] [WARN] [cadence.virtuoso.ade.simulationMonitor] -     WARNING (SFE-3015): The dangling node I0.23\:BIAS is removed.
        Further occurrences of this warning will be suppressed. {"history": "MonteCarlo.1", "point": 66, "testname": "TRAN_VDD_MC", "cornername": "Nominal"}
[2026-05-27 11:52:21.039 Z] [INFO] [cadence.virtuoso.ade.simulationMonitor] - Notice from spectre during hierarchy flattening.
    Spectre X Parasitic Optimization enabled.
    Parasitic optimization will filter out parasitic nodes, nodes only connected to RCs, by default. To view individual parasitic nodes use individual save statements (i.e. save out), or use the 'savefilter=none' option to save all parasitic nodes. Saving all parasitic nodes may slow down simulation and create large waveform files. {"history": "MonteCarlo.1", "point": 66, "testname": "TRAN_VDD_MC", "cornername": "Nominal"}
[2026-05-27 11:52:21.039 Z] [INFO] [cadence.virtuoso.ade.simulationMonitor] - Peak resident memory used = 204 Mbytes. {"history": "MonteCarlo.1", "point": 66, "testname": "TRAN_VDD_MC", "cornername": "Nominal"}
[2026-05-27 11:52:21.040 Z] [INFO] [cadence.virtuoso.ade.simulationMonitor] - Notice from spectre during hierarchy flattening.
    The value 'psf' specified for the 'checklimitdest' option will no longer be supported in future releases. Use 'spectre -h' to see other recommended values for the 'checklimitdest' option.
    I0.Q3(30).bjtinsub: `minr' has the unusually small value of 10 fOhm. {"history": "MonteCarlo.1", "point": 66, "testname": "TRAN_VDD_MC", "cornername": "Nominal"}
[2026-05-27 11:52:21.040 Z] [INFO] [cadence.virtuoso.ade.simulationMonitor] - Peak resident memory used = 207 Mbytes. {"history": "MonteCarlo.1", "point": 66, "testname": "TRAN_VDD_MC", "cornername": "Nominal"}
[2026-05-27 11:52:21.041 Z] [WARN] [cadence.virtuoso.ade.simulationMonitor] -     WARNING (SPECTRE-17607): Assert `SOAC_vert10_vsubpsub' is ignored because it contains an expression which is invalid or not supported by native evaluator.  {"history": "MonteCarlo.1", "point": 66, "testname": "TRAN_VDD_MC", "cornername": "Nominal"}
[2026-05-27 11:52:21.041 Z] [WARN] [cadence.virtuoso.ade.simulationMonitor] -     WARNING (SPECTRE-17607): Assert `SOAC_vert10_vcsub' is ignored because it contains an expression which is invalid or not supported by native evaluator.  {"history": "MonteCarlo.1", "point": 66, "testname": "TRAN_VDD_MC", "cornername": "Nominal"}
[2026-05-27 11:52:21.042 Z] [WARN] [cadence.virtuoso.ade.simulationMonitor] -     WARNING (SPECTRE-17607): Assert `SOAC_rpolyh_vminuspsub' is ignored because it contains an expression which is invalid or not supported by native evaluator.  {"history": "MonteCarlo.1", "point": 66, "testname": "TRAN_VDD_MC", "cornername": "Nominal"}
[2026-05-27 11:52:21.043 Z] [WARN] [cadence.virtuoso.ade.simulationMonitor] -     WARNING (SPECTRE-17607): Assert `SOAC_rpolyh_vpluspsub' is ignored because it contains an expression which is invalid or not supported by native evaluator.  {"history": "MonteCarlo.1", "point": 66, "testname": "TRAN_VDD_MC", "cornername": "Nominal"}
[2026-05-27 11:52:21.044 Z] [WARN] [cadence.virtuoso.ade.simulationMonitor] -     WARNING (SPECTRE-16460): SOAC_cvarm_vspsub:Specified subcircuit master `cvarm' was not found. {"history": "MonteCarlo.1", "point": 66, "testname": "TRAN_VDD_MC", "cornername": "Nominal"}
[2026-05-27 11:52:21.044 Z] [WARN] [cadence.virtuoso.ade.simulationMonitor] -     WARNING (SPECTRE-16462): SOAC_cvarm_vspsub:Error in specification of subcircuit master. Assert is ignored. {"history": "MonteCarlo.1", "point": 66, "testname": "TRAN_VDD_MC", "cornername": "Nominal"}
[2026-05-27 11:52:21.045 Z] [WARN] [cadence.virtuoso.ade.simulationMonitor] -     WARNING (SPECTRE-16460): SOAC_cvarm_vbs:Specified subcircuit master `cvarm' was not found. {"history": "MonteCarlo.1", "point": 66, "testname": "TRAN_VDD_MC", "cornername": "Nominal"}
[2026-05-27 11:52:21.045 Z] [WARN] [cadence.virtuoso.ade.simulationMonitor] -     WARNING (SPECTRE-16462): SOAC_cvarm_vbs:Error in specification of subcircuit master. Assert is ignored. {"history": "MonteCarlo.1", "point": 66, "testname": "TRAN_VDD_MC", "cornername": "Nominal"}
[2026-05-27 11:52:21.046 Z] [WARN] [cadence.virtuoso.ade.simulationMonitor] -     WARNING (SPECTRE-16460): SOAC_cvarm_vgb:Specified subcircuit master `cvarm' was not found. {"history": "MonteCarlo.1", "point": 66, "testname": "TRAN_VDD_MC", "cornername": "Nominal"}
[2026-05-27 11:52:21.046 Z] [WARN] [cadence.virtuoso.ade.simulationMonitor] -     WARNING (SPECTRE-16462): SOAC_cvarm_vgb:Error in specification of subcircuit master. Assert is ignored. {"history": "MonteCarlo.1", "point": 66, "testname": "TRAN_VDD_MC", "cornername": "Nominal"}
[2026-05-27 11:52:21.047 Z] [WARN] [cadence.virtuoso.ade.simulationMonitor] -     WARNING (SPECTRE-16460): SOAC_cvart_vspsub:Specified subcircuit master `cvart' was not found. {"history": "MonteCarlo.1", "point": 66, "testname": "TRAN_VDD_MC", "cornername": "Nominal"}
[2026-05-27 11:52:21.047 Z] [WARN] [cadence.virtuoso.ade.simulationMonitor] -     WARNING (SPECTRE-16462): SOAC_cvart_vspsub:Error in specification of subcircuit master. Assert is ignored. {"history": "MonteCarlo.1", "point": 66, "testname": "TRAN_VDD_MC", "cornername": "Nominal"}
[2026-05-27 11:52:21.047 Z] [WARN] [cadence.virtuoso.ade.simulationMonitor] -     WARNING (SPECTRE-16460): SOAC_cvart_vbs:Specified subcircuit master `cvart' was not found.
        Further occurrences of this warning will be suppressed. {"history": "MonteCarlo.1", "point": 66, "testname": "TRAN_VDD_MC", "cornername": "Nominal"}
[2026-05-27 11:52:21.048 Z] [WARN] [cadence.virtuoso.ade.simulationMonitor] -     WARNING (SPECTRE-16462): SOAC_cvart_vbs:Error in specification of subcircuit master. Assert is ignored.
        Further occurrences of this warning will be suppressed. {"history": "MonteCarlo.1", "point": 66, "testname": "TRAN_VDD_MC", "cornername": "Nominal"}
[2026-05-27 11:52:21.048 Z] [WARN] [cadence.virtuoso.ade.simulationMonitor] -     WARNING (SPECTRE-17607): Assert `SOAC_cpoly_vminuspsub' is ignored because it contains an expression which is invalid or not supported by native evaluator. 
        Further occurrences of this warning will be suppressed. {"history": "MonteCarlo.1", "point": 66, "testname": "TRAN_VDD_MC", "cornername": "Nominal"}
[2026-05-27 11:52:22.052 Z] [INFO] [cadence.virtuoso.ade.simulationMonitor] -               nodes 3079 {"history": "MonteCarlo.1", "point": 66, "testname": "TRAN_VDD_MC", "cornername": "Nominal"}
[2026-05-27 11:52:22.053 Z] [INFO] [cadence.virtuoso.ade.simulationMonitor] - Notice from spectre during initial setup.
    Spectre X preset=mx enabled.
    75 warnings suppressed. {"history": "MonteCarlo.1", "point": 66, "testname": "TRAN_VDD_MC", "cornername": "Nominal"}
[2026-05-27 11:52:22.054 Z] [INFO] [cadence.virtuoso.ade.simulationMonitor] - Notice from spectre.
    Multithreading enabled: 8 threads in the system with 48 available processors. {"history": "MonteCarlo.1", "point": 66, "testname": "TRAN_VDD_MC", "cornername": "Nominal"}
[2026-05-27 11:52:22.055 Z] [INFO] [cadence.virtuoso.ade.simulationMonitor] - Peak resident memory used = 227 Mbytes. {"history": "MonteCarlo.1", "point": 66, "testname": "TRAN_VDD_MC", "cornername": "Nominal"}
[2026-05-27 11:52:22.056 Z] [INFO] [cadence.virtuoso.ade.simulationMonitor] -    -   (Spectre X) Multi-threading. The recommended number of threads is [2, 4], consider adding +mt=2 or +mt=4 on command line. {"history": "MonteCarlo.1", "point": 66, "testname": "TRAN_VDD_MC", "cornername": "Nominal"}
[2026-05-27 11:52:22.057 Z] [INFO] [cadence.virtuoso.ade.simulationMonitor] - Notice from spectre in `vert10':`I0.Q3(29)', in `fecg_bandgap3_layout':`I0', during Monte Carlo analysis `mc1'.
    I0.Q3(29).bjtinsub: `minr' has the unusually small value of 10 fOhm. {"history": "MonteCarlo.1", "point": 66, "testname": "TRAN_VDD_MC", "cornername": "Nominal"}
[2026-05-27 11:52:22.057 Z] [INFO] [cadence.virtuoso.ade.simulationMonitor] - Notice from spectre in `vert10':`I0.Q3(28)', in `fecg_bandgap3_layout':`I0', during Monte Carlo analysis `mc1'.
    I0.Q3(28).bjtinsub: `minr' has the unusually small value of 10 fOhm. {"history": "MonteCarlo.1", "point": 66, "testname": "TRAN_VDD_MC", "cornername": "Nominal"}
[2026-05-27 11:52:22.058 Z] [INFO] [cadence.virtuoso.ade.simulationMonitor] - Notice from spectre in `vert10':`I0.Q3(27)', in `fecg_bandgap3_layout':`I0', during Monte Carlo analysis `mc1'.
    I0.Q3(27).bjtinsub: `minr' has the unusually small value of 10 fOhm. {"history": "MonteCarlo.1", "point": 66, "testname": "TRAN_VDD_MC", "cornername": "Nominal"}
[2026-05-27 11:52:22.059 Z] [INFO] [cadence.virtuoso.ade.simulationMonitor] - Notice from spectre in `vert10':`I0.Q3(26)', in `fecg_bandgap3_layout':`I0', during Monte Carlo analysis `mc1'.
    I0.Q3(26).bjtinsub: `minr' has the unusually small value of 10 fOhm. {"history": "MonteCarlo.1", "point": 66, "testname": "TRAN_VDD_MC", "cornername": "Nominal"}
[2026-05-27 11:52:22.060 Z] [INFO] [cadence.virtuoso.ade.simulationMonitor] - Notice from spectre in `vert10':`I0.Q3(25)', in `fecg_bandgap3_layout':`I0', during Monte Carlo analysis `mc1'.
    I0.Q3(25).bjtinsub: `minr' has the unusually small value of 10 fOhm.
        Further occurrences of this notice will be suppressed. {"history": "MonteCarlo.1", "point": 66, "testname": "TRAN_VDD_MC", "cornername": "Nominal"}
[2026-05-27 11:52:22.561 Z] [INFO] [cadence.virtuoso.ade.simulationMonitor] - Notice from spectre at iteration = 66 during transient analysis `tran', during Monte Carlo analysis `mc1'.
    No checklimit analysis defined for asserts. A default checklimit analysis 'SpectreChecklimitAnal' has been created with all asserts enabled. {"history": "MonteCarlo.1", "point": 66, "testname": "TRAN_VDD_MC", "cornername": "Nominal"}
[2026-05-27 11:52:22.562 Z] [INFO] [cadence.virtuoso.ade.simulationMonitor] - Notice from spectre at iteration = 66 during IC analysis, during transient analysis `tran', during Monte Carlo analysis `mc1'.
    GminDC = 1 pS is large enough to noticeably affect the DC solution.
        dV(I0.208\:S) = -2.68209 uV
        Use the `gmin_check' option to eliminate or expand this report.
    Bad pivoting is found during DC analysis. Option dc_pivot_check=yes is recommended for possible improvement of convergence. {"history": "MonteCarlo.1", "point": 66, "testname": "TRAN_VDD_MC", "cornername": "Nominal"}
[2026-05-27 11:52:22.562 Z] [WARN] [cadence.virtuoso.ade.simulationMonitor] -     WARNING (CMI-2943): Parameter checks have been ignored because the valid value for parameter 'trise' could not be found in 'C0'. {"history": "MonteCarlo.1", "point": 66, "testname": "TRAN_VDD_MC", "cornername": "Nominal"}
[2026-05-27 11:52:22.563 Z] [WARN] [cadence.virtuoso.ade.simulationMonitor] -     WARNING (CMI-2943): Parameter checks have been ignored because the valid value for parameter 'trise' could not be found in 'I0.R44.CM'. {"history": "MonteCarlo.1", "point": 66, "testname": "TRAN_VDD_MC", "cornername": "Nominal"}
[2026-05-27 11:52:22.563 Z] [WARN] [cadence.virtuoso.ade.simulationMonitor] -     WARNING (CMI-2943): Parameter checks have been ignored because the valid value for parameter 'trise' could not be found in 'I0.R44.CS1'. {"history": "MonteCarlo.1", "point": 66, "testname": "TRAN_VDD_MC", "cornername": "Nominal"}
[2026-05-27 11:52:22.564 Z] [WARN] [cadence.virtuoso.ade.simulationMonitor] -     WARNING (CMI-2943): Parameter checks have been ignored because the valid value for parameter 'trise' could not be found in 'I0.R44.CS0'. {"history": "MonteCarlo.1", "point": 66, "testname": "TRAN_VDD_MC", "cornername": "Nominal"}
[2026-05-27 11:52:22.564 Z] [WARN] [cadence.virtuoso.ade.simulationMonitor] -     WARNING (CMI-2943): Parameter checks have been ignored because the valid value for parameter 'trise' could not be found in 'I0.R23.CM'.
        Further occurrences of this warning will be suppressed. {"history": "MonteCarlo.1", "point": 66, "testname": "TRAN_VDD_MC", "cornername": "Nominal"}
[2026-05-27 11:52:23.065 Z] [INFO] [cadence.virtuoso.ade.simulationMonitor] - Total time required for tran analysis `tran': CPU = 855.046 ms, elapsed = 486.472 ms, util. = 176%. {"history": "MonteCarlo.1", "point": 66, "testname": "TRAN_VDD_MC", "cornername": "Nominal"}
[2026-05-27 11:52:23.066 Z] [INFO] [cadence.virtuoso.ade.simulationMonitor] - Peak resident memory used = 254 Mbytes. {"history": "MonteCarlo.1", "point": 66, "testname": "TRAN_VDD_MC", "cornername": "Nominal"}
[2026-05-27 11:52:23.067 Z] [INFO] [cadence.virtuoso.ade.simulationMonitor] - Notice from spectre during transient analysis `tran', during Monte Carlo analysis `mc1'.
    120 notices suppressed.
    137 warnings suppressed. {"history": "MonteCarlo.1", "point": 66, "testname": "TRAN_VDD_MC", "cornername": "Nominal"}
[2026-05-27 11:52:23.067 Z] [INFO] [cadence.virtuoso.ade.simulationMonitor] - Notice from spectre in `vert10':`I0.Q3(30)', in `fecg_bandgap3_layout':`I0', during Monte Carlo analysis `mc1'.
    I0.Q3(30).bjtinsub: `rbm' has the unusually small value of 952.616 mOhm.
    I0.Q3(30).bjtinsub: `minr' has the unusually small value of 10 fOhm. {"history": "MonteCarlo.1", "point": 66, "testname": "TRAN_VDD_MC", "cornername": "Nominal"}
[2026-05-27 11:52:23.068 Z] [INFO] [cadence.virtuoso.ade.simulationMonitor] - Notice from spectre in `vert10':`I0.Q3(29)', in `fecg_bandgap3_layout':`I0', during Monte Carlo analysis `mc1'.
    I0.Q3(29).bjtinsub: `rbm' has the unusually small value of 952.616 mOhm.
    I0.Q3(29).bjtinsub: `minr' has the unusually small value of 10 fOhm. {"history": "MonteCarlo.1", "point": 66, "testname": "TRAN_VDD_MC", "cornername": "Nominal"}
[2026-05-27 11:52:23.068 Z] [INFO] [cadence.virtuoso.ade.simulationMonitor] - Notice from spectre in `vert10':`I0.Q3(28)', in `fecg_bandgap3_layout':`I0', during Monte Carlo analysis `mc1'.
    I0.Q3(28).bjtinsub: `rbm' has the unusually small value of 952.616 mOhm.
        Further occurrences of this notice will be suppressed. {"history": "MonteCarlo.1", "point": 66, "testname": "TRAN_VDD_MC", "cornername": "Nominal"}
[2026-05-27 11:52:23.069 Z] [INFO] [cadence.virtuoso.ade.simulationMonitor] - Notice from spectre during IC analysis, during transient analysis `tran', during Monte Carlo analysis `mc1'.
    GminDC = 1 pS is large enough to noticeably affect the DC solution.
        dV(I0.221\:S) = -3.18243 uV
        Use the `gmin_check' option to eliminate or expand this report.
    Bad pivoting is found during DC analysis. Option dc_pivot_check=yes is recommended for possible improvement of convergence. {"history": "MonteCarlo.1", "point": 66, "testname": "TRAN_VDD_MC", "cornername": "Nominal"}
[2026-05-27 11:52:23.069 Z] [WARN] [cadence.virtuoso.ade.simulationMonitor] -     WARNING (CMI-2943): Parameter checks have been ignored because the valid value for parameter 'trise' could not be found in 'C0'. {"history": "MonteCarlo.1", "point": 66, "testname": "TRAN_VDD_MC", "cornername": "Nominal"}
[2026-05-27 11:52:23.070 Z] [WARN] [cadence.virtuoso.ade.simulationMonitor] -     WARNING (CMI-2943): Parameter checks have been ignored because the valid value for parameter 'trise' could not be found in 'I0.R44.CM'. {"history": "MonteCarlo.1", "point": 66, "testname": "TRAN_VDD_MC", "cornername": "Nominal"}
[2026-05-27 11:52:23.070 Z] [WARN] [cadence.virtuoso.ade.simulationMonitor] -     WARNING (CMI-2943): Parameter checks have been ignored because the valid value for parameter 'trise' could not be found in 'I0.R44.CS1'. {"history": "MonteCarlo.1", "point": 66, "testname": "TRAN_VDD_MC", "cornername": "Nominal"}
[2026-05-27 11:52:23.071 Z] [WARN] [cadence.virtuoso.ade.simulationMonitor] -     WARNING (CMI-2943): Parameter checks have been ignored because the valid value for parameter 'trise' could not be found in 'I0.R44.CS0'. {"history": "MonteCarlo.1", "point": 66, "testname": "TRAN_VDD_MC", "cornername": "Nominal"}
[2026-05-27 11:52:23.071 Z] [WARN] [cadence.virtuoso.ade.simulationMonitor] -     WARNING (CMI-2943): Parameter checks have been ignored because the valid value for parameter 'trise' could not be found in 'I0.R23.CM'.
        Further occurrences of this warning will be suppressed. {"history": "MonteCarlo.1", "point": 66, "testname": "TRAN_VDD_MC", "cornername": "Nominal"}
[2026-05-27 11:52:23.071 Z] [PROCESS] [cadence.virtuoso.ade.simulationMonitor] - Finished simulating for one iteration {"hostname": "il2244vt26_hrahimi", "processid": 312015, "history": "MonteCarlo.1", "testname": "TRAN_VDD_MC", "cornername": "Nominal", "point": 66, "logfile": "/home/hrahimi/projects/POTENTIOSTAT_26/logs_hrahimi/logs0/Job56.log", "simid": "1"}
[2026-05-27 11:52:23.072 Z] [PROCESS] [cadence.virtuoso.ade.simulationMonitor] - Started Simulation {"hostname": "il2244vt26_hrahimi", "processid": 312015, "history": "MonteCarlo.1", "testname": "TRAN_VDD_MC", "cornername": "Nominal", "point": 67, "logfile": "/home/hrahimi/projects/POTENTIOSTAT_26/logs_hrahimi/logs0/Job56.log", "event": "started", "task": "simulation"}
[2026-05-27 11:52:23.573 Z] [INFO] [cadence.virtuoso.ade.simulationMonitor] - Total time required for tran analysis `tran': CPU = 809.631 ms, elapsed = 373.364 ms, util. = 217%. {"history": "MonteCarlo.1", "point": 67, "testname": "TRAN_VDD_MC", "cornername": "Nominal"}
[2026-05-27 11:52:23.574 Z] [INFO] [cadence.virtuoso.ade.simulationMonitor] - Peak resident memory used = 258 Mbytes. {"history": "MonteCarlo.1", "point": 67, "testname": "TRAN_VDD_MC", "cornername": "Nominal"}
[2026-05-27 11:52:23.574 Z] [INFO] [cadence.virtuoso.ade.simulationMonitor] - Notice from spectre during transient analysis `tran', during Monte Carlo analysis `mc1'.
    121 notices suppressed.
    137 warnings suppressed. {"history": "MonteCarlo.1", "point": 67, "testname": "TRAN_VDD_MC", "cornername": "Nominal"}
[2026-05-27 11:52:23.574 Z] [INFO] [cadence.virtuoso.ade.simulationMonitor] - Notice from spectre in `vert10':`I0.Q3(30)', in `fecg_bandgap3_layout':`I0', during Monte Carlo analysis `mc1'.
    I0.Q3(30).bjtinsub: `rbm' has the unusually small value of 977.616 mOhm.
    I0.Q3(30).bjtinsub: `minr' has the unusually small value of 10 fOhm. {"history": "MonteCarlo.1", "point": 67, "testname": "TRAN_VDD_MC", "cornername": "Nominal"}
[2026-05-27 11:52:23.574 Z] [INFO] [cadence.virtuoso.ade.simulationMonitor] - Notice from spectre in `vert10':`I0.Q3(29)', in `fecg_bandgap3_layout':`I0', during Monte Carlo analysis `mc1'.
    I0.Q3(29).bjtinsub: `rbm' has the unusually small value of 977.616 mOhm.
    I0.Q3(29).bjtinsub: `minr' has the unusually small value of 10 fOhm. {"history": "MonteCarlo.1", "point": 67, "testname": "TRAN_VDD_MC", "cornername": "Nominal"}
[2026-05-27 11:52:23.575 Z] [INFO] [cadence.virtuoso.ade.simulationMonitor] - Notice from spectre in `vert10':`I0.Q3(28)', in `fecg_bandgap3_layout':`I0', during Monte Carlo analysis `mc1'.
    I0.Q3(28).bjtinsub: `rbm' has the unusually small value of 977.616 mOhm.
        Further occurrences of this notice will be suppressed. {"history": "MonteCarlo.1", "point": 67, "testname": "TRAN_VDD_MC", "cornername": "Nominal"}
[2026-05-27 11:52:23.575 Z] [INFO] [cadence.virtuoso.ade.simulationMonitor] - Notice from spectre during IC analysis, during transient analysis `tran', during Monte Carlo analysis `mc1'.
    GminDC = 1 pS is large enough to noticeably affect the DC solution.
        dV(I0.221\:S) = -325.156 uV
        Use the `gmin_check' option to eliminate or expand this report.
    Bad pivoting is found during DC analysis. Option dc_pivot_check=yes is recommended for possible improvement of convergence. {"history": "MonteCarlo.1", "point": 67, "testname": "TRAN_VDD_MC", "cornername": "Nominal"}
[2026-05-27 11:52:23.575 Z] [WARN] [cadence.virtuoso.ade.simulationMonitor] -     WARNING (CMI-2943): Parameter checks have been ignored because the valid value for parameter 'trise' could not be found in 'C0'. {"history": "MonteCarlo.1", "point": 67, "testname": "TRAN_VDD_MC", "cornername": "Nominal"}
[2026-05-27 11:52:23.576 Z] [WARN] [cadence.virtuoso.ade.simulationMonitor] -     WARNING (CMI-2943): Parameter checks have been ignored because the valid value for parameter 'trise' could not be found in 'I0.R44.CM'. {"history": "MonteCarlo.1", "point": 67, "testname": "TRAN_VDD_MC", "cornername": "Nominal"}
[2026-05-27 11:52:23.576 Z] [WARN] [cadence.virtuoso.ade.simulationMonitor] -     WARNING (CMI-2943): Parameter checks have been ignored because the valid value for parameter 'trise' could not be found in 'I0.R44.CS1'. {"history": "MonteCarlo.1", "point": 67, "testname": "TRAN_VDD_MC", "cornername": "Nominal"}
[2026-05-27 11:52:23.577 Z] [WARN] [cadence.virtuoso.ade.simulationMonitor] -     WARNING (CMI-2943): Parameter checks have been ignored because the valid value for parameter 'trise' could not be found in 'I0.R44.CS0'. {"history": "MonteCarlo.1", "point": 67, "testname": "TRAN_VDD_MC", "cornername": "Nominal"}
[2026-05-27 11:52:23.577 Z] [WARN] [cadence.virtuoso.ade.simulationMonitor] -     WARNING (CMI-2943): Parameter checks have been ignored because the valid value for parameter 'trise' could not be found in 'I0.R23.CM'.
        Further occurrences of this warning will be suppressed. {"history": "MonteCarlo.1", "point": 67, "testname": "TRAN_VDD_MC", "cornername": "Nominal"}
[2026-05-27 11:52:23.577 Z] [PROCESS] [cadence.virtuoso.ade.simulationMonitor] - Finished simulating for one iteration {"hostname": "il2244vt26_hrahimi", "processid": 312015, "history": "MonteCarlo.1", "testname": "TRAN_VDD_MC", "cornername": "Nominal", "point": 67, "logfile": "/home/hrahimi/projects/POTENTIOSTAT_26/logs_hrahimi/logs0/Job56.log", "simid": "1"}
[2026-05-27 11:52:23.578 Z] [PROCESS] [cadence.virtuoso.ade.simulationMonitor] - Started Simulation {"hostname": "il2244vt26_hrahimi", "processid": 312015, "history": "MonteCarlo.1", "testname": "TRAN_VDD_MC", "cornername": "Nominal", "point": 68, "logfile": "/home/hrahimi/projects/POTENTIOSTAT_26/logs_hrahimi/logs0/Job56.log", "event": "started", "task": "simulation"}
[2026-05-27 11:52:24.080 Z] [INFO] [cadence.virtuoso.ade.simulationMonitor] - Total time required for tran analysis `tran': CPU = 686.403 ms, elapsed = 292.977 ms, util. = 234%. {"history": "MonteCarlo.1", "point": 68, "testname": "TRAN_VDD_MC", "cornername": "Nominal"}
[2026-05-27 11:52:24.081 Z] [INFO] [cadence.virtuoso.ade.simulationMonitor] - Peak resident memory used = 259 Mbytes. {"history": "MonteCarlo.1", "point": 68, "testname": "TRAN_VDD_MC", "cornername": "Nominal"}
[2026-05-27 11:52:24.081 Z] [INFO] [cadence.virtuoso.ade.simulationMonitor] - Notice from spectre during transient analysis `tran', during Monte Carlo analysis `mc1'.
    121 notices suppressed.
    137 warnings suppressed. {"history": "MonteCarlo.1", "point": 68, "testname": "TRAN_VDD_MC", "cornername": "Nominal"}
[2026-05-27 11:52:24.081 Z] [INFO] [cadence.virtuoso.ade.simulationMonitor] - Notice from spectre in `vert10':`I0.Q3(30)', in `fecg_bandgap3_layout':`I0', during Monte Carlo analysis `mc1'.
    I0.Q3(30).bjtinsub: `minr' has the unusually small value of 10 fOhm. {"history": "MonteCarlo.1", "point": 68, "testname": "TRAN_VDD_MC", "cornername": "Nominal"}
[2026-05-27 11:52:24.082 Z] [INFO] [cadence.virtuoso.ade.simulationMonitor] - Notice from spectre in `vert10':`I0.Q3(29)', in `fecg_bandgap3_layout':`I0', during Monte Carlo analysis `mc1'.
    I0.Q3(29).bjtinsub: `minr' has the unusually small value of 10 fOhm. {"history": "MonteCarlo.1", "point": 68, "testname": "TRAN_VDD_MC", "cornername": "Nominal"}
[2026-05-27 11:52:24.082 Z] [INFO] [cadence.virtuoso.ade.simulationMonitor] - Notice from spectre in `vert10':`I0.Q3(28)', in `fecg_bandgap3_layout':`I0', during Monte Carlo analysis `mc1'.
    I0.Q3(28).bjtinsub: `minr' has the unusually small value of 10 fOhm. {"history": "MonteCarlo.1", "point": 68, "testname": "TRAN_VDD_MC", "cornername": "Nominal"}
[2026-05-27 11:52:24.083 Z] [INFO] [cadence.virtuoso.ade.simulationMonitor] - Notice from spectre in `vert10':`I0.Q3(27)', in `fecg_bandgap3_layout':`I0', during Monte Carlo analysis `mc1'.
    I0.Q3(27).bjtinsub: `minr' has the unusually small value of 10 fOhm. {"history": "MonteCarlo.1", "point": 68, "testname": "TRAN_VDD_MC", "cornername": "Nominal"}
[2026-05-27 11:52:24.084 Z] [INFO] [cadence.virtuoso.ade.simulationMonitor] - Notice from spectre in `vert10':`I0.Q3(26)', in `fecg_bandgap3_layout':`I0', during Monte Carlo analysis `mc1'.
    I0.Q3(26).bjtinsub: `minr' has the unusually small value of 10 fOhm.
        Further occurrences of this notice will be suppressed. {"history": "MonteCarlo.1", "point": 68, "testname": "TRAN_VDD_MC", "cornername": "Nominal"}
[2026-05-27 11:52:24.085 Z] [INFO] [cadence.virtuoso.ade.simulationMonitor] - Notice from spectre during IC analysis, during transient analysis `tran', during Monte Carlo analysis `mc1'.
    GminDC = 1 pS is large enough to noticeably affect the DC solution.
        dV(I0.208\:S) = 51.6352 uV
        Use the `gmin_check' option to eliminate or expand this report.
    Bad pivoting is found during DC analysis. Option dc_pivot_check=yes is recommended for possible improvement of convergence. {"history": "MonteCarlo.1", "point": 68, "testname": "TRAN_VDD_MC", "cornername": "Nominal"}
[2026-05-27 11:52:24.086 Z] [WARN] [cadence.virtuoso.ade.simulationMonitor] -     WARNING (CMI-2943): Parameter checks have been ignored because the valid value for parameter 'trise' could not be found in 'C0'. {"history": "MonteCarlo.1", "point": 68, "testname": "TRAN_VDD_MC", "cornername": "Nominal"}
[2026-05-27 11:52:24.087 Z] [WARN] [cadence.virtuoso.ade.simulationMonitor] -     WARNING (CMI-2943): Parameter checks have been ignored because the valid value for parameter 'trise' could not be found in 'I0.R44.CM'. {"history": "MonteCarlo.1", "point": 68, "testname": "TRAN_VDD_MC", "cornername": "Nominal"}
[2026-05-27 11:52:24.087 Z] [WARN] [cadence.virtuoso.ade.simulationMonitor] -     WARNING (CMI-2943): Parameter checks have been ignored because the valid value for parameter 'trise' could not be found in 'I0.R44.CS1'. {"history": "MonteCarlo.1", "point": 68, "testname": "TRAN_VDD_MC", "cornername": "Nominal"}
[2026-05-27 11:52:24.088 Z] [WARN] [cadence.virtuoso.ade.simulationMonitor] -     WARNING (CMI-2943): Parameter checks have been ignored because the valid value for parameter 'trise' could not be found in 'I0.R44.CS0'. {"history": "MonteCarlo.1", "point": 68, "testname": "TRAN_VDD_MC", "cornername": "Nominal"}
[2026-05-27 11:52:24.088 Z] [WARN] [cadence.virtuoso.ade.simulationMonitor] -     WARNING (CMI-2943): Parameter checks have been ignored because the valid value for parameter 'trise' could not be found in 'I0.R23.CM'.
        Further occurrences of this warning will be suppressed. {"history": "MonteCarlo.1", "point": 68, "testname": "TRAN_VDD_MC", "cornername": "Nominal"}
[2026-05-27 11:52:24.090 Z] [PROCESS] [cadence.virtuoso.ade.simulationMonitor] - Finished simulating for one iteration {"hostname": "il2244vt26_hrahimi", "processid": 312015, "history": "MonteCarlo.1", "testname": "TRAN_VDD_MC", "cornername": "Nominal", "point": 68, "logfile": "/home/hrahimi/projects/POTENTIOSTAT_26/logs_hrahimi/logs0/Job56.log", "simid": "1"}
[2026-05-27 11:52:24.090 Z] [PROCESS] [cadence.virtuoso.ade.simulationMonitor] - Started Simulation {"hostname": "il2244vt26_hrahimi", "processid": 312015, "history": "MonteCarlo.1", "testname": "TRAN_VDD_MC", "cornername": "Nominal", "point": 69, "logfile": "/home/hrahimi/projects/POTENTIOSTAT_26/logs_hrahimi/logs0/Job56.log", "event": "started", "task": "simulation"}
[2026-05-27 11:52:24.592 Z] [INFO] [cadence.virtuoso.ade.simulationMonitor] - Total time required for tran analysis `tran': CPU = 798.036 ms, elapsed = 321.521 ms, util. = 248%. {"history": "MonteCarlo.1", "point": 69, "testname": "TRAN_VDD_MC", "cornername": "Nominal"}
[2026-05-27 11:52:24.592 Z] [INFO] [cadence.virtuoso.ade.simulationMonitor] - Peak resident memory used = 262 Mbytes. {"history": "MonteCarlo.1", "point": 69, "testname": "TRAN_VDD_MC", "cornername": "Nominal"}
[2026-05-27 11:52:24.592 Z] [INFO] [cadence.virtuoso.ade.simulationMonitor] - Notice from spectre during transient analysis `tran', during Monte Carlo analysis `mc1'.
    58 notices suppressed.
    137 warnings suppressed. {"history": "MonteCarlo.1", "point": 69, "testname": "TRAN_VDD_MC", "cornername": "Nominal"}
[2026-05-27 11:52:24.593 Z] [INFO] [cadence.virtuoso.ade.simulationMonitor] - Notice from spectre in `vert10':`I0.Q3(30)', in `fecg_bandgap3_layout':`I0', during Monte Carlo analysis `mc1'.
    I0.Q3(30).bjtinsub: `rbm' has the unusually small value of 927.616 mOhm.
    I0.Q3(30).bjtinsub: `minr' has the unusually small value of 10 fOhm. {"history": "MonteCarlo.1", "point": 69, "testname": "TRAN_VDD_MC", "cornername": "Nominal"}
[2026-05-27 11:52:24.593 Z] [INFO] [cadence.virtuoso.ade.simulationMonitor] - Notice from spectre in `vert10':`I0.Q3(29)', in `fecg_bandgap3_layout':`I0', during Monte Carlo analysis `mc1'.
    I0.Q3(29).bjtinsub: `rbm' has the unusually small value of 927.616 mOhm.
    I0.Q3(29).bjtinsub: `minr' has the unusually small value of 10 fOhm. {"history": "MonteCarlo.1", "point": 69, "testname": "TRAN_VDD_MC", "cornername": "Nominal"}
[2026-05-27 11:52:24.594 Z] [INFO] [cadence.virtuoso.ade.simulationMonitor] - Notice from spectre in `vert10':`I0.Q3(28)', in `fecg_bandgap3_layout':`I0', during Monte Carlo analysis `mc1'.
    I0.Q3(28).bjtinsub: `rbm' has the unusually small value of 927.616 mOhm.
        Further occurrences of this notice will be suppressed. {"history": "MonteCarlo.1", "point": 69, "testname": "TRAN_VDD_MC", "cornername": "Nominal"}
[2026-05-27 11:52:24.595 Z] [INFO] [cadence.virtuoso.ade.simulationMonitor] - Notice from spectre during IC analysis, during transient analysis `tran', during Monte Carlo analysis `mc1'.
    GminDC = 1 pS is large enough to noticeably affect the DC solution.
        dV(I0.41\:S) = 11.3517 uV
        Use the `gmin_check' option to eliminate or expand this report.
    Bad pivoting is found during DC analysis. Option dc_pivot_check=yes is recommended for possible improvement of convergence. {"history": "MonteCarlo.1", "point": 69, "testname": "TRAN_VDD_MC", "cornername": "Nominal"}
[2026-05-27 11:52:24.596 Z] [WARN] [cadence.virtuoso.ade.simulationMonitor] -     WARNING (CMI-2943): Parameter checks have been ignored because the valid value for parameter 'trise' could not be found in 'C0'. {"history": "MonteCarlo.1", "point": 69, "testname": "TRAN_VDD_MC", "cornername": "Nominal"}
[2026-05-27 11:52:24.596 Z] [WARN] [cadence.virtuoso.ade.simulationMonitor] -     WARNING (CMI-2943): Parameter checks have been ignored because the valid value for parameter 'trise' could not be found in 'I0.R44.CM'. {"history": "MonteCarlo.1", "point": 69, "testname": "TRAN_VDD_MC", "cornername": "Nominal"}
[2026-05-27 11:52:24.597 Z] [WARN] [cadence.virtuoso.ade.simulationMonitor] -     WARNING (CMI-2943): Parameter checks have been ignored because the valid value for parameter 'trise' could not be found in 'I0.R44.CS1'. {"history": "MonteCarlo.1", "point": 69, "testname": "TRAN_VDD_MC", "cornername": "Nominal"}
[2026-05-27 11:52:24.597 Z] [WARN] [cadence.virtuoso.ade.simulationMonitor] -     WARNING (CMI-2943): Parameter checks have been ignored because the valid value for parameter 'trise' could not be found in 'I0.R44.CS0'. {"history": "MonteCarlo.1", "point": 69, "testname": "TRAN_VDD_MC", "cornername": "Nominal"}
[2026-05-27 11:52:24.598 Z] [WARN] [cadence.virtuoso.ade.simulationMonitor] -     WARNING (CMI-2943): Parameter checks have been ignored because the valid value for parameter 'trise' could not be found in 'I0.R23.CM'.
        Further occurrences of this warning will be suppressed. {"history": "MonteCarlo.1", "point": 69, "testname": "TRAN_VDD_MC", "cornername": "Nominal"}
[2026-05-27 11:52:24.598 Z] [PROCESS] [cadence.virtuoso.ade.simulationMonitor] - Finished simulating for one iteration {"hostname": "il2244vt26_hrahimi", "processid": 312015, "history": "MonteCarlo.1", "testname": "TRAN_VDD_MC", "cornername": "Nominal", "point": 69, "logfile": "/home/hrahimi/projects/POTENTIOSTAT_26/logs_hrahimi/logs0/Job56.log", "simid": "1"}
[2026-05-27 11:52:24.599 Z] [PROCESS] [cadence.virtuoso.ade.simulationMonitor] - Started Simulation {"hostname": "il2244vt26_hrahimi", "processid": 312015, "history": "MonteCarlo.1", "testname": "TRAN_VDD_MC", "cornername": "Nominal", "point": 70, "logfile": "/home/hrahimi/projects/POTENTIOSTAT_26/logs_hrahimi/logs0/Job56.log", "event": "started", "task": "simulation"}
[2026-05-27 11:52:25.102 Z] [INFO] [cadence.virtuoso.ade.simulationMonitor] - Total time required for tran analysis `tran': CPU = 787.165 ms, elapsed = 371.78 ms, util. = 212%. {"history": "MonteCarlo.1", "point": 70, "testname": "TRAN_VDD_MC", "cornername": "Nominal"}
[2026-05-27 11:52:25.103 Z] [INFO] [cadence.virtuoso.ade.simulationMonitor] - Peak resident memory used = 263 Mbytes. {"history": "MonteCarlo.1", "point": 70, "testname": "TRAN_VDD_MC", "cornername": "Nominal"}
[2026-05-27 11:52:25.103 Z] [INFO] [cadence.virtuoso.ade.simulationMonitor] - Notice from spectre during transient analysis `tran', during Monte Carlo analysis `mc1'.
    121 notices suppressed.
    137 warnings suppressed. {"history": "MonteCarlo.1", "point": 70, "testname": "TRAN_VDD_MC", "cornername": "Nominal"}
[2026-05-27 11:52:25.103 Z] [INFO] [cadence.virtuoso.ade.simulationMonitor] - Notice from spectre in `vert10':`I0.Q3(30)', in `fecg_bandgap3_layout':`I0', during Monte Carlo analysis `mc1'.
    I0.Q3(30).bjtinsub: `minr' has the unusually small value of 10 fOhm. {"history": "MonteCarlo.1", "point": 70, "testname": "TRAN_VDD_MC", "cornername": "Nominal"}
[2026-05-27 11:52:25.104 Z] [INFO] [cadence.virtuoso.ade.simulationMonitor] - Notice from spectre in `vert10':`I0.Q3(29)', in `fecg_bandgap3_layout':`I0', during Monte Carlo analysis `mc1'.
    I0.Q3(29).bjtinsub: `minr' has the unusually small value of 10 fOhm. {"history": "MonteCarlo.1", "point": 70, "testname": "TRAN_VDD_MC", "cornername": "Nominal"}
[2026-05-27 11:52:25.104 Z] [INFO] [cadence.virtuoso.ade.simulationMonitor] - Notice from spectre in `vert10':`I0.Q3(28)', in `fecg_bandgap3_layout':`I0', during Monte Carlo analysis `mc1'.
    I0.Q3(28).bjtinsub: `minr' has the unusually small value of 10 fOhm. {"history": "MonteCarlo.1", "point": 70, "testname": "TRAN_VDD_MC", "cornername": "Nominal"}
[2026-05-27 11:52:25.104 Z] [INFO] [cadence.virtuoso.ade.simulationMonitor] - Notice from spectre in `vert10':`I0.Q3(27)', in `fecg_bandgap3_layout':`I0', during Monte Carlo analysis `mc1'.
    I0.Q3(27).bjtinsub: `minr' has the unusually small value of 10 fOhm. {"history": "MonteCarlo.1", "point": 70, "testname": "TRAN_VDD_MC", "cornername": "Nominal"}
[2026-05-27 11:52:25.105 Z] [INFO] [cadence.virtuoso.ade.simulationMonitor] - Notice from spectre in `vert10':`I0.Q3(26)', in `fecg_bandgap3_layout':`I0', during Monte Carlo analysis `mc1'.
    I0.Q3(26).bjtinsub: `minr' has the unusually small value of 10 fOhm.
        Further occurrences of this notice will be suppressed. {"history": "MonteCarlo.1", "point": 70, "testname": "TRAN_VDD_MC", "cornername": "Nominal"}
[2026-05-27 11:52:25.105 Z] [INFO] [cadence.virtuoso.ade.simulationMonitor] - Notice from spectre during IC analysis, during transient analysis `tran', during Monte Carlo analysis `mc1'.
    GminDC = 1 pS is large enough to noticeably affect the DC solution.
        dV(I0.208\:S) = 3.318 uV
        Use the `gmin_check' option to eliminate or expand this report.
    Bad pivoting is found during DC analysis. Option dc_pivot_check=yes is recommended for possible improvement of convergence. {"history": "MonteCarlo.1", "point": 70, "testname": "TRAN_VDD_MC", "cornername": "Nominal"}
[2026-05-27 11:52:25.105 Z] [WARN] [cadence.virtuoso.ade.simulationMonitor] -     WARNING (CMI-2943): Parameter checks have been ignored because the valid value for parameter 'trise' could not be found in 'C0'. {"history": "MonteCarlo.1", "point": 70, "testname": "TRAN_VDD_MC", "cornername": "Nominal"}
[2026-05-27 11:52:25.106 Z] [WARN] [cadence.virtuoso.ade.simulationMonitor] -     WARNING (CMI-2943): Parameter checks have been ignored because the valid value for parameter 'trise' could not be found in 'I0.R44.CM'. {"history": "MonteCarlo.1", "point": 70, "testname": "TRAN_VDD_MC", "cornername": "Nominal"}
[2026-05-27 11:52:25.107 Z] [WARN] [cadence.virtuoso.ade.simulationMonitor] -     WARNING (CMI-2943): Parameter checks have been ignored because the valid value for parameter 'trise' could not be found in 'I0.R44.CS1'. {"history": "MonteCarlo.1", "point": 70, "testname": "TRAN_VDD_MC", "cornername": "Nominal"}
[2026-05-27 11:52:25.107 Z] [WARN] [cadence.virtuoso.ade.simulationMonitor] -     WARNING (CMI-2943): Parameter checks have been ignored because the valid value for parameter 'trise' could not be found in 'I0.R44.CS0'. {"history": "MonteCarlo.1", "point": 70, "testname": "TRAN_VDD_MC", "cornername": "Nominal"}
[2026-05-27 11:52:25.107 Z] [WARN] [cadence.virtuoso.ade.simulationMonitor] -     WARNING (CMI-2943): Parameter checks have been ignored because the valid value for parameter 'trise' could not be found in 'I0.R23.CM'.
        Further occurrences of this warning will be suppressed. {"history": "MonteCarlo.1", "point": 70, "testname": "TRAN_VDD_MC", "cornername": "Nominal"}
[2026-05-27 11:52:25.107 Z] [PROCESS] [cadence.virtuoso.ade.simulationMonitor] - Finished simulating for one iteration {"hostname": "il2244vt26_hrahimi", "processid": 312015, "history": "MonteCarlo.1", "testname": "TRAN_VDD_MC", "cornername": "Nominal", "point": 70, "logfile": "/home/hrahimi/projects/POTENTIOSTAT_26/logs_hrahimi/logs0/Job56.log", "simid": "1"}
[2026-05-27 11:52:25.108 Z] [PROCESS] [cadence.virtuoso.ade.simulationMonitor] - Started Simulation {"hostname": "il2244vt26_hrahimi", "processid": 312015, "history": "MonteCarlo.1", "testname": "TRAN_VDD_MC", "cornername": "Nominal", "point": 71, "logfile": "/home/hrahimi/projects/POTENTIOSTAT_26/logs_hrahimi/logs0/Job56.log", "event": "started", "task": "simulation"}
[2026-05-27 11:52:25.609 Z] [INFO] [cadence.virtuoso.ade.simulationMonitor] - Total time required for tran analysis `tran': CPU = 755.911 ms, elapsed = 403.625 ms, util. = 187%. {"history": "MonteCarlo.1", "point": 71, "testname": "TRAN_VDD_MC", "cornername": "Nominal"}
[2026-05-27 11:52:25.611 Z] [INFO] [cadence.virtuoso.ade.simulationMonitor] - Peak resident memory used = 265 Mbytes. {"history": "MonteCarlo.1", "point": 71, "testname": "TRAN_VDD_MC", "cornername": "Nominal"}
[2026-05-27 11:52:25.612 Z] [INFO] [cadence.virtuoso.ade.simulationMonitor] - Notice from spectre during transient analysis `tran', during Monte Carlo analysis `mc1'.
    58 notices suppressed.
    137 warnings suppressed. {"history": "MonteCarlo.1", "point": 71, "testname": "TRAN_VDD_MC", "cornername": "Nominal"}
[2026-05-27 11:52:25.615 Z] [INFO] [cadence.virtuoso.ade.simulationMonitor] - Notice from spectre in `vert10':`I0.Q3(30)', in `fecg_bandgap3_layout':`I0', during Monte Carlo analysis `mc1'.
    I0.Q3(30).bjtinsub: `rbm' has the unusually small value of 990.116 mOhm.
    I0.Q3(30).bjtinsub: `minr' has the unusually small value of 10 fOhm. {"history": "MonteCarlo.1", "point": 71, "testname": "TRAN_VDD_MC", "cornername": "Nominal"}
[2026-05-27 11:52:25.615 Z] [INFO] [cadence.virtuoso.ade.simulationMonitor] - Notice from spectre in `vert10':`I0.Q3(29)', in `fecg_bandgap3_layout':`I0', during Monte Carlo analysis `mc1'.
    I0.Q3(29).bjtinsub: `rbm' has the unusually small value of 990.116 mOhm.
    I0.Q3(29).bjtinsub: `minr' has the unusually small value of 10 fOhm. {"history": "MonteCarlo.1", "point": 71, "testname": "TRAN_VDD_MC", "cornername": "Nominal"}
[2026-05-27 11:52:25.616 Z] [INFO] [cadence.virtuoso.ade.simulationMonitor] - Notice from spectre in `vert10':`I0.Q3(28)', in `fecg_bandgap3_layout':`I0', during Monte Carlo analysis `mc1'.
    I0.Q3(28).bjtinsub: `rbm' has the unusually small value of 990.116 mOhm.
        Further occurrences of this notice will be suppressed. {"history": "MonteCarlo.1", "point": 71, "testname": "TRAN_VDD_MC", "cornername": "Nominal"}
[2026-05-27 11:52:25.617 Z] [INFO] [cadence.virtuoso.ade.simulationMonitor] - Notice from spectre during IC analysis, during transient analysis `tran', during Monte Carlo analysis `mc1'.
    GminDC = 1 pS is large enough to noticeably affect the DC solution.
        dV(I0.227\:S) = 3.92241 uV
        Use the `gmin_check' option to eliminate or expand this report.
    Bad pivoting is found during DC analysis. Option dc_pivot_check=yes is recommended for possible improvement of convergence. {"history": "MonteCarlo.1", "point": 71, "testname": "TRAN_VDD_MC", "cornername": "Nominal"}
[2026-05-27 11:52:25.618 Z] [WARN] [cadence.virtuoso.ade.simulationMonitor] -     WARNING (CMI-2943): Parameter checks have been ignored because the valid value for parameter 'trise' could not be found in 'C0'. {"history": "MonteCarlo.1", "point": 71, "testname": "TRAN_VDD_MC", "cornername": "Nominal"}
[2026-05-27 11:52:25.619 Z] [WARN] [cadence.virtuoso.ade.simulationMonitor] -     WARNING (CMI-2943): Parameter checks have been ignored because the valid value for parameter 'trise' could not be found in 'I0.R44.CM'. {"history": "MonteCarlo.1", "point": 71, "testname": "TRAN_VDD_MC", "cornername": "Nominal"}
[2026-05-27 11:52:25.620 Z] [WARN] [cadence.virtuoso.ade.simulationMonitor] -     WARNING (CMI-2943): Parameter checks have been ignored because the valid value for parameter 'trise' could not be found in 'I0.R44.CS1'. {"history": "MonteCarlo.1", "point": 71, "testname": "TRAN_VDD_MC", "cornername": "Nominal"}
[2026-05-27 11:52:25.621 Z] [WARN] [cadence.virtuoso.ade.simulationMonitor] -     WARNING (CMI-2943): Parameter checks have been ignored because the valid value for parameter 'trise' could not be found in 'I0.R44.CS0'. {"history": "MonteCarlo.1", "point": 71, "testname": "TRAN_VDD_MC", "cornername": "Nominal"}
[2026-05-27 11:52:25.622 Z] [WARN] [cadence.virtuoso.ade.simulationMonitor] -     WARNING (CMI-2943): Parameter checks have been ignored because the valid value for parameter 'trise' could not be found in 'I0.R23.CM'.
        Further occurrences of this warning will be suppressed. {"history": "MonteCarlo.1", "point": 71, "testname": "TRAN_VDD_MC", "cornername": "Nominal"}
[2026-05-27 11:52:25.623 Z] [WARN] [cadence.virtuoso.ade.simulationMonitor] -     WARNING (SPECTRE-17191): 
        Tolerance relaxation is used to obtain final DC solution which may affect the accuracy of the result. This is mainly caused by the high impedance nodes in the circuit. Use the dyn_highz check to determine the high impedance nodes. Setting/assigning appropriate initial values to these nodes will usually help to improve both performance and accuracy of DC simulations. {"history": "MonteCarlo.1", "point": 71, "testname": "TRAN_VDD_MC", "cornername": "Nominal"}
[2026-05-27 11:52:25.624 Z] [PROCESS] [cadence.virtuoso.ade.simulationMonitor] - Finished simulating for one iteration {"hostname": "il2244vt26_hrahimi", "processid": 312015, "history": "MonteCarlo.1", "testname": "TRAN_VDD_MC", "cornername": "Nominal", "point": 71, "logfile": "/home/hrahimi/projects/POTENTIOSTAT_26/logs_hrahimi/logs0/Job56.log", "simid": "1"}
[2026-05-27 11:52:25.625 Z] [PROCESS] [cadence.virtuoso.ade.simulationMonitor] - Started Simulation {"hostname": "il2244vt26_hrahimi", "processid": 312015, "history": "MonteCarlo.1", "testname": "TRAN_VDD_MC", "cornername": "Nominal", "point": 72, "logfile": "/home/hrahimi/projects/POTENTIOSTAT_26/logs_hrahimi/logs0/Job56.log", "event": "started", "task": "simulation"}
[2026-05-27 11:52:26.126 Z] [INFO] [cadence.virtuoso.ade.simulationMonitor] - Total time required for tran analysis `tran': CPU = 769.472 ms, elapsed = 358.524 ms, util. = 215%. {"history": "MonteCarlo.1", "point": 72, "testname": "TRAN_VDD_MC", "cornername": "Nominal"}
[2026-05-27 11:52:26.126 Z] [INFO] [cadence.virtuoso.ade.simulationMonitor] - Peak resident memory used = 265 Mbytes. {"history": "MonteCarlo.1", "point": 72, "testname": "TRAN_VDD_MC", "cornername": "Nominal"}
[2026-05-27 11:52:26.127 Z] [INFO] [cadence.virtuoso.ade.simulationMonitor] - Notice from spectre during transient analysis `tran', during Monte Carlo analysis `mc1'.
    121 notices suppressed.
    137 warnings suppressed. {"history": "MonteCarlo.1", "point": 72, "testname": "TRAN_VDD_MC", "cornername": "Nominal"}
[2026-05-27 11:52:26.127 Z] [INFO] [cadence.virtuoso.ade.simulationMonitor] - Notice from spectre in `vert10':`I0.Q3(30)', in `fecg_bandgap3_layout':`I0', during Monte Carlo analysis `mc1'.
    I0.Q3(30).bjtinsub: `minr' has the unusually small value of 10 fOhm. {"history": "MonteCarlo.1", "point": 72, "testname": "TRAN_VDD_MC", "cornername": "Nominal"}
[2026-05-27 11:52:26.127 Z] [INFO] [cadence.virtuoso.ade.simulationMonitor] - Notice from spectre in `vert10':`I0.Q3(29)', in `fecg_bandgap3_layout':`I0', during Monte Carlo analysis `mc1'.
    I0.Q3(29).bjtinsub: `minr' has the unusually small value of 10 fOhm. {"history": "MonteCarlo.1", "point": 72, "testname": "TRAN_VDD_MC", "cornername": "Nominal"}
[2026-05-27 11:52:26.128 Z] [INFO] [cadence.virtuoso.ade.simulationMonitor] - Notice from spectre in `vert10':`I0.Q3(28)', in `fecg_bandgap3_layout':`I0', during Monte Carlo analysis `mc1'.
    I0.Q3(28).bjtinsub: `minr' has the unusually small value of 10 fOhm. {"history": "MonteCarlo.1", "point": 72, "testname": "TRAN_VDD_MC", "cornername": "Nominal"}
[2026-05-27 11:52:26.128 Z] [INFO] [cadence.virtuoso.ade.simulationMonitor] - Notice from spectre in `vert10':`I0.Q3(27)', in `fecg_bandgap3_layout':`I0', during Monte Carlo analysis `mc1'.
    I0.Q3(27).bjtinsub: `minr' has the unusually small value of 10 fOhm. {"history": "MonteCarlo.1", "point": 72, "testname": "TRAN_VDD_MC", "cornername": "Nominal"}
[2026-05-27 11:52:26.128 Z] [INFO] [cadence.virtuoso.ade.simulationMonitor] - Notice from spectre in `vert10':`I0.Q3(26)', in `fecg_bandgap3_layout':`I0', during Monte Carlo analysis `mc1'.
    I0.Q3(26).bjtinsub: `minr' has the unusually small value of 10 fOhm.
        Further occurrences of this notice will be suppressed. {"history": "MonteCarlo.1", "point": 72, "testname": "TRAN_VDD_MC", "cornername": "Nominal"}
[2026-05-27 11:52:26.129 Z] [INFO] [cadence.virtuoso.ade.simulationMonitor] - Notice from spectre during IC analysis, during transient analysis `tran', during Monte Carlo analysis `mc1'.
    Bad pivoting is found during DC analysis. Option dc_pivot_check=yes is recommended for possible improvement of convergence. {"history": "MonteCarlo.1", "point": 72, "testname": "TRAN_VDD_MC", "cornername": "Nominal"}
[2026-05-27 11:52:26.129 Z] [WARN] [cadence.virtuoso.ade.simulationMonitor] -     WARNING (CMI-2943): Parameter checks have been ignored because the valid value for parameter 'trise' could not be found in 'C0'. {"history": "MonteCarlo.1", "point": 72, "testname": "TRAN_VDD_MC", "cornername": "Nominal"}
[2026-05-27 11:52:26.129 Z] [WARN] [cadence.virtuoso.ade.simulationMonitor] -     WARNING (CMI-2943): Parameter checks have been ignored because the valid value for parameter 'trise' could not be found in 'I0.R44.CM'. {"history": "MonteCarlo.1", "point": 72, "testname": "TRAN_VDD_MC", "cornername": "Nominal"}
[2026-05-27 11:52:26.130 Z] [WARN] [cadence.virtuoso.ade.simulationMonitor] -     WARNING (CMI-2943): Parameter checks have been ignored because the valid value for parameter 'trise' could not be found in 'I0.R44.CS1'. {"history": "MonteCarlo.1", "point": 72, "testname": "TRAN_VDD_MC", "cornername": "Nominal"}
[2026-05-27 11:52:26.130 Z] [WARN] [cadence.virtuoso.ade.simulationMonitor] -     WARNING (CMI-2943): Parameter checks have been ignored because the valid value for parameter 'trise' could not be found in 'I0.R44.CS0'. {"history": "MonteCarlo.1", "point": 72, "testname": "TRAN_VDD_MC", "cornername": "Nominal"}
[2026-05-27 11:52:26.130 Z] [WARN] [cadence.virtuoso.ade.simulationMonitor] -     WARNING (CMI-2943): Parameter checks have been ignored because the valid value for parameter 'trise' could not be found in 'I0.R23.CM'.
        Further occurrences of this warning will be suppressed. {"history": "MonteCarlo.1", "point": 72, "testname": "TRAN_VDD_MC", "cornername": "Nominal"}
[2026-05-27 11:52:26.131 Z] [WARN] [cadence.virtuoso.ade.simulationMonitor] -     WARNING (SPECTRE-17191): 
        Tolerance relaxation is used to obtain final DC solution which may affect the accuracy of the result. This is mainly caused by the high impedance nodes in the circuit. Use the dyn_highz check to determine the high impedance nodes. Setting/assigning appropriate initial values to these nodes will usually help to improve both performance and accuracy of DC simulations. {"history": "MonteCarlo.1", "point": 72, "testname": "TRAN_VDD_MC", "cornername": "Nominal"}
[2026-05-27 11:52:26.131 Z] [PROCESS] [cadence.virtuoso.ade.simulationMonitor] - Finished simulating for one iteration {"hostname": "il2244vt26_hrahimi", "processid": 312015, "history": "MonteCarlo.1", "testname": "TRAN_VDD_MC", "cornername": "Nominal", "point": 72, "logfile": "/home/hrahimi/projects/POTENTIOSTAT_26/logs_hrahimi/logs0/Job56.log", "simid": "1"}
[2026-05-27 11:52:26.131 Z] [PROCESS] [cadence.virtuoso.ade.simulationMonitor] - Started Simulation {"hostname": "il2244vt26_hrahimi", "processid": 312015, "history": "MonteCarlo.1", "testname": "TRAN_VDD_MC", "cornername": "Nominal", "point": 73, "logfile": "/home/hrahimi/projects/POTENTIOSTAT_26/logs_hrahimi/logs0/Job56.log", "event": "started", "task": "simulation"}
[2026-05-27 11:52:26.635 Z] [INFO] [cadence.virtuoso.ade.simulationMonitor] - Total time required for tran analysis `tran': CPU = 986.075 ms, elapsed = 475.808 ms, util. = 207%. {"history": "MonteCarlo.1", "point": 73, "testname": "TRAN_VDD_MC", "cornername": "Nominal"}
[2026-05-27 11:52:26.636 Z] [INFO] [cadence.virtuoso.ade.simulationMonitor] - Peak resident memory used = 268 Mbytes. {"history": "MonteCarlo.1", "point": 73, "testname": "TRAN_VDD_MC", "cornername": "Nominal"}
[2026-05-27 11:52:26.637 Z] [INFO] [cadence.virtuoso.ade.simulationMonitor] - Notice from spectre during transient analysis `tran', during Monte Carlo analysis `mc1'.
    58 notices suppressed.
    137 warnings suppressed. {"history": "MonteCarlo.1", "point": 73, "testname": "TRAN_VDD_MC", "cornername": "Nominal"}
[2026-05-27 11:52:26.638 Z] [PROCESS] [cadence.virtuoso.ade.simulationMonitor] - Finished simulating for one iteration {"hostname": "il2244vt26_hrahimi", "processid": 312015, "history": "MonteCarlo.1", "testname": "TRAN_VDD_MC", "cornername": "Nominal", "point": 73, "logfile": "/home/hrahimi/projects/POTENTIOSTAT_26/logs_hrahimi/logs0/Job56.log", "simid": "1"}
[2026-05-27 11:52:26.639 Z] [PROCESS] [cadence.virtuoso.ade.simulationMonitor] - Started Simulation {"hostname": "il2244vt26_hrahimi", "processid": 312015, "history": "MonteCarlo.1", "testname": "TRAN_VDD_MC", "cornername": "Nominal", "point": 74, "logfile": "/home/hrahimi/projects/POTENTIOSTAT_26/logs_hrahimi/logs0/Job56.log", "event": "started", "task": "simulation"}
[2026-05-27 11:52:27.140 Z] [INFO] [cadence.virtuoso.ade.simulationMonitor] - Notice from spectre in `vert10':`I0.Q3(30)', in `fecg_bandgap3_layout':`I0', during Monte Carlo analysis `mc1'.
    I0.Q3(30).bjtinsub: `rbm' has the unusually small value of 940.116 mOhm.
    I0.Q3(30).bjtinsub: `minr' has the unusually small value of 10 fOhm. {"history": "MonteCarlo.1", "point": 74, "testname": "TRAN_VDD_MC", "cornername": "Nominal"}
[2026-05-27 11:52:27.142 Z] [INFO] [cadence.virtuoso.ade.simulationMonitor] - Notice from spectre in `vert10':`I0.Q3(29)', in `fecg_bandgap3_layout':`I0', during Monte Carlo analysis `mc1'.
    I0.Q3(29).bjtinsub: `rbm' has the unusually small value of 940.116 mOhm.
    I0.Q3(29).bjtinsub: `minr' has the unusually small value of 10 fOhm. {"history": "MonteCarlo.1", "point": 74, "testname": "TRAN_VDD_MC", "cornername": "Nominal"}
[2026-05-27 11:52:27.143 Z] [INFO] [cadence.virtuoso.ade.simulationMonitor] - Notice from spectre in `vert10':`I0.Q3(28)', in `fecg_bandgap3_layout':`I0', during Monte Carlo analysis `mc1'.
    I0.Q3(28).bjtinsub: `rbm' has the unusually small value of 940.116 mOhm.
        Further occurrences of this notice will be suppressed. {"history": "MonteCarlo.1", "point": 74, "testname": "TRAN_VDD_MC", "cornername": "Nominal"}
[2026-05-27 11:52:27.144 Z] [INFO] [cadence.virtuoso.ade.simulationMonitor] - Notice from spectre during IC analysis, during transient analysis `tran', during Monte Carlo analysis `mc1'.
    GminDC = 1 pS is large enough to noticeably affect the DC solution.
        dV(I0.208\:S) = 3.92545 uV
        Use the `gmin_check' option to eliminate or expand this report.
    Bad pivoting is found during DC analysis. Option dc_pivot_check=yes is recommended for possible improvement of convergence. {"history": "MonteCarlo.1", "point": 74, "testname": "TRAN_VDD_MC", "cornername": "Nominal"}
[2026-05-27 11:52:27.144 Z] [WARN] [cadence.virtuoso.ade.simulationMonitor] -     WARNING (CMI-2943): Parameter checks have been ignored because the valid value for parameter 'trise' could not be found in 'C0'. {"history": "MonteCarlo.1", "point": 74, "testname": "TRAN_VDD_MC", "cornername": "Nominal"}
[2026-05-27 11:52:27.145 Z] [WARN] [cadence.virtuoso.ade.simulationMonitor] -     WARNING (CMI-2943): Parameter checks have been ignored because the valid value for parameter 'trise' could not be found in 'I0.R44.CM'. {"history": "MonteCarlo.1", "point": 74, "testname": "TRAN_VDD_MC", "cornername": "Nominal"}
[2026-05-27 11:52:27.146 Z] [WARN] [cadence.virtuoso.ade.simulationMonitor] -     WARNING (CMI-2943): Parameter checks have been ignored because the valid value for parameter 'trise' could not be found in 'I0.R44.CS1'. {"history": "MonteCarlo.1", "point": 74, "testname": "TRAN_VDD_MC", "cornername": "Nominal"}
[2026-05-27 11:52:27.146 Z] [WARN] [cadence.virtuoso.ade.simulationMonitor] -     WARNING (CMI-2943): Parameter checks have been ignored because the valid value for parameter 'trise' could not be found in 'I0.R44.CS0'. {"history": "MonteCarlo.1", "point": 74, "testname": "TRAN_VDD_MC", "cornername": "Nominal"}
[2026-05-27 11:52:27.147 Z] [WARN] [cadence.virtuoso.ade.simulationMonitor] -     WARNING (CMI-2943): Parameter checks have been ignored because the valid value for parameter 'trise' could not be found in 'I0.R23.CM'.
        Further occurrences of this warning will be suppressed. {"history": "MonteCarlo.1", "point": 74, "testname": "TRAN_VDD_MC", "cornername": "Nominal"}
[2026-05-27 11:52:27.147 Z] [INFO] [cadence.virtuoso.ade.simulationMonitor] - Total time required for tran analysis `tran': CPU = 745.883 ms, elapsed = 418.992 ms, util. = 178%. {"history": "MonteCarlo.1", "point": 74, "testname": "TRAN_VDD_MC", "cornername": "Nominal"}
[2026-05-27 11:52:27.148 Z] [INFO] [cadence.virtuoso.ade.simulationMonitor] - Peak resident memory used = 268 Mbytes. {"history": "MonteCarlo.1", "point": 74, "testname": "TRAN_VDD_MC", "cornername": "Nominal"}
[2026-05-27 11:52:27.148 Z] [INFO] [cadence.virtuoso.ade.simulationMonitor] - Notice from spectre during transient analysis `tran', during Monte Carlo analysis `mc1'.
    121 notices suppressed.
    137 warnings suppressed. {"history": "MonteCarlo.1", "point": 74, "testname": "TRAN_VDD_MC", "cornername": "Nominal"}
[2026-05-27 11:52:27.149 Z] [PROCESS] [cadence.virtuoso.ade.simulationMonitor] - Finished simulating for one iteration {"hostname": "il2244vt26_hrahimi", "processid": 312015, "history": "MonteCarlo.1", "testname": "TRAN_VDD_MC", "cornername": "Nominal", "point": 74, "logfile": "/home/hrahimi/projects/POTENTIOSTAT_26/logs_hrahimi/logs0/Job56.log", "simid": "1"}
[2026-05-27 11:52:27.149 Z] [PROCESS] [cadence.virtuoso.ade.simulationMonitor] - Started Simulation {"hostname": "il2244vt26_hrahimi", "processid": 312015, "history": "MonteCarlo.1", "testname": "TRAN_VDD_MC", "cornername": "Nominal", "point": 75, "logfile": "/home/hrahimi/projects/POTENTIOSTAT_26/logs_hrahimi/logs0/Job56.log", "event": "started", "task": "simulation"}
[2026-05-27 11:52:27.650 Z] [INFO] [cadence.virtuoso.ade.simulationMonitor] - Notice from spectre in `vert10':`I0.Q3(30)', in `fecg_bandgap3_layout':`I0', during Monte Carlo analysis `mc1'.
    I0.Q3(30).bjtinsub: `minr' has the unusually small value of 10 fOhm. {"history": "MonteCarlo.1", "point": 75, "testname": "TRAN_VDD_MC", "cornername": "Nominal"}
[2026-05-27 11:52:27.651 Z] [INFO] [cadence.virtuoso.ade.simulationMonitor] - Notice from spectre in `vert10':`I0.Q3(29)', in `fecg_bandgap3_layout':`I0', during Monte Carlo analysis `mc1'.
    I0.Q3(29).bjtinsub: `minr' has the unusually small value of 10 fOhm. {"history": "MonteCarlo.1", "point": 75, "testname": "TRAN_VDD_MC", "cornername": "Nominal"}
[2026-05-27 11:52:27.651 Z] [INFO] [cadence.virtuoso.ade.simulationMonitor] - Notice from spectre in `vert10':`I0.Q3(28)', in `fecg_bandgap3_layout':`I0', during Monte Carlo analysis `mc1'.
    I0.Q3(28).bjtinsub: `minr' has the unusually small value of 10 fOhm. {"history": "MonteCarlo.1", "point": 75, "testname": "TRAN_VDD_MC", "cornername": "Nominal"}
[2026-05-27 11:52:27.651 Z] [INFO] [cadence.virtuoso.ade.simulationMonitor] - Notice from spectre in `vert10':`I0.Q3(27)', in `fecg_bandgap3_layout':`I0', during Monte Carlo analysis `mc1'.
    I0.Q3(27).bjtinsub: `minr' has the unusually small value of 10 fOhm. {"history": "MonteCarlo.1", "point": 75, "testname": "TRAN_VDD_MC", "cornername": "Nominal"}
[2026-05-27 11:52:27.652 Z] [INFO] [cadence.virtuoso.ade.simulationMonitor] - Notice from spectre in `vert10':`I0.Q3(26)', in `fecg_bandgap3_layout':`I0', during Monte Carlo analysis `mc1'.
    I0.Q3(26).bjtinsub: `minr' has the unusually small value of 10 fOhm.
        Further occurrences of this notice will be suppressed. {"history": "MonteCarlo.1", "point": 75, "testname": "TRAN_VDD_MC", "cornername": "Nominal"}
[2026-05-27 11:52:27.652 Z] [INFO] [cadence.virtuoso.ade.simulationMonitor] - Notice from spectre during IC analysis, during transient analysis `tran', during Monte Carlo analysis `mc1'.
    GminDC = 1 pS is large enough to noticeably affect the DC solution.
        dV(I0.208\:S) = -7.9108 uV
        Use the `gmin_check' option to eliminate or expand this report.
    Bad pivoting is found during DC analysis. Option dc_pivot_check=yes is recommended for possible improvement of convergence. {"history": "MonteCarlo.1", "point": 75, "testname": "TRAN_VDD_MC", "cornername": "Nominal"}
[2026-05-27 11:52:27.652 Z] [WARN] [cadence.virtuoso.ade.simulationMonitor] -     WARNING (CMI-2943): Parameter checks have been ignored because the valid value for parameter 'trise' could not be found in 'C0'. {"history": "MonteCarlo.1", "point": 75, "testname": "TRAN_VDD_MC", "cornername": "Nominal"}
[2026-05-27 11:52:27.652 Z] [WARN] [cadence.virtuoso.ade.simulationMonitor] -     WARNING (CMI-2943): Parameter checks have been ignored because the valid value for parameter 'trise' could not be found in 'I0.R44.CM'. {"history": "MonteCarlo.1", "point": 75, "testname": "TRAN_VDD_MC", "cornername": "Nominal"}
[2026-05-27 11:52:27.653 Z] [WARN] [cadence.virtuoso.ade.simulationMonitor] -     WARNING (CMI-2943): Parameter checks have been ignored because the valid value for parameter 'trise' could not be found in 'I0.R44.CS1'. {"history": "MonteCarlo.1", "point": 75, "testname": "TRAN_VDD_MC", "cornername": "Nominal"}
[2026-05-27 11:52:27.653 Z] [WARN] [cadence.virtuoso.ade.simulationMonitor] -     WARNING (CMI-2943): Parameter checks have been ignored because the valid value for parameter 'trise' could not be found in 'I0.R44.CS0'. {"history": "MonteCarlo.1", "point": 75, "testname": "TRAN_VDD_MC", "cornername": "Nominal"}
[2026-05-27 11:52:27.654 Z] [WARN] [cadence.virtuoso.ade.simulationMonitor] -     WARNING (CMI-2943): Parameter checks have been ignored because the valid value for parameter 'trise' could not be found in 'I0.R23.CM'.
        Further occurrences of this warning will be suppressed. {"history": "MonteCarlo.1", "point": 75, "testname": "TRAN_VDD_MC", "cornername": "Nominal"}
[2026-05-27 11:52:27.654 Z] [PROCESS] [cadence.virtuoso.ade.simulationMonitor] - Finished simulating for one iteration {"hostname": "il2244vt26_hrahimi", "processid": 312015, "history": "MonteCarlo.1", "testname": "TRAN_VDD_MC", "cornername": "Nominal", "point": 75, "logfile": "/home/hrahimi/projects/POTENTIOSTAT_26/logs_hrahimi/logs0/Job56.log", "simid": "1"}
[2026-05-27 11:52:27.654 Z] [PROCESS] [cadence.virtuoso.ade.simulationMonitor] - Started Simulation {"hostname": "il2244vt26_hrahimi", "processid": 312015, "history": "MonteCarlo.1", "testname": "TRAN_VDD_MC", "cornername": "Nominal", "point": 76, "logfile": "/home/hrahimi/projects/POTENTIOSTAT_26/logs_hrahimi/logs0/Job56.log", "event": "started", "task": "simulation"}
[2026-05-27 11:52:28.155 Z] [INFO] [cadence.virtuoso.ade.simulationMonitor] - Total time required for tran analysis `tran': CPU = 827.528 ms, elapsed = 386.103 ms, util. = 214%. {"history": "MonteCarlo.1", "point": 76, "testname": "TRAN_VDD_MC", "cornername": "Nominal"}
[2026-05-27 11:52:28.156 Z] [INFO] [cadence.virtuoso.ade.simulationMonitor] - Peak resident memory used = 268 Mbytes. {"history": "MonteCarlo.1", "point": 76, "testname": "TRAN_VDD_MC", "cornername": "Nominal"}
[2026-05-27 11:52:28.157 Z] [INFO] [cadence.virtuoso.ade.simulationMonitor] - Notice from spectre during transient analysis `tran', during Monte Carlo analysis `mc1'.
    58 notices suppressed.
    137 warnings suppressed. {"history": "MonteCarlo.1", "point": 76, "testname": "TRAN_VDD_MC", "cornername": "Nominal"}
[2026-05-27 11:52:28.158 Z] [INFO] [cadence.virtuoso.ade.simulationMonitor] - Notice from spectre in `vert10':`I0.Q3(30)', in `fecg_bandgap3_layout':`I0', during Monte Carlo analysis `mc1'.
    I0.Q3(30).bjtinsub: `minr' has the unusually small value of 10 fOhm. {"history": "MonteCarlo.1", "point": 76, "testname": "TRAN_VDD_MC", "cornername": "Nominal"}
[2026-05-27 11:52:28.158 Z] [INFO] [cadence.virtuoso.ade.simulationMonitor] - Notice from spectre in `vert10':`I0.Q3(29)', in `fecg_bandgap3_layout':`I0', during Monte Carlo analysis `mc1'.
    I0.Q3(29).bjtinsub: `minr' has the unusually small value of 10 fOhm. {"history": "MonteCarlo.1", "point": 76, "testname": "TRAN_VDD_MC", "cornername": "Nominal"}
[2026-05-27 11:52:28.159 Z] [INFO] [cadence.virtuoso.ade.simulationMonitor] - Notice from spectre in `vert10':`I0.Q3(28)', in `fecg_bandgap3_layout':`I0', during Monte Carlo analysis `mc1'.
    I0.Q3(28).bjtinsub: `minr' has the unusually small value of 10 fOhm. {"history": "MonteCarlo.1", "point": 76, "testname": "TRAN_VDD_MC", "cornername": "Nominal"}
[2026-05-27 11:52:28.159 Z] [INFO] [cadence.virtuoso.ade.simulationMonitor] - Notice from spectre in `vert10':`I0.Q3(27)', in `fecg_bandgap3_layout':`I0', during Monte Carlo analysis `mc1'.
    I0.Q3(27).bjtinsub: `minr' has the unusually small value of 10 fOhm. {"history": "MonteCarlo.1", "point": 76, "testname": "TRAN_VDD_MC", "cornername": "Nominal"}
[2026-05-27 11:52:28.159 Z] [INFO] [cadence.virtuoso.ade.simulationMonitor] - Notice from spectre in `vert10':`I0.Q3(26)', in `fecg_bandgap3_layout':`I0', during Monte Carlo analysis `mc1'.
    I0.Q3(26).bjtinsub: `minr' has the unusually small value of 10 fOhm.
        Further occurrences of this notice will be suppressed. {"history": "MonteCarlo.1", "point": 76, "testname": "TRAN_VDD_MC", "cornername": "Nominal"}
[2026-05-27 11:52:28.160 Z] [INFO] [cadence.virtuoso.ade.simulationMonitor] - Notice from spectre during IC analysis, during transient analysis `tran', during Monte Carlo analysis `mc1'.
    Bad pivoting is found during DC analysis. Option dc_pivot_check=yes is recommended for possible improvement of convergence. {"history": "MonteCarlo.1", "point": 76, "testname": "TRAN_VDD_MC", "cornername": "Nominal"}
[2026-05-27 11:52:28.160 Z] [WARN] [cadence.virtuoso.ade.simulationMonitor] -     WARNING (CMI-2943): Parameter checks have been ignored because the valid value for parameter 'trise' could not be found in 'C0'. {"history": "MonteCarlo.1", "point": 76, "testname": "TRAN_VDD_MC", "cornername": "Nominal"}
[2026-05-27 11:52:28.161 Z] [WARN] [cadence.virtuoso.ade.simulationMonitor] -     WARNING (CMI-2943): Parameter checks have been ignored because the valid value for parameter 'trise' could not be found in 'I0.R44.CM'. {"history": "MonteCarlo.1", "point": 76, "testname": "TRAN_VDD_MC", "cornername": "Nominal"}
[2026-05-27 11:52:28.161 Z] [WARN] [cadence.virtuoso.ade.simulationMonitor] -     WARNING (CMI-2943): Parameter checks have been ignored because the valid value for parameter 'trise' could not be found in 'I0.R44.CS1'. {"history": "MonteCarlo.1", "point": 76, "testname": "TRAN_VDD_MC", "cornername": "Nominal"}
[2026-05-27 11:52:28.162 Z] [WARN] [cadence.virtuoso.ade.simulationMonitor] -     WARNING (CMI-2943): Parameter checks have been ignored because the valid value for parameter 'trise' could not be found in 'I0.R44.CS0'. {"history": "MonteCarlo.1", "point": 76, "testname": "TRAN_VDD_MC", "cornername": "Nominal"}
[2026-05-27 11:52:28.162 Z] [WARN] [cadence.virtuoso.ade.simulationMonitor] -     WARNING (CMI-2943): Parameter checks have been ignored because the valid value for parameter 'trise' could not be found in 'I0.R23.CM'.
        Further occurrences of this warning will be suppressed. {"history": "MonteCarlo.1", "point": 76, "testname": "TRAN_VDD_MC", "cornername": "Nominal"}
[2026-05-27 11:52:28.663 Z] [INFO] [cadence.virtuoso.ade.simulationMonitor] - Total time required for tran analysis `tran': CPU = 906.196 ms, elapsed = 499.764 ms, util. = 181%. {"history": "MonteCarlo.1", "point": 76, "testname": "TRAN_VDD_MC", "cornername": "Nominal"}
[2026-05-27 11:52:28.664 Z] [INFO] [cadence.virtuoso.ade.simulationMonitor] - Peak resident memory used = 268 Mbytes. {"history": "MonteCarlo.1", "point": 76, "testname": "TRAN_VDD_MC", "cornername": "Nominal"}
[2026-05-27 11:52:28.665 Z] [INFO] [cadence.virtuoso.ade.simulationMonitor] - Notice from spectre during transient analysis `tran', during Monte Carlo analysis `mc1'.
    58 notices suppressed.
    137 warnings suppressed. {"history": "MonteCarlo.1", "point": 76, "testname": "TRAN_VDD_MC", "cornername": "Nominal"}
[2026-05-27 11:52:28.666 Z] [INFO] [cadence.virtuoso.ade.simulationMonitor] - Notice from spectre in `vert10':`I0.Q3(30)', in `fecg_bandgap3_layout':`I0', during Monte Carlo analysis `mc1'.
    I0.Q3(30).bjtinsub: `rbm' has the unusually small value of 915.116 mOhm.
    I0.Q3(30).bjtinsub: `minr' has the unusually small value of 10 fOhm. {"history": "MonteCarlo.1", "point": 76, "testname": "TRAN_VDD_MC", "cornername": "Nominal"}
[2026-05-27 11:52:28.666 Z] [INFO] [cadence.virtuoso.ade.simulationMonitor] - Notice from spectre in `vert10':`I0.Q3(29)', in `fecg_bandgap3_layout':`I0', during Monte Carlo analysis `mc1'.
    I0.Q3(29).bjtinsub: `rbm' has the unusually small value of 915.116 mOhm.
    I0.Q3(29).bjtinsub: `minr' has the unusually small value of 10 fOhm. {"history": "MonteCarlo.1", "point": 76, "testname": "TRAN_VDD_MC", "cornername": "Nominal"}
[2026-05-27 11:52:28.667 Z] [INFO] [cadence.virtuoso.ade.simulationMonitor] - Notice from spectre in `vert10':`I0.Q3(28)', in `fecg_bandgap3_layout':`I0', during Monte Carlo analysis `mc1'.
    I0.Q3(28).bjtinsub: `rbm' has the unusually small value of 915.116 mOhm.
        Further occurrences of this notice will be suppressed. {"history": "MonteCarlo.1", "point": 76, "testname": "TRAN_VDD_MC", "cornername": "Nominal"}
[2026-05-27 11:52:28.668 Z] [INFO] [cadence.virtuoso.ade.simulationMonitor] - Notice from spectre during IC analysis, during transient analysis `tran', during Monte Carlo analysis `mc1'.
    GminDC = 1 pS is large enough to noticeably affect the DC solution.
        dV(I0.208\:S) = 12.1409 uV
        Use the `gmin_check' option to eliminate or expand this report.
    Bad pivoting is found during DC analysis. Option dc_pivot_check=yes is recommended for possible improvement of convergence. {"history": "MonteCarlo.1", "point": 76, "testname": "TRAN_VDD_MC", "cornername": "Nominal"}
[2026-05-27 11:52:28.668 Z] [WARN] [cadence.virtuoso.ade.simulationMonitor] -     WARNING (CMI-2943): Parameter checks have been ignored because the valid value for parameter 'trise' could not be found in 'C0'. {"history": "MonteCarlo.1", "point": 76, "testname": "TRAN_VDD_MC", "cornername": "Nominal"}
[2026-05-27 11:52:28.669 Z] [WARN] [cadence.virtuoso.ade.simulationMonitor] -     WARNING (CMI-2943): Parameter checks have been ignored because the valid value for parameter 'trise' could not be found in 'I0.R44.CM'. {"history": "MonteCarlo.1", "point": 76, "testname": "TRAN_VDD_MC", "cornername": "Nominal"}
[2026-05-27 11:52:28.669 Z] [WARN] [cadence.virtuoso.ade.simulationMonitor] -     WARNING (CMI-2943): Parameter checks have been ignored because the valid value for parameter 'trise' could not be found in 'I0.R44.CS1'. {"history": "MonteCarlo.1", "point": 76, "testname": "TRAN_VDD_MC", "cornername": "Nominal"}
[2026-05-27 11:52:28.670 Z] [WARN] [cadence.virtuoso.ade.simulationMonitor] -     WARNING (CMI-2943): Parameter checks have been ignored because the valid value for parameter 'trise' could not be found in 'I0.R44.CS0'. {"history": "MonteCarlo.1", "point": 76, "testname": "TRAN_VDD_MC", "cornername": "Nominal"}
[2026-05-27 11:52:28.670 Z] [WARN] [cadence.virtuoso.ade.simulationMonitor] -     WARNING (CMI-2943): Parameter checks have been ignored because the valid value for parameter 'trise' could not be found in 'I0.R23.CM'.
        Further occurrences of this warning will be suppressed. {"history": "MonteCarlo.1", "point": 76, "testname": "TRAN_VDD_MC", "cornername": "Nominal"}
[2026-05-27 11:52:28.671 Z] [PROCESS] [cadence.virtuoso.ade.simulationMonitor] - Finished simulating for one iteration {"hostname": "il2244vt26_hrahimi", "processid": 312015, "history": "MonteCarlo.1", "testname": "TRAN_VDD_MC", "cornername": "Nominal", "point": 76, "logfile": "/home/hrahimi/projects/POTENTIOSTAT_26/logs_hrahimi/logs0/Job56.log", "simid": "1"}
[2026-05-27 11:52:28.671 Z] [PROCESS] [cadence.virtuoso.ade.simulationMonitor] - Started Simulation {"hostname": "il2244vt26_hrahimi", "processid": 312015, "history": "MonteCarlo.1", "testname": "TRAN_VDD_MC", "cornername": "Nominal", "point": 77, "logfile": "/home/hrahimi/projects/POTENTIOSTAT_26/logs_hrahimi/logs0/Job56.log", "event": "started", "task": "simulation"}
[2026-05-27 11:52:29.178 Z] [INFO] [cadence.virtuoso.ade.simulationMonitor] - Total time required for tran analysis `tran': CPU = 806.846 ms, elapsed = 431.493 ms, util. = 187%. {"history": "MonteCarlo.1", "point": 77, "testname": "TRAN_VDD_MC", "cornername": "Nominal"}
[2026-05-27 11:52:29.179 Z] [INFO] [cadence.virtuoso.ade.simulationMonitor] - Peak resident memory used = 271 Mbytes. {"history": "MonteCarlo.1", "point": 77, "testname": "TRAN_VDD_MC", "cornername": "Nominal"}
[2026-05-27 11:52:29.180 Z] [INFO] [cadence.virtuoso.ade.simulationMonitor] - Notice from spectre during transient analysis `tran', during Monte Carlo analysis `mc1'.
    121 notices suppressed.
    137 warnings suppressed. {"history": "MonteCarlo.1", "point": 77, "testname": "TRAN_VDD_MC", "cornername": "Nominal"}
[2026-05-27 11:52:29.181 Z] [INFO] [cadence.virtuoso.ade.simulationMonitor] - Notice from spectre in `vert10':`I0.Q3(30)', in `fecg_bandgap3_layout':`I0', during Monte Carlo analysis `mc1'.
    I0.Q3(30).bjtinsub: `minr' has the unusually small value of 10 fOhm. {"history": "MonteCarlo.1", "point": 77, "testname": "TRAN_VDD_MC", "cornername": "Nominal"}
[2026-05-27 11:52:29.182 Z] [INFO] [cadence.virtuoso.ade.simulationMonitor] - Notice from spectre in `vert10':`I0.Q3(29)', in `fecg_bandgap3_layout':`I0', during Monte Carlo analysis `mc1'.
    I0.Q3(29).bjtinsub: `minr' has the unusually small value of 10 fOhm. {"history": "MonteCarlo.1", "point": 77, "testname": "TRAN_VDD_MC", "cornername": "Nominal"}
[2026-05-27 11:52:29.183 Z] [INFO] [cadence.virtuoso.ade.simulationMonitor] - Notice from spectre in `vert10':`I0.Q3(28)', in `fecg_bandgap3_layout':`I0', during Monte Carlo analysis `mc1'.
    I0.Q3(28).bjtinsub: `minr' has the unusually small value of 10 fOhm. {"history": "MonteCarlo.1", "point": 77, "testname": "TRAN_VDD_MC", "cornername": "Nominal"}
[2026-05-27 11:52:29.183 Z] [INFO] [cadence.virtuoso.ade.simulationMonitor] - Notice from spectre in `vert10':`I0.Q3(27)', in `fecg_bandgap3_layout':`I0', during Monte Carlo analysis `mc1'.
    I0.Q3(27).bjtinsub: `minr' has the unusually small value of 10 fOhm. {"history": "MonteCarlo.1", "point": 77, "testname": "TRAN_VDD_MC", "cornername": "Nominal"}
[2026-05-27 11:52:29.184 Z] [INFO] [cadence.virtuoso.ade.simulationMonitor] - Notice from spectre in `vert10':`I0.Q3(26)', in `fecg_bandgap3_layout':`I0', during Monte Carlo analysis `mc1'.
    I0.Q3(26).bjtinsub: `minr' has the unusually small value of 10 fOhm.
        Further occurrences of this notice will be suppressed. {"history": "MonteCarlo.1", "point": 77, "testname": "TRAN_VDD_MC", "cornername": "Nominal"}
[2026-05-27 11:52:29.185 Z] [PROCESS] [cadence.virtuoso.ade.simulationMonitor] - Finished simulating for one iteration {"hostname": "il2244vt26_hrahimi", "processid": 312015, "history": "MonteCarlo.1", "testname": "TRAN_VDD_MC", "cornername": "Nominal", "point": 77, "logfile": "/home/hrahimi/projects/POTENTIOSTAT_26/logs_hrahimi/logs0/Job56.log", "simid": "1"}
[2026-05-27 11:52:29.186 Z] [PROCESS] [cadence.virtuoso.ade.simulationMonitor] - Started Simulation {"hostname": "il2244vt26_hrahimi", "processid": 312015, "history": "MonteCarlo.1", "testname": "TRAN_VDD_MC", "cornername": "Nominal", "point": 78, "logfile": "/home/hrahimi/projects/POTENTIOSTAT_26/logs_hrahimi/logs0/Job56.log", "event": "started", "task": "simulation"}
[2026-05-27 11:52:29.687 Z] [INFO] [cadence.virtuoso.ade.simulationMonitor] - Notice from spectre during IC analysis, during transient analysis `tran', during Monte Carlo analysis `mc1'.
    GminDC = 1 pS is large enough to noticeably affect the DC solution.
        dV(I0.227\:S) = -12.5404 uV
        Use the `gmin_check' option to eliminate or expand this report.
    Bad pivoting is found during DC analysis. Option dc_pivot_check=yes is recommended for possible improvement of convergence. {"history": "MonteCarlo.1", "point": 78, "testname": "TRAN_VDD_MC", "cornername": "Nominal"}
[2026-05-27 11:52:29.688 Z] [WARN] [cadence.virtuoso.ade.simulationMonitor] -     WARNING (CMI-2943): Parameter checks have been ignored because the valid value for parameter 'trise' could not be found in 'C0'. {"history": "MonteCarlo.1", "point": 78, "testname": "TRAN_VDD_MC", "cornername": "Nominal"}
[2026-05-27 11:52:29.689 Z] [WARN] [cadence.virtuoso.ade.simulationMonitor] -     WARNING (CMI-2943): Parameter checks have been ignored because the valid value for parameter 'trise' could not be found in 'I0.R44.CM'. {"history": "MonteCarlo.1", "point": 78, "testname": "TRAN_VDD_MC", "cornername": "Nominal"}
[2026-05-27 11:52:29.690 Z] [WARN] [cadence.virtuoso.ade.simulationMonitor] -     WARNING (CMI-2943): Parameter checks have been ignored because the valid value for parameter 'trise' could not be found in 'I0.R44.CS1'. {"history": "MonteCarlo.1", "point": 78, "testname": "TRAN_VDD_MC", "cornername": "Nominal"}
[2026-05-27 11:52:29.690 Z] [WARN] [cadence.virtuoso.ade.simulationMonitor] -     WARNING (CMI-2943): Parameter checks have been ignored because the valid value for parameter 'trise' could not be found in 'I0.R44.CS0'. {"history": "MonteCarlo.1", "point": 78, "testname": "TRAN_VDD_MC", "cornername": "Nominal"}
[2026-05-27 11:52:29.691 Z] [WARN] [cadence.virtuoso.ade.simulationMonitor] -     WARNING (CMI-2943): Parameter checks have been ignored because the valid value for parameter 'trise' could not be found in 'I0.R23.CM'.
        Further occurrences of this warning will be suppressed. {"history": "MonteCarlo.1", "point": 78, "testname": "TRAN_VDD_MC", "cornername": "Nominal"}
[2026-05-27 11:52:29.692 Z] [PROCESS] [cadence.virtuoso.ade.simulationMonitor] - Finished simulating for one iteration {"hostname": "il2244vt26_hrahimi", "processid": 312015, "history": "MonteCarlo.1", "testname": "TRAN_VDD_MC", "cornername": "Nominal", "point": 78, "logfile": "/home/hrahimi/projects/POTENTIOSTAT_26/logs_hrahimi/logs0/Job56.log", "simid": "1"}
[2026-05-27 11:52:30.194 Z] [INFO] [cadence.virtuoso.ade.simulationMonitor] - Total time required for tran analysis `tran': CPU = 851.329 ms, elapsed = 564.394 ms, util. = 151%. {"history": "MonteCarlo.1", "point": 78, "testname": "TRAN_VDD_MC", "cornername": "Nominal"}
[2026-05-27 11:52:30.195 Z] [INFO] [cadence.virtuoso.ade.simulationMonitor] - Peak resident memory used = 271 Mbytes. {"history": "MonteCarlo.1", "point": 78, "testname": "TRAN_VDD_MC", "cornername": "Nominal"}
[2026-05-27 11:52:30.195 Z] [INFO] [cadence.virtuoso.ade.simulationMonitor] - Notice from spectre during transient analysis `tran', during Monte Carlo analysis `mc1'.
    58 notices suppressed.
    137 warnings suppressed. {"history": "MonteCarlo.1", "point": 78, "testname": "TRAN_VDD_MC", "cornername": "Nominal"}
[2026-05-27 11:52:30.196 Z] [INFO] [cadence.virtuoso.ade.simulationMonitor] - Total time required for montecarlo analysis `mc1': CPU = 12.8069 s, elapsed = 7.86494 s, util. = 163%. {"history": "MonteCarlo.1", "point": 78, "testname": "TRAN_VDD_MC", "cornername": "Nominal"}
[2026-05-27 11:52:30.196 Z] [INFO] [cadence.virtuoso.ade.simulationMonitor] - Peak resident memory used = 271 Mbytes. {"history": "MonteCarlo.1", "point": 78, "testname": "TRAN_VDD_MC", "cornername": "Nominal"}
[2026-05-27 11:52:30.197 Z] [INFO] [cadence.virtuoso.ade.simulationMonitor] - Time used: CPU = 14.1 s, elapsed = 9.91 s, util. = 143%. {"history": "MonteCarlo.1", "point": 78, "testname": "TRAN_VDD_MC", "cornername": "Nominal"}
[2026-05-27 11:52:30.197 Z] [INFO] [cadence.virtuoso.ade.simulationMonitor] - Time spent in licensing: elapsed = 105 ms. {"history": "MonteCarlo.1", "point": 78, "testname": "TRAN_VDD_MC", "cornername": "Nominal"}
[2026-05-27 11:52:30.199 Z] [INFO] [cadence.virtuoso.ade.simulationMonitor] - Peak memory used = 271 Mbytes. {"history": "MonteCarlo.1", "point": 78, "testname": "TRAN_VDD_MC", "cornername": "Nominal"}
[2026-05-27 11:52:30.201 Z] [PROCESS] [cadence.virtuoso.ade.simulationMonitor] - Simulation started at: 11:52:19 AM, Wed May 27, 2026, ended at: 11:52:29 AM, Wed May 27, 2026, with elapsed time (wall clock): 9.91 s. {"history": "MonteCarlo.1", "point": 66, "testname": "TRAN_VDD_MC", "cornername": "Nominal", "Points": "66 67 68 69 70 71 72 73 74 75 76 77 78 "}
[2026-05-27 11:52:30.201 Z] [PROCESS] [cadence.virtuoso.ade.simulationMonitor] - spectre completes with 0 errors, 99 warnings, and 127 notices. {"history": "MonteCarlo.1", "point": 66, "testname": "TRAN_VDD_MC", "cornername": "Nominal", "Points": "66 67 68 69 70 71 72 73 74 75 76 77 78 "}
[2026-05-27 11:52:30.202 Z] [PROCESS] [cadence.virtuoso.ade.simulationMonitor] - Simulator exited {"hostname": "il2244vt26_hrahimi", "processid": 312015, "history": "MonteCarlo.1", "testname": "TRAN_VDD_MC", "cornername": "Nominal", "point": 78, "logfile": "/home/hrahimi/projects/POTENTIOSTAT_26/logs_hrahimi/logs0/Job56.log", "exitStatus": "0"}
[2026-05-27 11:52:30.203 Z] [PROCESS] [cadence.virtuoso.ade.simulationMonitor] - Finished Simulation {"hostname": "il2244vt26_hrahimi", "processid": 312015, "history": "MonteCarlo.1", "testname": "TRAN_VDD_MC", "cornername": "Nominal", "point": 66, "logfile": "/home/hrahimi/projects/POTENTIOSTAT_26/logs_hrahimi/logs0/Job56.log", "simid": "1"}
[2026-05-27 11:52:49.261 Z] [PROCESS] [cadence.virtuoso.ade.simulationMonitor] - Point Finished {"hostname": "il2244vt26_hrahimi", "processid": 312015, "history": "MonteCarlo.1", "testname": "TRAN_VDD_MC", "cornername": "Nominal", "point": 66, "logfile": "/home/hrahimi/projects/POTENTIOSTAT_26/logs_hrahimi/logs0/Job56.log"}
[2026-05-27 11:52:50.269 Z] [PROCESS] [cadence.virtuoso.ade.simulationMonitor] - Stay with the runId '6', Linger time '300', currentRunSyn '13', currentTestSyn '14' {"hostname": "il2244vt26_hrahimi", "processid": 312015, "history": "MonteCarlo.1", "testname": "TRAN_VDD_MC", "cornername": "Nominal", "point": 66, "logfile": "/home/hrahimi/projects/POTENTIOSTAT_26/logs_hrahimi/logs0/Job56.log"}
[2026-05-27 11:52:51.269 Z] [PROCESS] [cadence.virtuoso.ade.simulationMonitor] - Stay with the runId '6', Linger time '300', currentRunSyn '13', currentTestSyn '14' {"hostname": "il2244vt26_hrahimi", "processid": 312015, "history": "MonteCarlo.1", "testname": "TRAN_VDD_MC", "cornername": "Nominal", "point": 66, "logfile": "/home/hrahimi/projects/POTENTIOSTAT_26/logs_hrahimi/logs0/Job56.log"}
[2026-05-27 11:52:52.270 Z] [PROCESS] [cadence.virtuoso.ade.simulationMonitor] - Stay with the runId '6', Linger time '300', currentRunSyn '13', currentTestSyn '14' {"hostname": "il2244vt26_hrahimi", "processid": 312015, "history": "MonteCarlo.1", "testname": "TRAN_VDD_MC", "cornername": "Nominal", "point": 66, "logfile": "/home/hrahimi/projects/POTENTIOSTAT_26/logs_hrahimi/logs0/Job56.log"}
[2026-05-27 11:52:53.272 Z] [PROCESS] [cadence.virtuoso.ade.simulationMonitor] - Stay with the runId '6', Linger time '300', currentRunSyn '13', currentTestSyn '14' {"hostname": "il2244vt26_hrahimi", "processid": 312015, "history": "MonteCarlo.1", "testname": "TRAN_VDD_MC", "cornername": "Nominal", "point": 66, "logfile": "/home/hrahimi/projects/POTENTIOSTAT_26/logs_hrahimi/logs0/Job56.log"}
[2026-05-27 11:52:54.274 Z] [PROCESS] [cadence.virtuoso.ade.simulationMonitor] - Stay with the runId '6', Linger time '300', currentRunSyn '13', currentTestSyn '14' {"hostname": "il2244vt26_hrahimi", "processid": 312015, "history": "MonteCarlo.1", "testname": "TRAN_VDD_MC", "cornername": "Nominal", "point": 66, "logfile": "/home/hrahimi/projects/POTENTIOSTAT_26/logs_hrahimi/logs0/Job56.log"}
[2026-05-27 11:52:55.275 Z] [PROCESS] [cadence.virtuoso.ade.simulationMonitor] - Stay with the runId '6', Linger time '300', currentRunSyn '13', currentTestSyn '14' {"hostname": "il2244vt26_hrahimi", "processid": 312015, "history": "MonteCarlo.1", "testname": "TRAN_VDD_MC", "cornername": "Nominal", "point": 66, "logfile": "/home/hrahimi/projects/POTENTIOSTAT_26/logs_hrahimi/logs0/Job56.log"}
[2026-05-27 11:52:56.276 Z] [PROCESS] [cadence.virtuoso.ade.simulationMonitor] - Stay with the runId '6', Linger time '300', currentRunSyn '13', currentTestSyn '14' {"hostname": "il2244vt26_hrahimi", "processid": 312015, "history": "MonteCarlo.1", "testname": "TRAN_VDD_MC", "cornername": "Nominal", "point": 66, "logfile": "/home/hrahimi/projects/POTENTIOSTAT_26/logs_hrahimi/logs0/Job56.log"}
[2026-05-27 11:52:57.277 Z] [PROCESS] [cadence.virtuoso.ade.simulationMonitor] - Stay with the runId '6', Linger time '300', currentRunSyn '13', currentTestSyn '14' {"hostname": "il2244vt26_hrahimi", "processid": 312015, "history": "MonteCarlo.1", "testname": "TRAN_VDD_MC", "cornername": "Nominal", "point": 66, "logfile": "/home/hrahimi/projects/POTENTIOSTAT_26/logs_hrahimi/logs0/Job56.log"}
[2026-05-27 11:52:58.277 Z] [PROCESS] [cadence.virtuoso.ade.simulationMonitor] - Stay with the runId '6', Linger time '300', currentRunSyn '13', currentTestSyn '14' {"hostname": "il2244vt26_hrahimi", "processid": 312015, "history": "MonteCarlo.1", "testname": "TRAN_VDD_MC", "cornername": "Nominal", "point": 66, "logfile": "/home/hrahimi/projects/POTENTIOSTAT_26/logs_hrahimi/logs0/Job56.log"}
[2026-05-27 11:52:59.278 Z] [PROCESS] [cadence.virtuoso.ade.simulationMonitor] - Stay with the runId '6', Linger time '300', currentRunSyn '13', currentTestSyn '14' {"hostname": "il2244vt26_hrahimi", "processid": 312015, "history": "MonteCarlo.1", "testname": "TRAN_VDD_MC", "cornername": "Nominal", "point": 66, "logfile": "/home/hrahimi/projects/POTENTIOSTAT_26/logs_hrahimi/logs0/Job56.log"}
[2026-05-27 11:53:00.279 Z] [PROCESS] [cadence.virtuoso.ade.simulationMonitor] - Stay with the runId '6', Linger time '300', currentRunSyn '13', currentTestSyn '14' {"hostname": "il2244vt26_hrahimi", "processid": 312015, "history": "MonteCarlo.1", "testname": "TRAN_VDD_MC", "cornername": "Nominal", "point": 66, "logfile": "/home/hrahimi/projects/POTENTIOSTAT_26/logs_hrahimi/logs0/Job56.log"}
[2026-05-27 11:53:01.279 Z] [PROCESS] [cadence.virtuoso.ade.simulationMonitor] - Stay with the runId '6', Linger time '300', currentRunSyn '13', currentTestSyn '14' {"hostname": "il2244vt26_hrahimi", "processid": 312015, "history": "MonteCarlo.1", "testname": "TRAN_VDD_MC", "cornername": "Nominal", "point": 66, "logfile": "/home/hrahimi/projects/POTENTIOSTAT_26/logs_hrahimi/logs0/Job56.log"}
[2026-05-27 11:53:02.279 Z] [PROCESS] [cadence.virtuoso.ade.simulationMonitor] - Stay with the runId '6', Linger time '300', currentRunSyn '13', currentTestSyn '14' {"hostname": "il2244vt26_hrahimi", "processid": 312015, "history": "MonteCarlo.1", "testname": "TRAN_VDD_MC", "cornername": "Nominal", "point": 66, "logfile": "/home/hrahimi/projects/POTENTIOSTAT_26/logs_hrahimi/logs0/Job56.log"}
[2026-05-27 11:53:03.280 Z] [PROCESS] [cadence.virtuoso.ade.simulationMonitor] - Stay with the runId '6', Linger time '300', currentRunSyn '13', currentTestSyn '14' {"hostname": "il2244vt26_hrahimi", "processid": 312015, "history": "MonteCarlo.1", "testname": "TRAN_VDD_MC", "cornername": "Nominal", "point": 66, "logfile": "/home/hrahimi/projects/POTENTIOSTAT_26/logs_hrahimi/logs0/Job56.log"}
[2026-05-27 11:53:04.281 Z] [PROCESS] [cadence.virtuoso.ade.simulationMonitor] - Stay with the runId '6', Linger time '300', currentRunSyn '13', currentTestSyn '14' {"hostname": "il2244vt26_hrahimi", "processid": 312015, "history": "MonteCarlo.1", "testname": "TRAN_VDD_MC", "cornername": "Nominal", "point": 66, "logfile": "/home/hrahimi/projects/POTENTIOSTAT_26/logs_hrahimi/logs0/Job56.log"}
[2026-05-27 11:53:05.282 Z] [PROCESS] [cadence.virtuoso.ade.simulationMonitor] - Stay with the runId '6', Linger time '300', currentRunSyn '13', currentTestSyn '14' {"hostname": "il2244vt26_hrahimi", "processid": 312015, "history": "MonteCarlo.1", "testname": "TRAN_VDD_MC", "cornername": "Nominal", "point": 66, "logfile": "/home/hrahimi/projects/POTENTIOSTAT_26/logs_hrahimi/logs0/Job56.log"}
[2026-05-27 11:53:06.282 Z] [PROCESS] [cadence.virtuoso.ade.simulationMonitor] - Stay with the runId '6', Linger time '300', currentRunSyn '13', currentTestSyn '14' {"hostname": "il2244vt26_hrahimi", "processid": 312015, "history": "MonteCarlo.1", "testname": "TRAN_VDD_MC", "cornername": "Nominal", "point": 66, "logfile": "/home/hrahimi/projects/POTENTIOSTAT_26/logs_hrahimi/logs0/Job56.log"}
[2026-05-27 11:57:51.109 Z] [PROCESS] [cadence.virtuoso.ade.simulationMonitor] - Current memory used: 53.1133 MBytes, peak memory used: 53.1133 MBytes {"hostname": "il2244vt26_hrahimi", "processid": 312015, "history": "MonteCarlo.1", "testname": "TRAN_VDD_MC", "cornername": "Nominal", "point": 66, "logfile": "/home/hrahimi/projects/POTENTIOSTAT_26/logs_hrahimi/logs0/Job56.log"}
[2026-05-27 11:57:51.110 Z] [PROCESS] [cadence.virtuoso.ade.simulationMonitor] - Simulation Monitor process exit. {"hostname": "il2244vt26_hrahimi", "processid": 312015, "history": "MonteCarlo.1", "testname": "TRAN_VDD_MC", "cornername": "Nominal", "point": 66, "logfile": "/home/hrahimi/projects/POTENTIOSTAT_26/logs_hrahimi/logs0/Job56.log"}
