[Simulation Monitor: 54]
[2026-05-27 11:52:19.005 Z] [PROCESS] [cadence.virtuoso.ade.simulationMonitor] - Simulation Monitor has successfully started up. Trying to set up communication channels to other components ... {"hostname": "il2244vt26_hrahimi", "processid": 311819, "logfile": "/home/hrahimi/projects/POTENTIOSTAT_26/logs_hrahimi/logs0/Job54.log"}
[2026-05-27 11:52:19.007 Z] [PROCESS] [cadence.virtuoso.ade.simulationMonitor] - Communication channels have been successfully set up. Start processing events ... {"hostname": "il2244vt26_hrahimi", "processid": 311819, "logfile": "/home/hrahimi/projects/POTENTIOSTAT_26/logs_hrahimi/logs0/Job54.log"}
[2026-05-27 11:52:19.007 Z] [PROCESS] [cadence.virtuoso.ade.simulationMonitor] - Considering to start history {"hostname": "il2244vt26_hrahimi", "processid": 311819, "history": "Interactive.37", "logfile": "/home/hrahimi/projects/POTENTIOSTAT_26/logs_hrahimi/logs0/Job54.log"}
[2026-05-27 11:52:19.016 Z] [PROCESS] [cadence.virtuoso.ade.simulationMonitor] - Started History {"hostname": "il2244vt26_hrahimi", "processid": 311819, "history": "MonteCarlo.1", "testname": "TRAN_VDD_MC", "cornername": "Nominal", "point": 40, "logfile": "/home/hrahimi/projects/POTENTIOSTAT_26/logs_hrahimi/logs0/Job54.log"}
[2026-05-27 11:52:19.017 Z] [PROCESS] [cadence.virtuoso.ade.simulationMonitor] - HostInfo:
Host name (type):	il2244vt26_hrahimi (x86_64)
Operating system:	Linux 5.15.0-164-generic #174-Ubuntu SMP Fri Nov 14 20:25:16 UTC 2025 {"hostname": "il2244vt26_hrahimi", "processid": 311819, "history": "MonteCarlo.1", "testname": "TRAN_VDD_MC", "cornername": "Nominal", "point": 40, "logfile": "/home/hrahimi/projects/POTENTIOSTAT_26/logs_hrahimi/logs0/Job54.log", "nodename": "il2244vt26_hrahimi", "domainname": "(none)", "machine": "x86_64", "sysname": "Linux", "release": "5.15.0-164-generic", "version": "#174-Ubuntu SMP Fri Nov 14 20:25:16 UTC 2025"}
[2026-05-27 11:52:19.018 Z] [PROCESS] [cadence.virtuoso.ade.simulationMonitor] - UsageInfo:
pid=311819
totalPhysicalMemory=3023.749672GB,Used=1936.930367GB,totalVirtualMemory=3031.749668GB,Used=1936.957710GB
Cpu: Cores=48, Load average:35.170000,34.950000,34.640000 {"hostname": "il2244vt26_hrahimi", "processid": 311819, "history": "MonteCarlo.1", "testname": "TRAN_VDD_MC", "cornername": "Nominal", "point": 40, "logfile": "/home/hrahimi/projects/POTENTIOSTAT_26/logs_hrahimi/logs0/Job54.log", "pid": "311819", "totalPhysicalMemory": "3023.749672", "physicalMemoryUsed": "1936.930367", "totalVirtualMemory": "3031.749668", "virtualMemoryUsed": "1936.957710", "cpuCores": "48", "processes": "29612", "loadAverage1": "35.170000", "loadAverage5": "34.950000", "loadAverage15": "34.640000", "loadAverage1Percent": "0.732708"}
[2026-05-27 11:52:19.021 Z] [EVENT] [cadence.virtuoso.ade.simulationMonitor] - GroupPoints {"history": "MonteCarlo.1", "point": 40, "testname": "TRAN_VDD_MC", "cornername": "Nominal", "event": "GroupPoints", "EventSource": "Simulation Monitor", "Points": "40:1:52", "HistoryName": "MonteCarlo.1", "logFile": "/home/hrahimi/projects/POTENTIOSTAT_26/logs_hrahimi/logs0/Job54.log", "logFileSize": "2731"}
[2026-05-27 11:52:19.125 Z] [EVENT] [cadence.virtuoso.ade.simulationMonitor] - GroupPoints {"history": "MonteCarlo.1", "point": 40, "testname": "TRAN_VDD_MC", "cornername": "Nominal", "event": "GroupPoints", "EventSource": "spectre", "Points": "40:1:52", "HistoryName": "MonteCarlo.1", "logFile": "/home/hrahimi/projects/POTENTIOSTAT_26/Sim/FBIAS/fecg_bandgap_tb/maestro/results/maestro/MonteCarlo.1/40/TRAN_VDD_MC/groupRunDataDir/psf/spectre.out", "logFileSize": "-1"}
[2026-05-27 11:52:19.140 Z] [PROCESS] [cadence.virtuoso.ade.simulationMonitor] - Simulator launched {"hostname": "il2244vt26_hrahimi", "processid": 311819, "history": "MonteCarlo.1", "testname": "TRAN_VDD_MC", "cornername": "Nominal", "point": 40, "logfile": "/home/hrahimi/projects/POTENTIOSTAT_26/logs_hrahimi/logs0/Job54.log", "simid": "1"}
[2026-05-27 11:52:19.143 Z] [PROCESS] [cadence.virtuoso.ade.simulationMonitor] - Expression evaluator launched {"hostname": "il2244vt26_hrahimi", "processid": 311819, "history": "MonteCarlo.1", "testname": "TRAN_VDD_MC", "cornername": "Nominal", "point": 40, "logfile": "/home/hrahimi/projects/POTENTIOSTAT_26/logs_hrahimi/logs0/Job54.log"}
[2026-05-27 11:52:19.232 Z] [PROCESS] [cadence.virtuoso.ade.simulationMonitor] - Started Simulation {"hostname": "il2244vt26_hrahimi", "processid": 311819, "history": "MonteCarlo.1", "testname": "TRAN_VDD_MC", "cornername": "Nominal", "point": 40, "logfile": "/home/hrahimi/projects/POTENTIOSTAT_26/logs_hrahimi/logs0/Job54.log", "event": "started", "task": "simulation"}
[2026-05-27 11:52:20.234 Z] [WARN] [cadence.virtuoso.ade.simulationMonitor] -     WARNING (SPECTRE-691): This CPU processor does not support x86 advanced vector extensions instructions. This may affect math operations and slow down the simulation. {"history": "MonteCarlo.1", "point": 40, "testname": "TRAN_VDD_MC", "cornername": "Nominal"}
[2026-05-27 11:52:20.236 Z] [INFO] [cadence.virtuoso.ade.simulationMonitor] - Notice from spectre during circuit read-in.
    Pre_Configuration file used: /opt/tools/cadence/installs/SPECTRE241/tools.lnx86/spectre/etc/configs/preset.precfg
    Configuration file used: `/opt/tools/cadence/installs/SPECTRE241/tools.lnx86/spectre/etc/configs/preset.cfg'. {"history": "MonteCarlo.1", "point": 40, "testname": "TRAN_VDD_MC", "cornername": "Nominal"}
[2026-05-27 11:52:20.237 Z] [WARN] [cadence.virtuoso.ade.simulationMonitor] -     WARNING (SPECTRE-8360): line 1511: `ac' is an undefined primitive device. {"history": "MonteCarlo.1", "point": 40, "testname": "TRAN_VDD_MC", "cornername": "Nominal"}
[2026-05-27 11:52:20.237 Z] [WARN] [cadence.virtuoso.ade.simulationMonitor] -     WARNING (SPECTRE-8360): line 1512: `ac' is an undefined primitive device. {"history": "MonteCarlo.1", "point": 40, "testname": "TRAN_VDD_MC", "cornername": "Nominal"}
[2026-05-27 11:52:20.238 Z] [WARN] [cadence.virtuoso.ade.simulationMonitor] -     WARNING (SPECTRE-8360): line 1513: `ac' is an undefined primitive device. {"history": "MonteCarlo.1", "point": 40, "testname": "TRAN_VDD_MC", "cornername": "Nominal"}
[2026-05-27 11:52:20.238 Z] [WARN] [cadence.virtuoso.ade.simulationMonitor] -     WARNING (SPECTRE-8360): line 1514: `ac' is an undefined primitive device. {"history": "MonteCarlo.1", "point": 40, "testname": "TRAN_VDD_MC", "cornername": "Nominal"}
[2026-05-27 11:52:20.239 Z] [WARN] [cadence.virtuoso.ade.simulationMonitor] -     WARNING (SPECTRE-8360): line 1515: `ac' is an undefined primitive device.
        Further occurrences of this warning will be suppressed. {"history": "MonteCarlo.1", "point": 40, "testname": "TRAN_VDD_MC", "cornername": "Nominal"}
[2026-05-27 11:52:20.239 Z] [INFO] [cadence.virtuoso.ade.simulationMonitor] - Peak resident memory used = 183 Mbytes. {"history": "MonteCarlo.1", "point": 40, "testname": "TRAN_VDD_MC", "cornername": "Nominal"}
[2026-05-27 11:52:20.240 Z] [WARN] [cadence.virtuoso.ade.simulationMonitor] -     WARNING (VACOMP-2435): The environment variable CDS_AHDLCMI_ENABLE is no longer supported. Therefore, the simulator will use the default compiled C code flow. {"history": "MonteCarlo.1", "point": 40, "testname": "TRAN_VDD_MC", "cornername": "Nominal"}
[2026-05-27 11:52:20.741 Z] [WARN] [cadence.virtuoso.ade.simulationMonitor] -     WARNING (SFE-3027): The dangling resistor I0.re712 is removed. {"history": "MonteCarlo.1", "point": 40, "testname": "TRAN_VDD_MC", "cornername": "Nominal"}
[2026-05-27 11:52:20.742 Z] [WARN] [cadence.virtuoso.ade.simulationMonitor] -     WARNING (SFE-3027): The dangling resistor I0.re715 is removed. {"history": "MonteCarlo.1", "point": 40, "testname": "TRAN_VDD_MC", "cornername": "Nominal"}
[2026-05-27 11:52:20.742 Z] [WARN] [cadence.virtuoso.ade.simulationMonitor] -     WARNING (SFE-3027): The dangling resistor I0.re718 is removed. {"history": "MonteCarlo.1", "point": 40, "testname": "TRAN_VDD_MC", "cornername": "Nominal"}
[2026-05-27 11:52:20.743 Z] [WARN] [cadence.virtuoso.ade.simulationMonitor] -     WARNING (SFE-3027): The dangling resistor I0.re858 is removed. {"history": "MonteCarlo.1", "point": 40, "testname": "TRAN_VDD_MC", "cornername": "Nominal"}
[2026-05-27 11:52:20.744 Z] [WARN] [cadence.virtuoso.ade.simulationMonitor] -     WARNING (SFE-3027): The dangling resistor I0.re721 is removed.
        Further occurrences of this warning will be suppressed. {"history": "MonteCarlo.1", "point": 40, "testname": "TRAN_VDD_MC", "cornername": "Nominal"}
[2026-05-27 11:52:20.744 Z] [WARN] [cadence.virtuoso.ade.simulationMonitor] -     WARNING (SFE-3015): The dangling node I0.28\:Y is removed. {"history": "MonteCarlo.1", "point": 40, "testname": "TRAN_VDD_MC", "cornername": "Nominal"}
[2026-05-27 11:52:20.745 Z] [WARN] [cadence.virtuoso.ade.simulationMonitor] -     WARNING (SFE-3015): The dangling node I0.30\:BIAS is removed. {"history": "MonteCarlo.1", "point": 40, "testname": "TRAN_VDD_MC", "cornername": "Nominal"}
[2026-05-27 11:52:20.745 Z] [WARN] [cadence.virtuoso.ade.simulationMonitor] -     WARNING (SFE-3015): The dangling node I0.24\:BIAS is removed. {"history": "MonteCarlo.1", "point": 40, "testname": "TRAN_VDD_MC", "cornername": "Nominal"}
[2026-05-27 11:52:20.745 Z] [WARN] [cadence.virtuoso.ade.simulationMonitor] -     WARNING (SFE-3015): The dangling node I0.17\:BIAS is removed. {"history": "MonteCarlo.1", "point": 40, "testname": "TRAN_VDD_MC", "cornername": "Nominal"}
[2026-05-27 11:52:20.746 Z] [WARN] [cadence.virtuoso.ade.simulationMonitor] -     WARNING (SFE-3015): The dangling node I0.23\:BIAS is removed.
        Further occurrences of this warning will be suppressed. {"history": "MonteCarlo.1", "point": 40, "testname": "TRAN_VDD_MC", "cornername": "Nominal"}
[2026-05-27 11:52:20.746 Z] [INFO] [cadence.virtuoso.ade.simulationMonitor] - Notice from spectre during hierarchy flattening.
    Spectre X Parasitic Optimization enabled.
    Parasitic optimization will filter out parasitic nodes, nodes only connected to RCs, by default. To view individual parasitic nodes use individual save statements (i.e. save out), or use the 'savefilter=none' option to save all parasitic nodes. Saving all parasitic nodes may slow down simulation and create large waveform files. {"history": "MonteCarlo.1", "point": 40, "testname": "TRAN_VDD_MC", "cornername": "Nominal"}
[2026-05-27 11:52:20.746 Z] [INFO] [cadence.virtuoso.ade.simulationMonitor] - Peak resident memory used = 204 Mbytes. {"history": "MonteCarlo.1", "point": 40, "testname": "TRAN_VDD_MC", "cornername": "Nominal"}
[2026-05-27 11:52:20.747 Z] [INFO] [cadence.virtuoso.ade.simulationMonitor] - Notice from spectre during hierarchy flattening.
    The value 'psf' specified for the 'checklimitdest' option will no longer be supported in future releases. Use 'spectre -h' to see other recommended values for the 'checklimitdest' option.
    I0.Q3(30).bjtinsub: `minr' has the unusually small value of 10 fOhm. {"history": "MonteCarlo.1", "point": 40, "testname": "TRAN_VDD_MC", "cornername": "Nominal"}
[2026-05-27 11:52:20.747 Z] [INFO] [cadence.virtuoso.ade.simulationMonitor] - Peak resident memory used = 207 Mbytes. {"history": "MonteCarlo.1", "point": 40, "testname": "TRAN_VDD_MC", "cornername": "Nominal"}
[2026-05-27 11:52:20.748 Z] [WARN] [cadence.virtuoso.ade.simulationMonitor] -     WARNING (SPECTRE-17607): Assert `SOAC_vert10_vsubpsub' is ignored because it contains an expression which is invalid or not supported by native evaluator.  {"history": "MonteCarlo.1", "point": 40, "testname": "TRAN_VDD_MC", "cornername": "Nominal"}
[2026-05-27 11:52:20.748 Z] [WARN] [cadence.virtuoso.ade.simulationMonitor] -     WARNING (SPECTRE-17607): Assert `SOAC_vert10_vcsub' is ignored because it contains an expression which is invalid or not supported by native evaluator.  {"history": "MonteCarlo.1", "point": 40, "testname": "TRAN_VDD_MC", "cornername": "Nominal"}
[2026-05-27 11:52:20.748 Z] [WARN] [cadence.virtuoso.ade.simulationMonitor] -     WARNING (SPECTRE-17607): Assert `SOAC_rpolyh_vminuspsub' is ignored because it contains an expression which is invalid or not supported by native evaluator.  {"history": "MonteCarlo.1", "point": 40, "testname": "TRAN_VDD_MC", "cornername": "Nominal"}
[2026-05-27 11:52:20.749 Z] [WARN] [cadence.virtuoso.ade.simulationMonitor] -     WARNING (SPECTRE-17607): Assert `SOAC_rpolyh_vpluspsub' is ignored because it contains an expression which is invalid or not supported by native evaluator.  {"history": "MonteCarlo.1", "point": 40, "testname": "TRAN_VDD_MC", "cornername": "Nominal"}
[2026-05-27 11:52:20.749 Z] [WARN] [cadence.virtuoso.ade.simulationMonitor] -     WARNING (SPECTRE-16460): SOAC_cvarm_vspsub:Specified subcircuit master `cvarm' was not found. {"history": "MonteCarlo.1", "point": 40, "testname": "TRAN_VDD_MC", "cornername": "Nominal"}
[2026-05-27 11:52:20.750 Z] [WARN] [cadence.virtuoso.ade.simulationMonitor] -     WARNING (SPECTRE-16462): SOAC_cvarm_vspsub:Error in specification of subcircuit master. Assert is ignored. {"history": "MonteCarlo.1", "point": 40, "testname": "TRAN_VDD_MC", "cornername": "Nominal"}
[2026-05-27 11:52:20.750 Z] [WARN] [cadence.virtuoso.ade.simulationMonitor] -     WARNING (SPECTRE-16460): SOAC_cvarm_vbs:Specified subcircuit master `cvarm' was not found. {"history": "MonteCarlo.1", "point": 40, "testname": "TRAN_VDD_MC", "cornername": "Nominal"}
[2026-05-27 11:52:20.751 Z] [WARN] [cadence.virtuoso.ade.simulationMonitor] -     WARNING (SPECTRE-16462): SOAC_cvarm_vbs:Error in specification of subcircuit master. Assert is ignored. {"history": "MonteCarlo.1", "point": 40, "testname": "TRAN_VDD_MC", "cornername": "Nominal"}
[2026-05-27 11:52:20.751 Z] [WARN] [cadence.virtuoso.ade.simulationMonitor] -     WARNING (SPECTRE-16460): SOAC_cvarm_vgb:Specified subcircuit master `cvarm' was not found. {"history": "MonteCarlo.1", "point": 40, "testname": "TRAN_VDD_MC", "cornername": "Nominal"}
[2026-05-27 11:52:20.752 Z] [WARN] [cadence.virtuoso.ade.simulationMonitor] -     WARNING (SPECTRE-16462): SOAC_cvarm_vgb:Error in specification of subcircuit master. Assert is ignored. {"history": "MonteCarlo.1", "point": 40, "testname": "TRAN_VDD_MC", "cornername": "Nominal"}
[2026-05-27 11:52:20.752 Z] [WARN] [cadence.virtuoso.ade.simulationMonitor] -     WARNING (SPECTRE-16460): SOAC_cvart_vspsub:Specified subcircuit master `cvart' was not found. {"history": "MonteCarlo.1", "point": 40, "testname": "TRAN_VDD_MC", "cornername": "Nominal"}
[2026-05-27 11:52:20.752 Z] [WARN] [cadence.virtuoso.ade.simulationMonitor] -     WARNING (SPECTRE-16462): SOAC_cvart_vspsub:Error in specification of subcircuit master. Assert is ignored. {"history": "MonteCarlo.1", "point": 40, "testname": "TRAN_VDD_MC", "cornername": "Nominal"}
[2026-05-27 11:52:20.753 Z] [WARN] [cadence.virtuoso.ade.simulationMonitor] -     WARNING (SPECTRE-16460): SOAC_cvart_vbs:Specified subcircuit master `cvart' was not found.
        Further occurrences of this warning will be suppressed. {"history": "MonteCarlo.1", "point": 40, "testname": "TRAN_VDD_MC", "cornername": "Nominal"}
[2026-05-27 11:52:20.753 Z] [WARN] [cadence.virtuoso.ade.simulationMonitor] -     WARNING (SPECTRE-16462): SOAC_cvart_vbs:Error in specification of subcircuit master. Assert is ignored.
        Further occurrences of this warning will be suppressed. {"history": "MonteCarlo.1", "point": 40, "testname": "TRAN_VDD_MC", "cornername": "Nominal"}
[2026-05-27 11:52:20.753 Z] [WARN] [cadence.virtuoso.ade.simulationMonitor] -     WARNING (SPECTRE-17607): Assert `SOAC_cpoly_vminuspsub' is ignored because it contains an expression which is invalid or not supported by native evaluator. 
        Further occurrences of this warning will be suppressed. {"history": "MonteCarlo.1", "point": 40, "testname": "TRAN_VDD_MC", "cornername": "Nominal"}
[2026-05-27 11:52:21.756 Z] [INFO] [cadence.virtuoso.ade.simulationMonitor] -               nodes 3079 {"history": "MonteCarlo.1", "point": 40, "testname": "TRAN_VDD_MC", "cornername": "Nominal"}
[2026-05-27 11:52:21.760 Z] [INFO] [cadence.virtuoso.ade.simulationMonitor] - Notice from spectre during initial setup.
    Spectre X preset=mx enabled.
    75 warnings suppressed. {"history": "MonteCarlo.1", "point": 40, "testname": "TRAN_VDD_MC", "cornername": "Nominal"}
[2026-05-27 11:52:21.761 Z] [INFO] [cadence.virtuoso.ade.simulationMonitor] - Notice from spectre.
    Multithreading enabled: 8 threads in the system with 48 available processors. {"history": "MonteCarlo.1", "point": 40, "testname": "TRAN_VDD_MC", "cornername": "Nominal"}
[2026-05-27 11:52:21.762 Z] [INFO] [cadence.virtuoso.ade.simulationMonitor] - Peak resident memory used = 227 Mbytes. {"history": "MonteCarlo.1", "point": 40, "testname": "TRAN_VDD_MC", "cornername": "Nominal"}
[2026-05-27 11:52:21.762 Z] [INFO] [cadence.virtuoso.ade.simulationMonitor] -    -   (Spectre X) Multi-threading. The recommended number of threads is [2, 4], consider adding +mt=2 or +mt=4 on command line. {"history": "MonteCarlo.1", "point": 40, "testname": "TRAN_VDD_MC", "cornername": "Nominal"}
[2026-05-27 11:52:22.263 Z] [INFO] [cadence.virtuoso.ade.simulationMonitor] - Notice from spectre in `vert10':`I0.Q3(29)', in `fecg_bandgap3_layout':`I0', during Monte Carlo analysis `mc1'.
    I0.Q3(29).bjtinsub: `minr' has the unusually small value of 10 fOhm. {"history": "MonteCarlo.1", "point": 40, "testname": "TRAN_VDD_MC", "cornername": "Nominal"}
[2026-05-27 11:52:22.264 Z] [INFO] [cadence.virtuoso.ade.simulationMonitor] - Notice from spectre in `vert10':`I0.Q3(28)', in `fecg_bandgap3_layout':`I0', during Monte Carlo analysis `mc1'.
    I0.Q3(28).bjtinsub: `minr' has the unusually small value of 10 fOhm. {"history": "MonteCarlo.1", "point": 40, "testname": "TRAN_VDD_MC", "cornername": "Nominal"}
[2026-05-27 11:52:22.265 Z] [INFO] [cadence.virtuoso.ade.simulationMonitor] - Notice from spectre in `vert10':`I0.Q3(27)', in `fecg_bandgap3_layout':`I0', during Monte Carlo analysis `mc1'.
    I0.Q3(27).bjtinsub: `minr' has the unusually small value of 10 fOhm. {"history": "MonteCarlo.1", "point": 40, "testname": "TRAN_VDD_MC", "cornername": "Nominal"}
[2026-05-27 11:52:22.265 Z] [INFO] [cadence.virtuoso.ade.simulationMonitor] - Notice from spectre in `vert10':`I0.Q3(26)', in `fecg_bandgap3_layout':`I0', during Monte Carlo analysis `mc1'.
    I0.Q3(26).bjtinsub: `minr' has the unusually small value of 10 fOhm. {"history": "MonteCarlo.1", "point": 40, "testname": "TRAN_VDD_MC", "cornername": "Nominal"}
[2026-05-27 11:52:22.266 Z] [INFO] [cadence.virtuoso.ade.simulationMonitor] - Notice from spectre in `vert10':`I0.Q3(25)', in `fecg_bandgap3_layout':`I0', during Monte Carlo analysis `mc1'.
    I0.Q3(25).bjtinsub: `minr' has the unusually small value of 10 fOhm.
        Further occurrences of this notice will be suppressed. {"history": "MonteCarlo.1", "point": 40, "testname": "TRAN_VDD_MC", "cornername": "Nominal"}
[2026-05-27 11:52:22.267 Z] [INFO] [cadence.virtuoso.ade.simulationMonitor] - Notice from spectre at iteration = 40 during transient analysis `tran', during Monte Carlo analysis `mc1'.
    No checklimit analysis defined for asserts. A default checklimit analysis 'SpectreChecklimitAnal' has been created with all asserts enabled. {"history": "MonteCarlo.1", "point": 40, "testname": "TRAN_VDD_MC", "cornername": "Nominal"}
[2026-05-27 11:52:22.768 Z] [INFO] [cadence.virtuoso.ade.simulationMonitor] - Notice from spectre at iteration = 40 during IC analysis, during transient analysis `tran', during Monte Carlo analysis `mc1'.
    GminDC = 1 pS is large enough to noticeably affect the DC solution.
        dV(I0.221\:S) = -24.7403 uV
        Use the `gmin_check' option to eliminate or expand this report.
    Bad pivoting is found during DC analysis. Option dc_pivot_check=yes is recommended for possible improvement of convergence. {"history": "MonteCarlo.1", "point": 40, "testname": "TRAN_VDD_MC", "cornername": "Nominal"}
[2026-05-27 11:52:22.768 Z] [WARN] [cadence.virtuoso.ade.simulationMonitor] -     WARNING (CMI-2943): Parameter checks have been ignored because the valid value for parameter 'trise' could not be found in 'C0'. {"history": "MonteCarlo.1", "point": 40, "testname": "TRAN_VDD_MC", "cornername": "Nominal"}
[2026-05-27 11:52:22.769 Z] [WARN] [cadence.virtuoso.ade.simulationMonitor] -     WARNING (CMI-2943): Parameter checks have been ignored because the valid value for parameter 'trise' could not be found in 'I0.R44.CM'. {"history": "MonteCarlo.1", "point": 40, "testname": "TRAN_VDD_MC", "cornername": "Nominal"}
[2026-05-27 11:52:22.769 Z] [WARN] [cadence.virtuoso.ade.simulationMonitor] -     WARNING (CMI-2943): Parameter checks have been ignored because the valid value for parameter 'trise' could not be found in 'I0.R44.CS1'. {"history": "MonteCarlo.1", "point": 40, "testname": "TRAN_VDD_MC", "cornername": "Nominal"}
[2026-05-27 11:52:22.770 Z] [WARN] [cadence.virtuoso.ade.simulationMonitor] -     WARNING (CMI-2943): Parameter checks have been ignored because the valid value for parameter 'trise' could not be found in 'I0.R44.CS0'. {"history": "MonteCarlo.1", "point": 40, "testname": "TRAN_VDD_MC", "cornername": "Nominal"}
[2026-05-27 11:52:22.771 Z] [WARN] [cadence.virtuoso.ade.simulationMonitor] -     WARNING (CMI-2943): Parameter checks have been ignored because the valid value for parameter 'trise' could not be found in 'I0.R23.CM'.
        Further occurrences of this warning will be suppressed. {"history": "MonteCarlo.1", "point": 40, "testname": "TRAN_VDD_MC", "cornername": "Nominal"}
[2026-05-27 11:52:23.272 Z] [INFO] [cadence.virtuoso.ade.simulationMonitor] - Total time required for tran analysis `tran': CPU = 993.629 ms, elapsed = 628.202 ms, util. = 158%. {"history": "MonteCarlo.1", "point": 40, "testname": "TRAN_VDD_MC", "cornername": "Nominal"}
[2026-05-27 11:52:23.272 Z] [INFO] [cadence.virtuoso.ade.simulationMonitor] - Peak resident memory used = 255 Mbytes. {"history": "MonteCarlo.1", "point": 40, "testname": "TRAN_VDD_MC", "cornername": "Nominal"}
[2026-05-27 11:52:23.273 Z] [INFO] [cadence.virtuoso.ade.simulationMonitor] - Notice from spectre during transient analysis `tran', during Monte Carlo analysis `mc1'.
    183 notices suppressed.
    137 warnings suppressed. {"history": "MonteCarlo.1", "point": 40, "testname": "TRAN_VDD_MC", "cornername": "Nominal"}
[2026-05-27 11:52:23.274 Z] [INFO] [cadence.virtuoso.ade.simulationMonitor] - Notice from spectre in `vert10':`I0.Q3(30)', in `fecg_bandgap3_layout':`I0', during Monte Carlo analysis `mc1'.
    I0.Q3(30).bjtinsub: `minr' has the unusually small value of 10 fOhm. {"history": "MonteCarlo.1", "point": 40, "testname": "TRAN_VDD_MC", "cornername": "Nominal"}
[2026-05-27 11:52:23.274 Z] [INFO] [cadence.virtuoso.ade.simulationMonitor] - Notice from spectre in `vert10':`I0.Q3(29)', in `fecg_bandgap3_layout':`I0', during Monte Carlo analysis `mc1'.
    I0.Q3(29).bjtinsub: `minr' has the unusually small value of 10 fOhm. {"history": "MonteCarlo.1", "point": 40, "testname": "TRAN_VDD_MC", "cornername": "Nominal"}
[2026-05-27 11:52:23.275 Z] [INFO] [cadence.virtuoso.ade.simulationMonitor] - Notice from spectre in `vert10':`I0.Q3(28)', in `fecg_bandgap3_layout':`I0', during Monte Carlo analysis `mc1'.
    I0.Q3(28).bjtinsub: `minr' has the unusually small value of 10 fOhm. {"history": "MonteCarlo.1", "point": 40, "testname": "TRAN_VDD_MC", "cornername": "Nominal"}
[2026-05-27 11:52:23.275 Z] [INFO] [cadence.virtuoso.ade.simulationMonitor] - Notice from spectre in `vert10':`I0.Q3(27)', in `fecg_bandgap3_layout':`I0', during Monte Carlo analysis `mc1'.
    I0.Q3(27).bjtinsub: `minr' has the unusually small value of 10 fOhm. {"history": "MonteCarlo.1", "point": 40, "testname": "TRAN_VDD_MC", "cornername": "Nominal"}
[2026-05-27 11:52:23.276 Z] [INFO] [cadence.virtuoso.ade.simulationMonitor] - Notice from spectre in `vert10':`I0.Q3(26)', in `fecg_bandgap3_layout':`I0', during Monte Carlo analysis `mc1'.
    I0.Q3(26).bjtinsub: `minr' has the unusually small value of 10 fOhm.
        Further occurrences of this notice will be suppressed. {"history": "MonteCarlo.1", "point": 40, "testname": "TRAN_VDD_MC", "cornername": "Nominal"}
[2026-05-27 11:52:23.277 Z] [INFO] [cadence.virtuoso.ade.simulationMonitor] - Notice from spectre during IC analysis, during transient analysis `tran', during Monte Carlo analysis `mc1'.
    GminDC = 1 pS is large enough to noticeably affect the DC solution.
        dV(I0.227\:S) = 15.3579 uV
        Use the `gmin_check' option to eliminate or expand this report.
    Bad pivoting is found during DC analysis. Option dc_pivot_check=yes is recommended for possible improvement of convergence. {"history": "MonteCarlo.1", "point": 40, "testname": "TRAN_VDD_MC", "cornername": "Nominal"}
[2026-05-27 11:52:23.277 Z] [WARN] [cadence.virtuoso.ade.simulationMonitor] -     WARNING (CMI-2943): Parameter checks have been ignored because the valid value for parameter 'trise' could not be found in 'C0'. {"history": "MonteCarlo.1", "point": 40, "testname": "TRAN_VDD_MC", "cornername": "Nominal"}
[2026-05-27 11:52:23.278 Z] [WARN] [cadence.virtuoso.ade.simulationMonitor] -     WARNING (CMI-2943): Parameter checks have been ignored because the valid value for parameter 'trise' could not be found in 'I0.R44.CM'. {"history": "MonteCarlo.1", "point": 40, "testname": "TRAN_VDD_MC", "cornername": "Nominal"}
[2026-05-27 11:52:23.278 Z] [WARN] [cadence.virtuoso.ade.simulationMonitor] -     WARNING (CMI-2943): Parameter checks have been ignored because the valid value for parameter 'trise' could not be found in 'I0.R44.CS1'. {"history": "MonteCarlo.1", "point": 40, "testname": "TRAN_VDD_MC", "cornername": "Nominal"}
[2026-05-27 11:52:23.279 Z] [WARN] [cadence.virtuoso.ade.simulationMonitor] -     WARNING (CMI-2943): Parameter checks have been ignored because the valid value for parameter 'trise' could not be found in 'I0.R44.CS0'. {"history": "MonteCarlo.1", "point": 40, "testname": "TRAN_VDD_MC", "cornername": "Nominal"}
[2026-05-27 11:52:23.279 Z] [WARN] [cadence.virtuoso.ade.simulationMonitor] -     WARNING (CMI-2943): Parameter checks have been ignored because the valid value for parameter 'trise' could not be found in 'I0.R23.CM'.
        Further occurrences of this warning will be suppressed. {"history": "MonteCarlo.1", "point": 40, "testname": "TRAN_VDD_MC", "cornername": "Nominal"}
[2026-05-27 11:52:23.280 Z] [PROCESS] [cadence.virtuoso.ade.simulationMonitor] - Finished simulating for one iteration {"hostname": "il2244vt26_hrahimi", "processid": 311819, "history": "MonteCarlo.1", "testname": "TRAN_VDD_MC", "cornername": "Nominal", "point": 40, "logfile": "/home/hrahimi/projects/POTENTIOSTAT_26/logs_hrahimi/logs0/Job54.log", "simid": "1"}
[2026-05-27 11:52:23.280 Z] [PROCESS] [cadence.virtuoso.ade.simulationMonitor] - Started Simulation {"hostname": "il2244vt26_hrahimi", "processid": 311819, "history": "MonteCarlo.1", "testname": "TRAN_VDD_MC", "cornername": "Nominal", "point": 41, "logfile": "/home/hrahimi/projects/POTENTIOSTAT_26/logs_hrahimi/logs0/Job54.log", "event": "started", "task": "simulation"}
[2026-05-27 11:52:23.782 Z] [INFO] [cadence.virtuoso.ade.simulationMonitor] - Total time required for tran analysis `tran': CPU = 753.323 ms, elapsed = 336.706 ms, util. = 224%. {"history": "MonteCarlo.1", "point": 41, "testname": "TRAN_VDD_MC", "cornername": "Nominal"}
[2026-05-27 11:52:23.782 Z] [INFO] [cadence.virtuoso.ade.simulationMonitor] - Peak resident memory used = 258 Mbytes. {"history": "MonteCarlo.1", "point": 41, "testname": "TRAN_VDD_MC", "cornername": "Nominal"}
[2026-05-27 11:52:23.784 Z] [INFO] [cadence.virtuoso.ade.simulationMonitor] - Notice from spectre during transient analysis `tran', during Monte Carlo analysis `mc1'.
    58 notices suppressed.
    137 warnings suppressed. {"history": "MonteCarlo.1", "point": 41, "testname": "TRAN_VDD_MC", "cornername": "Nominal"}
[2026-05-27 11:52:23.785 Z] [INFO] [cadence.virtuoso.ade.simulationMonitor] - Notice from spectre in `vert10':`I0.Q3(30)', in `fecg_bandgap3_layout':`I0', during Monte Carlo analysis `mc1'.
    I0.Q3(30).bjtinsub: `rbm' has the unusually small value of 916.678 mOhm.
    I0.Q3(30).bjtinsub: `minr' has the unusually small value of 10 fOhm. {"history": "MonteCarlo.1", "point": 41, "testname": "TRAN_VDD_MC", "cornername": "Nominal"}
[2026-05-27 11:52:23.786 Z] [INFO] [cadence.virtuoso.ade.simulationMonitor] - Notice from spectre in `vert10':`I0.Q3(29)', in `fecg_bandgap3_layout':`I0', during Monte Carlo analysis `mc1'.
    I0.Q3(29).bjtinsub: `rbm' has the unusually small value of 916.678 mOhm.
    I0.Q3(29).bjtinsub: `minr' has the unusually small value of 10 fOhm. {"history": "MonteCarlo.1", "point": 41, "testname": "TRAN_VDD_MC", "cornername": "Nominal"}
[2026-05-27 11:52:23.787 Z] [INFO] [cadence.virtuoso.ade.simulationMonitor] - Notice from spectre in `vert10':`I0.Q3(28)', in `fecg_bandgap3_layout':`I0', during Monte Carlo analysis `mc1'.
    I0.Q3(28).bjtinsub: `rbm' has the unusually small value of 916.678 mOhm.
        Further occurrences of this notice will be suppressed. {"history": "MonteCarlo.1", "point": 41, "testname": "TRAN_VDD_MC", "cornername": "Nominal"}
[2026-05-27 11:52:23.787 Z] [INFO] [cadence.virtuoso.ade.simulationMonitor] - Notice from spectre during IC analysis, during transient analysis `tran', during Monte Carlo analysis `mc1'.
    GminDC = 1 pS is large enough to noticeably affect the DC solution.
        dV(I0.227\:S) = 29.0059 uV
        Use the `gmin_check' option to eliminate or expand this report.
    Bad pivoting is found during DC analysis. Option dc_pivot_check=yes is recommended for possible improvement of convergence. {"history": "MonteCarlo.1", "point": 41, "testname": "TRAN_VDD_MC", "cornername": "Nominal"}
[2026-05-27 11:52:23.790 Z] [WARN] [cadence.virtuoso.ade.simulationMonitor] -     WARNING (CMI-2943): Parameter checks have been ignored because the valid value for parameter 'trise' could not be found in 'C0'. {"history": "MonteCarlo.1", "point": 41, "testname": "TRAN_VDD_MC", "cornername": "Nominal"}
[2026-05-27 11:52:23.791 Z] [WARN] [cadence.virtuoso.ade.simulationMonitor] -     WARNING (CMI-2943): Parameter checks have been ignored because the valid value for parameter 'trise' could not be found in 'I0.R44.CM'. {"history": "MonteCarlo.1", "point": 41, "testname": "TRAN_VDD_MC", "cornername": "Nominal"}
[2026-05-27 11:52:23.792 Z] [WARN] [cadence.virtuoso.ade.simulationMonitor] -     WARNING (CMI-2943): Parameter checks have been ignored because the valid value for parameter 'trise' could not be found in 'I0.R44.CS1'. {"history": "MonteCarlo.1", "point": 41, "testname": "TRAN_VDD_MC", "cornername": "Nominal"}
[2026-05-27 11:52:23.792 Z] [WARN] [cadence.virtuoso.ade.simulationMonitor] -     WARNING (CMI-2943): Parameter checks have been ignored because the valid value for parameter 'trise' could not be found in 'I0.R44.CS0'. {"history": "MonteCarlo.1", "point": 41, "testname": "TRAN_VDD_MC", "cornername": "Nominal"}
[2026-05-27 11:52:23.792 Z] [WARN] [cadence.virtuoso.ade.simulationMonitor] -     WARNING (CMI-2943): Parameter checks have been ignored because the valid value for parameter 'trise' could not be found in 'I0.R23.CM'.
        Further occurrences of this warning will be suppressed. {"history": "MonteCarlo.1", "point": 41, "testname": "TRAN_VDD_MC", "cornername": "Nominal"}
[2026-05-27 11:52:23.792 Z] [PROCESS] [cadence.virtuoso.ade.simulationMonitor] - Finished simulating for one iteration {"hostname": "il2244vt26_hrahimi", "processid": 311819, "history": "MonteCarlo.1", "testname": "TRAN_VDD_MC", "cornername": "Nominal", "point": 41, "logfile": "/home/hrahimi/projects/POTENTIOSTAT_26/logs_hrahimi/logs0/Job54.log", "simid": "1"}
[2026-05-27 11:52:23.793 Z] [PROCESS] [cadence.virtuoso.ade.simulationMonitor] - Started Simulation {"hostname": "il2244vt26_hrahimi", "processid": 311819, "history": "MonteCarlo.1", "testname": "TRAN_VDD_MC", "cornername": "Nominal", "point": 42, "logfile": "/home/hrahimi/projects/POTENTIOSTAT_26/logs_hrahimi/logs0/Job54.log", "event": "started", "task": "simulation"}
[2026-05-27 11:52:24.294 Z] [INFO] [cadence.virtuoso.ade.simulationMonitor] - Total time required for tran analysis `tran': CPU = 688.249 ms, elapsed = 325.783 ms, util. = 211%. {"history": "MonteCarlo.1", "point": 42, "testname": "TRAN_VDD_MC", "cornername": "Nominal"}
[2026-05-27 11:52:24.294 Z] [INFO] [cadence.virtuoso.ade.simulationMonitor] - Peak resident memory used = 259 Mbytes. {"history": "MonteCarlo.1", "point": 42, "testname": "TRAN_VDD_MC", "cornername": "Nominal"}
[2026-05-27 11:52:24.294 Z] [INFO] [cadence.virtuoso.ade.simulationMonitor] - Notice from spectre during transient analysis `tran', during Monte Carlo analysis `mc1'.
    121 notices suppressed.
    137 warnings suppressed. {"history": "MonteCarlo.1", "point": 42, "testname": "TRAN_VDD_MC", "cornername": "Nominal"}
[2026-05-27 11:52:24.295 Z] [INFO] [cadence.virtuoso.ade.simulationMonitor] - Notice from spectre in `vert10':`I0.Q3(30)', in `fecg_bandgap3_layout':`I0', during Monte Carlo analysis `mc1'.
    I0.Q3(30).bjtinsub: `minr' has the unusually small value of 10 fOhm. {"history": "MonteCarlo.1", "point": 42, "testname": "TRAN_VDD_MC", "cornername": "Nominal"}
[2026-05-27 11:52:24.295 Z] [INFO] [cadence.virtuoso.ade.simulationMonitor] - Notice from spectre in `vert10':`I0.Q3(29)', in `fecg_bandgap3_layout':`I0', during Monte Carlo analysis `mc1'.
    I0.Q3(29).bjtinsub: `minr' has the unusually small value of 10 fOhm. {"history": "MonteCarlo.1", "point": 42, "testname": "TRAN_VDD_MC", "cornername": "Nominal"}
[2026-05-27 11:52:24.295 Z] [INFO] [cadence.virtuoso.ade.simulationMonitor] - Notice from spectre in `vert10':`I0.Q3(28)', in `fecg_bandgap3_layout':`I0', during Monte Carlo analysis `mc1'.
    I0.Q3(28).bjtinsub: `minr' has the unusually small value of 10 fOhm. {"history": "MonteCarlo.1", "point": 42, "testname": "TRAN_VDD_MC", "cornername": "Nominal"}
[2026-05-27 11:52:24.296 Z] [INFO] [cadence.virtuoso.ade.simulationMonitor] - Notice from spectre in `vert10':`I0.Q3(27)', in `fecg_bandgap3_layout':`I0', during Monte Carlo analysis `mc1'.
    I0.Q3(27).bjtinsub: `minr' has the unusually small value of 10 fOhm. {"history": "MonteCarlo.1", "point": 42, "testname": "TRAN_VDD_MC", "cornername": "Nominal"}
[2026-05-27 11:52:24.296 Z] [INFO] [cadence.virtuoso.ade.simulationMonitor] - Notice from spectre in `vert10':`I0.Q3(26)', in `fecg_bandgap3_layout':`I0', during Monte Carlo analysis `mc1'.
    I0.Q3(26).bjtinsub: `minr' has the unusually small value of 10 fOhm.
        Further occurrences of this notice will be suppressed. {"history": "MonteCarlo.1", "point": 42, "testname": "TRAN_VDD_MC", "cornername": "Nominal"}
[2026-05-27 11:52:24.296 Z] [INFO] [cadence.virtuoso.ade.simulationMonitor] - Notice from spectre during IC analysis, during transient analysis `tran', during Monte Carlo analysis `mc1'.
    GminDC = 1 pS is large enough to noticeably affect the DC solution.
        dV(I0.208\:S) = -7.06756 uV
        Use the `gmin_check' option to eliminate or expand this report.
    Bad pivoting is found during DC analysis. Option dc_pivot_check=yes is recommended for possible improvement of convergence. {"history": "MonteCarlo.1", "point": 42, "testname": "TRAN_VDD_MC", "cornername": "Nominal"}
[2026-05-27 11:52:24.297 Z] [WARN] [cadence.virtuoso.ade.simulationMonitor] -     WARNING (CMI-2943): Parameter checks have been ignored because the valid value for parameter 'trise' could not be found in 'C0'. {"history": "MonteCarlo.1", "point": 42, "testname": "TRAN_VDD_MC", "cornername": "Nominal"}
[2026-05-27 11:52:24.297 Z] [WARN] [cadence.virtuoso.ade.simulationMonitor] -     WARNING (CMI-2943): Parameter checks have been ignored because the valid value for parameter 'trise' could not be found in 'I0.R44.CM'. {"history": "MonteCarlo.1", "point": 42, "testname": "TRAN_VDD_MC", "cornername": "Nominal"}
[2026-05-27 11:52:24.297 Z] [WARN] [cadence.virtuoso.ade.simulationMonitor] -     WARNING (CMI-2943): Parameter checks have been ignored because the valid value for parameter 'trise' could not be found in 'I0.R44.CS1'. {"history": "MonteCarlo.1", "point": 42, "testname": "TRAN_VDD_MC", "cornername": "Nominal"}
[2026-05-27 11:52:24.298 Z] [WARN] [cadence.virtuoso.ade.simulationMonitor] -     WARNING (CMI-2943): Parameter checks have been ignored because the valid value for parameter 'trise' could not be found in 'I0.R44.CS0'. {"history": "MonteCarlo.1", "point": 42, "testname": "TRAN_VDD_MC", "cornername": "Nominal"}
[2026-05-27 11:52:24.298 Z] [WARN] [cadence.virtuoso.ade.simulationMonitor] -     WARNING (CMI-2943): Parameter checks have been ignored because the valid value for parameter 'trise' could not be found in 'I0.R23.CM'.
        Further occurrences of this warning will be suppressed. {"history": "MonteCarlo.1", "point": 42, "testname": "TRAN_VDD_MC", "cornername": "Nominal"}
[2026-05-27 11:52:24.298 Z] [PROCESS] [cadence.virtuoso.ade.simulationMonitor] - Finished simulating for one iteration {"hostname": "il2244vt26_hrahimi", "processid": 311819, "history": "MonteCarlo.1", "testname": "TRAN_VDD_MC", "cornername": "Nominal", "point": 42, "logfile": "/home/hrahimi/projects/POTENTIOSTAT_26/logs_hrahimi/logs0/Job54.log", "simid": "1"}
[2026-05-27 11:52:24.298 Z] [PROCESS] [cadence.virtuoso.ade.simulationMonitor] - Started Simulation {"hostname": "il2244vt26_hrahimi", "processid": 311819, "history": "MonteCarlo.1", "testname": "TRAN_VDD_MC", "cornername": "Nominal", "point": 43, "logfile": "/home/hrahimi/projects/POTENTIOSTAT_26/logs_hrahimi/logs0/Job54.log", "event": "started", "task": "simulation"}
[2026-05-27 11:52:24.800 Z] [INFO] [cadence.virtuoso.ade.simulationMonitor] - Total time required for tran analysis `tran': CPU = 672.459 ms, elapsed = 317.863 ms, util. = 212%. {"history": "MonteCarlo.1", "point": 43, "testname": "TRAN_VDD_MC", "cornername": "Nominal"}
[2026-05-27 11:52:24.801 Z] [INFO] [cadence.virtuoso.ade.simulationMonitor] - Peak resident memory used = 260 Mbytes. {"history": "MonteCarlo.1", "point": 43, "testname": "TRAN_VDD_MC", "cornername": "Nominal"}
[2026-05-27 11:52:24.801 Z] [INFO] [cadence.virtuoso.ade.simulationMonitor] - Notice from spectre during transient analysis `tran', during Monte Carlo analysis `mc1'.
    58 notices suppressed.
    137 warnings suppressed. {"history": "MonteCarlo.1", "point": 43, "testname": "TRAN_VDD_MC", "cornername": "Nominal"}
[2026-05-27 11:52:24.802 Z] [INFO] [cadence.virtuoso.ade.simulationMonitor] - Notice from spectre in `vert10':`I0.Q3(30)', in `fecg_bandgap3_layout':`I0', during Monte Carlo analysis `mc1'.
    I0.Q3(30).bjtinsub: `minr' has the unusually small value of 10 fOhm. {"history": "MonteCarlo.1", "point": 43, "testname": "TRAN_VDD_MC", "cornername": "Nominal"}
[2026-05-27 11:52:24.803 Z] [INFO] [cadence.virtuoso.ade.simulationMonitor] - Notice from spectre in `vert10':`I0.Q3(29)', in `fecg_bandgap3_layout':`I0', during Monte Carlo analysis `mc1'.
    I0.Q3(29).bjtinsub: `minr' has the unusually small value of 10 fOhm. {"history": "MonteCarlo.1", "point": 43, "testname": "TRAN_VDD_MC", "cornername": "Nominal"}
[2026-05-27 11:52:24.803 Z] [INFO] [cadence.virtuoso.ade.simulationMonitor] - Notice from spectre in `vert10':`I0.Q3(28)', in `fecg_bandgap3_layout':`I0', during Monte Carlo analysis `mc1'.
    I0.Q3(28).bjtinsub: `minr' has the unusually small value of 10 fOhm. {"history": "MonteCarlo.1", "point": 43, "testname": "TRAN_VDD_MC", "cornername": "Nominal"}
[2026-05-27 11:52:24.803 Z] [INFO] [cadence.virtuoso.ade.simulationMonitor] - Notice from spectre in `vert10':`I0.Q3(27)', in `fecg_bandgap3_layout':`I0', during Monte Carlo analysis `mc1'.
    I0.Q3(27).bjtinsub: `minr' has the unusually small value of 10 fOhm. {"history": "MonteCarlo.1", "point": 43, "testname": "TRAN_VDD_MC", "cornername": "Nominal"}
[2026-05-27 11:52:24.803 Z] [INFO] [cadence.virtuoso.ade.simulationMonitor] - Notice from spectre in `vert10':`I0.Q3(26)', in `fecg_bandgap3_layout':`I0', during Monte Carlo analysis `mc1'.
    I0.Q3(26).bjtinsub: `minr' has the unusually small value of 10 fOhm.
        Further occurrences of this notice will be suppressed. {"history": "MonteCarlo.1", "point": 43, "testname": "TRAN_VDD_MC", "cornername": "Nominal"}
[2026-05-27 11:52:24.804 Z] [INFO] [cadence.virtuoso.ade.simulationMonitor] - Notice from spectre during IC analysis, during transient analysis `tran', during Monte Carlo analysis `mc1'.
    GminDC = 1 pS is large enough to noticeably affect the DC solution.
        dV(I0.208\:S) = 3.06076 uV
        Use the `gmin_check' option to eliminate or expand this report.
    Bad pivoting is found during DC analysis. Option dc_pivot_check=yes is recommended for possible improvement of convergence. {"history": "MonteCarlo.1", "point": 43, "testname": "TRAN_VDD_MC", "cornername": "Nominal"}
[2026-05-27 11:52:24.805 Z] [WARN] [cadence.virtuoso.ade.simulationMonitor] -     WARNING (CMI-2943): Parameter checks have been ignored because the valid value for parameter 'trise' could not be found in 'C0'. {"history": "MonteCarlo.1", "point": 43, "testname": "TRAN_VDD_MC", "cornername": "Nominal"}
[2026-05-27 11:52:24.805 Z] [WARN] [cadence.virtuoso.ade.simulationMonitor] -     WARNING (CMI-2943): Parameter checks have been ignored because the valid value for parameter 'trise' could not be found in 'I0.R44.CM'. {"history": "MonteCarlo.1", "point": 43, "testname": "TRAN_VDD_MC", "cornername": "Nominal"}
[2026-05-27 11:52:24.806 Z] [WARN] [cadence.virtuoso.ade.simulationMonitor] -     WARNING (CMI-2943): Parameter checks have been ignored because the valid value for parameter 'trise' could not be found in 'I0.R44.CS1'. {"history": "MonteCarlo.1", "point": 43, "testname": "TRAN_VDD_MC", "cornername": "Nominal"}
[2026-05-27 11:52:24.807 Z] [WARN] [cadence.virtuoso.ade.simulationMonitor] -     WARNING (CMI-2943): Parameter checks have been ignored because the valid value for parameter 'trise' could not be found in 'I0.R44.CS0'. {"history": "MonteCarlo.1", "point": 43, "testname": "TRAN_VDD_MC", "cornername": "Nominal"}
[2026-05-27 11:52:24.807 Z] [WARN] [cadence.virtuoso.ade.simulationMonitor] -     WARNING (CMI-2943): Parameter checks have been ignored because the valid value for parameter 'trise' could not be found in 'I0.R23.CM'.
        Further occurrences of this warning will be suppressed. {"history": "MonteCarlo.1", "point": 43, "testname": "TRAN_VDD_MC", "cornername": "Nominal"}
[2026-05-27 11:52:24.808 Z] [PROCESS] [cadence.virtuoso.ade.simulationMonitor] - Finished simulating for one iteration {"hostname": "il2244vt26_hrahimi", "processid": 311819, "history": "MonteCarlo.1", "testname": "TRAN_VDD_MC", "cornername": "Nominal", "point": 43, "logfile": "/home/hrahimi/projects/POTENTIOSTAT_26/logs_hrahimi/logs0/Job54.log", "simid": "1"}
[2026-05-27 11:52:24.808 Z] [PROCESS] [cadence.virtuoso.ade.simulationMonitor] - Started Simulation {"hostname": "il2244vt26_hrahimi", "processid": 311819, "history": "MonteCarlo.1", "testname": "TRAN_VDD_MC", "cornername": "Nominal", "point": 44, "logfile": "/home/hrahimi/projects/POTENTIOSTAT_26/logs_hrahimi/logs0/Job54.log", "event": "started", "task": "simulation"}
[2026-05-27 11:52:25.309 Z] [INFO] [cadence.virtuoso.ade.simulationMonitor] - Total time required for tran analysis `tran': CPU = 846.501 ms, elapsed = 397.314 ms, util. = 213%. {"history": "MonteCarlo.1", "point": 44, "testname": "TRAN_VDD_MC", "cornername": "Nominal"}
[2026-05-27 11:52:25.310 Z] [INFO] [cadence.virtuoso.ade.simulationMonitor] - Peak resident memory used = 261 Mbytes. {"history": "MonteCarlo.1", "point": 44, "testname": "TRAN_VDD_MC", "cornername": "Nominal"}
[2026-05-27 11:52:25.311 Z] [INFO] [cadence.virtuoso.ade.simulationMonitor] - Notice from spectre during transient analysis `tran', during Monte Carlo analysis `mc1'.
    58 notices suppressed.
    137 warnings suppressed. {"history": "MonteCarlo.1", "point": 44, "testname": "TRAN_VDD_MC", "cornername": "Nominal"}
[2026-05-27 11:52:25.311 Z] [INFO] [cadence.virtuoso.ade.simulationMonitor] - Notice from spectre in `vert10':`I0.Q3(30)', in `fecg_bandgap3_layout':`I0', during Monte Carlo analysis `mc1'.
    I0.Q3(30).bjtinsub: `rbm' has the unusually small value of 941.678 mOhm.
    I0.Q3(30).bjtinsub: `minr' has the unusually small value of 10 fOhm. {"history": "MonteCarlo.1", "point": 44, "testname": "TRAN_VDD_MC", "cornername": "Nominal"}
[2026-05-27 11:52:25.311 Z] [INFO] [cadence.virtuoso.ade.simulationMonitor] - Notice from spectre in `vert10':`I0.Q3(29)', in `fecg_bandgap3_layout':`I0', during Monte Carlo analysis `mc1'.
    I0.Q3(29).bjtinsub: `rbm' has the unusually small value of 941.678 mOhm.
    I0.Q3(29).bjtinsub: `minr' has the unusually small value of 10 fOhm. {"history": "MonteCarlo.1", "point": 44, "testname": "TRAN_VDD_MC", "cornername": "Nominal"}
[2026-05-27 11:52:25.312 Z] [INFO] [cadence.virtuoso.ade.simulationMonitor] - Notice from spectre in `vert10':`I0.Q3(28)', in `fecg_bandgap3_layout':`I0', during Monte Carlo analysis `mc1'.
    I0.Q3(28).bjtinsub: `rbm' has the unusually small value of 941.678 mOhm.
        Further occurrences of this notice will be suppressed. {"history": "MonteCarlo.1", "point": 44, "testname": "TRAN_VDD_MC", "cornername": "Nominal"}
[2026-05-27 11:52:25.313 Z] [INFO] [cadence.virtuoso.ade.simulationMonitor] - Notice from spectre during IC analysis, during transient analysis `tran', during Monte Carlo analysis `mc1'.
    GminDC = 1 pS is large enough to noticeably affect the DC solution.
        dV(I0.208\:S) = -126.799 uV
        Use the `gmin_check' option to eliminate or expand this report.
    Bad pivoting is found during DC analysis. Option dc_pivot_check=yes is recommended for possible improvement of convergence. {"history": "MonteCarlo.1", "point": 44, "testname": "TRAN_VDD_MC", "cornername": "Nominal"}
[2026-05-27 11:52:25.313 Z] [WARN] [cadence.virtuoso.ade.simulationMonitor] -     WARNING (CMI-2943): Parameter checks have been ignored because the valid value for parameter 'trise' could not be found in 'C0'. {"history": "MonteCarlo.1", "point": 44, "testname": "TRAN_VDD_MC", "cornername": "Nominal"}
[2026-05-27 11:52:25.314 Z] [WARN] [cadence.virtuoso.ade.simulationMonitor] -     WARNING (CMI-2943): Parameter checks have been ignored because the valid value for parameter 'trise' could not be found in 'I0.R44.CM'. {"history": "MonteCarlo.1", "point": 44, "testname": "TRAN_VDD_MC", "cornername": "Nominal"}
[2026-05-27 11:52:25.314 Z] [WARN] [cadence.virtuoso.ade.simulationMonitor] -     WARNING (CMI-2943): Parameter checks have been ignored because the valid value for parameter 'trise' could not be found in 'I0.R44.CS1'. {"history": "MonteCarlo.1", "point": 44, "testname": "TRAN_VDD_MC", "cornername": "Nominal"}
[2026-05-27 11:52:25.314 Z] [WARN] [cadence.virtuoso.ade.simulationMonitor] -     WARNING (CMI-2943): Parameter checks have been ignored because the valid value for parameter 'trise' could not be found in 'I0.R44.CS0'. {"history": "MonteCarlo.1", "point": 44, "testname": "TRAN_VDD_MC", "cornername": "Nominal"}
[2026-05-27 11:52:25.315 Z] [WARN] [cadence.virtuoso.ade.simulationMonitor] -     WARNING (CMI-2943): Parameter checks have been ignored because the valid value for parameter 'trise' could not be found in 'I0.R23.CM'.
        Further occurrences of this warning will be suppressed. {"history": "MonteCarlo.1", "point": 44, "testname": "TRAN_VDD_MC", "cornername": "Nominal"}
[2026-05-27 11:52:25.315 Z] [PROCESS] [cadence.virtuoso.ade.simulationMonitor] - Finished simulating for one iteration {"hostname": "il2244vt26_hrahimi", "processid": 311819, "history": "MonteCarlo.1", "testname": "TRAN_VDD_MC", "cornername": "Nominal", "point": 44, "logfile": "/home/hrahimi/projects/POTENTIOSTAT_26/logs_hrahimi/logs0/Job54.log", "simid": "1"}
[2026-05-27 11:52:25.317 Z] [PROCESS] [cadence.virtuoso.ade.simulationMonitor] - Started Simulation {"hostname": "il2244vt26_hrahimi", "processid": 311819, "history": "MonteCarlo.1", "testname": "TRAN_VDD_MC", "cornername": "Nominal", "point": 45, "logfile": "/home/hrahimi/projects/POTENTIOSTAT_26/logs_hrahimi/logs0/Job54.log", "event": "started", "task": "simulation"}
[2026-05-27 11:52:25.818 Z] [INFO] [cadence.virtuoso.ade.simulationMonitor] - Total time required for tran analysis `tran': CPU = 787.921 ms, elapsed = 376.603 ms, util. = 209%. {"history": "MonteCarlo.1", "point": 45, "testname": "TRAN_VDD_MC", "cornername": "Nominal"}
[2026-05-27 11:52:25.819 Z] [INFO] [cadence.virtuoso.ade.simulationMonitor] - Peak resident memory used = 263 Mbytes. {"history": "MonteCarlo.1", "point": 45, "testname": "TRAN_VDD_MC", "cornername": "Nominal"}
[2026-05-27 11:52:25.819 Z] [INFO] [cadence.virtuoso.ade.simulationMonitor] - Notice from spectre during transient analysis `tran', during Monte Carlo analysis `mc1'.
    121 notices suppressed.
    137 warnings suppressed. {"history": "MonteCarlo.1", "point": 45, "testname": "TRAN_VDD_MC", "cornername": "Nominal"}
[2026-05-27 11:52:25.819 Z] [INFO] [cadence.virtuoso.ade.simulationMonitor] - Notice from spectre in `vert10':`I0.Q3(30)', in `fecg_bandgap3_layout':`I0', during Monte Carlo analysis `mc1'.
    I0.Q3(30).bjtinsub: `minr' has the unusually small value of 10 fOhm. {"history": "MonteCarlo.1", "point": 45, "testname": "TRAN_VDD_MC", "cornername": "Nominal"}
[2026-05-27 11:52:25.819 Z] [INFO] [cadence.virtuoso.ade.simulationMonitor] - Notice from spectre in `vert10':`I0.Q3(29)', in `fecg_bandgap3_layout':`I0', during Monte Carlo analysis `mc1'.
    I0.Q3(29).bjtinsub: `minr' has the unusually small value of 10 fOhm. {"history": "MonteCarlo.1", "point": 45, "testname": "TRAN_VDD_MC", "cornername": "Nominal"}
[2026-05-27 11:52:25.819 Z] [INFO] [cadence.virtuoso.ade.simulationMonitor] - Notice from spectre in `vert10':`I0.Q3(28)', in `fecg_bandgap3_layout':`I0', during Monte Carlo analysis `mc1'.
    I0.Q3(28).bjtinsub: `minr' has the unusually small value of 10 fOhm. {"history": "MonteCarlo.1", "point": 45, "testname": "TRAN_VDD_MC", "cornername": "Nominal"}
[2026-05-27 11:52:25.820 Z] [INFO] [cadence.virtuoso.ade.simulationMonitor] - Notice from spectre in `vert10':`I0.Q3(27)', in `fecg_bandgap3_layout':`I0', during Monte Carlo analysis `mc1'.
    I0.Q3(27).bjtinsub: `minr' has the unusually small value of 10 fOhm. {"history": "MonteCarlo.1", "point": 45, "testname": "TRAN_VDD_MC", "cornername": "Nominal"}
[2026-05-27 11:52:25.820 Z] [INFO] [cadence.virtuoso.ade.simulationMonitor] - Notice from spectre in `vert10':`I0.Q3(26)', in `fecg_bandgap3_layout':`I0', during Monte Carlo analysis `mc1'.
    I0.Q3(26).bjtinsub: `minr' has the unusually small value of 10 fOhm.
        Further occurrences of this notice will be suppressed. {"history": "MonteCarlo.1", "point": 45, "testname": "TRAN_VDD_MC", "cornername": "Nominal"}
[2026-05-27 11:52:25.820 Z] [INFO] [cadence.virtuoso.ade.simulationMonitor] - Notice from spectre during IC analysis, during transient analysis `tran', during Monte Carlo analysis `mc1'.
    GminDC = 1 pS is large enough to noticeably affect the DC solution.
        dV(I0.208\:S) = -1.55554 uV
        Use the `gmin_check' option to eliminate or expand this report.
    Bad pivoting is found during DC analysis. Option dc_pivot_check=yes is recommended for possible improvement of convergence. {"history": "MonteCarlo.1", "point": 45, "testname": "TRAN_VDD_MC", "cornername": "Nominal"}
[2026-05-27 11:52:25.823 Z] [WARN] [cadence.virtuoso.ade.simulationMonitor] -     WARNING (CMI-2943): Parameter checks have been ignored because the valid value for parameter 'trise' could not be found in 'C0'. {"history": "MonteCarlo.1", "point": 45, "testname": "TRAN_VDD_MC", "cornername": "Nominal"}
[2026-05-27 11:52:25.824 Z] [WARN] [cadence.virtuoso.ade.simulationMonitor] -     WARNING (CMI-2943): Parameter checks have been ignored because the valid value for parameter 'trise' could not be found in 'I0.R44.CM'. {"history": "MonteCarlo.1", "point": 45, "testname": "TRAN_VDD_MC", "cornername": "Nominal"}
[2026-05-27 11:52:25.824 Z] [WARN] [cadence.virtuoso.ade.simulationMonitor] -     WARNING (CMI-2943): Parameter checks have been ignored because the valid value for parameter 'trise' could not be found in 'I0.R44.CS1'. {"history": "MonteCarlo.1", "point": 45, "testname": "TRAN_VDD_MC", "cornername": "Nominal"}
[2026-05-27 11:52:25.825 Z] [WARN] [cadence.virtuoso.ade.simulationMonitor] -     WARNING (CMI-2943): Parameter checks have been ignored because the valid value for parameter 'trise' could not be found in 'I0.R44.CS0'. {"history": "MonteCarlo.1", "point": 45, "testname": "TRAN_VDD_MC", "cornername": "Nominal"}
[2026-05-27 11:52:25.825 Z] [WARN] [cadence.virtuoso.ade.simulationMonitor] -     WARNING (CMI-2943): Parameter checks have been ignored because the valid value for parameter 'trise' could not be found in 'I0.R23.CM'.
        Further occurrences of this warning will be suppressed. {"history": "MonteCarlo.1", "point": 45, "testname": "TRAN_VDD_MC", "cornername": "Nominal"}
[2026-05-27 11:52:25.826 Z] [PROCESS] [cadence.virtuoso.ade.simulationMonitor] - Finished simulating for one iteration {"hostname": "il2244vt26_hrahimi", "processid": 311819, "history": "MonteCarlo.1", "testname": "TRAN_VDD_MC", "cornername": "Nominal", "point": 45, "logfile": "/home/hrahimi/projects/POTENTIOSTAT_26/logs_hrahimi/logs0/Job54.log", "simid": "1"}
[2026-05-27 11:52:25.826 Z] [PROCESS] [cadence.virtuoso.ade.simulationMonitor] - Started Simulation {"hostname": "il2244vt26_hrahimi", "processid": 311819, "history": "MonteCarlo.1", "testname": "TRAN_VDD_MC", "cornername": "Nominal", "point": 46, "logfile": "/home/hrahimi/projects/POTENTIOSTAT_26/logs_hrahimi/logs0/Job54.log", "event": "started", "task": "simulation"}
[2026-05-27 11:52:26.327 Z] [INFO] [cadence.virtuoso.ade.simulationMonitor] - Total time required for tran analysis `tran': CPU = 663.63 ms, elapsed = 360.826 ms, util. = 184%. {"history": "MonteCarlo.1", "point": 46, "testname": "TRAN_VDD_MC", "cornername": "Nominal"}
[2026-05-27 11:52:26.328 Z] [INFO] [cadence.virtuoso.ade.simulationMonitor] - Peak resident memory used = 263 Mbytes. {"history": "MonteCarlo.1", "point": 46, "testname": "TRAN_VDD_MC", "cornername": "Nominal"}
[2026-05-27 11:52:26.328 Z] [INFO] [cadence.virtuoso.ade.simulationMonitor] - Notice from spectre during transient analysis `tran', during Monte Carlo analysis `mc1'.
    58 notices suppressed.
    137 warnings suppressed. {"history": "MonteCarlo.1", "point": 46, "testname": "TRAN_VDD_MC", "cornername": "Nominal"}
[2026-05-27 11:52:26.329 Z] [PROCESS] [cadence.virtuoso.ade.simulationMonitor] - Finished simulating for one iteration {"hostname": "il2244vt26_hrahimi", "processid": 311819, "history": "MonteCarlo.1", "testname": "TRAN_VDD_MC", "cornername": "Nominal", "point": 46, "logfile": "/home/hrahimi/projects/POTENTIOSTAT_26/logs_hrahimi/logs0/Job54.log", "simid": "1"}
[2026-05-27 11:52:26.329 Z] [PROCESS] [cadence.virtuoso.ade.simulationMonitor] - Started Simulation {"hostname": "il2244vt26_hrahimi", "processid": 311819, "history": "MonteCarlo.1", "testname": "TRAN_VDD_MC", "cornername": "Nominal", "point": 47, "logfile": "/home/hrahimi/projects/POTENTIOSTAT_26/logs_hrahimi/logs0/Job54.log", "event": "started", "task": "simulation"}
[2026-05-27 11:52:26.830 Z] [INFO] [cadence.virtuoso.ade.simulationMonitor] - Notice from spectre in `vert10':`I0.Q3(30)', in `fecg_bandgap3_layout':`I0', during Monte Carlo analysis `mc1'.
    I0.Q3(30).bjtinsub: `rbm' has the unusually small value of 991.678 mOhm.
    I0.Q3(30).bjtinsub: `minr' has the unusually small value of 10 fOhm. {"history": "MonteCarlo.1", "point": 47, "testname": "TRAN_VDD_MC", "cornername": "Nominal"}
[2026-05-27 11:52:26.830 Z] [INFO] [cadence.virtuoso.ade.simulationMonitor] - Notice from spectre in `vert10':`I0.Q3(29)', in `fecg_bandgap3_layout':`I0', during Monte Carlo analysis `mc1'.
    I0.Q3(29).bjtinsub: `rbm' has the unusually small value of 991.678 mOhm.
    I0.Q3(29).bjtinsub: `minr' has the unusually small value of 10 fOhm. {"history": "MonteCarlo.1", "point": 47, "testname": "TRAN_VDD_MC", "cornername": "Nominal"}
[2026-05-27 11:52:26.830 Z] [INFO] [cadence.virtuoso.ade.simulationMonitor] - Notice from spectre in `vert10':`I0.Q3(28)', in `fecg_bandgap3_layout':`I0', during Monte Carlo analysis `mc1'.
    I0.Q3(28).bjtinsub: `rbm' has the unusually small value of 991.678 mOhm.
        Further occurrences of this notice will be suppressed. {"history": "MonteCarlo.1", "point": 47, "testname": "TRAN_VDD_MC", "cornername": "Nominal"}
[2026-05-27 11:52:26.831 Z] [INFO] [cadence.virtuoso.ade.simulationMonitor] - Notice from spectre during IC analysis, during transient analysis `tran', during Monte Carlo analysis `mc1'.
    GminDC = 1 pS is large enough to noticeably affect the DC solution.
        dV(I0.208\:S) = -2.70075 uV
        Use the `gmin_check' option to eliminate or expand this report.
    Bad pivoting is found during DC analysis. Option dc_pivot_check=yes is recommended for possible improvement of convergence. {"history": "MonteCarlo.1", "point": 47, "testname": "TRAN_VDD_MC", "cornername": "Nominal"}
[2026-05-27 11:52:26.831 Z] [WARN] [cadence.virtuoso.ade.simulationMonitor] -     WARNING (CMI-2943): Parameter checks have been ignored because the valid value for parameter 'trise' could not be found in 'C0'. {"history": "MonteCarlo.1", "point": 47, "testname": "TRAN_VDD_MC", "cornername": "Nominal"}
[2026-05-27 11:52:26.831 Z] [WARN] [cadence.virtuoso.ade.simulationMonitor] -     WARNING (CMI-2943): Parameter checks have been ignored because the valid value for parameter 'trise' could not be found in 'I0.R44.CM'. {"history": "MonteCarlo.1", "point": 47, "testname": "TRAN_VDD_MC", "cornername": "Nominal"}
[2026-05-27 11:52:26.831 Z] [WARN] [cadence.virtuoso.ade.simulationMonitor] -     WARNING (CMI-2943): Parameter checks have been ignored because the valid value for parameter 'trise' could not be found in 'I0.R44.CS1'. {"history": "MonteCarlo.1", "point": 47, "testname": "TRAN_VDD_MC", "cornername": "Nominal"}
[2026-05-27 11:52:26.831 Z] [WARN] [cadence.virtuoso.ade.simulationMonitor] -     WARNING (CMI-2943): Parameter checks have been ignored because the valid value for parameter 'trise' could not be found in 'I0.R44.CS0'. {"history": "MonteCarlo.1", "point": 47, "testname": "TRAN_VDD_MC", "cornername": "Nominal"}
[2026-05-27 11:52:26.832 Z] [WARN] [cadence.virtuoso.ade.simulationMonitor] -     WARNING (CMI-2943): Parameter checks have been ignored because the valid value for parameter 'trise' could not be found in 'I0.R23.CM'.
        Further occurrences of this warning will be suppressed. {"history": "MonteCarlo.1", "point": 47, "testname": "TRAN_VDD_MC", "cornername": "Nominal"}
[2026-05-27 11:52:27.337 Z] [INFO] [cadence.virtuoso.ade.simulationMonitor] - Total time required for tran analysis `tran': CPU = 838.301 ms, elapsed = 563.856 ms, util. = 149%. {"history": "MonteCarlo.1", "point": 47, "testname": "TRAN_VDD_MC", "cornername": "Nominal"}
[2026-05-27 11:52:27.338 Z] [INFO] [cadence.virtuoso.ade.simulationMonitor] - Peak resident memory used = 265 Mbytes. {"history": "MonteCarlo.1", "point": 47, "testname": "TRAN_VDD_MC", "cornername": "Nominal"}
[2026-05-27 11:52:27.338 Z] [INFO] [cadence.virtuoso.ade.simulationMonitor] - Notice from spectre during transient analysis `tran', during Monte Carlo analysis `mc1'.
    121 notices suppressed.
    137 warnings suppressed. {"history": "MonteCarlo.1", "point": 47, "testname": "TRAN_VDD_MC", "cornername": "Nominal"}
[2026-05-27 11:52:27.338 Z] [INFO] [cadence.virtuoso.ade.simulationMonitor] - Notice from spectre in `vert10':`I0.Q3(30)', in `fecg_bandgap3_layout':`I0', during Monte Carlo analysis `mc1'.
    I0.Q3(30).bjtinsub: `minr' has the unusually small value of 10 fOhm. {"history": "MonteCarlo.1", "point": 47, "testname": "TRAN_VDD_MC", "cornername": "Nominal"}
[2026-05-27 11:52:27.339 Z] [INFO] [cadence.virtuoso.ade.simulationMonitor] - Notice from spectre in `vert10':`I0.Q3(29)', in `fecg_bandgap3_layout':`I0', during Monte Carlo analysis `mc1'.
    I0.Q3(29).bjtinsub: `minr' has the unusually small value of 10 fOhm. {"history": "MonteCarlo.1", "point": 47, "testname": "TRAN_VDD_MC", "cornername": "Nominal"}
[2026-05-27 11:52:27.339 Z] [INFO] [cadence.virtuoso.ade.simulationMonitor] - Notice from spectre in `vert10':`I0.Q3(28)', in `fecg_bandgap3_layout':`I0', during Monte Carlo analysis `mc1'.
    I0.Q3(28).bjtinsub: `minr' has the unusually small value of 10 fOhm. {"history": "MonteCarlo.1", "point": 47, "testname": "TRAN_VDD_MC", "cornername": "Nominal"}
[2026-05-27 11:52:27.339 Z] [INFO] [cadence.virtuoso.ade.simulationMonitor] - Notice from spectre in `vert10':`I0.Q3(27)', in `fecg_bandgap3_layout':`I0', during Monte Carlo analysis `mc1'.
    I0.Q3(27).bjtinsub: `minr' has the unusually small value of 10 fOhm. {"history": "MonteCarlo.1", "point": 47, "testname": "TRAN_VDD_MC", "cornername": "Nominal"}
[2026-05-27 11:52:27.340 Z] [INFO] [cadence.virtuoso.ade.simulationMonitor] - Notice from spectre in `vert10':`I0.Q3(26)', in `fecg_bandgap3_layout':`I0', during Monte Carlo analysis `mc1'.
    I0.Q3(26).bjtinsub: `minr' has the unusually small value of 10 fOhm.
        Further occurrences of this notice will be suppressed. {"history": "MonteCarlo.1", "point": 47, "testname": "TRAN_VDD_MC", "cornername": "Nominal"}
[2026-05-27 11:52:27.341 Z] [INFO] [cadence.virtuoso.ade.simulationMonitor] - Notice from spectre during IC analysis, during transient analysis `tran', during Monte Carlo analysis `mc1'.
    GminDC = 1 pS is large enough to noticeably affect the DC solution.
        dV(I0.227\:S) = -8.41701 uV
        Use the `gmin_check' option to eliminate or expand this report.
    Bad pivoting is found during DC analysis. Option dc_pivot_check=yes is recommended for possible improvement of convergence. {"history": "MonteCarlo.1", "point": 47, "testname": "TRAN_VDD_MC", "cornername": "Nominal"}
[2026-05-27 11:52:27.342 Z] [WARN] [cadence.virtuoso.ade.simulationMonitor] -     WARNING (CMI-2943): Parameter checks have been ignored because the valid value for parameter 'trise' could not be found in 'C0'. {"history": "MonteCarlo.1", "point": 47, "testname": "TRAN_VDD_MC", "cornername": "Nominal"}
[2026-05-27 11:52:27.344 Z] [WARN] [cadence.virtuoso.ade.simulationMonitor] -     WARNING (CMI-2943): Parameter checks have been ignored because the valid value for parameter 'trise' could not be found in 'I0.R44.CM'. {"history": "MonteCarlo.1", "point": 47, "testname": "TRAN_VDD_MC", "cornername": "Nominal"}
[2026-05-27 11:52:27.345 Z] [WARN] [cadence.virtuoso.ade.simulationMonitor] -     WARNING (CMI-2943): Parameter checks have been ignored because the valid value for parameter 'trise' could not be found in 'I0.R44.CS1'. {"history": "MonteCarlo.1", "point": 47, "testname": "TRAN_VDD_MC", "cornername": "Nominal"}
[2026-05-27 11:52:27.345 Z] [WARN] [cadence.virtuoso.ade.simulationMonitor] -     WARNING (CMI-2943): Parameter checks have been ignored because the valid value for parameter 'trise' could not be found in 'I0.R44.CS0'. {"history": "MonteCarlo.1", "point": 47, "testname": "TRAN_VDD_MC", "cornername": "Nominal"}
[2026-05-27 11:52:27.346 Z] [WARN] [cadence.virtuoso.ade.simulationMonitor] -     WARNING (CMI-2943): Parameter checks have been ignored because the valid value for parameter 'trise' could not be found in 'I0.R23.CM'.
        Further occurrences of this warning will be suppressed. {"history": "MonteCarlo.1", "point": 47, "testname": "TRAN_VDD_MC", "cornername": "Nominal"}
[2026-05-27 11:52:27.346 Z] [PROCESS] [cadence.virtuoso.ade.simulationMonitor] - Finished simulating for one iteration {"hostname": "il2244vt26_hrahimi", "processid": 311819, "history": "MonteCarlo.1", "testname": "TRAN_VDD_MC", "cornername": "Nominal", "point": 47, "logfile": "/home/hrahimi/projects/POTENTIOSTAT_26/logs_hrahimi/logs0/Job54.log", "simid": "1"}
[2026-05-27 11:52:27.347 Z] [PROCESS] [cadence.virtuoso.ade.simulationMonitor] - Started Simulation {"hostname": "il2244vt26_hrahimi", "processid": 311819, "history": "MonteCarlo.1", "testname": "TRAN_VDD_MC", "cornername": "Nominal", "point": 48, "logfile": "/home/hrahimi/projects/POTENTIOSTAT_26/logs_hrahimi/logs0/Job54.log", "event": "started", "task": "simulation"}
[2026-05-27 11:52:27.851 Z] [INFO] [cadence.virtuoso.ade.simulationMonitor] - Total time required for tran analysis `tran': CPU = 821.542 ms, elapsed = 428.776 ms, util. = 192%. {"history": "MonteCarlo.1", "point": 48, "testname": "TRAN_VDD_MC", "cornername": "Nominal"}
[2026-05-27 11:52:27.851 Z] [INFO] [cadence.virtuoso.ade.simulationMonitor] - Peak resident memory used = 266 Mbytes. {"history": "MonteCarlo.1", "point": 48, "testname": "TRAN_VDD_MC", "cornername": "Nominal"}
[2026-05-27 11:52:27.852 Z] [INFO] [cadence.virtuoso.ade.simulationMonitor] - Notice from spectre during transient analysis `tran', during Monte Carlo analysis `mc1'.
    58 notices suppressed.
    137 warnings suppressed. {"history": "MonteCarlo.1", "point": 48, "testname": "TRAN_VDD_MC", "cornername": "Nominal"}
[2026-05-27 11:52:27.852 Z] [INFO] [cadence.virtuoso.ade.simulationMonitor] - Notice from spectre in `vert10':`I0.Q3(30)', in `fecg_bandgap3_layout':`I0', during Monte Carlo analysis `mc1'.
    I0.Q3(30).bjtinsub: `rbm' has the unusually small value of 972.928 mOhm.
    I0.Q3(30).bjtinsub: `minr' has the unusually small value of 10 fOhm. {"history": "MonteCarlo.1", "point": 48, "testname": "TRAN_VDD_MC", "cornername": "Nominal"}
[2026-05-27 11:52:27.853 Z] [INFO] [cadence.virtuoso.ade.simulationMonitor] - Notice from spectre in `vert10':`I0.Q3(29)', in `fecg_bandgap3_layout':`I0', during Monte Carlo analysis `mc1'.
    I0.Q3(29).bjtinsub: `rbm' has the unusually small value of 972.928 mOhm.
    I0.Q3(29).bjtinsub: `minr' has the unusually small value of 10 fOhm. {"history": "MonteCarlo.1", "point": 48, "testname": "TRAN_VDD_MC", "cornername": "Nominal"}
[2026-05-27 11:52:27.853 Z] [INFO] [cadence.virtuoso.ade.simulationMonitor] - Notice from spectre in `vert10':`I0.Q3(28)', in `fecg_bandgap3_layout':`I0', during Monte Carlo analysis `mc1'.
    I0.Q3(28).bjtinsub: `rbm' has the unusually small value of 972.928 mOhm.
        Further occurrences of this notice will be suppressed. {"history": "MonteCarlo.1", "point": 48, "testname": "TRAN_VDD_MC", "cornername": "Nominal"}
[2026-05-27 11:52:27.854 Z] [INFO] [cadence.virtuoso.ade.simulationMonitor] - Notice from spectre during IC analysis, during transient analysis `tran', during Monte Carlo analysis `mc1'.
    GminDC = 1 pS is large enough to noticeably affect the DC solution.
        dV(I0.227\:S) = -13.8348 uV
        Use the `gmin_check' option to eliminate or expand this report.
    Bad pivoting is found during DC analysis. Option dc_pivot_check=yes is recommended for possible improvement of convergence. {"history": "MonteCarlo.1", "point": 48, "testname": "TRAN_VDD_MC", "cornername": "Nominal"}
[2026-05-27 11:52:27.854 Z] [WARN] [cadence.virtuoso.ade.simulationMonitor] -     WARNING (CMI-2943): Parameter checks have been ignored because the valid value for parameter 'trise' could not be found in 'C0'. {"history": "MonteCarlo.1", "point": 48, "testname": "TRAN_VDD_MC", "cornername": "Nominal"}
[2026-05-27 11:52:27.855 Z] [WARN] [cadence.virtuoso.ade.simulationMonitor] -     WARNING (CMI-2943): Parameter checks have been ignored because the valid value for parameter 'trise' could not be found in 'I0.R44.CM'. {"history": "MonteCarlo.1", "point": 48, "testname": "TRAN_VDD_MC", "cornername": "Nominal"}
[2026-05-27 11:52:27.855 Z] [WARN] [cadence.virtuoso.ade.simulationMonitor] -     WARNING (CMI-2943): Parameter checks have been ignored because the valid value for parameter 'trise' could not be found in 'I0.R44.CS1'. {"history": "MonteCarlo.1", "point": 48, "testname": "TRAN_VDD_MC", "cornername": "Nominal"}
[2026-05-27 11:52:27.856 Z] [WARN] [cadence.virtuoso.ade.simulationMonitor] -     WARNING (CMI-2943): Parameter checks have been ignored because the valid value for parameter 'trise' could not be found in 'I0.R44.CS0'. {"history": "MonteCarlo.1", "point": 48, "testname": "TRAN_VDD_MC", "cornername": "Nominal"}
[2026-05-27 11:52:27.856 Z] [WARN] [cadence.virtuoso.ade.simulationMonitor] -     WARNING (CMI-2943): Parameter checks have been ignored because the valid value for parameter 'trise' could not be found in 'I0.R23.CM'.
        Further occurrences of this warning will be suppressed. {"history": "MonteCarlo.1", "point": 48, "testname": "TRAN_VDD_MC", "cornername": "Nominal"}
[2026-05-27 11:52:27.857 Z] [PROCESS] [cadence.virtuoso.ade.simulationMonitor] - Finished simulating for one iteration {"hostname": "il2244vt26_hrahimi", "processid": 311819, "history": "MonteCarlo.1", "testname": "TRAN_VDD_MC", "cornername": "Nominal", "point": 48, "logfile": "/home/hrahimi/projects/POTENTIOSTAT_26/logs_hrahimi/logs0/Job54.log", "simid": "1"}
[2026-05-27 11:52:27.857 Z] [PROCESS] [cadence.virtuoso.ade.simulationMonitor] - Started Simulation {"hostname": "il2244vt26_hrahimi", "processid": 311819, "history": "MonteCarlo.1", "testname": "TRAN_VDD_MC", "cornername": "Nominal", "point": 49, "logfile": "/home/hrahimi/projects/POTENTIOSTAT_26/logs_hrahimi/logs0/Job54.log", "event": "started", "task": "simulation"}
[2026-05-27 11:52:28.358 Z] [INFO] [cadence.virtuoso.ade.simulationMonitor] - Total time required for tran analysis `tran': CPU = 617.351 ms, elapsed = 347.85 ms, util. = 177%. {"history": "MonteCarlo.1", "point": 49, "testname": "TRAN_VDD_MC", "cornername": "Nominal"}
[2026-05-27 11:52:28.359 Z] [INFO] [cadence.virtuoso.ade.simulationMonitor] - Peak resident memory used = 267 Mbytes. {"history": "MonteCarlo.1", "point": 49, "testname": "TRAN_VDD_MC", "cornername": "Nominal"}
[2026-05-27 11:52:28.360 Z] [INFO] [cadence.virtuoso.ade.simulationMonitor] - Notice from spectre during transient analysis `tran', during Monte Carlo analysis `mc1'.
    121 notices suppressed.
    137 warnings suppressed. {"history": "MonteCarlo.1", "point": 49, "testname": "TRAN_VDD_MC", "cornername": "Nominal"}
[2026-05-27 11:52:28.360 Z] [INFO] [cadence.virtuoso.ade.simulationMonitor] - Notice from spectre in `vert10':`I0.Q3(30)', in `fecg_bandgap3_layout':`I0', during Monte Carlo analysis `mc1'.
    I0.Q3(30).bjtinsub: `minr' has the unusually small value of 10 fOhm. {"history": "MonteCarlo.1", "point": 49, "testname": "TRAN_VDD_MC", "cornername": "Nominal"}
[2026-05-27 11:52:28.361 Z] [INFO] [cadence.virtuoso.ade.simulationMonitor] - Notice from spectre in `vert10':`I0.Q3(29)', in `fecg_bandgap3_layout':`I0', during Monte Carlo analysis `mc1'.
    I0.Q3(29).bjtinsub: `minr' has the unusually small value of 10 fOhm. {"history": "MonteCarlo.1", "point": 49, "testname": "TRAN_VDD_MC", "cornername": "Nominal"}
[2026-05-27 11:52:28.361 Z] [INFO] [cadence.virtuoso.ade.simulationMonitor] - Notice from spectre in `vert10':`I0.Q3(28)', in `fecg_bandgap3_layout':`I0', during Monte Carlo analysis `mc1'.
    I0.Q3(28).bjtinsub: `minr' has the unusually small value of 10 fOhm. {"history": "MonteCarlo.1", "point": 49, "testname": "TRAN_VDD_MC", "cornername": "Nominal"}
[2026-05-27 11:52:28.362 Z] [INFO] [cadence.virtuoso.ade.simulationMonitor] - Notice from spectre in `vert10':`I0.Q3(27)', in `fecg_bandgap3_layout':`I0', during Monte Carlo analysis `mc1'.
    I0.Q3(27).bjtinsub: `minr' has the unusually small value of 10 fOhm. {"history": "MonteCarlo.1", "point": 49, "testname": "TRAN_VDD_MC", "cornername": "Nominal"}
[2026-05-27 11:52:28.362 Z] [INFO] [cadence.virtuoso.ade.simulationMonitor] - Notice from spectre in `vert10':`I0.Q3(26)', in `fecg_bandgap3_layout':`I0', during Monte Carlo analysis `mc1'.
    I0.Q3(26).bjtinsub: `minr' has the unusually small value of 10 fOhm.
        Further occurrences of this notice will be suppressed. {"history": "MonteCarlo.1", "point": 49, "testname": "TRAN_VDD_MC", "cornername": "Nominal"}
[2026-05-27 11:52:28.363 Z] [PROCESS] [cadence.virtuoso.ade.simulationMonitor] - Finished simulating for one iteration {"hostname": "il2244vt26_hrahimi", "processid": 311819, "history": "MonteCarlo.1", "testname": "TRAN_VDD_MC", "cornername": "Nominal", "point": 49, "logfile": "/home/hrahimi/projects/POTENTIOSTAT_26/logs_hrahimi/logs0/Job54.log", "simid": "1"}
[2026-05-27 11:52:28.363 Z] [PROCESS] [cadence.virtuoso.ade.simulationMonitor] - Started Simulation {"hostname": "il2244vt26_hrahimi", "processid": 311819, "history": "MonteCarlo.1", "testname": "TRAN_VDD_MC", "cornername": "Nominal", "point": 50, "logfile": "/home/hrahimi/projects/POTENTIOSTAT_26/logs_hrahimi/logs0/Job54.log", "event": "started", "task": "simulation"}
[2026-05-27 11:52:28.865 Z] [INFO] [cadence.virtuoso.ade.simulationMonitor] - Notice from spectre during IC analysis, during transient analysis `tran', during Monte Carlo analysis `mc1'.
    GminDC = 1 pS is large enough to noticeably affect the DC solution.
        dV(I0.227\:S) = -25.5075 uV
        Use the `gmin_check' option to eliminate or expand this report.
    Bad pivoting is found during DC analysis. Option dc_pivot_check=yes is recommended for possible improvement of convergence. {"history": "MonteCarlo.1", "point": 50, "testname": "TRAN_VDD_MC", "cornername": "Nominal"}
[2026-05-27 11:52:28.865 Z] [WARN] [cadence.virtuoso.ade.simulationMonitor] -     WARNING (CMI-2943): Parameter checks have been ignored because the valid value for parameter 'trise' could not be found in 'C0'. {"history": "MonteCarlo.1", "point": 50, "testname": "TRAN_VDD_MC", "cornername": "Nominal"}
[2026-05-27 11:52:28.866 Z] [WARN] [cadence.virtuoso.ade.simulationMonitor] -     WARNING (CMI-2943): Parameter checks have been ignored because the valid value for parameter 'trise' could not be found in 'I0.R44.CM'. {"history": "MonteCarlo.1", "point": 50, "testname": "TRAN_VDD_MC", "cornername": "Nominal"}
[2026-05-27 11:52:28.866 Z] [WARN] [cadence.virtuoso.ade.simulationMonitor] -     WARNING (CMI-2943): Parameter checks have been ignored because the valid value for parameter 'trise' could not be found in 'I0.R44.CS1'. {"history": "MonteCarlo.1", "point": 50, "testname": "TRAN_VDD_MC", "cornername": "Nominal"}
[2026-05-27 11:52:28.866 Z] [WARN] [cadence.virtuoso.ade.simulationMonitor] -     WARNING (CMI-2943): Parameter checks have been ignored because the valid value for parameter 'trise' could not be found in 'I0.R44.CS0'. {"history": "MonteCarlo.1", "point": 50, "testname": "TRAN_VDD_MC", "cornername": "Nominal"}
[2026-05-27 11:52:28.867 Z] [WARN] [cadence.virtuoso.ade.simulationMonitor] -     WARNING (CMI-2943): Parameter checks have been ignored because the valid value for parameter 'trise' could not be found in 'I0.R23.CM'.
        Further occurrences of this warning will be suppressed. {"history": "MonteCarlo.1", "point": 50, "testname": "TRAN_VDD_MC", "cornername": "Nominal"}
[2026-05-27 11:52:28.867 Z] [WARN] [cadence.virtuoso.ade.simulationMonitor] -     WARNING (SPECTRE-17192): 
        Tolerance relaxation is used during DC simulation which may affect the accuracy of the result. This is mainly caused by the high impedance nodes in the circuit. Use the dyn_highz check to determine the high impedance nodes. Setting/assigning appropriate initial values to these nodes will usually help to improve both performance and accuracy of DC simulations. {"history": "MonteCarlo.1", "point": 50, "testname": "TRAN_VDD_MC", "cornername": "Nominal"}
[2026-05-27 11:52:28.867 Z] [INFO] [cadence.virtuoso.ade.simulationMonitor] - Total time required for tran analysis `tran': CPU = 648.854 ms, elapsed = 404.85 ms, util. = 160%. {"history": "MonteCarlo.1", "point": 50, "testname": "TRAN_VDD_MC", "cornername": "Nominal"}
[2026-05-27 11:52:28.868 Z] [INFO] [cadence.virtuoso.ade.simulationMonitor] - Peak resident memory used = 267 Mbytes. {"history": "MonteCarlo.1", "point": 50, "testname": "TRAN_VDD_MC", "cornername": "Nominal"}
[2026-05-27 11:52:28.868 Z] [INFO] [cadence.virtuoso.ade.simulationMonitor] - Notice from spectre during transient analysis `tran', during Monte Carlo analysis `mc1'.
    58 notices suppressed.
    137 warnings suppressed. {"history": "MonteCarlo.1", "point": 50, "testname": "TRAN_VDD_MC", "cornername": "Nominal"}
[2026-05-27 11:52:28.868 Z] [INFO] [cadence.virtuoso.ade.simulationMonitor] - Notice from spectre in `vert10':`I0.Q3(30)', in `fecg_bandgap3_layout':`I0', during Monte Carlo analysis `mc1'.
    I0.Q3(30).bjtinsub: `rbm' has the unusually small value of 922.928 mOhm.
    I0.Q3(30).bjtinsub: `minr' has the unusually small value of 10 fOhm. {"history": "MonteCarlo.1", "point": 50, "testname": "TRAN_VDD_MC", "cornername": "Nominal"}
[2026-05-27 11:52:28.869 Z] [INFO] [cadence.virtuoso.ade.simulationMonitor] - Notice from spectre in `vert10':`I0.Q3(29)', in `fecg_bandgap3_layout':`I0', during Monte Carlo analysis `mc1'.
    I0.Q3(29).bjtinsub: `rbm' has the unusually small value of 922.928 mOhm.
    I0.Q3(29).bjtinsub: `minr' has the unusually small value of 10 fOhm. {"history": "MonteCarlo.1", "point": 50, "testname": "TRAN_VDD_MC", "cornername": "Nominal"}
[2026-05-27 11:52:28.869 Z] [INFO] [cadence.virtuoso.ade.simulationMonitor] - Notice from spectre in `vert10':`I0.Q3(28)', in `fecg_bandgap3_layout':`I0', during Monte Carlo analysis `mc1'.
    I0.Q3(28).bjtinsub: `rbm' has the unusually small value of 922.928 mOhm.
        Further occurrences of this notice will be suppressed. {"history": "MonteCarlo.1", "point": 50, "testname": "TRAN_VDD_MC", "cornername": "Nominal"}
[2026-05-27 11:52:28.870 Z] [INFO] [cadence.virtuoso.ade.simulationMonitor] - Notice from spectre during IC analysis, during transient analysis `tran', during Monte Carlo analysis `mc1'.
    GminDC = 1 pS is large enough to noticeably affect the DC solution.
        dV(I0.208\:S) = -59.0179 uV
        Use the `gmin_check' option to eliminate or expand this report.
    Bad pivoting is found during DC analysis. Option dc_pivot_check=yes is recommended for possible improvement of convergence. {"history": "MonteCarlo.1", "point": 50, "testname": "TRAN_VDD_MC", "cornername": "Nominal"}
[2026-05-27 11:52:28.870 Z] [WARN] [cadence.virtuoso.ade.simulationMonitor] -     WARNING (CMI-2943): Parameter checks have been ignored because the valid value for parameter 'trise' could not be found in 'C0'. {"history": "MonteCarlo.1", "point": 50, "testname": "TRAN_VDD_MC", "cornername": "Nominal"}
[2026-05-27 11:52:28.871 Z] [WARN] [cadence.virtuoso.ade.simulationMonitor] -     WARNING (CMI-2943): Parameter checks have been ignored because the valid value for parameter 'trise' could not be found in 'I0.R44.CM'. {"history": "MonteCarlo.1", "point": 50, "testname": "TRAN_VDD_MC", "cornername": "Nominal"}
[2026-05-27 11:52:28.871 Z] [WARN] [cadence.virtuoso.ade.simulationMonitor] -     WARNING (CMI-2943): Parameter checks have been ignored because the valid value for parameter 'trise' could not be found in 'I0.R44.CS1'. {"history": "MonteCarlo.1", "point": 50, "testname": "TRAN_VDD_MC", "cornername": "Nominal"}
[2026-05-27 11:52:28.871 Z] [WARN] [cadence.virtuoso.ade.simulationMonitor] -     WARNING (CMI-2943): Parameter checks have been ignored because the valid value for parameter 'trise' could not be found in 'I0.R44.CS0'. {"history": "MonteCarlo.1", "point": 50, "testname": "TRAN_VDD_MC", "cornername": "Nominal"}
[2026-05-27 11:52:28.872 Z] [WARN] [cadence.virtuoso.ade.simulationMonitor] -     WARNING (CMI-2943): Parameter checks have been ignored because the valid value for parameter 'trise' could not be found in 'I0.R23.CM'.
        Further occurrences of this warning will be suppressed. {"history": "MonteCarlo.1", "point": 50, "testname": "TRAN_VDD_MC", "cornername": "Nominal"}
[2026-05-27 11:52:28.872 Z] [PROCESS] [cadence.virtuoso.ade.simulationMonitor] - Finished simulating for one iteration {"hostname": "il2244vt26_hrahimi", "processid": 311819, "history": "MonteCarlo.1", "testname": "TRAN_VDD_MC", "cornername": "Nominal", "point": 50, "logfile": "/home/hrahimi/projects/POTENTIOSTAT_26/logs_hrahimi/logs0/Job54.log", "simid": "1"}
[2026-05-27 11:52:28.873 Z] [PROCESS] [cadence.virtuoso.ade.simulationMonitor] - Started Simulation {"hostname": "il2244vt26_hrahimi", "processid": 311819, "history": "MonteCarlo.1", "testname": "TRAN_VDD_MC", "cornername": "Nominal", "point": 51, "logfile": "/home/hrahimi/projects/POTENTIOSTAT_26/logs_hrahimi/logs0/Job54.log", "event": "started", "task": "simulation"}
[2026-05-27 11:52:29.378 Z] [PROCESS] [cadence.virtuoso.ade.simulationMonitor] - Finished simulating for one iteration {"hostname": "il2244vt26_hrahimi", "processid": 311819, "history": "MonteCarlo.1", "testname": "TRAN_VDD_MC", "cornername": "Nominal", "point": 51, "logfile": "/home/hrahimi/projects/POTENTIOSTAT_26/logs_hrahimi/logs0/Job54.log", "simid": "1"}
[2026-05-27 11:52:29.379 Z] [PROCESS] [cadence.virtuoso.ade.simulationMonitor] - Started Simulation {"hostname": "il2244vt26_hrahimi", "processid": 311819, "history": "MonteCarlo.1", "testname": "TRAN_VDD_MC", "cornername": "Nominal", "point": 52, "logfile": "/home/hrahimi/projects/POTENTIOSTAT_26/logs_hrahimi/logs0/Job54.log", "event": "started", "task": "simulation"}
[2026-05-27 11:52:29.880 Z] [INFO] [cadence.virtuoso.ade.simulationMonitor] - Total time required for tran analysis `tran': CPU = 797.653 ms, elapsed = 555.075 ms, util. = 144%. {"history": "MonteCarlo.1", "point": 52, "testname": "TRAN_VDD_MC", "cornername": "Nominal"}
[2026-05-27 11:52:29.881 Z] [INFO] [cadence.virtuoso.ade.simulationMonitor] - Peak resident memory used = 267 Mbytes. {"history": "MonteCarlo.1", "point": 52, "testname": "TRAN_VDD_MC", "cornername": "Nominal"}
[2026-05-27 11:52:29.881 Z] [INFO] [cadence.virtuoso.ade.simulationMonitor] - Notice from spectre during transient analysis `tran', during Monte Carlo analysis `mc1'.
    121 notices suppressed.
    137 warnings suppressed. {"history": "MonteCarlo.1", "point": 52, "testname": "TRAN_VDD_MC", "cornername": "Nominal"}
[2026-05-27 11:52:29.883 Z] [INFO] [cadence.virtuoso.ade.simulationMonitor] - Notice from spectre in `vert10':`I0.Q3(30)', in `fecg_bandgap3_layout':`I0', during Monte Carlo analysis `mc1'.
    I0.Q3(30).bjtinsub: `minr' has the unusually small value of 10 fOhm. {"history": "MonteCarlo.1", "point": 52, "testname": "TRAN_VDD_MC", "cornername": "Nominal"}
[2026-05-27 11:52:29.883 Z] [INFO] [cadence.virtuoso.ade.simulationMonitor] - Notice from spectre in `vert10':`I0.Q3(29)', in `fecg_bandgap3_layout':`I0', during Monte Carlo analysis `mc1'.
    I0.Q3(29).bjtinsub: `minr' has the unusually small value of 10 fOhm. {"history": "MonteCarlo.1", "point": 52, "testname": "TRAN_VDD_MC", "cornername": "Nominal"}
[2026-05-27 11:52:29.884 Z] [INFO] [cadence.virtuoso.ade.simulationMonitor] - Notice from spectre in `vert10':`I0.Q3(28)', in `fecg_bandgap3_layout':`I0', during Monte Carlo analysis `mc1'.
    I0.Q3(28).bjtinsub: `minr' has the unusually small value of 10 fOhm. {"history": "MonteCarlo.1", "point": 52, "testname": "TRAN_VDD_MC", "cornername": "Nominal"}
[2026-05-27 11:52:29.884 Z] [INFO] [cadence.virtuoso.ade.simulationMonitor] - Notice from spectre in `vert10':`I0.Q3(27)', in `fecg_bandgap3_layout':`I0', during Monte Carlo analysis `mc1'.
    I0.Q3(27).bjtinsub: `minr' has the unusually small value of 10 fOhm. {"history": "MonteCarlo.1", "point": 52, "testname": "TRAN_VDD_MC", "cornername": "Nominal"}
[2026-05-27 11:52:29.885 Z] [INFO] [cadence.virtuoso.ade.simulationMonitor] - Notice from spectre in `vert10':`I0.Q3(26)', in `fecg_bandgap3_layout':`I0', during Monte Carlo analysis `mc1'.
    I0.Q3(26).bjtinsub: `minr' has the unusually small value of 10 fOhm.
        Further occurrences of this notice will be suppressed. {"history": "MonteCarlo.1", "point": 52, "testname": "TRAN_VDD_MC", "cornername": "Nominal"}
[2026-05-27 11:52:29.885 Z] [INFO] [cadence.virtuoso.ade.simulationMonitor] - Notice from spectre during IC analysis, during transient analysis `tran', during Monte Carlo analysis `mc1'.
    GminDC = 1 pS is large enough to noticeably affect the DC solution.
        dV(I0.208\:S) = 1.35046 uV
        Use the `gmin_check' option to eliminate or expand this report.
    Bad pivoting is found during DC analysis. Option dc_pivot_check=yes is recommended for possible improvement of convergence. {"history": "MonteCarlo.1", "point": 52, "testname": "TRAN_VDD_MC", "cornername": "Nominal"}
[2026-05-27 11:52:29.886 Z] [WARN] [cadence.virtuoso.ade.simulationMonitor] -     WARNING (CMI-2943): Parameter checks have been ignored because the valid value for parameter 'trise' could not be found in 'C0'. {"history": "MonteCarlo.1", "point": 52, "testname": "TRAN_VDD_MC", "cornername": "Nominal"}
[2026-05-27 11:52:29.886 Z] [WARN] [cadence.virtuoso.ade.simulationMonitor] -     WARNING (CMI-2943): Parameter checks have been ignored because the valid value for parameter 'trise' could not be found in 'I0.R44.CM'. {"history": "MonteCarlo.1", "point": 52, "testname": "TRAN_VDD_MC", "cornername": "Nominal"}
[2026-05-27 11:52:29.887 Z] [WARN] [cadence.virtuoso.ade.simulationMonitor] -     WARNING (CMI-2943): Parameter checks have been ignored because the valid value for parameter 'trise' could not be found in 'I0.R44.CS1'. {"history": "MonteCarlo.1", "point": 52, "testname": "TRAN_VDD_MC", "cornername": "Nominal"}
[2026-05-27 11:52:29.887 Z] [WARN] [cadence.virtuoso.ade.simulationMonitor] -     WARNING (CMI-2943): Parameter checks have been ignored because the valid value for parameter 'trise' could not be found in 'I0.R44.CS0'. {"history": "MonteCarlo.1", "point": 52, "testname": "TRAN_VDD_MC", "cornername": "Nominal"}
[2026-05-27 11:52:29.887 Z] [WARN] [cadence.virtuoso.ade.simulationMonitor] -     WARNING (CMI-2943): Parameter checks have been ignored because the valid value for parameter 'trise' could not be found in 'I0.R23.CM'.
        Further occurrences of this warning will be suppressed. {"history": "MonteCarlo.1", "point": 52, "testname": "TRAN_VDD_MC", "cornername": "Nominal"}
[2026-05-27 11:52:30.389 Z] [INFO] [cadence.virtuoso.ade.simulationMonitor] - Total time required for tran analysis `tran': CPU = 764.876 ms, elapsed = 481.305 ms, util. = 159%. {"history": "MonteCarlo.1", "point": 52, "testname": "TRAN_VDD_MC", "cornername": "Nominal"}
[2026-05-27 11:52:30.390 Z] [INFO] [cadence.virtuoso.ade.simulationMonitor] - Peak resident memory used = 268 Mbytes. {"history": "MonteCarlo.1", "point": 52, "testname": "TRAN_VDD_MC", "cornername": "Nominal"}
[2026-05-27 11:52:30.391 Z] [INFO] [cadence.virtuoso.ade.simulationMonitor] - Notice from spectre during transient analysis `tran', during Monte Carlo analysis `mc1'.
    58 notices suppressed.
    137 warnings suppressed. {"history": "MonteCarlo.1", "point": 52, "testname": "TRAN_VDD_MC", "cornername": "Nominal"}
[2026-05-27 11:52:30.391 Z] [INFO] [cadence.virtuoso.ade.simulationMonitor] - Total time required for montecarlo analysis `mc1': CPU = 12.1313 s, elapsed = 8.53545 s, util. = 142%. {"history": "MonteCarlo.1", "point": 52, "testname": "TRAN_VDD_MC", "cornername": "Nominal"}
[2026-05-27 11:52:30.392 Z] [INFO] [cadence.virtuoso.ade.simulationMonitor] - Peak resident memory used = 268 Mbytes. {"history": "MonteCarlo.1", "point": 52, "testname": "TRAN_VDD_MC", "cornername": "Nominal"}
[2026-05-27 11:52:30.392 Z] [INFO] [cadence.virtuoso.ade.simulationMonitor] - Time used: CPU = 13.6 s, elapsed = 10.6 s, util. = 128%. {"history": "MonteCarlo.1", "point": 52, "testname": "TRAN_VDD_MC", "cornername": "Nominal"}
[2026-05-27 11:52:30.393 Z] [INFO] [cadence.virtuoso.ade.simulationMonitor] - Time spent in licensing: elapsed = 96.7 ms. {"history": "MonteCarlo.1", "point": 52, "testname": "TRAN_VDD_MC", "cornername": "Nominal"}
[2026-05-27 11:52:30.394 Z] [INFO] [cadence.virtuoso.ade.simulationMonitor] - Peak memory used = 268 Mbytes. {"history": "MonteCarlo.1", "point": 52, "testname": "TRAN_VDD_MC", "cornername": "Nominal"}
[2026-05-27 11:52:30.397 Z] [PROCESS] [cadence.virtuoso.ade.simulationMonitor] - Simulation started at: 11:52:19 AM, Wed May 27, 2026, ended at: 11:52:30 AM, Wed May 27, 2026, with elapsed time (wall clock): 10.6 s. {"history": "MonteCarlo.1", "point": 40, "testname": "TRAN_VDD_MC", "cornername": "Nominal", "Points": "40 41 42 43 44 45 46 47 48 49 50 51 52 "}
[2026-05-27 11:52:30.398 Z] [PROCESS] [cadence.virtuoso.ade.simulationMonitor] - spectre completes with 0 errors, 98 warnings, and 129 notices. {"history": "MonteCarlo.1", "point": 40, "testname": "TRAN_VDD_MC", "cornername": "Nominal", "Points": "40 41 42 43 44 45 46 47 48 49 50 51 52 "}
[2026-05-27 11:52:30.398 Z] [PROCESS] [cadence.virtuoso.ade.simulationMonitor] - Finished simulating for one iteration {"hostname": "il2244vt26_hrahimi", "processid": 311819, "history": "MonteCarlo.1", "testname": "TRAN_VDD_MC", "cornername": "Nominal", "point": 52, "logfile": "/home/hrahimi/projects/POTENTIOSTAT_26/logs_hrahimi/logs0/Job54.log", "simid": "1"}
[2026-05-27 11:52:30.399 Z] [PROCESS] [cadence.virtuoso.ade.simulationMonitor] - Simulator exited {"hostname": "il2244vt26_hrahimi", "processid": 311819, "history": "MonteCarlo.1", "testname": "TRAN_VDD_MC", "cornername": "Nominal", "point": 52, "logfile": "/home/hrahimi/projects/POTENTIOSTAT_26/logs_hrahimi/logs0/Job54.log", "exitStatus": "0"}
[2026-05-27 11:52:30.400 Z] [PROCESS] [cadence.virtuoso.ade.simulationMonitor] - Finished Simulation {"hostname": "il2244vt26_hrahimi", "processid": 311819, "history": "MonteCarlo.1", "testname": "TRAN_VDD_MC", "cornername": "Nominal", "point": 40, "logfile": "/home/hrahimi/projects/POTENTIOSTAT_26/logs_hrahimi/logs0/Job54.log", "simid": "1"}
[2026-05-27 11:52:49.441 Z] [PROCESS] [cadence.virtuoso.ade.simulationMonitor] - Point Finished {"hostname": "il2244vt26_hrahimi", "processid": 311819, "history": "MonteCarlo.1", "testname": "TRAN_VDD_MC", "cornername": "Nominal", "point": 40, "logfile": "/home/hrahimi/projects/POTENTIOSTAT_26/logs_hrahimi/logs0/Job54.log"}
[2026-05-27 11:52:50.446 Z] [PROCESS] [cadence.virtuoso.ade.simulationMonitor] - Stay with the runId '6', Linger time '300', currentRunSyn '13', currentTestSyn '14' {"hostname": "il2244vt26_hrahimi", "processid": 311819, "history": "MonteCarlo.1", "testname": "TRAN_VDD_MC", "cornername": "Nominal", "point": 40, "logfile": "/home/hrahimi/projects/POTENTIOSTAT_26/logs_hrahimi/logs0/Job54.log"}
[2026-05-27 11:52:51.447 Z] [PROCESS] [cadence.virtuoso.ade.simulationMonitor] - Stay with the runId '6', Linger time '300', currentRunSyn '13', currentTestSyn '14' {"hostname": "il2244vt26_hrahimi", "processid": 311819, "history": "MonteCarlo.1", "testname": "TRAN_VDD_MC", "cornername": "Nominal", "point": 40, "logfile": "/home/hrahimi/projects/POTENTIOSTAT_26/logs_hrahimi/logs0/Job54.log"}
[2026-05-27 11:52:52.448 Z] [PROCESS] [cadence.virtuoso.ade.simulationMonitor] - Stay with the runId '6', Linger time '300', currentRunSyn '13', currentTestSyn '14' {"hostname": "il2244vt26_hrahimi", "processid": 311819, "history": "MonteCarlo.1", "testname": "TRAN_VDD_MC", "cornername": "Nominal", "point": 40, "logfile": "/home/hrahimi/projects/POTENTIOSTAT_26/logs_hrahimi/logs0/Job54.log"}
[2026-05-27 11:52:53.448 Z] [PROCESS] [cadence.virtuoso.ade.simulationMonitor] - Stay with the runId '6', Linger time '300', currentRunSyn '13', currentTestSyn '14' {"hostname": "il2244vt26_hrahimi", "processid": 311819, "history": "MonteCarlo.1", "testname": "TRAN_VDD_MC", "cornername": "Nominal", "point": 40, "logfile": "/home/hrahimi/projects/POTENTIOSTAT_26/logs_hrahimi/logs0/Job54.log"}
[2026-05-27 11:52:54.450 Z] [PROCESS] [cadence.virtuoso.ade.simulationMonitor] - Stay with the runId '6', Linger time '300', currentRunSyn '13', currentTestSyn '14' {"hostname": "il2244vt26_hrahimi", "processid": 311819, "history": "MonteCarlo.1", "testname": "TRAN_VDD_MC", "cornername": "Nominal", "point": 40, "logfile": "/home/hrahimi/projects/POTENTIOSTAT_26/logs_hrahimi/logs0/Job54.log"}
[2026-05-27 11:52:55.449 Z] [PROCESS] [cadence.virtuoso.ade.simulationMonitor] - Stay with the runId '6', Linger time '300', currentRunSyn '13', currentTestSyn '14' {"hostname": "il2244vt26_hrahimi", "processid": 311819, "history": "MonteCarlo.1", "testname": "TRAN_VDD_MC", "cornername": "Nominal", "point": 40, "logfile": "/home/hrahimi/projects/POTENTIOSTAT_26/logs_hrahimi/logs0/Job54.log"}
[2026-05-27 11:52:56.449 Z] [PROCESS] [cadence.virtuoso.ade.simulationMonitor] - Stay with the runId '6', Linger time '300', currentRunSyn '13', currentTestSyn '14' {"hostname": "il2244vt26_hrahimi", "processid": 311819, "history": "MonteCarlo.1", "testname": "TRAN_VDD_MC", "cornername": "Nominal", "point": 40, "logfile": "/home/hrahimi/projects/POTENTIOSTAT_26/logs_hrahimi/logs0/Job54.log"}
[2026-05-27 11:52:57.451 Z] [PROCESS] [cadence.virtuoso.ade.simulationMonitor] - Stay with the runId '6', Linger time '300', currentRunSyn '13', currentTestSyn '14' {"hostname": "il2244vt26_hrahimi", "processid": 311819, "history": "MonteCarlo.1", "testname": "TRAN_VDD_MC", "cornername": "Nominal", "point": 40, "logfile": "/home/hrahimi/projects/POTENTIOSTAT_26/logs_hrahimi/logs0/Job54.log"}
[2026-05-27 11:52:58.451 Z] [PROCESS] [cadence.virtuoso.ade.simulationMonitor] - Stay with the runId '6', Linger time '300', currentRunSyn '13', currentTestSyn '14' {"hostname": "il2244vt26_hrahimi", "processid": 311819, "history": "MonteCarlo.1", "testname": "TRAN_VDD_MC", "cornername": "Nominal", "point": 40, "logfile": "/home/hrahimi/projects/POTENTIOSTAT_26/logs_hrahimi/logs0/Job54.log"}
[2026-05-27 11:52:59.452 Z] [PROCESS] [cadence.virtuoso.ade.simulationMonitor] - Stay with the runId '6', Linger time '300', currentRunSyn '13', currentTestSyn '14' {"hostname": "il2244vt26_hrahimi", "processid": 311819, "history": "MonteCarlo.1", "testname": "TRAN_VDD_MC", "cornername": "Nominal", "point": 40, "logfile": "/home/hrahimi/projects/POTENTIOSTAT_26/logs_hrahimi/logs0/Job54.log"}
[2026-05-27 11:53:00.453 Z] [PROCESS] [cadence.virtuoso.ade.simulationMonitor] - Stay with the runId '6', Linger time '300', currentRunSyn '13', currentTestSyn '14' {"hostname": "il2244vt26_hrahimi", "processid": 311819, "history": "MonteCarlo.1", "testname": "TRAN_VDD_MC", "cornername": "Nominal", "point": 40, "logfile": "/home/hrahimi/projects/POTENTIOSTAT_26/logs_hrahimi/logs0/Job54.log"}
[2026-05-27 11:53:01.453 Z] [PROCESS] [cadence.virtuoso.ade.simulationMonitor] - Stay with the runId '6', Linger time '300', currentRunSyn '13', currentTestSyn '14' {"hostname": "il2244vt26_hrahimi", "processid": 311819, "history": "MonteCarlo.1", "testname": "TRAN_VDD_MC", "cornername": "Nominal", "point": 40, "logfile": "/home/hrahimi/projects/POTENTIOSTAT_26/logs_hrahimi/logs0/Job54.log"}
[2026-05-27 11:53:02.454 Z] [PROCESS] [cadence.virtuoso.ade.simulationMonitor] - Stay with the runId '6', Linger time '300', currentRunSyn '13', currentTestSyn '14' {"hostname": "il2244vt26_hrahimi", "processid": 311819, "history": "MonteCarlo.1", "testname": "TRAN_VDD_MC", "cornername": "Nominal", "point": 40, "logfile": "/home/hrahimi/projects/POTENTIOSTAT_26/logs_hrahimi/logs0/Job54.log"}
[2026-05-27 11:53:03.455 Z] [PROCESS] [cadence.virtuoso.ade.simulationMonitor] - Stay with the runId '6', Linger time '300', currentRunSyn '13', currentTestSyn '14' {"hostname": "il2244vt26_hrahimi", "processid": 311819, "history": "MonteCarlo.1", "testname": "TRAN_VDD_MC", "cornername": "Nominal", "point": 40, "logfile": "/home/hrahimi/projects/POTENTIOSTAT_26/logs_hrahimi/logs0/Job54.log"}
[2026-05-27 11:53:04.455 Z] [PROCESS] [cadence.virtuoso.ade.simulationMonitor] - Stay with the runId '6', Linger time '300', currentRunSyn '13', currentTestSyn '14' {"hostname": "il2244vt26_hrahimi", "processid": 311819, "history": "MonteCarlo.1", "testname": "TRAN_VDD_MC", "cornername": "Nominal", "point": 40, "logfile": "/home/hrahimi/projects/POTENTIOSTAT_26/logs_hrahimi/logs0/Job54.log"}
[2026-05-27 11:53:05.456 Z] [PROCESS] [cadence.virtuoso.ade.simulationMonitor] - Stay with the runId '6', Linger time '300', currentRunSyn '13', currentTestSyn '14' {"hostname": "il2244vt26_hrahimi", "processid": 311819, "history": "MonteCarlo.1", "testname": "TRAN_VDD_MC", "cornername": "Nominal", "point": 40, "logfile": "/home/hrahimi/projects/POTENTIOSTAT_26/logs_hrahimi/logs0/Job54.log"}
[2026-05-27 11:53:06.457 Z] [PROCESS] [cadence.virtuoso.ade.simulationMonitor] - Stay with the runId '6', Linger time '300', currentRunSyn '13', currentTestSyn '14' {"hostname": "il2244vt26_hrahimi", "processid": 311819, "history": "MonteCarlo.1", "testname": "TRAN_VDD_MC", "cornername": "Nominal", "point": 40, "logfile": "/home/hrahimi/projects/POTENTIOSTAT_26/logs_hrahimi/logs0/Job54.log"}
[2026-05-27 11:57:51.303 Z] [PROCESS] [cadence.virtuoso.ade.simulationMonitor] - Current memory used: 53.7930 MBytes, peak memory used: 53.7930 MBytes {"hostname": "il2244vt26_hrahimi", "processid": 311819, "history": "MonteCarlo.1", "testname": "TRAN_VDD_MC", "cornername": "Nominal", "point": 40, "logfile": "/home/hrahimi/projects/POTENTIOSTAT_26/logs_hrahimi/logs0/Job54.log"}
[2026-05-27 11:57:51.304 Z] [PROCESS] [cadence.virtuoso.ade.simulationMonitor] - Simulation Monitor process exit. {"hostname": "il2244vt26_hrahimi", "processid": 311819, "history": "MonteCarlo.1", "testname": "TRAN_VDD_MC", "cornername": "Nominal", "point": 40, "logfile": "/home/hrahimi/projects/POTENTIOSTAT_26/logs_hrahimi/logs0/Job54.log"}
