[Simulation Monitor: 52]
[2026-05-27 11:52:18.746 Z] [PROCESS] [cadence.virtuoso.ade.simulationMonitor] - Simulation Monitor has successfully started up. Trying to set up communication channels to other components ... {"hostname": "il2244vt26_hrahimi", "processid": 311728, "logfile": "/home/hrahimi/projects/POTENTIOSTAT_26/logs_hrahimi/logs0/Job52.log"}
[2026-05-27 11:52:18.748 Z] [PROCESS] [cadence.virtuoso.ade.simulationMonitor] - Communication channels have been successfully set up. Start processing events ... {"hostname": "il2244vt26_hrahimi", "processid": 311728, "logfile": "/home/hrahimi/projects/POTENTIOSTAT_26/logs_hrahimi/logs0/Job52.log"}
[2026-05-27 11:52:18.749 Z] [PROCESS] [cadence.virtuoso.ade.simulationMonitor] - Considering to start history {"hostname": "il2244vt26_hrahimi", "processid": 311728, "history": "Interactive.37", "logfile": "/home/hrahimi/projects/POTENTIOSTAT_26/logs_hrahimi/logs0/Job52.log"}
[2026-05-27 11:52:18.758 Z] [PROCESS] [cadence.virtuoso.ade.simulationMonitor] - Started History {"hostname": "il2244vt26_hrahimi", "processid": 311728, "history": "MonteCarlo.1", "testname": "TRAN_VDD_MC", "cornername": "Nominal", "point": 14, "logfile": "/home/hrahimi/projects/POTENTIOSTAT_26/logs_hrahimi/logs0/Job52.log"}
[2026-05-27 11:52:18.759 Z] [PROCESS] [cadence.virtuoso.ade.simulationMonitor] - HostInfo:
Host name (type):	il2244vt26_hrahimi (x86_64)
Operating system:	Linux 5.15.0-164-generic #174-Ubuntu SMP Fri Nov 14 20:25:16 UTC 2025 {"hostname": "il2244vt26_hrahimi", "processid": 311728, "history": "MonteCarlo.1", "testname": "TRAN_VDD_MC", "cornername": "Nominal", "point": 14, "logfile": "/home/hrahimi/projects/POTENTIOSTAT_26/logs_hrahimi/logs0/Job52.log", "nodename": "il2244vt26_hrahimi", "domainname": "(none)", "machine": "x86_64", "sysname": "Linux", "release": "5.15.0-164-generic", "version": "#174-Ubuntu SMP Fri Nov 14 20:25:16 UTC 2025"}
[2026-05-27 11:52:18.759 Z] [PROCESS] [cadence.virtuoso.ade.simulationMonitor] - UsageInfo:
pid=311728
totalPhysicalMemory=3023.749672GB,Used=1936.908054GB,totalVirtualMemory=3031.749668GB,Used=1936.935398GB
Cpu: Cores=48, Load average:35.170000,34.950000,34.640000 {"hostname": "il2244vt26_hrahimi", "processid": 311728, "history": "MonteCarlo.1", "testname": "TRAN_VDD_MC", "cornername": "Nominal", "point": 14, "logfile": "/home/hrahimi/projects/POTENTIOSTAT_26/logs_hrahimi/logs0/Job52.log", "pid": "311728", "totalPhysicalMemory": "3023.749672", "physicalMemoryUsed": "1936.908054", "totalVirtualMemory": "3031.749668", "virtualMemoryUsed": "1936.935398", "cpuCores": "48", "processes": "29596", "loadAverage1": "35.170000", "loadAverage5": "34.950000", "loadAverage15": "34.640000", "loadAverage1Percent": "0.732708"}
[2026-05-27 11:52:18.762 Z] [EVENT] [cadence.virtuoso.ade.simulationMonitor] - GroupPoints {"history": "MonteCarlo.1", "point": 14, "testname": "TRAN_VDD_MC", "cornername": "Nominal", "event": "GroupPoints", "EventSource": "Simulation Monitor", "Points": "14:1:26", "HistoryName": "MonteCarlo.1", "logFile": "/home/hrahimi/projects/POTENTIOSTAT_26/logs_hrahimi/logs0/Job52.log", "logFileSize": "2731"}
[2026-05-27 11:52:18.865 Z] [EVENT] [cadence.virtuoso.ade.simulationMonitor] - GroupPoints {"history": "MonteCarlo.1", "point": 14, "testname": "TRAN_VDD_MC", "cornername": "Nominal", "event": "GroupPoints", "EventSource": "spectre", "Points": "14:1:26", "HistoryName": "MonteCarlo.1", "logFile": "/home/hrahimi/projects/POTENTIOSTAT_26/Sim/FBIAS/fecg_bandgap_tb/maestro/results/maestro/MonteCarlo.1/14/TRAN_VDD_MC/groupRunDataDir/psf/spectre.out", "logFileSize": "-1"}
[2026-05-27 11:52:18.879 Z] [PROCESS] [cadence.virtuoso.ade.simulationMonitor] - Simulator launched {"hostname": "il2244vt26_hrahimi", "processid": 311728, "history": "MonteCarlo.1", "testname": "TRAN_VDD_MC", "cornername": "Nominal", "point": 14, "logfile": "/home/hrahimi/projects/POTENTIOSTAT_26/logs_hrahimi/logs0/Job52.log", "simid": "1"}
[2026-05-27 11:52:18.884 Z] [PROCESS] [cadence.virtuoso.ade.simulationMonitor] - Expression evaluator launched {"hostname": "il2244vt26_hrahimi", "processid": 311728, "history": "MonteCarlo.1", "testname": "TRAN_VDD_MC", "cornername": "Nominal", "point": 14, "logfile": "/home/hrahimi/projects/POTENTIOSTAT_26/logs_hrahimi/logs0/Job52.log"}
[2026-05-27 11:52:18.982 Z] [PROCESS] [cadence.virtuoso.ade.simulationMonitor] - Started Simulation {"hostname": "il2244vt26_hrahimi", "processid": 311728, "history": "MonteCarlo.1", "testname": "TRAN_VDD_MC", "cornername": "Nominal", "point": 14, "logfile": "/home/hrahimi/projects/POTENTIOSTAT_26/logs_hrahimi/logs0/Job52.log", "event": "started", "task": "simulation"}
[2026-05-27 11:52:19.984 Z] [WARN] [cadence.virtuoso.ade.simulationMonitor] -     WARNING (SPECTRE-691): This CPU processor does not support x86 advanced vector extensions instructions. This may affect math operations and slow down the simulation. {"history": "MonteCarlo.1", "point": 14, "testname": "TRAN_VDD_MC", "cornername": "Nominal"}
[2026-05-27 11:52:19.985 Z] [INFO] [cadence.virtuoso.ade.simulationMonitor] - Notice from spectre during circuit read-in.
    Pre_Configuration file used: /opt/tools/cadence/installs/SPECTRE241/tools.lnx86/spectre/etc/configs/preset.precfg
    Configuration file used: `/opt/tools/cadence/installs/SPECTRE241/tools.lnx86/spectre/etc/configs/preset.cfg'. {"history": "MonteCarlo.1", "point": 14, "testname": "TRAN_VDD_MC", "cornername": "Nominal"}
[2026-05-27 11:52:19.986 Z] [WARN] [cadence.virtuoso.ade.simulationMonitor] -     WARNING (SPECTRE-8360): line 1511: `ac' is an undefined primitive device. {"history": "MonteCarlo.1", "point": 14, "testname": "TRAN_VDD_MC", "cornername": "Nominal"}
[2026-05-27 11:52:19.987 Z] [WARN] [cadence.virtuoso.ade.simulationMonitor] -     WARNING (SPECTRE-8360): line 1512: `ac' is an undefined primitive device. {"history": "MonteCarlo.1", "point": 14, "testname": "TRAN_VDD_MC", "cornername": "Nominal"}
[2026-05-27 11:52:19.987 Z] [WARN] [cadence.virtuoso.ade.simulationMonitor] -     WARNING (SPECTRE-8360): line 1513: `ac' is an undefined primitive device. {"history": "MonteCarlo.1", "point": 14, "testname": "TRAN_VDD_MC", "cornername": "Nominal"}
[2026-05-27 11:52:19.988 Z] [WARN] [cadence.virtuoso.ade.simulationMonitor] -     WARNING (SPECTRE-8360): line 1514: `ac' is an undefined primitive device. {"history": "MonteCarlo.1", "point": 14, "testname": "TRAN_VDD_MC", "cornername": "Nominal"}
[2026-05-27 11:52:19.988 Z] [WARN] [cadence.virtuoso.ade.simulationMonitor] -     WARNING (SPECTRE-8360): line 1515: `ac' is an undefined primitive device.
        Further occurrences of this warning will be suppressed. {"history": "MonteCarlo.1", "point": 14, "testname": "TRAN_VDD_MC", "cornername": "Nominal"}
[2026-05-27 11:52:19.988 Z] [INFO] [cadence.virtuoso.ade.simulationMonitor] - Peak resident memory used = 183 Mbytes. {"history": "MonteCarlo.1", "point": 14, "testname": "TRAN_VDD_MC", "cornername": "Nominal"}
[2026-05-27 11:52:19.989 Z] [WARN] [cadence.virtuoso.ade.simulationMonitor] -     WARNING (VACOMP-2435): The environment variable CDS_AHDLCMI_ENABLE is no longer supported. Therefore, the simulator will use the default compiled C code flow. {"history": "MonteCarlo.1", "point": 14, "testname": "TRAN_VDD_MC", "cornername": "Nominal"}
[2026-05-27 11:52:20.490 Z] [WARN] [cadence.virtuoso.ade.simulationMonitor] -     WARNING (SFE-3027): The dangling resistor I0.re712 is removed. {"history": "MonteCarlo.1", "point": 14, "testname": "TRAN_VDD_MC", "cornername": "Nominal"}
[2026-05-27 11:52:20.490 Z] [WARN] [cadence.virtuoso.ade.simulationMonitor] -     WARNING (SFE-3027): The dangling resistor I0.re715 is removed. {"history": "MonteCarlo.1", "point": 14, "testname": "TRAN_VDD_MC", "cornername": "Nominal"}
[2026-05-27 11:52:20.493 Z] [WARN] [cadence.virtuoso.ade.simulationMonitor] -     WARNING (SFE-3027): The dangling resistor I0.re718 is removed. {"history": "MonteCarlo.1", "point": 14, "testname": "TRAN_VDD_MC", "cornername": "Nominal"}
[2026-05-27 11:52:20.494 Z] [WARN] [cadence.virtuoso.ade.simulationMonitor] -     WARNING (SFE-3027): The dangling resistor I0.re858 is removed. {"history": "MonteCarlo.1", "point": 14, "testname": "TRAN_VDD_MC", "cornername": "Nominal"}
[2026-05-27 11:52:20.495 Z] [WARN] [cadence.virtuoso.ade.simulationMonitor] -     WARNING (SFE-3027): The dangling resistor I0.re721 is removed.
        Further occurrences of this warning will be suppressed. {"history": "MonteCarlo.1", "point": 14, "testname": "TRAN_VDD_MC", "cornername": "Nominal"}
[2026-05-27 11:52:20.495 Z] [WARN] [cadence.virtuoso.ade.simulationMonitor] -     WARNING (SFE-3015): The dangling node I0.28\:Y is removed. {"history": "MonteCarlo.1", "point": 14, "testname": "TRAN_VDD_MC", "cornername": "Nominal"}
[2026-05-27 11:52:20.496 Z] [WARN] [cadence.virtuoso.ade.simulationMonitor] -     WARNING (SFE-3015): The dangling node I0.30\:BIAS is removed. {"history": "MonteCarlo.1", "point": 14, "testname": "TRAN_VDD_MC", "cornername": "Nominal"}
[2026-05-27 11:52:20.496 Z] [WARN] [cadence.virtuoso.ade.simulationMonitor] -     WARNING (SFE-3015): The dangling node I0.24\:BIAS is removed. {"history": "MonteCarlo.1", "point": 14, "testname": "TRAN_VDD_MC", "cornername": "Nominal"}
[2026-05-27 11:52:20.496 Z] [WARN] [cadence.virtuoso.ade.simulationMonitor] -     WARNING (SFE-3015): The dangling node I0.17\:BIAS is removed. {"history": "MonteCarlo.1", "point": 14, "testname": "TRAN_VDD_MC", "cornername": "Nominal"}
[2026-05-27 11:52:20.497 Z] [WARN] [cadence.virtuoso.ade.simulationMonitor] -     WARNING (SFE-3015): The dangling node I0.23\:BIAS is removed.
        Further occurrences of this warning will be suppressed. {"history": "MonteCarlo.1", "point": 14, "testname": "TRAN_VDD_MC", "cornername": "Nominal"}
[2026-05-27 11:52:20.497 Z] [INFO] [cadence.virtuoso.ade.simulationMonitor] - Notice from spectre during hierarchy flattening.
    Spectre X Parasitic Optimization enabled.
    Parasitic optimization will filter out parasitic nodes, nodes only connected to RCs, by default. To view individual parasitic nodes use individual save statements (i.e. save out), or use the 'savefilter=none' option to save all parasitic nodes. Saving all parasitic nodes may slow down simulation and create large waveform files. {"history": "MonteCarlo.1", "point": 14, "testname": "TRAN_VDD_MC", "cornername": "Nominal"}
[2026-05-27 11:52:20.498 Z] [INFO] [cadence.virtuoso.ade.simulationMonitor] - Peak resident memory used = 203 Mbytes. {"history": "MonteCarlo.1", "point": 14, "testname": "TRAN_VDD_MC", "cornername": "Nominal"}
[2026-05-27 11:52:20.498 Z] [INFO] [cadence.virtuoso.ade.simulationMonitor] - Notice from spectre during hierarchy flattening.
    The value 'psf' specified for the 'checklimitdest' option will no longer be supported in future releases. Use 'spectre -h' to see other recommended values for the 'checklimitdest' option. {"history": "MonteCarlo.1", "point": 14, "testname": "TRAN_VDD_MC", "cornername": "Nominal"}
[2026-05-27 11:52:20.498 Z] [INFO] [cadence.virtuoso.ade.simulationMonitor] - Peak resident memory used = 207 Mbytes. {"history": "MonteCarlo.1", "point": 14, "testname": "TRAN_VDD_MC", "cornername": "Nominal"}
[2026-05-27 11:52:20.999 Z] [WARN] [cadence.virtuoso.ade.simulationMonitor] -     WARNING (SPECTRE-17607): Assert `SOAC_vert10_vsubpsub' is ignored because it contains an expression which is invalid or not supported by native evaluator.  {"history": "MonteCarlo.1", "point": 14, "testname": "TRAN_VDD_MC", "cornername": "Nominal"}
[2026-05-27 11:52:21.000 Z] [WARN] [cadence.virtuoso.ade.simulationMonitor] -     WARNING (SPECTRE-17607): Assert `SOAC_vert10_vcsub' is ignored because it contains an expression which is invalid or not supported by native evaluator.  {"history": "MonteCarlo.1", "point": 14, "testname": "TRAN_VDD_MC", "cornername": "Nominal"}
[2026-05-27 11:52:21.001 Z] [WARN] [cadence.virtuoso.ade.simulationMonitor] -     WARNING (SPECTRE-17607): Assert `SOAC_rpolyh_vminuspsub' is ignored because it contains an expression which is invalid or not supported by native evaluator.  {"history": "MonteCarlo.1", "point": 14, "testname": "TRAN_VDD_MC", "cornername": "Nominal"}
[2026-05-27 11:52:21.001 Z] [WARN] [cadence.virtuoso.ade.simulationMonitor] -     WARNING (SPECTRE-17607): Assert `SOAC_rpolyh_vpluspsub' is ignored because it contains an expression which is invalid or not supported by native evaluator.  {"history": "MonteCarlo.1", "point": 14, "testname": "TRAN_VDD_MC", "cornername": "Nominal"}
[2026-05-27 11:52:21.002 Z] [WARN] [cadence.virtuoso.ade.simulationMonitor] -     WARNING (SPECTRE-16460): SOAC_cvarm_vspsub:Specified subcircuit master `cvarm' was not found. {"history": "MonteCarlo.1", "point": 14, "testname": "TRAN_VDD_MC", "cornername": "Nominal"}
[2026-05-27 11:52:21.002 Z] [WARN] [cadence.virtuoso.ade.simulationMonitor] -     WARNING (SPECTRE-16462): SOAC_cvarm_vspsub:Error in specification of subcircuit master. Assert is ignored. {"history": "MonteCarlo.1", "point": 14, "testname": "TRAN_VDD_MC", "cornername": "Nominal"}
[2026-05-27 11:52:21.003 Z] [WARN] [cadence.virtuoso.ade.simulationMonitor] -     WARNING (SPECTRE-16460): SOAC_cvarm_vbs:Specified subcircuit master `cvarm' was not found. {"history": "MonteCarlo.1", "point": 14, "testname": "TRAN_VDD_MC", "cornername": "Nominal"}
[2026-05-27 11:52:21.003 Z] [WARN] [cadence.virtuoso.ade.simulationMonitor] -     WARNING (SPECTRE-16462): SOAC_cvarm_vbs:Error in specification of subcircuit master. Assert is ignored. {"history": "MonteCarlo.1", "point": 14, "testname": "TRAN_VDD_MC", "cornername": "Nominal"}
[2026-05-27 11:52:21.004 Z] [WARN] [cadence.virtuoso.ade.simulationMonitor] -     WARNING (SPECTRE-16460): SOAC_cvarm_vgb:Specified subcircuit master `cvarm' was not found. {"history": "MonteCarlo.1", "point": 14, "testname": "TRAN_VDD_MC", "cornername": "Nominal"}
[2026-05-27 11:52:21.004 Z] [WARN] [cadence.virtuoso.ade.simulationMonitor] -     WARNING (SPECTRE-16462): SOAC_cvarm_vgb:Error in specification of subcircuit master. Assert is ignored. {"history": "MonteCarlo.1", "point": 14, "testname": "TRAN_VDD_MC", "cornername": "Nominal"}
[2026-05-27 11:52:21.005 Z] [WARN] [cadence.virtuoso.ade.simulationMonitor] -     WARNING (SPECTRE-16460): SOAC_cvart_vspsub:Specified subcircuit master `cvart' was not found. {"history": "MonteCarlo.1", "point": 14, "testname": "TRAN_VDD_MC", "cornername": "Nominal"}
[2026-05-27 11:52:21.005 Z] [WARN] [cadence.virtuoso.ade.simulationMonitor] -     WARNING (SPECTRE-16462): SOAC_cvart_vspsub:Error in specification of subcircuit master. Assert is ignored. {"history": "MonteCarlo.1", "point": 14, "testname": "TRAN_VDD_MC", "cornername": "Nominal"}
[2026-05-27 11:52:21.006 Z] [WARN] [cadence.virtuoso.ade.simulationMonitor] -     WARNING (SPECTRE-16460): SOAC_cvart_vbs:Specified subcircuit master `cvart' was not found.
        Further occurrences of this warning will be suppressed. {"history": "MonteCarlo.1", "point": 14, "testname": "TRAN_VDD_MC", "cornername": "Nominal"}
[2026-05-27 11:52:21.007 Z] [WARN] [cadence.virtuoso.ade.simulationMonitor] -     WARNING (SPECTRE-16462): SOAC_cvart_vbs:Error in specification of subcircuit master. Assert is ignored.
        Further occurrences of this warning will be suppressed. {"history": "MonteCarlo.1", "point": 14, "testname": "TRAN_VDD_MC", "cornername": "Nominal"}
[2026-05-27 11:52:21.007 Z] [WARN] [cadence.virtuoso.ade.simulationMonitor] -     WARNING (SPECTRE-17607): Assert `SOAC_cpoly_vminuspsub' is ignored because it contains an expression which is invalid or not supported by native evaluator. 
        Further occurrences of this warning will be suppressed. {"history": "MonteCarlo.1", "point": 14, "testname": "TRAN_VDD_MC", "cornername": "Nominal"}
[2026-05-27 11:52:22.011 Z] [INFO] [cadence.virtuoso.ade.simulationMonitor] -               nodes 3079 {"history": "MonteCarlo.1", "point": 14, "testname": "TRAN_VDD_MC", "cornername": "Nominal"}
[2026-05-27 11:52:22.012 Z] [INFO] [cadence.virtuoso.ade.simulationMonitor] - Notice from spectre during initial setup.
    Spectre X preset=mx enabled.
    75 warnings suppressed. {"history": "MonteCarlo.1", "point": 14, "testname": "TRAN_VDD_MC", "cornername": "Nominal"}
[2026-05-27 11:52:22.013 Z] [INFO] [cadence.virtuoso.ade.simulationMonitor] - Notice from spectre.
    Multithreading enabled: 8 threads in the system with 48 available processors. {"history": "MonteCarlo.1", "point": 14, "testname": "TRAN_VDD_MC", "cornername": "Nominal"}
[2026-05-27 11:52:22.014 Z] [INFO] [cadence.virtuoso.ade.simulationMonitor] - Peak resident memory used = 227 Mbytes. {"history": "MonteCarlo.1", "point": 14, "testname": "TRAN_VDD_MC", "cornername": "Nominal"}
[2026-05-27 11:52:22.015 Z] [INFO] [cadence.virtuoso.ade.simulationMonitor] -    -   (Spectre X) Multi-threading. The recommended number of threads is [2, 4], consider adding +mt=2 or +mt=4 on command line. {"history": "MonteCarlo.1", "point": 14, "testname": "TRAN_VDD_MC", "cornername": "Nominal"}
[2026-05-27 11:52:22.015 Z] [INFO] [cadence.virtuoso.ade.simulationMonitor] - Notice from spectre in `vert10':`I0.Q3(29)', in `fecg_bandgap3_layout':`I0', during Monte Carlo analysis `mc1'.
    I0.Q3(29).bjtinsub: `minr' has the unusually small value of 10 fOhm. {"history": "MonteCarlo.1", "point": 14, "testname": "TRAN_VDD_MC", "cornername": "Nominal"}
[2026-05-27 11:52:22.016 Z] [INFO] [cadence.virtuoso.ade.simulationMonitor] - Notice from spectre in `vert10':`I0.Q3(28)', in `fecg_bandgap3_layout':`I0', during Monte Carlo analysis `mc1'.
    I0.Q3(28).bjtinsub: `minr' has the unusually small value of 10 fOhm. {"history": "MonteCarlo.1", "point": 14, "testname": "TRAN_VDD_MC", "cornername": "Nominal"}
[2026-05-27 11:52:22.016 Z] [INFO] [cadence.virtuoso.ade.simulationMonitor] - Notice from spectre in `vert10':`I0.Q3(27)', in `fecg_bandgap3_layout':`I0', during Monte Carlo analysis `mc1'.
    I0.Q3(27).bjtinsub: `minr' has the unusually small value of 10 fOhm. {"history": "MonteCarlo.1", "point": 14, "testname": "TRAN_VDD_MC", "cornername": "Nominal"}
[2026-05-27 11:52:22.017 Z] [INFO] [cadence.virtuoso.ade.simulationMonitor] - Notice from spectre in `vert10':`I0.Q3(26)', in `fecg_bandgap3_layout':`I0', during Monte Carlo analysis `mc1'.
    I0.Q3(26).bjtinsub: `minr' has the unusually small value of 10 fOhm. {"history": "MonteCarlo.1", "point": 14, "testname": "TRAN_VDD_MC", "cornername": "Nominal"}
[2026-05-27 11:52:22.017 Z] [INFO] [cadence.virtuoso.ade.simulationMonitor] - Notice from spectre in `vert10':`I0.Q3(25)', in `fecg_bandgap3_layout':`I0', during Monte Carlo analysis `mc1'.
    I0.Q3(25).bjtinsub: `minr' has the unusually small value of 10 fOhm.
        Further occurrences of this notice will be suppressed. {"history": "MonteCarlo.1", "point": 14, "testname": "TRAN_VDD_MC", "cornername": "Nominal"}
[2026-05-27 11:52:22.018 Z] [INFO] [cadence.virtuoso.ade.simulationMonitor] - Notice from spectre at iteration = 14 during transient analysis `tran', during Monte Carlo analysis `mc1'.
    No checklimit analysis defined for asserts. A default checklimit analysis 'SpectreChecklimitAnal' has been created with all asserts enabled. {"history": "MonteCarlo.1", "point": 14, "testname": "TRAN_VDD_MC", "cornername": "Nominal"}
[2026-05-27 11:52:22.519 Z] [INFO] [cadence.virtuoso.ade.simulationMonitor] - Notice from spectre at iteration = 14 during IC analysis, during transient analysis `tran', during Monte Carlo analysis `mc1'.
    GminDC = 1 pS is large enough to noticeably affect the DC solution.
        dV(I0.227\:S) = -612.15 uV
        Use the `gmin_check' option to eliminate or expand this report.
    Bad pivoting is found during DC analysis. Option dc_pivot_check=yes is recommended for possible improvement of convergence. {"history": "MonteCarlo.1", "point": 14, "testname": "TRAN_VDD_MC", "cornername": "Nominal"}
[2026-05-27 11:52:22.520 Z] [WARN] [cadence.virtuoso.ade.simulationMonitor] -     WARNING (CMI-2943): Parameter checks have been ignored because the valid value for parameter 'trise' could not be found in 'C0'. {"history": "MonteCarlo.1", "point": 14, "testname": "TRAN_VDD_MC", "cornername": "Nominal"}
[2026-05-27 11:52:22.520 Z] [WARN] [cadence.virtuoso.ade.simulationMonitor] -     WARNING (CMI-2943): Parameter checks have been ignored because the valid value for parameter 'trise' could not be found in 'I0.R44.CM'. {"history": "MonteCarlo.1", "point": 14, "testname": "TRAN_VDD_MC", "cornername": "Nominal"}
[2026-05-27 11:52:22.521 Z] [WARN] [cadence.virtuoso.ade.simulationMonitor] -     WARNING (CMI-2943): Parameter checks have been ignored because the valid value for parameter 'trise' could not be found in 'I0.R44.CS1'. {"history": "MonteCarlo.1", "point": 14, "testname": "TRAN_VDD_MC", "cornername": "Nominal"}
[2026-05-27 11:52:22.521 Z] [WARN] [cadence.virtuoso.ade.simulationMonitor] -     WARNING (CMI-2943): Parameter checks have been ignored because the valid value for parameter 'trise' could not be found in 'I0.R44.CS0'. {"history": "MonteCarlo.1", "point": 14, "testname": "TRAN_VDD_MC", "cornername": "Nominal"}
[2026-05-27 11:52:22.521 Z] [WARN] [cadence.virtuoso.ade.simulationMonitor] -     WARNING (CMI-2943): Parameter checks have been ignored because the valid value for parameter 'trise' could not be found in 'I0.R23.CM'.
        Further occurrences of this warning will be suppressed. {"history": "MonteCarlo.1", "point": 14, "testname": "TRAN_VDD_MC", "cornername": "Nominal"}
[2026-05-27 11:52:22.521 Z] [WARN] [cadence.virtuoso.ade.simulationMonitor] -     WARNING (SPECTRE-17192): 
        Tolerance relaxation is used during DC simulation which may affect the accuracy of the result. This is mainly caused by the high impedance nodes in the circuit. Use the dyn_highz check to determine the high impedance nodes. Setting/assigning appropriate initial values to these nodes will usually help to improve both performance and accuracy of DC simulations. {"history": "MonteCarlo.1", "point": 14, "testname": "TRAN_VDD_MC", "cornername": "Nominal"}
[2026-05-27 11:52:22.522 Z] [PROCESS] [cadence.virtuoso.ade.simulationMonitor] - Finished simulating for one iteration {"hostname": "il2244vt26_hrahimi", "processid": 311728, "history": "MonteCarlo.1", "testname": "TRAN_VDD_MC", "cornername": "Nominal", "point": 14, "logfile": "/home/hrahimi/projects/POTENTIOSTAT_26/logs_hrahimi/logs0/Job52.log", "simid": "1"}
[2026-05-27 11:52:22.522 Z] [PROCESS] [cadence.virtuoso.ade.simulationMonitor] - Started Simulation {"hostname": "il2244vt26_hrahimi", "processid": 311728, "history": "MonteCarlo.1", "testname": "TRAN_VDD_MC", "cornername": "Nominal", "point": 15, "logfile": "/home/hrahimi/projects/POTENTIOSTAT_26/logs_hrahimi/logs0/Job52.log", "event": "started", "task": "simulation"}
[2026-05-27 11:52:22.523 Z] [INFO] [cadence.virtuoso.ade.simulationMonitor] - Total time required for tran analysis `tran': CPU = 902.358 ms, elapsed = 497.819 ms, util. = 181%. {"history": "MonteCarlo.1", "point": 15, "testname": "TRAN_VDD_MC", "cornername": "Nominal"}
[2026-05-27 11:52:22.524 Z] [INFO] [cadence.virtuoso.ade.simulationMonitor] - Peak resident memory used = 254 Mbytes. {"history": "MonteCarlo.1", "point": 15, "testname": "TRAN_VDD_MC", "cornername": "Nominal"}
[2026-05-27 11:52:22.524 Z] [INFO] [cadence.virtuoso.ade.simulationMonitor] - Notice from spectre during transient analysis `tran', during Monte Carlo analysis `mc1'.
    120 notices suppressed.
    137 warnings suppressed. {"history": "MonteCarlo.1", "point": 15, "testname": "TRAN_VDD_MC", "cornername": "Nominal"}
[2026-05-27 11:52:23.025 Z] [INFO] [cadence.virtuoso.ade.simulationMonitor] - Notice from spectre in `vert10':`I0.Q3(30)', in `fecg_bandgap3_layout':`I0', during Monte Carlo analysis `mc1'.
    I0.Q3(30).bjtinsub: `rbm' has the unusually small value of 957.303 mOhm.
    I0.Q3(30).bjtinsub: `minr' has the unusually small value of 10 fOhm. {"history": "MonteCarlo.1", "point": 15, "testname": "TRAN_VDD_MC", "cornername": "Nominal"}
[2026-05-27 11:52:23.026 Z] [INFO] [cadence.virtuoso.ade.simulationMonitor] - Notice from spectre in `vert10':`I0.Q3(29)', in `fecg_bandgap3_layout':`I0', during Monte Carlo analysis `mc1'.
    I0.Q3(29).bjtinsub: `rbm' has the unusually small value of 957.303 mOhm.
    I0.Q3(29).bjtinsub: `minr' has the unusually small value of 10 fOhm. {"history": "MonteCarlo.1", "point": 15, "testname": "TRAN_VDD_MC", "cornername": "Nominal"}
[2026-05-27 11:52:23.027 Z] [INFO] [cadence.virtuoso.ade.simulationMonitor] - Notice from spectre in `vert10':`I0.Q3(28)', in `fecg_bandgap3_layout':`I0', during Monte Carlo analysis `mc1'.
    I0.Q3(28).bjtinsub: `rbm' has the unusually small value of 957.303 mOhm.
        Further occurrences of this notice will be suppressed. {"history": "MonteCarlo.1", "point": 15, "testname": "TRAN_VDD_MC", "cornername": "Nominal"}
[2026-05-27 11:52:23.027 Z] [INFO] [cadence.virtuoso.ade.simulationMonitor] - Notice from spectre during IC analysis, during transient analysis `tran', during Monte Carlo analysis `mc1'.
    GminDC = 1 pS is large enough to noticeably affect the DC solution.
        dV(I0.227\:S) = -14.9777 uV
        Use the `gmin_check' option to eliminate or expand this report.
    Bad pivoting is found during DC analysis. Option dc_pivot_check=yes is recommended for possible improvement of convergence. {"history": "MonteCarlo.1", "point": 15, "testname": "TRAN_VDD_MC", "cornername": "Nominal"}
[2026-05-27 11:52:23.028 Z] [WARN] [cadence.virtuoso.ade.simulationMonitor] -     WARNING (CMI-2943): Parameter checks have been ignored because the valid value for parameter 'trise' could not be found in 'C0'. {"history": "MonteCarlo.1", "point": 15, "testname": "TRAN_VDD_MC", "cornername": "Nominal"}
[2026-05-27 11:52:23.028 Z] [WARN] [cadence.virtuoso.ade.simulationMonitor] -     WARNING (CMI-2943): Parameter checks have been ignored because the valid value for parameter 'trise' could not be found in 'I0.R44.CM'. {"history": "MonteCarlo.1", "point": 15, "testname": "TRAN_VDD_MC", "cornername": "Nominal"}
[2026-05-27 11:52:23.029 Z] [WARN] [cadence.virtuoso.ade.simulationMonitor] -     WARNING (CMI-2943): Parameter checks have been ignored because the valid value for parameter 'trise' could not be found in 'I0.R44.CS1'. {"history": "MonteCarlo.1", "point": 15, "testname": "TRAN_VDD_MC", "cornername": "Nominal"}
[2026-05-27 11:52:23.029 Z] [WARN] [cadence.virtuoso.ade.simulationMonitor] -     WARNING (CMI-2943): Parameter checks have been ignored because the valid value for parameter 'trise' could not be found in 'I0.R44.CS0'. {"history": "MonteCarlo.1", "point": 15, "testname": "TRAN_VDD_MC", "cornername": "Nominal"}
[2026-05-27 11:52:23.030 Z] [WARN] [cadence.virtuoso.ade.simulationMonitor] -     WARNING (CMI-2943): Parameter checks have been ignored because the valid value for parameter 'trise' could not be found in 'I0.R23.CM'.
        Further occurrences of this warning will be suppressed. {"history": "MonteCarlo.1", "point": 15, "testname": "TRAN_VDD_MC", "cornername": "Nominal"}
[2026-05-27 11:52:23.030 Z] [INFO] [cadence.virtuoso.ade.simulationMonitor] - Total time required for tran analysis `tran': CPU = 770.011 ms, elapsed = 326.015 ms, util. = 236%. {"history": "MonteCarlo.1", "point": 15, "testname": "TRAN_VDD_MC", "cornername": "Nominal"}
[2026-05-27 11:52:23.031 Z] [INFO] [cadence.virtuoso.ade.simulationMonitor] - Peak resident memory used = 258 Mbytes. {"history": "MonteCarlo.1", "point": 15, "testname": "TRAN_VDD_MC", "cornername": "Nominal"}
[2026-05-27 11:52:23.031 Z] [INFO] [cadence.virtuoso.ade.simulationMonitor] - Notice from spectre during transient analysis `tran', during Monte Carlo analysis `mc1'.
    121 notices suppressed.
    137 warnings suppressed. {"history": "MonteCarlo.1", "point": 15, "testname": "TRAN_VDD_MC", "cornername": "Nominal"}
[2026-05-27 11:52:23.031 Z] [PROCESS] [cadence.virtuoso.ade.simulationMonitor] - Finished simulating for one iteration {"hostname": "il2244vt26_hrahimi", "processid": 311728, "history": "MonteCarlo.1", "testname": "TRAN_VDD_MC", "cornername": "Nominal", "point": 15, "logfile": "/home/hrahimi/projects/POTENTIOSTAT_26/logs_hrahimi/logs0/Job52.log", "simid": "1"}
[2026-05-27 11:52:23.032 Z] [PROCESS] [cadence.virtuoso.ade.simulationMonitor] - Started Simulation {"hostname": "il2244vt26_hrahimi", "processid": 311728, "history": "MonteCarlo.1", "testname": "TRAN_VDD_MC", "cornername": "Nominal", "point": 16, "logfile": "/home/hrahimi/projects/POTENTIOSTAT_26/logs_hrahimi/logs0/Job52.log", "event": "started", "task": "simulation"}
[2026-05-27 11:52:23.534 Z] [INFO] [cadence.virtuoso.ade.simulationMonitor] - Notice from spectre in `vert10':`I0.Q3(30)', in `fecg_bandgap3_layout':`I0', during Monte Carlo analysis `mc1'.
    I0.Q3(30).bjtinsub: `minr' has the unusually small value of 10 fOhm. {"history": "MonteCarlo.1", "point": 16, "testname": "TRAN_VDD_MC", "cornername": "Nominal"}
[2026-05-27 11:52:23.534 Z] [INFO] [cadence.virtuoso.ade.simulationMonitor] - Notice from spectre in `vert10':`I0.Q3(29)', in `fecg_bandgap3_layout':`I0', during Monte Carlo analysis `mc1'.
    I0.Q3(29).bjtinsub: `minr' has the unusually small value of 10 fOhm. {"history": "MonteCarlo.1", "point": 16, "testname": "TRAN_VDD_MC", "cornername": "Nominal"}
[2026-05-27 11:52:23.535 Z] [INFO] [cadence.virtuoso.ade.simulationMonitor] - Notice from spectre in `vert10':`I0.Q3(28)', in `fecg_bandgap3_layout':`I0', during Monte Carlo analysis `mc1'.
    I0.Q3(28).bjtinsub: `minr' has the unusually small value of 10 fOhm. {"history": "MonteCarlo.1", "point": 16, "testname": "TRAN_VDD_MC", "cornername": "Nominal"}
[2026-05-27 11:52:23.535 Z] [INFO] [cadence.virtuoso.ade.simulationMonitor] - Notice from spectre in `vert10':`I0.Q3(27)', in `fecg_bandgap3_layout':`I0', during Monte Carlo analysis `mc1'.
    I0.Q3(27).bjtinsub: `minr' has the unusually small value of 10 fOhm. {"history": "MonteCarlo.1", "point": 16, "testname": "TRAN_VDD_MC", "cornername": "Nominal"}
[2026-05-27 11:52:23.536 Z] [INFO] [cadence.virtuoso.ade.simulationMonitor] - Notice from spectre in `vert10':`I0.Q3(26)', in `fecg_bandgap3_layout':`I0', during Monte Carlo analysis `mc1'.
    I0.Q3(26).bjtinsub: `minr' has the unusually small value of 10 fOhm.
        Further occurrences of this notice will be suppressed. {"history": "MonteCarlo.1", "point": 16, "testname": "TRAN_VDD_MC", "cornername": "Nominal"}
[2026-05-27 11:52:23.538 Z] [INFO] [cadence.virtuoso.ade.simulationMonitor] - Notice from spectre during IC analysis, during transient analysis `tran', during Monte Carlo analysis `mc1'.
    GminDC = 1 pS is large enough to noticeably affect the DC solution.
        dV(I0.208\:S) = -80.3305 uV
        Use the `gmin_check' option to eliminate or expand this report.
    Bad pivoting is found during DC analysis. Option dc_pivot_check=yes is recommended for possible improvement of convergence. {"history": "MonteCarlo.1", "point": 16, "testname": "TRAN_VDD_MC", "cornername": "Nominal"}
[2026-05-27 11:52:23.539 Z] [WARN] [cadence.virtuoso.ade.simulationMonitor] -     WARNING (CMI-2943): Parameter checks have been ignored because the valid value for parameter 'trise' could not be found in 'C0'. {"history": "MonteCarlo.1", "point": 16, "testname": "TRAN_VDD_MC", "cornername": "Nominal"}
[2026-05-27 11:52:23.540 Z] [WARN] [cadence.virtuoso.ade.simulationMonitor] -     WARNING (CMI-2943): Parameter checks have been ignored because the valid value for parameter 'trise' could not be found in 'I0.R44.CM'. {"history": "MonteCarlo.1", "point": 16, "testname": "TRAN_VDD_MC", "cornername": "Nominal"}
[2026-05-27 11:52:23.540 Z] [WARN] [cadence.virtuoso.ade.simulationMonitor] -     WARNING (CMI-2943): Parameter checks have been ignored because the valid value for parameter 'trise' could not be found in 'I0.R44.CS1'. {"history": "MonteCarlo.1", "point": 16, "testname": "TRAN_VDD_MC", "cornername": "Nominal"}
[2026-05-27 11:52:23.542 Z] [WARN] [cadence.virtuoso.ade.simulationMonitor] -     WARNING (CMI-2943): Parameter checks have been ignored because the valid value for parameter 'trise' could not be found in 'I0.R44.CS0'. {"history": "MonteCarlo.1", "point": 16, "testname": "TRAN_VDD_MC", "cornername": "Nominal"}
[2026-05-27 11:52:23.542 Z] [WARN] [cadence.virtuoso.ade.simulationMonitor] -     WARNING (CMI-2943): Parameter checks have been ignored because the valid value for parameter 'trise' could not be found in 'I0.R23.CM'.
        Further occurrences of this warning will be suppressed. {"history": "MonteCarlo.1", "point": 16, "testname": "TRAN_VDD_MC", "cornername": "Nominal"}
[2026-05-27 11:52:24.043 Z] [INFO] [cadence.virtuoso.ade.simulationMonitor] - Total time required for tran analysis `tran': CPU = 764.172 ms, elapsed = 473.714 ms, util. = 161%. {"history": "MonteCarlo.1", "point": 16, "testname": "TRAN_VDD_MC", "cornername": "Nominal"}
[2026-05-27 11:52:24.043 Z] [INFO] [cadence.virtuoso.ade.simulationMonitor] - Peak resident memory used = 259 Mbytes. {"history": "MonteCarlo.1", "point": 16, "testname": "TRAN_VDD_MC", "cornername": "Nominal"}
[2026-05-27 11:52:24.043 Z] [INFO] [cadence.virtuoso.ade.simulationMonitor] - Notice from spectre during transient analysis `tran', during Monte Carlo analysis `mc1'.
    58 notices suppressed.
    137 warnings suppressed. {"history": "MonteCarlo.1", "point": 16, "testname": "TRAN_VDD_MC", "cornername": "Nominal"}
[2026-05-27 11:52:24.044 Z] [INFO] [cadence.virtuoso.ade.simulationMonitor] - Notice from spectre in `vert10':`I0.Q3(30)', in `fecg_bandgap3_layout':`I0', during Monte Carlo analysis `mc1'.
    I0.Q3(30).bjtinsub: `rbm' has the unusually small value of 951.053 mOhm.
    I0.Q3(30).bjtinsub: `minr' has the unusually small value of 10 fOhm. {"history": "MonteCarlo.1", "point": 16, "testname": "TRAN_VDD_MC", "cornername": "Nominal"}
[2026-05-27 11:52:24.044 Z] [INFO] [cadence.virtuoso.ade.simulationMonitor] - Notice from spectre in `vert10':`I0.Q3(29)', in `fecg_bandgap3_layout':`I0', during Monte Carlo analysis `mc1'.
    I0.Q3(29).bjtinsub: `rbm' has the unusually small value of 951.053 mOhm.
    I0.Q3(29).bjtinsub: `minr' has the unusually small value of 10 fOhm. {"history": "MonteCarlo.1", "point": 16, "testname": "TRAN_VDD_MC", "cornername": "Nominal"}
[2026-05-27 11:52:24.044 Z] [INFO] [cadence.virtuoso.ade.simulationMonitor] - Notice from spectre in `vert10':`I0.Q3(28)', in `fecg_bandgap3_layout':`I0', during Monte Carlo analysis `mc1'.
    I0.Q3(28).bjtinsub: `rbm' has the unusually small value of 951.053 mOhm.
        Further occurrences of this notice will be suppressed. {"history": "MonteCarlo.1", "point": 16, "testname": "TRAN_VDD_MC", "cornername": "Nominal"}
[2026-05-27 11:52:24.045 Z] [INFO] [cadence.virtuoso.ade.simulationMonitor] - Notice from spectre during IC analysis, during transient analysis `tran', during Monte Carlo analysis `mc1'.
    GminDC = 1 pS is large enough to noticeably affect the DC solution.
        dV(I0.208\:S) = 2.35006 uV
        Use the `gmin_check' option to eliminate or expand this report.
    Bad pivoting is found during DC analysis. Option dc_pivot_check=yes is recommended for possible improvement of convergence. {"history": "MonteCarlo.1", "point": 16, "testname": "TRAN_VDD_MC", "cornername": "Nominal"}
[2026-05-27 11:52:24.045 Z] [WARN] [cadence.virtuoso.ade.simulationMonitor] -     WARNING (CMI-2943): Parameter checks have been ignored because the valid value for parameter 'trise' could not be found in 'C0'. {"history": "MonteCarlo.1", "point": 16, "testname": "TRAN_VDD_MC", "cornername": "Nominal"}
[2026-05-27 11:52:24.046 Z] [WARN] [cadence.virtuoso.ade.simulationMonitor] -     WARNING (CMI-2943): Parameter checks have been ignored because the valid value for parameter 'trise' could not be found in 'I0.R44.CM'. {"history": "MonteCarlo.1", "point": 16, "testname": "TRAN_VDD_MC", "cornername": "Nominal"}
[2026-05-27 11:52:24.046 Z] [WARN] [cadence.virtuoso.ade.simulationMonitor] -     WARNING (CMI-2943): Parameter checks have been ignored because the valid value for parameter 'trise' could not be found in 'I0.R44.CS1'. {"history": "MonteCarlo.1", "point": 16, "testname": "TRAN_VDD_MC", "cornername": "Nominal"}
[2026-05-27 11:52:24.047 Z] [WARN] [cadence.virtuoso.ade.simulationMonitor] -     WARNING (CMI-2943): Parameter checks have been ignored because the valid value for parameter 'trise' could not be found in 'I0.R44.CS0'. {"history": "MonteCarlo.1", "point": 16, "testname": "TRAN_VDD_MC", "cornername": "Nominal"}
[2026-05-27 11:52:24.047 Z] [WARN] [cadence.virtuoso.ade.simulationMonitor] -     WARNING (CMI-2943): Parameter checks have been ignored because the valid value for parameter 'trise' could not be found in 'I0.R23.CM'.
        Further occurrences of this warning will be suppressed. {"history": "MonteCarlo.1", "point": 16, "testname": "TRAN_VDD_MC", "cornername": "Nominal"}
[2026-05-27 11:52:24.048 Z] [PROCESS] [cadence.virtuoso.ade.simulationMonitor] - Finished simulating for one iteration {"hostname": "il2244vt26_hrahimi", "processid": 311728, "history": "MonteCarlo.1", "testname": "TRAN_VDD_MC", "cornername": "Nominal", "point": 16, "logfile": "/home/hrahimi/projects/POTENTIOSTAT_26/logs_hrahimi/logs0/Job52.log", "simid": "1"}
[2026-05-27 11:52:24.048 Z] [PROCESS] [cadence.virtuoso.ade.simulationMonitor] - Started Simulation {"hostname": "il2244vt26_hrahimi", "processid": 311728, "history": "MonteCarlo.1", "testname": "TRAN_VDD_MC", "cornername": "Nominal", "point": 17, "logfile": "/home/hrahimi/projects/POTENTIOSTAT_26/logs_hrahimi/logs0/Job52.log", "event": "started", "task": "simulation"}
[2026-05-27 11:52:24.550 Z] [INFO] [cadence.virtuoso.ade.simulationMonitor] - Total time required for tran analysis `tran': CPU = 769.027 ms, elapsed = 345.316 ms, util. = 223%. {"history": "MonteCarlo.1", "point": 17, "testname": "TRAN_VDD_MC", "cornername": "Nominal"}
[2026-05-27 11:52:24.550 Z] [INFO] [cadence.virtuoso.ade.simulationMonitor] - Peak resident memory used = 260 Mbytes. {"history": "MonteCarlo.1", "point": 17, "testname": "TRAN_VDD_MC", "cornername": "Nominal"}
[2026-05-27 11:52:24.550 Z] [INFO] [cadence.virtuoso.ade.simulationMonitor] - Notice from spectre during transient analysis `tran', during Monte Carlo analysis `mc1'.
    121 notices suppressed.
    137 warnings suppressed. {"history": "MonteCarlo.1", "point": 17, "testname": "TRAN_VDD_MC", "cornername": "Nominal"}
[2026-05-27 11:52:24.551 Z] [INFO] [cadence.virtuoso.ade.simulationMonitor] - Notice from spectre in `vert10':`I0.Q3(30)', in `fecg_bandgap3_layout':`I0', during Monte Carlo analysis `mc1'.
    I0.Q3(30).bjtinsub: `minr' has the unusually small value of 10 fOhm. {"history": "MonteCarlo.1", "point": 17, "testname": "TRAN_VDD_MC", "cornername": "Nominal"}
[2026-05-27 11:52:24.551 Z] [INFO] [cadence.virtuoso.ade.simulationMonitor] - Notice from spectre in `vert10':`I0.Q3(29)', in `fecg_bandgap3_layout':`I0', during Monte Carlo analysis `mc1'.
    I0.Q3(29).bjtinsub: `minr' has the unusually small value of 10 fOhm. {"history": "MonteCarlo.1", "point": 17, "testname": "TRAN_VDD_MC", "cornername": "Nominal"}
[2026-05-27 11:52:24.551 Z] [INFO] [cadence.virtuoso.ade.simulationMonitor] - Notice from spectre in `vert10':`I0.Q3(28)', in `fecg_bandgap3_layout':`I0', during Monte Carlo analysis `mc1'.
    I0.Q3(28).bjtinsub: `minr' has the unusually small value of 10 fOhm. {"history": "MonteCarlo.1", "point": 17, "testname": "TRAN_VDD_MC", "cornername": "Nominal"}
[2026-05-27 11:52:24.551 Z] [INFO] [cadence.virtuoso.ade.simulationMonitor] - Notice from spectre in `vert10':`I0.Q3(27)', in `fecg_bandgap3_layout':`I0', during Monte Carlo analysis `mc1'.
    I0.Q3(27).bjtinsub: `minr' has the unusually small value of 10 fOhm. {"history": "MonteCarlo.1", "point": 17, "testname": "TRAN_VDD_MC", "cornername": "Nominal"}
[2026-05-27 11:52:24.552 Z] [INFO] [cadence.virtuoso.ade.simulationMonitor] - Notice from spectre in `vert10':`I0.Q3(26)', in `fecg_bandgap3_layout':`I0', during Monte Carlo analysis `mc1'.
    I0.Q3(26).bjtinsub: `minr' has the unusually small value of 10 fOhm.
        Further occurrences of this notice will be suppressed. {"history": "MonteCarlo.1", "point": 17, "testname": "TRAN_VDD_MC", "cornername": "Nominal"}
[2026-05-27 11:52:24.552 Z] [INFO] [cadence.virtuoso.ade.simulationMonitor] - Notice from spectre during IC analysis, during transient analysis `tran', during Monte Carlo analysis `mc1'.
    GminDC = 1 pS is large enough to noticeably affect the DC solution.
        dV(I0.41\:S) = -72.0437 uV
        Use the `gmin_check' option to eliminate or expand this report.
    Bad pivoting is found during DC analysis. Option dc_pivot_check=yes is recommended for possible improvement of convergence. {"history": "MonteCarlo.1", "point": 17, "testname": "TRAN_VDD_MC", "cornername": "Nominal"}
[2026-05-27 11:52:24.552 Z] [WARN] [cadence.virtuoso.ade.simulationMonitor] -     WARNING (CMI-2943): Parameter checks have been ignored because the valid value for parameter 'trise' could not be found in 'C0'. {"history": "MonteCarlo.1", "point": 17, "testname": "TRAN_VDD_MC", "cornername": "Nominal"}
[2026-05-27 11:52:24.553 Z] [WARN] [cadence.virtuoso.ade.simulationMonitor] -     WARNING (CMI-2943): Parameter checks have been ignored because the valid value for parameter 'trise' could not be found in 'I0.R44.CM'. {"history": "MonteCarlo.1", "point": 17, "testname": "TRAN_VDD_MC", "cornername": "Nominal"}
[2026-05-27 11:52:24.553 Z] [WARN] [cadence.virtuoso.ade.simulationMonitor] -     WARNING (CMI-2943): Parameter checks have been ignored because the valid value for parameter 'trise' could not be found in 'I0.R44.CS1'. {"history": "MonteCarlo.1", "point": 17, "testname": "TRAN_VDD_MC", "cornername": "Nominal"}
[2026-05-27 11:52:24.554 Z] [WARN] [cadence.virtuoso.ade.simulationMonitor] -     WARNING (CMI-2943): Parameter checks have been ignored because the valid value for parameter 'trise' could not be found in 'I0.R44.CS0'. {"history": "MonteCarlo.1", "point": 17, "testname": "TRAN_VDD_MC", "cornername": "Nominal"}
[2026-05-27 11:52:24.554 Z] [WARN] [cadence.virtuoso.ade.simulationMonitor] -     WARNING (CMI-2943): Parameter checks have been ignored because the valid value for parameter 'trise' could not be found in 'I0.R23.CM'.
        Further occurrences of this warning will be suppressed. {"history": "MonteCarlo.1", "point": 17, "testname": "TRAN_VDD_MC", "cornername": "Nominal"}
[2026-05-27 11:52:24.555 Z] [INFO] [cadence.virtuoso.ade.simulationMonitor] - Total time required for tran analysis `tran': CPU = 728.923 ms, elapsed = 290.238 ms, util. = 251%. {"history": "MonteCarlo.1", "point": 17, "testname": "TRAN_VDD_MC", "cornername": "Nominal"}
[2026-05-27 11:52:24.555 Z] [INFO] [cadence.virtuoso.ade.simulationMonitor] - Peak resident memory used = 261 Mbytes. {"history": "MonteCarlo.1", "point": 17, "testname": "TRAN_VDD_MC", "cornername": "Nominal"}
[2026-05-27 11:52:24.556 Z] [INFO] [cadence.virtuoso.ade.simulationMonitor] - Notice from spectre during transient analysis `tran', during Monte Carlo analysis `mc1'.
    58 notices suppressed.
    137 warnings suppressed. {"history": "MonteCarlo.1", "point": 17, "testname": "TRAN_VDD_MC", "cornername": "Nominal"}
[2026-05-27 11:52:24.556 Z] [PROCESS] [cadence.virtuoso.ade.simulationMonitor] - Finished simulating for one iteration {"hostname": "il2244vt26_hrahimi", "processid": 311728, "history": "MonteCarlo.1", "testname": "TRAN_VDD_MC", "cornername": "Nominal", "point": 17, "logfile": "/home/hrahimi/projects/POTENTIOSTAT_26/logs_hrahimi/logs0/Job52.log", "simid": "1"}
[2026-05-27 11:52:24.557 Z] [PROCESS] [cadence.virtuoso.ade.simulationMonitor] - Started Simulation {"hostname": "il2244vt26_hrahimi", "processid": 311728, "history": "MonteCarlo.1", "testname": "TRAN_VDD_MC", "cornername": "Nominal", "point": 18, "logfile": "/home/hrahimi/projects/POTENTIOSTAT_26/logs_hrahimi/logs0/Job52.log", "event": "started", "task": "simulation"}
[2026-05-27 11:52:25.061 Z] [INFO] [cadence.virtuoso.ade.simulationMonitor] - Notice from spectre in `vert10':`I0.Q3(30)', in `fecg_bandgap3_layout':`I0', during Monte Carlo analysis `mc1'.
    I0.Q3(30).bjtinsub: `rbm' has the unusually small value of 901.053 mOhm.
    I0.Q3(30).bjtinsub: `minr' has the unusually small value of 10 fOhm. {"history": "MonteCarlo.1", "point": 18, "testname": "TRAN_VDD_MC", "cornername": "Nominal"}
[2026-05-27 11:52:25.061 Z] [INFO] [cadence.virtuoso.ade.simulationMonitor] - Notice from spectre in `vert10':`I0.Q3(29)', in `fecg_bandgap3_layout':`I0', during Monte Carlo analysis `mc1'.
    I0.Q3(29).bjtinsub: `rbm' has the unusually small value of 901.053 mOhm.
    I0.Q3(29).bjtinsub: `minr' has the unusually small value of 10 fOhm. {"history": "MonteCarlo.1", "point": 18, "testname": "TRAN_VDD_MC", "cornername": "Nominal"}
[2026-05-27 11:52:25.062 Z] [INFO] [cadence.virtuoso.ade.simulationMonitor] - Notice from spectre in `vert10':`I0.Q3(28)', in `fecg_bandgap3_layout':`I0', during Monte Carlo analysis `mc1'.
    I0.Q3(28).bjtinsub: `rbm' has the unusually small value of 901.053 mOhm.
        Further occurrences of this notice will be suppressed. {"history": "MonteCarlo.1", "point": 18, "testname": "TRAN_VDD_MC", "cornername": "Nominal"}
[2026-05-27 11:52:25.062 Z] [INFO] [cadence.virtuoso.ade.simulationMonitor] - Notice from spectre during IC analysis, during transient analysis `tran', during Monte Carlo analysis `mc1'.
    GminDC = 1 pS is large enough to noticeably affect the DC solution.
        dV(I0.208\:S) = -88.765 uV
        Use the `gmin_check' option to eliminate or expand this report.
    Bad pivoting is found during DC analysis. Option dc_pivot_check=yes is recommended for possible improvement of convergence. {"history": "MonteCarlo.1", "point": 18, "testname": "TRAN_VDD_MC", "cornername": "Nominal"}
[2026-05-27 11:52:25.062 Z] [WARN] [cadence.virtuoso.ade.simulationMonitor] -     WARNING (CMI-2943): Parameter checks have been ignored because the valid value for parameter 'trise' could not be found in 'C0'. {"history": "MonteCarlo.1", "point": 18, "testname": "TRAN_VDD_MC", "cornername": "Nominal"}
[2026-05-27 11:52:25.063 Z] [WARN] [cadence.virtuoso.ade.simulationMonitor] -     WARNING (CMI-2943): Parameter checks have been ignored because the valid value for parameter 'trise' could not be found in 'I0.R44.CM'. {"history": "MonteCarlo.1", "point": 18, "testname": "TRAN_VDD_MC", "cornername": "Nominal"}
[2026-05-27 11:52:25.064 Z] [WARN] [cadence.virtuoso.ade.simulationMonitor] -     WARNING (CMI-2943): Parameter checks have been ignored because the valid value for parameter 'trise' could not be found in 'I0.R44.CS1'. {"history": "MonteCarlo.1", "point": 18, "testname": "TRAN_VDD_MC", "cornername": "Nominal"}
[2026-05-27 11:52:25.064 Z] [WARN] [cadence.virtuoso.ade.simulationMonitor] -     WARNING (CMI-2943): Parameter checks have been ignored because the valid value for parameter 'trise' could not be found in 'I0.R44.CS0'. {"history": "MonteCarlo.1", "point": 18, "testname": "TRAN_VDD_MC", "cornername": "Nominal"}
[2026-05-27 11:52:25.065 Z] [WARN] [cadence.virtuoso.ade.simulationMonitor] -     WARNING (CMI-2943): Parameter checks have been ignored because the valid value for parameter 'trise' could not be found in 'I0.R23.CM'.
        Further occurrences of this warning will be suppressed. {"history": "MonteCarlo.1", "point": 18, "testname": "TRAN_VDD_MC", "cornername": "Nominal"}
[2026-05-27 11:52:25.065 Z] [INFO] [cadence.virtuoso.ade.simulationMonitor] - Total time required for tran analysis `tran': CPU = 729.955 ms, elapsed = 317.058 ms, util. = 230%. {"history": "MonteCarlo.1", "point": 18, "testname": "TRAN_VDD_MC", "cornername": "Nominal"}
[2026-05-27 11:52:25.066 Z] [INFO] [cadence.virtuoso.ade.simulationMonitor] - Peak resident memory used = 262 Mbytes. {"history": "MonteCarlo.1", "point": 18, "testname": "TRAN_VDD_MC", "cornername": "Nominal"}
[2026-05-27 11:52:25.066 Z] [INFO] [cadence.virtuoso.ade.simulationMonitor] - Notice from spectre during transient analysis `tran', during Monte Carlo analysis `mc1'.
    121 notices suppressed.
    137 warnings suppressed. {"history": "MonteCarlo.1", "point": 18, "testname": "TRAN_VDD_MC", "cornername": "Nominal"}
[2026-05-27 11:52:25.067 Z] [PROCESS] [cadence.virtuoso.ade.simulationMonitor] - Finished simulating for one iteration {"hostname": "il2244vt26_hrahimi", "processid": 311728, "history": "MonteCarlo.1", "testname": "TRAN_VDD_MC", "cornername": "Nominal", "point": 18, "logfile": "/home/hrahimi/projects/POTENTIOSTAT_26/logs_hrahimi/logs0/Job52.log", "simid": "1"}
[2026-05-27 11:52:25.067 Z] [PROCESS] [cadence.virtuoso.ade.simulationMonitor] - Started Simulation {"hostname": "il2244vt26_hrahimi", "processid": 311728, "history": "MonteCarlo.1", "testname": "TRAN_VDD_MC", "cornername": "Nominal", "point": 19, "logfile": "/home/hrahimi/projects/POTENTIOSTAT_26/logs_hrahimi/logs0/Job52.log", "event": "started", "task": "simulation"}
[2026-05-27 11:52:25.068 Z] [PROCESS] [cadence.virtuoso.ade.simulationMonitor] - Finished simulating for one iteration {"hostname": "il2244vt26_hrahimi", "processid": 311728, "history": "MonteCarlo.1", "testname": "TRAN_VDD_MC", "cornername": "Nominal", "point": 19, "logfile": "/home/hrahimi/projects/POTENTIOSTAT_26/logs_hrahimi/logs0/Job52.log", "simid": "1"}
[2026-05-27 11:52:25.068 Z] [PROCESS] [cadence.virtuoso.ade.simulationMonitor] - Started Simulation {"hostname": "il2244vt26_hrahimi", "processid": 311728, "history": "MonteCarlo.1", "testname": "TRAN_VDD_MC", "cornername": "Nominal", "point": 20, "logfile": "/home/hrahimi/projects/POTENTIOSTAT_26/logs_hrahimi/logs0/Job52.log", "event": "started", "task": "simulation"}
[2026-05-27 11:52:25.569 Z] [INFO] [cadence.virtuoso.ade.simulationMonitor] - Notice from spectre in `vert10':`I0.Q3(30)', in `fecg_bandgap3_layout':`I0', during Monte Carlo analysis `mc1'.
    I0.Q3(30).bjtinsub: `rbm' has the unusually small value of 926.053 mOhm.
    I0.Q3(30).bjtinsub: `minr' has the unusually small value of 10 fOhm. {"history": "MonteCarlo.1", "point": 20, "testname": "TRAN_VDD_MC", "cornername": "Nominal"}
[2026-05-27 11:52:25.569 Z] [INFO] [cadence.virtuoso.ade.simulationMonitor] - Notice from spectre in `vert10':`I0.Q3(29)', in `fecg_bandgap3_layout':`I0', during Monte Carlo analysis `mc1'.
    I0.Q3(29).bjtinsub: `rbm' has the unusually small value of 926.053 mOhm.
    I0.Q3(29).bjtinsub: `minr' has the unusually small value of 10 fOhm. {"history": "MonteCarlo.1", "point": 20, "testname": "TRAN_VDD_MC", "cornername": "Nominal"}
[2026-05-27 11:52:25.570 Z] [INFO] [cadence.virtuoso.ade.simulationMonitor] - Notice from spectre in `vert10':`I0.Q3(28)', in `fecg_bandgap3_layout':`I0', during Monte Carlo analysis `mc1'.
    I0.Q3(28).bjtinsub: `rbm' has the unusually small value of 926.053 mOhm.
        Further occurrences of this notice will be suppressed. {"history": "MonteCarlo.1", "point": 20, "testname": "TRAN_VDD_MC", "cornername": "Nominal"}
[2026-05-27 11:52:25.570 Z] [INFO] [cadence.virtuoso.ade.simulationMonitor] - Notice from spectre during IC analysis, during transient analysis `tran', during Monte Carlo analysis `mc1'.
    GminDC = 1 pS is large enough to noticeably affect the DC solution.
        dV(I0.41\:S) = -61.1075 uV
        Use the `gmin_check' option to eliminate or expand this report.
    Bad pivoting is found during DC analysis. Option dc_pivot_check=yes is recommended for possible improvement of convergence. {"history": "MonteCarlo.1", "point": 20, "testname": "TRAN_VDD_MC", "cornername": "Nominal"}
[2026-05-27 11:52:25.571 Z] [WARN] [cadence.virtuoso.ade.simulationMonitor] -     WARNING (CMI-2943): Parameter checks have been ignored because the valid value for parameter 'trise' could not be found in 'C0'. {"history": "MonteCarlo.1", "point": 20, "testname": "TRAN_VDD_MC", "cornername": "Nominal"}
[2026-05-27 11:52:25.571 Z] [WARN] [cadence.virtuoso.ade.simulationMonitor] -     WARNING (CMI-2943): Parameter checks have been ignored because the valid value for parameter 'trise' could not be found in 'I0.R44.CM'. {"history": "MonteCarlo.1", "point": 20, "testname": "TRAN_VDD_MC", "cornername": "Nominal"}
[2026-05-27 11:52:25.575 Z] [WARN] [cadence.virtuoso.ade.simulationMonitor] -     WARNING (CMI-2943): Parameter checks have been ignored because the valid value for parameter 'trise' could not be found in 'I0.R44.CS1'. {"history": "MonteCarlo.1", "point": 20, "testname": "TRAN_VDD_MC", "cornername": "Nominal"}
[2026-05-27 11:52:25.575 Z] [WARN] [cadence.virtuoso.ade.simulationMonitor] -     WARNING (CMI-2943): Parameter checks have been ignored because the valid value for parameter 'trise' could not be found in 'I0.R44.CS0'. {"history": "MonteCarlo.1", "point": 20, "testname": "TRAN_VDD_MC", "cornername": "Nominal"}
[2026-05-27 11:52:25.576 Z] [WARN] [cadence.virtuoso.ade.simulationMonitor] -     WARNING (CMI-2943): Parameter checks have been ignored because the valid value for parameter 'trise' could not be found in 'I0.R23.CM'.
        Further occurrences of this warning will be suppressed. {"history": "MonteCarlo.1", "point": 20, "testname": "TRAN_VDD_MC", "cornername": "Nominal"}
[2026-05-27 11:52:26.077 Z] [INFO] [cadence.virtuoso.ade.simulationMonitor] - Total time required for tran analysis `tran': CPU = 772.767 ms, elapsed = 631.944 ms, util. = 122%. {"history": "MonteCarlo.1", "point": 20, "testname": "TRAN_VDD_MC", "cornername": "Nominal"}
[2026-05-27 11:52:26.078 Z] [INFO] [cadence.virtuoso.ade.simulationMonitor] - Peak resident memory used = 264 Mbytes. {"history": "MonteCarlo.1", "point": 20, "testname": "TRAN_VDD_MC", "cornername": "Nominal"}
[2026-05-27 11:52:26.079 Z] [INFO] [cadence.virtuoso.ade.simulationMonitor] - Notice from spectre during transient analysis `tran', during Monte Carlo analysis `mc1'.
    121 notices suppressed.
    137 warnings suppressed. {"history": "MonteCarlo.1", "point": 20, "testname": "TRAN_VDD_MC", "cornername": "Nominal"}
[2026-05-27 11:52:26.080 Z] [INFO] [cadence.virtuoso.ade.simulationMonitor] - Notice from spectre in `vert10':`I0.Q3(30)', in `fecg_bandgap3_layout':`I0', during Monte Carlo analysis `mc1'.
    I0.Q3(30).bjtinsub: `minr' has the unusually small value of 10 fOhm. {"history": "MonteCarlo.1", "point": 20, "testname": "TRAN_VDD_MC", "cornername": "Nominal"}
[2026-05-27 11:52:26.080 Z] [INFO] [cadence.virtuoso.ade.simulationMonitor] - Notice from spectre in `vert10':`I0.Q3(29)', in `fecg_bandgap3_layout':`I0', during Monte Carlo analysis `mc1'.
    I0.Q3(29).bjtinsub: `minr' has the unusually small value of 10 fOhm. {"history": "MonteCarlo.1", "point": 20, "testname": "TRAN_VDD_MC", "cornername": "Nominal"}
[2026-05-27 11:52:26.081 Z] [INFO] [cadence.virtuoso.ade.simulationMonitor] - Notice from spectre in `vert10':`I0.Q3(28)', in `fecg_bandgap3_layout':`I0', during Monte Carlo analysis `mc1'.
    I0.Q3(28).bjtinsub: `minr' has the unusually small value of 10 fOhm. {"history": "MonteCarlo.1", "point": 20, "testname": "TRAN_VDD_MC", "cornername": "Nominal"}
[2026-05-27 11:52:26.081 Z] [INFO] [cadence.virtuoso.ade.simulationMonitor] - Notice from spectre in `vert10':`I0.Q3(27)', in `fecg_bandgap3_layout':`I0', during Monte Carlo analysis `mc1'.
    I0.Q3(27).bjtinsub: `minr' has the unusually small value of 10 fOhm. {"history": "MonteCarlo.1", "point": 20, "testname": "TRAN_VDD_MC", "cornername": "Nominal"}
[2026-05-27 11:52:26.081 Z] [INFO] [cadence.virtuoso.ade.simulationMonitor] - Notice from spectre in `vert10':`I0.Q3(26)', in `fecg_bandgap3_layout':`I0', during Monte Carlo analysis `mc1'.
    I0.Q3(26).bjtinsub: `minr' has the unusually small value of 10 fOhm.
        Further occurrences of this notice will be suppressed. {"history": "MonteCarlo.1", "point": 20, "testname": "TRAN_VDD_MC", "cornername": "Nominal"}
[2026-05-27 11:52:26.082 Z] [INFO] [cadence.virtuoso.ade.simulationMonitor] - Notice from spectre during IC analysis, during transient analysis `tran', during Monte Carlo analysis `mc1'.
    GminDC = 1 pS is large enough to noticeably affect the DC solution.
        dV(I0.221\:S) = -105.181 uV
        Use the `gmin_check' option to eliminate or expand this report.
    Bad pivoting is found during DC analysis. Option dc_pivot_check=yes is recommended for possible improvement of convergence. {"history": "MonteCarlo.1", "point": 20, "testname": "TRAN_VDD_MC", "cornername": "Nominal"}
[2026-05-27 11:52:26.082 Z] [WARN] [cadence.virtuoso.ade.simulationMonitor] -     WARNING (CMI-2943): Parameter checks have been ignored because the valid value for parameter 'trise' could not be found in 'C0'. {"history": "MonteCarlo.1", "point": 20, "testname": "TRAN_VDD_MC", "cornername": "Nominal"}
[2026-05-27 11:52:26.083 Z] [WARN] [cadence.virtuoso.ade.simulationMonitor] -     WARNING (CMI-2943): Parameter checks have been ignored because the valid value for parameter 'trise' could not be found in 'I0.R44.CM'. {"history": "MonteCarlo.1", "point": 20, "testname": "TRAN_VDD_MC", "cornername": "Nominal"}
[2026-05-27 11:52:26.083 Z] [WARN] [cadence.virtuoso.ade.simulationMonitor] -     WARNING (CMI-2943): Parameter checks have been ignored because the valid value for parameter 'trise' could not be found in 'I0.R44.CS1'. {"history": "MonteCarlo.1", "point": 20, "testname": "TRAN_VDD_MC", "cornername": "Nominal"}
[2026-05-27 11:52:26.084 Z] [WARN] [cadence.virtuoso.ade.simulationMonitor] -     WARNING (CMI-2943): Parameter checks have been ignored because the valid value for parameter 'trise' could not be found in 'I0.R44.CS0'. {"history": "MonteCarlo.1", "point": 20, "testname": "TRAN_VDD_MC", "cornername": "Nominal"}
[2026-05-27 11:52:26.084 Z] [WARN] [cadence.virtuoso.ade.simulationMonitor] -     WARNING (CMI-2943): Parameter checks have been ignored because the valid value for parameter 'trise' could not be found in 'I0.R23.CM'.
        Further occurrences of this warning will be suppressed. {"history": "MonteCarlo.1", "point": 20, "testname": "TRAN_VDD_MC", "cornername": "Nominal"}
[2026-05-27 11:52:26.085 Z] [PROCESS] [cadence.virtuoso.ade.simulationMonitor] - Finished simulating for one iteration {"hostname": "il2244vt26_hrahimi", "processid": 311728, "history": "MonteCarlo.1", "testname": "TRAN_VDD_MC", "cornername": "Nominal", "point": 20, "logfile": "/home/hrahimi/projects/POTENTIOSTAT_26/logs_hrahimi/logs0/Job52.log", "simid": "1"}
[2026-05-27 11:52:26.085 Z] [PROCESS] [cadence.virtuoso.ade.simulationMonitor] - Started Simulation {"hostname": "il2244vt26_hrahimi", "processid": 311728, "history": "MonteCarlo.1", "testname": "TRAN_VDD_MC", "cornername": "Nominal", "point": 21, "logfile": "/home/hrahimi/projects/POTENTIOSTAT_26/logs_hrahimi/logs0/Job52.log", "event": "started", "task": "simulation"}
[2026-05-27 11:52:26.586 Z] [INFO] [cadence.virtuoso.ade.simulationMonitor] - Total time required for tran analysis `tran': CPU = 730.765 ms, elapsed = 395.03 ms, util. = 185%. {"history": "MonteCarlo.1", "point": 21, "testname": "TRAN_VDD_MC", "cornername": "Nominal"}
[2026-05-27 11:52:26.588 Z] [INFO] [cadence.virtuoso.ade.simulationMonitor] - Peak resident memory used = 265 Mbytes. {"history": "MonteCarlo.1", "point": 21, "testname": "TRAN_VDD_MC", "cornername": "Nominal"}
[2026-05-27 11:52:26.588 Z] [INFO] [cadence.virtuoso.ade.simulationMonitor] - Notice from spectre during transient analysis `tran', during Monte Carlo analysis `mc1'.
    58 notices suppressed.
    137 warnings suppressed. {"history": "MonteCarlo.1", "point": 21, "testname": "TRAN_VDD_MC", "cornername": "Nominal"}
[2026-05-27 11:52:26.589 Z] [INFO] [cadence.virtuoso.ade.simulationMonitor] - Notice from spectre in `vert10':`I0.Q3(30)', in `fecg_bandgap3_layout':`I0', during Monte Carlo analysis `mc1'.
    I0.Q3(30).bjtinsub: `rbm' has the unusually small value of 976.053 mOhm.
    I0.Q3(30).bjtinsub: `minr' has the unusually small value of 10 fOhm. {"history": "MonteCarlo.1", "point": 21, "testname": "TRAN_VDD_MC", "cornername": "Nominal"}
[2026-05-27 11:52:26.589 Z] [INFO] [cadence.virtuoso.ade.simulationMonitor] - Notice from spectre in `vert10':`I0.Q3(29)', in `fecg_bandgap3_layout':`I0', during Monte Carlo analysis `mc1'.
    I0.Q3(29).bjtinsub: `rbm' has the unusually small value of 976.053 mOhm.
    I0.Q3(29).bjtinsub: `minr' has the unusually small value of 10 fOhm. {"history": "MonteCarlo.1", "point": 21, "testname": "TRAN_VDD_MC", "cornername": "Nominal"}
[2026-05-27 11:52:26.590 Z] [INFO] [cadence.virtuoso.ade.simulationMonitor] - Notice from spectre in `vert10':`I0.Q3(28)', in `fecg_bandgap3_layout':`I0', during Monte Carlo analysis `mc1'.
    I0.Q3(28).bjtinsub: `rbm' has the unusually small value of 976.053 mOhm.
        Further occurrences of this notice will be suppressed. {"history": "MonteCarlo.1", "point": 21, "testname": "TRAN_VDD_MC", "cornername": "Nominal"}
[2026-05-27 11:52:26.590 Z] [INFO] [cadence.virtuoso.ade.simulationMonitor] - Notice from spectre during IC analysis, during transient analysis `tran', during Monte Carlo analysis `mc1'.
    GminDC = 1 pS is large enough to noticeably affect the DC solution.
        dV(I0.221\:S) = 2.12595 uV
        Use the `gmin_check' option to eliminate or expand this report.
    Bad pivoting is found during DC analysis. Option dc_pivot_check=yes is recommended for possible improvement of convergence. {"history": "MonteCarlo.1", "point": 21, "testname": "TRAN_VDD_MC", "cornername": "Nominal"}
[2026-05-27 11:52:26.591 Z] [WARN] [cadence.virtuoso.ade.simulationMonitor] -     WARNING (CMI-2943): Parameter checks have been ignored because the valid value for parameter 'trise' could not be found in 'C0'. {"history": "MonteCarlo.1", "point": 21, "testname": "TRAN_VDD_MC", "cornername": "Nominal"}
[2026-05-27 11:52:26.592 Z] [WARN] [cadence.virtuoso.ade.simulationMonitor] -     WARNING (CMI-2943): Parameter checks have been ignored because the valid value for parameter 'trise' could not be found in 'I0.R44.CM'. {"history": "MonteCarlo.1", "point": 21, "testname": "TRAN_VDD_MC", "cornername": "Nominal"}
[2026-05-27 11:52:26.593 Z] [WARN] [cadence.virtuoso.ade.simulationMonitor] -     WARNING (CMI-2943): Parameter checks have been ignored because the valid value for parameter 'trise' could not be found in 'I0.R44.CS1'. {"history": "MonteCarlo.1", "point": 21, "testname": "TRAN_VDD_MC", "cornername": "Nominal"}
[2026-05-27 11:52:26.593 Z] [WARN] [cadence.virtuoso.ade.simulationMonitor] -     WARNING (CMI-2943): Parameter checks have been ignored because the valid value for parameter 'trise' could not be found in 'I0.R44.CS0'. {"history": "MonteCarlo.1", "point": 21, "testname": "TRAN_VDD_MC", "cornername": "Nominal"}
[2026-05-27 11:52:26.593 Z] [WARN] [cadence.virtuoso.ade.simulationMonitor] -     WARNING (CMI-2943): Parameter checks have been ignored because the valid value for parameter 'trise' could not be found in 'I0.R23.CM'.
        Further occurrences of this warning will be suppressed. {"history": "MonteCarlo.1", "point": 21, "testname": "TRAN_VDD_MC", "cornername": "Nominal"}
[2026-05-27 11:52:26.594 Z] [PROCESS] [cadence.virtuoso.ade.simulationMonitor] - Finished simulating for one iteration {"hostname": "il2244vt26_hrahimi", "processid": 311728, "history": "MonteCarlo.1", "testname": "TRAN_VDD_MC", "cornername": "Nominal", "point": 21, "logfile": "/home/hrahimi/projects/POTENTIOSTAT_26/logs_hrahimi/logs0/Job52.log", "simid": "1"}
[2026-05-27 11:52:26.594 Z] [PROCESS] [cadence.virtuoso.ade.simulationMonitor] - Started Simulation {"hostname": "il2244vt26_hrahimi", "processid": 311728, "history": "MonteCarlo.1", "testname": "TRAN_VDD_MC", "cornername": "Nominal", "point": 22, "logfile": "/home/hrahimi/projects/POTENTIOSTAT_26/logs_hrahimi/logs0/Job52.log", "event": "started", "task": "simulation"}
[2026-05-27 11:52:27.096 Z] [INFO] [cadence.virtuoso.ade.simulationMonitor] - Total time required for tran analysis `tran': CPU = 749.575 ms, elapsed = 474.79 ms, util. = 158%. {"history": "MonteCarlo.1", "point": 22, "testname": "TRAN_VDD_MC", "cornername": "Nominal"}
[2026-05-27 11:52:27.096 Z] [INFO] [cadence.virtuoso.ade.simulationMonitor] - Peak resident memory used = 266 Mbytes. {"history": "MonteCarlo.1", "point": 22, "testname": "TRAN_VDD_MC", "cornername": "Nominal"}
[2026-05-27 11:52:27.097 Z] [INFO] [cadence.virtuoso.ade.simulationMonitor] - Notice from spectre during transient analysis `tran', during Monte Carlo analysis `mc1'.
    121 notices suppressed.
    137 warnings suppressed. {"history": "MonteCarlo.1", "point": 22, "testname": "TRAN_VDD_MC", "cornername": "Nominal"}
[2026-05-27 11:52:27.097 Z] [PROCESS] [cadence.virtuoso.ade.simulationMonitor] - Finished simulating for one iteration {"hostname": "il2244vt26_hrahimi", "processid": 311728, "history": "MonteCarlo.1", "testname": "TRAN_VDD_MC", "cornername": "Nominal", "point": 22, "logfile": "/home/hrahimi/projects/POTENTIOSTAT_26/logs_hrahimi/logs0/Job52.log", "simid": "1"}
[2026-05-27 11:52:27.098 Z] [PROCESS] [cadence.virtuoso.ade.simulationMonitor] - Started Simulation {"hostname": "il2244vt26_hrahimi", "processid": 311728, "history": "MonteCarlo.1", "testname": "TRAN_VDD_MC", "cornername": "Nominal", "point": 23, "logfile": "/home/hrahimi/projects/POTENTIOSTAT_26/logs_hrahimi/logs0/Job52.log", "event": "started", "task": "simulation"}
[2026-05-27 11:52:27.599 Z] [INFO] [cadence.virtuoso.ade.simulationMonitor] - Notice from spectre in `vert10':`I0.Q3(30)', in `fecg_bandgap3_layout':`I0', during Monte Carlo analysis `mc1'.
    I0.Q3(30).bjtinsub: `minr' has the unusually small value of 10 fOhm. {"history": "MonteCarlo.1", "point": 23, "testname": "TRAN_VDD_MC", "cornername": "Nominal"}
[2026-05-27 11:52:27.599 Z] [INFO] [cadence.virtuoso.ade.simulationMonitor] - Notice from spectre in `vert10':`I0.Q3(29)', in `fecg_bandgap3_layout':`I0', during Monte Carlo analysis `mc1'.
    I0.Q3(29).bjtinsub: `minr' has the unusually small value of 10 fOhm. {"history": "MonteCarlo.1", "point": 23, "testname": "TRAN_VDD_MC", "cornername": "Nominal"}
[2026-05-27 11:52:27.599 Z] [INFO] [cadence.virtuoso.ade.simulationMonitor] - Notice from spectre in `vert10':`I0.Q3(28)', in `fecg_bandgap3_layout':`I0', during Monte Carlo analysis `mc1'.
    I0.Q3(28).bjtinsub: `minr' has the unusually small value of 10 fOhm. {"history": "MonteCarlo.1", "point": 23, "testname": "TRAN_VDD_MC", "cornername": "Nominal"}
[2026-05-27 11:52:27.600 Z] [INFO] [cadence.virtuoso.ade.simulationMonitor] - Notice from spectre in `vert10':`I0.Q3(27)', in `fecg_bandgap3_layout':`I0', during Monte Carlo analysis `mc1'.
    I0.Q3(27).bjtinsub: `minr' has the unusually small value of 10 fOhm. {"history": "MonteCarlo.1", "point": 23, "testname": "TRAN_VDD_MC", "cornername": "Nominal"}
[2026-05-27 11:52:27.602 Z] [INFO] [cadence.virtuoso.ade.simulationMonitor] - Notice from spectre in `vert10':`I0.Q3(26)', in `fecg_bandgap3_layout':`I0', during Monte Carlo analysis `mc1'.
    I0.Q3(26).bjtinsub: `minr' has the unusually small value of 10 fOhm.
        Further occurrences of this notice will be suppressed. {"history": "MonteCarlo.1", "point": 23, "testname": "TRAN_VDD_MC", "cornername": "Nominal"}
[2026-05-27 11:52:27.602 Z] [INFO] [cadence.virtuoso.ade.simulationMonitor] - Notice from spectre during IC analysis, during transient analysis `tran', during Monte Carlo analysis `mc1'.
    GminDC = 1 pS is large enough to noticeably affect the DC solution.
        dV(I0.208\:S) = -47.4674 uV
        Use the `gmin_check' option to eliminate or expand this report.
    Bad pivoting is found during DC analysis. Option dc_pivot_check=yes is recommended for possible improvement of convergence. {"history": "MonteCarlo.1", "point": 23, "testname": "TRAN_VDD_MC", "cornername": "Nominal"}
[2026-05-27 11:52:27.603 Z] [WARN] [cadence.virtuoso.ade.simulationMonitor] -     WARNING (CMI-2943): Parameter checks have been ignored because the valid value for parameter 'trise' could not be found in 'C0'. {"history": "MonteCarlo.1", "point": 23, "testname": "TRAN_VDD_MC", "cornername": "Nominal"}
[2026-05-27 11:52:27.603 Z] [WARN] [cadence.virtuoso.ade.simulationMonitor] -     WARNING (CMI-2943): Parameter checks have been ignored because the valid value for parameter 'trise' could not be found in 'I0.R44.CM'. {"history": "MonteCarlo.1", "point": 23, "testname": "TRAN_VDD_MC", "cornername": "Nominal"}
[2026-05-27 11:52:27.603 Z] [WARN] [cadence.virtuoso.ade.simulationMonitor] -     WARNING (CMI-2943): Parameter checks have been ignored because the valid value for parameter 'trise' could not be found in 'I0.R44.CS1'. {"history": "MonteCarlo.1", "point": 23, "testname": "TRAN_VDD_MC", "cornername": "Nominal"}
[2026-05-27 11:52:27.604 Z] [WARN] [cadence.virtuoso.ade.simulationMonitor] -     WARNING (CMI-2943): Parameter checks have been ignored because the valid value for parameter 'trise' could not be found in 'I0.R44.CS0'. {"history": "MonteCarlo.1", "point": 23, "testname": "TRAN_VDD_MC", "cornername": "Nominal"}
[2026-05-27 11:52:27.604 Z] [WARN] [cadence.virtuoso.ade.simulationMonitor] -     WARNING (CMI-2943): Parameter checks have been ignored because the valid value for parameter 'trise' could not be found in 'I0.R23.CM'.
        Further occurrences of this warning will be suppressed. {"history": "MonteCarlo.1", "point": 23, "testname": "TRAN_VDD_MC", "cornername": "Nominal"}
[2026-05-27 11:52:28.105 Z] [INFO] [cadence.virtuoso.ade.simulationMonitor] - Total time required for tran analysis `tran': CPU = 694.793 ms, elapsed = 479.219 ms, util. = 145%. {"history": "MonteCarlo.1", "point": 23, "testname": "TRAN_VDD_MC", "cornername": "Nominal"}
[2026-05-27 11:52:28.106 Z] [INFO] [cadence.virtuoso.ade.simulationMonitor] - Peak resident memory used = 268 Mbytes. {"history": "MonteCarlo.1", "point": 23, "testname": "TRAN_VDD_MC", "cornername": "Nominal"}
[2026-05-27 11:52:28.106 Z] [INFO] [cadence.virtuoso.ade.simulationMonitor] - Notice from spectre during transient analysis `tran', during Monte Carlo analysis `mc1'.
    58 notices suppressed.
    137 warnings suppressed. {"history": "MonteCarlo.1", "point": 23, "testname": "TRAN_VDD_MC", "cornername": "Nominal"}
[2026-05-27 11:52:28.106 Z] [INFO] [cadence.virtuoso.ade.simulationMonitor] - Notice from spectre in `vert10':`I0.Q3(30)', in `fecg_bandgap3_layout':`I0', during Monte Carlo analysis `mc1'.
    I0.Q3(30).bjtinsub: `rbm' has the unusually small value of 938.553 mOhm.
    I0.Q3(30).bjtinsub: `minr' has the unusually small value of 10 fOhm. {"history": "MonteCarlo.1", "point": 23, "testname": "TRAN_VDD_MC", "cornername": "Nominal"}
[2026-05-27 11:52:28.107 Z] [INFO] [cadence.virtuoso.ade.simulationMonitor] - Notice from spectre in `vert10':`I0.Q3(29)', in `fecg_bandgap3_layout':`I0', during Monte Carlo analysis `mc1'.
    I0.Q3(29).bjtinsub: `rbm' has the unusually small value of 938.553 mOhm.
    I0.Q3(29).bjtinsub: `minr' has the unusually small value of 10 fOhm. {"history": "MonteCarlo.1", "point": 23, "testname": "TRAN_VDD_MC", "cornername": "Nominal"}
[2026-05-27 11:52:28.107 Z] [INFO] [cadence.virtuoso.ade.simulationMonitor] - Notice from spectre in `vert10':`I0.Q3(28)', in `fecg_bandgap3_layout':`I0', during Monte Carlo analysis `mc1'.
    I0.Q3(28).bjtinsub: `rbm' has the unusually small value of 938.553 mOhm.
        Further occurrences of this notice will be suppressed. {"history": "MonteCarlo.1", "point": 23, "testname": "TRAN_VDD_MC", "cornername": "Nominal"}
[2026-05-27 11:52:28.108 Z] [INFO] [cadence.virtuoso.ade.simulationMonitor] - Notice from spectre during IC analysis, during transient analysis `tran', during Monte Carlo analysis `mc1'.
    GminDC = 1 pS is large enough to noticeably affect the DC solution.
        dV(I0.227\:S) = -3.12198 uV
        Use the `gmin_check' option to eliminate or expand this report.
    Bad pivoting is found during DC analysis. Option dc_pivot_check=yes is recommended for possible improvement of convergence. {"history": "MonteCarlo.1", "point": 23, "testname": "TRAN_VDD_MC", "cornername": "Nominal"}
[2026-05-27 11:52:28.108 Z] [WARN] [cadence.virtuoso.ade.simulationMonitor] -     WARNING (CMI-2943): Parameter checks have been ignored because the valid value for parameter 'trise' could not be found in 'C0'. {"history": "MonteCarlo.1", "point": 23, "testname": "TRAN_VDD_MC", "cornername": "Nominal"}
[2026-05-27 11:52:28.109 Z] [WARN] [cadence.virtuoso.ade.simulationMonitor] -     WARNING (CMI-2943): Parameter checks have been ignored because the valid value for parameter 'trise' could not be found in 'I0.R44.CM'. {"history": "MonteCarlo.1", "point": 23, "testname": "TRAN_VDD_MC", "cornername": "Nominal"}
[2026-05-27 11:52:28.109 Z] [WARN] [cadence.virtuoso.ade.simulationMonitor] -     WARNING (CMI-2943): Parameter checks have been ignored because the valid value for parameter 'trise' could not be found in 'I0.R44.CS1'. {"history": "MonteCarlo.1", "point": 23, "testname": "TRAN_VDD_MC", "cornername": "Nominal"}
[2026-05-27 11:52:28.110 Z] [WARN] [cadence.virtuoso.ade.simulationMonitor] -     WARNING (CMI-2943): Parameter checks have been ignored because the valid value for parameter 'trise' could not be found in 'I0.R44.CS0'. {"history": "MonteCarlo.1", "point": 23, "testname": "TRAN_VDD_MC", "cornername": "Nominal"}
[2026-05-27 11:52:28.110 Z] [WARN] [cadence.virtuoso.ade.simulationMonitor] -     WARNING (CMI-2943): Parameter checks have been ignored because the valid value for parameter 'trise' could not be found in 'I0.R23.CM'.
        Further occurrences of this warning will be suppressed. {"history": "MonteCarlo.1", "point": 23, "testname": "TRAN_VDD_MC", "cornername": "Nominal"}
[2026-05-27 11:52:28.111 Z] [PROCESS] [cadence.virtuoso.ade.simulationMonitor] - Finished simulating for one iteration {"hostname": "il2244vt26_hrahimi", "processid": 311728, "history": "MonteCarlo.1", "testname": "TRAN_VDD_MC", "cornername": "Nominal", "point": 23, "logfile": "/home/hrahimi/projects/POTENTIOSTAT_26/logs_hrahimi/logs0/Job52.log", "simid": "1"}
[2026-05-27 11:52:28.111 Z] [PROCESS] [cadence.virtuoso.ade.simulationMonitor] - Started Simulation {"hostname": "il2244vt26_hrahimi", "processid": 311728, "history": "MonteCarlo.1", "testname": "TRAN_VDD_MC", "cornername": "Nominal", "point": 24, "logfile": "/home/hrahimi/projects/POTENTIOSTAT_26/logs_hrahimi/logs0/Job52.log", "event": "started", "task": "simulation"}
[2026-05-27 11:52:28.613 Z] [INFO] [cadence.virtuoso.ade.simulationMonitor] - Total time required for tran analysis `tran': CPU = 693.39 ms, elapsed = 393.816 ms, util. = 176%. {"history": "MonteCarlo.1", "point": 24, "testname": "TRAN_VDD_MC", "cornername": "Nominal"}
[2026-05-27 11:52:28.613 Z] [INFO] [cadence.virtuoso.ade.simulationMonitor] - Peak resident memory used = 268 Mbytes. {"history": "MonteCarlo.1", "point": 24, "testname": "TRAN_VDD_MC", "cornername": "Nominal"}
[2026-05-27 11:52:28.613 Z] [INFO] [cadence.virtuoso.ade.simulationMonitor] - Notice from spectre during transient analysis `tran', during Monte Carlo analysis `mc1'.
    121 notices suppressed.
    137 warnings suppressed. {"history": "MonteCarlo.1", "point": 24, "testname": "TRAN_VDD_MC", "cornername": "Nominal"}
[2026-05-27 11:52:28.614 Z] [INFO] [cadence.virtuoso.ade.simulationMonitor] - Notice from spectre in `vert10':`I0.Q3(30)', in `fecg_bandgap3_layout':`I0', during Monte Carlo analysis `mc1'.
    I0.Q3(30).bjtinsub: `minr' has the unusually small value of 10 fOhm. {"history": "MonteCarlo.1", "point": 24, "testname": "TRAN_VDD_MC", "cornername": "Nominal"}
[2026-05-27 11:52:28.614 Z] [INFO] [cadence.virtuoso.ade.simulationMonitor] - Notice from spectre in `vert10':`I0.Q3(29)', in `fecg_bandgap3_layout':`I0', during Monte Carlo analysis `mc1'.
    I0.Q3(29).bjtinsub: `minr' has the unusually small value of 10 fOhm. {"history": "MonteCarlo.1", "point": 24, "testname": "TRAN_VDD_MC", "cornername": "Nominal"}
[2026-05-27 11:52:28.615 Z] [INFO] [cadence.virtuoso.ade.simulationMonitor] - Notice from spectre in `vert10':`I0.Q3(28)', in `fecg_bandgap3_layout':`I0', during Monte Carlo analysis `mc1'.
    I0.Q3(28).bjtinsub: `minr' has the unusually small value of 10 fOhm. {"history": "MonteCarlo.1", "point": 24, "testname": "TRAN_VDD_MC", "cornername": "Nominal"}
[2026-05-27 11:52:28.615 Z] [INFO] [cadence.virtuoso.ade.simulationMonitor] - Notice from spectre in `vert10':`I0.Q3(27)', in `fecg_bandgap3_layout':`I0', during Monte Carlo analysis `mc1'.
    I0.Q3(27).bjtinsub: `minr' has the unusually small value of 10 fOhm. {"history": "MonteCarlo.1", "point": 24, "testname": "TRAN_VDD_MC", "cornername": "Nominal"}
[2026-05-27 11:52:28.616 Z] [INFO] [cadence.virtuoso.ade.simulationMonitor] - Notice from spectre in `vert10':`I0.Q3(26)', in `fecg_bandgap3_layout':`I0', during Monte Carlo analysis `mc1'.
    I0.Q3(26).bjtinsub: `minr' has the unusually small value of 10 fOhm.
        Further occurrences of this notice will be suppressed. {"history": "MonteCarlo.1", "point": 24, "testname": "TRAN_VDD_MC", "cornername": "Nominal"}
[2026-05-27 11:52:28.616 Z] [INFO] [cadence.virtuoso.ade.simulationMonitor] - Notice from spectre during IC analysis, during transient analysis `tran', during Monte Carlo analysis `mc1'.
    GminDC = 1 pS is large enough to noticeably affect the DC solution.
        dV(I0.208\:S) = 22.481 uV
        Use the `gmin_check' option to eliminate or expand this report.
    Bad pivoting is found during DC analysis. Option dc_pivot_check=yes is recommended for possible improvement of convergence. {"history": "MonteCarlo.1", "point": 24, "testname": "TRAN_VDD_MC", "cornername": "Nominal"}
[2026-05-27 11:52:28.616 Z] [WARN] [cadence.virtuoso.ade.simulationMonitor] -     WARNING (CMI-2943): Parameter checks have been ignored because the valid value for parameter 'trise' could not be found in 'C0'. {"history": "MonteCarlo.1", "point": 24, "testname": "TRAN_VDD_MC", "cornername": "Nominal"}
[2026-05-27 11:52:28.617 Z] [WARN] [cadence.virtuoso.ade.simulationMonitor] -     WARNING (CMI-2943): Parameter checks have been ignored because the valid value for parameter 'trise' could not be found in 'I0.R44.CM'. {"history": "MonteCarlo.1", "point": 24, "testname": "TRAN_VDD_MC", "cornername": "Nominal"}
[2026-05-27 11:52:28.617 Z] [WARN] [cadence.virtuoso.ade.simulationMonitor] -     WARNING (CMI-2943): Parameter checks have been ignored because the valid value for parameter 'trise' could not be found in 'I0.R44.CS1'. {"history": "MonteCarlo.1", "point": 24, "testname": "TRAN_VDD_MC", "cornername": "Nominal"}
[2026-05-27 11:52:28.617 Z] [WARN] [cadence.virtuoso.ade.simulationMonitor] -     WARNING (CMI-2943): Parameter checks have been ignored because the valid value for parameter 'trise' could not be found in 'I0.R44.CS0'. {"history": "MonteCarlo.1", "point": 24, "testname": "TRAN_VDD_MC", "cornername": "Nominal"}
[2026-05-27 11:52:28.618 Z] [WARN] [cadence.virtuoso.ade.simulationMonitor] -     WARNING (CMI-2943): Parameter checks have been ignored because the valid value for parameter 'trise' could not be found in 'I0.R23.CM'.
        Further occurrences of this warning will be suppressed. {"history": "MonteCarlo.1", "point": 24, "testname": "TRAN_VDD_MC", "cornername": "Nominal"}
[2026-05-27 11:52:28.618 Z] [PROCESS] [cadence.virtuoso.ade.simulationMonitor] - Finished simulating for one iteration {"hostname": "il2244vt26_hrahimi", "processid": 311728, "history": "MonteCarlo.1", "testname": "TRAN_VDD_MC", "cornername": "Nominal", "point": 24, "logfile": "/home/hrahimi/projects/POTENTIOSTAT_26/logs_hrahimi/logs0/Job52.log", "simid": "1"}
[2026-05-27 11:52:28.619 Z] [PROCESS] [cadence.virtuoso.ade.simulationMonitor] - Started Simulation {"hostname": "il2244vt26_hrahimi", "processid": 311728, "history": "MonteCarlo.1", "testname": "TRAN_VDD_MC", "cornername": "Nominal", "point": 25, "logfile": "/home/hrahimi/projects/POTENTIOSTAT_26/logs_hrahimi/logs0/Job52.log", "event": "started", "task": "simulation"}
[2026-05-27 11:52:29.150 Z] [INFO] [cadence.virtuoso.ade.simulationMonitor] - Total time required for tran analysis `tran': CPU = 769.895 ms, elapsed = 450.673 ms, util. = 171%. {"history": "MonteCarlo.1", "point": 25, "testname": "TRAN_VDD_MC", "cornername": "Nominal"}
[2026-05-27 11:52:29.151 Z] [INFO] [cadence.virtuoso.ade.simulationMonitor] - Peak resident memory used = 268 Mbytes. {"history": "MonteCarlo.1", "point": 25, "testname": "TRAN_VDD_MC", "cornername": "Nominal"}
[2026-05-27 11:52:29.151 Z] [INFO] [cadence.virtuoso.ade.simulationMonitor] - Notice from spectre during transient analysis `tran', during Monte Carlo analysis `mc1'.
    58 notices suppressed.
    137 warnings suppressed. {"history": "MonteCarlo.1", "point": 25, "testname": "TRAN_VDD_MC", "cornername": "Nominal"}
[2026-05-27 11:52:29.152 Z] [INFO] [cadence.virtuoso.ade.simulationMonitor] - Notice from spectre in `vert10':`I0.Q3(30)', in `fecg_bandgap3_layout':`I0', during Monte Carlo analysis `mc1'.
    I0.Q3(30).bjtinsub: `rbm' has the unusually small value of 988.553 mOhm.
    I0.Q3(30).bjtinsub: `minr' has the unusually small value of 10 fOhm. {"history": "MonteCarlo.1", "point": 25, "testname": "TRAN_VDD_MC", "cornername": "Nominal"}
[2026-05-27 11:52:29.152 Z] [INFO] [cadence.virtuoso.ade.simulationMonitor] - Notice from spectre in `vert10':`I0.Q3(29)', in `fecg_bandgap3_layout':`I0', during Monte Carlo analysis `mc1'.
    I0.Q3(29).bjtinsub: `rbm' has the unusually small value of 988.553 mOhm.
    I0.Q3(29).bjtinsub: `minr' has the unusually small value of 10 fOhm. {"history": "MonteCarlo.1", "point": 25, "testname": "TRAN_VDD_MC", "cornername": "Nominal"}
[2026-05-27 11:52:29.153 Z] [INFO] [cadence.virtuoso.ade.simulationMonitor] - Notice from spectre in `vert10':`I0.Q3(28)', in `fecg_bandgap3_layout':`I0', during Monte Carlo analysis `mc1'.
    I0.Q3(28).bjtinsub: `rbm' has the unusually small value of 988.553 mOhm.
        Further occurrences of this notice will be suppressed. {"history": "MonteCarlo.1", "point": 25, "testname": "TRAN_VDD_MC", "cornername": "Nominal"}
[2026-05-27 11:52:29.154 Z] [PROCESS] [cadence.virtuoso.ade.simulationMonitor] - Finished simulating for one iteration {"hostname": "il2244vt26_hrahimi", "processid": 311728, "history": "MonteCarlo.1", "testname": "TRAN_VDD_MC", "cornername": "Nominal", "point": 25, "logfile": "/home/hrahimi/projects/POTENTIOSTAT_26/logs_hrahimi/logs0/Job52.log", "simid": "1"}
[2026-05-27 11:52:29.154 Z] [PROCESS] [cadence.virtuoso.ade.simulationMonitor] - Started Simulation {"hostname": "il2244vt26_hrahimi", "processid": 311728, "history": "MonteCarlo.1", "testname": "TRAN_VDD_MC", "cornername": "Nominal", "point": 26, "logfile": "/home/hrahimi/projects/POTENTIOSTAT_26/logs_hrahimi/logs0/Job52.log", "event": "started", "task": "simulation"}
[2026-05-27 11:52:29.655 Z] [INFO] [cadence.virtuoso.ade.simulationMonitor] - Notice from spectre during IC analysis, during transient analysis `tran', during Monte Carlo analysis `mc1'.
    GminDC = 1 pS is large enough to noticeably affect the DC solution.
        dV(I0.227\:S) = -12.6306 uV
        Use the `gmin_check' option to eliminate or expand this report.
    Bad pivoting is found during DC analysis. Option dc_pivot_check=yes is recommended for possible improvement of convergence. {"history": "MonteCarlo.1", "point": 26, "testname": "TRAN_VDD_MC", "cornername": "Nominal"}
[2026-05-27 11:52:29.656 Z] [WARN] [cadence.virtuoso.ade.simulationMonitor] -     WARNING (CMI-2943): Parameter checks have been ignored because the valid value for parameter 'trise' could not be found in 'C0'. {"history": "MonteCarlo.1", "point": 26, "testname": "TRAN_VDD_MC", "cornername": "Nominal"}
[2026-05-27 11:52:29.656 Z] [WARN] [cadence.virtuoso.ade.simulationMonitor] -     WARNING (CMI-2943): Parameter checks have been ignored because the valid value for parameter 'trise' could not be found in 'I0.R44.CM'. {"history": "MonteCarlo.1", "point": 26, "testname": "TRAN_VDD_MC", "cornername": "Nominal"}
[2026-05-27 11:52:29.657 Z] [WARN] [cadence.virtuoso.ade.simulationMonitor] -     WARNING (CMI-2943): Parameter checks have been ignored because the valid value for parameter 'trise' could not be found in 'I0.R44.CS1'. {"history": "MonteCarlo.1", "point": 26, "testname": "TRAN_VDD_MC", "cornername": "Nominal"}
[2026-05-27 11:52:29.657 Z] [WARN] [cadence.virtuoso.ade.simulationMonitor] -     WARNING (CMI-2943): Parameter checks have been ignored because the valid value for parameter 'trise' could not be found in 'I0.R44.CS0'. {"history": "MonteCarlo.1", "point": 26, "testname": "TRAN_VDD_MC", "cornername": "Nominal"}
[2026-05-27 11:52:29.658 Z] [WARN] [cadence.virtuoso.ade.simulationMonitor] -     WARNING (CMI-2943): Parameter checks have been ignored because the valid value for parameter 'trise' could not be found in 'I0.R23.CM'.
        Further occurrences of this warning will be suppressed. {"history": "MonteCarlo.1", "point": 26, "testname": "TRAN_VDD_MC", "cornername": "Nominal"}
[2026-05-27 11:52:29.658 Z] [INFO] [cadence.virtuoso.ade.simulationMonitor] - Total time required for tran analysis `tran': CPU = 677.069 ms, elapsed = 449.101 ms, util. = 151%. {"history": "MonteCarlo.1", "point": 26, "testname": "TRAN_VDD_MC", "cornername": "Nominal"}
[2026-05-27 11:52:29.659 Z] [INFO] [cadence.virtuoso.ade.simulationMonitor] - Peak resident memory used = 269 Mbytes. {"history": "MonteCarlo.1", "point": 26, "testname": "TRAN_VDD_MC", "cornername": "Nominal"}
[2026-05-27 11:52:29.659 Z] [INFO] [cadence.virtuoso.ade.simulationMonitor] - Notice from spectre during transient analysis `tran', during Monte Carlo analysis `mc1'.
    121 notices suppressed.
    137 warnings suppressed. {"history": "MonteCarlo.1", "point": 26, "testname": "TRAN_VDD_MC", "cornername": "Nominal"}
[2026-05-27 11:52:29.660 Z] [INFO] [cadence.virtuoso.ade.simulationMonitor] - Total time required for montecarlo analysis `mc1': CPU = 12.0254 s, elapsed = 8.22045 s, util. = 146%. {"history": "MonteCarlo.1", "point": 26, "testname": "TRAN_VDD_MC", "cornername": "Nominal"}
[2026-05-27 11:52:29.660 Z] [INFO] [cadence.virtuoso.ade.simulationMonitor] - Peak resident memory used = 269 Mbytes. {"history": "MonteCarlo.1", "point": 26, "testname": "TRAN_VDD_MC", "cornername": "Nominal"}
[2026-05-27 11:52:29.661 Z] [INFO] [cadence.virtuoso.ade.simulationMonitor] - Time used: CPU = 13.5 s, elapsed = 10.4 s, util. = 131%. {"history": "MonteCarlo.1", "point": 26, "testname": "TRAN_VDD_MC", "cornername": "Nominal"}
[2026-05-27 11:52:29.661 Z] [INFO] [cadence.virtuoso.ade.simulationMonitor] - Time spent in licensing: elapsed = 104 ms. {"history": "MonteCarlo.1", "point": 26, "testname": "TRAN_VDD_MC", "cornername": "Nominal"}
[2026-05-27 11:52:29.663 Z] [INFO] [cadence.virtuoso.ade.simulationMonitor] - Peak memory used = 269 Mbytes. {"history": "MonteCarlo.1", "point": 26, "testname": "TRAN_VDD_MC", "cornername": "Nominal"}
[2026-05-27 11:52:29.665 Z] [PROCESS] [cadence.virtuoso.ade.simulationMonitor] - Simulation started at: 11:52:19 AM, Wed May 27, 2026, ended at: 11:52:29 AM, Wed May 27, 2026, with elapsed time (wall clock): 10.4 s. {"history": "MonteCarlo.1", "point": 14, "testname": "TRAN_VDD_MC", "cornername": "Nominal", "Points": "14 15 16 17 18 19 20 21 22 23 24 25 26 "}
[2026-05-27 11:52:29.666 Z] [PROCESS] [cadence.virtuoso.ade.simulationMonitor] - spectre completes with 0 errors, 98 warnings, and 129 notices. {"history": "MonteCarlo.1", "point": 14, "testname": "TRAN_VDD_MC", "cornername": "Nominal", "Points": "14 15 16 17 18 19 20 21 22 23 24 25 26 "}
[2026-05-27 11:52:29.666 Z] [PROCESS] [cadence.virtuoso.ade.simulationMonitor] - Finished simulating for one iteration {"hostname": "il2244vt26_hrahimi", "processid": 311728, "history": "MonteCarlo.1", "testname": "TRAN_VDD_MC", "cornername": "Nominal", "point": 26, "logfile": "/home/hrahimi/projects/POTENTIOSTAT_26/logs_hrahimi/logs0/Job52.log", "simid": "1"}
[2026-05-27 11:52:30.168 Z] [PROCESS] [cadence.virtuoso.ade.simulationMonitor] - Simulator exited {"hostname": "il2244vt26_hrahimi", "processid": 311728, "history": "MonteCarlo.1", "testname": "TRAN_VDD_MC", "cornername": "Nominal", "point": 26, "logfile": "/home/hrahimi/projects/POTENTIOSTAT_26/logs_hrahimi/logs0/Job52.log", "exitStatus": "0"}
[2026-05-27 11:52:30.169 Z] [PROCESS] [cadence.virtuoso.ade.simulationMonitor] - Finished Simulation {"hostname": "il2244vt26_hrahimi", "processid": 311728, "history": "MonteCarlo.1", "testname": "TRAN_VDD_MC", "cornername": "Nominal", "point": 14, "logfile": "/home/hrahimi/projects/POTENTIOSTAT_26/logs_hrahimi/logs0/Job52.log", "simid": "1"}
[2026-05-27 11:52:50.217 Z] [PROCESS] [cadence.virtuoso.ade.simulationMonitor] - Point Finished {"hostname": "il2244vt26_hrahimi", "processid": 311728, "history": "MonteCarlo.1", "testname": "TRAN_VDD_MC", "cornername": "Nominal", "point": 14, "logfile": "/home/hrahimi/projects/POTENTIOSTAT_26/logs_hrahimi/logs0/Job52.log"}
[2026-05-27 11:52:51.222 Z] [PROCESS] [cadence.virtuoso.ade.simulationMonitor] - Stay with the runId '6', Linger time '300', currentRunSyn '13', currentTestSyn '14' {"hostname": "il2244vt26_hrahimi", "processid": 311728, "history": "MonteCarlo.1", "testname": "TRAN_VDD_MC", "cornername": "Nominal", "point": 14, "logfile": "/home/hrahimi/projects/POTENTIOSTAT_26/logs_hrahimi/logs0/Job52.log"}
[2026-05-27 11:52:52.222 Z] [PROCESS] [cadence.virtuoso.ade.simulationMonitor] - Stay with the runId '6', Linger time '300', currentRunSyn '13', currentTestSyn '14' {"hostname": "il2244vt26_hrahimi", "processid": 311728, "history": "MonteCarlo.1", "testname": "TRAN_VDD_MC", "cornername": "Nominal", "point": 14, "logfile": "/home/hrahimi/projects/POTENTIOSTAT_26/logs_hrahimi/logs0/Job52.log"}
[2026-05-27 11:52:53.223 Z] [PROCESS] [cadence.virtuoso.ade.simulationMonitor] - Stay with the runId '6', Linger time '300', currentRunSyn '13', currentTestSyn '14' {"hostname": "il2244vt26_hrahimi", "processid": 311728, "history": "MonteCarlo.1", "testname": "TRAN_VDD_MC", "cornername": "Nominal", "point": 14, "logfile": "/home/hrahimi/projects/POTENTIOSTAT_26/logs_hrahimi/logs0/Job52.log"}
[2026-05-27 11:52:54.224 Z] [PROCESS] [cadence.virtuoso.ade.simulationMonitor] - Stay with the runId '6', Linger time '300', currentRunSyn '13', currentTestSyn '14' {"hostname": "il2244vt26_hrahimi", "processid": 311728, "history": "MonteCarlo.1", "testname": "TRAN_VDD_MC", "cornername": "Nominal", "point": 14, "logfile": "/home/hrahimi/projects/POTENTIOSTAT_26/logs_hrahimi/logs0/Job52.log"}
[2026-05-27 11:52:55.225 Z] [PROCESS] [cadence.virtuoso.ade.simulationMonitor] - Stay with the runId '6', Linger time '300', currentRunSyn '13', currentTestSyn '14' {"hostname": "il2244vt26_hrahimi", "processid": 311728, "history": "MonteCarlo.1", "testname": "TRAN_VDD_MC", "cornername": "Nominal", "point": 14, "logfile": "/home/hrahimi/projects/POTENTIOSTAT_26/logs_hrahimi/logs0/Job52.log"}
[2026-05-27 11:52:56.224 Z] [PROCESS] [cadence.virtuoso.ade.simulationMonitor] - Stay with the runId '6', Linger time '300', currentRunSyn '13', currentTestSyn '14' {"hostname": "il2244vt26_hrahimi", "processid": 311728, "history": "MonteCarlo.1", "testname": "TRAN_VDD_MC", "cornername": "Nominal", "point": 14, "logfile": "/home/hrahimi/projects/POTENTIOSTAT_26/logs_hrahimi/logs0/Job52.log"}
[2026-05-27 11:52:57.224 Z] [PROCESS] [cadence.virtuoso.ade.simulationMonitor] - Stay with the runId '6', Linger time '300', currentRunSyn '13', currentTestSyn '14' {"hostname": "il2244vt26_hrahimi", "processid": 311728, "history": "MonteCarlo.1", "testname": "TRAN_VDD_MC", "cornername": "Nominal", "point": 14, "logfile": "/home/hrahimi/projects/POTENTIOSTAT_26/logs_hrahimi/logs0/Job52.log"}
[2026-05-27 11:52:58.227 Z] [PROCESS] [cadence.virtuoso.ade.simulationMonitor] - Stay with the runId '6', Linger time '300', currentRunSyn '13', currentTestSyn '14' {"hostname": "il2244vt26_hrahimi", "processid": 311728, "history": "MonteCarlo.1", "testname": "TRAN_VDD_MC", "cornername": "Nominal", "point": 14, "logfile": "/home/hrahimi/projects/POTENTIOSTAT_26/logs_hrahimi/logs0/Job52.log"}
[2026-05-27 11:52:59.229 Z] [PROCESS] [cadence.virtuoso.ade.simulationMonitor] - Stay with the runId '6', Linger time '300', currentRunSyn '13', currentTestSyn '14' {"hostname": "il2244vt26_hrahimi", "processid": 311728, "history": "MonteCarlo.1", "testname": "TRAN_VDD_MC", "cornername": "Nominal", "point": 14, "logfile": "/home/hrahimi/projects/POTENTIOSTAT_26/logs_hrahimi/logs0/Job52.log"}
[2026-05-27 11:53:00.228 Z] [PROCESS] [cadence.virtuoso.ade.simulationMonitor] - Stay with the runId '6', Linger time '300', currentRunSyn '13', currentTestSyn '14' {"hostname": "il2244vt26_hrahimi", "processid": 311728, "history": "MonteCarlo.1", "testname": "TRAN_VDD_MC", "cornername": "Nominal", "point": 14, "logfile": "/home/hrahimi/projects/POTENTIOSTAT_26/logs_hrahimi/logs0/Job52.log"}
[2026-05-27 11:53:01.228 Z] [PROCESS] [cadence.virtuoso.ade.simulationMonitor] - Stay with the runId '6', Linger time '300', currentRunSyn '13', currentTestSyn '14' {"hostname": "il2244vt26_hrahimi", "processid": 311728, "history": "MonteCarlo.1", "testname": "TRAN_VDD_MC", "cornername": "Nominal", "point": 14, "logfile": "/home/hrahimi/projects/POTENTIOSTAT_26/logs_hrahimi/logs0/Job52.log"}
[2026-05-27 11:53:02.229 Z] [PROCESS] [cadence.virtuoso.ade.simulationMonitor] - Stay with the runId '6', Linger time '300', currentRunSyn '13', currentTestSyn '14' {"hostname": "il2244vt26_hrahimi", "processid": 311728, "history": "MonteCarlo.1", "testname": "TRAN_VDD_MC", "cornername": "Nominal", "point": 14, "logfile": "/home/hrahimi/projects/POTENTIOSTAT_26/logs_hrahimi/logs0/Job52.log"}
[2026-05-27 11:53:03.230 Z] [PROCESS] [cadence.virtuoso.ade.simulationMonitor] - Stay with the runId '6', Linger time '300', currentRunSyn '13', currentTestSyn '14' {"hostname": "il2244vt26_hrahimi", "processid": 311728, "history": "MonteCarlo.1", "testname": "TRAN_VDD_MC", "cornername": "Nominal", "point": 14, "logfile": "/home/hrahimi/projects/POTENTIOSTAT_26/logs_hrahimi/logs0/Job52.log"}
[2026-05-27 11:53:04.231 Z] [PROCESS] [cadence.virtuoso.ade.simulationMonitor] - Stay with the runId '6', Linger time '300', currentRunSyn '13', currentTestSyn '14' {"hostname": "il2244vt26_hrahimi", "processid": 311728, "history": "MonteCarlo.1", "testname": "TRAN_VDD_MC", "cornername": "Nominal", "point": 14, "logfile": "/home/hrahimi/projects/POTENTIOSTAT_26/logs_hrahimi/logs0/Job52.log"}
[2026-05-27 11:53:05.231 Z] [PROCESS] [cadence.virtuoso.ade.simulationMonitor] - Stay with the runId '6', Linger time '300', currentRunSyn '13', currentTestSyn '14' {"hostname": "il2244vt26_hrahimi", "processid": 311728, "history": "MonteCarlo.1", "testname": "TRAN_VDD_MC", "cornername": "Nominal", "point": 14, "logfile": "/home/hrahimi/projects/POTENTIOSTAT_26/logs_hrahimi/logs0/Job52.log"}
[2026-05-27 11:53:06.232 Z] [PROCESS] [cadence.virtuoso.ade.simulationMonitor] - Stay with the runId '6', Linger time '300', currentRunSyn '13', currentTestSyn '14' {"hostname": "il2244vt26_hrahimi", "processid": 311728, "history": "MonteCarlo.1", "testname": "TRAN_VDD_MC", "cornername": "Nominal", "point": 14, "logfile": "/home/hrahimi/projects/POTENTIOSTAT_26/logs_hrahimi/logs0/Job52.log"}
[2026-05-27 11:57:52.595 Z] [PROCESS] [cadence.virtuoso.ade.simulationMonitor] - Current memory used: 53.8047 MBytes, peak memory used: 53.8047 MBytes {"hostname": "il2244vt26_hrahimi", "processid": 311728, "history": "MonteCarlo.1", "testname": "TRAN_VDD_MC", "cornername": "Nominal", "point": 14, "logfile": "/home/hrahimi/projects/POTENTIOSTAT_26/logs_hrahimi/logs0/Job52.log"}
[2026-05-27 11:57:52.595 Z] [PROCESS] [cadence.virtuoso.ade.simulationMonitor] - Simulation Monitor process exit. {"hostname": "il2244vt26_hrahimi", "processid": 311728, "history": "MonteCarlo.1", "testname": "TRAN_VDD_MC", "cornername": "Nominal", "point": 14, "logfile": "/home/hrahimi/projects/POTENTIOSTAT_26/logs_hrahimi/logs0/Job52.log"}
