[Simulation Monitor: 60]
[2026-05-27 11:52:25.229 Z] [PROCESS] [cadence.virtuoso.ade.simulationMonitor] - Simulation Monitor has successfully started up. Trying to set up communication channels to other components ... {"hostname": "il2244vt26_hrahimi", "processid": 313721, "logfile": "/home/hrahimi/projects/POTENTIOSTAT_26/logs_hrahimi/logs0/Job60.log"}
[2026-05-27 11:52:25.231 Z] [PROCESS] [cadence.virtuoso.ade.simulationMonitor] - Communication channels have been successfully set up. Start processing events ... {"hostname": "il2244vt26_hrahimi", "processid": 313721, "logfile": "/home/hrahimi/projects/POTENTIOSTAT_26/logs_hrahimi/logs0/Job60.log"}
[2026-05-27 11:52:25.231 Z] [PROCESS] [cadence.virtuoso.ade.simulationMonitor] - Considering to start history {"hostname": "il2244vt26_hrahimi", "processid": 313721, "history": "Interactive.37", "logfile": "/home/hrahimi/projects/POTENTIOSTAT_26/logs_hrahimi/logs0/Job60.log"}
[2026-05-27 11:52:25.239 Z] [PROCESS] [cadence.virtuoso.ade.simulationMonitor] - Started History {"hostname": "il2244vt26_hrahimi", "processid": 313721, "history": "MonteCarlo.1", "testname": "TRAN_VDD_MC", "cornername": "Nominal", "point": 118, "logfile": "/home/hrahimi/projects/POTENTIOSTAT_26/logs_hrahimi/logs0/Job60.log"}
[2026-05-27 11:52:25.240 Z] [PROCESS] [cadence.virtuoso.ade.simulationMonitor] - HostInfo:
Host name (type):	il2244vt26_hrahimi (x86_64)
Operating system:	Linux 5.15.0-164-generic #174-Ubuntu SMP Fri Nov 14 20:25:16 UTC 2025 {"hostname": "il2244vt26_hrahimi", "processid": 313721, "history": "MonteCarlo.1", "testname": "TRAN_VDD_MC", "cornername": "Nominal", "point": 118, "logfile": "/home/hrahimi/projects/POTENTIOSTAT_26/logs_hrahimi/logs0/Job60.log", "nodename": "il2244vt26_hrahimi", "domainname": "(none)", "machine": "x86_64", "sysname": "Linux", "release": "5.15.0-164-generic", "version": "#174-Ubuntu SMP Fri Nov 14 20:25:16 UTC 2025"}
[2026-05-27 11:52:25.241 Z] [PROCESS] [cadence.virtuoso.ade.simulationMonitor] - UsageInfo:
pid=313721
totalPhysicalMemory=3023.749672GB,Used=1938.426567GB,totalVirtualMemory=3031.749668GB,Used=1938.453911GB
Cpu: Cores=48, Load average:37.240000,35.380000,34.780000 {"hostname": "il2244vt26_hrahimi", "processid": 313721, "history": "MonteCarlo.1", "testname": "TRAN_VDD_MC", "cornername": "Nominal", "point": 118, "logfile": "/home/hrahimi/projects/POTENTIOSTAT_26/logs_hrahimi/logs0/Job60.log", "pid": "313721", "totalPhysicalMemory": "3023.749672", "physicalMemoryUsed": "1938.426567", "totalVirtualMemory": "3031.749668", "virtualMemoryUsed": "1938.453911", "cpuCores": "48", "processes": "29723", "loadAverage1": "37.240000", "loadAverage5": "35.380000", "loadAverage15": "34.780000", "loadAverage1Percent": "0.775833"}
[2026-05-27 11:52:25.243 Z] [EVENT] [cadence.virtuoso.ade.simulationMonitor] - GroupPoints {"history": "MonteCarlo.1", "point": 118, "testname": "TRAN_VDD_MC", "cornername": "Nominal", "event": "GroupPoints", "EventSource": "Simulation Monitor", "Points": "118:1:130", "HistoryName": "MonteCarlo.1", "logFile": "/home/hrahimi/projects/POTENTIOSTAT_26/logs_hrahimi/logs0/Job60.log", "logFileSize": "2734"}
[2026-05-27 11:52:25.345 Z] [EVENT] [cadence.virtuoso.ade.simulationMonitor] - GroupPoints {"history": "MonteCarlo.1", "point": 118, "testname": "TRAN_VDD_MC", "cornername": "Nominal", "event": "GroupPoints", "EventSource": "spectre", "Points": "118:1:130", "HistoryName": "MonteCarlo.1", "logFile": "/home/hrahimi/projects/POTENTIOSTAT_26/Sim/FBIAS/fecg_bandgap_tb/maestro/results/maestro/MonteCarlo.1/118/TRAN_VDD_MC/groupRunDataDir/psf/spectre.out", "logFileSize": "-1"}
[2026-05-27 11:52:25.386 Z] [PROCESS] [cadence.virtuoso.ade.simulationMonitor] - Simulator launched {"hostname": "il2244vt26_hrahimi", "processid": 313721, "history": "MonteCarlo.1", "testname": "TRAN_VDD_MC", "cornername": "Nominal", "point": 118, "logfile": "/home/hrahimi/projects/POTENTIOSTAT_26/logs_hrahimi/logs0/Job60.log", "simid": "1"}
[2026-05-27 11:52:25.392 Z] [PROCESS] [cadence.virtuoso.ade.simulationMonitor] - Expression evaluator launched {"hostname": "il2244vt26_hrahimi", "processid": 313721, "history": "MonteCarlo.1", "testname": "TRAN_VDD_MC", "cornername": "Nominal", "point": 118, "logfile": "/home/hrahimi/projects/POTENTIOSTAT_26/logs_hrahimi/logs0/Job60.log"}
[2026-05-27 11:52:25.543 Z] [PROCESS] [cadence.virtuoso.ade.simulationMonitor] - Started Simulation {"hostname": "il2244vt26_hrahimi", "processid": 313721, "history": "MonteCarlo.1", "testname": "TRAN_VDD_MC", "cornername": "Nominal", "point": 118, "logfile": "/home/hrahimi/projects/POTENTIOSTAT_26/logs_hrahimi/logs0/Job60.log", "event": "started", "task": "simulation"}
[2026-05-27 11:52:26.544 Z] [WARN] [cadence.virtuoso.ade.simulationMonitor] -     WARNING (SPECTRE-691): This CPU processor does not support x86 advanced vector extensions instructions. This may affect math operations and slow down the simulation. {"history": "MonteCarlo.1", "point": 118, "testname": "TRAN_VDD_MC", "cornername": "Nominal"}
[2026-05-27 11:52:26.546 Z] [INFO] [cadence.virtuoso.ade.simulationMonitor] - Notice from spectre during circuit read-in.
    Pre_Configuration file used: /opt/tools/cadence/installs/SPECTRE241/tools.lnx86/spectre/etc/configs/preset.precfg
    Configuration file used: `/opt/tools/cadence/installs/SPECTRE241/tools.lnx86/spectre/etc/configs/preset.cfg'. {"history": "MonteCarlo.1", "point": 118, "testname": "TRAN_VDD_MC", "cornername": "Nominal"}
[2026-05-27 11:52:26.546 Z] [WARN] [cadence.virtuoso.ade.simulationMonitor] -     WARNING (SPECTRE-8360): line 1511: `ac' is an undefined primitive device. {"history": "MonteCarlo.1", "point": 118, "testname": "TRAN_VDD_MC", "cornername": "Nominal"}
[2026-05-27 11:52:26.547 Z] [WARN] [cadence.virtuoso.ade.simulationMonitor] -     WARNING (SPECTRE-8360): line 1512: `ac' is an undefined primitive device. {"history": "MonteCarlo.1", "point": 118, "testname": "TRAN_VDD_MC", "cornername": "Nominal"}
[2026-05-27 11:52:26.547 Z] [WARN] [cadence.virtuoso.ade.simulationMonitor] -     WARNING (SPECTRE-8360): line 1513: `ac' is an undefined primitive device. {"history": "MonteCarlo.1", "point": 118, "testname": "TRAN_VDD_MC", "cornername": "Nominal"}
[2026-05-27 11:52:26.548 Z] [WARN] [cadence.virtuoso.ade.simulationMonitor] -     WARNING (SPECTRE-8360): line 1514: `ac' is an undefined primitive device. {"history": "MonteCarlo.1", "point": 118, "testname": "TRAN_VDD_MC", "cornername": "Nominal"}
[2026-05-27 11:52:26.548 Z] [WARN] [cadence.virtuoso.ade.simulationMonitor] -     WARNING (SPECTRE-8360): line 1515: `ac' is an undefined primitive device.
        Further occurrences of this warning will be suppressed. {"history": "MonteCarlo.1", "point": 118, "testname": "TRAN_VDD_MC", "cornername": "Nominal"}
[2026-05-27 11:52:26.549 Z] [INFO] [cadence.virtuoso.ade.simulationMonitor] - Peak resident memory used = 183 Mbytes. {"history": "MonteCarlo.1", "point": 118, "testname": "TRAN_VDD_MC", "cornername": "Nominal"}
[2026-05-27 11:52:27.055 Z] [WARN] [cadence.virtuoso.ade.simulationMonitor] -     WARNING (VACOMP-2435): The environment variable CDS_AHDLCMI_ENABLE is no longer supported. Therefore, the simulator will use the default compiled C code flow. {"history": "MonteCarlo.1", "point": 118, "testname": "TRAN_VDD_MC", "cornername": "Nominal"}
[2026-05-27 11:52:27.057 Z] [WARN] [cadence.virtuoso.ade.simulationMonitor] -     WARNING (SFE-3027): The dangling resistor I0.re712 is removed. {"history": "MonteCarlo.1", "point": 118, "testname": "TRAN_VDD_MC", "cornername": "Nominal"}
[2026-05-27 11:52:27.057 Z] [WARN] [cadence.virtuoso.ade.simulationMonitor] -     WARNING (SFE-3027): The dangling resistor I0.re715 is removed. {"history": "MonteCarlo.1", "point": 118, "testname": "TRAN_VDD_MC", "cornername": "Nominal"}
[2026-05-27 11:52:27.058 Z] [WARN] [cadence.virtuoso.ade.simulationMonitor] -     WARNING (SFE-3027): The dangling resistor I0.re718 is removed. {"history": "MonteCarlo.1", "point": 118, "testname": "TRAN_VDD_MC", "cornername": "Nominal"}
[2026-05-27 11:52:27.059 Z] [WARN] [cadence.virtuoso.ade.simulationMonitor] -     WARNING (SFE-3027): The dangling resistor I0.re858 is removed. {"history": "MonteCarlo.1", "point": 118, "testname": "TRAN_VDD_MC", "cornername": "Nominal"}
[2026-05-27 11:52:27.059 Z] [WARN] [cadence.virtuoso.ade.simulationMonitor] -     WARNING (SFE-3027): The dangling resistor I0.re721 is removed.
        Further occurrences of this warning will be suppressed. {"history": "MonteCarlo.1", "point": 118, "testname": "TRAN_VDD_MC", "cornername": "Nominal"}
[2026-05-27 11:52:27.060 Z] [WARN] [cadence.virtuoso.ade.simulationMonitor] -     WARNING (SFE-3015): The dangling node I0.28\:Y is removed. {"history": "MonteCarlo.1", "point": 118, "testname": "TRAN_VDD_MC", "cornername": "Nominal"}
[2026-05-27 11:52:27.060 Z] [WARN] [cadence.virtuoso.ade.simulationMonitor] -     WARNING (SFE-3015): The dangling node I0.30\:BIAS is removed. {"history": "MonteCarlo.1", "point": 118, "testname": "TRAN_VDD_MC", "cornername": "Nominal"}
[2026-05-27 11:52:27.061 Z] [WARN] [cadence.virtuoso.ade.simulationMonitor] -     WARNING (SFE-3015): The dangling node I0.24\:BIAS is removed. {"history": "MonteCarlo.1", "point": 118, "testname": "TRAN_VDD_MC", "cornername": "Nominal"}
[2026-05-27 11:52:27.061 Z] [WARN] [cadence.virtuoso.ade.simulationMonitor] -     WARNING (SFE-3015): The dangling node I0.17\:BIAS is removed. {"history": "MonteCarlo.1", "point": 118, "testname": "TRAN_VDD_MC", "cornername": "Nominal"}
[2026-05-27 11:52:27.061 Z] [WARN] [cadence.virtuoso.ade.simulationMonitor] -     WARNING (SFE-3015): The dangling node I0.23\:BIAS is removed.
        Further occurrences of this warning will be suppressed. {"history": "MonteCarlo.1", "point": 118, "testname": "TRAN_VDD_MC", "cornername": "Nominal"}
[2026-05-27 11:52:27.062 Z] [INFO] [cadence.virtuoso.ade.simulationMonitor] - Notice from spectre during hierarchy flattening.
    Spectre X Parasitic Optimization enabled.
    Parasitic optimization will filter out parasitic nodes, nodes only connected to RCs, by default. To view individual parasitic nodes use individual save statements (i.e. save out), or use the 'savefilter=none' option to save all parasitic nodes. Saving all parasitic nodes may slow down simulation and create large waveform files. {"history": "MonteCarlo.1", "point": 118, "testname": "TRAN_VDD_MC", "cornername": "Nominal"}
[2026-05-27 11:52:27.062 Z] [INFO] [cadence.virtuoso.ade.simulationMonitor] - Peak resident memory used = 204 Mbytes. {"history": "MonteCarlo.1", "point": 118, "testname": "TRAN_VDD_MC", "cornername": "Nominal"}
[2026-05-27 11:52:27.063 Z] [INFO] [cadence.virtuoso.ade.simulationMonitor] - Notice from spectre during hierarchy flattening.
    The value 'psf' specified for the 'checklimitdest' option will no longer be supported in future releases. Use 'spectre -h' to see other recommended values for the 'checklimitdest' option.
    I0.Q3(30).bjtinsub: `minr' has the unusually small value of 10 fOhm. {"history": "MonteCarlo.1", "point": 118, "testname": "TRAN_VDD_MC", "cornername": "Nominal"}
[2026-05-27 11:52:27.063 Z] [INFO] [cadence.virtuoso.ade.simulationMonitor] - Peak resident memory used = 207 Mbytes. {"history": "MonteCarlo.1", "point": 118, "testname": "TRAN_VDD_MC", "cornername": "Nominal"}
[2026-05-27 11:52:27.564 Z] [WARN] [cadence.virtuoso.ade.simulationMonitor] -     WARNING (SPECTRE-17607): Assert `SOAC_vert10_vsubpsub' is ignored because it contains an expression which is invalid or not supported by native evaluator.  {"history": "MonteCarlo.1", "point": 118, "testname": "TRAN_VDD_MC", "cornername": "Nominal"}
[2026-05-27 11:52:27.566 Z] [WARN] [cadence.virtuoso.ade.simulationMonitor] -     WARNING (SPECTRE-17607): Assert `SOAC_vert10_vcsub' is ignored because it contains an expression which is invalid or not supported by native evaluator.  {"history": "MonteCarlo.1", "point": 118, "testname": "TRAN_VDD_MC", "cornername": "Nominal"}
[2026-05-27 11:52:27.566 Z] [WARN] [cadence.virtuoso.ade.simulationMonitor] -     WARNING (SPECTRE-17607): Assert `SOAC_rpolyh_vminuspsub' is ignored because it contains an expression which is invalid or not supported by native evaluator.  {"history": "MonteCarlo.1", "point": 118, "testname": "TRAN_VDD_MC", "cornername": "Nominal"}
[2026-05-27 11:52:27.567 Z] [WARN] [cadence.virtuoso.ade.simulationMonitor] -     WARNING (SPECTRE-17607): Assert `SOAC_rpolyh_vpluspsub' is ignored because it contains an expression which is invalid or not supported by native evaluator.  {"history": "MonteCarlo.1", "point": 118, "testname": "TRAN_VDD_MC", "cornername": "Nominal"}
[2026-05-27 11:52:27.567 Z] [WARN] [cadence.virtuoso.ade.simulationMonitor] -     WARNING (SPECTRE-16460): SOAC_cvarm_vspsub:Specified subcircuit master `cvarm' was not found. {"history": "MonteCarlo.1", "point": 118, "testname": "TRAN_VDD_MC", "cornername": "Nominal"}
[2026-05-27 11:52:27.568 Z] [WARN] [cadence.virtuoso.ade.simulationMonitor] -     WARNING (SPECTRE-16462): SOAC_cvarm_vspsub:Error in specification of subcircuit master. Assert is ignored. {"history": "MonteCarlo.1", "point": 118, "testname": "TRAN_VDD_MC", "cornername": "Nominal"}
[2026-05-27 11:52:27.568 Z] [WARN] [cadence.virtuoso.ade.simulationMonitor] -     WARNING (SPECTRE-16460): SOAC_cvarm_vbs:Specified subcircuit master `cvarm' was not found. {"history": "MonteCarlo.1", "point": 118, "testname": "TRAN_VDD_MC", "cornername": "Nominal"}
[2026-05-27 11:52:27.568 Z] [WARN] [cadence.virtuoso.ade.simulationMonitor] -     WARNING (SPECTRE-16462): SOAC_cvarm_vbs:Error in specification of subcircuit master. Assert is ignored. {"history": "MonteCarlo.1", "point": 118, "testname": "TRAN_VDD_MC", "cornername": "Nominal"}
[2026-05-27 11:52:27.569 Z] [WARN] [cadence.virtuoso.ade.simulationMonitor] -     WARNING (SPECTRE-16460): SOAC_cvarm_vgb:Specified subcircuit master `cvarm' was not found. {"history": "MonteCarlo.1", "point": 118, "testname": "TRAN_VDD_MC", "cornername": "Nominal"}
[2026-05-27 11:52:27.569 Z] [WARN] [cadence.virtuoso.ade.simulationMonitor] -     WARNING (SPECTRE-16462): SOAC_cvarm_vgb:Error in specification of subcircuit master. Assert is ignored. {"history": "MonteCarlo.1", "point": 118, "testname": "TRAN_VDD_MC", "cornername": "Nominal"}
[2026-05-27 11:52:27.570 Z] [WARN] [cadence.virtuoso.ade.simulationMonitor] -     WARNING (SPECTRE-16460): SOAC_cvart_vspsub:Specified subcircuit master `cvart' was not found. {"history": "MonteCarlo.1", "point": 118, "testname": "TRAN_VDD_MC", "cornername": "Nominal"}
[2026-05-27 11:52:27.570 Z] [WARN] [cadence.virtuoso.ade.simulationMonitor] -     WARNING (SPECTRE-16462): SOAC_cvart_vspsub:Error in specification of subcircuit master. Assert is ignored. {"history": "MonteCarlo.1", "point": 118, "testname": "TRAN_VDD_MC", "cornername": "Nominal"}
[2026-05-27 11:52:27.571 Z] [WARN] [cadence.virtuoso.ade.simulationMonitor] -     WARNING (SPECTRE-16460): SOAC_cvart_vbs:Specified subcircuit master `cvart' was not found.
        Further occurrences of this warning will be suppressed. {"history": "MonteCarlo.1", "point": 118, "testname": "TRAN_VDD_MC", "cornername": "Nominal"}
[2026-05-27 11:52:27.571 Z] [WARN] [cadence.virtuoso.ade.simulationMonitor] -     WARNING (SPECTRE-16462): SOAC_cvart_vbs:Error in specification of subcircuit master. Assert is ignored.
        Further occurrences of this warning will be suppressed. {"history": "MonteCarlo.1", "point": 118, "testname": "TRAN_VDD_MC", "cornername": "Nominal"}
[2026-05-27 11:52:27.572 Z] [WARN] [cadence.virtuoso.ade.simulationMonitor] -     WARNING (SPECTRE-17607): Assert `SOAC_cpoly_vminuspsub' is ignored because it contains an expression which is invalid or not supported by native evaluator. 
        Further occurrences of this warning will be suppressed. {"history": "MonteCarlo.1", "point": 118, "testname": "TRAN_VDD_MC", "cornername": "Nominal"}
[2026-05-27 11:52:29.086 Z] [INFO] [cadence.virtuoso.ade.simulationMonitor] -               nodes 3079 {"history": "MonteCarlo.1", "point": 118, "testname": "TRAN_VDD_MC", "cornername": "Nominal"}
[2026-05-27 11:52:29.087 Z] [INFO] [cadence.virtuoso.ade.simulationMonitor] - Notice from spectre during initial setup.
    Spectre X preset=mx enabled.
    75 warnings suppressed. {"history": "MonteCarlo.1", "point": 118, "testname": "TRAN_VDD_MC", "cornername": "Nominal"}
[2026-05-27 11:52:29.088 Z] [INFO] [cadence.virtuoso.ade.simulationMonitor] - Notice from spectre.
    Multithreading enabled: 8 threads in the system with 48 available processors. {"history": "MonteCarlo.1", "point": 118, "testname": "TRAN_VDD_MC", "cornername": "Nominal"}
[2026-05-27 11:52:29.088 Z] [INFO] [cadence.virtuoso.ade.simulationMonitor] - Peak resident memory used = 227 Mbytes. {"history": "MonteCarlo.1", "point": 118, "testname": "TRAN_VDD_MC", "cornername": "Nominal"}
[2026-05-27 11:52:29.089 Z] [INFO] [cadence.virtuoso.ade.simulationMonitor] -    -   (Spectre X) Multi-threading. The recommended number of threads is [2, 4], consider adding +mt=2 or +mt=4 on command line. {"history": "MonteCarlo.1", "point": 118, "testname": "TRAN_VDD_MC", "cornername": "Nominal"}
[2026-05-27 11:52:29.089 Z] [INFO] [cadence.virtuoso.ade.simulationMonitor] - Notice from spectre in `vert10':`I0.Q3(29)', in `fecg_bandgap3_layout':`I0', during Monte Carlo analysis `mc1'.
    I0.Q3(29).bjtinsub: `minr' has the unusually small value of 10 fOhm. {"history": "MonteCarlo.1", "point": 118, "testname": "TRAN_VDD_MC", "cornername": "Nominal"}
[2026-05-27 11:52:29.090 Z] [INFO] [cadence.virtuoso.ade.simulationMonitor] - Notice from spectre in `vert10':`I0.Q3(28)', in `fecg_bandgap3_layout':`I0', during Monte Carlo analysis `mc1'.
    I0.Q3(28).bjtinsub: `minr' has the unusually small value of 10 fOhm. {"history": "MonteCarlo.1", "point": 118, "testname": "TRAN_VDD_MC", "cornername": "Nominal"}
[2026-05-27 11:52:29.090 Z] [INFO] [cadence.virtuoso.ade.simulationMonitor] - Notice from spectre in `vert10':`I0.Q3(27)', in `fecg_bandgap3_layout':`I0', during Monte Carlo analysis `mc1'.
    I0.Q3(27).bjtinsub: `minr' has the unusually small value of 10 fOhm. {"history": "MonteCarlo.1", "point": 118, "testname": "TRAN_VDD_MC", "cornername": "Nominal"}
[2026-05-27 11:52:29.091 Z] [INFO] [cadence.virtuoso.ade.simulationMonitor] - Notice from spectre in `vert10':`I0.Q3(26)', in `fecg_bandgap3_layout':`I0', during Monte Carlo analysis `mc1'.
    I0.Q3(26).bjtinsub: `minr' has the unusually small value of 10 fOhm. {"history": "MonteCarlo.1", "point": 118, "testname": "TRAN_VDD_MC", "cornername": "Nominal"}
[2026-05-27 11:52:29.091 Z] [INFO] [cadence.virtuoso.ade.simulationMonitor] - Notice from spectre in `vert10':`I0.Q3(25)', in `fecg_bandgap3_layout':`I0', during Monte Carlo analysis `mc1'.
    I0.Q3(25).bjtinsub: `minr' has the unusually small value of 10 fOhm.
        Further occurrences of this notice will be suppressed. {"history": "MonteCarlo.1", "point": 118, "testname": "TRAN_VDD_MC", "cornername": "Nominal"}
[2026-05-27 11:52:29.592 Z] [INFO] [cadence.virtuoso.ade.simulationMonitor] - Notice from spectre at iteration = 118 during transient analysis `tran', during Monte Carlo analysis `mc1'.
    No checklimit analysis defined for asserts. A default checklimit analysis 'SpectreChecklimitAnal' has been created with all asserts enabled. {"history": "MonteCarlo.1", "point": 118, "testname": "TRAN_VDD_MC", "cornername": "Nominal"}
[2026-05-27 11:52:29.593 Z] [INFO] [cadence.virtuoso.ade.simulationMonitor] - Notice from spectre at iteration = 118 during IC analysis, during transient analysis `tran', during Monte Carlo analysis `mc1'.
    GminDC = 1 pS is large enough to noticeably affect the DC solution.
        dV(I0.208\:S) = -3.27408 uV
        Use the `gmin_check' option to eliminate or expand this report.
    Bad pivoting is found during DC analysis. Option dc_pivot_check=yes is recommended for possible improvement of convergence. {"history": "MonteCarlo.1", "point": 118, "testname": "TRAN_VDD_MC", "cornername": "Nominal"}
[2026-05-27 11:52:29.593 Z] [WARN] [cadence.virtuoso.ade.simulationMonitor] -     WARNING (CMI-2943): Parameter checks have been ignored because the valid value for parameter 'trise' could not be found in 'C0'. {"history": "MonteCarlo.1", "point": 118, "testname": "TRAN_VDD_MC", "cornername": "Nominal"}
[2026-05-27 11:52:29.593 Z] [WARN] [cadence.virtuoso.ade.simulationMonitor] -     WARNING (CMI-2943): Parameter checks have been ignored because the valid value for parameter 'trise' could not be found in 'I0.R44.CM'. {"history": "MonteCarlo.1", "point": 118, "testname": "TRAN_VDD_MC", "cornername": "Nominal"}
[2026-05-27 11:52:29.594 Z] [WARN] [cadence.virtuoso.ade.simulationMonitor] -     WARNING (CMI-2943): Parameter checks have been ignored because the valid value for parameter 'trise' could not be found in 'I0.R44.CS1'. {"history": "MonteCarlo.1", "point": 118, "testname": "TRAN_VDD_MC", "cornername": "Nominal"}
[2026-05-27 11:52:29.594 Z] [WARN] [cadence.virtuoso.ade.simulationMonitor] -     WARNING (CMI-2943): Parameter checks have been ignored because the valid value for parameter 'trise' could not be found in 'I0.R44.CS0'. {"history": "MonteCarlo.1", "point": 118, "testname": "TRAN_VDD_MC", "cornername": "Nominal"}
[2026-05-27 11:52:29.595 Z] [WARN] [cadence.virtuoso.ade.simulationMonitor] -     WARNING (CMI-2943): Parameter checks have been ignored because the valid value for parameter 'trise' could not be found in 'I0.R23.CM'.
        Further occurrences of this warning will be suppressed. {"history": "MonteCarlo.1", "point": 118, "testname": "TRAN_VDD_MC", "cornername": "Nominal"}
[2026-05-27 11:52:30.096 Z] [INFO] [cadence.virtuoso.ade.simulationMonitor] - Total time required for tran analysis `tran': CPU = 1.01995 s, elapsed = 657.908 ms, util. = 155%. {"history": "MonteCarlo.1", "point": 118, "testname": "TRAN_VDD_MC", "cornername": "Nominal"}
[2026-05-27 11:52:30.097 Z] [INFO] [cadence.virtuoso.ade.simulationMonitor] - Peak resident memory used = 254 Mbytes. {"history": "MonteCarlo.1", "point": 118, "testname": "TRAN_VDD_MC", "cornername": "Nominal"}
[2026-05-27 11:52:30.098 Z] [INFO] [cadence.virtuoso.ade.simulationMonitor] - Notice from spectre during transient analysis `tran', during Monte Carlo analysis `mc1'.
    183 notices suppressed.
    137 warnings suppressed. {"history": "MonteCarlo.1", "point": 118, "testname": "TRAN_VDD_MC", "cornername": "Nominal"}
[2026-05-27 11:52:30.099 Z] [INFO] [cadence.virtuoso.ade.simulationMonitor] - Notice from spectre in `vert10':`I0.Q3(30)', in `fecg_bandgap3_layout':`I0', during Monte Carlo analysis `mc1'.
    I0.Q3(30).bjtinsub: `minr' has the unusually small value of 10 fOhm. {"history": "MonteCarlo.1", "point": 118, "testname": "TRAN_VDD_MC", "cornername": "Nominal"}
[2026-05-27 11:52:30.099 Z] [INFO] [cadence.virtuoso.ade.simulationMonitor] - Notice from spectre in `vert10':`I0.Q3(29)', in `fecg_bandgap3_layout':`I0', during Monte Carlo analysis `mc1'.
    I0.Q3(29).bjtinsub: `minr' has the unusually small value of 10 fOhm. {"history": "MonteCarlo.1", "point": 118, "testname": "TRAN_VDD_MC", "cornername": "Nominal"}
[2026-05-27 11:52:30.100 Z] [INFO] [cadence.virtuoso.ade.simulationMonitor] - Notice from spectre in `vert10':`I0.Q3(28)', in `fecg_bandgap3_layout':`I0', during Monte Carlo analysis `mc1'.
    I0.Q3(28).bjtinsub: `minr' has the unusually small value of 10 fOhm. {"history": "MonteCarlo.1", "point": 118, "testname": "TRAN_VDD_MC", "cornername": "Nominal"}
[2026-05-27 11:52:30.100 Z] [INFO] [cadence.virtuoso.ade.simulationMonitor] - Notice from spectre in `vert10':`I0.Q3(27)', in `fecg_bandgap3_layout':`I0', during Monte Carlo analysis `mc1'.
    I0.Q3(27).bjtinsub: `minr' has the unusually small value of 10 fOhm. {"history": "MonteCarlo.1", "point": 118, "testname": "TRAN_VDD_MC", "cornername": "Nominal"}
[2026-05-27 11:52:30.100 Z] [INFO] [cadence.virtuoso.ade.simulationMonitor] - Notice from spectre in `vert10':`I0.Q3(26)', in `fecg_bandgap3_layout':`I0', during Monte Carlo analysis `mc1'.
    I0.Q3(26).bjtinsub: `minr' has the unusually small value of 10 fOhm.
        Further occurrences of this notice will be suppressed. {"history": "MonteCarlo.1", "point": 118, "testname": "TRAN_VDD_MC", "cornername": "Nominal"}
[2026-05-27 11:52:30.101 Z] [INFO] [cadence.virtuoso.ade.simulationMonitor] - Notice from spectre during IC analysis, during transient analysis `tran', during Monte Carlo analysis `mc1'.
    GminDC = 1 pS is large enough to noticeably affect the DC solution.
        dV(I0.41\:S) = 30.3437 uV
        Use the `gmin_check' option to eliminate or expand this report.
    Bad pivoting is found during DC analysis. Option dc_pivot_check=yes is recommended for possible improvement of convergence. {"history": "MonteCarlo.1", "point": 118, "testname": "TRAN_VDD_MC", "cornername": "Nominal"}
[2026-05-27 11:52:30.101 Z] [WARN] [cadence.virtuoso.ade.simulationMonitor] -     WARNING (CMI-2943): Parameter checks have been ignored because the valid value for parameter 'trise' could not be found in 'C0'. {"history": "MonteCarlo.1", "point": 118, "testname": "TRAN_VDD_MC", "cornername": "Nominal"}
[2026-05-27 11:52:30.102 Z] [WARN] [cadence.virtuoso.ade.simulationMonitor] -     WARNING (CMI-2943): Parameter checks have been ignored because the valid value for parameter 'trise' could not be found in 'I0.R44.CM'. {"history": "MonteCarlo.1", "point": 118, "testname": "TRAN_VDD_MC", "cornername": "Nominal"}
[2026-05-27 11:52:30.102 Z] [WARN] [cadence.virtuoso.ade.simulationMonitor] -     WARNING (CMI-2943): Parameter checks have been ignored because the valid value for parameter 'trise' could not be found in 'I0.R44.CS1'. {"history": "MonteCarlo.1", "point": 118, "testname": "TRAN_VDD_MC", "cornername": "Nominal"}
[2026-05-27 11:52:30.102 Z] [WARN] [cadence.virtuoso.ade.simulationMonitor] -     WARNING (CMI-2943): Parameter checks have been ignored because the valid value for parameter 'trise' could not be found in 'I0.R44.CS0'. {"history": "MonteCarlo.1", "point": 118, "testname": "TRAN_VDD_MC", "cornername": "Nominal"}
[2026-05-27 11:52:30.103 Z] [WARN] [cadence.virtuoso.ade.simulationMonitor] -     WARNING (CMI-2943): Parameter checks have been ignored because the valid value for parameter 'trise' could not be found in 'I0.R23.CM'.
        Further occurrences of this warning will be suppressed. {"history": "MonteCarlo.1", "point": 118, "testname": "TRAN_VDD_MC", "cornername": "Nominal"}
[2026-05-27 11:52:30.103 Z] [PROCESS] [cadence.virtuoso.ade.simulationMonitor] - Finished simulating for one iteration {"hostname": "il2244vt26_hrahimi", "processid": 313721, "history": "MonteCarlo.1", "testname": "TRAN_VDD_MC", "cornername": "Nominal", "point": 118, "logfile": "/home/hrahimi/projects/POTENTIOSTAT_26/logs_hrahimi/logs0/Job60.log", "simid": "1"}
[2026-05-27 11:52:30.103 Z] [PROCESS] [cadence.virtuoso.ade.simulationMonitor] - Started Simulation {"hostname": "il2244vt26_hrahimi", "processid": 313721, "history": "MonteCarlo.1", "testname": "TRAN_VDD_MC", "cornername": "Nominal", "point": 119, "logfile": "/home/hrahimi/projects/POTENTIOSTAT_26/logs_hrahimi/logs0/Job60.log", "event": "started", "task": "simulation"}
[2026-05-27 11:52:30.605 Z] [INFO] [cadence.virtuoso.ade.simulationMonitor] - Total time required for tran analysis `tran': CPU = 827.831 ms, elapsed = 423.028 ms, util. = 196%. {"history": "MonteCarlo.1", "point": 119, "testname": "TRAN_VDD_MC", "cornername": "Nominal"}
[2026-05-27 11:52:30.605 Z] [INFO] [cadence.virtuoso.ade.simulationMonitor] - Peak resident memory used = 258 Mbytes. {"history": "MonteCarlo.1", "point": 119, "testname": "TRAN_VDD_MC", "cornername": "Nominal"}
[2026-05-27 11:52:30.606 Z] [INFO] [cadence.virtuoso.ade.simulationMonitor] - Notice from spectre during transient analysis `tran', during Monte Carlo analysis `mc1'.
    58 notices suppressed.
    137 warnings suppressed. {"history": "MonteCarlo.1", "point": 119, "testname": "TRAN_VDD_MC", "cornername": "Nominal"}
[2026-05-27 11:52:30.606 Z] [PROCESS] [cadence.virtuoso.ade.simulationMonitor] - Finished simulating for one iteration {"hostname": "il2244vt26_hrahimi", "processid": 313721, "history": "MonteCarlo.1", "testname": "TRAN_VDD_MC", "cornername": "Nominal", "point": 119, "logfile": "/home/hrahimi/projects/POTENTIOSTAT_26/logs_hrahimi/logs0/Job60.log", "simid": "1"}
[2026-05-27 11:52:30.607 Z] [PROCESS] [cadence.virtuoso.ade.simulationMonitor] - Started Simulation {"hostname": "il2244vt26_hrahimi", "processid": 313721, "history": "MonteCarlo.1", "testname": "TRAN_VDD_MC", "cornername": "Nominal", "point": 120, "logfile": "/home/hrahimi/projects/POTENTIOSTAT_26/logs_hrahimi/logs0/Job60.log", "event": "started", "task": "simulation"}
[2026-05-27 11:52:31.117 Z] [INFO] [cadence.virtuoso.ade.simulationMonitor] - Notice from spectre in `vert10':`I0.Q3(30)', in `fecg_bandgap3_layout':`I0', during Monte Carlo analysis `mc1'.
    I0.Q3(30).bjtinsub: `rbm' has the unusually small value of 918.241 mOhm.
    I0.Q3(30).bjtinsub: `minr' has the unusually small value of 10 fOhm. {"history": "MonteCarlo.1", "point": 120, "testname": "TRAN_VDD_MC", "cornername": "Nominal"}
[2026-05-27 11:52:31.117 Z] [INFO] [cadence.virtuoso.ade.simulationMonitor] - Notice from spectre in `vert10':`I0.Q3(29)', in `fecg_bandgap3_layout':`I0', during Monte Carlo analysis `mc1'.
    I0.Q3(29).bjtinsub: `rbm' has the unusually small value of 918.241 mOhm.
    I0.Q3(29).bjtinsub: `minr' has the unusually small value of 10 fOhm. {"history": "MonteCarlo.1", "point": 120, "testname": "TRAN_VDD_MC", "cornername": "Nominal"}
[2026-05-27 11:52:31.117 Z] [INFO] [cadence.virtuoso.ade.simulationMonitor] - Notice from spectre in `vert10':`I0.Q3(28)', in `fecg_bandgap3_layout':`I0', during Monte Carlo analysis `mc1'.
    I0.Q3(28).bjtinsub: `rbm' has the unusually small value of 918.241 mOhm.
        Further occurrences of this notice will be suppressed. {"history": "MonteCarlo.1", "point": 120, "testname": "TRAN_VDD_MC", "cornername": "Nominal"}
[2026-05-27 11:52:31.118 Z] [INFO] [cadence.virtuoso.ade.simulationMonitor] - Notice from spectre during IC analysis, during transient analysis `tran', during Monte Carlo analysis `mc1'.
    GminDC = 1 pS is large enough to noticeably affect the DC solution.
        dV(I0.221\:S) = 8.62462 uV
        Use the `gmin_check' option to eliminate or expand this report.
    Bad pivoting is found during DC analysis. Option dc_pivot_check=yes is recommended for possible improvement of convergence. {"history": "MonteCarlo.1", "point": 120, "testname": "TRAN_VDD_MC", "cornername": "Nominal"}
[2026-05-27 11:52:31.118 Z] [WARN] [cadence.virtuoso.ade.simulationMonitor] -     WARNING (CMI-2943): Parameter checks have been ignored because the valid value for parameter 'trise' could not be found in 'C0'. {"history": "MonteCarlo.1", "point": 120, "testname": "TRAN_VDD_MC", "cornername": "Nominal"}
[2026-05-27 11:52:31.118 Z] [WARN] [cadence.virtuoso.ade.simulationMonitor] -     WARNING (CMI-2943): Parameter checks have been ignored because the valid value for parameter 'trise' could not be found in 'I0.R44.CM'. {"history": "MonteCarlo.1", "point": 120, "testname": "TRAN_VDD_MC", "cornername": "Nominal"}
[2026-05-27 11:52:31.119 Z] [WARN] [cadence.virtuoso.ade.simulationMonitor] -     WARNING (CMI-2943): Parameter checks have been ignored because the valid value for parameter 'trise' could not be found in 'I0.R44.CS1'. {"history": "MonteCarlo.1", "point": 120, "testname": "TRAN_VDD_MC", "cornername": "Nominal"}
[2026-05-27 11:52:31.119 Z] [WARN] [cadence.virtuoso.ade.simulationMonitor] -     WARNING (CMI-2943): Parameter checks have been ignored because the valid value for parameter 'trise' could not be found in 'I0.R44.CS0'. {"history": "MonteCarlo.1", "point": 120, "testname": "TRAN_VDD_MC", "cornername": "Nominal"}
[2026-05-27 11:52:31.119 Z] [WARN] [cadence.virtuoso.ade.simulationMonitor] -     WARNING (CMI-2943): Parameter checks have been ignored because the valid value for parameter 'trise' could not be found in 'I0.R23.CM'.
        Further occurrences of this warning will be suppressed. {"history": "MonteCarlo.1", "point": 120, "testname": "TRAN_VDD_MC", "cornername": "Nominal"}
[2026-05-27 11:52:31.620 Z] [INFO] [cadence.virtuoso.ade.simulationMonitor] - Total time required for tran analysis `tran': CPU = 941.165 ms, elapsed = 438.182 ms, util. = 215%. {"history": "MonteCarlo.1", "point": 120, "testname": "TRAN_VDD_MC", "cornername": "Nominal"}
[2026-05-27 11:52:31.621 Z] [INFO] [cadence.virtuoso.ade.simulationMonitor] - Peak resident memory used = 260 Mbytes. {"history": "MonteCarlo.1", "point": 120, "testname": "TRAN_VDD_MC", "cornername": "Nominal"}
[2026-05-27 11:52:31.621 Z] [INFO] [cadence.virtuoso.ade.simulationMonitor] - Notice from spectre during transient analysis `tran', during Monte Carlo analysis `mc1'.
    121 notices suppressed.
    137 warnings suppressed. {"history": "MonteCarlo.1", "point": 120, "testname": "TRAN_VDD_MC", "cornername": "Nominal"}
[2026-05-27 11:52:31.621 Z] [INFO] [cadence.virtuoso.ade.simulationMonitor] - Notice from spectre in `vert10':`I0.Q3(30)', in `fecg_bandgap3_layout':`I0', during Monte Carlo analysis `mc1'.
    I0.Q3(30).bjtinsub: `minr' has the unusually small value of 10 fOhm. {"history": "MonteCarlo.1", "point": 120, "testname": "TRAN_VDD_MC", "cornername": "Nominal"}
[2026-05-27 11:52:31.622 Z] [INFO] [cadence.virtuoso.ade.simulationMonitor] - Notice from spectre in `vert10':`I0.Q3(29)', in `fecg_bandgap3_layout':`I0', during Monte Carlo analysis `mc1'.
    I0.Q3(29).bjtinsub: `minr' has the unusually small value of 10 fOhm. {"history": "MonteCarlo.1", "point": 120, "testname": "TRAN_VDD_MC", "cornername": "Nominal"}
[2026-05-27 11:52:31.622 Z] [INFO] [cadence.virtuoso.ade.simulationMonitor] - Notice from spectre in `vert10':`I0.Q3(28)', in `fecg_bandgap3_layout':`I0', during Monte Carlo analysis `mc1'.
    I0.Q3(28).bjtinsub: `minr' has the unusually small value of 10 fOhm. {"history": "MonteCarlo.1", "point": 120, "testname": "TRAN_VDD_MC", "cornername": "Nominal"}
[2026-05-27 11:52:31.622 Z] [INFO] [cadence.virtuoso.ade.simulationMonitor] - Notice from spectre in `vert10':`I0.Q3(27)', in `fecg_bandgap3_layout':`I0', during Monte Carlo analysis `mc1'.
    I0.Q3(27).bjtinsub: `minr' has the unusually small value of 10 fOhm. {"history": "MonteCarlo.1", "point": 120, "testname": "TRAN_VDD_MC", "cornername": "Nominal"}
[2026-05-27 11:52:31.622 Z] [INFO] [cadence.virtuoso.ade.simulationMonitor] - Notice from spectre in `vert10':`I0.Q3(26)', in `fecg_bandgap3_layout':`I0', during Monte Carlo analysis `mc1'.
    I0.Q3(26).bjtinsub: `minr' has the unusually small value of 10 fOhm.
        Further occurrences of this notice will be suppressed. {"history": "MonteCarlo.1", "point": 120, "testname": "TRAN_VDD_MC", "cornername": "Nominal"}
[2026-05-27 11:52:31.623 Z] [PROCESS] [cadence.virtuoso.ade.simulationMonitor] - Finished simulating for one iteration {"hostname": "il2244vt26_hrahimi", "processid": 313721, "history": "MonteCarlo.1", "testname": "TRAN_VDD_MC", "cornername": "Nominal", "point": 120, "logfile": "/home/hrahimi/projects/POTENTIOSTAT_26/logs_hrahimi/logs0/Job60.log", "simid": "1"}
[2026-05-27 11:52:31.623 Z] [PROCESS] [cadence.virtuoso.ade.simulationMonitor] - Started Simulation {"hostname": "il2244vt26_hrahimi", "processid": 313721, "history": "MonteCarlo.1", "testname": "TRAN_VDD_MC", "cornername": "Nominal", "point": 121, "logfile": "/home/hrahimi/projects/POTENTIOSTAT_26/logs_hrahimi/logs0/Job60.log", "event": "started", "task": "simulation"}
[2026-05-27 11:52:32.124 Z] [INFO] [cadence.virtuoso.ade.simulationMonitor] - Notice from spectre during IC analysis, during transient analysis `tran', during Monte Carlo analysis `mc1'.
    GminDC = 1 pS is large enough to noticeably affect the DC solution.
        dV(I0.227\:S) = 6.09323 uV
        Use the `gmin_check' option to eliminate or expand this report.
    Bad pivoting is found during DC analysis. Option dc_pivot_check=yes is recommended for possible improvement of convergence. {"history": "MonteCarlo.1", "point": 121, "testname": "TRAN_VDD_MC", "cornername": "Nominal"}
[2026-05-27 11:52:32.127 Z] [WARN] [cadence.virtuoso.ade.simulationMonitor] -     WARNING (CMI-2943): Parameter checks have been ignored because the valid value for parameter 'trise' could not be found in 'C0'. {"history": "MonteCarlo.1", "point": 121, "testname": "TRAN_VDD_MC", "cornername": "Nominal"}
[2026-05-27 11:52:32.134 Z] [WARN] [cadence.virtuoso.ade.simulationMonitor] -     WARNING (CMI-2943): Parameter checks have been ignored because the valid value for parameter 'trise' could not be found in 'I0.R44.CM'. {"history": "MonteCarlo.1", "point": 121, "testname": "TRAN_VDD_MC", "cornername": "Nominal"}
[2026-05-27 11:52:32.135 Z] [WARN] [cadence.virtuoso.ade.simulationMonitor] -     WARNING (CMI-2943): Parameter checks have been ignored because the valid value for parameter 'trise' could not be found in 'I0.R44.CS1'. {"history": "MonteCarlo.1", "point": 121, "testname": "TRAN_VDD_MC", "cornername": "Nominal"}
[2026-05-27 11:52:32.135 Z] [WARN] [cadence.virtuoso.ade.simulationMonitor] -     WARNING (CMI-2943): Parameter checks have been ignored because the valid value for parameter 'trise' could not be found in 'I0.R44.CS0'. {"history": "MonteCarlo.1", "point": 121, "testname": "TRAN_VDD_MC", "cornername": "Nominal"}
[2026-05-27 11:52:32.135 Z] [WARN] [cadence.virtuoso.ade.simulationMonitor] -     WARNING (CMI-2943): Parameter checks have been ignored because the valid value for parameter 'trise' could not be found in 'I0.R23.CM'.
        Further occurrences of this warning will be suppressed. {"history": "MonteCarlo.1", "point": 121, "testname": "TRAN_VDD_MC", "cornername": "Nominal"}
[2026-05-27 11:52:32.136 Z] [WARN] [cadence.virtuoso.ade.simulationMonitor] -     WARNING (SPECTRE-17191): 
        Tolerance relaxation is used to obtain final DC solution which may affect the accuracy of the result. This is mainly caused by the high impedance nodes in the circuit. Use the dyn_highz check to determine the high impedance nodes. Setting/assigning appropriate initial values to these nodes will usually help to improve both performance and accuracy of DC simulations. {"history": "MonteCarlo.1", "point": 121, "testname": "TRAN_VDD_MC", "cornername": "Nominal"}
[2026-05-27 11:52:32.136 Z] [INFO] [cadence.virtuoso.ade.simulationMonitor] - Total time required for tran analysis `tran': CPU = 985.932 ms, elapsed = 503.59 ms, util. = 196%. {"history": "MonteCarlo.1", "point": 121, "testname": "TRAN_VDD_MC", "cornername": "Nominal"}
[2026-05-27 11:52:32.137 Z] [INFO] [cadence.virtuoso.ade.simulationMonitor] - Peak resident memory used = 263 Mbytes. {"history": "MonteCarlo.1", "point": 121, "testname": "TRAN_VDD_MC", "cornername": "Nominal"}
[2026-05-27 11:52:32.137 Z] [INFO] [cadence.virtuoso.ade.simulationMonitor] - Notice from spectre during transient analysis `tran', during Monte Carlo analysis `mc1'.
    58 notices suppressed.
    137 warnings suppressed. {"history": "MonteCarlo.1", "point": 121, "testname": "TRAN_VDD_MC", "cornername": "Nominal"}
[2026-05-27 11:52:32.138 Z] [INFO] [cadence.virtuoso.ade.simulationMonitor] - Notice from spectre in `vert10':`I0.Q3(30)', in `fecg_bandgap3_layout':`I0', during Monte Carlo analysis `mc1'.
    I0.Q3(30).bjtinsub: `rbm' has the unusually small value of 968.241 mOhm.
    I0.Q3(30).bjtinsub: `minr' has the unusually small value of 10 fOhm. {"history": "MonteCarlo.1", "point": 121, "testname": "TRAN_VDD_MC", "cornername": "Nominal"}
[2026-05-27 11:52:32.138 Z] [INFO] [cadence.virtuoso.ade.simulationMonitor] - Notice from spectre in `vert10':`I0.Q3(29)', in `fecg_bandgap3_layout':`I0', during Monte Carlo analysis `mc1'.
    I0.Q3(29).bjtinsub: `rbm' has the unusually small value of 968.241 mOhm.
    I0.Q3(29).bjtinsub: `minr' has the unusually small value of 10 fOhm. {"history": "MonteCarlo.1", "point": 121, "testname": "TRAN_VDD_MC", "cornername": "Nominal"}
[2026-05-27 11:52:32.138 Z] [INFO] [cadence.virtuoso.ade.simulationMonitor] - Notice from spectre in `vert10':`I0.Q3(28)', in `fecg_bandgap3_layout':`I0', during Monte Carlo analysis `mc1'.
    I0.Q3(28).bjtinsub: `rbm' has the unusually small value of 968.241 mOhm.
        Further occurrences of this notice will be suppressed. {"history": "MonteCarlo.1", "point": 121, "testname": "TRAN_VDD_MC", "cornername": "Nominal"}
[2026-05-27 11:52:32.139 Z] [PROCESS] [cadence.virtuoso.ade.simulationMonitor] - Finished simulating for one iteration {"hostname": "il2244vt26_hrahimi", "processid": 313721, "history": "MonteCarlo.1", "testname": "TRAN_VDD_MC", "cornername": "Nominal", "point": 121, "logfile": "/home/hrahimi/projects/POTENTIOSTAT_26/logs_hrahimi/logs0/Job60.log", "simid": "1"}
[2026-05-27 11:52:32.139 Z] [PROCESS] [cadence.virtuoso.ade.simulationMonitor] - Started Simulation {"hostname": "il2244vt26_hrahimi", "processid": 313721, "history": "MonteCarlo.1", "testname": "TRAN_VDD_MC", "cornername": "Nominal", "point": 122, "logfile": "/home/hrahimi/projects/POTENTIOSTAT_26/logs_hrahimi/logs0/Job60.log", "event": "started", "task": "simulation"}
[2026-05-27 11:52:32.640 Z] [INFO] [cadence.virtuoso.ade.simulationMonitor] - Notice from spectre during IC analysis, during transient analysis `tran', during Monte Carlo analysis `mc1'.
    GminDC = 1 pS is large enough to noticeably affect the DC solution.
        dV(I0.208\:S) = 89.1971 uV
        Use the `gmin_check' option to eliminate or expand this report.
    Bad pivoting is found during DC analysis. Option dc_pivot_check=yes is recommended for possible improvement of convergence. {"history": "MonteCarlo.1", "point": 122, "testname": "TRAN_VDD_MC", "cornername": "Nominal"}
[2026-05-27 11:52:32.640 Z] [WARN] [cadence.virtuoso.ade.simulationMonitor] -     WARNING (CMI-2943): Parameter checks have been ignored because the valid value for parameter 'trise' could not be found in 'C0'. {"history": "MonteCarlo.1", "point": 122, "testname": "TRAN_VDD_MC", "cornername": "Nominal"}
[2026-05-27 11:52:32.640 Z] [WARN] [cadence.virtuoso.ade.simulationMonitor] -     WARNING (CMI-2943): Parameter checks have been ignored because the valid value for parameter 'trise' could not be found in 'I0.R44.CM'. {"history": "MonteCarlo.1", "point": 122, "testname": "TRAN_VDD_MC", "cornername": "Nominal"}
[2026-05-27 11:52:32.641 Z] [WARN] [cadence.virtuoso.ade.simulationMonitor] -     WARNING (CMI-2943): Parameter checks have been ignored because the valid value for parameter 'trise' could not be found in 'I0.R44.CS1'. {"history": "MonteCarlo.1", "point": 122, "testname": "TRAN_VDD_MC", "cornername": "Nominal"}
[2026-05-27 11:52:32.641 Z] [WARN] [cadence.virtuoso.ade.simulationMonitor] -     WARNING (CMI-2943): Parameter checks have been ignored because the valid value for parameter 'trise' could not be found in 'I0.R44.CS0'. {"history": "MonteCarlo.1", "point": 122, "testname": "TRAN_VDD_MC", "cornername": "Nominal"}
[2026-05-27 11:52:32.642 Z] [WARN] [cadence.virtuoso.ade.simulationMonitor] -     WARNING (CMI-2943): Parameter checks have been ignored because the valid value for parameter 'trise' could not be found in 'I0.R23.CM'.
        Further occurrences of this warning will be suppressed. {"history": "MonteCarlo.1", "point": 122, "testname": "TRAN_VDD_MC", "cornername": "Nominal"}
[2026-05-27 11:52:33.143 Z] [INFO] [cadence.virtuoso.ade.simulationMonitor] - Total time required for tran analysis `tran': CPU = 1.19633 s, elapsed = 697.704 ms, util. = 171%. {"history": "MonteCarlo.1", "point": 122, "testname": "TRAN_VDD_MC", "cornername": "Nominal"}
[2026-05-27 11:52:33.144 Z] [INFO] [cadence.virtuoso.ade.simulationMonitor] - Peak resident memory used = 263 Mbytes. {"history": "MonteCarlo.1", "point": 122, "testname": "TRAN_VDD_MC", "cornername": "Nominal"}
[2026-05-27 11:52:33.144 Z] [INFO] [cadence.virtuoso.ade.simulationMonitor] - Notice from spectre during transient analysis `tran', during Monte Carlo analysis `mc1'.
    121 notices suppressed.
    137 warnings suppressed. {"history": "MonteCarlo.1", "point": 122, "testname": "TRAN_VDD_MC", "cornername": "Nominal"}
[2026-05-27 11:52:33.144 Z] [INFO] [cadence.virtuoso.ade.simulationMonitor] - Notice from spectre in `vert10':`I0.Q3(30)', in `fecg_bandgap3_layout':`I0', during Monte Carlo analysis `mc1'.
    I0.Q3(30).bjtinsub: `minr' has the unusually small value of 10 fOhm. {"history": "MonteCarlo.1", "point": 122, "testname": "TRAN_VDD_MC", "cornername": "Nominal"}
[2026-05-27 11:52:33.145 Z] [INFO] [cadence.virtuoso.ade.simulationMonitor] - Notice from spectre in `vert10':`I0.Q3(29)', in `fecg_bandgap3_layout':`I0', during Monte Carlo analysis `mc1'.
    I0.Q3(29).bjtinsub: `minr' has the unusually small value of 10 fOhm. {"history": "MonteCarlo.1", "point": 122, "testname": "TRAN_VDD_MC", "cornername": "Nominal"}
[2026-05-27 11:52:33.145 Z] [INFO] [cadence.virtuoso.ade.simulationMonitor] - Notice from spectre in `vert10':`I0.Q3(28)', in `fecg_bandgap3_layout':`I0', during Monte Carlo analysis `mc1'.
    I0.Q3(28).bjtinsub: `minr' has the unusually small value of 10 fOhm. {"history": "MonteCarlo.1", "point": 122, "testname": "TRAN_VDD_MC", "cornername": "Nominal"}
[2026-05-27 11:52:33.145 Z] [INFO] [cadence.virtuoso.ade.simulationMonitor] - Notice from spectre in `vert10':`I0.Q3(27)', in `fecg_bandgap3_layout':`I0', during Monte Carlo analysis `mc1'.
    I0.Q3(27).bjtinsub: `minr' has the unusually small value of 10 fOhm. {"history": "MonteCarlo.1", "point": 122, "testname": "TRAN_VDD_MC", "cornername": "Nominal"}
[2026-05-27 11:52:33.146 Z] [INFO] [cadence.virtuoso.ade.simulationMonitor] - Notice from spectre in `vert10':`I0.Q3(26)', in `fecg_bandgap3_layout':`I0', during Monte Carlo analysis `mc1'.
    I0.Q3(26).bjtinsub: `minr' has the unusually small value of 10 fOhm.
        Further occurrences of this notice will be suppressed. {"history": "MonteCarlo.1", "point": 122, "testname": "TRAN_VDD_MC", "cornername": "Nominal"}
[2026-05-27 11:52:33.146 Z] [INFO] [cadence.virtuoso.ade.simulationMonitor] - Notice from spectre during IC analysis, during transient analysis `tran', during Monte Carlo analysis `mc1'.
    GminDC = 1 pS is large enough to noticeably affect the DC solution.
        dV(I0.227\:S) = -4.6308 uV
        Use the `gmin_check' option to eliminate or expand this report.
    Bad pivoting is found during DC analysis. Option dc_pivot_check=yes is recommended for possible improvement of convergence. {"history": "MonteCarlo.1", "point": 122, "testname": "TRAN_VDD_MC", "cornername": "Nominal"}
[2026-05-27 11:52:33.147 Z] [WARN] [cadence.virtuoso.ade.simulationMonitor] -     WARNING (CMI-2943): Parameter checks have been ignored because the valid value for parameter 'trise' could not be found in 'C0'. {"history": "MonteCarlo.1", "point": 122, "testname": "TRAN_VDD_MC", "cornername": "Nominal"}
[2026-05-27 11:52:33.147 Z] [WARN] [cadence.virtuoso.ade.simulationMonitor] -     WARNING (CMI-2943): Parameter checks have been ignored because the valid value for parameter 'trise' could not be found in 'I0.R44.CM'. {"history": "MonteCarlo.1", "point": 122, "testname": "TRAN_VDD_MC", "cornername": "Nominal"}
[2026-05-27 11:52:33.147 Z] [WARN] [cadence.virtuoso.ade.simulationMonitor] -     WARNING (CMI-2943): Parameter checks have been ignored because the valid value for parameter 'trise' could not be found in 'I0.R44.CS1'. {"history": "MonteCarlo.1", "point": 122, "testname": "TRAN_VDD_MC", "cornername": "Nominal"}
[2026-05-27 11:52:33.148 Z] [WARN] [cadence.virtuoso.ade.simulationMonitor] -     WARNING (CMI-2943): Parameter checks have been ignored because the valid value for parameter 'trise' could not be found in 'I0.R44.CS0'. {"history": "MonteCarlo.1", "point": 122, "testname": "TRAN_VDD_MC", "cornername": "Nominal"}
[2026-05-27 11:52:33.148 Z] [WARN] [cadence.virtuoso.ade.simulationMonitor] -     WARNING (CMI-2943): Parameter checks have been ignored because the valid value for parameter 'trise' could not be found in 'I0.R23.CM'.
        Further occurrences of this warning will be suppressed. {"history": "MonteCarlo.1", "point": 122, "testname": "TRAN_VDD_MC", "cornername": "Nominal"}
[2026-05-27 11:52:33.148 Z] [PROCESS] [cadence.virtuoso.ade.simulationMonitor] - Finished simulating for one iteration {"hostname": "il2244vt26_hrahimi", "processid": 313721, "history": "MonteCarlo.1", "testname": "TRAN_VDD_MC", "cornername": "Nominal", "point": 122, "logfile": "/home/hrahimi/projects/POTENTIOSTAT_26/logs_hrahimi/logs0/Job60.log", "simid": "1"}
[2026-05-27 11:52:33.149 Z] [PROCESS] [cadence.virtuoso.ade.simulationMonitor] - Started Simulation {"hostname": "il2244vt26_hrahimi", "processid": 313721, "history": "MonteCarlo.1", "testname": "TRAN_VDD_MC", "cornername": "Nominal", "point": 123, "logfile": "/home/hrahimi/projects/POTENTIOSTAT_26/logs_hrahimi/logs0/Job60.log", "event": "started", "task": "simulation"}
[2026-05-27 11:52:34.150 Z] [INFO] [cadence.virtuoso.ade.simulationMonitor] - Total time required for tran analysis `tran': CPU = 1.08972 s, elapsed = 569.772 ms, util. = 191%. {"history": "MonteCarlo.1", "point": 123, "testname": "TRAN_VDD_MC", "cornername": "Nominal"}
[2026-05-27 11:52:34.151 Z] [INFO] [cadence.virtuoso.ade.simulationMonitor] - Peak resident memory used = 266 Mbytes. {"history": "MonteCarlo.1", "point": 123, "testname": "TRAN_VDD_MC", "cornername": "Nominal"}
[2026-05-27 11:52:34.151 Z] [INFO] [cadence.virtuoso.ade.simulationMonitor] - Notice from spectre during transient analysis `tran', during Monte Carlo analysis `mc1'.
    58 notices suppressed.
    137 warnings suppressed. {"history": "MonteCarlo.1", "point": 123, "testname": "TRAN_VDD_MC", "cornername": "Nominal"}
[2026-05-27 11:52:34.151 Z] [INFO] [cadence.virtuoso.ade.simulationMonitor] - Notice from spectre in `vert10':`I0.Q3(30)', in `fecg_bandgap3_layout':`I0', during Monte Carlo analysis `mc1'.
    I0.Q3(30).bjtinsub: `minr' has the unusually small value of 10 fOhm. {"history": "MonteCarlo.1", "point": 123, "testname": "TRAN_VDD_MC", "cornername": "Nominal"}
[2026-05-27 11:52:34.151 Z] [INFO] [cadence.virtuoso.ade.simulationMonitor] - Notice from spectre in `vert10':`I0.Q3(29)', in `fecg_bandgap3_layout':`I0', during Monte Carlo analysis `mc1'.
    I0.Q3(29).bjtinsub: `minr' has the unusually small value of 10 fOhm. {"history": "MonteCarlo.1", "point": 123, "testname": "TRAN_VDD_MC", "cornername": "Nominal"}
[2026-05-27 11:52:34.152 Z] [INFO] [cadence.virtuoso.ade.simulationMonitor] - Notice from spectre in `vert10':`I0.Q3(28)', in `fecg_bandgap3_layout':`I0', during Monte Carlo analysis `mc1'.
    I0.Q3(28).bjtinsub: `minr' has the unusually small value of 10 fOhm. {"history": "MonteCarlo.1", "point": 123, "testname": "TRAN_VDD_MC", "cornername": "Nominal"}
[2026-05-27 11:52:34.152 Z] [INFO] [cadence.virtuoso.ade.simulationMonitor] - Notice from spectre in `vert10':`I0.Q3(27)', in `fecg_bandgap3_layout':`I0', during Monte Carlo analysis `mc1'.
    I0.Q3(27).bjtinsub: `minr' has the unusually small value of 10 fOhm. {"history": "MonteCarlo.1", "point": 123, "testname": "TRAN_VDD_MC", "cornername": "Nominal"}
[2026-05-27 11:52:34.152 Z] [INFO] [cadence.virtuoso.ade.simulationMonitor] - Notice from spectre in `vert10':`I0.Q3(26)', in `fecg_bandgap3_layout':`I0', during Monte Carlo analysis `mc1'.
    I0.Q3(26).bjtinsub: `minr' has the unusually small value of 10 fOhm.
        Further occurrences of this notice will be suppressed. {"history": "MonteCarlo.1", "point": 123, "testname": "TRAN_VDD_MC", "cornername": "Nominal"}
[2026-05-27 11:52:34.153 Z] [INFO] [cadence.virtuoso.ade.simulationMonitor] - Notice from spectre during IC analysis, during transient analysis `tran', during Monte Carlo analysis `mc1'.
    GminDC = 1 pS is large enough to noticeably affect the DC solution.
        dV(I0.208\:S) = -31.1979 uV
        Use the `gmin_check' option to eliminate or expand this report.
    Bad pivoting is found during DC analysis. Option dc_pivot_check=yes is recommended for possible improvement of convergence. {"history": "MonteCarlo.1", "point": 123, "testname": "TRAN_VDD_MC", "cornername": "Nominal"}
[2026-05-27 11:52:34.153 Z] [WARN] [cadence.virtuoso.ade.simulationMonitor] -     WARNING (CMI-2943): Parameter checks have been ignored because the valid value for parameter 'trise' could not be found in 'C0'. {"history": "MonteCarlo.1", "point": 123, "testname": "TRAN_VDD_MC", "cornername": "Nominal"}
[2026-05-27 11:52:34.153 Z] [WARN] [cadence.virtuoso.ade.simulationMonitor] -     WARNING (CMI-2943): Parameter checks have been ignored because the valid value for parameter 'trise' could not be found in 'I0.R44.CM'. {"history": "MonteCarlo.1", "point": 123, "testname": "TRAN_VDD_MC", "cornername": "Nominal"}
[2026-05-27 11:52:34.154 Z] [WARN] [cadence.virtuoso.ade.simulationMonitor] -     WARNING (CMI-2943): Parameter checks have been ignored because the valid value for parameter 'trise' could not be found in 'I0.R44.CS1'. {"history": "MonteCarlo.1", "point": 123, "testname": "TRAN_VDD_MC", "cornername": "Nominal"}
[2026-05-27 11:52:34.154 Z] [WARN] [cadence.virtuoso.ade.simulationMonitor] -     WARNING (CMI-2943): Parameter checks have been ignored because the valid value for parameter 'trise' could not be found in 'I0.R44.CS0'. {"history": "MonteCarlo.1", "point": 123, "testname": "TRAN_VDD_MC", "cornername": "Nominal"}
[2026-05-27 11:52:34.154 Z] [WARN] [cadence.virtuoso.ade.simulationMonitor] -     WARNING (CMI-2943): Parameter checks have been ignored because the valid value for parameter 'trise' could not be found in 'I0.R23.CM'.
        Further occurrences of this warning will be suppressed. {"history": "MonteCarlo.1", "point": 123, "testname": "TRAN_VDD_MC", "cornername": "Nominal"}
[2026-05-27 11:52:34.155 Z] [PROCESS] [cadence.virtuoso.ade.simulationMonitor] - Finished simulating for one iteration {"hostname": "il2244vt26_hrahimi", "processid": 313721, "history": "MonteCarlo.1", "testname": "TRAN_VDD_MC", "cornername": "Nominal", "point": 123, "logfile": "/home/hrahimi/projects/POTENTIOSTAT_26/logs_hrahimi/logs0/Job60.log", "simid": "1"}
[2026-05-27 11:52:34.155 Z] [PROCESS] [cadence.virtuoso.ade.simulationMonitor] - Started Simulation {"hostname": "il2244vt26_hrahimi", "processid": 313721, "history": "MonteCarlo.1", "testname": "TRAN_VDD_MC", "cornername": "Nominal", "point": 124, "logfile": "/home/hrahimi/projects/POTENTIOSTAT_26/logs_hrahimi/logs0/Job60.log", "event": "started", "task": "simulation"}
[2026-05-27 11:52:34.656 Z] [INFO] [cadence.virtuoso.ade.simulationMonitor] - Total time required for tran analysis `tran': CPU = 1.04312 s, elapsed = 488.658 ms, util. = 213%. {"history": "MonteCarlo.1", "point": 124, "testname": "TRAN_VDD_MC", "cornername": "Nominal"}
[2026-05-27 11:52:34.656 Z] [INFO] [cadence.virtuoso.ade.simulationMonitor] - Peak resident memory used = 266 Mbytes. {"history": "MonteCarlo.1", "point": 124, "testname": "TRAN_VDD_MC", "cornername": "Nominal"}
[2026-05-27 11:52:34.657 Z] [INFO] [cadence.virtuoso.ade.simulationMonitor] - Notice from spectre during transient analysis `tran', during Monte Carlo analysis `mc1'.
    58 notices suppressed.
    137 warnings suppressed. {"history": "MonteCarlo.1", "point": 124, "testname": "TRAN_VDD_MC", "cornername": "Nominal"}
[2026-05-27 11:52:34.657 Z] [INFO] [cadence.virtuoso.ade.simulationMonitor] - Notice from spectre in `vert10':`I0.Q3(30)', in `fecg_bandgap3_layout':`I0', during Monte Carlo analysis `mc1'.
    I0.Q3(30).bjtinsub: `rbm' has the unusually small value of 993.241 mOhm.
    I0.Q3(30).bjtinsub: `minr' has the unusually small value of 10 fOhm. {"history": "MonteCarlo.1", "point": 124, "testname": "TRAN_VDD_MC", "cornername": "Nominal"}
[2026-05-27 11:52:34.657 Z] [INFO] [cadence.virtuoso.ade.simulationMonitor] - Notice from spectre in `vert10':`I0.Q3(29)', in `fecg_bandgap3_layout':`I0', during Monte Carlo analysis `mc1'.
    I0.Q3(29).bjtinsub: `rbm' has the unusually small value of 993.241 mOhm.
    I0.Q3(29).bjtinsub: `minr' has the unusually small value of 10 fOhm. {"history": "MonteCarlo.1", "point": 124, "testname": "TRAN_VDD_MC", "cornername": "Nominal"}
[2026-05-27 11:52:34.658 Z] [INFO] [cadence.virtuoso.ade.simulationMonitor] - Notice from spectre in `vert10':`I0.Q3(28)', in `fecg_bandgap3_layout':`I0', during Monte Carlo analysis `mc1'.
    I0.Q3(28).bjtinsub: `rbm' has the unusually small value of 993.241 mOhm.
        Further occurrences of this notice will be suppressed. {"history": "MonteCarlo.1", "point": 124, "testname": "TRAN_VDD_MC", "cornername": "Nominal"}
[2026-05-27 11:52:34.658 Z] [INFO] [cadence.virtuoso.ade.simulationMonitor] - Notice from spectre during IC analysis, during transient analysis `tran', during Monte Carlo analysis `mc1'.
    GminDC = 1 pS is large enough to noticeably affect the DC solution.
        dV(I0.221\:S) = -1.6199 uV
        Use the `gmin_check' option to eliminate or expand this report.
    Bad pivoting is found during DC analysis. Option dc_pivot_check=yes is recommended for possible improvement of convergence. {"history": "MonteCarlo.1", "point": 124, "testname": "TRAN_VDD_MC", "cornername": "Nominal"}
[2026-05-27 11:52:34.659 Z] [WARN] [cadence.virtuoso.ade.simulationMonitor] -     WARNING (CMI-2943): Parameter checks have been ignored because the valid value for parameter 'trise' could not be found in 'C0'. {"history": "MonteCarlo.1", "point": 124, "testname": "TRAN_VDD_MC", "cornername": "Nominal"}
[2026-05-27 11:52:34.659 Z] [WARN] [cadence.virtuoso.ade.simulationMonitor] -     WARNING (CMI-2943): Parameter checks have been ignored because the valid value for parameter 'trise' could not be found in 'I0.R44.CM'. {"history": "MonteCarlo.1", "point": 124, "testname": "TRAN_VDD_MC", "cornername": "Nominal"}
[2026-05-27 11:52:34.659 Z] [WARN] [cadence.virtuoso.ade.simulationMonitor] -     WARNING (CMI-2943): Parameter checks have been ignored because the valid value for parameter 'trise' could not be found in 'I0.R44.CS1'. {"history": "MonteCarlo.1", "point": 124, "testname": "TRAN_VDD_MC", "cornername": "Nominal"}
[2026-05-27 11:52:34.660 Z] [WARN] [cadence.virtuoso.ade.simulationMonitor] -     WARNING (CMI-2943): Parameter checks have been ignored because the valid value for parameter 'trise' could not be found in 'I0.R44.CS0'. {"history": "MonteCarlo.1", "point": 124, "testname": "TRAN_VDD_MC", "cornername": "Nominal"}
[2026-05-27 11:52:34.660 Z] [WARN] [cadence.virtuoso.ade.simulationMonitor] -     WARNING (CMI-2943): Parameter checks have been ignored because the valid value for parameter 'trise' could not be found in 'I0.R23.CM'.
        Further occurrences of this warning will be suppressed. {"history": "MonteCarlo.1", "point": 124, "testname": "TRAN_VDD_MC", "cornername": "Nominal"}
[2026-05-27 11:52:34.660 Z] [PROCESS] [cadence.virtuoso.ade.simulationMonitor] - Finished simulating for one iteration {"hostname": "il2244vt26_hrahimi", "processid": 313721, "history": "MonteCarlo.1", "testname": "TRAN_VDD_MC", "cornername": "Nominal", "point": 124, "logfile": "/home/hrahimi/projects/POTENTIOSTAT_26/logs_hrahimi/logs0/Job60.log", "simid": "1"}
[2026-05-27 11:52:34.661 Z] [PROCESS] [cadence.virtuoso.ade.simulationMonitor] - Started Simulation {"hostname": "il2244vt26_hrahimi", "processid": 313721, "history": "MonteCarlo.1", "testname": "TRAN_VDD_MC", "cornername": "Nominal", "point": 125, "logfile": "/home/hrahimi/projects/POTENTIOSTAT_26/logs_hrahimi/logs0/Job60.log", "event": "started", "task": "simulation"}
[2026-05-27 11:52:35.162 Z] [INFO] [cadence.virtuoso.ade.simulationMonitor] - Total time required for tran analysis `tran': CPU = 1.02501 s, elapsed = 592.338 ms, util. = 173%. {"history": "MonteCarlo.1", "point": 125, "testname": "TRAN_VDD_MC", "cornername": "Nominal"}
[2026-05-27 11:52:35.163 Z] [INFO] [cadence.virtuoso.ade.simulationMonitor] - Peak resident memory used = 266 Mbytes. {"history": "MonteCarlo.1", "point": 125, "testname": "TRAN_VDD_MC", "cornername": "Nominal"}
[2026-05-27 11:52:35.163 Z] [INFO] [cadence.virtuoso.ade.simulationMonitor] - Notice from spectre during transient analysis `tran', during Monte Carlo analysis `mc1'.
    121 notices suppressed.
    137 warnings suppressed. {"history": "MonteCarlo.1", "point": 125, "testname": "TRAN_VDD_MC", "cornername": "Nominal"}
[2026-05-27 11:52:35.163 Z] [PROCESS] [cadence.virtuoso.ade.simulationMonitor] - Finished simulating for one iteration {"hostname": "il2244vt26_hrahimi", "processid": 313721, "history": "MonteCarlo.1", "testname": "TRAN_VDD_MC", "cornername": "Nominal", "point": 125, "logfile": "/home/hrahimi/projects/POTENTIOSTAT_26/logs_hrahimi/logs0/Job60.log", "simid": "1"}
[2026-05-27 11:52:35.163 Z] [PROCESS] [cadence.virtuoso.ade.simulationMonitor] - Started Simulation {"hostname": "il2244vt26_hrahimi", "processid": 313721, "history": "MonteCarlo.1", "testname": "TRAN_VDD_MC", "cornername": "Nominal", "point": 126, "logfile": "/home/hrahimi/projects/POTENTIOSTAT_26/logs_hrahimi/logs0/Job60.log", "event": "started", "task": "simulation"}
[2026-05-27 11:52:35.664 Z] [INFO] [cadence.virtuoso.ade.simulationMonitor] - Notice from spectre in `vert10':`I0.Q3(30)', in `fecg_bandgap3_layout':`I0', during Monte Carlo analysis `mc1'.
    I0.Q3(30).bjtinsub: `minr' has the unusually small value of 10 fOhm. {"history": "MonteCarlo.1", "point": 126, "testname": "TRAN_VDD_MC", "cornername": "Nominal"}
[2026-05-27 11:52:35.666 Z] [INFO] [cadence.virtuoso.ade.simulationMonitor] - Notice from spectre in `vert10':`I0.Q3(29)', in `fecg_bandgap3_layout':`I0', during Monte Carlo analysis `mc1'.
    I0.Q3(29).bjtinsub: `minr' has the unusually small value of 10 fOhm. {"history": "MonteCarlo.1", "point": 126, "testname": "TRAN_VDD_MC", "cornername": "Nominal"}
[2026-05-27 11:52:35.666 Z] [INFO] [cadence.virtuoso.ade.simulationMonitor] - Notice from spectre in `vert10':`I0.Q3(28)', in `fecg_bandgap3_layout':`I0', during Monte Carlo analysis `mc1'.
    I0.Q3(28).bjtinsub: `minr' has the unusually small value of 10 fOhm. {"history": "MonteCarlo.1", "point": 126, "testname": "TRAN_VDD_MC", "cornername": "Nominal"}
[2026-05-27 11:52:35.667 Z] [INFO] [cadence.virtuoso.ade.simulationMonitor] - Notice from spectre in `vert10':`I0.Q3(27)', in `fecg_bandgap3_layout':`I0', during Monte Carlo analysis `mc1'.
    I0.Q3(27).bjtinsub: `minr' has the unusually small value of 10 fOhm. {"history": "MonteCarlo.1", "point": 126, "testname": "TRAN_VDD_MC", "cornername": "Nominal"}
[2026-05-27 11:52:35.667 Z] [INFO] [cadence.virtuoso.ade.simulationMonitor] - Notice from spectre in `vert10':`I0.Q3(26)', in `fecg_bandgap3_layout':`I0', during Monte Carlo analysis `mc1'.
    I0.Q3(26).bjtinsub: `minr' has the unusually small value of 10 fOhm.
        Further occurrences of this notice will be suppressed. {"history": "MonteCarlo.1", "point": 126, "testname": "TRAN_VDD_MC", "cornername": "Nominal"}
[2026-05-27 11:52:35.667 Z] [INFO] [cadence.virtuoso.ade.simulationMonitor] - Notice from spectre during IC analysis, during transient analysis `tran', during Monte Carlo analysis `mc1'.
    GminDC = 1 pS is large enough to noticeably affect the DC solution.
        dV(I0.208\:S) = -20.6539 uV
        Use the `gmin_check' option to eliminate or expand this report.
    Bad pivoting is found during DC analysis. Option dc_pivot_check=yes is recommended for possible improvement of convergence. {"history": "MonteCarlo.1", "point": 126, "testname": "TRAN_VDD_MC", "cornername": "Nominal"}
[2026-05-27 11:52:35.668 Z] [WARN] [cadence.virtuoso.ade.simulationMonitor] -     WARNING (CMI-2943): Parameter checks have been ignored because the valid value for parameter 'trise' could not be found in 'C0'. {"history": "MonteCarlo.1", "point": 126, "testname": "TRAN_VDD_MC", "cornername": "Nominal"}
[2026-05-27 11:52:35.668 Z] [WARN] [cadence.virtuoso.ade.simulationMonitor] -     WARNING (CMI-2943): Parameter checks have been ignored because the valid value for parameter 'trise' could not be found in 'I0.R44.CM'. {"history": "MonteCarlo.1", "point": 126, "testname": "TRAN_VDD_MC", "cornername": "Nominal"}
[2026-05-27 11:52:35.668 Z] [WARN] [cadence.virtuoso.ade.simulationMonitor] -     WARNING (CMI-2943): Parameter checks have been ignored because the valid value for parameter 'trise' could not be found in 'I0.R44.CS1'. {"history": "MonteCarlo.1", "point": 126, "testname": "TRAN_VDD_MC", "cornername": "Nominal"}
[2026-05-27 11:52:35.668 Z] [WARN] [cadence.virtuoso.ade.simulationMonitor] -     WARNING (CMI-2943): Parameter checks have been ignored because the valid value for parameter 'trise' could not be found in 'I0.R44.CS0'. {"history": "MonteCarlo.1", "point": 126, "testname": "TRAN_VDD_MC", "cornername": "Nominal"}
[2026-05-27 11:52:35.668 Z] [WARN] [cadence.virtuoso.ade.simulationMonitor] -     WARNING (CMI-2943): Parameter checks have been ignored because the valid value for parameter 'trise' could not be found in 'I0.R23.CM'.
        Further occurrences of this warning will be suppressed. {"history": "MonteCarlo.1", "point": 126, "testname": "TRAN_VDD_MC", "cornername": "Nominal"}
[2026-05-27 11:52:36.169 Z] [INFO] [cadence.virtuoso.ade.simulationMonitor] - Total time required for tran analysis `tran': CPU = 965.19 ms, elapsed = 514.731 ms, util. = 188%. {"history": "MonteCarlo.1", "point": 126, "testname": "TRAN_VDD_MC", "cornername": "Nominal"}
[2026-05-27 11:52:36.170 Z] [INFO] [cadence.virtuoso.ade.simulationMonitor] - Peak resident memory used = 267 Mbytes. {"history": "MonteCarlo.1", "point": 126, "testname": "TRAN_VDD_MC", "cornername": "Nominal"}
[2026-05-27 11:52:36.171 Z] [INFO] [cadence.virtuoso.ade.simulationMonitor] - Notice from spectre during transient analysis `tran', during Monte Carlo analysis `mc1'.
    58 notices suppressed.
    137 warnings suppressed. {"history": "MonteCarlo.1", "point": 126, "testname": "TRAN_VDD_MC", "cornername": "Nominal"}
[2026-05-27 11:52:36.171 Z] [INFO] [cadence.virtuoso.ade.simulationMonitor] - Notice from spectre in `vert10':`I0.Q3(30)', in `fecg_bandgap3_layout':`I0', during Monte Carlo analysis `mc1'.
    I0.Q3(30).bjtinsub: `rbm' has the unusually small value of 943.241 mOhm.
    I0.Q3(30).bjtinsub: `minr' has the unusually small value of 10 fOhm. {"history": "MonteCarlo.1", "point": 126, "testname": "TRAN_VDD_MC", "cornername": "Nominal"}
[2026-05-27 11:52:36.171 Z] [INFO] [cadence.virtuoso.ade.simulationMonitor] - Notice from spectre in `vert10':`I0.Q3(29)', in `fecg_bandgap3_layout':`I0', during Monte Carlo analysis `mc1'.
    I0.Q3(29).bjtinsub: `rbm' has the unusually small value of 943.241 mOhm.
    I0.Q3(29).bjtinsub: `minr' has the unusually small value of 10 fOhm. {"history": "MonteCarlo.1", "point": 126, "testname": "TRAN_VDD_MC", "cornername": "Nominal"}
[2026-05-27 11:52:36.172 Z] [INFO] [cadence.virtuoso.ade.simulationMonitor] - Notice from spectre in `vert10':`I0.Q3(28)', in `fecg_bandgap3_layout':`I0', during Monte Carlo analysis `mc1'.
    I0.Q3(28).bjtinsub: `rbm' has the unusually small value of 943.241 mOhm.
        Further occurrences of this notice will be suppressed. {"history": "MonteCarlo.1", "point": 126, "testname": "TRAN_VDD_MC", "cornername": "Nominal"}
[2026-05-27 11:52:36.172 Z] [INFO] [cadence.virtuoso.ade.simulationMonitor] - Notice from spectre during IC analysis, during transient analysis `tran', during Monte Carlo analysis `mc1'.
    GminDC = 1 pS is large enough to noticeably affect the DC solution.
        dV(I0.208\:S) = 55.4061 uV
        Use the `gmin_check' option to eliminate or expand this report.
    Bad pivoting is found during DC analysis. Option dc_pivot_check=yes is recommended for possible improvement of convergence. {"history": "MonteCarlo.1", "point": 126, "testname": "TRAN_VDD_MC", "cornername": "Nominal"}
[2026-05-27 11:52:36.172 Z] [WARN] [cadence.virtuoso.ade.simulationMonitor] -     WARNING (CMI-2943): Parameter checks have been ignored because the valid value for parameter 'trise' could not be found in 'C0'. {"history": "MonteCarlo.1", "point": 126, "testname": "TRAN_VDD_MC", "cornername": "Nominal"}
[2026-05-27 11:52:36.173 Z] [WARN] [cadence.virtuoso.ade.simulationMonitor] -     WARNING (CMI-2943): Parameter checks have been ignored because the valid value for parameter 'trise' could not be found in 'I0.R44.CM'. {"history": "MonteCarlo.1", "point": 126, "testname": "TRAN_VDD_MC", "cornername": "Nominal"}
[2026-05-27 11:52:36.173 Z] [WARN] [cadence.virtuoso.ade.simulationMonitor] -     WARNING (CMI-2943): Parameter checks have been ignored because the valid value for parameter 'trise' could not be found in 'I0.R44.CS1'. {"history": "MonteCarlo.1", "point": 126, "testname": "TRAN_VDD_MC", "cornername": "Nominal"}
[2026-05-27 11:52:36.173 Z] [WARN] [cadence.virtuoso.ade.simulationMonitor] -     WARNING (CMI-2943): Parameter checks have been ignored because the valid value for parameter 'trise' could not be found in 'I0.R44.CS0'. {"history": "MonteCarlo.1", "point": 126, "testname": "TRAN_VDD_MC", "cornername": "Nominal"}
[2026-05-27 11:52:36.174 Z] [WARN] [cadence.virtuoso.ade.simulationMonitor] -     WARNING (CMI-2943): Parameter checks have been ignored because the valid value for parameter 'trise' could not be found in 'I0.R23.CM'.
        Further occurrences of this warning will be suppressed. {"history": "MonteCarlo.1", "point": 126, "testname": "TRAN_VDD_MC", "cornername": "Nominal"}
[2026-05-27 11:52:36.174 Z] [PROCESS] [cadence.virtuoso.ade.simulationMonitor] - Finished simulating for one iteration {"hostname": "il2244vt26_hrahimi", "processid": 313721, "history": "MonteCarlo.1", "testname": "TRAN_VDD_MC", "cornername": "Nominal", "point": 126, "logfile": "/home/hrahimi/projects/POTENTIOSTAT_26/logs_hrahimi/logs0/Job60.log", "simid": "1"}
[2026-05-27 11:52:36.175 Z] [PROCESS] [cadence.virtuoso.ade.simulationMonitor] - Started Simulation {"hostname": "il2244vt26_hrahimi", "processid": 313721, "history": "MonteCarlo.1", "testname": "TRAN_VDD_MC", "cornername": "Nominal", "point": 127, "logfile": "/home/hrahimi/projects/POTENTIOSTAT_26/logs_hrahimi/logs0/Job60.log", "event": "started", "task": "simulation"}
[2026-05-27 11:52:36.676 Z] [PROCESS] [cadence.virtuoso.ade.simulationMonitor] - Finished simulating for one iteration {"hostname": "il2244vt26_hrahimi", "processid": 313721, "history": "MonteCarlo.1", "testname": "TRAN_VDD_MC", "cornername": "Nominal", "point": 127, "logfile": "/home/hrahimi/projects/POTENTIOSTAT_26/logs_hrahimi/logs0/Job60.log", "simid": "1"}
[2026-05-27 11:52:36.681 Z] [PROCESS] [cadence.virtuoso.ade.simulationMonitor] - Started Simulation {"hostname": "il2244vt26_hrahimi", "processid": 313721, "history": "MonteCarlo.1", "testname": "TRAN_VDD_MC", "cornername": "Nominal", "point": 128, "logfile": "/home/hrahimi/projects/POTENTIOSTAT_26/logs_hrahimi/logs0/Job60.log", "event": "started", "task": "simulation"}
[2026-05-27 11:52:37.190 Z] [INFO] [cadence.virtuoso.ade.simulationMonitor] - Total time required for tran analysis `tran': CPU = 1.16881 s, elapsed = 574.636 ms, util. = 203%. {"history": "MonteCarlo.1", "point": 128, "testname": "TRAN_VDD_MC", "cornername": "Nominal"}
[2026-05-27 11:52:37.191 Z] [INFO] [cadence.virtuoso.ade.simulationMonitor] - Peak resident memory used = 267 Mbytes. {"history": "MonteCarlo.1", "point": 128, "testname": "TRAN_VDD_MC", "cornername": "Nominal"}
[2026-05-27 11:52:37.191 Z] [INFO] [cadence.virtuoso.ade.simulationMonitor] - Notice from spectre during transient analysis `tran', during Monte Carlo analysis `mc1'.
    121 notices suppressed.
    137 warnings suppressed. {"history": "MonteCarlo.1", "point": 128, "testname": "TRAN_VDD_MC", "cornername": "Nominal"}
[2026-05-27 11:52:37.192 Z] [INFO] [cadence.virtuoso.ade.simulationMonitor] - Notice from spectre in `vert10':`I0.Q3(30)', in `fecg_bandgap3_layout':`I0', during Monte Carlo analysis `mc1'.
    I0.Q3(30).bjtinsub: `minr' has the unusually small value of 10 fOhm. {"history": "MonteCarlo.1", "point": 128, "testname": "TRAN_VDD_MC", "cornername": "Nominal"}
[2026-05-27 11:52:37.192 Z] [INFO] [cadence.virtuoso.ade.simulationMonitor] - Notice from spectre in `vert10':`I0.Q3(29)', in `fecg_bandgap3_layout':`I0', during Monte Carlo analysis `mc1'.
    I0.Q3(29).bjtinsub: `minr' has the unusually small value of 10 fOhm. {"history": "MonteCarlo.1", "point": 128, "testname": "TRAN_VDD_MC", "cornername": "Nominal"}
[2026-05-27 11:52:37.192 Z] [INFO] [cadence.virtuoso.ade.simulationMonitor] - Notice from spectre in `vert10':`I0.Q3(28)', in `fecg_bandgap3_layout':`I0', during Monte Carlo analysis `mc1'.
    I0.Q3(28).bjtinsub: `minr' has the unusually small value of 10 fOhm. {"history": "MonteCarlo.1", "point": 128, "testname": "TRAN_VDD_MC", "cornername": "Nominal"}
[2026-05-27 11:52:37.193 Z] [INFO] [cadence.virtuoso.ade.simulationMonitor] - Notice from spectre in `vert10':`I0.Q3(27)', in `fecg_bandgap3_layout':`I0', during Monte Carlo analysis `mc1'.
    I0.Q3(27).bjtinsub: `minr' has the unusually small value of 10 fOhm. {"history": "MonteCarlo.1", "point": 128, "testname": "TRAN_VDD_MC", "cornername": "Nominal"}
[2026-05-27 11:52:37.193 Z] [INFO] [cadence.virtuoso.ade.simulationMonitor] - Notice from spectre in `vert10':`I0.Q3(26)', in `fecg_bandgap3_layout':`I0', during Monte Carlo analysis `mc1'.
    I0.Q3(26).bjtinsub: `minr' has the unusually small value of 10 fOhm.
        Further occurrences of this notice will be suppressed. {"history": "MonteCarlo.1", "point": 128, "testname": "TRAN_VDD_MC", "cornername": "Nominal"}
[2026-05-27 11:52:37.194 Z] [INFO] [cadence.virtuoso.ade.simulationMonitor] - Notice from spectre during IC analysis, during transient analysis `tran', during Monte Carlo analysis `mc1'.
    GminDC = 1 pS is large enough to noticeably affect the DC solution.
        dV(I0.221\:S) = -85.3954 uV
        Use the `gmin_check' option to eliminate or expand this report.
    Bad pivoting is found during DC analysis. Option dc_pivot_check=yes is recommended for possible improvement of convergence. {"history": "MonteCarlo.1", "point": 128, "testname": "TRAN_VDD_MC", "cornername": "Nominal"}
[2026-05-27 11:52:37.194 Z] [WARN] [cadence.virtuoso.ade.simulationMonitor] -     WARNING (CMI-2943): Parameter checks have been ignored because the valid value for parameter 'trise' could not be found in 'C0'. {"history": "MonteCarlo.1", "point": 128, "testname": "TRAN_VDD_MC", "cornername": "Nominal"}
[2026-05-27 11:52:37.195 Z] [WARN] [cadence.virtuoso.ade.simulationMonitor] -     WARNING (CMI-2943): Parameter checks have been ignored because the valid value for parameter 'trise' could not be found in 'I0.R44.CM'. {"history": "MonteCarlo.1", "point": 128, "testname": "TRAN_VDD_MC", "cornername": "Nominal"}
[2026-05-27 11:52:37.195 Z] [WARN] [cadence.virtuoso.ade.simulationMonitor] -     WARNING (CMI-2943): Parameter checks have been ignored because the valid value for parameter 'trise' could not be found in 'I0.R44.CS1'. {"history": "MonteCarlo.1", "point": 128, "testname": "TRAN_VDD_MC", "cornername": "Nominal"}
[2026-05-27 11:52:37.196 Z] [WARN] [cadence.virtuoso.ade.simulationMonitor] -     WARNING (CMI-2943): Parameter checks have been ignored because the valid value for parameter 'trise' could not be found in 'I0.R44.CS0'. {"history": "MonteCarlo.1", "point": 128, "testname": "TRAN_VDD_MC", "cornername": "Nominal"}
[2026-05-27 11:52:37.196 Z] [WARN] [cadence.virtuoso.ade.simulationMonitor] -     WARNING (CMI-2943): Parameter checks have been ignored because the valid value for parameter 'trise' could not be found in 'I0.R23.CM'.
        Further occurrences of this warning will be suppressed. {"history": "MonteCarlo.1", "point": 128, "testname": "TRAN_VDD_MC", "cornername": "Nominal"}
[2026-05-27 11:52:37.697 Z] [INFO] [cadence.virtuoso.ade.simulationMonitor] - Total time required for tran analysis `tran': CPU = 1.03392 s, elapsed = 506.324 ms, util. = 204%. {"history": "MonteCarlo.1", "point": 128, "testname": "TRAN_VDD_MC", "cornername": "Nominal"}
[2026-05-27 11:52:37.697 Z] [INFO] [cadence.virtuoso.ade.simulationMonitor] - Peak resident memory used = 269 Mbytes. {"history": "MonteCarlo.1", "point": 128, "testname": "TRAN_VDD_MC", "cornername": "Nominal"}
[2026-05-27 11:52:37.697 Z] [INFO] [cadence.virtuoso.ade.simulationMonitor] - Notice from spectre during transient analysis `tran', during Monte Carlo analysis `mc1'.
    58 notices suppressed.
    137 warnings suppressed. {"history": "MonteCarlo.1", "point": 128, "testname": "TRAN_VDD_MC", "cornername": "Nominal"}
[2026-05-27 11:52:37.698 Z] [INFO] [cadence.virtuoso.ade.simulationMonitor] - Notice from spectre in `vert10':`I0.Q3(30)', in `fecg_bandgap3_layout':`I0', during Monte Carlo analysis `mc1'.
    I0.Q3(30).bjtinsub: `rbm' has the unusually small value of 967.459 mOhm.
    I0.Q3(30).bjtinsub: `minr' has the unusually small value of 10 fOhm. {"history": "MonteCarlo.1", "point": 128, "testname": "TRAN_VDD_MC", "cornername": "Nominal"}
[2026-05-27 11:52:37.698 Z] [INFO] [cadence.virtuoso.ade.simulationMonitor] - Notice from spectre in `vert10':`I0.Q3(29)', in `fecg_bandgap3_layout':`I0', during Monte Carlo analysis `mc1'.
    I0.Q3(29).bjtinsub: `rbm' has the unusually small value of 967.459 mOhm.
    I0.Q3(29).bjtinsub: `minr' has the unusually small value of 10 fOhm. {"history": "MonteCarlo.1", "point": 128, "testname": "TRAN_VDD_MC", "cornername": "Nominal"}
[2026-05-27 11:52:37.699 Z] [INFO] [cadence.virtuoso.ade.simulationMonitor] - Notice from spectre in `vert10':`I0.Q3(28)', in `fecg_bandgap3_layout':`I0', during Monte Carlo analysis `mc1'.
    I0.Q3(28).bjtinsub: `rbm' has the unusually small value of 967.459 mOhm.
        Further occurrences of this notice will be suppressed. {"history": "MonteCarlo.1", "point": 128, "testname": "TRAN_VDD_MC", "cornername": "Nominal"}
[2026-05-27 11:52:37.699 Z] [PROCESS] [cadence.virtuoso.ade.simulationMonitor] - Finished simulating for one iteration {"hostname": "il2244vt26_hrahimi", "processid": 313721, "history": "MonteCarlo.1", "testname": "TRAN_VDD_MC", "cornername": "Nominal", "point": 128, "logfile": "/home/hrahimi/projects/POTENTIOSTAT_26/logs_hrahimi/logs0/Job60.log", "simid": "1"}
[2026-05-27 11:52:37.699 Z] [PROCESS] [cadence.virtuoso.ade.simulationMonitor] - Started Simulation {"hostname": "il2244vt26_hrahimi", "processid": 313721, "history": "MonteCarlo.1", "testname": "TRAN_VDD_MC", "cornername": "Nominal", "point": 129, "logfile": "/home/hrahimi/projects/POTENTIOSTAT_26/logs_hrahimi/logs0/Job60.log", "event": "started", "task": "simulation"}
[2026-05-27 11:52:38.200 Z] [INFO] [cadence.virtuoso.ade.simulationMonitor] - Notice from spectre during IC analysis, during transient analysis `tran', during Monte Carlo analysis `mc1'.
    GminDC = 1 pS is large enough to noticeably affect the DC solution.
        dV(I0.208\:S) = -80.0206 uV
        Use the `gmin_check' option to eliminate or expand this report.
    Bad pivoting is found during DC analysis. Option dc_pivot_check=yes is recommended for possible improvement of convergence. {"history": "MonteCarlo.1", "point": 129, "testname": "TRAN_VDD_MC", "cornername": "Nominal"}
[2026-05-27 11:52:38.200 Z] [WARN] [cadence.virtuoso.ade.simulationMonitor] -     WARNING (CMI-2943): Parameter checks have been ignored because the valid value for parameter 'trise' could not be found in 'C0'. {"history": "MonteCarlo.1", "point": 129, "testname": "TRAN_VDD_MC", "cornername": "Nominal"}
[2026-05-27 11:52:38.201 Z] [WARN] [cadence.virtuoso.ade.simulationMonitor] -     WARNING (CMI-2943): Parameter checks have been ignored because the valid value for parameter 'trise' could not be found in 'I0.R44.CM'. {"history": "MonteCarlo.1", "point": 129, "testname": "TRAN_VDD_MC", "cornername": "Nominal"}
[2026-05-27 11:52:38.202 Z] [WARN] [cadence.virtuoso.ade.simulationMonitor] -     WARNING (CMI-2943): Parameter checks have been ignored because the valid value for parameter 'trise' could not be found in 'I0.R44.CS1'. {"history": "MonteCarlo.1", "point": 129, "testname": "TRAN_VDD_MC", "cornername": "Nominal"}
[2026-05-27 11:52:38.202 Z] [WARN] [cadence.virtuoso.ade.simulationMonitor] -     WARNING (CMI-2943): Parameter checks have been ignored because the valid value for parameter 'trise' could not be found in 'I0.R44.CS0'. {"history": "MonteCarlo.1", "point": 129, "testname": "TRAN_VDD_MC", "cornername": "Nominal"}
[2026-05-27 11:52:38.202 Z] [WARN] [cadence.virtuoso.ade.simulationMonitor] -     WARNING (CMI-2943): Parameter checks have been ignored because the valid value for parameter 'trise' could not be found in 'I0.R23.CM'.
        Further occurrences of this warning will be suppressed. {"history": "MonteCarlo.1", "point": 129, "testname": "TRAN_VDD_MC", "cornername": "Nominal"}
[2026-05-27 11:52:38.205 Z] [INFO] [cadence.virtuoso.ade.simulationMonitor] - Total time required for tran analysis `tran': CPU = 1.13884 s, elapsed = 647.163 ms, util. = 176%. {"history": "MonteCarlo.1", "point": 129, "testname": "TRAN_VDD_MC", "cornername": "Nominal"}
[2026-05-27 11:52:38.207 Z] [INFO] [cadence.virtuoso.ade.simulationMonitor] - Peak resident memory used = 269 Mbytes. {"history": "MonteCarlo.1", "point": 129, "testname": "TRAN_VDD_MC", "cornername": "Nominal"}
[2026-05-27 11:52:38.207 Z] [INFO] [cadence.virtuoso.ade.simulationMonitor] - Notice from spectre during transient analysis `tran', during Monte Carlo analysis `mc1'.
    121 notices suppressed.
    137 warnings suppressed. {"history": "MonteCarlo.1", "point": 129, "testname": "TRAN_VDD_MC", "cornername": "Nominal"}
[2026-05-27 11:52:38.708 Z] [INFO] [cadence.virtuoso.ade.simulationMonitor] - Notice from spectre in `vert10':`I0.Q3(30)', in `fecg_bandgap3_layout':`I0', during Monte Carlo analysis `mc1'.
    I0.Q3(30).bjtinsub: `minr' has the unusually small value of 10 fOhm. {"history": "MonteCarlo.1", "point": 129, "testname": "TRAN_VDD_MC", "cornername": "Nominal"}
[2026-05-27 11:52:38.709 Z] [INFO] [cadence.virtuoso.ade.simulationMonitor] - Notice from spectre in `vert10':`I0.Q3(29)', in `fecg_bandgap3_layout':`I0', during Monte Carlo analysis `mc1'.
    I0.Q3(29).bjtinsub: `minr' has the unusually small value of 10 fOhm. {"history": "MonteCarlo.1", "point": 129, "testname": "TRAN_VDD_MC", "cornername": "Nominal"}
[2026-05-27 11:52:38.709 Z] [INFO] [cadence.virtuoso.ade.simulationMonitor] - Notice from spectre in `vert10':`I0.Q3(28)', in `fecg_bandgap3_layout':`I0', during Monte Carlo analysis `mc1'.
    I0.Q3(28).bjtinsub: `minr' has the unusually small value of 10 fOhm. {"history": "MonteCarlo.1", "point": 129, "testname": "TRAN_VDD_MC", "cornername": "Nominal"}
[2026-05-27 11:52:38.709 Z] [INFO] [cadence.virtuoso.ade.simulationMonitor] - Notice from spectre in `vert10':`I0.Q3(27)', in `fecg_bandgap3_layout':`I0', during Monte Carlo analysis `mc1'.
    I0.Q3(27).bjtinsub: `minr' has the unusually small value of 10 fOhm. {"history": "MonteCarlo.1", "point": 129, "testname": "TRAN_VDD_MC", "cornername": "Nominal"}
[2026-05-27 11:52:38.709 Z] [INFO] [cadence.virtuoso.ade.simulationMonitor] - Notice from spectre in `vert10':`I0.Q3(26)', in `fecg_bandgap3_layout':`I0', during Monte Carlo analysis `mc1'.
    I0.Q3(26).bjtinsub: `minr' has the unusually small value of 10 fOhm.
        Further occurrences of this notice will be suppressed. {"history": "MonteCarlo.1", "point": 129, "testname": "TRAN_VDD_MC", "cornername": "Nominal"}
[2026-05-27 11:52:38.710 Z] [INFO] [cadence.virtuoso.ade.simulationMonitor] - Notice from spectre during IC analysis, during transient analysis `tran', during Monte Carlo analysis `mc1'.
    GminDC = 1 pS is large enough to noticeably affect the DC solution.
        dV(I0.221\:S) = 55.6609 uV
        Use the `gmin_check' option to eliminate or expand this report.
    Bad pivoting is found during DC analysis. Option dc_pivot_check=yes is recommended for possible improvement of convergence. {"history": "MonteCarlo.1", "point": 129, "testname": "TRAN_VDD_MC", "cornername": "Nominal"}
[2026-05-27 11:52:38.710 Z] [WARN] [cadence.virtuoso.ade.simulationMonitor] -     WARNING (CMI-2943): Parameter checks have been ignored because the valid value for parameter 'trise' could not be found in 'C0'. {"history": "MonteCarlo.1", "point": 129, "testname": "TRAN_VDD_MC", "cornername": "Nominal"}
[2026-05-27 11:52:38.710 Z] [WARN] [cadence.virtuoso.ade.simulationMonitor] -     WARNING (CMI-2943): Parameter checks have been ignored because the valid value for parameter 'trise' could not be found in 'I0.R44.CM'. {"history": "MonteCarlo.1", "point": 129, "testname": "TRAN_VDD_MC", "cornername": "Nominal"}
[2026-05-27 11:52:38.711 Z] [WARN] [cadence.virtuoso.ade.simulationMonitor] -     WARNING (CMI-2943): Parameter checks have been ignored because the valid value for parameter 'trise' could not be found in 'I0.R44.CS1'. {"history": "MonteCarlo.1", "point": 129, "testname": "TRAN_VDD_MC", "cornername": "Nominal"}
[2026-05-27 11:52:38.711 Z] [WARN] [cadence.virtuoso.ade.simulationMonitor] -     WARNING (CMI-2943): Parameter checks have been ignored because the valid value for parameter 'trise' could not be found in 'I0.R44.CS0'. {"history": "MonteCarlo.1", "point": 129, "testname": "TRAN_VDD_MC", "cornername": "Nominal"}
[2026-05-27 11:52:38.711 Z] [WARN] [cadence.virtuoso.ade.simulationMonitor] -     WARNING (CMI-2943): Parameter checks have been ignored because the valid value for parameter 'trise' could not be found in 'I0.R23.CM'.
        Further occurrences of this warning will be suppressed. {"history": "MonteCarlo.1", "point": 129, "testname": "TRAN_VDD_MC", "cornername": "Nominal"}
[2026-05-27 11:52:38.712 Z] [PROCESS] [cadence.virtuoso.ade.simulationMonitor] - Finished simulating for one iteration {"hostname": "il2244vt26_hrahimi", "processid": 313721, "history": "MonteCarlo.1", "testname": "TRAN_VDD_MC", "cornername": "Nominal", "point": 129, "logfile": "/home/hrahimi/projects/POTENTIOSTAT_26/logs_hrahimi/logs0/Job60.log", "simid": "1"}
[2026-05-27 11:52:38.712 Z] [PROCESS] [cadence.virtuoso.ade.simulationMonitor] - Started Simulation {"hostname": "il2244vt26_hrahimi", "processid": 313721, "history": "MonteCarlo.1", "testname": "TRAN_VDD_MC", "cornername": "Nominal", "point": 130, "logfile": "/home/hrahimi/projects/POTENTIOSTAT_26/logs_hrahimi/logs0/Job60.log", "event": "started", "task": "simulation"}
[2026-05-27 11:52:39.213 Z] [INFO] [cadence.virtuoso.ade.simulationMonitor] - Total time required for tran analysis `tran': CPU = 1.15827 s, elapsed = 615.972 ms, util. = 188%. {"history": "MonteCarlo.1", "point": 130, "testname": "TRAN_VDD_MC", "cornername": "Nominal"}
[2026-05-27 11:52:39.213 Z] [INFO] [cadence.virtuoso.ade.simulationMonitor] - Peak resident memory used = 269 Mbytes. {"history": "MonteCarlo.1", "point": 130, "testname": "TRAN_VDD_MC", "cornername": "Nominal"}
[2026-05-27 11:52:39.213 Z] [INFO] [cadence.virtuoso.ade.simulationMonitor] - Notice from spectre during transient analysis `tran', during Monte Carlo analysis `mc1'.
    58 notices suppressed.
    137 warnings suppressed. {"history": "MonteCarlo.1", "point": 130, "testname": "TRAN_VDD_MC", "cornername": "Nominal"}
[2026-05-27 11:52:39.214 Z] [INFO] [cadence.virtuoso.ade.simulationMonitor] - Total time required for montecarlo analysis `mc1': CPU = 16.5863 s, elapsed = 10.5539 s, util. = 157%. {"history": "MonteCarlo.1", "point": 130, "testname": "TRAN_VDD_MC", "cornername": "Nominal"}
[2026-05-27 11:52:39.214 Z] [INFO] [cadence.virtuoso.ade.simulationMonitor] - Peak resident memory used = 269 Mbytes. {"history": "MonteCarlo.1", "point": 130, "testname": "TRAN_VDD_MC", "cornername": "Nominal"}
[2026-05-27 11:52:39.214 Z] [INFO] [cadence.virtuoso.ade.simulationMonitor] - Time used: CPU = 18.3 s, elapsed = 13.3 s, util. = 138%. {"history": "MonteCarlo.1", "point": 130, "testname": "TRAN_VDD_MC", "cornername": "Nominal"}
[2026-05-27 11:52:39.214 Z] [INFO] [cadence.virtuoso.ade.simulationMonitor] - Time spent in licensing: elapsed = 136 ms. {"history": "MonteCarlo.1", "point": 130, "testname": "TRAN_VDD_MC", "cornername": "Nominal"}
[2026-05-27 11:52:39.216 Z] [INFO] [cadence.virtuoso.ade.simulationMonitor] - Peak memory used = 269 Mbytes. {"history": "MonteCarlo.1", "point": 130, "testname": "TRAN_VDD_MC", "cornername": "Nominal"}
[2026-05-27 11:52:39.218 Z] [PROCESS] [cadence.virtuoso.ade.simulationMonitor] - Simulation started at: 11:52:25 AM, Wed May 27, 2026, ended at: 11:52:39 AM, Wed May 27, 2026, with elapsed time (wall clock): 13.3 s. {"history": "MonteCarlo.1", "point": 118, "testname": "TRAN_VDD_MC", "cornername": "Nominal", "Points": "118 119 120 121 122 123 124 125 126 127 128 129 130 "}
[2026-05-27 11:52:39.218 Z] [PROCESS] [cadence.virtuoso.ade.simulationMonitor] - spectre completes with 0 errors, 98 warnings, and 129 notices. {"history": "MonteCarlo.1", "point": 118, "testname": "TRAN_VDD_MC", "cornername": "Nominal", "Points": "118 119 120 121 122 123 124 125 126 127 128 129 130 "}
[2026-05-27 11:52:39.219 Z] [PROCESS] [cadence.virtuoso.ade.simulationMonitor] - Finished simulating for one iteration {"hostname": "il2244vt26_hrahimi", "processid": 313721, "history": "MonteCarlo.1", "testname": "TRAN_VDD_MC", "cornername": "Nominal", "point": 130, "logfile": "/home/hrahimi/projects/POTENTIOSTAT_26/logs_hrahimi/logs0/Job60.log", "simid": "1"}
[2026-05-27 11:52:39.720 Z] [PROCESS] [cadence.virtuoso.ade.simulationMonitor] - Simulator exited {"hostname": "il2244vt26_hrahimi", "processid": 313721, "history": "MonteCarlo.1", "testname": "TRAN_VDD_MC", "cornername": "Nominal", "point": 130, "logfile": "/home/hrahimi/projects/POTENTIOSTAT_26/logs_hrahimi/logs0/Job60.log", "exitStatus": "0"}
[2026-05-27 11:52:39.721 Z] [PROCESS] [cadence.virtuoso.ade.simulationMonitor] - Finished Simulation {"hostname": "il2244vt26_hrahimi", "processid": 313721, "history": "MonteCarlo.1", "testname": "TRAN_VDD_MC", "cornername": "Nominal", "point": 118, "logfile": "/home/hrahimi/projects/POTENTIOSTAT_26/logs_hrahimi/logs0/Job60.log", "simid": "1"}
[2026-05-27 11:52:55.759 Z] [PROCESS] [cadence.virtuoso.ade.simulationMonitor] - Point Finished {"hostname": "il2244vt26_hrahimi", "processid": 313721, "history": "MonteCarlo.1", "testname": "TRAN_VDD_MC", "cornername": "Nominal", "point": 118, "logfile": "/home/hrahimi/projects/POTENTIOSTAT_26/logs_hrahimi/logs0/Job60.log"}
[2026-05-27 11:52:56.763 Z] [PROCESS] [cadence.virtuoso.ade.simulationMonitor] - Stay with the runId '6', Linger time '300', currentRunSyn '13', currentTestSyn '14' {"hostname": "il2244vt26_hrahimi", "processid": 313721, "history": "MonteCarlo.1", "testname": "TRAN_VDD_MC", "cornername": "Nominal", "point": 118, "logfile": "/home/hrahimi/projects/POTENTIOSTAT_26/logs_hrahimi/logs0/Job60.log"}
[2026-05-27 11:52:57.764 Z] [PROCESS] [cadence.virtuoso.ade.simulationMonitor] - Stay with the runId '6', Linger time '300', currentRunSyn '13', currentTestSyn '14' {"hostname": "il2244vt26_hrahimi", "processid": 313721, "history": "MonteCarlo.1", "testname": "TRAN_VDD_MC", "cornername": "Nominal", "point": 118, "logfile": "/home/hrahimi/projects/POTENTIOSTAT_26/logs_hrahimi/logs0/Job60.log"}
[2026-05-27 11:52:58.765 Z] [PROCESS] [cadence.virtuoso.ade.simulationMonitor] - Stay with the runId '6', Linger time '300', currentRunSyn '13', currentTestSyn '14' {"hostname": "il2244vt26_hrahimi", "processid": 313721, "history": "MonteCarlo.1", "testname": "TRAN_VDD_MC", "cornername": "Nominal", "point": 118, "logfile": "/home/hrahimi/projects/POTENTIOSTAT_26/logs_hrahimi/logs0/Job60.log"}
[2026-05-27 11:52:59.765 Z] [PROCESS] [cadence.virtuoso.ade.simulationMonitor] - Stay with the runId '6', Linger time '300', currentRunSyn '13', currentTestSyn '14' {"hostname": "il2244vt26_hrahimi", "processid": 313721, "history": "MonteCarlo.1", "testname": "TRAN_VDD_MC", "cornername": "Nominal", "point": 118, "logfile": "/home/hrahimi/projects/POTENTIOSTAT_26/logs_hrahimi/logs0/Job60.log"}
[2026-05-27 11:53:00.766 Z] [PROCESS] [cadence.virtuoso.ade.simulationMonitor] - Stay with the runId '6', Linger time '300', currentRunSyn '13', currentTestSyn '14' {"hostname": "il2244vt26_hrahimi", "processid": 313721, "history": "MonteCarlo.1", "testname": "TRAN_VDD_MC", "cornername": "Nominal", "point": 118, "logfile": "/home/hrahimi/projects/POTENTIOSTAT_26/logs_hrahimi/logs0/Job60.log"}
[2026-05-27 11:53:01.766 Z] [PROCESS] [cadence.virtuoso.ade.simulationMonitor] - Stay with the runId '6', Linger time '300', currentRunSyn '13', currentTestSyn '14' {"hostname": "il2244vt26_hrahimi", "processid": 313721, "history": "MonteCarlo.1", "testname": "TRAN_VDD_MC", "cornername": "Nominal", "point": 118, "logfile": "/home/hrahimi/projects/POTENTIOSTAT_26/logs_hrahimi/logs0/Job60.log"}
[2026-05-27 11:53:02.766 Z] [PROCESS] [cadence.virtuoso.ade.simulationMonitor] - Stay with the runId '6', Linger time '300', currentRunSyn '13', currentTestSyn '14' {"hostname": "il2244vt26_hrahimi", "processid": 313721, "history": "MonteCarlo.1", "testname": "TRAN_VDD_MC", "cornername": "Nominal", "point": 118, "logfile": "/home/hrahimi/projects/POTENTIOSTAT_26/logs_hrahimi/logs0/Job60.log"}
[2026-05-27 11:53:03.767 Z] [PROCESS] [cadence.virtuoso.ade.simulationMonitor] - Stay with the runId '6', Linger time '300', currentRunSyn '13', currentTestSyn '14' {"hostname": "il2244vt26_hrahimi", "processid": 313721, "history": "MonteCarlo.1", "testname": "TRAN_VDD_MC", "cornername": "Nominal", "point": 118, "logfile": "/home/hrahimi/projects/POTENTIOSTAT_26/logs_hrahimi/logs0/Job60.log"}
[2026-05-27 11:53:04.768 Z] [PROCESS] [cadence.virtuoso.ade.simulationMonitor] - Stay with the runId '6', Linger time '300', currentRunSyn '13', currentTestSyn '14' {"hostname": "il2244vt26_hrahimi", "processid": 313721, "history": "MonteCarlo.1", "testname": "TRAN_VDD_MC", "cornername": "Nominal", "point": 118, "logfile": "/home/hrahimi/projects/POTENTIOSTAT_26/logs_hrahimi/logs0/Job60.log"}
[2026-05-27 11:53:05.769 Z] [PROCESS] [cadence.virtuoso.ade.simulationMonitor] - Stay with the runId '6', Linger time '300', currentRunSyn '13', currentTestSyn '14' {"hostname": "il2244vt26_hrahimi", "processid": 313721, "history": "MonteCarlo.1", "testname": "TRAN_VDD_MC", "cornername": "Nominal", "point": 118, "logfile": "/home/hrahimi/projects/POTENTIOSTAT_26/logs_hrahimi/logs0/Job60.log"}
[2026-05-27 11:53:06.769 Z] [PROCESS] [cadence.virtuoso.ade.simulationMonitor] - Stay with the runId '6', Linger time '300', currentRunSyn '13', currentTestSyn '14' {"hostname": "il2244vt26_hrahimi", "processid": 313721, "history": "MonteCarlo.1", "testname": "TRAN_VDD_MC", "cornername": "Nominal", "point": 118, "logfile": "/home/hrahimi/projects/POTENTIOSTAT_26/logs_hrahimi/logs0/Job60.log"}
[2026-05-27 11:57:58.115 Z] [PROCESS] [cadence.virtuoso.ade.simulationMonitor] - Current memory used: 53.4141 MBytes, peak memory used: 53.4141 MBytes {"hostname": "il2244vt26_hrahimi", "processid": 313721, "history": "MonteCarlo.1", "testname": "TRAN_VDD_MC", "cornername": "Nominal", "point": 118, "logfile": "/home/hrahimi/projects/POTENTIOSTAT_26/logs_hrahimi/logs0/Job60.log"}
[2026-05-27 11:57:58.116 Z] [PROCESS] [cadence.virtuoso.ade.simulationMonitor] - Simulation Monitor process exit. {"hostname": "il2244vt26_hrahimi", "processid": 313721, "history": "MonteCarlo.1", "testname": "TRAN_VDD_MC", "cornername": "Nominal", "point": 118, "logfile": "/home/hrahimi/projects/POTENTIOSTAT_26/logs_hrahimi/logs0/Job60.log"}
