[Simulation Monitor: 67]
[2026-05-27 12:00:55.539 Z] [PROCESS] [cadence.virtuoso.ade.simulationMonitor] - Simulation Monitor has successfully started up. Trying to set up communication channels to other components ... {"hostname": "il2244vt26_hrahimi", "processid": 320533, "logfile": "/home/hrahimi/projects/POTENTIOSTAT_26/logs_hrahimi/logs0/Job67.log"}
[2026-05-27 12:00:55.541 Z] [PROCESS] [cadence.virtuoso.ade.simulationMonitor] - Communication channels have been successfully set up. Start processing events ... {"hostname": "il2244vt26_hrahimi", "processid": 320533, "logfile": "/home/hrahimi/projects/POTENTIOSTAT_26/logs_hrahimi/logs0/Job67.log"}
[2026-05-27 12:00:55.541 Z] [PROCESS] [cadence.virtuoso.ade.simulationMonitor] - Considering to start history {"hostname": "il2244vt26_hrahimi", "processid": 320533, "history": "Interactive.37", "logfile": "/home/hrahimi/projects/POTENTIOSTAT_26/logs_hrahimi/logs0/Job67.log"}
[2026-05-27 12:00:55.545 Z] [PROCESS] [cadence.virtuoso.ade.simulationMonitor] - Started History {"hostname": "il2244vt26_hrahimi", "processid": 320533, "history": "Interactive.42", "logfile": "/home/hrahimi/projects/POTENTIOSTAT_26/logs_hrahimi/logs0/Job67.log"}
[2026-05-27 12:00:55.546 Z] [PROCESS] [cadence.virtuoso.ade.simulationMonitor] - HostInfo:
Host name (type):	il2244vt26_hrahimi (x86_64)
Operating system:	Linux 5.15.0-164-generic #174-Ubuntu SMP Fri Nov 14 20:25:16 UTC 2025 {"hostname": "il2244vt26_hrahimi", "processid": 320533, "history": "Interactive.42", "logfile": "/home/hrahimi/projects/POTENTIOSTAT_26/logs_hrahimi/logs0/Job67.log", "nodename": "il2244vt26_hrahimi", "domainname": "(none)", "machine": "x86_64", "sysname": "Linux", "release": "5.15.0-164-generic", "version": "#174-Ubuntu SMP Fri Nov 14 20:25:16 UTC 2025"}
[2026-05-27 12:00:55.546 Z] [PROCESS] [cadence.virtuoso.ade.simulationMonitor] - UsageInfo:
pid=320533
totalPhysicalMemory=3023.749672GB,Used=1938.583935GB,totalVirtualMemory=3031.749668GB,Used=1938.611279GB
Cpu: Cores=48, Load average:36.390000,36.440000,35.660000 {"hostname": "il2244vt26_hrahimi", "processid": 320533, "history": "Interactive.42", "logfile": "/home/hrahimi/projects/POTENTIOSTAT_26/logs_hrahimi/logs0/Job67.log", "pid": "320533", "totalPhysicalMemory": "3023.749672", "physicalMemoryUsed": "1938.583935", "totalVirtualMemory": "3031.749668", "virtualMemoryUsed": "1938.611279", "cpuCores": "48", "processes": "29522", "loadAverage1": "36.390000", "loadAverage5": "36.440000", "loadAverage15": "35.660000", "loadAverage1Percent": "0.758125"}
[2026-05-27 12:00:55.548 Z] [EVENT] [cadence.virtuoso.ade.simulationMonitor] - NewPoint {"history": "Interactive.42", "point": 1, "testname": "DC_TEMP", "cornername": "Nominal", "event": "NewPoint", "EventSource": "Simulation Monitor", "HistoryName": "Interactive.42", "logFile": "/home/hrahimi/projects/POTENTIOSTAT_26/logs_hrahimi/logs0/Job67.log", "logFileSize": "2542"}
[2026-05-27 12:00:55.650 Z] [EVENT] [cadence.virtuoso.ade.simulationMonitor] - NewPoint {"history": "Interactive.42", "point": 1, "testname": "DC_TEMP", "cornername": "Nominal", "event": "NewPoint", "EventSource": "spectre", "HistoryName": "Interactive.42", "logFile": "/home/hrahimi/projects/POTENTIOSTAT_26/Sim/FBIAS/fecg_bandgap_tb/maestro/results/maestro/Interactive.42/1/DC_TEMP/psf/spectre.out", "logFileSize": "-1"}
[2026-05-27 12:00:55.664 Z] [PROCESS] [cadence.virtuoso.ade.simulationMonitor] - Simulator launched {"hostname": "il2244vt26_hrahimi", "processid": 320533, "history": "Interactive.42", "testname": "DC_TEMP", "cornername": "Nominal", "point": 1, "logfile": "/home/hrahimi/projects/POTENTIOSTAT_26/logs_hrahimi/logs0/Job67.log", "simid": "1"}
[2026-05-27 12:00:55.667 Z] [PROCESS] [cadence.virtuoso.ade.simulationMonitor] - Expression evaluator launched {"hostname": "il2244vt26_hrahimi", "processid": 320533, "history": "Interactive.42", "testname": "DC_TEMP", "cornername": "Nominal", "point": 1, "logfile": "/home/hrahimi/projects/POTENTIOSTAT_26/logs_hrahimi/logs0/Job67.log"}
[2026-05-27 12:00:55.750 Z] [PROCESS] [cadence.virtuoso.ade.simulationMonitor] - Started Simulation {"hostname": "il2244vt26_hrahimi", "processid": 320533, "history": "Interactive.42", "testname": "DC_TEMP", "cornername": "Nominal", "point": 1, "logfile": "/home/hrahimi/projects/POTENTIOSTAT_26/logs_hrahimi/logs0/Job67.log", "event": "started", "task": "simulation"}
[2026-05-27 12:00:56.751 Z] [WARN] [cadence.virtuoso.ade.simulationMonitor] -     WARNING (SPECTRE-691): This CPU processor does not support x86 advanced vector extensions instructions. This may affect math operations and slow down the simulation. {"history": "Interactive.42", "point": 1, "testname": "DC_TEMP", "cornername": "Nominal"}
[2026-05-27 12:00:56.751 Z] [INFO] [cadence.virtuoso.ade.simulationMonitor] - Notice from spectre during circuit read-in.
    Pre_Configuration file used: /opt/tools/cadence/installs/SPECTRE241/tools.lnx86/spectre/etc/configs/preset.precfg
    Configuration file used: `/opt/tools/cadence/installs/SPECTRE241/tools.lnx86/spectre/etc/configs/preset.cfg'. {"history": "Interactive.42", "point": 1, "testname": "DC_TEMP", "cornername": "Nominal"}
[2026-05-27 12:00:56.751 Z] [WARN] [cadence.virtuoso.ade.simulationMonitor] -     WARNING (SPECTRE-8360): line 1511: `ac' is an undefined primitive device. {"history": "Interactive.42", "point": 1, "testname": "DC_TEMP", "cornername": "Nominal"}
[2026-05-27 12:00:56.752 Z] [WARN] [cadence.virtuoso.ade.simulationMonitor] -     WARNING (SPECTRE-8360): line 1512: `ac' is an undefined primitive device. {"history": "Interactive.42", "point": 1, "testname": "DC_TEMP", "cornername": "Nominal"}
[2026-05-27 12:00:56.752 Z] [WARN] [cadence.virtuoso.ade.simulationMonitor] -     WARNING (SPECTRE-8360): line 1513: `ac' is an undefined primitive device. {"history": "Interactive.42", "point": 1, "testname": "DC_TEMP", "cornername": "Nominal"}
[2026-05-27 12:00:56.752 Z] [WARN] [cadence.virtuoso.ade.simulationMonitor] -     WARNING (SPECTRE-8360): line 1514: `ac' is an undefined primitive device. {"history": "Interactive.42", "point": 1, "testname": "DC_TEMP", "cornername": "Nominal"}
[2026-05-27 12:00:56.752 Z] [WARN] [cadence.virtuoso.ade.simulationMonitor] -     WARNING (SPECTRE-8360): line 1515: `ac' is an undefined primitive device.
        Further occurrences of this warning will be suppressed. {"history": "Interactive.42", "point": 1, "testname": "DC_TEMP", "cornername": "Nominal"}
[2026-05-27 12:00:56.752 Z] [INFO] [cadence.virtuoso.ade.simulationMonitor] - Peak resident memory used = 179 Mbytes. {"history": "Interactive.42", "point": 1, "testname": "DC_TEMP", "cornername": "Nominal"}
[2026-05-27 12:00:56.752 Z] [WARN] [cadence.virtuoso.ade.simulationMonitor] -     WARNING (SFE-2649): Terminals of top-level instance `R50', in file`input.scs', at line 343, are connected. Remove the instance and rerun the simulation. {"history": "Interactive.42", "point": 1, "testname": "DC_TEMP", "cornername": "Nominal"}
[2026-05-27 12:00:56.753 Z] [WARN] [cadence.virtuoso.ade.simulationMonitor] -     WARNING (SFE-2649): Terminals of top-level instance `R48', in file`input.scs', at line 385, are connected. Remove the instance and rerun the simulation. {"history": "Interactive.42", "point": 1, "testname": "DC_TEMP", "cornername": "Nominal"}
[2026-05-27 12:00:56.753 Z] [WARN] [cadence.virtuoso.ade.simulationMonitor] -     WARNING (VACOMP-2435): The environment variable CDS_AHDLCMI_ENABLE is no longer supported. Therefore, the simulator will use the default compiled C code flow. {"history": "Interactive.42", "point": 1, "testname": "DC_TEMP", "cornername": "Nominal"}
[2026-05-27 12:00:57.253 Z] [WARN] [cadence.virtuoso.ade.simulationMonitor] -     WARNING (SFE-3014): The floating device I0.Q3<0>_turbo_m31 is removed. {"history": "Interactive.42", "point": 1, "testname": "DC_TEMP", "cornername": "Nominal"}
[2026-05-27 12:00:57.254 Z] [WARN] [cadence.virtuoso.ade.simulationMonitor] -     WARNING (SFE-3012): The dummy device I0.MP9<0>_turbo_m4 is removed. {"history": "Interactive.42", "point": 1, "testname": "DC_TEMP", "cornername": "Nominal"}
[2026-05-27 12:00:57.254 Z] [WARN] [cadence.virtuoso.ade.simulationMonitor] -     WARNING (SFE-3012): The dummy device I0.MP12<0>_turbo_m34 is removed. {"history": "Interactive.42", "point": 1, "testname": "DC_TEMP", "cornername": "Nominal"}
[2026-05-27 12:00:57.254 Z] [WARN] [cadence.virtuoso.ade.simulationMonitor] -     WARNING (SFE-3012): The dummy device I0.MP10<0>_turbo_m4 is removed. {"history": "Interactive.42", "point": 1, "testname": "DC_TEMP", "cornername": "Nominal"}
[2026-05-27 12:00:57.254 Z] [INFO] [cadence.virtuoso.ade.simulationMonitor] - Peak resident memory used = 195 Mbytes. {"history": "Interactive.42", "point": 1, "testname": "DC_TEMP", "cornername": "Nominal"}
[2026-05-27 12:00:57.255 Z] [INFO] [cadence.virtuoso.ade.simulationMonitor] - Notice from spectre during hierarchy flattening.
    The value 'psf' specified for the 'checklimitdest' option will no longer be supported in future releases. Use 'spectre -h' to see other recommended values for the 'checklimitdest' option.
    I0.Q0.bjtinsub: `minr' has the unusually small value of 10 fOhm. {"history": "Interactive.42", "point": 1, "testname": "DC_TEMP", "cornername": "Nominal"}
[2026-05-27 12:00:57.255 Z] [INFO] [cadence.virtuoso.ade.simulationMonitor] - Peak resident memory used = 198 Mbytes. {"history": "Interactive.42", "point": 1, "testname": "DC_TEMP", "cornername": "Nominal"}
[2026-05-27 12:00:57.255 Z] [WARN] [cadence.virtuoso.ade.simulationMonitor] -     WARNING (SPECTRE-17607): Assert `SOAC_vert10_vsubpsub' is ignored because it contains an expression which is invalid or not supported by native evaluator.  {"history": "Interactive.42", "point": 1, "testname": "DC_TEMP", "cornername": "Nominal"}
[2026-05-27 12:00:57.255 Z] [WARN] [cadence.virtuoso.ade.simulationMonitor] -     WARNING (SPECTRE-17607): Assert `SOAC_vert10_vcsub' is ignored because it contains an expression which is invalid or not supported by native evaluator.  {"history": "Interactive.42", "point": 1, "testname": "DC_TEMP", "cornername": "Nominal"}
[2026-05-27 12:00:57.255 Z] [WARN] [cadence.virtuoso.ade.simulationMonitor] -     WARNING (SPECTRE-17607): Assert `SOAC_rpolyh_vminuspsub' is ignored because it contains an expression which is invalid or not supported by native evaluator.  {"history": "Interactive.42", "point": 1, "testname": "DC_TEMP", "cornername": "Nominal"}
[2026-05-27 12:00:57.255 Z] [WARN] [cadence.virtuoso.ade.simulationMonitor] -     WARNING (SPECTRE-17607): Assert `SOAC_rpolyh_vpluspsub' is ignored because it contains an expression which is invalid or not supported by native evaluator.  {"history": "Interactive.42", "point": 1, "testname": "DC_TEMP", "cornername": "Nominal"}
[2026-05-27 12:00:57.256 Z] [WARN] [cadence.virtuoso.ade.simulationMonitor] -     WARNING (SPECTRE-16460): SOAC_cvarm_vspsub:Specified subcircuit master `cvarm' was not found. {"history": "Interactive.42", "point": 1, "testname": "DC_TEMP", "cornername": "Nominal"}
[2026-05-27 12:00:57.256 Z] [WARN] [cadence.virtuoso.ade.simulationMonitor] -     WARNING (SPECTRE-16462): SOAC_cvarm_vspsub:Error in specification of subcircuit master. Assert is ignored. {"history": "Interactive.42", "point": 1, "testname": "DC_TEMP", "cornername": "Nominal"}
[2026-05-27 12:00:57.256 Z] [WARN] [cadence.virtuoso.ade.simulationMonitor] -     WARNING (SPECTRE-16460): SOAC_cvarm_vbs:Specified subcircuit master `cvarm' was not found. {"history": "Interactive.42", "point": 1, "testname": "DC_TEMP", "cornername": "Nominal"}
[2026-05-27 12:00:57.256 Z] [WARN] [cadence.virtuoso.ade.simulationMonitor] -     WARNING (SPECTRE-16462): SOAC_cvarm_vbs:Error in specification of subcircuit master. Assert is ignored. {"history": "Interactive.42", "point": 1, "testname": "DC_TEMP", "cornername": "Nominal"}
[2026-05-27 12:00:57.256 Z] [WARN] [cadence.virtuoso.ade.simulationMonitor] -     WARNING (SPECTRE-16460): SOAC_cvarm_vgb:Specified subcircuit master `cvarm' was not found. {"history": "Interactive.42", "point": 1, "testname": "DC_TEMP", "cornername": "Nominal"}
[2026-05-27 12:00:57.257 Z] [WARN] [cadence.virtuoso.ade.simulationMonitor] -     WARNING (SPECTRE-16462): SOAC_cvarm_vgb:Error in specification of subcircuit master. Assert is ignored. {"history": "Interactive.42", "point": 1, "testname": "DC_TEMP", "cornername": "Nominal"}
[2026-05-27 12:00:57.257 Z] [WARN] [cadence.virtuoso.ade.simulationMonitor] -     WARNING (SPECTRE-16460): SOAC_cvart_vspsub:Specified subcircuit master `cvart' was not found. {"history": "Interactive.42", "point": 1, "testname": "DC_TEMP", "cornername": "Nominal"}
[2026-05-27 12:00:57.257 Z] [WARN] [cadence.virtuoso.ade.simulationMonitor] -     WARNING (SPECTRE-16462): SOAC_cvart_vspsub:Error in specification of subcircuit master. Assert is ignored. {"history": "Interactive.42", "point": 1, "testname": "DC_TEMP", "cornername": "Nominal"}
[2026-05-27 12:00:57.257 Z] [WARN] [cadence.virtuoso.ade.simulationMonitor] -     WARNING (SPECTRE-16460): SOAC_cvart_vbs:Specified subcircuit master `cvart' was not found.
        Further occurrences of this warning will be suppressed. {"history": "Interactive.42", "point": 1, "testname": "DC_TEMP", "cornername": "Nominal"}
[2026-05-27 12:00:57.257 Z] [WARN] [cadence.virtuoso.ade.simulationMonitor] -     WARNING (SPECTRE-16462): SOAC_cvart_vbs:Error in specification of subcircuit master. Assert is ignored.
        Further occurrences of this warning will be suppressed. {"history": "Interactive.42", "point": 1, "testname": "DC_TEMP", "cornername": "Nominal"}
[2026-05-27 12:00:57.257 Z] [WARN] [cadence.virtuoso.ade.simulationMonitor] -     WARNING (SPECTRE-17607): Assert `SOAC_cpoly_vminuspsub' is ignored because it contains an expression which is invalid or not supported by native evaluator. 
        Further occurrences of this warning will be suppressed. {"history": "Interactive.42", "point": 1, "testname": "DC_TEMP", "cornername": "Nominal"}
[2026-05-27 12:00:57.758 Z] [INFO] [cadence.virtuoso.ade.simulationMonitor] - Notice from spectre during initial setup.
    Multithreading is disabled due to the size of the design being too small. {"history": "Interactive.42", "point": 1, "testname": "DC_TEMP", "cornername": "Nominal"}
[2026-05-27 12:00:57.761 Z] [INFO] [cadence.virtuoso.ade.simulationMonitor] -               nodes 101 {"history": "Interactive.42", "point": 1, "testname": "DC_TEMP", "cornername": "Nominal"}
[2026-05-27 12:00:57.762 Z] [INFO] [cadence.virtuoso.ade.simulationMonitor] - Notice from spectre during initial setup.
    Spectre X preset=mx enabled.
    75 warnings suppressed. {"history": "Interactive.42", "point": 1, "testname": "DC_TEMP", "cornername": "Nominal"}
[2026-05-27 12:00:57.762 Z] [INFO] [cadence.virtuoso.ade.simulationMonitor] - Peak resident memory used = 203 Mbytes. {"history": "Interactive.42", "point": 1, "testname": "DC_TEMP", "cornername": "Nominal"}
[2026-05-27 12:00:57.762 Z] [INFO] [cadence.virtuoso.ade.simulationMonitor] -    -   (Spectre X) Multi-threading. The recommended number of threads is 1, consider adding +mt=1 on command line. {"history": "Interactive.42", "point": 1, "testname": "DC_TEMP", "cornername": "Nominal"}
[2026-05-27 12:00:57.762 Z] [INFO] [cadence.virtuoso.ade.simulationMonitor] - Notice from spectre during DC analysis `dcOp'.
    No checklimit analysis defined for asserts. A default checklimit analysis 'SpectreChecklimitAnal' has been created with all asserts enabled. {"history": "Interactive.42", "point": 1, "testname": "DC_TEMP", "cornername": "Nominal"}
[2026-05-27 12:00:57.763 Z] [WARN] [cadence.virtuoso.ade.simulationMonitor] -     WARNING (CMI-2943): Parameter checks have been ignored because the valid value for parameter 'trise' could not be found in 'C0'. {"history": "Interactive.42", "point": 1, "testname": "DC_TEMP", "cornername": "Nominal"}
[2026-05-27 12:00:57.763 Z] [WARN] [cadence.virtuoso.ade.simulationMonitor] -     WARNING (CMI-2943): Parameter checks have been ignored because the valid value for parameter 'trise' could not be found in 'I0.R28.CM'. {"history": "Interactive.42", "point": 1, "testname": "DC_TEMP", "cornername": "Nominal"}
[2026-05-27 12:00:57.763 Z] [WARN] [cadence.virtuoso.ade.simulationMonitor] -     WARNING (CMI-2943): Parameter checks have been ignored because the valid value for parameter 'trise' could not be found in 'I0.R28.CS1'. {"history": "Interactive.42", "point": 1, "testname": "DC_TEMP", "cornername": "Nominal"}
[2026-05-27 12:00:57.763 Z] [WARN] [cadence.virtuoso.ade.simulationMonitor] -     WARNING (CMI-2943): Parameter checks have been ignored because the valid value for parameter 'trise' could not be found in 'I0.R28.CS0'. {"history": "Interactive.42", "point": 1, "testname": "DC_TEMP", "cornername": "Nominal"}
[2026-05-27 12:00:57.763 Z] [WARN] [cadence.virtuoso.ade.simulationMonitor] -     WARNING (CMI-2943): Parameter checks have been ignored because the valid value for parameter 'trise' could not be found in 'I0.R7.CM'.
        Further occurrences of this warning will be suppressed. {"history": "Interactive.42", "point": 1, "testname": "DC_TEMP", "cornername": "Nominal"}
[2026-05-27 12:00:57.764 Z] [INFO] [cadence.virtuoso.ade.simulationMonitor] - Total time required for dc analysis `dcOp': CPU = 86.421 ms, elapsed = 99.936 ms, util. = 86.5%. {"history": "Interactive.42", "point": 1, "testname": "DC_TEMP", "cornername": "Nominal"}
[2026-05-27 12:00:57.764 Z] [INFO] [cadence.virtuoso.ade.simulationMonitor] - Peak resident memory used = 212 Mbytes. {"history": "Interactive.42", "point": 1, "testname": "DC_TEMP", "cornername": "Nominal"}
[2026-05-27 12:00:57.764 Z] [INFO] [cadence.virtuoso.ade.simulationMonitor] - Notice from spectre.
    127 warnings suppressed. {"history": "Interactive.42", "point": 1, "testname": "DC_TEMP", "cornername": "Nominal"}
[2026-05-27 12:00:58.765 Z] [WARN] [cadence.virtuoso.ade.simulationMonitor] -     WARNING (CMI-2943): Parameter checks have been ignored because the valid value for parameter 'trise' could not be found in 'C0'. {"history": "Interactive.42", "point": 1, "testname": "DC_TEMP", "cornername": "Nominal"}
[2026-05-27 12:00:58.765 Z] [WARN] [cadence.virtuoso.ade.simulationMonitor] -     WARNING (CMI-2943): Parameter checks have been ignored because the valid value for parameter 'trise' could not be found in 'I0.R28.CM'. {"history": "Interactive.42", "point": 1, "testname": "DC_TEMP", "cornername": "Nominal"}
[2026-05-27 12:00:58.765 Z] [WARN] [cadence.virtuoso.ade.simulationMonitor] -     WARNING (CMI-2943): Parameter checks have been ignored because the valid value for parameter 'trise' could not be found in 'I0.R28.CS1'. {"history": "Interactive.42", "point": 1, "testname": "DC_TEMP", "cornername": "Nominal"}
[2026-05-27 12:00:58.766 Z] [WARN] [cadence.virtuoso.ade.simulationMonitor] -     WARNING (CMI-2943): Parameter checks have been ignored because the valid value for parameter 'trise' could not be found in 'I0.R28.CS0'. {"history": "Interactive.42", "point": 1, "testname": "DC_TEMP", "cornername": "Nominal"}
[2026-05-27 12:00:58.766 Z] [WARN] [cadence.virtuoso.ade.simulationMonitor] -     WARNING (CMI-2943): Parameter checks have been ignored because the valid value for parameter 'trise' could not be found in 'I0.R7.CM'.
        Further occurrences of this warning will be suppressed. {"history": "Interactive.42", "point": 1, "testname": "DC_TEMP", "cornername": "Nominal"}
[2026-05-27 12:00:58.766 Z] [INFO] [cadence.virtuoso.ade.simulationMonitor] - Notice from spectre at temp = 85 C during DC analysis `dc'.
    The value of parameter 'temp' has been reset to the original value 27. {"history": "Interactive.42", "point": 1, "testname": "DC_TEMP", "cornername": "Nominal"}
[2026-05-27 12:00:58.766 Z] [INFO] [cadence.virtuoso.ade.simulationMonitor] - Total time required for dc analysis `dc': CPU = 891.804 ms, elapsed = 911.526 ms, util. = 97.8%. {"history": "Interactive.42", "point": 1, "testname": "DC_TEMP", "cornername": "Nominal"}
[2026-05-27 12:00:58.766 Z] [INFO] [cadence.virtuoso.ade.simulationMonitor] - Peak resident memory used = 214 Mbytes. {"history": "Interactive.42", "point": 1, "testname": "DC_TEMP", "cornername": "Nominal"}
[2026-05-27 12:00:58.766 Z] [INFO] [cadence.virtuoso.ade.simulationMonitor] - Notice from spectre.
    127 warnings suppressed. {"history": "Interactive.42", "point": 1, "testname": "DC_TEMP", "cornername": "Nominal"}
[2026-05-27 12:00:58.767 Z] [INFO] [cadence.virtuoso.ade.simulationMonitor] - Time used: CPU = 1.68 s, elapsed = 2.53 s, util. = 66.4%. {"history": "Interactive.42", "point": 1, "testname": "DC_TEMP", "cornername": "Nominal"}
[2026-05-27 12:00:58.767 Z] [INFO] [cadence.virtuoso.ade.simulationMonitor] - Time spent in licensing: elapsed = 72.9 ms. {"history": "Interactive.42", "point": 1, "testname": "DC_TEMP", "cornername": "Nominal"}
[2026-05-27 12:00:58.768 Z] [INFO] [cadence.virtuoso.ade.simulationMonitor] - Peak memory used = 215 Mbytes. {"history": "Interactive.42", "point": 1, "testname": "DC_TEMP", "cornername": "Nominal"}
[2026-05-27 12:00:58.769 Z] [PROCESS] [cadence.virtuoso.ade.simulationMonitor] - Simulation started at: 12:00:56 PM, Wed May 27, 2026, ended at: 12:00:58 PM, Wed May 27, 2026, with elapsed time (wall clock): 2.53 s. {"history": "Interactive.42", "point": 1, "testname": "DC_TEMP", "cornername": "Nominal"}
[2026-05-27 12:00:58.769 Z] [PROCESS] [cadence.virtuoso.ade.simulationMonitor] - spectre completes with 0 errors, 38 warnings, and 13 notices. {"history": "Interactive.42", "point": 1, "testname": "DC_TEMP", "cornername": "Nominal"}
[2026-05-27 12:00:58.770 Z] [PROCESS] [cadence.virtuoso.ade.simulationMonitor] - Finished simulating for one point {"hostname": "il2244vt26_hrahimi", "processid": 320533, "history": "Interactive.42", "testname": "DC_TEMP", "cornername": "Nominal", "point": 1, "logfile": "/home/hrahimi/projects/POTENTIOSTAT_26/logs_hrahimi/logs0/Job67.log", "simid": "1"}
[2026-05-27 12:00:58.770 Z] [PROCESS] [cadence.virtuoso.ade.simulationMonitor] - Simulator exited {"hostname": "il2244vt26_hrahimi", "processid": 320533, "history": "Interactive.42", "testname": "DC_TEMP", "cornername": "Nominal", "point": 1, "logfile": "/home/hrahimi/projects/POTENTIOSTAT_26/logs_hrahimi/logs0/Job67.log", "exitStatus": "0"}
[2026-05-27 12:00:58.770 Z] [PROCESS] [cadence.virtuoso.ade.simulationMonitor] - Finished Simulation {"hostname": "il2244vt26_hrahimi", "processid": 320533, "history": "Interactive.42", "testname": "DC_TEMP", "cornername": "Nominal", "point": 1, "logfile": "/home/hrahimi/projects/POTENTIOSTAT_26/logs_hrahimi/logs0/Job67.log", "simid": "1"}
[2026-05-27 12:01:03.787 Z] [PROCESS] [cadence.virtuoso.ade.simulationMonitor] - Point Finished {"hostname": "il2244vt26_hrahimi", "processid": 320533, "history": "Interactive.42", "testname": "DC_TEMP", "cornername": "Nominal", "point": 1, "logfile": "/home/hrahimi/projects/POTENTIOSTAT_26/logs_hrahimi/logs0/Job67.log"}
[2026-05-27 12:01:04.792 Z] [PROCESS] [cadence.virtuoso.ade.simulationMonitor] - Stay with the runId '7', Linger time '300', currentRunSyn '15', currentTestSyn '16' {"hostname": "il2244vt26_hrahimi", "processid": 320533, "history": "Interactive.42", "testname": "DC_TEMP", "cornername": "Nominal", "point": 1, "logfile": "/home/hrahimi/projects/POTENTIOSTAT_26/logs_hrahimi/logs0/Job67.log"}
[2026-05-27 12:06:04.667 Z] [PROCESS] [cadence.virtuoso.ade.simulationMonitor] - Current memory used: 52.9766 MBytes, peak memory used: 52.9766 MBytes {"hostname": "il2244vt26_hrahimi", "processid": 320533, "history": "Interactive.42", "testname": "DC_TEMP", "cornername": "Nominal", "point": 1, "logfile": "/home/hrahimi/projects/POTENTIOSTAT_26/logs_hrahimi/logs0/Job67.log"}
[2026-05-27 12:06:04.667 Z] [PROCESS] [cadence.virtuoso.ade.simulationMonitor] - Simulation Monitor process exit. {"hostname": "il2244vt26_hrahimi", "processid": 320533, "history": "Interactive.42", "testname": "DC_TEMP", "cornername": "Nominal", "point": 1, "logfile": "/home/hrahimi/projects/POTENTIOSTAT_26/logs_hrahimi/logs0/Job67.log"}
