[Simulation Monitor: 7]
[2026-06-09 20:37:35.589 Z] [PROCESS] [cadence.virtuoso.ade.simulationMonitor] - Simulation Monitor has successfully started up. Trying to set up communication channels to other components ... {"hostname": "il2244vt26_hrahimi", "processid": 3921152, "logfile": "/home/hrahimi/projects/POTENTIOSTAT_26/logs_hrahimi/logs0/Job7.log"}
[2026-06-09 20:37:35.591 Z] [PROCESS] [cadence.virtuoso.ade.simulationMonitor] - Communication channels have been successfully set up. Start processing events ... {"hostname": "il2244vt26_hrahimi", "processid": 3921152, "logfile": "/home/hrahimi/projects/POTENTIOSTAT_26/logs_hrahimi/logs0/Job7.log"}
[2026-06-09 20:37:35.591 Z] [PROCESS] [cadence.virtuoso.ade.simulationMonitor] - Considering to start history {"hostname": "il2244vt26_hrahimi", "processid": 3921152, "history": "Interactive.165", "logfile": "/home/hrahimi/projects/POTENTIOSTAT_26/logs_hrahimi/logs0/Job7.log"}
[2026-06-09 20:37:35.597 Z] [PROCESS] [cadence.virtuoso.ade.simulationMonitor] - Started History {"hostname": "il2244vt26_hrahimi", "processid": 3921152, "history": "Interactive.171", "logfile": "/home/hrahimi/projects/POTENTIOSTAT_26/logs_hrahimi/logs0/Job7.log"}
[2026-06-09 20:37:35.597 Z] [PROCESS] [cadence.virtuoso.ade.simulationMonitor] - HostInfo:
Host name (type):	il2244vt26_hrahimi (x86_64)
Operating system:	Linux 5.15.0-164-generic #174-Ubuntu SMP Fri Nov 14 20:25:16 UTC 2025 {"hostname": "il2244vt26_hrahimi", "processid": 3921152, "history": "Interactive.171", "logfile": "/home/hrahimi/projects/POTENTIOSTAT_26/logs_hrahimi/logs0/Job7.log", "nodename": "il2244vt26_hrahimi", "domainname": "(none)", "machine": "x86_64", "sysname": "Linux", "release": "5.15.0-164-generic", "version": "#174-Ubuntu SMP Fri Nov 14 20:25:16 UTC 2025"}
[2026-06-09 20:37:35.598 Z] [PROCESS] [cadence.virtuoso.ade.simulationMonitor] - UsageInfo:
pid=3921152
totalPhysicalMemory=3023.749672GB,Used=2809.699638GB,totalVirtualMemory=3031.749668GB,Used=2809.807793GB
Cpu: Cores=48, Load average:6.850000,7.030000,6.770000 {"hostname": "il2244vt26_hrahimi", "processid": 3921152, "history": "Interactive.171", "logfile": "/home/hrahimi/projects/POTENTIOSTAT_26/logs_hrahimi/logs0/Job7.log", "pid": "3921152", "totalPhysicalMemory": "3023.749672", "physicalMemoryUsed": "2809.699638", "totalVirtualMemory": "3031.749668", "virtualMemoryUsed": "2809.807793", "cpuCores": "48", "processes": "29487", "loadAverage1": "6.850000", "loadAverage5": "7.030000", "loadAverage15": "6.770000", "loadAverage1Percent": "0.142708"}
[2026-06-09 20:37:35.600 Z] [EVENT] [cadence.virtuoso.ade.simulationMonitor] - NewPoint {"history": "Interactive.171", "point": 1, "testname": "VT26_TOP_top_tb_TRAN_BIO", "cornername": "Nominal", "event": "NewPoint", "EventSource": "Simulation Monitor", "HistoryName": "Interactive.171", "logFile": "/home/hrahimi/projects/POTENTIOSTAT_26/logs_hrahimi/logs0/Job7.log", "logFileSize": "2541"}
[2026-06-09 20:37:35.702 Z] [EVENT] [cadence.virtuoso.ade.simulationMonitor] - NewPoint {"history": "Interactive.171", "point": 1, "testname": "VT26_TOP_top_tb_TRAN_BIO", "cornername": "Nominal", "event": "NewPoint", "EventSource": "ams", "HistoryName": "Interactive.171", "logFile": "/home/hrahimi/projects/POTENTIOSTAT_26/Sim/Potentiostat_Top/topsyh_tb/maestro/results/maestro/Interactive.171/1/VT26_TOP_top_tb_TRAN_BIO/psf/xrun.log", "logFileSize": "-1"}
[2026-06-09 20:37:35.718 Z] [PROCESS] [cadence.virtuoso.ade.simulationMonitor] - Simulator launched {"hostname": "il2244vt26_hrahimi", "processid": 3921152, "history": "Interactive.171", "testname": "VT26_TOP_top_tb_TRAN_BIO", "cornername": "Nominal", "point": 1, "logfile": "/home/hrahimi/projects/POTENTIOSTAT_26/logs_hrahimi/logs0/Job7.log", "simid": "1"}
[2026-06-09 20:37:35.721 Z] [PROCESS] [cadence.virtuoso.ade.simulationMonitor] - Expression evaluator launched {"hostname": "il2244vt26_hrahimi", "processid": 3921152, "history": "Interactive.171", "testname": "VT26_TOP_top_tb_TRAN_BIO", "cornername": "Nominal", "point": 1, "logfile": "/home/hrahimi/projects/POTENTIOSTAT_26/logs_hrahimi/logs0/Job7.log"}
[2026-06-09 20:37:35.783 Z] [PROCESS] [cadence.virtuoso.ade.simulationMonitor] - Started Simulation {"hostname": "il2244vt26_hrahimi", "processid": 3921152, "history": "Interactive.171", "testname": "VT26_TOP_top_tb_TRAN_BIO", "cornername": "Nominal", "point": 1, "logfile": "/home/hrahimi/projects/POTENTIOSTAT_26/logs_hrahimi/logs0/Job7.log", "event": "started", "task": "simulation"}
[2026-06-09 20:38:16.727 Z] [WARN] [cadence.virtuoso.ade.simulationMonitor] -     WARNING (SPECTRE-691): This CPU processor does not support x86 advanced vector extensions instructions. This may affect math operations and slow down the simulation. {"history": "Interactive.171", "point": 1, "testname": "VT26_TOP_top_tb_TRAN_BIO", "cornername": "Nominal"}
[2026-06-09 20:38:16.728 Z] [INFO] [cadence.virtuoso.ade.simulationMonitor] - Notice from spectre during circuit read-in.
    Pre_Configuration file used: /opt/tools/cadence/installs/SPECTRE241/tools.lnx86/spectre/etc/configs/preset.precfg {"history": "Interactive.171", "point": 1, "testname": "VT26_TOP_top_tb_TRAN_BIO", "cornername": "Nominal"}
[2026-06-09 20:38:18.229 Z] [WARN] [cadence.virtuoso.ade.simulationMonitor] -     WARNING (VACOMP-2435): The environment variable CDS_AHDLCMI_ENABLE is no longer supported. Therefore, the simulator will use the default compiled C code flow. {"history": "Interactive.171", "point": 1, "testname": "VT26_TOP_top_tb_TRAN_BIO", "cornername": "Nominal"}
[2026-06-09 20:38:18.729 Z] [INFO] [cadence.virtuoso.ade.simulationMonitor] - Peak resident memory used = 217 Mbytes. {"history": "Interactive.171", "point": 1, "testname": "VT26_TOP_top_tb_TRAN_BIO", "cornername": "Nominal"}
[2026-06-09 20:38:21.791 Z] [WARN] [cadence.virtuoso.ade.simulationMonitor] -     WARNING (SFE-3013): The dangling device topsyh_tb.I0.I3|I6|avD41_3_turbo_m10.I4 is removed. {"history": "Interactive.171", "point": 1, "testname": "VT26_TOP_top_tb_TRAN_BIO", "cornername": "Nominal"}
[2026-06-09 20:38:21.792 Z] [WARN] [cadence.virtuoso.ade.simulationMonitor] -     WARNING (SFE-3030): The dangling capacitor topsyh_tb.I0.c14670 is removed. {"history": "Interactive.171", "point": 1, "testname": "VT26_TOP_top_tb_TRAN_BIO", "cornername": "Nominal"}
[2026-06-09 20:38:21.792 Z] [WARN] [cadence.virtuoso.ade.simulationMonitor] -     WARNING (SFE-3029): The dummy capacitor topsyh_tb.I0.I3|I19|RLIB_GC1.CS1 is removed. {"history": "Interactive.171", "point": 1, "testname": "VT26_TOP_top_tb_TRAN_BIO", "cornername": "Nominal"}
[2026-06-09 20:38:21.793 Z] [WARN] [cadence.virtuoso.ade.simulationMonitor] -     WARNING (SFE-3029): The dummy capacitor topsyh_tb.I0.I4|I25|I33|R32_turbo_m6.CS0 is removed. {"history": "Interactive.171", "point": 1, "testname": "VT26_TOP_top_tb_TRAN_BIO", "cornername": "Nominal"}
[2026-06-09 20:38:21.793 Z] [WARN] [cadence.virtuoso.ade.simulationMonitor] -     WARNING (SFE-3029): The dummy capacitor topsyh_tb.I0.I4|I25|I33|R32_turbo_m6.CS1 is removed. {"history": "Interactive.171", "point": 1, "testname": "VT26_TOP_top_tb_TRAN_BIO", "cornername": "Nominal"}
[2026-06-09 20:38:21.793 Z] [WARN] [cadence.virtuoso.ade.simulationMonitor] -     WARNING (SFE-3012): The dummy device topsyh_tb.I0.I4|I25|I33|MN22(1) is removed. {"history": "Interactive.171", "point": 1, "testname": "VT26_TOP_top_tb_TRAN_BIO", "cornername": "Nominal"}
[2026-06-09 20:38:21.793 Z] [WARN] [cadence.virtuoso.ade.simulationMonitor] -     WARNING (SFE-3029): The dummy capacitor topsyh_tb.I0.I1|I0|R3.CS0 is removed. {"history": "Interactive.171", "point": 1, "testname": "VT26_TOP_top_tb_TRAN_BIO", "cornername": "Nominal"}
[2026-06-09 20:38:21.793 Z] [WARN] [cadence.virtuoso.ade.simulationMonitor] -     WARNING (SFE-3029): The dummy capacitor topsyh_tb.I0.I1|I1|R2.CS0 is removed.
        Further occurrences of this warning will be suppressed. {"history": "Interactive.171", "point": 1, "testname": "VT26_TOP_top_tb_TRAN_BIO", "cornername": "Nominal"}
[2026-06-09 20:38:21.794 Z] [WARN] [cadence.virtuoso.ade.simulationMonitor] -     WARNING (SFE-3012): The dummy device topsyh_tb.I0.I29|I15|Q6(23)_turbo_m24 is removed. {"history": "Interactive.171", "point": 1, "testname": "VT26_TOP_top_tb_TRAN_BIO", "cornername": "Nominal"}
[2026-06-09 20:38:21.794 Z] [WARN] [cadence.virtuoso.ade.simulationMonitor] -     WARNING (SFE-3012): The dummy device topsyh_tb.I0.I2|I2|MP31(3)_turbo_m4 is removed. {"history": "Interactive.171", "point": 1, "testname": "VT26_TOP_top_tb_TRAN_BIO", "cornername": "Nominal"}
[2026-06-09 20:38:21.794 Z] [WARN] [cadence.virtuoso.ade.simulationMonitor] -     WARNING (SFE-3026): The shorted/dummy resistor topsyh_tb.I0.I3|I45|RSTAR_VDD3O_1__rcx is removed. {"history": "Interactive.171", "point": 1, "testname": "VT26_TOP_top_tb_TRAN_BIO", "cornername": "Nominal"}
[2026-06-09 20:38:21.794 Z] [WARN] [cadence.virtuoso.ade.simulationMonitor] -     WARNING (SFE-3026): The shorted/dummy resistor topsyh_tb.I0.I3|I46|R2_6__rcx is removed. {"history": "Interactive.171", "point": 1, "testname": "VT26_TOP_top_tb_TRAN_BIO", "cornername": "Nominal"}
[2026-06-09 20:38:21.794 Z] [WARN] [cadence.virtuoso.ade.simulationMonitor] -     WARNING (SFE-3026): The shorted/dummy resistor topsyh_tb.I0.I3|I46|R2_2__rcx is removed. {"history": "Interactive.171", "point": 1, "testname": "VT26_TOP_top_tb_TRAN_BIO", "cornername": "Nominal"}
[2026-06-09 20:38:21.794 Z] [WARN] [cadence.virtuoso.ade.simulationMonitor] -     WARNING (SFE-3012): The dummy device topsyh_tb.I0.I1|I2|Q3(30)_turbo_m63 is removed. {"history": "Interactive.171", "point": 1, "testname": "VT26_TOP_top_tb_TRAN_BIO", "cornername": "Nominal"}
[2026-06-09 20:38:21.795 Z] [WARN] [cadence.virtuoso.ade.simulationMonitor] -     WARNING (SFE-3026): The shorted/dummy resistor topsyh_tb.I0.I3|I46|R2_4__rcx is removed. {"history": "Interactive.171", "point": 1, "testname": "VT26_TOP_top_tb_TRAN_BIO", "cornername": "Nominal"}
[2026-06-09 20:38:21.795 Z] [WARN] [cadence.virtuoso.ade.simulationMonitor] -     WARNING (SFE-3026): The shorted/dummy resistor topsyh_tb.I0.I3|I46|R2_3__rcx is removed.
        Further occurrences of this warning will be suppressed. {"history": "Interactive.171", "point": 1, "testname": "VT26_TOP_top_tb_TRAN_BIO", "cornername": "Nominal"}
[2026-06-09 20:38:21.795 Z] [WARN] [cadence.virtuoso.ade.simulationMonitor] -     WARNING (SFE-3012): The dummy device topsyh_tb.I0.I29|I15|MN31(3)_turbo_m4 is removed.
        Further occurrences of this warning will be suppressed. {"history": "Interactive.171", "point": 1, "testname": "VT26_TOP_top_tb_TRAN_BIO", "cornername": "Nominal"}
[2026-06-09 20:38:21.795 Z] [WARN] [cadence.virtuoso.ade.simulationMonitor] -     WARNING (SFE-3016): The floating node vdd3r1! is removed. {"history": "Interactive.171", "point": 1, "testname": "VT26_TOP_top_tb_TRAN_BIO", "cornername": "Nominal"}
[2026-06-09 20:38:21.795 Z] [WARN] [cadence.virtuoso.ade.simulationMonitor] -     WARNING (SFE-3016): The floating node vdd3r2! is removed. {"history": "Interactive.171", "point": 1, "testname": "VT26_TOP_top_tb_TRAN_BIO", "cornername": "Nominal"}
[2026-06-09 20:38:21.795 Z] [WARN] [cadence.virtuoso.ade.simulationMonitor] -     WARNING (SFE-3015): The dangling node topsyh_tb.I0.avC121 is removed. {"history": "Interactive.171", "point": 1, "testname": "VT26_TOP_top_tb_TRAN_BIO", "cornername": "Nominal"}
[2026-06-09 20:38:21.796 Z] [WARN] [cadence.virtuoso.ade.simulationMonitor] -     WARNING (SFE-3015): The dangling node topsyh_tb.I0.1163\:vdd3o! is removed. {"history": "Interactive.171", "point": 1, "testname": "VT26_TOP_top_tb_TRAN_BIO", "cornername": "Nominal"}
[2026-06-09 20:38:21.796 Z] [INFO] [cadence.virtuoso.ade.simulationMonitor] - Notice from spectre during hierarchy flattening.
    The value 'psf' specified for the 'checklimitdest' option will no longer be supported in future releases. Use 'spectre -h' to see other recommended values for the 'checklimitdest' option. {"history": "Interactive.171", "point": 1, "testname": "VT26_TOP_top_tb_TRAN_BIO", "cornername": "Nominal"}
[2026-06-09 20:38:23.296 Z] [INFO] [cadence.virtuoso.ade.simulationMonitor] - Peak resident memory used = 292 Mbytes. {"history": "Interactive.171", "point": 1, "testname": "VT26_TOP_top_tb_TRAN_BIO", "cornername": "Nominal"}
[2026-06-09 20:38:23.297 Z] [INFO] [cadence.virtuoso.ade.simulationMonitor] - Notice from spectre during hierarchy flattening.
    The value 'psf' specified for the 'checklimitdest' option will no longer be supported in future releases. Use 'spectre -h' to see other recommended values for the 'checklimitdest' option. {"history": "Interactive.171", "point": 1, "testname": "VT26_TOP_top_tb_TRAN_BIO", "cornername": "Nominal"}
[2026-06-09 20:38:23.797 Z] [INFO] [cadence.virtuoso.ade.simulationMonitor] - Peak resident memory used = 331 Mbytes. {"history": "Interactive.171", "point": 1, "testname": "VT26_TOP_top_tb_TRAN_BIO", "cornername": "Nominal"}
[2026-06-09 20:38:23.798 Z] [WARN] [cadence.virtuoso.ade.simulationMonitor] -     WARNING (CMI-2425): topsyh_tb.I0.I1|I4|C1(0)_turbo_m11: `Acde' = 2.393 is unusually large. {"history": "Interactive.171", "point": 1, "testname": "VT26_TOP_top_tb_TRAN_BIO", "cornername": "Nominal"}
[2026-06-09 20:38:23.798 Z] [WARN] [cadence.virtuoso.ade.simulationMonitor] -     WARNING (CMI-2425): topsyh_tb.I0.I1|I4|C1(0)_turbo_m11: `Noff' = 4.732 is unusually large. {"history": "Interactive.171", "point": 1, "testname": "VT26_TOP_top_tb_TRAN_BIO", "cornername": "Nominal"}
[2026-06-09 20:38:23.798 Z] [WARN] [cadence.virtuoso.ade.simulationMonitor] -     WARNING (CMI-2424): topsyh_tb.I0.I1|I4|C1(0)_turbo_m11: `Voffcv' = -867.4e-03 is unusually small. {"history": "Interactive.171", "point": 1, "testname": "VT26_TOP_top_tb_TRAN_BIO", "cornername": "Nominal"}
[2026-06-09 20:38:23.799 Z] [WARN] [cadence.virtuoso.ade.simulationMonitor] -     WARNING (CMI-2425): topsyh_tb.I0.I1|I0|C0(0)_turbo_m6: `Acde' = 2.393 is unusually large. {"history": "Interactive.171", "point": 1, "testname": "VT26_TOP_top_tb_TRAN_BIO", "cornername": "Nominal"}
[2026-06-09 20:38:23.799 Z] [WARN] [cadence.virtuoso.ade.simulationMonitor] -     WARNING (CMI-2425): topsyh_tb.I0.I1|I0|C0(0)_turbo_m6: `Noff' = 4.732 is unusually large. {"history": "Interactive.171", "point": 1, "testname": "VT26_TOP_top_tb_TRAN_BIO", "cornername": "Nominal"}
[2026-06-09 20:38:23.799 Z] [WARN] [cadence.virtuoso.ade.simulationMonitor] -     WARNING (CMI-2424): topsyh_tb.I0.I1|I0|C0(0)_turbo_m6: `Voffcv' = -867.4e-03 is unusually small. {"history": "Interactive.171", "point": 1, "testname": "VT26_TOP_top_tb_TRAN_BIO", "cornername": "Nominal"}
[2026-06-09 20:38:23.799 Z] [WARN] [cadence.virtuoso.ade.simulationMonitor] -     WARNING (CMI-2425): topsyh_tb.I0.I1|I3|C1(0)_turbo_m6: `Acde' = 2.393 is unusually large.
        Further occurrences of this warning will be suppressed. {"history": "Interactive.171", "point": 1, "testname": "VT26_TOP_top_tb_TRAN_BIO", "cornername": "Nominal"}
[2026-06-09 20:38:23.799 Z] [WARN] [cadence.virtuoso.ade.simulationMonitor] -     WARNING (CMI-2424): topsyh_tb.I0.I1|I3|C1(0)_turbo_m6: `Voffcv' = -867.4e-03 is unusually small. {"history": "Interactive.171", "point": 1, "testname": "VT26_TOP_top_tb_TRAN_BIO", "cornername": "Nominal"}
[2026-06-09 20:38:28.854 Z] [WARN] [cadence.virtuoso.ade.simulationMonitor] -     WARNING (SPECTRE-17607): Assert `SOAC_vert10_vsubpsub' is ignored because it contains an expression which is invalid or not supported by native evaluator.  {"history": "Interactive.171", "point": 1, "testname": "VT26_TOP_top_tb_TRAN_BIO", "cornername": "Nominal"}
[2026-06-09 20:38:28.855 Z] [WARN] [cadence.virtuoso.ade.simulationMonitor] -     WARNING (SPECTRE-17607): Assert `SOAC_vert10_vcsub' is ignored because it contains an expression which is invalid or not supported by native evaluator.  {"history": "Interactive.171", "point": 1, "testname": "VT26_TOP_top_tb_TRAN_BIO", "cornername": "Nominal"}
[2026-06-09 20:38:28.855 Z] [WARN] [cadence.virtuoso.ade.simulationMonitor] -     WARNING (SPECTRE-17607): Assert `SOAC_rpolyh_vminuspsub' is ignored because it contains an expression which is invalid or not supported by native evaluator.  {"history": "Interactive.171", "point": 1, "testname": "VT26_TOP_top_tb_TRAN_BIO", "cornername": "Nominal"}
[2026-06-09 20:38:28.855 Z] [WARN] [cadence.virtuoso.ade.simulationMonitor] -     WARNING (SPECTRE-17607): Assert `SOAC_rpolyh_vpluspsub' is ignored because it contains an expression which is invalid or not supported by native evaluator.  {"history": "Interactive.171", "point": 1, "testname": "VT26_TOP_top_tb_TRAN_BIO", "cornername": "Nominal"}
[2026-06-09 20:38:28.856 Z] [WARN] [cadence.virtuoso.ade.simulationMonitor] -     WARNING (SPECTRE-17607): Assert `SOAC_rpoly2_vminuspsub' is ignored because it contains an expression which is invalid or not supported by native evaluator. 
        Further occurrences of this warning will be suppressed. {"history": "Interactive.171", "point": 1, "testname": "VT26_TOP_top_tb_TRAN_BIO", "cornername": "Nominal"}
[2026-06-09 20:38:28.856 Z] [WARN] [cadence.virtuoso.ade.simulationMonitor] -     WARNING (SPECTRE-16460): SOAC_cvarm_vspsub:Specified subcircuit master `cvarm' was not found. {"history": "Interactive.171", "point": 1, "testname": "VT26_TOP_top_tb_TRAN_BIO", "cornername": "Nominal"}
[2026-06-09 20:38:28.856 Z] [WARN] [cadence.virtuoso.ade.simulationMonitor] -     WARNING (SPECTRE-16462): SOAC_cvarm_vspsub:Error in specification of subcircuit master. Assert is ignored. {"history": "Interactive.171", "point": 1, "testname": "VT26_TOP_top_tb_TRAN_BIO", "cornername": "Nominal"}
[2026-06-09 20:38:28.856 Z] [WARN] [cadence.virtuoso.ade.simulationMonitor] -     WARNING (SPECTRE-16460): SOAC_cvarm_vbs:Specified subcircuit master `cvarm' was not found. {"history": "Interactive.171", "point": 1, "testname": "VT26_TOP_top_tb_TRAN_BIO", "cornername": "Nominal"}
[2026-06-09 20:38:28.856 Z] [WARN] [cadence.virtuoso.ade.simulationMonitor] -     WARNING (SPECTRE-16462): SOAC_cvarm_vbs:Error in specification of subcircuit master. Assert is ignored. {"history": "Interactive.171", "point": 1, "testname": "VT26_TOP_top_tb_TRAN_BIO", "cornername": "Nominal"}
[2026-06-09 20:38:28.857 Z] [WARN] [cadence.virtuoso.ade.simulationMonitor] -     WARNING (SPECTRE-16460): SOAC_cvarm_vgb:Specified subcircuit master `cvarm' was not found. {"history": "Interactive.171", "point": 1, "testname": "VT26_TOP_top_tb_TRAN_BIO", "cornername": "Nominal"}
[2026-06-09 20:38:28.857 Z] [WARN] [cadence.virtuoso.ade.simulationMonitor] -     WARNING (SPECTRE-16462): SOAC_cvarm_vgb:Error in specification of subcircuit master. Assert is ignored. {"history": "Interactive.171", "point": 1, "testname": "VT26_TOP_top_tb_TRAN_BIO", "cornername": "Nominal"}
[2026-06-09 20:38:28.857 Z] [WARN] [cadence.virtuoso.ade.simulationMonitor] -     WARNING (SPECTRE-16460): SOAC_cvart_vspsub:Specified subcircuit master `cvart' was not found. {"history": "Interactive.171", "point": 1, "testname": "VT26_TOP_top_tb_TRAN_BIO", "cornername": "Nominal"}
[2026-06-09 20:38:28.857 Z] [WARN] [cadence.virtuoso.ade.simulationMonitor] -     WARNING (SPECTRE-16462): SOAC_cvart_vspsub:Error in specification of subcircuit master. Assert is ignored. {"history": "Interactive.171", "point": 1, "testname": "VT26_TOP_top_tb_TRAN_BIO", "cornername": "Nominal"}
[2026-06-09 20:38:28.857 Z] [WARN] [cadence.virtuoso.ade.simulationMonitor] -     WARNING (SPECTRE-16460): SOAC_cvart_vbs:Specified subcircuit master `cvart' was not found.
        Further occurrences of this warning will be suppressed. {"history": "Interactive.171", "point": 1, "testname": "VT26_TOP_top_tb_TRAN_BIO", "cornername": "Nominal"}
[2026-06-09 20:38:28.857 Z] [WARN] [cadence.virtuoso.ade.simulationMonitor] -     WARNING (SPECTRE-16462): SOAC_cvart_vbs:Error in specification of subcircuit master. Assert is ignored.
        Further occurrences of this warning will be suppressed. {"history": "Interactive.171", "point": 1, "testname": "VT26_TOP_top_tb_TRAN_BIO", "cornername": "Nominal"}
[2026-06-09 20:38:32.918 Z] [INFO] [cadence.virtuoso.ade.simulationMonitor] - Notice from spectre during topology check.
    Only one connection to the following 141 nodes:
        vdd3rAS!
        vdd3rA!
        vdd3r!
        vdd3oAS!
        vdd3oA!
        Further occurrences of this notice will be suppressed.
    No DC path from node `topsyh_tb.I0.I3|I43|RLIB_GC1.net9' to ground, Gmin installed to provide path.
    No DC path from node `topsyh_tb.I0.I3|I46|RLIB_GC1.net9' to ground, Gmin installed to provide path.
    No DC path from node `topsyh_tb.I0.I19|I27|R19.net9' to grou... {"history": "Interactive.171", "point": 1, "testname": "VT26_TOP_top_tb_TRAN_BIO", "cornername": "Nominal"}
[2026-06-09 20:38:32.918 Z] [WARN] [cadence.virtuoso.ade.simulationMonitor] -     WARNING (SPECTRE-592): Following parameters are disabled because they are ignored or redefined in Spectre X:
        Option Parameters:
          iabstol
          reltol
          vabstol
        Tran Parameters:
          errpreset
          maxiters
         {"history": "Interactive.171", "point": 1, "testname": "VT26_TOP_top_tb_TRAN_BIO", "cornername": "Nominal"}
[2026-06-09 20:38:32.921 Z] [INFO] [cadence.virtuoso.ade.simulationMonitor] -               nodes 32272 {"history": "Interactive.171", "point": 1, "testname": "VT26_TOP_top_tb_TRAN_BIO", "cornername": "Nominal"}
[2026-06-09 20:38:32.922 Z] [INFO] [cadence.virtuoso.ade.simulationMonitor] - Notice from spectre during initial setup.
    2 resistors are shorted because their absolute value is less than or equal to 'rabsshort'.
    Spectre X preset=vx enabled.
    Spectre X postlpreset=vx enabled.
    6 notices suppressed.
    31 warnings suppressed. {"history": "Interactive.171", "point": 1, "testname": "VT26_TOP_top_tb_TRAN_BIO", "cornername": "Nominal"}
[2026-06-09 20:38:32.923 Z] [INFO] [cadence.virtuoso.ade.simulationMonitor] - Notice from spectre.
    Multithreading enabled: 8 threads in the system with 48 available processors. {"history": "Interactive.171", "point": 1, "testname": "VT26_TOP_top_tb_TRAN_BIO", "cornername": "Nominal"}
[2026-06-09 20:38:32.923 Z] [INFO] [cadence.virtuoso.ade.simulationMonitor] - Peak resident memory used = 456 Mbytes. {"history": "Interactive.171", "point": 1, "testname": "VT26_TOP_top_tb_TRAN_BIO", "cornername": "Nominal"}
[2026-06-09 20:38:32.923 Z] [INFO] [cadence.virtuoso.ade.simulationMonitor] -    -   (Spectre X) Multi-threading. The recommended number of threads is [8, 16], consider adding +mt=8 or +mt=16 on command line. {"history": "Interactive.171", "point": 1, "testname": "VT26_TOP_top_tb_TRAN_BIO", "cornername": "Nominal"}
[2026-06-09 20:38:32.923 Z] [INFO] [cadence.virtuoso.ade.simulationMonitor] - Notice from spectre during transient analysis `tran'.
    No checklimit analysis defined for asserts. A default checklimit analysis 'SpectreChecklimitAnal' has been created with all asserts enabled. {"history": "Interactive.171", "point": 1, "testname": "VT26_TOP_top_tb_TRAN_BIO", "cornername": "Nominal"}
[2026-06-09 20:38:35.982 Z] [INFO] [cadence.virtuoso.ade.simulationMonitor] - Notice from spectre during IC analysis, during transient analysis `tran'.
    GminDC = 1 pS is large enough to noticeably affect the DC solution.
        dV(topsyh_tb.I0.207\:spi_cs) = -17.0864 mV
        Use the `gmin_check' option to eliminate or expand this report.
    Bad pivoting is found during DC analysis. Option dc_pivot_check=yes is recommended for possible improvement of convergence. {"history": "Interactive.171", "point": 1, "testname": "VT26_TOP_top_tb_TRAN_BIO", "cornername": "Nominal"}
[2026-06-09 20:38:35.983 Z] [INFO] [cadence.virtuoso.ade.simulationMonitor] - Notice from spectre during transient analysis `tran'.
    Output compression for transient analysis is enabled. {"history": "Interactive.171", "point": 1, "testname": "VT26_TOP_top_tb_TRAN_BIO", "cornername": "Nominal"}
[2026-06-09 20:38:40.985 Z] [PROCESS] [cadence.virtuoso.ade.simulationMonitor] - Simulation cancelled {"hostname": "il2244vt26_hrahimi", "processid": 3921152, "history": "Interactive.171", "testname": "VT26_TOP_top_tb_TRAN_BIO", "cornername": "Nominal", "point": 1, "logfile": "/home/hrahimi/projects/POTENTIOSTAT_26/logs_hrahimi/logs0/Job7.log"}
[2026-06-09 20:38:40.986 Z] [INFO] [cadence.virtuoso.ade.simulationMonitor] - SimulationMonitor has terminated the  process '3921187', reason: 'the simulation point gets cancelled by GUI' {"history": "Interactive.171", "point": 1, "testname": "VT26_TOP_top_tb_TRAN_BIO", "cornername": "Nominal"}
[2026-06-09 20:38:41.083 Z] [PROCESS] [cadence.virtuoso.ade.simulationMonitor] - Finished simulating for one point {"hostname": "il2244vt26_hrahimi", "processid": 3921152, "history": "Interactive.171", "testname": "VT26_TOP_top_tb_TRAN_BIO", "cornername": "Nominal", "point": 1, "logfile": "/home/hrahimi/projects/POTENTIOSTAT_26/logs_hrahimi/logs0/Job7.log", "simid": "1"}
[2026-06-09 20:38:41.084 Z] [PROCESS] [cadence.virtuoso.ade.simulationMonitor] - Simulator exited {"hostname": "il2244vt26_hrahimi", "processid": 3921152, "history": "Interactive.171", "testname": "VT26_TOP_top_tb_TRAN_BIO", "cornername": "Nominal", "point": 1, "logfile": "/home/hrahimi/projects/POTENTIOSTAT_26/logs_hrahimi/logs0/Job7.log", "exitStatus": "0"}
[2026-06-09 20:38:41.084 Z] [PROCESS] [cadence.virtuoso.ade.simulationMonitor] - Finished Simulation {"hostname": "il2244vt26_hrahimi", "processid": 3921152, "history": "Interactive.171", "testname": "VT26_TOP_top_tb_TRAN_BIO", "cornername": "Nominal", "point": 1, "logfile": "/home/hrahimi/projects/POTENTIOSTAT_26/logs_hrahimi/logs0/Job7.log", "simid": "1"}
[2026-06-09 20:38:41.095 Z] [PROCESS] [cadence.virtuoso.ade.simulationMonitor] - Point Finished {"hostname": "il2244vt26_hrahimi", "processid": 3921152, "history": "Interactive.171", "testname": "VT26_TOP_top_tb_TRAN_BIO", "cornername": "Nominal", "point": 1, "logfile": "/home/hrahimi/projects/POTENTIOSTAT_26/logs_hrahimi/logs0/Job7.log"}
[2026-06-09 20:41:59.821 Z] [PROCESS] [cadence.virtuoso.ade.simulationMonitor] - Started History {"hostname": "il2244vt26_hrahimi", "processid": 3921152, "history": "Interactive.172", "testname": "VT26_TOP_top_tb_TRAN_BIO", "cornername": "Nominal", "point": 1, "logfile": "/home/hrahimi/projects/POTENTIOSTAT_26/logs_hrahimi/logs0/Job7.log"}
[2026-06-09 20:41:59.823 Z] [PROCESS] [cadence.virtuoso.ade.simulationMonitor] - HostInfo:
Host name (type):	il2244vt26_hrahimi (x86_64)
Operating system:	Linux 5.15.0-164-generic #174-Ubuntu SMP Fri Nov 14 20:25:16 UTC 2025 {"hostname": "il2244vt26_hrahimi", "processid": 3921152, "history": "Interactive.172", "testname": "VT26_TOP_top_tb_TRAN_BIO", "cornername": "Nominal", "point": 1, "logfile": "/home/hrahimi/projects/POTENTIOSTAT_26/logs_hrahimi/logs0/Job7.log", "nodename": "il2244vt26_hrahimi", "domainname": "(none)", "machine": "x86_64", "sysname": "Linux", "release": "5.15.0-164-generic", "version": "#174-Ubuntu SMP Fri Nov 14 20:25:16 UTC 2025"}
[2026-06-09 20:41:59.824 Z] [PROCESS] [cadence.virtuoso.ade.simulationMonitor] - UsageInfo:
pid=3921152
totalPhysicalMemory=3023.749672GB,Used=2810.901669GB,totalVirtualMemory=3031.749668GB,Used=2811.009823GB
Cpu: Cores=48, Load average:6.580000,7.160000,6.930000 {"hostname": "il2244vt26_hrahimi", "processid": 3921152, "history": "Interactive.172", "testname": "VT26_TOP_top_tb_TRAN_BIO", "cornername": "Nominal", "point": 1, "logfile": "/home/hrahimi/projects/POTENTIOSTAT_26/logs_hrahimi/logs0/Job7.log", "pid": "3921152", "totalPhysicalMemory": "3023.749672", "physicalMemoryUsed": "2810.901669", "totalVirtualMemory": "3031.749668", "virtualMemoryUsed": "2811.009823", "cpuCores": "48", "processes": "29503", "loadAverage1": "6.580000", "loadAverage5": "7.160000", "loadAverage15": "6.930000", "loadAverage1Percent": "0.137083"}
[2026-06-09 20:41:59.826 Z] [EVENT] [cadence.virtuoso.ade.simulationMonitor] - NewPoint {"history": "Interactive.172", "point": 1, "testname": "VT26_TOP_top_tb_TRAN_BIO", "cornername": "C0_0", "event": "NewPoint", "EventSource": "Simulation Monitor", "HistoryName": "Interactive.172", "logFile": "/home/hrahimi/projects/POTENTIOSTAT_26/logs_hrahimi/logs0/Job7.log", "logFileSize": "27963"}
[2026-06-09 20:41:59.928 Z] [EVENT] [cadence.virtuoso.ade.simulationMonitor] - NewPoint {"history": "Interactive.172", "point": 1, "testname": "VT26_TOP_top_tb_TRAN_BIO", "cornername": "C0_0", "event": "NewPoint", "EventSource": "ams", "HistoryName": "Interactive.172", "logFile": "/home/hrahimi/projects/POTENTIOSTAT_26/Sim/Potentiostat_Top/topsyh_tb/maestro/results/maestro/Interactive.172/1/VT26_TOP_top_tb_TRAN_BIO/psf/xrun.log", "logFileSize": "-1"}
[2026-06-09 20:41:59.945 Z] [PROCESS] [cadence.virtuoso.ade.simulationMonitor] - Simulator launched {"hostname": "il2244vt26_hrahimi", "processid": 3921152, "history": "Interactive.172", "testname": "VT26_TOP_top_tb_TRAN_BIO", "cornername": "C0_0", "point": 1, "logfile": "/home/hrahimi/projects/POTENTIOSTAT_26/logs_hrahimi/logs0/Job7.log", "simid": "2"}
[2026-06-09 20:41:59.949 Z] [PROCESS] [cadence.virtuoso.ade.simulationMonitor] - Expression evaluator launched {"hostname": "il2244vt26_hrahimi", "processid": 3921152, "history": "Interactive.172", "testname": "VT26_TOP_top_tb_TRAN_BIO", "cornername": "C0_0", "point": 1, "logfile": "/home/hrahimi/projects/POTENTIOSTAT_26/logs_hrahimi/logs0/Job7.log"}
[2026-06-09 20:42:00.016 Z] [PROCESS] [cadence.virtuoso.ade.simulationMonitor] - Started Simulation {"hostname": "il2244vt26_hrahimi", "processid": 3921152, "history": "Interactive.172", "testname": "VT26_TOP_top_tb_TRAN_BIO", "cornername": "C0_0", "point": 1, "logfile": "/home/hrahimi/projects/POTENTIOSTAT_26/logs_hrahimi/logs0/Job7.log", "event": "started", "task": "simulation"}
[2026-06-09 20:42:09.577 Z] [ERROR] [cadence.virtuoso.ade.simulationMonitor] - xrun: *E,ELBERR: Error (*E) or soft error (*SE) occurred during elaboration (status 1), exiting. {"history": "Interactive.172", "point": 1, "testname": "VT26_TOP_top_tb_TRAN_BIO", "cornername": "C0_0"}
[2026-06-09 20:42:09.578 Z] [PROCESS] [cadence.virtuoso.ade.simulationMonitor] - Finished simulating for one point {"hostname": "il2244vt26_hrahimi", "processid": 3921152, "history": "Interactive.172", "testname": "VT26_TOP_top_tb_TRAN_BIO", "cornername": "C0_0", "point": 1, "logfile": "/home/hrahimi/projects/POTENTIOSTAT_26/logs_hrahimi/logs0/Job7.log", "simid": "2"}
[2026-06-09 20:42:09.579 Z] [ERROR] [cadence.virtuoso.ade.simulationMonitor] - While simulating run Interactive.172, point 1, test VT26_TOP_top_tb_TRAN_BIO, received error:
Simulation Error:
 The simulator process returned a non-zero exit code, indicating failure.
The simulator could have crashed or intentionally returned to indicate an error.
Check the simulator log file for more information.  Common causes:
1. Simulator may have crashed during exit even after reporting success in log file.
2. Abrupt automatic simulator termination (e.g., SIGKILL) because the simulator process has
 ... {"history": "Interactive.172", "point": 1, "testname": "VT26_TOP_top_tb_TRAN_BIO", "cornername": "C0_0"}
[2026-06-09 20:42:09.580 Z] [PROCESS] [cadence.virtuoso.ade.simulationMonitor] - Finished Simulation {"hostname": "il2244vt26_hrahimi", "processid": 3921152, "history": "Interactive.172", "testname": "VT26_TOP_top_tb_TRAN_BIO", "cornername": "C0_0", "point": 1, "logfile": "/home/hrahimi/projects/POTENTIOSTAT_26/logs_hrahimi/logs0/Job7.log", "simid": "2"}
[2026-06-09 20:42:09.593 Z] [PROCESS] [cadence.virtuoso.ade.simulationMonitor] - HostInfo:
Host name (type):	il2244vt26_hrahimi (x86_64)
Operating system:	Linux 5.15.0-164-generic #174-Ubuntu SMP Fri Nov 14 20:25:16 UTC 2025 {"hostname": "il2244vt26_hrahimi", "processid": 3921152, "history": "Interactive.172", "testname": "VT26_TOP_top_tb_TRAN_BIO", "cornername": "C0_0", "point": 1, "logfile": "/home/hrahimi/projects/POTENTIOSTAT_26/logs_hrahimi/logs0/Job7.log", "nodename": "il2244vt26_hrahimi", "domainname": "(none)", "machine": "x86_64", "sysname": "Linux", "release": "5.15.0-164-generic", "version": "#174-Ubuntu SMP Fri Nov 14 20:25:16 UTC 2025"}
[2026-06-09 20:42:09.594 Z] [PROCESS] [cadence.virtuoso.ade.simulationMonitor] - UsageInfo:
pid=3921152
totalPhysicalMemory=3023.749672GB,Used=2811.601692GB,totalVirtualMemory=3031.749668GB,Used=2811.709846GB
Cpu: Cores=48, Load average:6.820000,7.190000,6.940000 {"hostname": "il2244vt26_hrahimi", "processid": 3921152, "history": "Interactive.172", "testname": "VT26_TOP_top_tb_TRAN_BIO", "cornername": "C0_0", "point": 1, "logfile": "/home/hrahimi/projects/POTENTIOSTAT_26/logs_hrahimi/logs0/Job7.log", "pid": "3921152", "totalPhysicalMemory": "3023.749672", "physicalMemoryUsed": "2811.601692", "totalVirtualMemory": "3031.749668", "virtualMemoryUsed": "2811.709846", "cpuCores": "48", "processes": "29583", "loadAverage1": "6.820000", "loadAverage5": "7.190000", "loadAverage15": "6.940000", "loadAverage1Percent": "0.142083"}
[2026-06-09 20:42:09.595 Z] [EVENT] [cadence.virtuoso.ade.simulationMonitor] - NewPoint {"history": "Interactive.172", "point": 6, "testname": "VT26_TOP_top_tb_TRAN_BIO", "cornername": "C0_5", "event": "NewPoint", "EventSource": "Simulation Monitor", "HistoryName": "Interactive.172", "logFile": "/home/hrahimi/projects/POTENTIOSTAT_26/logs_hrahimi/logs0/Job7.log", "logFileSize": "33099"}
[2026-06-09 20:42:09.697 Z] [EVENT] [cadence.virtuoso.ade.simulationMonitor] - NewPoint {"history": "Interactive.172", "point": 6, "testname": "VT26_TOP_top_tb_TRAN_BIO", "cornername": "C0_5", "event": "NewPoint", "EventSource": "ams", "HistoryName": "Interactive.172", "logFile": "/home/hrahimi/projects/POTENTIOSTAT_26/Sim/Potentiostat_Top/topsyh_tb/maestro/results/maestro/Interactive.172/6/VT26_TOP_top_tb_TRAN_BIO/psf/xrun.log", "logFileSize": "-1"}
[2026-06-09 20:42:09.711 Z] [PROCESS] [cadence.virtuoso.ade.simulationMonitor] - Simulator launched {"hostname": "il2244vt26_hrahimi", "processid": 3921152, "history": "Interactive.172", "testname": "VT26_TOP_top_tb_TRAN_BIO", "cornername": "C0_5", "point": 6, "logfile": "/home/hrahimi/projects/POTENTIOSTAT_26/logs_hrahimi/logs0/Job7.log", "simid": "3"}
[2026-06-09 20:42:09.772 Z] [PROCESS] [cadence.virtuoso.ade.simulationMonitor] - Started Simulation {"hostname": "il2244vt26_hrahimi", "processid": 3921152, "history": "Interactive.172", "testname": "VT26_TOP_top_tb_TRAN_BIO", "cornername": "C0_5", "point": 6, "logfile": "/home/hrahimi/projects/POTENTIOSTAT_26/logs_hrahimi/logs0/Job7.log", "event": "started", "task": "simulation"}
[2026-06-09 20:42:19.335 Z] [ERROR] [cadence.virtuoso.ade.simulationMonitor] - xrun: *E,ELBERR: Error (*E) or soft error (*SE) occurred during elaboration (status 1), exiting. {"history": "Interactive.172", "point": 6, "testname": "VT26_TOP_top_tb_TRAN_BIO", "cornername": "C0_5"}
[2026-06-09 20:42:19.336 Z] [PROCESS] [cadence.virtuoso.ade.simulationMonitor] - Finished simulating for one point {"hostname": "il2244vt26_hrahimi", "processid": 3921152, "history": "Interactive.172", "testname": "VT26_TOP_top_tb_TRAN_BIO", "cornername": "C0_5", "point": 6, "logfile": "/home/hrahimi/projects/POTENTIOSTAT_26/logs_hrahimi/logs0/Job7.log", "simid": "3"}
[2026-06-09 20:42:19.337 Z] [ERROR] [cadence.virtuoso.ade.simulationMonitor] - While simulating run Interactive.172, point 6, test VT26_TOP_top_tb_TRAN_BIO, received error:
Simulation Error:
 The simulator process returned a non-zero exit code, indicating failure.
The simulator could have crashed or intentionally returned to indicate an error.
Check the simulator log file for more information.  Common causes:
1. Simulator may have crashed during exit even after reporting success in log file.
2. Abrupt automatic simulator termination (e.g., SIGKILL) because the simulator process has
 ... {"history": "Interactive.172", "point": 6, "testname": "VT26_TOP_top_tb_TRAN_BIO", "cornername": "C0_5"}
[2026-06-09 20:42:19.338 Z] [PROCESS] [cadence.virtuoso.ade.simulationMonitor] - Finished Simulation {"hostname": "il2244vt26_hrahimi", "processid": 3921152, "history": "Interactive.172", "testname": "VT26_TOP_top_tb_TRAN_BIO", "cornername": "C0_5", "point": 6, "logfile": "/home/hrahimi/projects/POTENTIOSTAT_26/logs_hrahimi/logs0/Job7.log", "simid": "3"}
[2026-06-09 20:42:20.356 Z] [PROCESS] [cadence.virtuoso.ade.simulationMonitor] - HostInfo:
Host name (type):	il2244vt26_hrahimi (x86_64)
Operating system:	Linux 5.15.0-164-generic #174-Ubuntu SMP Fri Nov 14 20:25:16 UTC 2025 {"hostname": "il2244vt26_hrahimi", "processid": 3921152, "history": "Interactive.172", "testname": "VT26_TOP_top_tb_TRAN_BIO", "cornername": "C0_5", "point": 6, "logfile": "/home/hrahimi/projects/POTENTIOSTAT_26/logs_hrahimi/logs0/Job7.log", "nodename": "il2244vt26_hrahimi", "domainname": "(none)", "machine": "x86_64", "sysname": "Linux", "release": "5.15.0-164-generic", "version": "#174-Ubuntu SMP Fri Nov 14 20:25:16 UTC 2025"}
[2026-06-09 20:42:20.357 Z] [PROCESS] [cadence.virtuoso.ade.simulationMonitor] - UsageInfo:
pid=3921152
totalPhysicalMemory=3023.749672GB,Used=2813.787930GB,totalVirtualMemory=3031.749668GB,Used=2813.896084GB
Cpu: Cores=48, Load average:7.990000,7.430000,7.020000 {"hostname": "il2244vt26_hrahimi", "processid": 3921152, "history": "Interactive.172", "testname": "VT26_TOP_top_tb_TRAN_BIO", "cornername": "C0_5", "point": 6, "logfile": "/home/hrahimi/projects/POTENTIOSTAT_26/logs_hrahimi/logs0/Job7.log", "pid": "3921152", "totalPhysicalMemory": "3023.749672", "physicalMemoryUsed": "2813.787930", "totalVirtualMemory": "3031.749668", "virtualMemoryUsed": "2813.896084", "cpuCores": "48", "processes": "29661", "loadAverage1": "7.990000", "loadAverage5": "7.430000", "loadAverage15": "7.020000", "loadAverage1Percent": "0.166458"}
[2026-06-09 20:42:20.358 Z] [EVENT] [cadence.virtuoso.ade.simulationMonitor] - NewPoint {"history": "Interactive.172", "point": 14, "testname": "VT26_TOP_top_tb_TRAN_BIO", "cornername": "C0_13", "event": "NewPoint", "EventSource": "Simulation Monitor", "HistoryName": "Interactive.172", "logFile": "/home/hrahimi/projects/POTENTIOSTAT_26/logs_hrahimi/logs0/Job7.log", "logFileSize": "37882"}
[2026-06-09 20:42:20.460 Z] [EVENT] [cadence.virtuoso.ade.simulationMonitor] - NewPoint {"history": "Interactive.172", "point": 14, "testname": "VT26_TOP_top_tb_TRAN_BIO", "cornername": "C0_13", "event": "NewPoint", "EventSource": "ams", "HistoryName": "Interactive.172", "logFile": "/home/hrahimi/projects/POTENTIOSTAT_26/Sim/Potentiostat_Top/topsyh_tb/maestro/results/maestro/Interactive.172/14/VT26_TOP_top_tb_TRAN_BIO/psf/xrun.log", "logFileSize": "-1"}
[2026-06-09 20:42:20.474 Z] [PROCESS] [cadence.virtuoso.ade.simulationMonitor] - Simulator launched {"hostname": "il2244vt26_hrahimi", "processid": 3921152, "history": "Interactive.172", "testname": "VT26_TOP_top_tb_TRAN_BIO", "cornername": "C0_13", "point": 14, "logfile": "/home/hrahimi/projects/POTENTIOSTAT_26/logs_hrahimi/logs0/Job7.log", "simid": "4"}
[2026-06-09 20:42:20.538 Z] [PROCESS] [cadence.virtuoso.ade.simulationMonitor] - Started Simulation {"hostname": "il2244vt26_hrahimi", "processid": 3921152, "history": "Interactive.172", "testname": "VT26_TOP_top_tb_TRAN_BIO", "cornername": "C0_13", "point": 14, "logfile": "/home/hrahimi/projects/POTENTIOSTAT_26/logs_hrahimi/logs0/Job7.log", "event": "started", "task": "simulation"}
[2026-06-09 20:42:29.609 Z] [ERROR] [cadence.virtuoso.ade.simulationMonitor] - xrun: *E,ELBERR: Error (*E) or soft error (*SE) occurred during elaboration (status 1), exiting. {"history": "Interactive.172", "point": 14, "testname": "VT26_TOP_top_tb_TRAN_BIO", "cornername": "C0_13"}
[2026-06-09 20:42:29.610 Z] [PROCESS] [cadence.virtuoso.ade.simulationMonitor] - Finished simulating for one point {"hostname": "il2244vt26_hrahimi", "processid": 3921152, "history": "Interactive.172", "testname": "VT26_TOP_top_tb_TRAN_BIO", "cornername": "C0_13", "point": 14, "logfile": "/home/hrahimi/projects/POTENTIOSTAT_26/logs_hrahimi/logs0/Job7.log", "simid": "4"}
[2026-06-09 20:42:29.611 Z] [ERROR] [cadence.virtuoso.ade.simulationMonitor] - While simulating run Interactive.172, point 14, test VT26_TOP_top_tb_TRAN_BIO, received error:
Simulation Error:
 The simulator process returned a non-zero exit code, indicating failure.
The simulator could have crashed or intentionally returned to indicate an error.
Check the simulator log file for more information.  Common causes:
1. Simulator may have crashed during exit even after reporting success in log file.
2. Abrupt automatic simulator termination (e.g., SIGKILL) because the simulator process has
... {"history": "Interactive.172", "point": 14, "testname": "VT26_TOP_top_tb_TRAN_BIO", "cornername": "C0_13"}
[2026-06-09 20:42:29.612 Z] [PROCESS] [cadence.virtuoso.ade.simulationMonitor] - Finished Simulation {"hostname": "il2244vt26_hrahimi", "processid": 3921152, "history": "Interactive.172", "testname": "VT26_TOP_top_tb_TRAN_BIO", "cornername": "C0_13", "point": 14, "logfile": "/home/hrahimi/projects/POTENTIOSTAT_26/logs_hrahimi/logs0/Job7.log", "simid": "4"}
[2026-06-09 20:42:29.621 Z] [PROCESS] [cadence.virtuoso.ade.simulationMonitor] - Stay with the runId '7', Linger time '300', currentRunSyn '11', currentTestSyn '12' {"hostname": "il2244vt26_hrahimi", "processid": 3921152, "history": "Interactive.172", "testname": "VT26_TOP_top_tb_TRAN_BIO", "cornername": "C0_13", "point": 14, "logfile": "/home/hrahimi/projects/POTENTIOSTAT_26/logs_hrahimi/logs0/Job7.log"}
[2026-06-09 20:42:30.630 Z] [PROCESS] [cadence.virtuoso.ade.simulationMonitor] - Stay with the runId '7', Linger time '300', currentRunSyn '11', currentTestSyn '12' {"hostname": "il2244vt26_hrahimi", "processid": 3921152, "history": "Interactive.172", "testname": "VT26_TOP_top_tb_TRAN_BIO", "cornername": "C0_13", "point": 14, "logfile": "/home/hrahimi/projects/POTENTIOSTAT_26/logs_hrahimi/logs0/Job7.log"}
[2026-06-09 20:42:31.637 Z] [PROCESS] [cadence.virtuoso.ade.simulationMonitor] - Stay with the runId '7', Linger time '300', currentRunSyn '11', currentTestSyn '12' {"hostname": "il2244vt26_hrahimi", "processid": 3921152, "history": "Interactive.172", "testname": "VT26_TOP_top_tb_TRAN_BIO", "cornername": "C0_13", "point": 14, "logfile": "/home/hrahimi/projects/POTENTIOSTAT_26/logs_hrahimi/logs0/Job7.log"}
[2026-06-09 20:42:32.649 Z] [PROCESS] [cadence.virtuoso.ade.simulationMonitor] - Stay with the runId '7', Linger time '300', currentRunSyn '11', currentTestSyn '12' {"hostname": "il2244vt26_hrahimi", "processid": 3921152, "history": "Interactive.172", "testname": "VT26_TOP_top_tb_TRAN_BIO", "cornername": "C0_13", "point": 14, "logfile": "/home/hrahimi/projects/POTENTIOSTAT_26/logs_hrahimi/logs0/Job7.log"}
[2026-06-09 20:42:33.657 Z] [PROCESS] [cadence.virtuoso.ade.simulationMonitor] - HostInfo:
Host name (type):	il2244vt26_hrahimi (x86_64)
Operating system:	Linux 5.15.0-164-generic #174-Ubuntu SMP Fri Nov 14 20:25:16 UTC 2025 {"hostname": "il2244vt26_hrahimi", "processid": 3921152, "history": "Interactive.172", "testname": "VT26_TOP_top_tb_TRAN_BIO", "cornername": "C0_13", "point": 14, "logfile": "/home/hrahimi/projects/POTENTIOSTAT_26/logs_hrahimi/logs0/Job7.log", "nodename": "il2244vt26_hrahimi", "domainname": "(none)", "machine": "x86_64", "sysname": "Linux", "release": "5.15.0-164-generic", "version": "#174-Ubuntu SMP Fri Nov 14 20:25:16 UTC 2025"}
[2026-06-09 20:42:33.658 Z] [PROCESS] [cadence.virtuoso.ade.simulationMonitor] - UsageInfo:
pid=3921152
totalPhysicalMemory=3023.749672GB,Used=2814.758766GB,totalVirtualMemory=3031.749668GB,Used=2814.866920GB
Cpu: Cores=48, Load average:8.670000,7.620000,7.090000 {"hostname": "il2244vt26_hrahimi", "processid": 3921152, "history": "Interactive.172", "testname": "VT26_TOP_top_tb_TRAN_BIO", "cornername": "C0_13", "point": 14, "logfile": "/home/hrahimi/projects/POTENTIOSTAT_26/logs_hrahimi/logs0/Job7.log", "pid": "3921152", "totalPhysicalMemory": "3023.749672", "physicalMemoryUsed": "2814.758766", "totalVirtualMemory": "3031.749668", "virtualMemoryUsed": "2814.866920", "cpuCores": "48", "processes": "29656", "loadAverage1": "8.670000", "loadAverage5": "7.620000", "loadAverage15": "7.090000", "loadAverage1Percent": "0.180625"}
[2026-06-09 20:42:33.659 Z] [EVENT] [cadence.virtuoso.ade.simulationMonitor] - NewPoint {"history": "Interactive.172", "point": 22, "testname": "VT26_TOP_top_tb_TRAN_BIO", "cornername": "C0_21", "event": "NewPoint", "EventSource": "Simulation Monitor", "HistoryName": "Interactive.172", "logFile": "/home/hrahimi/projects/POTENTIOSTAT_26/logs_hrahimi/logs0/Job7.log", "logFileSize": "44322"}
[2026-06-09 20:42:33.761 Z] [EVENT] [cadence.virtuoso.ade.simulationMonitor] - NewPoint {"history": "Interactive.172", "point": 22, "testname": "VT26_TOP_top_tb_TRAN_BIO", "cornername": "C0_21", "event": "NewPoint", "EventSource": "ams", "HistoryName": "Interactive.172", "logFile": "/home/hrahimi/projects/POTENTIOSTAT_26/Sim/Potentiostat_Top/topsyh_tb/maestro/results/maestro/Interactive.172/22/VT26_TOP_top_tb_TRAN_BIO/psf/xrun.log", "logFileSize": "-1"}
[2026-06-09 20:42:33.776 Z] [PROCESS] [cadence.virtuoso.ade.simulationMonitor] - Simulator launched {"hostname": "il2244vt26_hrahimi", "processid": 3921152, "history": "Interactive.172", "testname": "VT26_TOP_top_tb_TRAN_BIO", "cornername": "C0_21", "point": 22, "logfile": "/home/hrahimi/projects/POTENTIOSTAT_26/logs_hrahimi/logs0/Job7.log", "simid": "5"}
[2026-06-09 20:42:33.848 Z] [PROCESS] [cadence.virtuoso.ade.simulationMonitor] - Started Simulation {"hostname": "il2244vt26_hrahimi", "processid": 3921152, "history": "Interactive.172", "testname": "VT26_TOP_top_tb_TRAN_BIO", "cornername": "C0_21", "point": 22, "logfile": "/home/hrahimi/projects/POTENTIOSTAT_26/logs_hrahimi/logs0/Job7.log", "event": "started", "task": "simulation"}
[2026-06-09 20:42:43.421 Z] [ERROR] [cadence.virtuoso.ade.simulationMonitor] - xrun: *E,ELBERR: Error (*E) or soft error (*SE) occurred during elaboration (status 1), exiting. {"history": "Interactive.172", "point": 22, "testname": "VT26_TOP_top_tb_TRAN_BIO", "cornername": "C0_21"}
[2026-06-09 20:42:43.422 Z] [PROCESS] [cadence.virtuoso.ade.simulationMonitor] - Finished simulating for one point {"hostname": "il2244vt26_hrahimi", "processid": 3921152, "history": "Interactive.172", "testname": "VT26_TOP_top_tb_TRAN_BIO", "cornername": "C0_21", "point": 22, "logfile": "/home/hrahimi/projects/POTENTIOSTAT_26/logs_hrahimi/logs0/Job7.log", "simid": "5"}
[2026-06-09 20:42:43.422 Z] [ERROR] [cadence.virtuoso.ade.simulationMonitor] - While simulating run Interactive.172, point 22, test VT26_TOP_top_tb_TRAN_BIO, received error:
Simulation Error:
 The simulator process returned a non-zero exit code, indicating failure.
The simulator could have crashed or intentionally returned to indicate an error.
Check the simulator log file for more information.  Common causes:
1. Simulator may have crashed during exit even after reporting success in log file.
2. Abrupt automatic simulator termination (e.g., SIGKILL) because the simulator process has
... {"history": "Interactive.172", "point": 22, "testname": "VT26_TOP_top_tb_TRAN_BIO", "cornername": "C0_21"}
[2026-06-09 20:42:43.423 Z] [PROCESS] [cadence.virtuoso.ade.simulationMonitor] - Finished Simulation {"hostname": "il2244vt26_hrahimi", "processid": 3921152, "history": "Interactive.172", "testname": "VT26_TOP_top_tb_TRAN_BIO", "cornername": "C0_21", "point": 22, "logfile": "/home/hrahimi/projects/POTENTIOSTAT_26/logs_hrahimi/logs0/Job7.log", "simid": "5"}
[2026-06-09 20:42:43.433 Z] [PROCESS] [cadence.virtuoso.ade.simulationMonitor] - Stay with the runId '7', Linger time '300', currentRunSyn '11', currentTestSyn '12' {"hostname": "il2244vt26_hrahimi", "processid": 3921152, "history": "Interactive.172", "testname": "VT26_TOP_top_tb_TRAN_BIO", "cornername": "C0_21", "point": 22, "logfile": "/home/hrahimi/projects/POTENTIOSTAT_26/logs_hrahimi/logs0/Job7.log"}
[2026-06-09 20:42:44.444 Z] [PROCESS] [cadence.virtuoso.ade.simulationMonitor] - Stay with the runId '7', Linger time '300', currentRunSyn '11', currentTestSyn '12' {"hostname": "il2244vt26_hrahimi", "processid": 3921152, "history": "Interactive.172", "testname": "VT26_TOP_top_tb_TRAN_BIO", "cornername": "C0_21", "point": 22, "logfile": "/home/hrahimi/projects/POTENTIOSTAT_26/logs_hrahimi/logs0/Job7.log"}
[2026-06-09 20:42:45.455 Z] [PROCESS] [cadence.virtuoso.ade.simulationMonitor] - Stay with the runId '7', Linger time '300', currentRunSyn '11', currentTestSyn '12' {"hostname": "il2244vt26_hrahimi", "processid": 3921152, "history": "Interactive.172", "testname": "VT26_TOP_top_tb_TRAN_BIO", "cornername": "C0_21", "point": 22, "logfile": "/home/hrahimi/projects/POTENTIOSTAT_26/logs_hrahimi/logs0/Job7.log"}
[2026-06-09 20:42:46.456 Z] [PROCESS] [cadence.virtuoso.ade.simulationMonitor] - Stay with the runId '7', Linger time '300', currentRunSyn '11', currentTestSyn '12' {"hostname": "il2244vt26_hrahimi", "processid": 3921152, "history": "Interactive.172", "testname": "VT26_TOP_top_tb_TRAN_BIO", "cornername": "C0_21", "point": 22, "logfile": "/home/hrahimi/projects/POTENTIOSTAT_26/logs_hrahimi/logs0/Job7.log"}
[2026-06-09 20:42:47.465 Z] [PROCESS] [cadence.virtuoso.ade.simulationMonitor] - Stay with the runId '7', Linger time '300', currentRunSyn '11', currentTestSyn '12' {"hostname": "il2244vt26_hrahimi", "processid": 3921152, "history": "Interactive.172", "testname": "VT26_TOP_top_tb_TRAN_BIO", "cornername": "C0_21", "point": 22, "logfile": "/home/hrahimi/projects/POTENTIOSTAT_26/logs_hrahimi/logs0/Job7.log"}
[2026-06-09 20:42:48.474 Z] [PROCESS] [cadence.virtuoso.ade.simulationMonitor] - HostInfo:
Host name (type):	il2244vt26_hrahimi (x86_64)
Operating system:	Linux 5.15.0-164-generic #174-Ubuntu SMP Fri Nov 14 20:25:16 UTC 2025 {"hostname": "il2244vt26_hrahimi", "processid": 3921152, "history": "Interactive.172", "testname": "VT26_TOP_top_tb_TRAN_BIO", "cornername": "C0_21", "point": 22, "logfile": "/home/hrahimi/projects/POTENTIOSTAT_26/logs_hrahimi/logs0/Job7.log", "nodename": "il2244vt26_hrahimi", "domainname": "(none)", "machine": "x86_64", "sysname": "Linux", "release": "5.15.0-164-generic", "version": "#174-Ubuntu SMP Fri Nov 14 20:25:16 UTC 2025"}
[2026-06-09 20:42:48.474 Z] [PROCESS] [cadence.virtuoso.ade.simulationMonitor] - UsageInfo:
pid=3921152
totalPhysicalMemory=3023.749672GB,Used=2814.681694GB,totalVirtualMemory=3031.749668GB,Used=2814.789848GB
Cpu: Cores=48, Load average:8.780000,7.690000,7.120000 {"hostname": "il2244vt26_hrahimi", "processid": 3921152, "history": "Interactive.172", "testname": "VT26_TOP_top_tb_TRAN_BIO", "cornername": "C0_21", "point": 22, "logfile": "/home/hrahimi/projects/POTENTIOSTAT_26/logs_hrahimi/logs0/Job7.log", "pid": "3921152", "totalPhysicalMemory": "3023.749672", "physicalMemoryUsed": "2814.681694", "totalVirtualMemory": "3031.749668", "virtualMemoryUsed": "2814.789848", "cpuCores": "48", "processes": "29659", "loadAverage1": "8.780000", "loadAverage5": "7.690000", "loadAverage15": "7.120000", "loadAverage1Percent": "0.182917"}
[2026-06-09 20:42:48.476 Z] [EVENT] [cadence.virtuoso.ade.simulationMonitor] - NewPoint {"history": "Interactive.172", "point": 31, "testname": "VT26_TOP_top_tb_TRAN_BIO", "cornername": "C0_30", "event": "NewPoint", "EventSource": "Simulation Monitor", "HistoryName": "Interactive.172", "logFile": "/home/hrahimi/projects/POTENTIOSTAT_26/logs_hrahimi/logs0/Job7.log", "logFileSize": "51171"}
[2026-06-09 20:42:48.578 Z] [EVENT] [cadence.virtuoso.ade.simulationMonitor] - NewPoint {"history": "Interactive.172", "point": 31, "testname": "VT26_TOP_top_tb_TRAN_BIO", "cornername": "C0_30", "event": "NewPoint", "EventSource": "ams", "HistoryName": "Interactive.172", "logFile": "/home/hrahimi/projects/POTENTIOSTAT_26/Sim/Potentiostat_Top/topsyh_tb/maestro/results/maestro/Interactive.172/31/VT26_TOP_top_tb_TRAN_BIO/psf/xrun.log", "logFileSize": "-1"}
[2026-06-09 20:42:48.592 Z] [PROCESS] [cadence.virtuoso.ade.simulationMonitor] - Simulator launched {"hostname": "il2244vt26_hrahimi", "processid": 3921152, "history": "Interactive.172", "testname": "VT26_TOP_top_tb_TRAN_BIO", "cornername": "C0_30", "point": 31, "logfile": "/home/hrahimi/projects/POTENTIOSTAT_26/logs_hrahimi/logs0/Job7.log", "simid": "6"}
[2026-06-09 20:42:48.663 Z] [PROCESS] [cadence.virtuoso.ade.simulationMonitor] - Started Simulation {"hostname": "il2244vt26_hrahimi", "processid": 3921152, "history": "Interactive.172", "testname": "VT26_TOP_top_tb_TRAN_BIO", "cornername": "C0_30", "point": 31, "logfile": "/home/hrahimi/projects/POTENTIOSTAT_26/logs_hrahimi/logs0/Job7.log", "event": "started", "task": "simulation"}
[2026-06-09 20:42:58.236 Z] [ERROR] [cadence.virtuoso.ade.simulationMonitor] - xrun: *E,ELBERR: Error (*E) or soft error (*SE) occurred during elaboration (status 1), exiting. {"history": "Interactive.172", "point": 31, "testname": "VT26_TOP_top_tb_TRAN_BIO", "cornername": "C0_30"}
[2026-06-09 20:42:58.237 Z] [PROCESS] [cadence.virtuoso.ade.simulationMonitor] - Finished simulating for one point {"hostname": "il2244vt26_hrahimi", "processid": 3921152, "history": "Interactive.172", "testname": "VT26_TOP_top_tb_TRAN_BIO", "cornername": "C0_30", "point": 31, "logfile": "/home/hrahimi/projects/POTENTIOSTAT_26/logs_hrahimi/logs0/Job7.log", "simid": "6"}
[2026-06-09 20:42:58.238 Z] [ERROR] [cadence.virtuoso.ade.simulationMonitor] - While simulating run Interactive.172, point 31, test VT26_TOP_top_tb_TRAN_BIO, received error:
Simulation Error:
 The simulator process returned a non-zero exit code, indicating failure.
The simulator could have crashed or intentionally returned to indicate an error.
Check the simulator log file for more information.  Common causes:
1. Simulator may have crashed during exit even after reporting success in log file.
2. Abrupt automatic simulator termination (e.g., SIGKILL) because the simulator process has
... {"history": "Interactive.172", "point": 31, "testname": "VT26_TOP_top_tb_TRAN_BIO", "cornername": "C0_30"}
[2026-06-09 20:42:58.238 Z] [PROCESS] [cadence.virtuoso.ade.simulationMonitor] - Finished Simulation {"hostname": "il2244vt26_hrahimi", "processid": 3921152, "history": "Interactive.172", "testname": "VT26_TOP_top_tb_TRAN_BIO", "cornername": "C0_30", "point": 31, "logfile": "/home/hrahimi/projects/POTENTIOSTAT_26/logs_hrahimi/logs0/Job7.log", "simid": "6"}
[2026-06-09 20:42:58.248 Z] [PROCESS] [cadence.virtuoso.ade.simulationMonitor] - Stay with the runId '7', Linger time '300', currentRunSyn '11', currentTestSyn '12' {"hostname": "il2244vt26_hrahimi", "processid": 3921152, "history": "Interactive.172", "testname": "VT26_TOP_top_tb_TRAN_BIO", "cornername": "C0_30", "point": 31, "logfile": "/home/hrahimi/projects/POTENTIOSTAT_26/logs_hrahimi/logs0/Job7.log"}
[2026-06-09 20:42:59.260 Z] [PROCESS] [cadence.virtuoso.ade.simulationMonitor] - Stay with the runId '7', Linger time '300', currentRunSyn '11', currentTestSyn '12' {"hostname": "il2244vt26_hrahimi", "processid": 3921152, "history": "Interactive.172", "testname": "VT26_TOP_top_tb_TRAN_BIO", "cornername": "C0_30", "point": 31, "logfile": "/home/hrahimi/projects/POTENTIOSTAT_26/logs_hrahimi/logs0/Job7.log"}
[2026-06-09 20:43:00.272 Z] [PROCESS] [cadence.virtuoso.ade.simulationMonitor] - Stay with the runId '7', Linger time '300', currentRunSyn '11', currentTestSyn '12' {"hostname": "il2244vt26_hrahimi", "processid": 3921152, "history": "Interactive.172", "testname": "VT26_TOP_top_tb_TRAN_BIO", "cornername": "C0_30", "point": 31, "logfile": "/home/hrahimi/projects/POTENTIOSTAT_26/logs_hrahimi/logs0/Job7.log"}
[2026-06-09 20:43:01.289 Z] [PROCESS] [cadence.virtuoso.ade.simulationMonitor] - Stay with the runId '7', Linger time '300', currentRunSyn '11', currentTestSyn '12' {"hostname": "il2244vt26_hrahimi", "processid": 3921152, "history": "Interactive.172", "testname": "VT26_TOP_top_tb_TRAN_BIO", "cornername": "C0_30", "point": 31, "logfile": "/home/hrahimi/projects/POTENTIOSTAT_26/logs_hrahimi/logs0/Job7.log"}
[2026-06-09 20:43:02.288 Z] [PROCESS] [cadence.virtuoso.ade.simulationMonitor] - Stay with the runId '7', Linger time '300', currentRunSyn '11', currentTestSyn '12' {"hostname": "il2244vt26_hrahimi", "processid": 3921152, "history": "Interactive.172", "testname": "VT26_TOP_top_tb_TRAN_BIO", "cornername": "C0_30", "point": 31, "logfile": "/home/hrahimi/projects/POTENTIOSTAT_26/logs_hrahimi/logs0/Job7.log"}
[2026-06-09 20:43:03.289 Z] [PROCESS] [cadence.virtuoso.ade.simulationMonitor] - Stay with the runId '7', Linger time '300', currentRunSyn '11', currentTestSyn '12' {"hostname": "il2244vt26_hrahimi", "processid": 3921152, "history": "Interactive.172", "testname": "VT26_TOP_top_tb_TRAN_BIO", "cornername": "C0_30", "point": 31, "logfile": "/home/hrahimi/projects/POTENTIOSTAT_26/logs_hrahimi/logs0/Job7.log"}
[2026-06-09 20:43:04.299 Z] [PROCESS] [cadence.virtuoso.ade.simulationMonitor] - Stay with the runId '7', Linger time '300', currentRunSyn '11', currentTestSyn '12' {"hostname": "il2244vt26_hrahimi", "processid": 3921152, "history": "Interactive.172", "testname": "VT26_TOP_top_tb_TRAN_BIO", "cornername": "C0_30", "point": 31, "logfile": "/home/hrahimi/projects/POTENTIOSTAT_26/logs_hrahimi/logs0/Job7.log"}
[2026-06-09 20:43:05.306 Z] [PROCESS] [cadence.virtuoso.ade.simulationMonitor] - Stay with the runId '7', Linger time '300', currentRunSyn '11', currentTestSyn '12' {"hostname": "il2244vt26_hrahimi", "processid": 3921152, "history": "Interactive.172", "testname": "VT26_TOP_top_tb_TRAN_BIO", "cornername": "C0_30", "point": 31, "logfile": "/home/hrahimi/projects/POTENTIOSTAT_26/logs_hrahimi/logs0/Job7.log"}
[2026-06-09 20:43:06.313 Z] [PROCESS] [cadence.virtuoso.ade.simulationMonitor] - Stay with the runId '7', Linger time '300', currentRunSyn '11', currentTestSyn '12' {"hostname": "il2244vt26_hrahimi", "processid": 3921152, "history": "Interactive.172", "testname": "VT26_TOP_top_tb_TRAN_BIO", "cornername": "C0_30", "point": 31, "logfile": "/home/hrahimi/projects/POTENTIOSTAT_26/logs_hrahimi/logs0/Job7.log"}
[2026-06-09 20:43:07.323 Z] [PROCESS] [cadence.virtuoso.ade.simulationMonitor] - Stay with the runId '7', Linger time '300', currentRunSyn '11', currentTestSyn '12' {"hostname": "il2244vt26_hrahimi", "processid": 3921152, "history": "Interactive.172", "testname": "VT26_TOP_top_tb_TRAN_BIO", "cornername": "C0_30", "point": 31, "logfile": "/home/hrahimi/projects/POTENTIOSTAT_26/logs_hrahimi/logs0/Job7.log"}
[2026-06-09 20:43:08.324 Z] [PROCESS] [cadence.virtuoso.ade.simulationMonitor] - Stay with the runId '7', Linger time '300', currentRunSyn '11', currentTestSyn '12' {"hostname": "il2244vt26_hrahimi", "processid": 3921152, "history": "Interactive.172", "testname": "VT26_TOP_top_tb_TRAN_BIO", "cornername": "C0_30", "point": 31, "logfile": "/home/hrahimi/projects/POTENTIOSTAT_26/logs_hrahimi/logs0/Job7.log"}
[2026-06-09 20:45:39.200 Z] [PROCESS] [cadence.virtuoso.ade.simulationMonitor] - Started History {"hostname": "il2244vt26_hrahimi", "processid": 3921152, "history": "Interactive.173", "testname": "VT26_TOP_top_tb_TRAN_BIO", "cornername": "C0_30", "point": 31, "logfile": "/home/hrahimi/projects/POTENTIOSTAT_26/logs_hrahimi/logs0/Job7.log"}
[2026-06-09 20:45:39.202 Z] [PROCESS] [cadence.virtuoso.ade.simulationMonitor] - HostInfo:
Host name (type):	il2244vt26_hrahimi (x86_64)
Operating system:	Linux 5.15.0-164-generic #174-Ubuntu SMP Fri Nov 14 20:25:16 UTC 2025 {"hostname": "il2244vt26_hrahimi", "processid": 3921152, "history": "Interactive.173", "testname": "VT26_TOP_top_tb_TRAN_BIO", "cornername": "C0_30", "point": 31, "logfile": "/home/hrahimi/projects/POTENTIOSTAT_26/logs_hrahimi/logs0/Job7.log", "nodename": "il2244vt26_hrahimi", "domainname": "(none)", "machine": "x86_64", "sysname": "Linux", "release": "5.15.0-164-generic", "version": "#174-Ubuntu SMP Fri Nov 14 20:25:16 UTC 2025"}
[2026-06-09 20:45:39.202 Z] [PROCESS] [cadence.virtuoso.ade.simulationMonitor] - UsageInfo:
pid=3921152
totalPhysicalMemory=3023.749672GB,Used=2814.137463GB,totalVirtualMemory=3031.749668GB,Used=2814.245617GB
Cpu: Cores=48, Load average:7.410000,7.690000,7.230000 {"hostname": "il2244vt26_hrahimi", "processid": 3921152, "history": "Interactive.173", "testname": "VT26_TOP_top_tb_TRAN_BIO", "cornername": "C0_30", "point": 31, "logfile": "/home/hrahimi/projects/POTENTIOSTAT_26/logs_hrahimi/logs0/Job7.log", "pid": "3921152", "totalPhysicalMemory": "3023.749672", "physicalMemoryUsed": "2814.137463", "totalVirtualMemory": "3031.749668", "virtualMemoryUsed": "2814.245617", "cpuCores": "48", "processes": "29620", "loadAverage1": "7.410000", "loadAverage5": "7.690000", "loadAverage15": "7.230000", "loadAverage1Percent": "0.154375"}
[2026-06-09 20:45:39.204 Z] [EVENT] [cadence.virtuoso.ade.simulationMonitor] - NewPoint {"history": "Interactive.173", "point": 1, "testname": "VT26_TOP_top_tb_TRAN_BIO", "cornername": "Nominal", "event": "NewPoint", "EventSource": "Simulation Monitor", "HistoryName": "Interactive.173", "logFile": "/home/hrahimi/projects/POTENTIOSTAT_26/logs_hrahimi/logs0/Job7.log", "logFileSize": "60815"}
[2026-06-09 20:45:39.307 Z] [EVENT] [cadence.virtuoso.ade.simulationMonitor] - NewPoint {"history": "Interactive.173", "point": 1, "testname": "VT26_TOP_top_tb_TRAN_BIO", "cornername": "Nominal", "event": "NewPoint", "EventSource": "ams", "HistoryName": "Interactive.173", "logFile": "/home/hrahimi/projects/POTENTIOSTAT_26/Sim/Potentiostat_Top/topsyh_tb/maestro/results/maestro/Interactive.173/1/VT26_TOP_top_tb_TRAN_BIO/psf/xrun.log", "logFileSize": "-1"}
[2026-06-09 20:45:39.323 Z] [PROCESS] [cadence.virtuoso.ade.simulationMonitor] - Simulator launched {"hostname": "il2244vt26_hrahimi", "processid": 3921152, "history": "Interactive.173", "testname": "VT26_TOP_top_tb_TRAN_BIO", "cornername": "Nominal", "point": 1, "logfile": "/home/hrahimi/projects/POTENTIOSTAT_26/logs_hrahimi/logs0/Job7.log", "simid": "7"}
[2026-06-09 20:45:39.327 Z] [PROCESS] [cadence.virtuoso.ade.simulationMonitor] - Expression evaluator launched {"hostname": "il2244vt26_hrahimi", "processid": 3921152, "history": "Interactive.173", "testname": "VT26_TOP_top_tb_TRAN_BIO", "cornername": "Nominal", "point": 1, "logfile": "/home/hrahimi/projects/POTENTIOSTAT_26/logs_hrahimi/logs0/Job7.log"}
[2026-06-09 20:45:39.401 Z] [PROCESS] [cadence.virtuoso.ade.simulationMonitor] - Started Simulation {"hostname": "il2244vt26_hrahimi", "processid": 3921152, "history": "Interactive.173", "testname": "VT26_TOP_top_tb_TRAN_BIO", "cornername": "Nominal", "point": 1, "logfile": "/home/hrahimi/projects/POTENTIOSTAT_26/logs_hrahimi/logs0/Job7.log", "event": "started", "task": "simulation"}
[2026-06-09 20:46:22.469 Z] [WARN] [cadence.virtuoso.ade.simulationMonitor] -     WARNING (SPECTRE-691): This CPU processor does not support x86 advanced vector extensions instructions. This may affect math operations and slow down the simulation. {"history": "Interactive.173", "point": 1, "testname": "VT26_TOP_top_tb_TRAN_BIO", "cornername": "Nominal"}
[2026-06-09 20:46:22.469 Z] [INFO] [cadence.virtuoso.ade.simulationMonitor] - Notice from spectre during circuit read-in.
    Pre_Configuration file used: /opt/tools/cadence/installs/SPECTRE241/tools.lnx86/spectre/etc/configs/preset.precfg {"history": "Interactive.173", "point": 1, "testname": "VT26_TOP_top_tb_TRAN_BIO", "cornername": "Nominal"}
[2026-06-09 20:46:23.970 Z] [WARN] [cadence.virtuoso.ade.simulationMonitor] -     WARNING (VACOMP-2435): The environment variable CDS_AHDLCMI_ENABLE is no longer supported. Therefore, the simulator will use the default compiled C code flow. {"history": "Interactive.173", "point": 1, "testname": "VT26_TOP_top_tb_TRAN_BIO", "cornername": "Nominal"}
[2026-06-09 20:46:23.970 Z] [INFO] [cadence.virtuoso.ade.simulationMonitor] - Peak resident memory used = 217 Mbytes. {"history": "Interactive.173", "point": 1, "testname": "VT26_TOP_top_tb_TRAN_BIO", "cornername": "Nominal"}
[2026-06-09 20:46:27.043 Z] [WARN] [cadence.virtuoso.ade.simulationMonitor] -     WARNING (SFE-3013): The dangling device topsyh_tb.I0.I3|I6|avD41_3_turbo_m10.I4 is removed. {"history": "Interactive.173", "point": 1, "testname": "VT26_TOP_top_tb_TRAN_BIO", "cornername": "Nominal"}
[2026-06-09 20:46:27.044 Z] [WARN] [cadence.virtuoso.ade.simulationMonitor] -     WARNING (SFE-3030): The dangling capacitor topsyh_tb.I0.c14670 is removed. {"history": "Interactive.173", "point": 1, "testname": "VT26_TOP_top_tb_TRAN_BIO", "cornername": "Nominal"}
[2026-06-09 20:46:27.044 Z] [WARN] [cadence.virtuoso.ade.simulationMonitor] -     WARNING (SFE-3029): The dummy capacitor topsyh_tb.I0.I3|I19|RLIB_GC1.CS1 is removed. {"history": "Interactive.173", "point": 1, "testname": "VT26_TOP_top_tb_TRAN_BIO", "cornername": "Nominal"}
[2026-06-09 20:46:27.044 Z] [WARN] [cadence.virtuoso.ade.simulationMonitor] -     WARNING (SFE-3029): The dummy capacitor topsyh_tb.I0.I4|I25|I33|R32_turbo_m6.CS0 is removed. {"history": "Interactive.173", "point": 1, "testname": "VT26_TOP_top_tb_TRAN_BIO", "cornername": "Nominal"}
[2026-06-09 20:46:27.044 Z] [WARN] [cadence.virtuoso.ade.simulationMonitor] -     WARNING (SFE-3029): The dummy capacitor topsyh_tb.I0.I4|I25|I33|R32_turbo_m6.CS1 is removed. {"history": "Interactive.173", "point": 1, "testname": "VT26_TOP_top_tb_TRAN_BIO", "cornername": "Nominal"}
[2026-06-09 20:46:27.045 Z] [WARN] [cadence.virtuoso.ade.simulationMonitor] -     WARNING (SFE-3012): The dummy device topsyh_tb.I0.I4|I25|I33|MN22(1) is removed. {"history": "Interactive.173", "point": 1, "testname": "VT26_TOP_top_tb_TRAN_BIO", "cornername": "Nominal"}
[2026-06-09 20:46:27.045 Z] [WARN] [cadence.virtuoso.ade.simulationMonitor] -     WARNING (SFE-3029): The dummy capacitor topsyh_tb.I0.I1|I0|R3.CS0 is removed. {"history": "Interactive.173", "point": 1, "testname": "VT26_TOP_top_tb_TRAN_BIO", "cornername": "Nominal"}
[2026-06-09 20:46:27.045 Z] [WARN] [cadence.virtuoso.ade.simulationMonitor] -     WARNING (SFE-3029): The dummy capacitor topsyh_tb.I0.I1|I1|R2.CS0 is removed.
        Further occurrences of this warning will be suppressed. {"history": "Interactive.173", "point": 1, "testname": "VT26_TOP_top_tb_TRAN_BIO", "cornername": "Nominal"}
[2026-06-09 20:46:27.045 Z] [WARN] [cadence.virtuoso.ade.simulationMonitor] -     WARNING (SFE-3012): The dummy device topsyh_tb.I0.I29|I15|Q6(23)_turbo_m24 is removed. {"history": "Interactive.173", "point": 1, "testname": "VT26_TOP_top_tb_TRAN_BIO", "cornername": "Nominal"}
[2026-06-09 20:46:27.045 Z] [WARN] [cadence.virtuoso.ade.simulationMonitor] -     WARNING (SFE-3012): The dummy device topsyh_tb.I0.I2|I2|MP31(3)_turbo_m4 is removed. {"history": "Interactive.173", "point": 1, "testname": "VT26_TOP_top_tb_TRAN_BIO", "cornername": "Nominal"}
[2026-06-09 20:46:27.046 Z] [WARN] [cadence.virtuoso.ade.simulationMonitor] -     WARNING (SFE-3026): The shorted/dummy resistor topsyh_tb.I0.I3|I45|RSTAR_VDD3O_1__rcx is removed. {"history": "Interactive.173", "point": 1, "testname": "VT26_TOP_top_tb_TRAN_BIO", "cornername": "Nominal"}
[2026-06-09 20:46:27.046 Z] [WARN] [cadence.virtuoso.ade.simulationMonitor] -     WARNING (SFE-3026): The shorted/dummy resistor topsyh_tb.I0.I3|I46|R2_6__rcx is removed. {"history": "Interactive.173", "point": 1, "testname": "VT26_TOP_top_tb_TRAN_BIO", "cornername": "Nominal"}
[2026-06-09 20:46:27.046 Z] [WARN] [cadence.virtuoso.ade.simulationMonitor] -     WARNING (SFE-3026): The shorted/dummy resistor topsyh_tb.I0.I3|I46|R2_2__rcx is removed. {"history": "Interactive.173", "point": 1, "testname": "VT26_TOP_top_tb_TRAN_BIO", "cornername": "Nominal"}
[2026-06-09 20:46:27.046 Z] [WARN] [cadence.virtuoso.ade.simulationMonitor] -     WARNING (SFE-3012): The dummy device topsyh_tb.I0.I1|I2|Q3(30)_turbo_m63 is removed. {"history": "Interactive.173", "point": 1, "testname": "VT26_TOP_top_tb_TRAN_BIO", "cornername": "Nominal"}
[2026-06-09 20:46:27.046 Z] [WARN] [cadence.virtuoso.ade.simulationMonitor] -     WARNING (SFE-3026): The shorted/dummy resistor topsyh_tb.I0.I3|I46|R2_4__rcx is removed. {"history": "Interactive.173", "point": 1, "testname": "VT26_TOP_top_tb_TRAN_BIO", "cornername": "Nominal"}
[2026-06-09 20:46:27.047 Z] [WARN] [cadence.virtuoso.ade.simulationMonitor] -     WARNING (SFE-3026): The shorted/dummy resistor topsyh_tb.I0.I3|I46|R2_3__rcx is removed.
        Further occurrences of this warning will be suppressed. {"history": "Interactive.173", "point": 1, "testname": "VT26_TOP_top_tb_TRAN_BIO", "cornername": "Nominal"}
[2026-06-09 20:46:27.047 Z] [WARN] [cadence.virtuoso.ade.simulationMonitor] -     WARNING (SFE-3012): The dummy device topsyh_tb.I0.I29|I15|MN31(3)_turbo_m4 is removed.
        Further occurrences of this warning will be suppressed. {"history": "Interactive.173", "point": 1, "testname": "VT26_TOP_top_tb_TRAN_BIO", "cornername": "Nominal"}
[2026-06-09 20:46:27.047 Z] [WARN] [cadence.virtuoso.ade.simulationMonitor] -     WARNING (SFE-3016): The floating node vdd3r1! is removed. {"history": "Interactive.173", "point": 1, "testname": "VT26_TOP_top_tb_TRAN_BIO", "cornername": "Nominal"}
[2026-06-09 20:46:27.047 Z] [WARN] [cadence.virtuoso.ade.simulationMonitor] -     WARNING (SFE-3016): The floating node vdd3r2! is removed. {"history": "Interactive.173", "point": 1, "testname": "VT26_TOP_top_tb_TRAN_BIO", "cornername": "Nominal"}
[2026-06-09 20:46:27.047 Z] [WARN] [cadence.virtuoso.ade.simulationMonitor] -     WARNING (SFE-3015): The dangling node topsyh_tb.I0.avC121 is removed. {"history": "Interactive.173", "point": 1, "testname": "VT26_TOP_top_tb_TRAN_BIO", "cornername": "Nominal"}
[2026-06-09 20:46:27.048 Z] [WARN] [cadence.virtuoso.ade.simulationMonitor] -     WARNING (SFE-3015): The dangling node topsyh_tb.I0.1163\:vdd3o! is removed. {"history": "Interactive.173", "point": 1, "testname": "VT26_TOP_top_tb_TRAN_BIO", "cornername": "Nominal"}
[2026-06-09 20:46:27.048 Z] [INFO] [cadence.virtuoso.ade.simulationMonitor] - Notice from spectre during hierarchy flattening.
    Spectre X Parasitic Optimization enabled. {"history": "Interactive.173", "point": 1, "testname": "VT26_TOP_top_tb_TRAN_BIO", "cornername": "Nominal"}
[2026-06-09 20:46:29.049 Z] [INFO] [cadence.virtuoso.ade.simulationMonitor] - Peak resident memory used = 291 Mbytes. {"history": "Interactive.173", "point": 1, "testname": "VT26_TOP_top_tb_TRAN_BIO", "cornername": "Nominal"}
[2026-06-09 20:46:29.049 Z] [INFO] [cadence.virtuoso.ade.simulationMonitor] - Notice from spectre during hierarchy flattening.
    The value 'psf' specified for the 'checklimitdest' option will no longer be supported in future releases. Use 'spectre -h' to see other recommended values for the 'checklimitdest' option. {"history": "Interactive.173", "point": 1, "testname": "VT26_TOP_top_tb_TRAN_BIO", "cornername": "Nominal"}
[2026-06-09 20:46:31.119 Z] [INFO] [cadence.virtuoso.ade.simulationMonitor] - Peak resident memory used = 332 Mbytes. {"history": "Interactive.173", "point": 1, "testname": "VT26_TOP_top_tb_TRAN_BIO", "cornername": "Nominal"}
[2026-06-09 20:46:31.119 Z] [WARN] [cadence.virtuoso.ade.simulationMonitor] -     WARNING (CMI-2425): topsyh_tb.I0.I1|I4|C1(0)_turbo_m11: `Acde' = 2.393 is unusually large. {"history": "Interactive.173", "point": 1, "testname": "VT26_TOP_top_tb_TRAN_BIO", "cornername": "Nominal"}
[2026-06-09 20:46:31.119 Z] [WARN] [cadence.virtuoso.ade.simulationMonitor] -     WARNING (CMI-2425): topsyh_tb.I0.I1|I4|C1(0)_turbo_m11: `Noff' = 4.732 is unusually large. {"history": "Interactive.173", "point": 1, "testname": "VT26_TOP_top_tb_TRAN_BIO", "cornername": "Nominal"}
[2026-06-09 20:46:31.119 Z] [WARN] [cadence.virtuoso.ade.simulationMonitor] -     WARNING (CMI-2424): topsyh_tb.I0.I1|I4|C1(0)_turbo_m11: `Voffcv' = -867.4e-03 is unusually small. {"history": "Interactive.173", "point": 1, "testname": "VT26_TOP_top_tb_TRAN_BIO", "cornername": "Nominal"}
[2026-06-09 20:46:31.120 Z] [WARN] [cadence.virtuoso.ade.simulationMonitor] -     WARNING (CMI-2425): topsyh_tb.I0.I1|I0|C0(0)_turbo_m6: `Acde' = 2.393 is unusually large. {"history": "Interactive.173", "point": 1, "testname": "VT26_TOP_top_tb_TRAN_BIO", "cornername": "Nominal"}
[2026-06-09 20:46:31.120 Z] [WARN] [cadence.virtuoso.ade.simulationMonitor] -     WARNING (CMI-2425): topsyh_tb.I0.I1|I0|C0(0)_turbo_m6: `Noff' = 4.732 is unusually large. {"history": "Interactive.173", "point": 1, "testname": "VT26_TOP_top_tb_TRAN_BIO", "cornername": "Nominal"}
[2026-06-09 20:46:31.120 Z] [WARN] [cadence.virtuoso.ade.simulationMonitor] -     WARNING (CMI-2424): topsyh_tb.I0.I1|I0|C0(0)_turbo_m6: `Voffcv' = -867.4e-03 is unusually small. {"history": "Interactive.173", "point": 1, "testname": "VT26_TOP_top_tb_TRAN_BIO", "cornername": "Nominal"}
[2026-06-09 20:46:31.120 Z] [WARN] [cadence.virtuoso.ade.simulationMonitor] -     WARNING (CMI-2425): topsyh_tb.I0.I1|I3|C1(0)_turbo_m6: `Acde' = 2.393 is unusually large.
        Further occurrences of this warning will be suppressed. {"history": "Interactive.173", "point": 1, "testname": "VT26_TOP_top_tb_TRAN_BIO", "cornername": "Nominal"}
[2026-06-09 20:46:31.120 Z] [WARN] [cadence.virtuoso.ade.simulationMonitor] -     WARNING (CMI-2424): topsyh_tb.I0.I1|I3|C1(0)_turbo_m6: `Voffcv' = -867.4e-03 is unusually small. {"history": "Interactive.173", "point": 1, "testname": "VT26_TOP_top_tb_TRAN_BIO", "cornername": "Nominal"}
[2026-06-09 20:46:34.121 Z] [WARN] [cadence.virtuoso.ade.simulationMonitor] -     WARNING (SPECTRE-17607): Assert `SOAC_vert10_vsubpsub' is ignored because it contains an expression which is invalid or not supported by native evaluator.  {"history": "Interactive.173", "point": 1, "testname": "VT26_TOP_top_tb_TRAN_BIO", "cornername": "Nominal"}
[2026-06-09 20:46:34.122 Z] [WARN] [cadence.virtuoso.ade.simulationMonitor] -     WARNING (SPECTRE-17607): Assert `SOAC_vert10_vcsub' is ignored because it contains an expression which is invalid or not supported by native evaluator.  {"history": "Interactive.173", "point": 1, "testname": "VT26_TOP_top_tb_TRAN_BIO", "cornername": "Nominal"}
[2026-06-09 20:46:34.122 Z] [WARN] [cadence.virtuoso.ade.simulationMonitor] -     WARNING (SPECTRE-17607): Assert `SOAC_rpolyh_vminuspsub' is ignored because it contains an expression which is invalid or not supported by native evaluator.  {"history": "Interactive.173", "point": 1, "testname": "VT26_TOP_top_tb_TRAN_BIO", "cornername": "Nominal"}
[2026-06-09 20:46:34.122 Z] [WARN] [cadence.virtuoso.ade.simulationMonitor] -     WARNING (SPECTRE-17607): Assert `SOAC_rpolyh_vpluspsub' is ignored because it contains an expression which is invalid or not supported by native evaluator.  {"history": "Interactive.173", "point": 1, "testname": "VT26_TOP_top_tb_TRAN_BIO", "cornername": "Nominal"}
[2026-06-09 20:46:34.122 Z] [WARN] [cadence.virtuoso.ade.simulationMonitor] -     WARNING (SPECTRE-17607): Assert `SOAC_rpoly2_vminuspsub' is ignored because it contains an expression which is invalid or not supported by native evaluator. 
        Further occurrences of this warning will be suppressed. {"history": "Interactive.173", "point": 1, "testname": "VT26_TOP_top_tb_TRAN_BIO", "cornername": "Nominal"}
[2026-06-09 20:46:34.123 Z] [WARN] [cadence.virtuoso.ade.simulationMonitor] -     WARNING (SPECTRE-16460): SOAC_cvarm_vspsub:Specified subcircuit master `cvarm' was not found. {"history": "Interactive.173", "point": 1, "testname": "VT26_TOP_top_tb_TRAN_BIO", "cornername": "Nominal"}
[2026-06-09 20:46:34.123 Z] [WARN] [cadence.virtuoso.ade.simulationMonitor] -     WARNING (SPECTRE-16462): SOAC_cvarm_vspsub:Error in specification of subcircuit master. Assert is ignored. {"history": "Interactive.173", "point": 1, "testname": "VT26_TOP_top_tb_TRAN_BIO", "cornername": "Nominal"}
[2026-06-09 20:46:34.693 Z] [WARN] [cadence.virtuoso.ade.simulationMonitor] -     WARNING (SPECTRE-16460): SOAC_cvarm_vbs:Specified subcircuit master `cvarm' was not found. {"history": "Interactive.173", "point": 1, "testname": "VT26_TOP_top_tb_TRAN_BIO", "cornername": "Nominal"}
[2026-06-09 20:46:34.694 Z] [WARN] [cadence.virtuoso.ade.simulationMonitor] -     WARNING (SPECTRE-16462): SOAC_cvarm_vbs:Error in specification of subcircuit master. Assert is ignored. {"history": "Interactive.173", "point": 1, "testname": "VT26_TOP_top_tb_TRAN_BIO", "cornername": "Nominal"}
[2026-06-09 20:46:34.694 Z] [WARN] [cadence.virtuoso.ade.simulationMonitor] -     WARNING (SPECTRE-16460): SOAC_cvarm_vgb:Specified subcircuit master `cvarm' was not found. {"history": "Interactive.173", "point": 1, "testname": "VT26_TOP_top_tb_TRAN_BIO", "cornername": "Nominal"}
[2026-06-09 20:46:34.694 Z] [WARN] [cadence.virtuoso.ade.simulationMonitor] -     WARNING (SPECTRE-16462): SOAC_cvarm_vgb:Error in specification of subcircuit master. Assert is ignored. {"history": "Interactive.173", "point": 1, "testname": "VT26_TOP_top_tb_TRAN_BIO", "cornername": "Nominal"}
[2026-06-09 20:46:34.695 Z] [WARN] [cadence.virtuoso.ade.simulationMonitor] -     WARNING (SPECTRE-16460): SOAC_cvart_vspsub:Specified subcircuit master `cvart' was not found. {"history": "Interactive.173", "point": 1, "testname": "VT26_TOP_top_tb_TRAN_BIO", "cornername": "Nominal"}
[2026-06-09 20:46:34.695 Z] [WARN] [cadence.virtuoso.ade.simulationMonitor] -     WARNING (SPECTRE-16462): SOAC_cvart_vspsub:Error in specification of subcircuit master. Assert is ignored. {"history": "Interactive.173", "point": 1, "testname": "VT26_TOP_top_tb_TRAN_BIO", "cornername": "Nominal"}
[2026-06-09 20:46:34.695 Z] [WARN] [cadence.virtuoso.ade.simulationMonitor] -     WARNING (SPECTRE-16460): SOAC_cvart_vbs:Specified subcircuit master `cvart' was not found.
        Further occurrences of this warning will be suppressed. {"history": "Interactive.173", "point": 1, "testname": "VT26_TOP_top_tb_TRAN_BIO", "cornername": "Nominal"}
[2026-06-09 20:46:34.695 Z] [WARN] [cadence.virtuoso.ade.simulationMonitor] -     WARNING (SPECTRE-16462): SOAC_cvart_vbs:Error in specification of subcircuit master. Assert is ignored.
        Further occurrences of this warning will be suppressed. {"history": "Interactive.173", "point": 1, "testname": "VT26_TOP_top_tb_TRAN_BIO", "cornername": "Nominal"}
[2026-06-09 20:46:34.695 Z] [INFO] [cadence.virtuoso.ade.simulationMonitor] - Notice from spectre during topology check.
    Only one connection to the following 9 nodes: {"history": "Interactive.173", "point": 1, "testname": "VT26_TOP_top_tb_TRAN_BIO", "cornername": "Nominal"}
[2026-06-09 20:46:39.197 Z] [WARN] [cadence.virtuoso.ade.simulationMonitor] -     WARNING (SPECTRE-592): Following parameters are disabled because they are ignored or redefined in Spectre X:
        Option Parameters:
          iabstol
          reltol
          vabstol
        Tran Parameters:
          errpreset
          maxiters
         {"history": "Interactive.173", "point": 1, "testname": "VT26_TOP_top_tb_TRAN_BIO", "cornername": "Nominal"}
[2026-06-09 20:46:39.200 Z] [INFO] [cadence.virtuoso.ade.simulationMonitor] -               nodes 32272 {"history": "Interactive.173", "point": 1, "testname": "VT26_TOP_top_tb_TRAN_BIO", "cornername": "Nominal"}
[2026-06-09 20:46:39.200 Z] [INFO] [cadence.virtuoso.ade.simulationMonitor] - Notice from spectre during initial setup.
    2 resistors are shorted because their absolute value is less than or equal to 'rabsshort'.
    Spectre X preset=cx enabled.
    Spectre X postlpreset=cx enabled.
    6 notices suppressed.
    31 warnings suppressed. {"history": "Interactive.173", "point": 1, "testname": "VT26_TOP_top_tb_TRAN_BIO", "cornername": "Nominal"}
[2026-06-09 20:46:39.201 Z] [INFO] [cadence.virtuoso.ade.simulationMonitor] - Notice from spectre.
    Multithreading enabled: 8 threads in the system with 48 available processors. {"history": "Interactive.173", "point": 1, "testname": "VT26_TOP_top_tb_TRAN_BIO", "cornername": "Nominal"}
[2026-06-09 20:46:39.201 Z] [INFO] [cadence.virtuoso.ade.simulationMonitor] - Peak resident memory used = 466 Mbytes. {"history": "Interactive.173", "point": 1, "testname": "VT26_TOP_top_tb_TRAN_BIO", "cornername": "Nominal"}
[2026-06-09 20:46:39.201 Z] [INFO] [cadence.virtuoso.ade.simulationMonitor] -    -   (Spectre X) Multi-threading. The recommended number of threads is [8, 16], consider adding +mt=8 or +mt=16 on command line. {"history": "Interactive.173", "point": 1, "testname": "VT26_TOP_top_tb_TRAN_BIO", "cornername": "Nominal"}
[2026-06-09 20:46:39.201 Z] [INFO] [cadence.virtuoso.ade.simulationMonitor] - Notice from spectre during transient analysis `tran'.
    No checklimit analysis defined for asserts. A default checklimit analysis 'SpectreChecklimitAnal' has been created with all asserts enabled. {"history": "Interactive.173", "point": 1, "testname": "VT26_TOP_top_tb_TRAN_BIO", "cornername": "Nominal"}
[2026-06-09 20:46:42.270 Z] [INFO] [cadence.virtuoso.ade.simulationMonitor] - Notice from spectre during IC analysis, during transient analysis `tran'.
    GminDC = 1 pS is large enough to noticeably affect the DC solution.
        dV(topsyh_tb.I0.20\:I4|I25|net2) = -128.01 mV
        Use the `gmin_check' option to eliminate or expand this report.
    Bad pivoting is found during DC analysis. Option dc_pivot_check=yes is recommended for possible improvement of convergence. {"history": "Interactive.173", "point": 1, "testname": "VT26_TOP_top_tb_TRAN_BIO", "cornername": "Nominal"}
[2026-06-09 20:53:59.419 Z] [WARN] [cadence.virtuoso.ade.simulationMonitor] -     WARNING (CMI-2425): topsyh_tb.I0.I1|I3|C1(0)_dummy: `Acde' = 2.393 is unusually large. {"history": "Interactive.173", "point": 1, "testname": "VT26_TOP_top_tb_TRAN_BIO", "cornername": "Nominal"}
[2026-06-09 20:53:59.420 Z] [WARN] [cadence.virtuoso.ade.simulationMonitor] -     WARNING (CMI-2425): topsyh_tb.I0.I1|I3|C1(0)_dummy: `Noff' = 4.732 is unusually large. {"history": "Interactive.173", "point": 1, "testname": "VT26_TOP_top_tb_TRAN_BIO", "cornername": "Nominal"}
[2026-06-09 20:53:59.420 Z] [WARN] [cadence.virtuoso.ade.simulationMonitor] -     WARNING (CMI-2424): topsyh_tb.I0.I1|I3|C1(0)_dummy: `Voffcv' = -867.4e-03 is unusually small. {"history": "Interactive.173", "point": 1, "testname": "VT26_TOP_top_tb_TRAN_BIO", "cornername": "Nominal"}
[2026-06-09 20:53:59.420 Z] [WARN] [cadence.virtuoso.ade.simulationMonitor] -     WARNING (CMI-2425): topsyh_tb.I0.I1|I0|C0(0)_dummy: `Acde' = 2.393 is unusually large. {"history": "Interactive.173", "point": 1, "testname": "VT26_TOP_top_tb_TRAN_BIO", "cornername": "Nominal"}
[2026-06-09 20:53:59.420 Z] [WARN] [cadence.virtuoso.ade.simulationMonitor] -     WARNING (CMI-2425): topsyh_tb.I0.I1|I0|C0(0)_dummy: `Noff' = 4.732 is unusually large. {"history": "Interactive.173", "point": 1, "testname": "VT26_TOP_top_tb_TRAN_BIO", "cornername": "Nominal"}
[2026-06-09 20:53:59.420 Z] [WARN] [cadence.virtuoso.ade.simulationMonitor] -     WARNING (CMI-2424): topsyh_tb.I0.I1|I0|C0(0)_dummy: `Voffcv' = -867.4e-03 is unusually small. {"history": "Interactive.173", "point": 1, "testname": "VT26_TOP_top_tb_TRAN_BIO", "cornername": "Nominal"}
[2026-06-09 20:53:59.421 Z] [WARN] [cadence.virtuoso.ade.simulationMonitor] -     WARNING (CMI-2425): topsyh_tb.I0.I1|I4|C1(0)_dummy: `Acde' = 2.393 is unusually large.
        Further occurrences of this warning will be suppressed. {"history": "Interactive.173", "point": 1, "testname": "VT26_TOP_top_tb_TRAN_BIO", "cornername": "Nominal"}
[2026-06-09 20:53:59.421 Z] [WARN] [cadence.virtuoso.ade.simulationMonitor] -     WARNING (CMI-2424): topsyh_tb.I0.I1|I4|C1(0)_dummy: `Voffcv' = -867.4e-03 is unusually small. {"history": "Interactive.173", "point": 1, "testname": "VT26_TOP_top_tb_TRAN_BIO", "cornername": "Nominal"}
[2026-06-09 20:53:59.421 Z] [INFO] [cadence.virtuoso.ade.simulationMonitor] - Notice from spectre at time = 160 us during transient analysis `tran'.
    1 warning suppressed. {"history": "Interactive.173", "point": 1, "testname": "VT26_TOP_top_tb_TRAN_BIO", "cornername": "Nominal"}
[2026-06-09 20:54:02.922 Z] [INFO] [cadence.virtuoso.ade.simulationMonitor] - Memory Usage - Current physical: 858.0M, Current virtual: 1124.3M, Peak physical: 858.0M {"history": "Interactive.173", "point": 1, "testname": "VT26_TOP_top_tb_TRAN_BIO", "cornername": "Nominal"}
[2026-06-09 20:54:02.923 Z] [INFO] [cadence.virtuoso.ade.simulationMonitor] - CPU Usage - 3.9s system + 12.4s user = 16.4s total (3.4% cpu) {"history": "Interactive.173", "point": 1, "testname": "VT26_TOP_top_tb_TRAN_BIO", "cornername": "Nominal"}
[2026-06-09 20:54:02.924 Z] [INFO] [cadence.virtuoso.ade.simulationMonitor] - Total time required for tran analysis `tran': CPU = 3.19511 ks (53m  15.1s), elapsed = 443.759 s (7m  23.8s), util. = 720%. {"history": "Interactive.173", "point": 1, "testname": "VT26_TOP_top_tb_TRAN_BIO", "cornername": "Nominal"}
[2026-06-09 20:54:02.924 Z] [INFO] [cadence.virtuoso.ade.simulationMonitor] - Peak resident memory used = 645 Mbytes. {"history": "Interactive.173", "point": 1, "testname": "VT26_TOP_top_tb_TRAN_BIO", "cornername": "Nominal"}
[2026-06-09 20:54:02.925 Z] [WARN] [cadence.virtuoso.ade.simulationMonitor] -     WARNING (CMI-2425): topsyh_tb.I0.I1|I3|C1(0)_dummy: `Acde' = 2.393 is unusually large. {"history": "Interactive.173", "point": 1, "testname": "VT26_TOP_top_tb_TRAN_BIO", "cornername": "Nominal"}
[2026-06-09 20:54:02.925 Z] [WARN] [cadence.virtuoso.ade.simulationMonitor] -     WARNING (CMI-2425): topsyh_tb.I0.I1|I3|C1(0)_dummy: `Noff' = 4.732 is unusually large. {"history": "Interactive.173", "point": 1, "testname": "VT26_TOP_top_tb_TRAN_BIO", "cornername": "Nominal"}
[2026-06-09 20:54:02.925 Z] [WARN] [cadence.virtuoso.ade.simulationMonitor] -     WARNING (CMI-2424): topsyh_tb.I0.I1|I3|C1(0)_dummy: `Voffcv' = -867.4e-03 is unusually small. {"history": "Interactive.173", "point": 1, "testname": "VT26_TOP_top_tb_TRAN_BIO", "cornername": "Nominal"}
[2026-06-09 20:54:02.926 Z] [WARN] [cadence.virtuoso.ade.simulationMonitor] -     WARNING (CMI-2425): topsyh_tb.I0.I1|I0|C0(0)_dummy: `Acde' = 2.393 is unusually large. {"history": "Interactive.173", "point": 1, "testname": "VT26_TOP_top_tb_TRAN_BIO", "cornername": "Nominal"}
[2026-06-09 20:54:02.926 Z] [WARN] [cadence.virtuoso.ade.simulationMonitor] -     WARNING (CMI-2425): topsyh_tb.I0.I1|I0|C0(0)_dummy: `Noff' = 4.732 is unusually large. {"history": "Interactive.173", "point": 1, "testname": "VT26_TOP_top_tb_TRAN_BIO", "cornername": "Nominal"}
[2026-06-09 20:54:02.926 Z] [WARN] [cadence.virtuoso.ade.simulationMonitor] -     WARNING (CMI-2424): topsyh_tb.I0.I1|I0|C0(0)_dummy: `Voffcv' = -867.4e-03 is unusually small. {"history": "Interactive.173", "point": 1, "testname": "VT26_TOP_top_tb_TRAN_BIO", "cornername": "Nominal"}
[2026-06-09 20:54:03.643 Z] [WARN] [cadence.virtuoso.ade.simulationMonitor] -     WARNING (CMI-2425): topsyh_tb.I0.I1|I4|C1(0)_dummy: `Acde' = 2.393 is unusually large.
        Further occurrences of this warning will be suppressed. {"history": "Interactive.173", "point": 1, "testname": "VT26_TOP_top_tb_TRAN_BIO", "cornername": "Nominal"}
[2026-06-09 20:54:03.644 Z] [WARN] [cadence.virtuoso.ade.simulationMonitor] -     WARNING (CMI-2424): topsyh_tb.I0.I1|I4|C1(0)_dummy: `Voffcv' = -867.4e-03 is unusually small. {"history": "Interactive.173", "point": 1, "testname": "VT26_TOP_top_tb_TRAN_BIO", "cornername": "Nominal"}
[2026-06-09 20:54:03.644 Z] [INFO] [cadence.virtuoso.ade.simulationMonitor] - Notice from spectre.
    1 warning suppressed. {"history": "Interactive.173", "point": 1, "testname": "VT26_TOP_top_tb_TRAN_BIO", "cornername": "Nominal"}
[2026-06-09 20:54:03.644 Z] [INFO] [cadence.virtuoso.ade.simulationMonitor] - Time used: CPU = 3.21 ks (53m  32.0s), elapsed = 461 s (7m  41.4s), util. = 696%. {"history": "Interactive.173", "point": 1, "testname": "VT26_TOP_top_tb_TRAN_BIO", "cornername": "Nominal"}
[2026-06-09 20:54:03.644 Z] [INFO] [cadence.virtuoso.ade.simulationMonitor] - Time spent in licensing: elapsed = 119 ms. {"history": "Interactive.173", "point": 1, "testname": "VT26_TOP_top_tb_TRAN_BIO", "cornername": "Nominal"}
[2026-06-09 20:54:03.646 Z] [INFO] [cadence.virtuoso.ade.simulationMonitor] - Peak memory used = 645 Mbytes. {"history": "Interactive.173", "point": 1, "testname": "VT26_TOP_top_tb_TRAN_BIO", "cornername": "Nominal"}
[2026-06-09 20:54:03.647 Z] [PROCESS] [cadence.virtuoso.ade.simulationMonitor] - Simulation started at: 8:46:21 PM, Tue Jun 9, 2026, ended at: 8:54:03 PM, Tue Jun 9, 2026, with elapsed time (wall clock): 461 s (7m  41.4s). {"history": "Interactive.173", "point": 1, "testname": "VT26_TOP_top_tb_TRAN_BIO", "cornername": "Nominal"}
[2026-06-09 20:54:03.647 Z] [PROCESS] [cadence.virtuoso.ade.simulationMonitor] - spectre completes with 0 errors, 63 warnings, and 24 notices. {"history": "Interactive.173", "point": 1, "testname": "VT26_TOP_top_tb_TRAN_BIO", "cornername": "Nominal"}
[2026-06-09 20:54:03.647 Z] [INFO] [cadence.virtuoso.ade.simulationMonitor] - xmsim: Memory Usage - Final: 855.0M, Peak: 858.1M, Peak virtual: 1184.8M {"history": "Interactive.173", "point": 1, "testname": "VT26_TOP_top_tb_TRAN_BIO", "cornername": "Nominal"}
[2026-06-09 20:54:03.648 Z] [INFO] [cadence.virtuoso.ade.simulationMonitor] - xmsim: CPU Usage - 41.1s system + 3189.8s user = 3230.9s total (476.6s, 100.0% cpu) {"history": "Interactive.173", "point": 1, "testname": "VT26_TOP_top_tb_TRAN_BIO", "cornername": "Nominal"}
[2026-06-09 20:54:04.149 Z] [PROCESS] [cadence.virtuoso.ade.simulationMonitor] - Finished simulating for one point {"hostname": "il2244vt26_hrahimi", "processid": 3921152, "history": "Interactive.173", "testname": "VT26_TOP_top_tb_TRAN_BIO", "cornername": "Nominal", "point": 1, "logfile": "/home/hrahimi/projects/POTENTIOSTAT_26/logs_hrahimi/logs0/Job7.log", "simid": "7"}
[2026-06-09 20:54:04.149 Z] [PROCESS] [cadence.virtuoso.ade.simulationMonitor] - Simulator exited {"hostname": "il2244vt26_hrahimi", "processid": 3921152, "history": "Interactive.173", "testname": "VT26_TOP_top_tb_TRAN_BIO", "cornername": "Nominal", "point": 1, "logfile": "/home/hrahimi/projects/POTENTIOSTAT_26/logs_hrahimi/logs0/Job7.log", "exitStatus": "0"}
[2026-06-09 20:54:04.149 Z] [PROCESS] [cadence.virtuoso.ade.simulationMonitor] - Finished Simulation {"hostname": "il2244vt26_hrahimi", "processid": 3921152, "history": "Interactive.173", "testname": "VT26_TOP_top_tb_TRAN_BIO", "cornername": "Nominal", "point": 1, "logfile": "/home/hrahimi/projects/POTENTIOSTAT_26/logs_hrahimi/logs0/Job7.log", "simid": "7"}
[2026-06-09 20:54:04.157 Z] [PROCESS] [cadence.virtuoso.ade.simulationMonitor] - Expression evaluator launched {"hostname": "il2244vt26_hrahimi", "processid": 3921152, "history": "Interactive.173", "testname": "VT26_TOP_top_tb_TRAN_BIO", "cornername": "Nominal", "point": 1, "logfile": "/home/hrahimi/projects/POTENTIOSTAT_26/logs_hrahimi/logs0/Job7.log"}
[2026-06-09 20:54:22.679 Z] [PROCESS] [cadence.virtuoso.ade.simulationMonitor] - Point Finished {"hostname": "il2244vt26_hrahimi", "processid": 3921152, "history": "Interactive.173", "testname": "VT26_TOP_top_tb_TRAN_BIO", "cornername": "Nominal", "point": 1, "logfile": "/home/hrahimi/projects/POTENTIOSTAT_26/logs_hrahimi/logs0/Job7.log"}
[2026-06-09 20:54:23.701 Z] [PROCESS] [cadence.virtuoso.ade.simulationMonitor] - Stay with the runId '8', Linger time '300', currentRunSyn '13', currentTestSyn '14' {"hostname": "il2244vt26_hrahimi", "processid": 3921152, "history": "Interactive.173", "testname": "VT26_TOP_top_tb_TRAN_BIO", "cornername": "Nominal", "point": 1, "logfile": "/home/hrahimi/projects/POTENTIOSTAT_26/logs_hrahimi/logs0/Job7.log"}
[2026-06-09 20:59:24.680 Z] [PROCESS] [cadence.virtuoso.ade.simulationMonitor] - Current memory used: 52.8672 MBytes, peak memory used: 52.8672 MBytes {"hostname": "il2244vt26_hrahimi", "processid": 3921152, "history": "Interactive.173", "testname": "VT26_TOP_top_tb_TRAN_BIO", "cornername": "Nominal", "point": 1, "logfile": "/home/hrahimi/projects/POTENTIOSTAT_26/logs_hrahimi/logs0/Job7.log"}
[2026-06-09 20:59:24.681 Z] [PROCESS] [cadence.virtuoso.ade.simulationMonitor] - Simulation Monitor process exit. {"hostname": "il2244vt26_hrahimi", "processid": 3921152, "history": "Interactive.173", "testname": "VT26_TOP_top_tb_TRAN_BIO", "cornername": "Nominal", "point": 1, "logfile": "/home/hrahimi/projects/POTENTIOSTAT_26/logs_hrahimi/logs0/Job7.log"}
