[Simulation Monitor: 8]
[2026-06-08 12:34:21.721 Z] [PROCESS] [cadence.virtuoso.ade.simulationMonitor] - Simulation Monitor has successfully started up. Trying to set up communication channels to other components ... {"hostname": "il2244vt26_hrahimi", "processid": 3691831, "logfile": "/home/hrahimi/projects/POTENTIOSTAT_26/logs_hrahimi/logs0/Job8.log"}
[2026-06-08 12:34:21.722 Z] [PROCESS] [cadence.virtuoso.ade.simulationMonitor] - Communication channels have been successfully set up. Start processing events ... {"hostname": "il2244vt26_hrahimi", "processid": 3691831, "logfile": "/home/hrahimi/projects/POTENTIOSTAT_26/logs_hrahimi/logs0/Job8.log"}
[2026-06-08 12:34:21.723 Z] [PROCESS] [cadence.virtuoso.ade.simulationMonitor] - Considering to start history {"hostname": "il2244vt26_hrahimi", "processid": 3691831, "history": "Interactive.392", "logfile": "/home/hrahimi/projects/POTENTIOSTAT_26/logs_hrahimi/logs0/Job8.log"}
[2026-06-08 12:34:22.727 Z] [PROCESS] [cadence.virtuoso.ade.simulationMonitor] - Stay with the runId '2', Linger time '300', currentRunSyn '5', currentTestSyn '10' {"hostname": "il2244vt26_hrahimi", "processid": 3691831, "history": "Interactive.392", "logfile": "/home/hrahimi/projects/POTENTIOSTAT_26/logs_hrahimi/logs0/Job8.log"}
[2026-06-08 12:34:23.729 Z] [PROCESS] [cadence.virtuoso.ade.simulationMonitor] - Started History {"hostname": "il2244vt26_hrahimi", "processid": 3691831, "history": "Interactive.394", "logfile": "/home/hrahimi/projects/POTENTIOSTAT_26/logs_hrahimi/logs0/Job8.log"}
[2026-06-08 12:34:23.730 Z] [PROCESS] [cadence.virtuoso.ade.simulationMonitor] - HostInfo:
Host name (type):	il2244vt26_hrahimi (x86_64)
Operating system:	Linux 5.15.0-164-generic #174-Ubuntu SMP Fri Nov 14 20:25:16 UTC 2025 {"hostname": "il2244vt26_hrahimi", "processid": 3691831, "history": "Interactive.394", "logfile": "/home/hrahimi/projects/POTENTIOSTAT_26/logs_hrahimi/logs0/Job8.log", "nodename": "il2244vt26_hrahimi", "domainname": "(none)", "machine": "x86_64", "sysname": "Linux", "release": "5.15.0-164-generic", "version": "#174-Ubuntu SMP Fri Nov 14 20:25:16 UTC 2025"}
[2026-06-08 12:34:23.730 Z] [PROCESS] [cadence.virtuoso.ade.simulationMonitor] - UsageInfo:
pid=3691831
totalPhysicalMemory=3023.749672GB,Used=2801.540871GB,totalVirtualMemory=3031.749668GB,Used=2801.649025GB
Cpu: Cores=48, Load average:6.960000,7.350000,7.590000 {"hostname": "il2244vt26_hrahimi", "processid": 3691831, "history": "Interactive.394", "logfile": "/home/hrahimi/projects/POTENTIOSTAT_26/logs_hrahimi/logs0/Job8.log", "pid": "3691831", "totalPhysicalMemory": "3023.749672", "physicalMemoryUsed": "2801.540871", "totalVirtualMemory": "3031.749668", "virtualMemoryUsed": "2801.649025", "cpuCores": "48", "processes": "29602", "loadAverage1": "6.960000", "loadAverage5": "7.350000", "loadAverage15": "7.590000", "loadAverage1Percent": "0.145000"}
[2026-06-08 12:34:23.732 Z] [EVENT] [cadence.virtuoso.ade.simulationMonitor] - NewPoint {"history": "Interactive.394", "point": 1, "testname": "PTAT", "cornername": "Nominal", "event": "NewPoint", "EventSource": "Simulation Monitor", "HistoryName": "Interactive.394", "logFile": "/home/hrahimi/projects/POTENTIOSTAT_26/logs_hrahimi/logs0/Job8.log", "logFileSize": "2873"}
[2026-06-08 12:34:23.834 Z] [EVENT] [cadence.virtuoso.ade.simulationMonitor] - NewPoint {"history": "Interactive.394", "point": 1, "testname": "PTAT", "cornername": "Nominal", "event": "NewPoint", "EventSource": "spectre", "HistoryName": "Interactive.394", "logFile": "/home/hrahimi/projects/POTENTIOSTAT_26/Sim/Potentiostat_Top/top/maestro/results/maestro/Interactive.394/1/PTAT/psf/spectre.out", "logFileSize": "-1"}
[2026-06-08 12:34:24.361 Z] [PROCESS] [cadence.virtuoso.ade.simulationMonitor] - Simulator launched {"hostname": "il2244vt26_hrahimi", "processid": 3691831, "history": "Interactive.394", "testname": "PTAT", "cornername": "Nominal", "point": 1, "logfile": "/home/hrahimi/projects/POTENTIOSTAT_26/logs_hrahimi/logs0/Job8.log", "simid": "1"}
[2026-06-08 12:34:24.365 Z] [PROCESS] [cadence.virtuoso.ade.simulationMonitor] - Expression evaluator launched {"hostname": "il2244vt26_hrahimi", "processid": 3691831, "history": "Interactive.394", "testname": "PTAT", "cornername": "Nominal", "point": 1, "logfile": "/home/hrahimi/projects/POTENTIOSTAT_26/logs_hrahimi/logs0/Job8.log"}
[2026-06-08 12:34:24.434 Z] [PROCESS] [cadence.virtuoso.ade.simulationMonitor] - Started Simulation {"hostname": "il2244vt26_hrahimi", "processid": 3691831, "history": "Interactive.394", "testname": "PTAT", "cornername": "Nominal", "point": 1, "logfile": "/home/hrahimi/projects/POTENTIOSTAT_26/logs_hrahimi/logs0/Job8.log", "event": "started", "task": "simulation"}
[2026-06-08 12:34:25.435 Z] [WARN] [cadence.virtuoso.ade.simulationMonitor] -     WARNING (SPECTRE-691): This CPU processor does not support x86 advanced vector extensions instructions. This may affect math operations and slow down the simulation. {"history": "Interactive.394", "point": 1, "testname": "PTAT", "cornername": "Nominal"}
[2026-06-08 12:34:25.436 Z] [INFO] [cadence.virtuoso.ade.simulationMonitor] - Notice from spectre during circuit read-in.
    Pre_Configuration file used: /opt/tools/cadence/installs/SPECTRE241/tools.lnx86/spectre/etc/configs/preset.precfg
    Configuration file used: `/opt/tools/cadence/installs/SPECTRE241/tools.lnx86/spectre/etc/configs/preset.cfg'. {"history": "Interactive.394", "point": 1, "testname": "PTAT", "cornername": "Nominal"}
[2026-06-08 12:34:25.436 Z] [WARN] [cadence.virtuoso.ade.simulationMonitor] -     WARNING (SPECTRE-8360): line 1511: `ac' is an undefined primitive device. {"history": "Interactive.394", "point": 1, "testname": "PTAT", "cornername": "Nominal"}
[2026-06-08 12:34:25.436 Z] [WARN] [cadence.virtuoso.ade.simulationMonitor] -     WARNING (SPECTRE-8360): line 1512: `ac' is an undefined primitive device. {"history": "Interactive.394", "point": 1, "testname": "PTAT", "cornername": "Nominal"}
[2026-06-08 12:34:25.436 Z] [WARN] [cadence.virtuoso.ade.simulationMonitor] -     WARNING (SPECTRE-8360): line 1513: `ac' is an undefined primitive device. {"history": "Interactive.394", "point": 1, "testname": "PTAT", "cornername": "Nominal"}
[2026-06-08 12:34:25.436 Z] [WARN] [cadence.virtuoso.ade.simulationMonitor] -     WARNING (SPECTRE-8360): line 1514: `ac' is an undefined primitive device. {"history": "Interactive.394", "point": 1, "testname": "PTAT", "cornername": "Nominal"}
[2026-06-08 12:34:25.437 Z] [WARN] [cadence.virtuoso.ade.simulationMonitor] -     WARNING (SPECTRE-8360): line 1515: `ac' is an undefined primitive device.
        Further occurrences of this warning will be suppressed. {"history": "Interactive.394", "point": 1, "testname": "PTAT", "cornername": "Nominal"}
[2026-06-08 12:34:25.437 Z] [WARN] [cadence.virtuoso.ade.simulationMonitor] -     WARNING (VACOMP-2435): The environment variable CDS_AHDLCMI_ENABLE is no longer supported. Therefore, the simulator will use the default compiled C code flow. {"history": "Interactive.394", "point": 1, "testname": "PTAT", "cornername": "Nominal"}
[2026-06-08 12:34:25.937 Z] [INFO] [cadence.virtuoso.ade.simulationMonitor] - Peak resident memory used = 204 Mbytes. {"history": "Interactive.394", "point": 1, "testname": "PTAT", "cornername": "Nominal"}
[2026-06-08 12:34:27.438 Z] [WARN] [cadence.virtuoso.ade.simulationMonitor] -     WARNING (SFE-3027): The dangling resistor I7.rb295 is removed. {"history": "Interactive.394", "point": 1, "testname": "PTAT", "cornername": "Nominal"}
[2026-06-08 12:34:27.439 Z] [WARN] [cadence.virtuoso.ade.simulationMonitor] -     WARNING (SFE-3027): The dangling resistor I7.rb307 is removed. {"history": "Interactive.394", "point": 1, "testname": "PTAT", "cornername": "Nominal"}
[2026-06-08 12:34:27.439 Z] [WARN] [cadence.virtuoso.ade.simulationMonitor] -     WARNING (SFE-3027): The dangling resistor I7.rb309 is removed. {"history": "Interactive.394", "point": 1, "testname": "PTAT", "cornername": "Nominal"}
[2026-06-08 12:34:27.439 Z] [WARN] [cadence.virtuoso.ade.simulationMonitor] -     WARNING (SFE-3027): The dangling resistor I7.rd2 is removed. {"history": "Interactive.394", "point": 1, "testname": "PTAT", "cornername": "Nominal"}
[2026-06-08 12:34:27.439 Z] [WARN] [cadence.virtuoso.ade.simulationMonitor] -     WARNING (SFE-3027): The dangling resistor I7.rb285 is removed.
        Further occurrences of this warning will be suppressed. {"history": "Interactive.394", "point": 1, "testname": "PTAT", "cornername": "Nominal"}
[2026-06-08 12:34:27.440 Z] [WARN] [cadence.virtuoso.ade.simulationMonitor] -     WARNING (SFE-3012): The dummy device I0.I16.DLIB12 is removed. {"history": "Interactive.394", "point": 1, "testname": "PTAT", "cornername": "Nominal"}
[2026-06-08 12:34:27.440 Z] [WARN] [cadence.virtuoso.ade.simulationMonitor] -     WARNING (SFE-3012): The dummy device I0.I16.DLIB9 is removed. {"history": "Interactive.394", "point": 1, "testname": "PTAT", "cornername": "Nominal"}
[2026-06-08 12:34:27.440 Z] [WARN] [cadence.virtuoso.ade.simulationMonitor] -     WARNING (SFE-3012): The dummy device I0.I15.DLIB9 is removed. {"history": "Interactive.394", "point": 1, "testname": "PTAT", "cornername": "Nominal"}
[2026-06-08 12:34:27.440 Z] [WARN] [cadence.virtuoso.ade.simulationMonitor] -     WARNING (SFE-3012): The dummy device I0.I0.DLIB6 is removed. {"history": "Interactive.394", "point": 1, "testname": "PTAT", "cornername": "Nominal"}
[2026-06-08 12:34:27.440 Z] [WARN] [cadence.virtuoso.ade.simulationMonitor] -     WARNING (SFE-3012): The dummy device I0.I16.DLIB10 is removed.
        Further occurrences of this warning will be suppressed. {"history": "Interactive.394", "point": 1, "testname": "PTAT", "cornername": "Nominal"}
[2026-06-08 12:34:27.440 Z] [WARN] [cadence.virtuoso.ade.simulationMonitor] -     WARNING (SFE-3029): The dummy capacitor I2.c29495 is removed. {"history": "Interactive.394", "point": 1, "testname": "PTAT", "cornername": "Nominal"}
[2026-06-08 12:34:27.441 Z] [WARN] [cadence.virtuoso.ade.simulationMonitor] -     WARNING (SFE-3028): The floating resistor R8 is removed. {"history": "Interactive.394", "point": 1, "testname": "PTAT", "cornername": "Nominal"}
[2026-06-08 12:34:27.441 Z] [WARN] [cadence.virtuoso.ade.simulationMonitor] -     WARNING (SFE-3015): The dangling node I2.3607\:GNDA is removed. {"history": "Interactive.394", "point": 1, "testname": "PTAT", "cornername": "Nominal"}
[2026-06-08 12:34:27.441 Z] [WARN] [cadence.virtuoso.ade.simulationMonitor] -     WARNING (SFE-3015): The dangling node I2.145\:I56|net7 is removed. {"history": "Interactive.394", "point": 1, "testname": "PTAT", "cornername": "Nominal"}
[2026-06-08 12:34:27.441 Z] [WARN] [cadence.virtuoso.ade.simulationMonitor] -     WARNING (SFE-3015): The dangling node I2.282\:VPI is removed. {"history": "Interactive.394", "point": 1, "testname": "PTAT", "cornername": "Nominal"}
[2026-06-08 12:34:27.441 Z] [WARN] [cadence.virtuoso.ade.simulationMonitor] -     WARNING (SFE-3015): The dangling node I2.13\:I25|I30|SN is removed. {"history": "Interactive.394", "point": 1, "testname": "PTAT", "cornername": "Nominal"}
[2026-06-08 12:34:27.441 Z] [WARN] [cadence.virtuoso.ade.simulationMonitor] -     WARNING (SFE-3015): The dangling node I2.33\:S(2) is removed.
        Further occurrences of this warning will be suppressed. {"history": "Interactive.394", "point": 1, "testname": "PTAT", "cornername": "Nominal"}
[2026-06-08 12:34:27.442 Z] [WARN] [cadence.virtuoso.ade.simulationMonitor] -     WARNING (SFE-3016): The floating node net73 is removed. {"history": "Interactive.394", "point": 1, "testname": "PTAT", "cornername": "Nominal"}
[2026-06-08 12:34:27.442 Z] [WARN] [cadence.virtuoso.ade.simulationMonitor] -     WARNING (SFE-3016): The floating node net74 is removed. {"history": "Interactive.394", "point": 1, "testname": "PTAT", "cornername": "Nominal"}
[2026-06-08 12:34:27.442 Z] [WARN] [cadence.virtuoso.ade.simulationMonitor] -     WARNING (SFE-3023): The dangling node net45 is removed. It should not be dangling since it is defined in top level. {"history": "Interactive.394", "point": 1, "testname": "PTAT", "cornername": "Nominal"}
[2026-06-08 12:34:27.442 Z] [WARN] [cadence.virtuoso.ade.simulationMonitor] -     WARNING (SFE-3023): The dangling node net46 is removed. It should not be dangling since it is defined in top level. {"history": "Interactive.394", "point": 1, "testname": "PTAT", "cornername": "Nominal"}
[2026-06-08 12:34:27.442 Z] [INFO] [cadence.virtuoso.ade.simulationMonitor] - Notice from spectre during hierarchy flattening.
    Spectre X Parasitic Optimization enabled.
    Parasitic optimization will filter out parasitic nodes, nodes only connected to RCs, by default. To view individual parasitic nodes use individual save statements (i.e. save out), or use the 'savefilter=none' option to save all parasitic nodes. Saving all parasitic nodes may slow down simulation and create large waveform files. {"history": "Interactive.394", "point": 1, "testname": "PTAT", "cornername": "Nominal"}
[2026-06-08 12:34:27.443 Z] [INFO] [cadence.virtuoso.ade.simulationMonitor] - Peak resident memory used = 242 Mbytes. {"history": "Interactive.394", "point": 1, "testname": "PTAT", "cornername": "Nominal"}
[2026-06-08 12:34:27.443 Z] [INFO] [cadence.virtuoso.ade.simulationMonitor] - Notice from spectre during hierarchy flattening.
    The value 'psf' specified for the 'checklimitdest' option will no longer be supported in future releases. Use 'spectre -h' to see other recommended values for the 'checklimitdest' option.
    I0.I46.RLIB_GC1.CS0 of rpoly1c: `c' has the unusually small value of 634.694e-21 F.
    I0.I46.RLIB_GC1.CS1 of rpoly1c: `c' has the unusually small value of 634.694e-21 F.
    I0.I45.RLIB_GC1.CS0 of rpoly1c: `c' has the unusually small value of 634.694e-21 F.
    I0... {"history": "Interactive.394", "point": 1, "testname": "PTAT", "cornername": "Nominal"}
[2026-06-08 12:34:27.443 Z] [INFO] [cadence.virtuoso.ade.simulationMonitor] - Notice from spectre during hierarchy flattening.
    V8: `period' has the unusually large value of 100 s.
    V7: `period' has the unusually large value of 10 s.
    V3: `period' has the unusually large value of 6 s.
    I26: `period' has the unusually large value of 6 s. {"history": "Interactive.394", "point": 1, "testname": "PTAT", "cornername": "Nominal"}
[2026-06-08 12:34:27.943 Z] [INFO] [cadence.virtuoso.ade.simulationMonitor] - Peak resident memory used = 256 Mbytes. {"history": "Interactive.394", "point": 1, "testname": "PTAT", "cornername": "Nominal"}
[2026-06-08 12:34:27.944 Z] [WARN] [cadence.virtuoso.ade.simulationMonitor] -     WARNING (CMI-2425): I7.I4|C1(10): `Acde' = 2.393 is unusually large. {"history": "Interactive.394", "point": 1, "testname": "PTAT", "cornername": "Nominal"}
[2026-06-08 12:34:27.944 Z] [WARN] [cadence.virtuoso.ade.simulationMonitor] -     WARNING (CMI-2425): I7.I4|C1(10): `Noff' = 4.732 is unusually large. {"history": "Interactive.394", "point": 1, "testname": "PTAT", "cornername": "Nominal"}
[2026-06-08 12:34:27.944 Z] [WARN] [cadence.virtuoso.ade.simulationMonitor] -     WARNING (CMI-2424): I7.I4|C1(10): `Voffcv' = -867.4e-03 is unusually small. {"history": "Interactive.394", "point": 1, "testname": "PTAT", "cornername": "Nominal"}
[2026-06-08 12:34:27.945 Z] [WARN] [cadence.virtuoso.ade.simulationMonitor] -     WARNING (CMI-2425): I7.I4|C1(9): `Acde' = 2.393 is unusually large. {"history": "Interactive.394", "point": 1, "testname": "PTAT", "cornername": "Nominal"}
[2026-06-08 12:34:27.945 Z] [WARN] [cadence.virtuoso.ade.simulationMonitor] -     WARNING (CMI-2425): I7.I4|C1(9): `Noff' = 4.732 is unusually large. {"history": "Interactive.394", "point": 1, "testname": "PTAT", "cornername": "Nominal"}
[2026-06-08 12:34:27.945 Z] [WARN] [cadence.virtuoso.ade.simulationMonitor] -     WARNING (CMI-2424): I7.I4|C1(9): `Voffcv' = -867.4e-03 is unusually small. {"history": "Interactive.394", "point": 1, "testname": "PTAT", "cornername": "Nominal"}
[2026-06-08 12:34:27.945 Z] [WARN] [cadence.virtuoso.ade.simulationMonitor] -     WARNING (CMI-2425): I7.I4|C1(8): `Acde' = 2.393 is unusually large.
        Further occurrences of this warning will be suppressed. {"history": "Interactive.394", "point": 1, "testname": "PTAT", "cornername": "Nominal"}
[2026-06-08 12:34:27.946 Z] [WARN] [cadence.virtuoso.ade.simulationMonitor] -     WARNING (CMI-2424): I7.I4|C1(8): `Voffcv' = -867.4e-03 is unusually small. {"history": "Interactive.394", "point": 1, "testname": "PTAT", "cornername": "Nominal"}
[2026-06-08 12:34:27.946 Z] [WARN] [cadence.virtuoso.ade.simulationMonitor] -     WARNING (CMI-2424): I7.I4|C1(7): `Voffcv' = -867.4e-03 is unusually small. {"history": "Interactive.394", "point": 1, "testname": "PTAT", "cornername": "Nominal"}
[2026-06-08 12:34:27.946 Z] [WARN] [cadence.virtuoso.ade.simulationMonitor] -     WARNING (CMI-2424): I7.I4|C1(6): `Voffcv' = -867.4e-03 is unusually small.
        Further occurrences of this warning will be suppressed. {"history": "Interactive.394", "point": 1, "testname": "PTAT", "cornername": "Nominal"}
[2026-06-08 12:34:29.448 Z] [WARN] [cadence.virtuoso.ade.simulationMonitor] -     WARNING (SPECTRE-17607): Assert `SOAC_vert10_vsubpsub' is ignored because it contains an expression which is invalid or not supported by native evaluator.  {"history": "Interactive.394", "point": 1, "testname": "PTAT", "cornername": "Nominal"}
[2026-06-08 12:34:29.448 Z] [WARN] [cadence.virtuoso.ade.simulationMonitor] -     WARNING (SPECTRE-17607): Assert `SOAC_vert10_vcsub' is ignored because it contains an expression which is invalid or not supported by native evaluator.  {"history": "Interactive.394", "point": 1, "testname": "PTAT", "cornername": "Nominal"}
[2026-06-08 12:34:29.448 Z] [WARN] [cadence.virtuoso.ade.simulationMonitor] -     WARNING (SPECTRE-16460): SOAC_cvarm_vspsub:Specified subcircuit master `cvarm' was not found. {"history": "Interactive.394", "point": 1, "testname": "PTAT", "cornername": "Nominal"}
[2026-06-08 12:34:29.449 Z] [WARN] [cadence.virtuoso.ade.simulationMonitor] -     WARNING (SPECTRE-16462): SOAC_cvarm_vspsub:Error in specification of subcircuit master. Assert is ignored. {"history": "Interactive.394", "point": 1, "testname": "PTAT", "cornername": "Nominal"}
[2026-06-08 12:34:29.449 Z] [WARN] [cadence.virtuoso.ade.simulationMonitor] -     WARNING (SPECTRE-16460): SOAC_cvarm_vbs:Specified subcircuit master `cvarm' was not found. {"history": "Interactive.394", "point": 1, "testname": "PTAT", "cornername": "Nominal"}
[2026-06-08 12:34:29.449 Z] [WARN] [cadence.virtuoso.ade.simulationMonitor] -     WARNING (SPECTRE-16462): SOAC_cvarm_vbs:Error in specification of subcircuit master. Assert is ignored. {"history": "Interactive.394", "point": 1, "testname": "PTAT", "cornername": "Nominal"}
[2026-06-08 12:34:29.449 Z] [WARN] [cadence.virtuoso.ade.simulationMonitor] -     WARNING (SPECTRE-16460): SOAC_cvarm_vgb:Specified subcircuit master `cvarm' was not found. {"history": "Interactive.394", "point": 1, "testname": "PTAT", "cornername": "Nominal"}
[2026-06-08 12:34:29.449 Z] [WARN] [cadence.virtuoso.ade.simulationMonitor] -     WARNING (SPECTRE-16462): SOAC_cvarm_vgb:Error in specification of subcircuit master. Assert is ignored. {"history": "Interactive.394", "point": 1, "testname": "PTAT", "cornername": "Nominal"}
[2026-06-08 12:34:29.449 Z] [WARN] [cadence.virtuoso.ade.simulationMonitor] -     WARNING (SPECTRE-16460): SOAC_cvart_vspsub:Specified subcircuit master `cvart' was not found. {"history": "Interactive.394", "point": 1, "testname": "PTAT", "cornername": "Nominal"}
[2026-06-08 12:34:29.450 Z] [WARN] [cadence.virtuoso.ade.simulationMonitor] -     WARNING (SPECTRE-16462): SOAC_cvart_vspsub:Error in specification of subcircuit master. Assert is ignored. {"history": "Interactive.394", "point": 1, "testname": "PTAT", "cornername": "Nominal"}
[2026-06-08 12:34:29.450 Z] [WARN] [cadence.virtuoso.ade.simulationMonitor] -     WARNING (SPECTRE-16460): SOAC_cvart_vbs:Specified subcircuit master `cvart' was not found.
        Further occurrences of this warning will be suppressed. {"history": "Interactive.394", "point": 1, "testname": "PTAT", "cornername": "Nominal"}
[2026-06-08 12:34:29.450 Z] [WARN] [cadence.virtuoso.ade.simulationMonitor] -     WARNING (SPECTRE-16462): SOAC_cvart_vbs:Error in specification of subcircuit master. Assert is ignored.
        Further occurrences of this warning will be suppressed. {"history": "Interactive.394", "point": 1, "testname": "PTAT", "cornername": "Nominal"}
[2026-06-08 12:34:29.950 Z] [INFO] [cadence.virtuoso.ade.simulationMonitor] - Notice from spectre during topology check.
    Only one connection to the following 2331 nodes:
        I0.I46.RLIB_GC1.R1.psub!
        I0.I46.RLIB_GC1.R2.psub!
        I0.I46.MNLIB_DR1.M_esdnmos4.psub!
        I0.I46.DLIB2.psub!
        I0.I46.DLIB1.psub!
        Further occurrences of this notice will be suppressed. {"history": "Interactive.394", "point": 1, "testname": "PTAT", "cornername": "Nominal"}
[2026-06-08 12:34:34.455 Z] [INFO] [cadence.virtuoso.ade.simulationMonitor] -               nodes 25626 {"history": "Interactive.394", "point": 1, "testname": "PTAT", "cornername": "Nominal"}
[2026-06-08 12:34:34.456 Z] [INFO] [cadence.virtuoso.ade.simulationMonitor] - Notice from spectre during initial setup.
    7 resistors are shorted because their absolute value is less than or equal to 'rabsshort'.
    3 vsources are shorted because their absolute value is less than or equal to 'vabsshort'.
    4 resistors are changed to resistance form because their value are less than 'rthresh'.
    Spectre X preset=cx enabled.
    46 notices suppressed.
    234 warnings suppressed. {"history": "Interactive.394", "point": 1, "testname": "PTAT", "cornername": "Nominal"}
[2026-06-08 12:34:34.457 Z] [INFO] [cadence.virtuoso.ade.simulationMonitor] - Notice from spectre.
    Multithreading enabled: 8 threads in the system with 48 available processors. {"history": "Interactive.394", "point": 1, "testname": "PTAT", "cornername": "Nominal"}
[2026-06-08 12:34:34.457 Z] [INFO] [cadence.virtuoso.ade.simulationMonitor] - Peak resident memory used = 335 Mbytes. {"history": "Interactive.394", "point": 1, "testname": "PTAT", "cornername": "Nominal"}
[2026-06-08 12:34:34.457 Z] [INFO] [cadence.virtuoso.ade.simulationMonitor] -    -   (Spectre X) Multi-threading. The recommended number of threads is [4, 8], consider adding +mt=4 or +mt=8 on command line. {"history": "Interactive.394", "point": 1, "testname": "PTAT", "cornername": "Nominal"}
[2026-06-08 12:34:34.458 Z] [INFO] [cadence.virtuoso.ade.simulationMonitor] - Notice from spectre during DC analysis `dcOp'.
    No checklimit analysis defined for asserts. A default checklimit analysis 'SpectreChecklimitAnal' has been created with all asserts enabled. {"history": "Interactive.394", "point": 1, "testname": "PTAT", "cornername": "Nominal"}
[2026-06-08 12:34:34.958 Z] [INFO] [cadence.virtuoso.ade.simulationMonitor] - Notice from spectre during DC analysis `dcOp'.
    Bad pivoting is found during DC analysis. Option dc_pivot_check=yes is recommended for possible improvement of convergence. {"history": "Interactive.394", "point": 1, "testname": "PTAT", "cornername": "Nominal"}
[2026-06-08 12:34:34.959 Z] [WARN] [cadence.virtuoso.ade.simulationMonitor] -     WARNING (CMI-2943): Parameter checks have been ignored because the valid value for parameter 'trise' could not be found in 'C0'. {"history": "Interactive.394", "point": 1, "testname": "PTAT", "cornername": "Nominal"}
[2026-06-08 12:34:34.959 Z] [WARN] [cadence.virtuoso.ade.simulationMonitor] -     WARNING (CMI-2943): Parameter checks have been ignored because the valid value for parameter 'trise' could not be found in 'C1'. {"history": "Interactive.394", "point": 1, "testname": "PTAT", "cornername": "Nominal"}
[2026-06-08 12:34:34.959 Z] [WARN] [cadence.virtuoso.ade.simulationMonitor] -     WARNING (CMI-2943): Parameter checks have been ignored because the valid value for parameter 'trise' could not be found in 'C11'. {"history": "Interactive.394", "point": 1, "testname": "PTAT", "cornername": "Nominal"}
[2026-06-08 12:34:34.959 Z] [WARN] [cadence.virtuoso.ade.simulationMonitor] -     WARNING (CMI-2943): Parameter checks have been ignored because the valid value for parameter 'trise' could not be found in 'C12'. {"history": "Interactive.394", "point": 1, "testname": "PTAT", "cornername": "Nominal"}
[2026-06-08 12:34:34.960 Z] [WARN] [cadence.virtuoso.ade.simulationMonitor] -     WARNING (CMI-2943): Parameter checks have been ignored because the valid value for parameter 'trise' could not be found in 'C5'.
        Further occurrences of this warning will be suppressed. {"history": "Interactive.394", "point": 1, "testname": "PTAT", "cornername": "Nominal"}
[2026-06-08 12:34:34.960 Z] [INFO] [cadence.virtuoso.ade.simulationMonitor] - Total time required for dc analysis `dcOp': CPU = 1.85764 s, elapsed = 744.944 ms, util. = 249%. {"history": "Interactive.394", "point": 1, "testname": "PTAT", "cornername": "Nominal"}
[2026-06-08 12:34:34.960 Z] [INFO] [cadence.virtuoso.ade.simulationMonitor] - Peak resident memory used = 369 Mbytes. {"history": "Interactive.394", "point": 1, "testname": "PTAT", "cornername": "Nominal"}
[2026-06-08 12:34:34.960 Z] [INFO] [cadence.virtuoso.ade.simulationMonitor] - Notice from spectre.
    1296 warnings suppressed. {"history": "Interactive.394", "point": 1, "testname": "PTAT", "cornername": "Nominal"}
[2026-06-08 12:34:35.461 Z] [INFO] [cadence.virtuoso.ade.simulationMonitor] - Notice from spectre during DC analysis `dc'.
    V8: `period' has the unusually large value of 100 s.
    V7: `period' has the unusually large value of 10 s.
    V3: `period' has the unusually large value of 6 s.
    I26: `period' has the unusually large value of 6 s. {"history": "Interactive.394", "point": 1, "testname": "PTAT", "cornername": "Nominal"}
[2026-06-08 12:34:35.461 Z] [INFO] [cadence.virtuoso.ade.simulationMonitor] - Notice from spectre in `rpoly1c':`I0.I46.RLIB_GC1', in `AGND3ALLP':`I0.I46', in `IO_RING_S_VHS':`I0', during DC analysis `dc'.
    I0.I46.RLIB_GC1.CS0 of rpoly1c: `c' has the unusually small value of 634.694e-21 F.
    I0.I46.RLIB_GC1.CS1 of rpoly1c: `c' has the unusually small value of 634.694e-21 F. {"history": "Interactive.394", "point": 1, "testname": "PTAT", "cornername": "Nominal"}
[2026-06-08 12:34:35.462 Z] [INFO] [cadence.virtuoso.ade.simulationMonitor] - Notice from spectre in `rpoly1c':`I0.I45.RLIB_GC1', in `AVDD3ALLP':`I0.I45', in `IO_RING_S_VHS':`I0', during DC analysis `dc'.
    I0.I45.RLIB_GC1.CS0 of rpoly1c: `c' has the unusually small value of 634.694e-21 F.
    I0.I45.RLIB_GC1.CS1 of rpoly1c: `c' has the unusually small value of 634.694e-21 F. {"history": "Interactive.394", "point": 1, "testname": "PTAT", "cornername": "Nominal"}
[2026-06-08 12:34:35.462 Z] [INFO] [cadence.virtuoso.ade.simulationMonitor] - Notice from spectre in `rpoly1c':`I0.I20.RLIB_GC1', in `VDD3RP':`I0.I20', in `IO_RING_S_VHS':`I0', during DC analysis `dc'.
    I0.I20.RLIB_GC1.CS0 of rpoly1c: `c' has the unusually small value of 634.694e-21 F.
        Further occurrences of this notice will be suppressed. {"history": "Interactive.394", "point": 1, "testname": "PTAT", "cornername": "Nominal"}
[2026-06-08 12:34:35.462 Z] [WARN] [cadence.virtuoso.ade.simulationMonitor] -     WARNING (CMI-2425): I7.I4|C1(10): `Acde' = 2.393 is unusually large. {"history": "Interactive.394", "point": 1, "testname": "PTAT", "cornername": "Nominal"}
[2026-06-08 12:34:35.462 Z] [WARN] [cadence.virtuoso.ade.simulationMonitor] -     WARNING (CMI-2425): I7.I4|C1(10): `Noff' = 4.732 is unusually large. {"history": "Interactive.394", "point": 1, "testname": "PTAT", "cornername": "Nominal"}
[2026-06-08 12:34:35.463 Z] [WARN] [cadence.virtuoso.ade.simulationMonitor] -     WARNING (CMI-2424): I7.I4|C1(10): `Voffcv' = -867.4e-03 is unusually small. {"history": "Interactive.394", "point": 1, "testname": "PTAT", "cornername": "Nominal"}
[2026-06-08 12:34:35.463 Z] [WARN] [cadence.virtuoso.ade.simulationMonitor] -     WARNING (CMI-2425): I7.I4|C1(9): `Acde' = 2.393 is unusually large. {"history": "Interactive.394", "point": 1, "testname": "PTAT", "cornername": "Nominal"}
[2026-06-08 12:34:35.463 Z] [WARN] [cadence.virtuoso.ade.simulationMonitor] -     WARNING (CMI-2425): I7.I4|C1(9): `Noff' = 4.732 is unusually large. {"history": "Interactive.394", "point": 1, "testname": "PTAT", "cornername": "Nominal"}
[2026-06-08 12:34:35.463 Z] [WARN] [cadence.virtuoso.ade.simulationMonitor] -     WARNING (CMI-2424): I7.I4|C1(9): `Voffcv' = -867.4e-03 is unusually small. {"history": "Interactive.394", "point": 1, "testname": "PTAT", "cornername": "Nominal"}
[2026-06-08 12:34:35.463 Z] [WARN] [cadence.virtuoso.ade.simulationMonitor] -     WARNING (CMI-2425): I7.I4|C1(8): `Acde' = 2.393 is unusually large.
        Further occurrences of this warning will be suppressed. {"history": "Interactive.394", "point": 1, "testname": "PTAT", "cornername": "Nominal"}
[2026-06-08 12:34:35.464 Z] [WARN] [cadence.virtuoso.ade.simulationMonitor] -     WARNING (CMI-2424): I7.I4|C1(8): `Voffcv' = -867.4e-03 is unusually small. {"history": "Interactive.394", "point": 1, "testname": "PTAT", "cornername": "Nominal"}
[2026-06-08 12:34:35.464 Z] [WARN] [cadence.virtuoso.ade.simulationMonitor] -     WARNING (CMI-2424): I7.I4|C1(7): `Voffcv' = -867.4e-03 is unusually small. {"history": "Interactive.394", "point": 1, "testname": "PTAT", "cornername": "Nominal"}
[2026-06-08 12:34:35.464 Z] [WARN] [cadence.virtuoso.ade.simulationMonitor] -     WARNING (CMI-2424): I7.I4|C1(6): `Voffcv' = -867.4e-03 is unusually small.
        Further occurrences of this warning will be suppressed. {"history": "Interactive.394", "point": 1, "testname": "PTAT", "cornername": "Nominal"}
[2026-06-08 12:34:35.965 Z] [INFO] [cadence.virtuoso.ade.simulationMonitor] - Notice from spectre at temp = -39 C during DC analysis `dc'.
    V8: `period' has the unusually large value of 100 s.
        Further occurrences of this notice will be suppressed. {"history": "Interactive.394", "point": 1, "testname": "PTAT", "cornername": "Nominal"}
[2026-06-08 12:35:00.476 Z] [WARN] [cadence.virtuoso.ade.simulationMonitor] -     WARNING (CMI-2943): Parameter checks have been ignored because the valid value for parameter 'trise' could not be found in 'C0'. {"history": "Interactive.394", "point": 1, "testname": "PTAT", "cornername": "Nominal"}
[2026-06-08 12:35:00.477 Z] [WARN] [cadence.virtuoso.ade.simulationMonitor] -     WARNING (CMI-2943): Parameter checks have been ignored because the valid value for parameter 'trise' could not be found in 'C1'. {"history": "Interactive.394", "point": 1, "testname": "PTAT", "cornername": "Nominal"}
[2026-06-08 12:35:00.477 Z] [WARN] [cadence.virtuoso.ade.simulationMonitor] -     WARNING (CMI-2943): Parameter checks have been ignored because the valid value for parameter 'trise' could not be found in 'C11'. {"history": "Interactive.394", "point": 1, "testname": "PTAT", "cornername": "Nominal"}
[2026-06-08 12:35:00.477 Z] [WARN] [cadence.virtuoso.ade.simulationMonitor] -     WARNING (CMI-2943): Parameter checks have been ignored because the valid value for parameter 'trise' could not be found in 'C12'. {"history": "Interactive.394", "point": 1, "testname": "PTAT", "cornername": "Nominal"}
[2026-06-08 12:35:00.477 Z] [WARN] [cadence.virtuoso.ade.simulationMonitor] -     WARNING (CMI-2943): Parameter checks have been ignored because the valid value for parameter 'trise' could not be found in 'C5'.
        Further occurrences of this warning will be suppressed. {"history": "Interactive.394", "point": 1, "testname": "PTAT", "cornername": "Nominal"}
[2026-06-08 12:35:00.477 Z] [INFO] [cadence.virtuoso.ade.simulationMonitor] - Notice from spectre at temp = 85 C during DC analysis `dc'.
    The value of parameter 'temp' has been reset to the original value 27. {"history": "Interactive.394", "point": 1, "testname": "PTAT", "cornername": "Nominal"}
[2026-06-08 12:35:00.477 Z] [INFO] [cadence.virtuoso.ade.simulationMonitor] - Total time required for dc analysis `dc': CPU = 29.9684 s, elapsed = 25.3299 s, util. = 118%. {"history": "Interactive.394", "point": 1, "testname": "PTAT", "cornername": "Nominal"}
[2026-06-08 12:35:00.478 Z] [INFO] [cadence.virtuoso.ade.simulationMonitor] - Peak resident memory used = 386 Mbytes. {"history": "Interactive.394", "point": 1, "testname": "PTAT", "cornername": "Nominal"}
[2026-06-08 12:35:00.478 Z] [INFO] [cadence.virtuoso.ade.simulationMonitor] - Notice from spectre.
    4181 notices suppressed.
    21098 warnings suppressed. {"history": "Interactive.394", "point": 1, "testname": "PTAT", "cornername": "Nominal"}
[2026-06-08 12:35:05.480 Z] [WARN] [cadence.virtuoso.ade.simulationMonitor] -     WARNING (CMI-2425): I7.I4|C1(10): `Acde' = 2.393 is unusually large. {"history": "Interactive.394", "point": 1, "testname": "PTAT", "cornername": "Nominal"}
[2026-06-08 12:35:05.481 Z] [WARN] [cadence.virtuoso.ade.simulationMonitor] -     WARNING (CMI-2425): I7.I4|C1(10): `Noff' = 4.732 is unusually large. {"history": "Interactive.394", "point": 1, "testname": "PTAT", "cornername": "Nominal"}
[2026-06-08 12:35:05.481 Z] [WARN] [cadence.virtuoso.ade.simulationMonitor] -     WARNING (CMI-2424): I7.I4|C1(10): `Voffcv' = -867.4e-03 is unusually small. {"history": "Interactive.394", "point": 1, "testname": "PTAT", "cornername": "Nominal"}
[2026-06-08 12:35:05.481 Z] [WARN] [cadence.virtuoso.ade.simulationMonitor] -     WARNING (CMI-2425): I7.I4|C1(9): `Acde' = 2.393 is unusually large. {"history": "Interactive.394", "point": 1, "testname": "PTAT", "cornername": "Nominal"}
[2026-06-08 12:35:05.481 Z] [WARN] [cadence.virtuoso.ade.simulationMonitor] -     WARNING (CMI-2425): I7.I4|C1(9): `Noff' = 4.732 is unusually large. {"history": "Interactive.394", "point": 1, "testname": "PTAT", "cornername": "Nominal"}
[2026-06-08 12:35:05.481 Z] [WARN] [cadence.virtuoso.ade.simulationMonitor] -     WARNING (CMI-2424): I7.I4|C1(9): `Voffcv' = -867.4e-03 is unusually small. {"history": "Interactive.394", "point": 1, "testname": "PTAT", "cornername": "Nominal"}
[2026-06-08 12:35:05.482 Z] [WARN] [cadence.virtuoso.ade.simulationMonitor] -     WARNING (CMI-2425): I7.I4|C1(8): `Acde' = 2.393 is unusually large.
        Further occurrences of this warning will be suppressed. {"history": "Interactive.394", "point": 1, "testname": "PTAT", "cornername": "Nominal"}
[2026-06-08 12:35:05.482 Z] [WARN] [cadence.virtuoso.ade.simulationMonitor] -     WARNING (CMI-2424): I7.I4|C1(8): `Voffcv' = -867.4e-03 is unusually small. {"history": "Interactive.394", "point": 1, "testname": "PTAT", "cornername": "Nominal"}
[2026-06-08 12:35:05.482 Z] [WARN] [cadence.virtuoso.ade.simulationMonitor] -     WARNING (CMI-2424): I7.I4|C1(7): `Voffcv' = -867.4e-03 is unusually small. {"history": "Interactive.394", "point": 1, "testname": "PTAT", "cornername": "Nominal"}
[2026-06-08 12:35:05.482 Z] [WARN] [cadence.virtuoso.ade.simulationMonitor] -     WARNING (CMI-2424): I7.I4|C1(6): `Voffcv' = -867.4e-03 is unusually small.
        Further occurrences of this warning will be suppressed. {"history": "Interactive.394", "point": 1, "testname": "PTAT", "cornername": "Nominal"}
[2026-06-08 12:35:10.484 Z] [INFO] [cadence.virtuoso.ade.simulationMonitor] - Notice from spectre during DC analysis, during Noise analysis `noise'.
    Bad pivoting is found during DC analysis. Option dc_pivot_check=yes is recommended for possible improvement of convergence. {"history": "Interactive.394", "point": 1, "testname": "PTAT", "cornername": "Nominal"}
[2026-06-08 12:35:10.485 Z] [WARN] [cadence.virtuoso.ade.simulationMonitor] -     WARNING (CMI-2943): Parameter checks have been ignored because the valid value for parameter 'trise' could not be found in 'C0'. {"history": "Interactive.394", "point": 1, "testname": "PTAT", "cornername": "Nominal"}
[2026-06-08 12:35:10.485 Z] [WARN] [cadence.virtuoso.ade.simulationMonitor] -     WARNING (CMI-2943): Parameter checks have been ignored because the valid value for parameter 'trise' could not be found in 'C1'. {"history": "Interactive.394", "point": 1, "testname": "PTAT", "cornername": "Nominal"}
[2026-06-08 12:35:10.485 Z] [WARN] [cadence.virtuoso.ade.simulationMonitor] -     WARNING (CMI-2943): Parameter checks have been ignored because the valid value for parameter 'trise' could not be found in 'C11'. {"history": "Interactive.394", "point": 1, "testname": "PTAT", "cornername": "Nominal"}
[2026-06-08 12:35:10.485 Z] [WARN] [cadence.virtuoso.ade.simulationMonitor] -     WARNING (CMI-2943): Parameter checks have been ignored because the valid value for parameter 'trise' could not be found in 'C12'. {"history": "Interactive.394", "point": 1, "testname": "PTAT", "cornername": "Nominal"}
[2026-06-08 12:35:10.486 Z] [WARN] [cadence.virtuoso.ade.simulationMonitor] -     WARNING (CMI-2943): Parameter checks have been ignored because the valid value for parameter 'trise' could not be found in 'C5'.
        Further occurrences of this warning will be suppressed. {"history": "Interactive.394", "point": 1, "testname": "PTAT", "cornername": "Nominal"}
[2026-06-08 12:35:29.494 Z] [INFO] [cadence.virtuoso.ade.simulationMonitor] - Total time required for noise analysis `noise': CPU = 108.417 s (1m  48.4s), elapsed = 23.8724 s, util. = 454%. {"history": "Interactive.394", "point": 1, "testname": "PTAT", "cornername": "Nominal"}
[2026-06-08 12:35:29.494 Z] [INFO] [cadence.virtuoso.ade.simulationMonitor] - Peak resident memory used = 489 Mbytes. {"history": "Interactive.394", "point": 1, "testname": "PTAT", "cornername": "Nominal"}
[2026-06-08 12:35:29.494 Z] [INFO] [cadence.virtuoso.ade.simulationMonitor] - Notice from spectre.
    1364 warnings suppressed. {"history": "Interactive.394", "point": 1, "testname": "PTAT", "cornername": "Nominal"}
[2026-06-08 12:35:29.494 Z] [WARN] [cadence.virtuoso.ade.simulationMonitor] -     WARNING (CMI-2425): I7.I3|C1(0): `Acde' = 2.393 is unusually large. {"history": "Interactive.394", "point": 1, "testname": "PTAT", "cornername": "Nominal"}
[2026-06-08 12:35:29.495 Z] [WARN] [cadence.virtuoso.ade.simulationMonitor] -     WARNING (CMI-2425): I7.I3|C1(0): `Noff' = 4.732 is unusually large. {"history": "Interactive.394", "point": 1, "testname": "PTAT", "cornername": "Nominal"}
[2026-06-08 12:35:29.495 Z] [WARN] [cadence.virtuoso.ade.simulationMonitor] -     WARNING (CMI-2424): I7.I3|C1(0): `Voffcv' = -867.4e-03 is unusually small. {"history": "Interactive.394", "point": 1, "testname": "PTAT", "cornername": "Nominal"}
[2026-06-08 12:35:29.495 Z] [WARN] [cadence.virtuoso.ade.simulationMonitor] -     WARNING (CMI-2425): I7.I3|C1(1): `Acde' = 2.393 is unusually large. {"history": "Interactive.394", "point": 1, "testname": "PTAT", "cornername": "Nominal"}
[2026-06-08 12:35:29.495 Z] [WARN] [cadence.virtuoso.ade.simulationMonitor] -     WARNING (CMI-2425): I7.I3|C1(1): `Noff' = 4.732 is unusually large. {"history": "Interactive.394", "point": 1, "testname": "PTAT", "cornername": "Nominal"}
[2026-06-08 12:35:29.495 Z] [WARN] [cadence.virtuoso.ade.simulationMonitor] -     WARNING (CMI-2424): I7.I3|C1(1): `Voffcv' = -867.4e-03 is unusually small. {"history": "Interactive.394", "point": 1, "testname": "PTAT", "cornername": "Nominal"}
[2026-06-08 12:35:29.496 Z] [WARN] [cadence.virtuoso.ade.simulationMonitor] -     WARNING (CMI-2425): I7.I3|C1(2): `Acde' = 2.393 is unusually large.
        Further occurrences of this warning will be suppressed. {"history": "Interactive.394", "point": 1, "testname": "PTAT", "cornername": "Nominal"}
[2026-06-08 12:35:29.496 Z] [WARN] [cadence.virtuoso.ade.simulationMonitor] -     WARNING (CMI-2424): I7.I3|C1(2): `Voffcv' = -867.4e-03 is unusually small. {"history": "Interactive.394", "point": 1, "testname": "PTAT", "cornername": "Nominal"}
[2026-06-08 12:35:29.496 Z] [WARN] [cadence.virtuoso.ade.simulationMonitor] -     WARNING (CMI-2424): I7.I3|C1(3): `Voffcv' = -867.4e-03 is unusually small. {"history": "Interactive.394", "point": 1, "testname": "PTAT", "cornername": "Nominal"}
[2026-06-08 12:35:29.496 Z] [WARN] [cadence.virtuoso.ade.simulationMonitor] -     WARNING (CMI-2424): I7.I3|C1(4): `Voffcv' = -867.4e-03 is unusually small.
        Further occurrences of this warning will be suppressed. {"history": "Interactive.394", "point": 1, "testname": "PTAT", "cornername": "Nominal"}
[2026-06-08 12:35:29.496 Z] [INFO] [cadence.virtuoso.ade.simulationMonitor] - Notice from spectre during XF analysis `xf'.
    Operating points will not be recomputed: the circuit and conditions were not changed since previous analysis. {"history": "Interactive.394", "point": 1, "testname": "PTAT", "cornername": "Nominal"}
[2026-06-08 12:35:32.998 Z] [INFO] [cadence.virtuoso.ade.simulationMonitor] - Total time required for xf analysis `xf': CPU = 11.1683 s, elapsed = 3.41734 s, util. = 327%. {"history": "Interactive.394", "point": 1, "testname": "PTAT", "cornername": "Nominal"}
[2026-06-08 12:35:32.998 Z] [INFO] [cadence.virtuoso.ade.simulationMonitor] - Peak resident memory used = 493 Mbytes. {"history": "Interactive.394", "point": 1, "testname": "PTAT", "cornername": "Nominal"}
[2026-06-08 12:35:32.998 Z] [INFO] [cadence.virtuoso.ade.simulationMonitor] - Notice from spectre.
    68 warnings suppressed. {"history": "Interactive.394", "point": 1, "testname": "PTAT", "cornername": "Nominal"}
[2026-06-08 12:35:32.998 Z] [INFO] [cadence.virtuoso.ade.simulationMonitor] - Time used: CPU = 166 s (2m  45.5s), elapsed = 68.1 s (1m  8.1s), util. = 243%. {"history": "Interactive.394", "point": 1, "testname": "PTAT", "cornername": "Nominal"}
[2026-06-08 12:35:32.999 Z] [INFO] [cadence.virtuoso.ade.simulationMonitor] - Time spent in licensing: elapsed = 99 ms. {"history": "Interactive.394", "point": 1, "testname": "PTAT", "cornername": "Nominal"}
[2026-06-08 12:35:33.000 Z] [INFO] [cadence.virtuoso.ade.simulationMonitor] - Peak memory used = 493 Mbytes. {"history": "Interactive.394", "point": 1, "testname": "PTAT", "cornername": "Nominal"}
[2026-06-08 12:35:33.001 Z] [PROCESS] [cadence.virtuoso.ade.simulationMonitor] - Simulation started at: 12:34:24 PM, Mon Jun 8, 2026, ended at: 12:35:32 PM, Mon Jun 8, 2026, with elapsed time (wall clock): 68.1 s (1m  8.1s). {"history": "Interactive.394", "point": 1, "testname": "PTAT", "cornername": "Nominal"}
[2026-06-08 12:35:33.001 Z] [PROCESS] [cadence.virtuoso.ade.simulationMonitor] - spectre completes with 0 errors, 95 warnings, and 43 notices. {"history": "Interactive.394", "point": 1, "testname": "PTAT", "cornername": "Nominal"}
[2026-06-08 12:35:33.001 Z] [PROCESS] [cadence.virtuoso.ade.simulationMonitor] - Finished simulating for one point {"hostname": "il2244vt26_hrahimi", "processid": 3691831, "history": "Interactive.394", "testname": "PTAT", "cornername": "Nominal", "point": 1, "logfile": "/home/hrahimi/projects/POTENTIOSTAT_26/logs_hrahimi/logs0/Job8.log", "simid": "1"}
[2026-06-08 12:35:33.001 Z] [PROCESS] [cadence.virtuoso.ade.simulationMonitor] - Simulator exited {"hostname": "il2244vt26_hrahimi", "processid": 3691831, "history": "Interactive.394", "testname": "PTAT", "cornername": "Nominal", "point": 1, "logfile": "/home/hrahimi/projects/POTENTIOSTAT_26/logs_hrahimi/logs0/Job8.log", "exitStatus": "0"}
[2026-06-08 12:35:33.002 Z] [PROCESS] [cadence.virtuoso.ade.simulationMonitor] - Finished Simulation {"hostname": "il2244vt26_hrahimi", "processid": 3691831, "history": "Interactive.394", "testname": "PTAT", "cornername": "Nominal", "point": 1, "logfile": "/home/hrahimi/projects/POTENTIOSTAT_26/logs_hrahimi/logs0/Job8.log", "simid": "1"}
[2026-06-08 12:35:37.020 Z] [PROCESS] [cadence.virtuoso.ade.simulationMonitor] - Point Finished {"hostname": "il2244vt26_hrahimi", "processid": 3691831, "history": "Interactive.394", "testname": "PTAT", "cornername": "Nominal", "point": 1, "logfile": "/home/hrahimi/projects/POTENTIOSTAT_26/logs_hrahimi/logs0/Job8.log"}
[2026-06-08 12:35:37.485 Z] [PROCESS] [cadence.virtuoso.ade.simulationMonitor] - Stay with the runId '2', Linger time '300', currentRunSyn '5', currentTestSyn '10' {"hostname": "il2244vt26_hrahimi", "processid": 3691831, "history": "Interactive.394", "testname": "PTAT", "cornername": "Nominal", "point": 1, "logfile": "/home/hrahimi/projects/POTENTIOSTAT_26/logs_hrahimi/logs0/Job8.log"}
[2026-06-08 12:35:38.490 Z] [PROCESS] [cadence.virtuoso.ade.simulationMonitor] - Stay with the runId '2', Linger time '300', currentRunSyn '5', currentTestSyn '10' {"hostname": "il2244vt26_hrahimi", "processid": 3691831, "history": "Interactive.394", "testname": "PTAT", "cornername": "Nominal", "point": 1, "logfile": "/home/hrahimi/projects/POTENTIOSTAT_26/logs_hrahimi/logs0/Job8.log"}
[2026-06-08 12:35:39.490 Z] [PROCESS] [cadence.virtuoso.ade.simulationMonitor] - Stay with the runId '2', Linger time '300', currentRunSyn '5', currentTestSyn '10' {"hostname": "il2244vt26_hrahimi", "processid": 3691831, "history": "Interactive.394", "testname": "PTAT", "cornername": "Nominal", "point": 1, "logfile": "/home/hrahimi/projects/POTENTIOSTAT_26/logs_hrahimi/logs0/Job8.log"}
[2026-06-08 12:35:40.488 Z] [PROCESS] [cadence.virtuoso.ade.simulationMonitor] - Stay with the runId '2', Linger time '300', currentRunSyn '5', currentTestSyn '10' {"hostname": "il2244vt26_hrahimi", "processid": 3691831, "history": "Interactive.394", "testname": "PTAT", "cornername": "Nominal", "point": 1, "logfile": "/home/hrahimi/projects/POTENTIOSTAT_26/logs_hrahimi/logs0/Job8.log"}
[2026-06-08 12:35:41.489 Z] [PROCESS] [cadence.virtuoso.ade.simulationMonitor] - Stay with the runId '2', Linger time '300', currentRunSyn '5', currentTestSyn '10' {"hostname": "il2244vt26_hrahimi", "processid": 3691831, "history": "Interactive.394", "testname": "PTAT", "cornername": "Nominal", "point": 1, "logfile": "/home/hrahimi/projects/POTENTIOSTAT_26/logs_hrahimi/logs0/Job8.log"}
[2026-06-08 12:35:42.490 Z] [PROCESS] [cadence.virtuoso.ade.simulationMonitor] - Stay with the runId '2', Linger time '300', currentRunSyn '5', currentTestSyn '10' {"hostname": "il2244vt26_hrahimi", "processid": 3691831, "history": "Interactive.394", "testname": "PTAT", "cornername": "Nominal", "point": 1, "logfile": "/home/hrahimi/projects/POTENTIOSTAT_26/logs_hrahimi/logs0/Job8.log"}
[2026-06-08 12:35:43.490 Z] [PROCESS] [cadence.virtuoso.ade.simulationMonitor] - Stay with the runId '2', Linger time '300', currentRunSyn '5', currentTestSyn '10' {"hostname": "il2244vt26_hrahimi", "processid": 3691831, "history": "Interactive.394", "testname": "PTAT", "cornername": "Nominal", "point": 1, "logfile": "/home/hrahimi/projects/POTENTIOSTAT_26/logs_hrahimi/logs0/Job8.log"}
[2026-06-08 12:35:44.493 Z] [PROCESS] [cadence.virtuoso.ade.simulationMonitor] - Stay with the runId '2', Linger time '300', currentRunSyn '5', currentTestSyn '10' {"hostname": "il2244vt26_hrahimi", "processid": 3691831, "history": "Interactive.394", "testname": "PTAT", "cornername": "Nominal", "point": 1, "logfile": "/home/hrahimi/projects/POTENTIOSTAT_26/logs_hrahimi/logs0/Job8.log"}
[2026-06-08 12:35:45.493 Z] [PROCESS] [cadence.virtuoso.ade.simulationMonitor] - Stay with the runId '2', Linger time '300', currentRunSyn '5', currentTestSyn '10' {"hostname": "il2244vt26_hrahimi", "processid": 3691831, "history": "Interactive.394", "testname": "PTAT", "cornername": "Nominal", "point": 1, "logfile": "/home/hrahimi/projects/POTENTIOSTAT_26/logs_hrahimi/logs0/Job8.log"}
[2026-06-08 12:35:46.496 Z] [PROCESS] [cadence.virtuoso.ade.simulationMonitor] - Stay with the runId '2', Linger time '300', currentRunSyn '5', currentTestSyn '10' {"hostname": "il2244vt26_hrahimi", "processid": 3691831, "history": "Interactive.394", "testname": "PTAT", "cornername": "Nominal", "point": 1, "logfile": "/home/hrahimi/projects/POTENTIOSTAT_26/logs_hrahimi/logs0/Job8.log"}
[2026-06-08 12:35:47.494 Z] [PROCESS] [cadence.virtuoso.ade.simulationMonitor] - Stay with the runId '2', Linger time '300', currentRunSyn '5', currentTestSyn '10' {"hostname": "il2244vt26_hrahimi", "processid": 3691831, "history": "Interactive.394", "testname": "PTAT", "cornername": "Nominal", "point": 1, "logfile": "/home/hrahimi/projects/POTENTIOSTAT_26/logs_hrahimi/logs0/Job8.log"}
[2026-06-08 12:35:48.495 Z] [PROCESS] [cadence.virtuoso.ade.simulationMonitor] - Stay with the runId '2', Linger time '300', currentRunSyn '5', currentTestSyn '10' {"hostname": "il2244vt26_hrahimi", "processid": 3691831, "history": "Interactive.394", "testname": "PTAT", "cornername": "Nominal", "point": 1, "logfile": "/home/hrahimi/projects/POTENTIOSTAT_26/logs_hrahimi/logs0/Job8.log"}
[2026-06-08 12:35:49.497 Z] [PROCESS] [cadence.virtuoso.ade.simulationMonitor] - Stay with the runId '2', Linger time '300', currentRunSyn '5', currentTestSyn '10' {"hostname": "il2244vt26_hrahimi", "processid": 3691831, "history": "Interactive.394", "testname": "PTAT", "cornername": "Nominal", "point": 1, "logfile": "/home/hrahimi/projects/POTENTIOSTAT_26/logs_hrahimi/logs0/Job8.log"}
[2026-06-08 12:35:50.496 Z] [PROCESS] [cadence.virtuoso.ade.simulationMonitor] - Stay with the runId '2', Linger time '300', currentRunSyn '5', currentTestSyn '10' {"hostname": "il2244vt26_hrahimi", "processid": 3691831, "history": "Interactive.394", "testname": "PTAT", "cornername": "Nominal", "point": 1, "logfile": "/home/hrahimi/projects/POTENTIOSTAT_26/logs_hrahimi/logs0/Job8.log"}
[2026-06-08 12:35:51.496 Z] [PROCESS] [cadence.virtuoso.ade.simulationMonitor] - Stay with the runId '2', Linger time '300', currentRunSyn '5', currentTestSyn '10' {"hostname": "il2244vt26_hrahimi", "processid": 3691831, "history": "Interactive.394", "testname": "PTAT", "cornername": "Nominal", "point": 1, "logfile": "/home/hrahimi/projects/POTENTIOSTAT_26/logs_hrahimi/logs0/Job8.log"}
[2026-06-08 12:35:52.497 Z] [PROCESS] [cadence.virtuoso.ade.simulationMonitor] - Stay with the runId '2', Linger time '300', currentRunSyn '5', currentTestSyn '10' {"hostname": "il2244vt26_hrahimi", "processid": 3691831, "history": "Interactive.394", "testname": "PTAT", "cornername": "Nominal", "point": 1, "logfile": "/home/hrahimi/projects/POTENTIOSTAT_26/logs_hrahimi/logs0/Job8.log"}
[2026-06-08 12:35:53.498 Z] [PROCESS] [cadence.virtuoso.ade.simulationMonitor] - Stay with the runId '2', Linger time '300', currentRunSyn '5', currentTestSyn '10' {"hostname": "il2244vt26_hrahimi", "processid": 3691831, "history": "Interactive.394", "testname": "PTAT", "cornername": "Nominal", "point": 1, "logfile": "/home/hrahimi/projects/POTENTIOSTAT_26/logs_hrahimi/logs0/Job8.log"}
[2026-06-08 12:35:54.499 Z] [PROCESS] [cadence.virtuoso.ade.simulationMonitor] - Stay with the runId '2', Linger time '300', currentRunSyn '5', currentTestSyn '10' {"hostname": "il2244vt26_hrahimi", "processid": 3691831, "history": "Interactive.394", "testname": "PTAT", "cornername": "Nominal", "point": 1, "logfile": "/home/hrahimi/projects/POTENTIOSTAT_26/logs_hrahimi/logs0/Job8.log"}
[2026-06-08 12:35:55.499 Z] [PROCESS] [cadence.virtuoso.ade.simulationMonitor] - Stay with the runId '2', Linger time '300', currentRunSyn '5', currentTestSyn '10' {"hostname": "il2244vt26_hrahimi", "processid": 3691831, "history": "Interactive.394", "testname": "PTAT", "cornername": "Nominal", "point": 1, "logfile": "/home/hrahimi/projects/POTENTIOSTAT_26/logs_hrahimi/logs0/Job8.log"}
[2026-06-08 12:35:56.500 Z] [PROCESS] [cadence.virtuoso.ade.simulationMonitor] - Stay with the runId '2', Linger time '300', currentRunSyn '5', currentTestSyn '10' {"hostname": "il2244vt26_hrahimi", "processid": 3691831, "history": "Interactive.394", "testname": "PTAT", "cornername": "Nominal", "point": 1, "logfile": "/home/hrahimi/projects/POTENTIOSTAT_26/logs_hrahimi/logs0/Job8.log"}
[2026-06-08 12:35:57.500 Z] [PROCESS] [cadence.virtuoso.ade.simulationMonitor] - Stay with the runId '2', Linger time '300', currentRunSyn '5', currentTestSyn '10' {"hostname": "il2244vt26_hrahimi", "processid": 3691831, "history": "Interactive.394", "testname": "PTAT", "cornername": "Nominal", "point": 1, "logfile": "/home/hrahimi/projects/POTENTIOSTAT_26/logs_hrahimi/logs0/Job8.log"}
[2026-06-08 12:35:58.500 Z] [PROCESS] [cadence.virtuoso.ade.simulationMonitor] - Stay with the runId '2', Linger time '300', currentRunSyn '5', currentTestSyn '10' {"hostname": "il2244vt26_hrahimi", "processid": 3691831, "history": "Interactive.394", "testname": "PTAT", "cornername": "Nominal", "point": 1, "logfile": "/home/hrahimi/projects/POTENTIOSTAT_26/logs_hrahimi/logs0/Job8.log"}
[2026-06-08 12:35:59.500 Z] [PROCESS] [cadence.virtuoso.ade.simulationMonitor] - Stay with the runId '2', Linger time '300', currentRunSyn '5', currentTestSyn '10' {"hostname": "il2244vt26_hrahimi", "processid": 3691831, "history": "Interactive.394", "testname": "PTAT", "cornername": "Nominal", "point": 1, "logfile": "/home/hrahimi/projects/POTENTIOSTAT_26/logs_hrahimi/logs0/Job8.log"}
[2026-06-08 12:36:00.501 Z] [PROCESS] [cadence.virtuoso.ade.simulationMonitor] - Stay with the runId '2', Linger time '300', currentRunSyn '5', currentTestSyn '10' {"hostname": "il2244vt26_hrahimi", "processid": 3691831, "history": "Interactive.394", "testname": "PTAT", "cornername": "Nominal", "point": 1, "logfile": "/home/hrahimi/projects/POTENTIOSTAT_26/logs_hrahimi/logs0/Job8.log"}
[2026-06-08 12:36:01.502 Z] [PROCESS] [cadence.virtuoso.ade.simulationMonitor] - Stay with the runId '2', Linger time '300', currentRunSyn '5', currentTestSyn '10' {"hostname": "il2244vt26_hrahimi", "processid": 3691831, "history": "Interactive.394", "testname": "PTAT", "cornername": "Nominal", "point": 1, "logfile": "/home/hrahimi/projects/POTENTIOSTAT_26/logs_hrahimi/logs0/Job8.log"}
[2026-06-08 12:36:02.502 Z] [PROCESS] [cadence.virtuoso.ade.simulationMonitor] - Stay with the runId '2', Linger time '300', currentRunSyn '5', currentTestSyn '10' {"hostname": "il2244vt26_hrahimi", "processid": 3691831, "history": "Interactive.394", "testname": "PTAT", "cornername": "Nominal", "point": 1, "logfile": "/home/hrahimi/projects/POTENTIOSTAT_26/logs_hrahimi/logs0/Job8.log"}
[2026-06-08 12:36:03.503 Z] [PROCESS] [cadence.virtuoso.ade.simulationMonitor] - Stay with the runId '2', Linger time '300', currentRunSyn '5', currentTestSyn '10' {"hostname": "il2244vt26_hrahimi", "processid": 3691831, "history": "Interactive.394", "testname": "PTAT", "cornername": "Nominal", "point": 1, "logfile": "/home/hrahimi/projects/POTENTIOSTAT_26/logs_hrahimi/logs0/Job8.log"}
[2026-06-08 12:36:04.504 Z] [PROCESS] [cadence.virtuoso.ade.simulationMonitor] - Stay with the runId '2', Linger time '300', currentRunSyn '5', currentTestSyn '10' {"hostname": "il2244vt26_hrahimi", "processid": 3691831, "history": "Interactive.394", "testname": "PTAT", "cornername": "Nominal", "point": 1, "logfile": "/home/hrahimi/projects/POTENTIOSTAT_26/logs_hrahimi/logs0/Job8.log"}
[2026-06-08 12:36:05.507 Z] [PROCESS] [cadence.virtuoso.ade.simulationMonitor] - Stay with the runId '2', Linger time '300', currentRunSyn '5', currentTestSyn '10' {"hostname": "il2244vt26_hrahimi", "processid": 3691831, "history": "Interactive.394", "testname": "PTAT", "cornername": "Nominal", "point": 1, "logfile": "/home/hrahimi/projects/POTENTIOSTAT_26/logs_hrahimi/logs0/Job8.log"}
[2026-06-08 12:36:06.508 Z] [PROCESS] [cadence.virtuoso.ade.simulationMonitor] - Stay with the runId '2', Linger time '300', currentRunSyn '5', currentTestSyn '10' {"hostname": "il2244vt26_hrahimi", "processid": 3691831, "history": "Interactive.394", "testname": "PTAT", "cornername": "Nominal", "point": 1, "logfile": "/home/hrahimi/projects/POTENTIOSTAT_26/logs_hrahimi/logs0/Job8.log"}
[2026-06-08 12:36:07.509 Z] [PROCESS] [cadence.virtuoso.ade.simulationMonitor] - Stay with the runId '2', Linger time '300', currentRunSyn '5', currentTestSyn '10' {"hostname": "il2244vt26_hrahimi", "processid": 3691831, "history": "Interactive.394", "testname": "PTAT", "cornername": "Nominal", "point": 1, "logfile": "/home/hrahimi/projects/POTENTIOSTAT_26/logs_hrahimi/logs0/Job8.log"}
[2026-06-08 12:36:08.510 Z] [PROCESS] [cadence.virtuoso.ade.simulationMonitor] - Stay with the runId '2', Linger time '300', currentRunSyn '5', currentTestSyn '10' {"hostname": "il2244vt26_hrahimi", "processid": 3691831, "history": "Interactive.394", "testname": "PTAT", "cornername": "Nominal", "point": 1, "logfile": "/home/hrahimi/projects/POTENTIOSTAT_26/logs_hrahimi/logs0/Job8.log"}
[2026-06-08 12:36:09.510 Z] [PROCESS] [cadence.virtuoso.ade.simulationMonitor] - Stay with the runId '2', Linger time '300', currentRunSyn '5', currentTestSyn '10' {"hostname": "il2244vt26_hrahimi", "processid": 3691831, "history": "Interactive.394", "testname": "PTAT", "cornername": "Nominal", "point": 1, "logfile": "/home/hrahimi/projects/POTENTIOSTAT_26/logs_hrahimi/logs0/Job8.log"}
[2026-06-08 12:36:10.508 Z] [PROCESS] [cadence.virtuoso.ade.simulationMonitor] - Stay with the runId '2', Linger time '300', currentRunSyn '5', currentTestSyn '10' {"hostname": "il2244vt26_hrahimi", "processid": 3691831, "history": "Interactive.394", "testname": "PTAT", "cornername": "Nominal", "point": 1, "logfile": "/home/hrahimi/projects/POTENTIOSTAT_26/logs_hrahimi/logs0/Job8.log"}
[2026-06-08 12:36:11.509 Z] [PROCESS] [cadence.virtuoso.ade.simulationMonitor] - Stay with the runId '2', Linger time '300', currentRunSyn '5', currentTestSyn '10' {"hostname": "il2244vt26_hrahimi", "processid": 3691831, "history": "Interactive.394", "testname": "PTAT", "cornername": "Nominal", "point": 1, "logfile": "/home/hrahimi/projects/POTENTIOSTAT_26/logs_hrahimi/logs0/Job8.log"}
[2026-06-08 12:36:12.510 Z] [PROCESS] [cadence.virtuoso.ade.simulationMonitor] - Stay with the runId '2', Linger time '300', currentRunSyn '5', currentTestSyn '10' {"hostname": "il2244vt26_hrahimi", "processid": 3691831, "history": "Interactive.394", "testname": "PTAT", "cornername": "Nominal", "point": 1, "logfile": "/home/hrahimi/projects/POTENTIOSTAT_26/logs_hrahimi/logs0/Job8.log"}
[2026-06-08 12:36:13.510 Z] [PROCESS] [cadence.virtuoso.ade.simulationMonitor] - Stay with the runId '2', Linger time '300', currentRunSyn '5', currentTestSyn '10' {"hostname": "il2244vt26_hrahimi", "processid": 3691831, "history": "Interactive.394", "testname": "PTAT", "cornername": "Nominal", "point": 1, "logfile": "/home/hrahimi/projects/POTENTIOSTAT_26/logs_hrahimi/logs0/Job8.log"}
[2026-06-08 12:36:14.511 Z] [PROCESS] [cadence.virtuoso.ade.simulationMonitor] - Stay with the runId '2', Linger time '300', currentRunSyn '5', currentTestSyn '10' {"hostname": "il2244vt26_hrahimi", "processid": 3691831, "history": "Interactive.394", "testname": "PTAT", "cornername": "Nominal", "point": 1, "logfile": "/home/hrahimi/projects/POTENTIOSTAT_26/logs_hrahimi/logs0/Job8.log"}
[2026-06-08 12:36:15.511 Z] [PROCESS] [cadence.virtuoso.ade.simulationMonitor] - Stay with the runId '2', Linger time '300', currentRunSyn '5', currentTestSyn '10' {"hostname": "il2244vt26_hrahimi", "processid": 3691831, "history": "Interactive.394", "testname": "PTAT", "cornername": "Nominal", "point": 1, "logfile": "/home/hrahimi/projects/POTENTIOSTAT_26/logs_hrahimi/logs0/Job8.log"}
[2026-06-08 12:36:16.512 Z] [PROCESS] [cadence.virtuoso.ade.simulationMonitor] - Stay with the runId '2', Linger time '300', currentRunSyn '5', currentTestSyn '10' {"hostname": "il2244vt26_hrahimi", "processid": 3691831, "history": "Interactive.394", "testname": "PTAT", "cornername": "Nominal", "point": 1, "logfile": "/home/hrahimi/projects/POTENTIOSTAT_26/logs_hrahimi/logs0/Job8.log"}
[2026-06-08 12:36:17.513 Z] [PROCESS] [cadence.virtuoso.ade.simulationMonitor] - Stay with the runId '2', Linger time '300', currentRunSyn '5', currentTestSyn '10' {"hostname": "il2244vt26_hrahimi", "processid": 3691831, "history": "Interactive.394", "testname": "PTAT", "cornername": "Nominal", "point": 1, "logfile": "/home/hrahimi/projects/POTENTIOSTAT_26/logs_hrahimi/logs0/Job8.log"}
[2026-06-08 12:36:18.514 Z] [PROCESS] [cadence.virtuoso.ade.simulationMonitor] - Stay with the runId '2', Linger time '300', currentRunSyn '5', currentTestSyn '10' {"hostname": "il2244vt26_hrahimi", "processid": 3691831, "history": "Interactive.394", "testname": "PTAT", "cornername": "Nominal", "point": 1, "logfile": "/home/hrahimi/projects/POTENTIOSTAT_26/logs_hrahimi/logs0/Job8.log"}
[2026-06-08 12:36:19.514 Z] [PROCESS] [cadence.virtuoso.ade.simulationMonitor] - Stay with the runId '2', Linger time '300', currentRunSyn '5', currentTestSyn '10' {"hostname": "il2244vt26_hrahimi", "processid": 3691831, "history": "Interactive.394", "testname": "PTAT", "cornername": "Nominal", "point": 1, "logfile": "/home/hrahimi/projects/POTENTIOSTAT_26/logs_hrahimi/logs0/Job8.log"}
[2026-06-08 12:36:20.514 Z] [PROCESS] [cadence.virtuoso.ade.simulationMonitor] - Stay with the runId '2', Linger time '300', currentRunSyn '5', currentTestSyn '10' {"hostname": "il2244vt26_hrahimi", "processid": 3691831, "history": "Interactive.394", "testname": "PTAT", "cornername": "Nominal", "point": 1, "logfile": "/home/hrahimi/projects/POTENTIOSTAT_26/logs_hrahimi/logs0/Job8.log"}
[2026-06-08 12:36:21.516 Z] [PROCESS] [cadence.virtuoso.ade.simulationMonitor] - Stay with the runId '2', Linger time '300', currentRunSyn '5', currentTestSyn '10' {"hostname": "il2244vt26_hrahimi", "processid": 3691831, "history": "Interactive.394", "testname": "PTAT", "cornername": "Nominal", "point": 1, "logfile": "/home/hrahimi/projects/POTENTIOSTAT_26/logs_hrahimi/logs0/Job8.log"}
[2026-06-08 12:36:22.515 Z] [PROCESS] [cadence.virtuoso.ade.simulationMonitor] - Stay with the runId '2', Linger time '300', currentRunSyn '5', currentTestSyn '10' {"hostname": "il2244vt26_hrahimi", "processid": 3691831, "history": "Interactive.394", "testname": "PTAT", "cornername": "Nominal", "point": 1, "logfile": "/home/hrahimi/projects/POTENTIOSTAT_26/logs_hrahimi/logs0/Job8.log"}
[2026-06-08 12:36:23.517 Z] [PROCESS] [cadence.virtuoso.ade.simulationMonitor] - Stay with the runId '2', Linger time '300', currentRunSyn '5', currentTestSyn '10' {"hostname": "il2244vt26_hrahimi", "processid": 3691831, "history": "Interactive.394", "testname": "PTAT", "cornername": "Nominal", "point": 1, "logfile": "/home/hrahimi/projects/POTENTIOSTAT_26/logs_hrahimi/logs0/Job8.log"}
[2026-06-08 12:36:24.517 Z] [PROCESS] [cadence.virtuoso.ade.simulationMonitor] - Stay with the runId '2', Linger time '300', currentRunSyn '5', currentTestSyn '10' {"hostname": "il2244vt26_hrahimi", "processid": 3691831, "history": "Interactive.394", "testname": "PTAT", "cornername": "Nominal", "point": 1, "logfile": "/home/hrahimi/projects/POTENTIOSTAT_26/logs_hrahimi/logs0/Job8.log"}
[2026-06-08 12:36:25.518 Z] [PROCESS] [cadence.virtuoso.ade.simulationMonitor] - Stay with the runId '2', Linger time '300', currentRunSyn '5', currentTestSyn '10' {"hostname": "il2244vt26_hrahimi", "processid": 3691831, "history": "Interactive.394", "testname": "PTAT", "cornername": "Nominal", "point": 1, "logfile": "/home/hrahimi/projects/POTENTIOSTAT_26/logs_hrahimi/logs0/Job8.log"}
[2026-06-08 12:36:26.518 Z] [PROCESS] [cadence.virtuoso.ade.simulationMonitor] - Stay with the runId '2', Linger time '300', currentRunSyn '5', currentTestSyn '10' {"hostname": "il2244vt26_hrahimi", "processid": 3691831, "history": "Interactive.394", "testname": "PTAT", "cornername": "Nominal", "point": 1, "logfile": "/home/hrahimi/projects/POTENTIOSTAT_26/logs_hrahimi/logs0/Job8.log"}
[2026-06-08 12:36:27.519 Z] [PROCESS] [cadence.virtuoso.ade.simulationMonitor] - Stay with the runId '2', Linger time '300', currentRunSyn '5', currentTestSyn '10' {"hostname": "il2244vt26_hrahimi", "processid": 3691831, "history": "Interactive.394", "testname": "PTAT", "cornername": "Nominal", "point": 1, "logfile": "/home/hrahimi/projects/POTENTIOSTAT_26/logs_hrahimi/logs0/Job8.log"}
[2026-06-08 12:36:28.520 Z] [PROCESS] [cadence.virtuoso.ade.simulationMonitor] - Stay with the runId '2', Linger time '300', currentRunSyn '5', currentTestSyn '10' {"hostname": "il2244vt26_hrahimi", "processid": 3691831, "history": "Interactive.394", "testname": "PTAT", "cornername": "Nominal", "point": 1, "logfile": "/home/hrahimi/projects/POTENTIOSTAT_26/logs_hrahimi/logs0/Job8.log"}
[2026-06-08 12:36:29.521 Z] [PROCESS] [cadence.virtuoso.ade.simulationMonitor] - Stay with the runId '2', Linger time '300', currentRunSyn '5', currentTestSyn '10' {"hostname": "il2244vt26_hrahimi", "processid": 3691831, "history": "Interactive.394", "testname": "PTAT", "cornername": "Nominal", "point": 1, "logfile": "/home/hrahimi/projects/POTENTIOSTAT_26/logs_hrahimi/logs0/Job8.log"}
[2026-06-08 12:36:30.521 Z] [PROCESS] [cadence.virtuoso.ade.simulationMonitor] - Stay with the runId '2', Linger time '300', currentRunSyn '5', currentTestSyn '10' {"hostname": "il2244vt26_hrahimi", "processid": 3691831, "history": "Interactive.394", "testname": "PTAT", "cornername": "Nominal", "point": 1, "logfile": "/home/hrahimi/projects/POTENTIOSTAT_26/logs_hrahimi/logs0/Job8.log"}
[2026-06-08 12:36:31.524 Z] [PROCESS] [cadence.virtuoso.ade.simulationMonitor] - Stay with the runId '2', Linger time '300', currentRunSyn '5', currentTestSyn '10' {"hostname": "il2244vt26_hrahimi", "processid": 3691831, "history": "Interactive.394", "testname": "PTAT", "cornername": "Nominal", "point": 1, "logfile": "/home/hrahimi/projects/POTENTIOSTAT_26/logs_hrahimi/logs0/Job8.log"}
[2026-06-08 12:36:32.527 Z] [PROCESS] [cadence.virtuoso.ade.simulationMonitor] - Stay with the runId '2', Linger time '300', currentRunSyn '5', currentTestSyn '10' {"hostname": "il2244vt26_hrahimi", "processid": 3691831, "history": "Interactive.394", "testname": "PTAT", "cornername": "Nominal", "point": 1, "logfile": "/home/hrahimi/projects/POTENTIOSTAT_26/logs_hrahimi/logs0/Job8.log"}
[2026-06-08 12:36:33.529 Z] [PROCESS] [cadence.virtuoso.ade.simulationMonitor] - Stay with the runId '2', Linger time '300', currentRunSyn '5', currentTestSyn '10' {"hostname": "il2244vt26_hrahimi", "processid": 3691831, "history": "Interactive.394", "testname": "PTAT", "cornername": "Nominal", "point": 1, "logfile": "/home/hrahimi/projects/POTENTIOSTAT_26/logs_hrahimi/logs0/Job8.log"}
[2026-06-08 12:36:34.527 Z] [PROCESS] [cadence.virtuoso.ade.simulationMonitor] - Stay with the runId '2', Linger time '300', currentRunSyn '5', currentTestSyn '10' {"hostname": "il2244vt26_hrahimi", "processid": 3691831, "history": "Interactive.394", "testname": "PTAT", "cornername": "Nominal", "point": 1, "logfile": "/home/hrahimi/projects/POTENTIOSTAT_26/logs_hrahimi/logs0/Job8.log"}
[2026-06-08 12:36:35.527 Z] [PROCESS] [cadence.virtuoso.ade.simulationMonitor] - Stay with the runId '2', Linger time '300', currentRunSyn '5', currentTestSyn '10' {"hostname": "il2244vt26_hrahimi", "processid": 3691831, "history": "Interactive.394", "testname": "PTAT", "cornername": "Nominal", "point": 1, "logfile": "/home/hrahimi/projects/POTENTIOSTAT_26/logs_hrahimi/logs0/Job8.log"}
[2026-06-08 12:36:36.531 Z] [PROCESS] [cadence.virtuoso.ade.simulationMonitor] - Stay with the runId '2', Linger time '300', currentRunSyn '5', currentTestSyn '10' {"hostname": "il2244vt26_hrahimi", "processid": 3691831, "history": "Interactive.394", "testname": "PTAT", "cornername": "Nominal", "point": 1, "logfile": "/home/hrahimi/projects/POTENTIOSTAT_26/logs_hrahimi/logs0/Job8.log"}
[2026-06-08 12:36:37.531 Z] [PROCESS] [cadence.virtuoso.ade.simulationMonitor] - Stay with the runId '2', Linger time '300', currentRunSyn '5', currentTestSyn '10' {"hostname": "il2244vt26_hrahimi", "processid": 3691831, "history": "Interactive.394", "testname": "PTAT", "cornername": "Nominal", "point": 1, "logfile": "/home/hrahimi/projects/POTENTIOSTAT_26/logs_hrahimi/logs0/Job8.log"}
[2026-06-08 12:36:38.533 Z] [PROCESS] [cadence.virtuoso.ade.simulationMonitor] - Stay with the runId '2', Linger time '300', currentRunSyn '5', currentTestSyn '10' {"hostname": "il2244vt26_hrahimi", "processid": 3691831, "history": "Interactive.394", "testname": "PTAT", "cornername": "Nominal", "point": 1, "logfile": "/home/hrahimi/projects/POTENTIOSTAT_26/logs_hrahimi/logs0/Job8.log"}
[2026-06-08 12:36:39.535 Z] [PROCESS] [cadence.virtuoso.ade.simulationMonitor] - Stay with the runId '2', Linger time '300', currentRunSyn '5', currentTestSyn '10' {"hostname": "il2244vt26_hrahimi", "processid": 3691831, "history": "Interactive.394", "testname": "PTAT", "cornername": "Nominal", "point": 1, "logfile": "/home/hrahimi/projects/POTENTIOSTAT_26/logs_hrahimi/logs0/Job8.log"}
[2026-06-08 12:36:40.536 Z] [PROCESS] [cadence.virtuoso.ade.simulationMonitor] - Stay with the runId '2', Linger time '300', currentRunSyn '5', currentTestSyn '10' {"hostname": "il2244vt26_hrahimi", "processid": 3691831, "history": "Interactive.394", "testname": "PTAT", "cornername": "Nominal", "point": 1, "logfile": "/home/hrahimi/projects/POTENTIOSTAT_26/logs_hrahimi/logs0/Job8.log"}
[2026-06-08 12:36:41.537 Z] [PROCESS] [cadence.virtuoso.ade.simulationMonitor] - Stay with the runId '2', Linger time '300', currentRunSyn '5', currentTestSyn '10' {"hostname": "il2244vt26_hrahimi", "processid": 3691831, "history": "Interactive.394", "testname": "PTAT", "cornername": "Nominal", "point": 1, "logfile": "/home/hrahimi/projects/POTENTIOSTAT_26/logs_hrahimi/logs0/Job8.log"}
[2026-06-08 12:36:42.534 Z] [PROCESS] [cadence.virtuoso.ade.simulationMonitor] - Stay with the runId '2', Linger time '300', currentRunSyn '5', currentTestSyn '10' {"hostname": "il2244vt26_hrahimi", "processid": 3691831, "history": "Interactive.394", "testname": "PTAT", "cornername": "Nominal", "point": 1, "logfile": "/home/hrahimi/projects/POTENTIOSTAT_26/logs_hrahimi/logs0/Job8.log"}
[2026-06-08 12:36:43.535 Z] [PROCESS] [cadence.virtuoso.ade.simulationMonitor] - Stay with the runId '2', Linger time '300', currentRunSyn '5', currentTestSyn '10' {"hostname": "il2244vt26_hrahimi", "processid": 3691831, "history": "Interactive.394", "testname": "PTAT", "cornername": "Nominal", "point": 1, "logfile": "/home/hrahimi/projects/POTENTIOSTAT_26/logs_hrahimi/logs0/Job8.log"}
[2026-06-08 12:36:44.535 Z] [PROCESS] [cadence.virtuoso.ade.simulationMonitor] - Stay with the runId '2', Linger time '300', currentRunSyn '5', currentTestSyn '10' {"hostname": "il2244vt26_hrahimi", "processid": 3691831, "history": "Interactive.394", "testname": "PTAT", "cornername": "Nominal", "point": 1, "logfile": "/home/hrahimi/projects/POTENTIOSTAT_26/logs_hrahimi/logs0/Job8.log"}
[2026-06-08 12:36:45.540 Z] [PROCESS] [cadence.virtuoso.ade.simulationMonitor] - Stay with the runId '2', Linger time '300', currentRunSyn '5', currentTestSyn '10' {"hostname": "il2244vt26_hrahimi", "processid": 3691831, "history": "Interactive.394", "testname": "PTAT", "cornername": "Nominal", "point": 1, "logfile": "/home/hrahimi/projects/POTENTIOSTAT_26/logs_hrahimi/logs0/Job8.log"}
[2026-06-08 12:36:46.541 Z] [PROCESS] [cadence.virtuoso.ade.simulationMonitor] - Stay with the runId '2', Linger time '300', currentRunSyn '5', currentTestSyn '10' {"hostname": "il2244vt26_hrahimi", "processid": 3691831, "history": "Interactive.394", "testname": "PTAT", "cornername": "Nominal", "point": 1, "logfile": "/home/hrahimi/projects/POTENTIOSTAT_26/logs_hrahimi/logs0/Job8.log"}
[2026-06-08 12:36:47.538 Z] [PROCESS] [cadence.virtuoso.ade.simulationMonitor] - Stay with the runId '2', Linger time '300', currentRunSyn '5', currentTestSyn '10' {"hostname": "il2244vt26_hrahimi", "processid": 3691831, "history": "Interactive.394", "testname": "PTAT", "cornername": "Nominal", "point": 1, "logfile": "/home/hrahimi/projects/POTENTIOSTAT_26/logs_hrahimi/logs0/Job8.log"}
[2026-06-08 12:36:48.538 Z] [PROCESS] [cadence.virtuoso.ade.simulationMonitor] - Stay with the runId '2', Linger time '300', currentRunSyn '5', currentTestSyn '10' {"hostname": "il2244vt26_hrahimi", "processid": 3691831, "history": "Interactive.394", "testname": "PTAT", "cornername": "Nominal", "point": 1, "logfile": "/home/hrahimi/projects/POTENTIOSTAT_26/logs_hrahimi/logs0/Job8.log"}
[2026-06-08 12:36:49.539 Z] [PROCESS] [cadence.virtuoso.ade.simulationMonitor] - Stay with the runId '2', Linger time '300', currentRunSyn '5', currentTestSyn '10' {"hostname": "il2244vt26_hrahimi", "processid": 3691831, "history": "Interactive.394", "testname": "PTAT", "cornername": "Nominal", "point": 1, "logfile": "/home/hrahimi/projects/POTENTIOSTAT_26/logs_hrahimi/logs0/Job8.log"}
[2026-06-08 12:37:44.622 Z] [PROCESS] [cadence.virtuoso.ade.simulationMonitor] - Stay with the runId '3', Linger time '300', currentRunSyn '7', currentTestSyn '14' {"hostname": "il2244vt26_hrahimi", "processid": 3691831, "history": "Interactive.394", "testname": "PTAT", "cornername": "Nominal", "point": 1, "logfile": "/home/hrahimi/projects/POTENTIOSTAT_26/logs_hrahimi/logs0/Job8.log"}
[2026-06-08 12:37:45.620 Z] [PROCESS] [cadence.virtuoso.ade.simulationMonitor] - Stay with the runId '3', Linger time '300', currentRunSyn '7', currentTestSyn '14' {"hostname": "il2244vt26_hrahimi", "processid": 3691831, "history": "Interactive.394", "testname": "PTAT", "cornername": "Nominal", "point": 1, "logfile": "/home/hrahimi/projects/POTENTIOSTAT_26/logs_hrahimi/logs0/Job8.log"}
[2026-06-08 12:37:46.621 Z] [PROCESS] [cadence.virtuoso.ade.simulationMonitor] - Stay with the runId '3', Linger time '300', currentRunSyn '7', currentTestSyn '14' {"hostname": "il2244vt26_hrahimi", "processid": 3691831, "history": "Interactive.394", "testname": "PTAT", "cornername": "Nominal", "point": 1, "logfile": "/home/hrahimi/projects/POTENTIOSTAT_26/logs_hrahimi/logs0/Job8.log"}
[2026-06-08 12:37:47.621 Z] [PROCESS] [cadence.virtuoso.ade.simulationMonitor] - Stay with the runId '3', Linger time '300', currentRunSyn '7', currentTestSyn '14' {"hostname": "il2244vt26_hrahimi", "processid": 3691831, "history": "Interactive.394", "testname": "PTAT", "cornername": "Nominal", "point": 1, "logfile": "/home/hrahimi/projects/POTENTIOSTAT_26/logs_hrahimi/logs0/Job8.log"}
[2026-06-08 12:37:48.621 Z] [PROCESS] [cadence.virtuoso.ade.simulationMonitor] - Stay with the runId '3', Linger time '300', currentRunSyn '7', currentTestSyn '14' {"hostname": "il2244vt26_hrahimi", "processid": 3691831, "history": "Interactive.394", "testname": "PTAT", "cornername": "Nominal", "point": 1, "logfile": "/home/hrahimi/projects/POTENTIOSTAT_26/logs_hrahimi/logs0/Job8.log"}
[2026-06-08 12:37:49.623 Z] [PROCESS] [cadence.virtuoso.ade.simulationMonitor] - Stay with the runId '3', Linger time '300', currentRunSyn '7', currentTestSyn '15' {"hostname": "il2244vt26_hrahimi", "processid": 3691831, "history": "Interactive.394", "testname": "PTAT", "cornername": "Nominal", "point": 1, "logfile": "/home/hrahimi/projects/POTENTIOSTAT_26/logs_hrahimi/logs0/Job8.log"}
[2026-06-08 12:37:50.623 Z] [PROCESS] [cadence.virtuoso.ade.simulationMonitor] - Stay with the runId '3', Linger time '300', currentRunSyn '7', currentTestSyn '15' {"hostname": "il2244vt26_hrahimi", "processid": 3691831, "history": "Interactive.394", "testname": "PTAT", "cornername": "Nominal", "point": 1, "logfile": "/home/hrahimi/projects/POTENTIOSTAT_26/logs_hrahimi/logs0/Job8.log"}
[2026-06-08 12:37:51.624 Z] [PROCESS] [cadence.virtuoso.ade.simulationMonitor] - Stay with the runId '3', Linger time '300', currentRunSyn '7', currentTestSyn '15' {"hostname": "il2244vt26_hrahimi", "processid": 3691831, "history": "Interactive.394", "testname": "PTAT", "cornername": "Nominal", "point": 1, "logfile": "/home/hrahimi/projects/POTENTIOSTAT_26/logs_hrahimi/logs0/Job8.log"}
[2026-06-08 12:37:52.625 Z] [PROCESS] [cadence.virtuoso.ade.simulationMonitor] - Stay with the runId '3', Linger time '300', currentRunSyn '7', currentTestSyn '15' {"hostname": "il2244vt26_hrahimi", "processid": 3691831, "history": "Interactive.394", "testname": "PTAT", "cornername": "Nominal", "point": 1, "logfile": "/home/hrahimi/projects/POTENTIOSTAT_26/logs_hrahimi/logs0/Job8.log"}
[2026-06-08 12:37:53.625 Z] [PROCESS] [cadence.virtuoso.ade.simulationMonitor] - Stay with the runId '3', Linger time '300', currentRunSyn '7', currentTestSyn '15' {"hostname": "il2244vt26_hrahimi", "processid": 3691831, "history": "Interactive.394", "testname": "PTAT", "cornername": "Nominal", "point": 1, "logfile": "/home/hrahimi/projects/POTENTIOSTAT_26/logs_hrahimi/logs0/Job8.log"}
[2026-06-08 12:37:54.626 Z] [PROCESS] [cadence.virtuoso.ade.simulationMonitor] - Stay with the runId '3', Linger time '300', currentRunSyn '7', currentTestSyn '15' {"hostname": "il2244vt26_hrahimi", "processid": 3691831, "history": "Interactive.394", "testname": "PTAT", "cornername": "Nominal", "point": 1, "logfile": "/home/hrahimi/projects/POTENTIOSTAT_26/logs_hrahimi/logs0/Job8.log"}
[2026-06-08 12:37:55.626 Z] [PROCESS] [cadence.virtuoso.ade.simulationMonitor] - Stay with the runId '3', Linger time '300', currentRunSyn '7', currentTestSyn '15' {"hostname": "il2244vt26_hrahimi", "processid": 3691831, "history": "Interactive.394", "testname": "PTAT", "cornername": "Nominal", "point": 1, "logfile": "/home/hrahimi/projects/POTENTIOSTAT_26/logs_hrahimi/logs0/Job8.log"}
[2026-06-08 12:37:56.627 Z] [PROCESS] [cadence.virtuoso.ade.simulationMonitor] - Stay with the runId '3', Linger time '300', currentRunSyn '7', currentTestSyn '15' {"hostname": "il2244vt26_hrahimi", "processid": 3691831, "history": "Interactive.394", "testname": "PTAT", "cornername": "Nominal", "point": 1, "logfile": "/home/hrahimi/projects/POTENTIOSTAT_26/logs_hrahimi/logs0/Job8.log"}
[2026-06-08 12:37:57.628 Z] [PROCESS] [cadence.virtuoso.ade.simulationMonitor] - Stay with the runId '3', Linger time '300', currentRunSyn '7', currentTestSyn '15' {"hostname": "il2244vt26_hrahimi", "processid": 3691831, "history": "Interactive.394", "testname": "PTAT", "cornername": "Nominal", "point": 1, "logfile": "/home/hrahimi/projects/POTENTIOSTAT_26/logs_hrahimi/logs0/Job8.log"}
[2026-06-08 12:37:58.629 Z] [PROCESS] [cadence.virtuoso.ade.simulationMonitor] - Stay with the runId '3', Linger time '300', currentRunSyn '7', currentTestSyn '15' {"hostname": "il2244vt26_hrahimi", "processid": 3691831, "history": "Interactive.394", "testname": "PTAT", "cornername": "Nominal", "point": 1, "logfile": "/home/hrahimi/projects/POTENTIOSTAT_26/logs_hrahimi/logs0/Job8.log"}
[2026-06-08 12:37:59.629 Z] [PROCESS] [cadence.virtuoso.ade.simulationMonitor] - Stay with the runId '3', Linger time '300', currentRunSyn '7', currentTestSyn '15' {"hostname": "il2244vt26_hrahimi", "processid": 3691831, "history": "Interactive.394", "testname": "PTAT", "cornername": "Nominal", "point": 1, "logfile": "/home/hrahimi/projects/POTENTIOSTAT_26/logs_hrahimi/logs0/Job8.log"}
[2026-06-08 12:38:00.631 Z] [PROCESS] [cadence.virtuoso.ade.simulationMonitor] - Stay with the runId '3', Linger time '300', currentRunSyn '7', currentTestSyn '15' {"hostname": "il2244vt26_hrahimi", "processid": 3691831, "history": "Interactive.394", "testname": "PTAT", "cornername": "Nominal", "point": 1, "logfile": "/home/hrahimi/projects/POTENTIOSTAT_26/logs_hrahimi/logs0/Job8.log"}
[2026-06-08 12:38:01.631 Z] [PROCESS] [cadence.virtuoso.ade.simulationMonitor] - Stay with the runId '3', Linger time '300', currentRunSyn '7', currentTestSyn '15' {"hostname": "il2244vt26_hrahimi", "processid": 3691831, "history": "Interactive.394", "testname": "PTAT", "cornername": "Nominal", "point": 1, "logfile": "/home/hrahimi/projects/POTENTIOSTAT_26/logs_hrahimi/logs0/Job8.log"}
[2026-06-08 12:38:02.632 Z] [PROCESS] [cadence.virtuoso.ade.simulationMonitor] - Stay with the runId '3', Linger time '300', currentRunSyn '7', currentTestSyn '15' {"hostname": "il2244vt26_hrahimi", "processid": 3691831, "history": "Interactive.394", "testname": "PTAT", "cornername": "Nominal", "point": 1, "logfile": "/home/hrahimi/projects/POTENTIOSTAT_26/logs_hrahimi/logs0/Job8.log"}
[2026-06-08 12:38:03.633 Z] [PROCESS] [cadence.virtuoso.ade.simulationMonitor] - Stay with the runId '3', Linger time '300', currentRunSyn '7', currentTestSyn '15' {"hostname": "il2244vt26_hrahimi", "processid": 3691831, "history": "Interactive.394", "testname": "PTAT", "cornername": "Nominal", "point": 1, "logfile": "/home/hrahimi/projects/POTENTIOSTAT_26/logs_hrahimi/logs0/Job8.log"}
[2026-06-08 12:38:04.633 Z] [PROCESS] [cadence.virtuoso.ade.simulationMonitor] - Stay with the runId '3', Linger time '300', currentRunSyn '7', currentTestSyn '15' {"hostname": "il2244vt26_hrahimi", "processid": 3691831, "history": "Interactive.394", "testname": "PTAT", "cornername": "Nominal", "point": 1, "logfile": "/home/hrahimi/projects/POTENTIOSTAT_26/logs_hrahimi/logs0/Job8.log"}
[2026-06-08 12:38:05.635 Z] [PROCESS] [cadence.virtuoso.ade.simulationMonitor] - Stay with the runId '3', Linger time '300', currentRunSyn '7', currentTestSyn '15' {"hostname": "il2244vt26_hrahimi", "processid": 3691831, "history": "Interactive.394", "testname": "PTAT", "cornername": "Nominal", "point": 1, "logfile": "/home/hrahimi/projects/POTENTIOSTAT_26/logs_hrahimi/logs0/Job8.log"}
[2026-06-08 12:38:06.635 Z] [PROCESS] [cadence.virtuoso.ade.simulationMonitor] - Stay with the runId '3', Linger time '300', currentRunSyn '7', currentTestSyn '15' {"hostname": "il2244vt26_hrahimi", "processid": 3691831, "history": "Interactive.394", "testname": "PTAT", "cornername": "Nominal", "point": 1, "logfile": "/home/hrahimi/projects/POTENTIOSTAT_26/logs_hrahimi/logs0/Job8.log"}
[2026-06-08 12:38:07.636 Z] [PROCESS] [cadence.virtuoso.ade.simulationMonitor] - Stay with the runId '3', Linger time '300', currentRunSyn '7', currentTestSyn '15' {"hostname": "il2244vt26_hrahimi", "processid": 3691831, "history": "Interactive.394", "testname": "PTAT", "cornername": "Nominal", "point": 1, "logfile": "/home/hrahimi/projects/POTENTIOSTAT_26/logs_hrahimi/logs0/Job8.log"}
[2026-06-08 12:38:08.636 Z] [PROCESS] [cadence.virtuoso.ade.simulationMonitor] - Stay with the runId '3', Linger time '300', currentRunSyn '7', currentTestSyn '15' {"hostname": "il2244vt26_hrahimi", "processid": 3691831, "history": "Interactive.394", "testname": "PTAT", "cornername": "Nominal", "point": 1, "logfile": "/home/hrahimi/projects/POTENTIOSTAT_26/logs_hrahimi/logs0/Job8.log"}
[2026-06-08 12:38:09.637 Z] [PROCESS] [cadence.virtuoso.ade.simulationMonitor] - Stay with the runId '3', Linger time '300', currentRunSyn '7', currentTestSyn '15' {"hostname": "il2244vt26_hrahimi", "processid": 3691831, "history": "Interactive.394", "testname": "PTAT", "cornername": "Nominal", "point": 1, "logfile": "/home/hrahimi/projects/POTENTIOSTAT_26/logs_hrahimi/logs0/Job8.log"}
[2026-06-08 12:38:10.638 Z] [PROCESS] [cadence.virtuoso.ade.simulationMonitor] - Stay with the runId '3', Linger time '300', currentRunSyn '7', currentTestSyn '15' {"hostname": "il2244vt26_hrahimi", "processid": 3691831, "history": "Interactive.394", "testname": "PTAT", "cornername": "Nominal", "point": 1, "logfile": "/home/hrahimi/projects/POTENTIOSTAT_26/logs_hrahimi/logs0/Job8.log"}
[2026-06-08 12:38:11.639 Z] [PROCESS] [cadence.virtuoso.ade.simulationMonitor] - Stay with the runId '3', Linger time '300', currentRunSyn '7', currentTestSyn '15' {"hostname": "il2244vt26_hrahimi", "processid": 3691831, "history": "Interactive.394", "testname": "PTAT", "cornername": "Nominal", "point": 1, "logfile": "/home/hrahimi/projects/POTENTIOSTAT_26/logs_hrahimi/logs0/Job8.log"}
[2026-06-08 12:38:12.639 Z] [PROCESS] [cadence.virtuoso.ade.simulationMonitor] - Stay with the runId '3', Linger time '300', currentRunSyn '7', currentTestSyn '15' {"hostname": "il2244vt26_hrahimi", "processid": 3691831, "history": "Interactive.394", "testname": "PTAT", "cornername": "Nominal", "point": 1, "logfile": "/home/hrahimi/projects/POTENTIOSTAT_26/logs_hrahimi/logs0/Job8.log"}
[2026-06-08 12:38:13.640 Z] [PROCESS] [cadence.virtuoso.ade.simulationMonitor] - Stay with the runId '3', Linger time '300', currentRunSyn '7', currentTestSyn '15' {"hostname": "il2244vt26_hrahimi", "processid": 3691831, "history": "Interactive.394", "testname": "PTAT", "cornername": "Nominal", "point": 1, "logfile": "/home/hrahimi/projects/POTENTIOSTAT_26/logs_hrahimi/logs0/Job8.log"}
[2026-06-08 12:38:14.641 Z] [PROCESS] [cadence.virtuoso.ade.simulationMonitor] - Stay with the runId '3', Linger time '300', currentRunSyn '7', currentTestSyn '15' {"hostname": "il2244vt26_hrahimi", "processid": 3691831, "history": "Interactive.394", "testname": "PTAT", "cornername": "Nominal", "point": 1, "logfile": "/home/hrahimi/projects/POTENTIOSTAT_26/logs_hrahimi/logs0/Job8.log"}
[2026-06-08 12:38:15.641 Z] [PROCESS] [cadence.virtuoso.ade.simulationMonitor] - Stay with the runId '3', Linger time '300', currentRunSyn '7', currentTestSyn '15' {"hostname": "il2244vt26_hrahimi", "processid": 3691831, "history": "Interactive.394", "testname": "PTAT", "cornername": "Nominal", "point": 1, "logfile": "/home/hrahimi/projects/POTENTIOSTAT_26/logs_hrahimi/logs0/Job8.log"}
[2026-06-08 12:38:16.642 Z] [PROCESS] [cadence.virtuoso.ade.simulationMonitor] - Stay with the runId '3', Linger time '300', currentRunSyn '7', currentTestSyn '15' {"hostname": "il2244vt26_hrahimi", "processid": 3691831, "history": "Interactive.394", "testname": "PTAT", "cornername": "Nominal", "point": 1, "logfile": "/home/hrahimi/projects/POTENTIOSTAT_26/logs_hrahimi/logs0/Job8.log"}
[2026-06-08 12:38:17.643 Z] [PROCESS] [cadence.virtuoso.ade.simulationMonitor] - Stay with the runId '3', Linger time '300', currentRunSyn '7', currentTestSyn '15' {"hostname": "il2244vt26_hrahimi", "processid": 3691831, "history": "Interactive.394", "testname": "PTAT", "cornername": "Nominal", "point": 1, "logfile": "/home/hrahimi/projects/POTENTIOSTAT_26/logs_hrahimi/logs0/Job8.log"}
[2026-06-08 12:38:18.644 Z] [PROCESS] [cadence.virtuoso.ade.simulationMonitor] - Stay with the runId '3', Linger time '300', currentRunSyn '7', currentTestSyn '15' {"hostname": "il2244vt26_hrahimi", "processid": 3691831, "history": "Interactive.394", "testname": "PTAT", "cornername": "Nominal", "point": 1, "logfile": "/home/hrahimi/projects/POTENTIOSTAT_26/logs_hrahimi/logs0/Job8.log"}
[2026-06-08 12:38:19.645 Z] [PROCESS] [cadence.virtuoso.ade.simulationMonitor] - Stay with the runId '3', Linger time '300', currentRunSyn '7', currentTestSyn '15' {"hostname": "il2244vt26_hrahimi", "processid": 3691831, "history": "Interactive.394", "testname": "PTAT", "cornername": "Nominal", "point": 1, "logfile": "/home/hrahimi/projects/POTENTIOSTAT_26/logs_hrahimi/logs0/Job8.log"}
[2026-06-08 12:38:20.646 Z] [PROCESS] [cadence.virtuoso.ade.simulationMonitor] - Stay with the runId '3', Linger time '300', currentRunSyn '7', currentTestSyn '15' {"hostname": "il2244vt26_hrahimi", "processid": 3691831, "history": "Interactive.394", "testname": "PTAT", "cornername": "Nominal", "point": 1, "logfile": "/home/hrahimi/projects/POTENTIOSTAT_26/logs_hrahimi/logs0/Job8.log"}
[2026-06-08 12:38:21.647 Z] [PROCESS] [cadence.virtuoso.ade.simulationMonitor] - Stay with the runId '3', Linger time '300', currentRunSyn '7', currentTestSyn '15' {"hostname": "il2244vt26_hrahimi", "processid": 3691831, "history": "Interactive.394", "testname": "PTAT", "cornername": "Nominal", "point": 1, "logfile": "/home/hrahimi/projects/POTENTIOSTAT_26/logs_hrahimi/logs0/Job8.log"}
[2026-06-08 12:38:22.647 Z] [PROCESS] [cadence.virtuoso.ade.simulationMonitor] - Stay with the runId '3', Linger time '300', currentRunSyn '7', currentTestSyn '15' {"hostname": "il2244vt26_hrahimi", "processid": 3691831, "history": "Interactive.394", "testname": "PTAT", "cornername": "Nominal", "point": 1, "logfile": "/home/hrahimi/projects/POTENTIOSTAT_26/logs_hrahimi/logs0/Job8.log"}
[2026-06-08 12:38:23.648 Z] [PROCESS] [cadence.virtuoso.ade.simulationMonitor] - Stay with the runId '3', Linger time '300', currentRunSyn '7', currentTestSyn '15' {"hostname": "il2244vt26_hrahimi", "processid": 3691831, "history": "Interactive.394", "testname": "PTAT", "cornername": "Nominal", "point": 1, "logfile": "/home/hrahimi/projects/POTENTIOSTAT_26/logs_hrahimi/logs0/Job8.log"}
[2026-06-08 12:38:24.649 Z] [PROCESS] [cadence.virtuoso.ade.simulationMonitor] - Stay with the runId '3', Linger time '300', currentRunSyn '7', currentTestSyn '15' {"hostname": "il2244vt26_hrahimi", "processid": 3691831, "history": "Interactive.394", "testname": "PTAT", "cornername": "Nominal", "point": 1, "logfile": "/home/hrahimi/projects/POTENTIOSTAT_26/logs_hrahimi/logs0/Job8.log"}
[2026-06-08 12:38:25.649 Z] [PROCESS] [cadence.virtuoso.ade.simulationMonitor] - Stay with the runId '3', Linger time '300', currentRunSyn '7', currentTestSyn '15' {"hostname": "il2244vt26_hrahimi", "processid": 3691831, "history": "Interactive.394", "testname": "PTAT", "cornername": "Nominal", "point": 1, "logfile": "/home/hrahimi/projects/POTENTIOSTAT_26/logs_hrahimi/logs0/Job8.log"}
[2026-06-08 12:38:26.653 Z] [PROCESS] [cadence.virtuoso.ade.simulationMonitor] - Stay with the runId '3', Linger time '300', currentRunSyn '7', currentTestSyn '15' {"hostname": "il2244vt26_hrahimi", "processid": 3691831, "history": "Interactive.394", "testname": "PTAT", "cornername": "Nominal", "point": 1, "logfile": "/home/hrahimi/projects/POTENTIOSTAT_26/logs_hrahimi/logs0/Job8.log"}
[2026-06-08 12:38:27.655 Z] [PROCESS] [cadence.virtuoso.ade.simulationMonitor] - Stay with the runId '3', Linger time '300', currentRunSyn '7', currentTestSyn '15' {"hostname": "il2244vt26_hrahimi", "processid": 3691831, "history": "Interactive.394", "testname": "PTAT", "cornername": "Nominal", "point": 1, "logfile": "/home/hrahimi/projects/POTENTIOSTAT_26/logs_hrahimi/logs0/Job8.log"}
[2026-06-08 12:38:28.652 Z] [PROCESS] [cadence.virtuoso.ade.simulationMonitor] - Stay with the runId '3', Linger time '300', currentRunSyn '7', currentTestSyn '15' {"hostname": "il2244vt26_hrahimi", "processid": 3691831, "history": "Interactive.394", "testname": "PTAT", "cornername": "Nominal", "point": 1, "logfile": "/home/hrahimi/projects/POTENTIOSTAT_26/logs_hrahimi/logs0/Job8.log"}
[2026-06-08 12:38:29.655 Z] [PROCESS] [cadence.virtuoso.ade.simulationMonitor] - Stay with the runId '3', Linger time '300', currentRunSyn '7', currentTestSyn '15' {"hostname": "il2244vt26_hrahimi", "processid": 3691831, "history": "Interactive.394", "testname": "PTAT", "cornername": "Nominal", "point": 1, "logfile": "/home/hrahimi/projects/POTENTIOSTAT_26/logs_hrahimi/logs0/Job8.log"}
[2026-06-08 12:38:30.658 Z] [PROCESS] [cadence.virtuoso.ade.simulationMonitor] - Stay with the runId '3', Linger time '300', currentRunSyn '7', currentTestSyn '15' {"hostname": "il2244vt26_hrahimi", "processid": 3691831, "history": "Interactive.394", "testname": "PTAT", "cornername": "Nominal", "point": 1, "logfile": "/home/hrahimi/projects/POTENTIOSTAT_26/logs_hrahimi/logs0/Job8.log"}
[2026-06-08 12:38:31.655 Z] [PROCESS] [cadence.virtuoso.ade.simulationMonitor] - Stay with the runId '3', Linger time '300', currentRunSyn '7', currentTestSyn '15' {"hostname": "il2244vt26_hrahimi", "processid": 3691831, "history": "Interactive.394", "testname": "PTAT", "cornername": "Nominal", "point": 1, "logfile": "/home/hrahimi/projects/POTENTIOSTAT_26/logs_hrahimi/logs0/Job8.log"}
[2026-06-08 12:38:32.656 Z] [PROCESS] [cadence.virtuoso.ade.simulationMonitor] - Stay with the runId '3', Linger time '300', currentRunSyn '7', currentTestSyn '15' {"hostname": "il2244vt26_hrahimi", "processid": 3691831, "history": "Interactive.394", "testname": "PTAT", "cornername": "Nominal", "point": 1, "logfile": "/home/hrahimi/projects/POTENTIOSTAT_26/logs_hrahimi/logs0/Job8.log"}
[2026-06-08 12:38:33.657 Z] [PROCESS] [cadence.virtuoso.ade.simulationMonitor] - Stay with the runId '3', Linger time '300', currentRunSyn '7', currentTestSyn '15' {"hostname": "il2244vt26_hrahimi", "processid": 3691831, "history": "Interactive.394", "testname": "PTAT", "cornername": "Nominal", "point": 1, "logfile": "/home/hrahimi/projects/POTENTIOSTAT_26/logs_hrahimi/logs0/Job8.log"}
[2026-06-08 12:38:34.658 Z] [PROCESS] [cadence.virtuoso.ade.simulationMonitor] - Stay with the runId '3', Linger time '300', currentRunSyn '7', currentTestSyn '15' {"hostname": "il2244vt26_hrahimi", "processid": 3691831, "history": "Interactive.394", "testname": "PTAT", "cornername": "Nominal", "point": 1, "logfile": "/home/hrahimi/projects/POTENTIOSTAT_26/logs_hrahimi/logs0/Job8.log"}
[2026-06-08 12:38:35.658 Z] [PROCESS] [cadence.virtuoso.ade.simulationMonitor] - Stay with the runId '3', Linger time '300', currentRunSyn '7', currentTestSyn '15' {"hostname": "il2244vt26_hrahimi", "processid": 3691831, "history": "Interactive.394", "testname": "PTAT", "cornername": "Nominal", "point": 1, "logfile": "/home/hrahimi/projects/POTENTIOSTAT_26/logs_hrahimi/logs0/Job8.log"}
[2026-06-08 12:38:36.660 Z] [PROCESS] [cadence.virtuoso.ade.simulationMonitor] - Stay with the runId '3', Linger time '300', currentRunSyn '7', currentTestSyn '15' {"hostname": "il2244vt26_hrahimi", "processid": 3691831, "history": "Interactive.394", "testname": "PTAT", "cornername": "Nominal", "point": 1, "logfile": "/home/hrahimi/projects/POTENTIOSTAT_26/logs_hrahimi/logs0/Job8.log"}
[2026-06-08 12:38:37.660 Z] [PROCESS] [cadence.virtuoso.ade.simulationMonitor] - Stay with the runId '3', Linger time '300', currentRunSyn '7', currentTestSyn '15' {"hostname": "il2244vt26_hrahimi", "processid": 3691831, "history": "Interactive.394", "testname": "PTAT", "cornername": "Nominal", "point": 1, "logfile": "/home/hrahimi/projects/POTENTIOSTAT_26/logs_hrahimi/logs0/Job8.log"}
[2026-06-08 12:38:38.661 Z] [PROCESS] [cadence.virtuoso.ade.simulationMonitor] - Stay with the runId '3', Linger time '300', currentRunSyn '7', currentTestSyn '15' {"hostname": "il2244vt26_hrahimi", "processid": 3691831, "history": "Interactive.394", "testname": "PTAT", "cornername": "Nominal", "point": 1, "logfile": "/home/hrahimi/projects/POTENTIOSTAT_26/logs_hrahimi/logs0/Job8.log"}
[2026-06-08 12:38:39.662 Z] [PROCESS] [cadence.virtuoso.ade.simulationMonitor] - Stay with the runId '3', Linger time '300', currentRunSyn '7', currentTestSyn '15' {"hostname": "il2244vt26_hrahimi", "processid": 3691831, "history": "Interactive.394", "testname": "PTAT", "cornername": "Nominal", "point": 1, "logfile": "/home/hrahimi/projects/POTENTIOSTAT_26/logs_hrahimi/logs0/Job8.log"}
[2026-06-08 12:38:40.662 Z] [PROCESS] [cadence.virtuoso.ade.simulationMonitor] - Stay with the runId '3', Linger time '300', currentRunSyn '7', currentTestSyn '15' {"hostname": "il2244vt26_hrahimi", "processid": 3691831, "history": "Interactive.394", "testname": "PTAT", "cornername": "Nominal", "point": 1, "logfile": "/home/hrahimi/projects/POTENTIOSTAT_26/logs_hrahimi/logs0/Job8.log"}
[2026-06-08 12:38:41.664 Z] [PROCESS] [cadence.virtuoso.ade.simulationMonitor] - Stay with the runId '3', Linger time '300', currentRunSyn '7', currentTestSyn '15' {"hostname": "il2244vt26_hrahimi", "processid": 3691831, "history": "Interactive.394", "testname": "PTAT", "cornername": "Nominal", "point": 1, "logfile": "/home/hrahimi/projects/POTENTIOSTAT_26/logs_hrahimi/logs0/Job8.log"}
[2026-06-08 12:38:42.664 Z] [PROCESS] [cadence.virtuoso.ade.simulationMonitor] - Stay with the runId '3', Linger time '300', currentRunSyn '7', currentTestSyn '15' {"hostname": "il2244vt26_hrahimi", "processid": 3691831, "history": "Interactive.394", "testname": "PTAT", "cornername": "Nominal", "point": 1, "logfile": "/home/hrahimi/projects/POTENTIOSTAT_26/logs_hrahimi/logs0/Job8.log"}
[2026-06-08 12:38:43.665 Z] [PROCESS] [cadence.virtuoso.ade.simulationMonitor] - Stay with the runId '3', Linger time '300', currentRunSyn '7', currentTestSyn '15' {"hostname": "il2244vt26_hrahimi", "processid": 3691831, "history": "Interactive.394", "testname": "PTAT", "cornername": "Nominal", "point": 1, "logfile": "/home/hrahimi/projects/POTENTIOSTAT_26/logs_hrahimi/logs0/Job8.log"}
[2026-06-08 12:38:44.666 Z] [PROCESS] [cadence.virtuoso.ade.simulationMonitor] - Stay with the runId '3', Linger time '300', currentRunSyn '7', currentTestSyn '15' {"hostname": "il2244vt26_hrahimi", "processid": 3691831, "history": "Interactive.394", "testname": "PTAT", "cornername": "Nominal", "point": 1, "logfile": "/home/hrahimi/projects/POTENTIOSTAT_26/logs_hrahimi/logs0/Job8.log"}
[2026-06-08 12:38:45.667 Z] [PROCESS] [cadence.virtuoso.ade.simulationMonitor] - Stay with the runId '3', Linger time '300', currentRunSyn '7', currentTestSyn '15' {"hostname": "il2244vt26_hrahimi", "processid": 3691831, "history": "Interactive.394", "testname": "PTAT", "cornername": "Nominal", "point": 1, "logfile": "/home/hrahimi/projects/POTENTIOSTAT_26/logs_hrahimi/logs0/Job8.log"}
[2026-06-08 12:38:46.667 Z] [PROCESS] [cadence.virtuoso.ade.simulationMonitor] - Stay with the runId '3', Linger time '300', currentRunSyn '7', currentTestSyn '15' {"hostname": "il2244vt26_hrahimi", "processid": 3691831, "history": "Interactive.394", "testname": "PTAT", "cornername": "Nominal", "point": 1, "logfile": "/home/hrahimi/projects/POTENTIOSTAT_26/logs_hrahimi/logs0/Job8.log"}
[2026-06-08 12:38:47.668 Z] [PROCESS] [cadence.virtuoso.ade.simulationMonitor] - Stay with the runId '3', Linger time '300', currentRunSyn '7', currentTestSyn '15' {"hostname": "il2244vt26_hrahimi", "processid": 3691831, "history": "Interactive.394", "testname": "PTAT", "cornername": "Nominal", "point": 1, "logfile": "/home/hrahimi/projects/POTENTIOSTAT_26/logs_hrahimi/logs0/Job8.log"}
[2026-06-08 12:38:48.669 Z] [PROCESS] [cadence.virtuoso.ade.simulationMonitor] - Stay with the runId '3', Linger time '300', currentRunSyn '7', currentTestSyn '15' {"hostname": "il2244vt26_hrahimi", "processid": 3691831, "history": "Interactive.394", "testname": "PTAT", "cornername": "Nominal", "point": 1, "logfile": "/home/hrahimi/projects/POTENTIOSTAT_26/logs_hrahimi/logs0/Job8.log"}
[2026-06-08 12:38:49.670 Z] [PROCESS] [cadence.virtuoso.ade.simulationMonitor] - Stay with the runId '3', Linger time '300', currentRunSyn '7', currentTestSyn '15' {"hostname": "il2244vt26_hrahimi", "processid": 3691831, "history": "Interactive.394", "testname": "PTAT", "cornername": "Nominal", "point": 1, "logfile": "/home/hrahimi/projects/POTENTIOSTAT_26/logs_hrahimi/logs0/Job8.log"}
[2026-06-08 12:38:50.670 Z] [PROCESS] [cadence.virtuoso.ade.simulationMonitor] - Stay with the runId '3', Linger time '300', currentRunSyn '7', currentTestSyn '15' {"hostname": "il2244vt26_hrahimi", "processid": 3691831, "history": "Interactive.394", "testname": "PTAT", "cornername": "Nominal", "point": 1, "logfile": "/home/hrahimi/projects/POTENTIOSTAT_26/logs_hrahimi/logs0/Job8.log"}
[2026-06-08 12:40:38.860 Z] [PROCESS] [cadence.virtuoso.ade.simulationMonitor] - Current memory used: 52.9922 MBytes, peak memory used: 52.9922 MBytes {"hostname": "il2244vt26_hrahimi", "processid": 3691831, "history": "Interactive.394", "testname": "PTAT", "cornername": "Nominal", "point": 1, "logfile": "/home/hrahimi/projects/POTENTIOSTAT_26/logs_hrahimi/logs0/Job8.log"}
[2026-06-08 12:40:38.861 Z] [PROCESS] [cadence.virtuoso.ade.simulationMonitor] - Simulation Monitor process exit. {"hostname": "il2244vt26_hrahimi", "processid": 3691831, "history": "Interactive.394", "testname": "PTAT", "cornername": "Nominal", "point": 1, "logfile": "/home/hrahimi/projects/POTENTIOSTAT_26/logs_hrahimi/logs0/Job8.log"}
