[Simulation Monitor: 9]
[2026-06-09 20:42:01.741 Z] [PROCESS] [cadence.virtuoso.ade.simulationMonitor] - Simulation Monitor has successfully started up. Trying to set up communication channels to other components ... {"hostname": "il2244vt26_hrahimi", "processid": 3941599, "logfile": "/home/hrahimi/projects/POTENTIOSTAT_26/logs_hrahimi/logs0/Job9.log"}
[2026-06-09 20:42:01.742 Z] [PROCESS] [cadence.virtuoso.ade.simulationMonitor] - Communication channels have been successfully set up. Start processing events ... {"hostname": "il2244vt26_hrahimi", "processid": 3941599, "logfile": "/home/hrahimi/projects/POTENTIOSTAT_26/logs_hrahimi/logs0/Job9.log"}
[2026-06-09 20:42:01.742 Z] [PROCESS] [cadence.virtuoso.ade.simulationMonitor] - Considering to start history {"hostname": "il2244vt26_hrahimi", "processid": 3941599, "history": "Interactive.165", "logfile": "/home/hrahimi/projects/POTENTIOSTAT_26/logs_hrahimi/logs0/Job9.log"}
[2026-06-09 20:42:01.756 Z] [PROCESS] [cadence.virtuoso.ade.simulationMonitor] - Started History {"hostname": "il2244vt26_hrahimi", "processid": 3941599, "history": "Interactive.172", "logfile": "/home/hrahimi/projects/POTENTIOSTAT_26/logs_hrahimi/logs0/Job9.log"}
[2026-06-09 20:42:01.757 Z] [PROCESS] [cadence.virtuoso.ade.simulationMonitor] - HostInfo:
Host name (type):	il2244vt26_hrahimi (x86_64)
Operating system:	Linux 5.15.0-164-generic #174-Ubuntu SMP Fri Nov 14 20:25:16 UTC 2025 {"hostname": "il2244vt26_hrahimi", "processid": 3941599, "history": "Interactive.172", "logfile": "/home/hrahimi/projects/POTENTIOSTAT_26/logs_hrahimi/logs0/Job9.log", "nodename": "il2244vt26_hrahimi", "domainname": "(none)", "machine": "x86_64", "sysname": "Linux", "release": "5.15.0-164-generic", "version": "#174-Ubuntu SMP Fri Nov 14 20:25:16 UTC 2025"}
[2026-06-09 20:42:01.757 Z] [PROCESS] [cadence.virtuoso.ade.simulationMonitor] - UsageInfo:
pid=3941599
totalPhysicalMemory=3023.749672GB,Used=2810.583855GB,totalVirtualMemory=3031.749668GB,Used=2810.692009GB
Cpu: Cores=48, Load average:6.370000,7.110000,6.910000 {"hostname": "il2244vt26_hrahimi", "processid": 3941599, "history": "Interactive.172", "logfile": "/home/hrahimi/projects/POTENTIOSTAT_26/logs_hrahimi/logs0/Job9.log", "pid": "3941599", "totalPhysicalMemory": "3023.749672", "physicalMemoryUsed": "2810.583855", "totalVirtualMemory": "3031.749668", "virtualMemoryUsed": "2810.692009", "cpuCores": "48", "processes": "29537", "loadAverage1": "6.370000", "loadAverage5": "7.110000", "loadAverage15": "6.910000", "loadAverage1Percent": "0.132708"}
[2026-06-09 20:42:01.759 Z] [EVENT] [cadence.virtuoso.ade.simulationMonitor] - NewPoint {"history": "Interactive.172", "point": 2, "testname": "VT26_TOP_top_tb_TRAN_BIO", "cornername": "C0_1", "event": "NewPoint", "EventSource": "Simulation Monitor", "HistoryName": "Interactive.172", "logFile": "/home/hrahimi/projects/POTENTIOSTAT_26/logs_hrahimi/logs0/Job9.log", "logFileSize": "2541"}
[2026-06-09 20:42:01.861 Z] [EVENT] [cadence.virtuoso.ade.simulationMonitor] - NewPoint {"history": "Interactive.172", "point": 2, "testname": "VT26_TOP_top_tb_TRAN_BIO", "cornername": "C0_1", "event": "NewPoint", "EventSource": "ams", "HistoryName": "Interactive.172", "logFile": "/home/hrahimi/projects/POTENTIOSTAT_26/Sim/Potentiostat_Top/topsyh_tb/maestro/results/maestro/Interactive.172/2/VT26_TOP_top_tb_TRAN_BIO/psf/xrun.log", "logFileSize": "-1"}
[2026-06-09 20:42:01.875 Z] [PROCESS] [cadence.virtuoso.ade.simulationMonitor] - Simulator launched {"hostname": "il2244vt26_hrahimi", "processid": 3941599, "history": "Interactive.172", "testname": "VT26_TOP_top_tb_TRAN_BIO", "cornername": "C0_1", "point": 2, "logfile": "/home/hrahimi/projects/POTENTIOSTAT_26/logs_hrahimi/logs0/Job9.log", "simid": "1"}
[2026-06-09 20:42:01.878 Z] [PROCESS] [cadence.virtuoso.ade.simulationMonitor] - Expression evaluator launched {"hostname": "il2244vt26_hrahimi", "processid": 3941599, "history": "Interactive.172", "testname": "VT26_TOP_top_tb_TRAN_BIO", "cornername": "C0_1", "point": 2, "logfile": "/home/hrahimi/projects/POTENTIOSTAT_26/logs_hrahimi/logs0/Job9.log"}
[2026-06-09 20:42:01.942 Z] [PROCESS] [cadence.virtuoso.ade.simulationMonitor] - Started Simulation {"hostname": "il2244vt26_hrahimi", "processid": 3941599, "history": "Interactive.172", "testname": "VT26_TOP_top_tb_TRAN_BIO", "cornername": "C0_1", "point": 2, "logfile": "/home/hrahimi/projects/POTENTIOSTAT_26/logs_hrahimi/logs0/Job9.log", "event": "started", "task": "simulation"}
[2026-06-09 20:42:11.499 Z] [ERROR] [cadence.virtuoso.ade.simulationMonitor] - xrun: *E,ELBERR: Error (*E) or soft error (*SE) occurred during elaboration (status 1), exiting. {"history": "Interactive.172", "point": 2, "testname": "VT26_TOP_top_tb_TRAN_BIO", "cornername": "C0_1"}
[2026-06-09 20:42:11.500 Z] [PROCESS] [cadence.virtuoso.ade.simulationMonitor] - Finished simulating for one point {"hostname": "il2244vt26_hrahimi", "processid": 3941599, "history": "Interactive.172", "testname": "VT26_TOP_top_tb_TRAN_BIO", "cornername": "C0_1", "point": 2, "logfile": "/home/hrahimi/projects/POTENTIOSTAT_26/logs_hrahimi/logs0/Job9.log", "simid": "1"}
[2026-06-09 20:42:11.500 Z] [ERROR] [cadence.virtuoso.ade.simulationMonitor] - While simulating run Interactive.172, point 2, test VT26_TOP_top_tb_TRAN_BIO, received error:
Simulation Error:
 The simulator process returned a non-zero exit code, indicating failure.
The simulator could have crashed or intentionally returned to indicate an error.
Check the simulator log file for more information.  Common causes:
1. Simulator may have crashed during exit even after reporting success in log file.
2. Abrupt automatic simulator termination (e.g., SIGKILL) because the simulator process has
 ... {"history": "Interactive.172", "point": 2, "testname": "VT26_TOP_top_tb_TRAN_BIO", "cornername": "C0_1"}
[2026-06-09 20:42:11.501 Z] [PROCESS] [cadence.virtuoso.ade.simulationMonitor] - Finished Simulation {"hostname": "il2244vt26_hrahimi", "processid": 3941599, "history": "Interactive.172", "testname": "VT26_TOP_top_tb_TRAN_BIO", "cornername": "C0_1", "point": 2, "logfile": "/home/hrahimi/projects/POTENTIOSTAT_26/logs_hrahimi/logs0/Job9.log", "simid": "1"}
[2026-06-09 20:42:11.509 Z] [PROCESS] [cadence.virtuoso.ade.simulationMonitor] - HostInfo:
Host name (type):	il2244vt26_hrahimi (x86_64)
Operating system:	Linux 5.15.0-164-generic #174-Ubuntu SMP Fri Nov 14 20:25:16 UTC 2025 {"hostname": "il2244vt26_hrahimi", "processid": 3941599, "history": "Interactive.172", "testname": "VT26_TOP_top_tb_TRAN_BIO", "cornername": "C0_1", "point": 2, "logfile": "/home/hrahimi/projects/POTENTIOSTAT_26/logs_hrahimi/logs0/Job9.log", "nodename": "il2244vt26_hrahimi", "domainname": "(none)", "machine": "x86_64", "sysname": "Linux", "release": "5.15.0-164-generic", "version": "#174-Ubuntu SMP Fri Nov 14 20:25:16 UTC 2025"}
[2026-06-09 20:42:11.510 Z] [PROCESS] [cadence.virtuoso.ade.simulationMonitor] - UsageInfo:
pid=3941599
totalPhysicalMemory=3023.749672GB,Used=2812.019943GB,totalVirtualMemory=3031.749668GB,Used=2812.128098GB
Cpu: Cores=48, Load average:7.640000,7.350000,6.990000 {"hostname": "il2244vt26_hrahimi", "processid": 3941599, "history": "Interactive.172", "testname": "VT26_TOP_top_tb_TRAN_BIO", "cornername": "C0_1", "point": 2, "logfile": "/home/hrahimi/projects/POTENTIOSTAT_26/logs_hrahimi/logs0/Job9.log", "pid": "3941599", "totalPhysicalMemory": "3023.749672", "physicalMemoryUsed": "2812.019943", "totalVirtualMemory": "3031.749668", "virtualMemoryUsed": "2812.128098", "cpuCores": "48", "processes": "29577", "loadAverage1": "7.640000", "loadAverage5": "7.350000", "loadAverage15": "6.990000", "loadAverage1Percent": "0.159167"}
[2026-06-09 20:42:11.511 Z] [EVENT] [cadence.virtuoso.ade.simulationMonitor] - NewPoint {"history": "Interactive.172", "point": 7, "testname": "VT26_TOP_top_tb_TRAN_BIO", "cornername": "C0_6", "event": "NewPoint", "EventSource": "Simulation Monitor", "HistoryName": "Interactive.172", "logFile": "/home/hrahimi/projects/POTENTIOSTAT_26/logs_hrahimi/logs0/Job9.log", "logFileSize": "7676"}
[2026-06-09 20:42:11.613 Z] [EVENT] [cadence.virtuoso.ade.simulationMonitor] - NewPoint {"history": "Interactive.172", "point": 7, "testname": "VT26_TOP_top_tb_TRAN_BIO", "cornername": "C0_6", "event": "NewPoint", "EventSource": "ams", "HistoryName": "Interactive.172", "logFile": "/home/hrahimi/projects/POTENTIOSTAT_26/Sim/Potentiostat_Top/topsyh_tb/maestro/results/maestro/Interactive.172/7/VT26_TOP_top_tb_TRAN_BIO/psf/xrun.log", "logFileSize": "-1"}
[2026-06-09 20:42:11.625 Z] [PROCESS] [cadence.virtuoso.ade.simulationMonitor] - Simulator launched {"hostname": "il2244vt26_hrahimi", "processid": 3941599, "history": "Interactive.172", "testname": "VT26_TOP_top_tb_TRAN_BIO", "cornername": "C0_6", "point": 7, "logfile": "/home/hrahimi/projects/POTENTIOSTAT_26/logs_hrahimi/logs0/Job9.log", "simid": "2"}
[2026-06-09 20:42:11.681 Z] [PROCESS] [cadence.virtuoso.ade.simulationMonitor] - Started Simulation {"hostname": "il2244vt26_hrahimi", "processid": 3941599, "history": "Interactive.172", "testname": "VT26_TOP_top_tb_TRAN_BIO", "cornername": "C0_6", "point": 7, "logfile": "/home/hrahimi/projects/POTENTIOSTAT_26/logs_hrahimi/logs0/Job9.log", "event": "started", "task": "simulation"}
[2026-06-09 20:42:20.746 Z] [ERROR] [cadence.virtuoso.ade.simulationMonitor] - xrun: *E,ELBERR: Error (*E) or soft error (*SE) occurred during elaboration (status 1), exiting. {"history": "Interactive.172", "point": 7, "testname": "VT26_TOP_top_tb_TRAN_BIO", "cornername": "C0_6"}
[2026-06-09 20:42:20.747 Z] [PROCESS] [cadence.virtuoso.ade.simulationMonitor] - Finished simulating for one point {"hostname": "il2244vt26_hrahimi", "processid": 3941599, "history": "Interactive.172", "testname": "VT26_TOP_top_tb_TRAN_BIO", "cornername": "C0_6", "point": 7, "logfile": "/home/hrahimi/projects/POTENTIOSTAT_26/logs_hrahimi/logs0/Job9.log", "simid": "2"}
[2026-06-09 20:42:20.748 Z] [ERROR] [cadence.virtuoso.ade.simulationMonitor] - While simulating run Interactive.172, point 7, test VT26_TOP_top_tb_TRAN_BIO, received error:
Simulation Error:
 The simulator process returned a non-zero exit code, indicating failure.
The simulator could have crashed or intentionally returned to indicate an error.
Check the simulator log file for more information.  Common causes:
1. Simulator may have crashed during exit even after reporting success in log file.
2. Abrupt automatic simulator termination (e.g., SIGKILL) because the simulator process has
 ... {"history": "Interactive.172", "point": 7, "testname": "VT26_TOP_top_tb_TRAN_BIO", "cornername": "C0_6"}
[2026-06-09 20:42:20.748 Z] [PROCESS] [cadence.virtuoso.ade.simulationMonitor] - Finished Simulation {"hostname": "il2244vt26_hrahimi", "processid": 3941599, "history": "Interactive.172", "testname": "VT26_TOP_top_tb_TRAN_BIO", "cornername": "C0_6", "point": 7, "logfile": "/home/hrahimi/projects/POTENTIOSTAT_26/logs_hrahimi/logs0/Job9.log", "simid": "2"}
[2026-06-09 20:42:21.768 Z] [PROCESS] [cadence.virtuoso.ade.simulationMonitor] - HostInfo:
Host name (type):	il2244vt26_hrahimi (x86_64)
Operating system:	Linux 5.15.0-164-generic #174-Ubuntu SMP Fri Nov 14 20:25:16 UTC 2025 {"hostname": "il2244vt26_hrahimi", "processid": 3941599, "history": "Interactive.172", "testname": "VT26_TOP_top_tb_TRAN_BIO", "cornername": "C0_6", "point": 7, "logfile": "/home/hrahimi/projects/POTENTIOSTAT_26/logs_hrahimi/logs0/Job9.log", "nodename": "il2244vt26_hrahimi", "domainname": "(none)", "machine": "x86_64", "sysname": "Linux", "release": "5.15.0-164-generic", "version": "#174-Ubuntu SMP Fri Nov 14 20:25:16 UTC 2025"}
[2026-06-09 20:42:21.768 Z] [PROCESS] [cadence.virtuoso.ade.simulationMonitor] - UsageInfo:
pid=3941599
totalPhysicalMemory=3023.749672GB,Used=2814.057331GB,totalVirtualMemory=3031.749668GB,Used=2814.165485GB
Cpu: Cores=48, Load average:8.630000,7.570000,7.070000 {"hostname": "il2244vt26_hrahimi", "processid": 3941599, "history": "Interactive.172", "testname": "VT26_TOP_top_tb_TRAN_BIO", "cornername": "C0_6", "point": 7, "logfile": "/home/hrahimi/projects/POTENTIOSTAT_26/logs_hrahimi/logs0/Job9.log", "pid": "3941599", "totalPhysicalMemory": "3023.749672", "physicalMemoryUsed": "2814.057331", "totalVirtualMemory": "3031.749668", "virtualMemoryUsed": "2814.165485", "cpuCores": "48", "processes": "29661", "loadAverage1": "8.630000", "loadAverage5": "7.570000", "loadAverage15": "7.070000", "loadAverage1Percent": "0.179792"}
[2026-06-09 20:42:21.769 Z] [EVENT] [cadence.virtuoso.ade.simulationMonitor] - NewPoint {"history": "Interactive.172", "point": 15, "testname": "VT26_TOP_top_tb_TRAN_BIO", "cornername": "C0_14", "event": "NewPoint", "EventSource": "Simulation Monitor", "HistoryName": "Interactive.172", "logFile": "/home/hrahimi/projects/POTENTIOSTAT_26/logs_hrahimi/logs0/Job9.log", "logFileSize": "12458"}
[2026-06-09 20:42:21.871 Z] [EVENT] [cadence.virtuoso.ade.simulationMonitor] - NewPoint {"history": "Interactive.172", "point": 15, "testname": "VT26_TOP_top_tb_TRAN_BIO", "cornername": "C0_14", "event": "NewPoint", "EventSource": "ams", "HistoryName": "Interactive.172", "logFile": "/home/hrahimi/projects/POTENTIOSTAT_26/Sim/Potentiostat_Top/topsyh_tb/maestro/results/maestro/Interactive.172/15/VT26_TOP_top_tb_TRAN_BIO/psf/xrun.log", "logFileSize": "-1"}
[2026-06-09 20:42:21.885 Z] [PROCESS] [cadence.virtuoso.ade.simulationMonitor] - Simulator launched {"hostname": "il2244vt26_hrahimi", "processid": 3941599, "history": "Interactive.172", "testname": "VT26_TOP_top_tb_TRAN_BIO", "cornername": "C0_14", "point": 15, "logfile": "/home/hrahimi/projects/POTENTIOSTAT_26/logs_hrahimi/logs0/Job9.log", "simid": "3"}
[2026-06-09 20:42:21.949 Z] [PROCESS] [cadence.virtuoso.ade.simulationMonitor] - Started Simulation {"hostname": "il2244vt26_hrahimi", "processid": 3941599, "history": "Interactive.172", "testname": "VT26_TOP_top_tb_TRAN_BIO", "cornername": "C0_14", "point": 15, "logfile": "/home/hrahimi/projects/POTENTIOSTAT_26/logs_hrahimi/logs0/Job9.log", "event": "started", "task": "simulation"}
[2026-06-09 20:42:31.513 Z] [ERROR] [cadence.virtuoso.ade.simulationMonitor] - xrun: *E,ELBERR: Error (*E) or soft error (*SE) occurred during elaboration (status 1), exiting. {"history": "Interactive.172", "point": 15, "testname": "VT26_TOP_top_tb_TRAN_BIO", "cornername": "C0_14"}
[2026-06-09 20:42:31.514 Z] [PROCESS] [cadence.virtuoso.ade.simulationMonitor] - Finished simulating for one point {"hostname": "il2244vt26_hrahimi", "processid": 3941599, "history": "Interactive.172", "testname": "VT26_TOP_top_tb_TRAN_BIO", "cornername": "C0_14", "point": 15, "logfile": "/home/hrahimi/projects/POTENTIOSTAT_26/logs_hrahimi/logs0/Job9.log", "simid": "3"}
[2026-06-09 20:42:31.514 Z] [ERROR] [cadence.virtuoso.ade.simulationMonitor] - While simulating run Interactive.172, point 15, test VT26_TOP_top_tb_TRAN_BIO, received error:
Simulation Error:
 The simulator process returned a non-zero exit code, indicating failure.
The simulator could have crashed or intentionally returned to indicate an error.
Check the simulator log file for more information.  Common causes:
1. Simulator may have crashed during exit even after reporting success in log file.
2. Abrupt automatic simulator termination (e.g., SIGKILL) because the simulator process has
... {"history": "Interactive.172", "point": 15, "testname": "VT26_TOP_top_tb_TRAN_BIO", "cornername": "C0_14"}
[2026-06-09 20:42:31.515 Z] [PROCESS] [cadence.virtuoso.ade.simulationMonitor] - Finished Simulation {"hostname": "il2244vt26_hrahimi", "processid": 3941599, "history": "Interactive.172", "testname": "VT26_TOP_top_tb_TRAN_BIO", "cornername": "C0_14", "point": 15, "logfile": "/home/hrahimi/projects/POTENTIOSTAT_26/logs_hrahimi/logs0/Job9.log", "simid": "3"}
[2026-06-09 20:42:31.525 Z] [PROCESS] [cadence.virtuoso.ade.simulationMonitor] - HostInfo:
Host name (type):	il2244vt26_hrahimi (x86_64)
Operating system:	Linux 5.15.0-164-generic #174-Ubuntu SMP Fri Nov 14 20:25:16 UTC 2025 {"hostname": "il2244vt26_hrahimi", "processid": 3941599, "history": "Interactive.172", "testname": "VT26_TOP_top_tb_TRAN_BIO", "cornername": "C0_14", "point": 15, "logfile": "/home/hrahimi/projects/POTENTIOSTAT_26/logs_hrahimi/logs0/Job9.log", "nodename": "il2244vt26_hrahimi", "domainname": "(none)", "machine": "x86_64", "sysname": "Linux", "release": "5.15.0-164-generic", "version": "#174-Ubuntu SMP Fri Nov 14 20:25:16 UTC 2025"}
[2026-06-09 20:42:31.526 Z] [PROCESS] [cadence.virtuoso.ade.simulationMonitor] - UsageInfo:
pid=3941599
totalPhysicalMemory=3023.749672GB,Used=2814.857979GB,totalVirtualMemory=3031.749668GB,Used=2814.966133GB
Cpu: Cores=48, Load average:8.670000,7.620000,7.090000 {"hostname": "il2244vt26_hrahimi", "processid": 3941599, "history": "Interactive.172", "testname": "VT26_TOP_top_tb_TRAN_BIO", "cornername": "C0_14", "point": 15, "logfile": "/home/hrahimi/projects/POTENTIOSTAT_26/logs_hrahimi/logs0/Job9.log", "pid": "3941599", "totalPhysicalMemory": "3023.749672", "physicalMemoryUsed": "2814.857979", "totalVirtualMemory": "3031.749668", "virtualMemoryUsed": "2814.966133", "cpuCores": "48", "processes": "29662", "loadAverage1": "8.670000", "loadAverage5": "7.620000", "loadAverage15": "7.090000", "loadAverage1Percent": "0.180625"}
[2026-06-09 20:42:31.527 Z] [EVENT] [cadence.virtuoso.ade.simulationMonitor] - NewPoint {"history": "Interactive.172", "point": 21, "testname": "VT26_TOP_top_tb_TRAN_BIO", "cornername": "C0_20", "event": "NewPoint", "EventSource": "Simulation Monitor", "HistoryName": "Interactive.172", "logFile": "/home/hrahimi/projects/POTENTIOSTAT_26/logs_hrahimi/logs0/Job9.log", "logFileSize": "17262"}
[2026-06-09 20:42:31.628 Z] [EVENT] [cadence.virtuoso.ade.simulationMonitor] - NewPoint {"history": "Interactive.172", "point": 21, "testname": "VT26_TOP_top_tb_TRAN_BIO", "cornername": "C0_20", "event": "NewPoint", "EventSource": "ams", "HistoryName": "Interactive.172", "logFile": "/home/hrahimi/projects/POTENTIOSTAT_26/Sim/Potentiostat_Top/topsyh_tb/maestro/results/maestro/Interactive.172/21/VT26_TOP_top_tb_TRAN_BIO/psf/xrun.log", "logFileSize": "-1"}
[2026-06-09 20:42:31.641 Z] [PROCESS] [cadence.virtuoso.ade.simulationMonitor] - Simulator launched {"hostname": "il2244vt26_hrahimi", "processid": 3941599, "history": "Interactive.172", "testname": "VT26_TOP_top_tb_TRAN_BIO", "cornername": "C0_20", "point": 21, "logfile": "/home/hrahimi/projects/POTENTIOSTAT_26/logs_hrahimi/logs0/Job9.log", "simid": "4"}
[2026-06-09 20:42:31.714 Z] [PROCESS] [cadence.virtuoso.ade.simulationMonitor] - Started Simulation {"hostname": "il2244vt26_hrahimi", "processid": 3941599, "history": "Interactive.172", "testname": "VT26_TOP_top_tb_TRAN_BIO", "cornername": "C0_20", "point": 21, "logfile": "/home/hrahimi/projects/POTENTIOSTAT_26/logs_hrahimi/logs0/Job9.log", "event": "started", "task": "simulation"}
[2026-06-09 20:42:41.290 Z] [ERROR] [cadence.virtuoso.ade.simulationMonitor] - xrun: *E,ELBERR: Error (*E) or soft error (*SE) occurred during elaboration (status 1), exiting. {"history": "Interactive.172", "point": 21, "testname": "VT26_TOP_top_tb_TRAN_BIO", "cornername": "C0_20"}
[2026-06-09 20:42:41.291 Z] [PROCESS] [cadence.virtuoso.ade.simulationMonitor] - Finished simulating for one point {"hostname": "il2244vt26_hrahimi", "processid": 3941599, "history": "Interactive.172", "testname": "VT26_TOP_top_tb_TRAN_BIO", "cornername": "C0_20", "point": 21, "logfile": "/home/hrahimi/projects/POTENTIOSTAT_26/logs_hrahimi/logs0/Job9.log", "simid": "4"}
[2026-06-09 20:42:41.292 Z] [ERROR] [cadence.virtuoso.ade.simulationMonitor] - While simulating run Interactive.172, point 21, test VT26_TOP_top_tb_TRAN_BIO, received error:
Simulation Error:
 The simulator process returned a non-zero exit code, indicating failure.
The simulator could have crashed or intentionally returned to indicate an error.
Check the simulator log file for more information.  Common causes:
1. Simulator may have crashed during exit even after reporting success in log file.
2. Abrupt automatic simulator termination (e.g., SIGKILL) because the simulator process has
... {"history": "Interactive.172", "point": 21, "testname": "VT26_TOP_top_tb_TRAN_BIO", "cornername": "C0_20"}
[2026-06-09 20:42:41.293 Z] [PROCESS] [cadence.virtuoso.ade.simulationMonitor] - Finished Simulation {"hostname": "il2244vt26_hrahimi", "processid": 3941599, "history": "Interactive.172", "testname": "VT26_TOP_top_tb_TRAN_BIO", "cornername": "C0_20", "point": 21, "logfile": "/home/hrahimi/projects/POTENTIOSTAT_26/logs_hrahimi/logs0/Job9.log", "simid": "4"}
[2026-06-09 20:42:41.298 Z] [PROCESS] [cadence.virtuoso.ade.simulationMonitor] - Stay with the runId '7', Linger time '300', currentRunSyn '11', currentTestSyn '12' {"hostname": "il2244vt26_hrahimi", "processid": 3941599, "history": "Interactive.172", "testname": "VT26_TOP_top_tb_TRAN_BIO", "cornername": "C0_20", "point": 21, "logfile": "/home/hrahimi/projects/POTENTIOSTAT_26/logs_hrahimi/logs0/Job9.log"}
[2026-06-09 20:42:42.299 Z] [PROCESS] [cadence.virtuoso.ade.simulationMonitor] - Stay with the runId '7', Linger time '300', currentRunSyn '11', currentTestSyn '12' {"hostname": "il2244vt26_hrahimi", "processid": 3941599, "history": "Interactive.172", "testname": "VT26_TOP_top_tb_TRAN_BIO", "cornername": "C0_20", "point": 21, "logfile": "/home/hrahimi/projects/POTENTIOSTAT_26/logs_hrahimi/logs0/Job9.log"}
[2026-06-09 20:42:43.306 Z] [PROCESS] [cadence.virtuoso.ade.simulationMonitor] - Stay with the runId '7', Linger time '300', currentRunSyn '11', currentTestSyn '12' {"hostname": "il2244vt26_hrahimi", "processid": 3941599, "history": "Interactive.172", "testname": "VT26_TOP_top_tb_TRAN_BIO", "cornername": "C0_20", "point": 21, "logfile": "/home/hrahimi/projects/POTENTIOSTAT_26/logs_hrahimi/logs0/Job9.log"}
[2026-06-09 20:42:44.317 Z] [PROCESS] [cadence.virtuoso.ade.simulationMonitor] - Stay with the runId '7', Linger time '300', currentRunSyn '11', currentTestSyn '12' {"hostname": "il2244vt26_hrahimi", "processid": 3941599, "history": "Interactive.172", "testname": "VT26_TOP_top_tb_TRAN_BIO", "cornername": "C0_20", "point": 21, "logfile": "/home/hrahimi/projects/POTENTIOSTAT_26/logs_hrahimi/logs0/Job9.log"}
[2026-06-09 20:42:45.328 Z] [PROCESS] [cadence.virtuoso.ade.simulationMonitor] - HostInfo:
Host name (type):	il2244vt26_hrahimi (x86_64)
Operating system:	Linux 5.15.0-164-generic #174-Ubuntu SMP Fri Nov 14 20:25:16 UTC 2025 {"hostname": "il2244vt26_hrahimi", "processid": 3941599, "history": "Interactive.172", "testname": "VT26_TOP_top_tb_TRAN_BIO", "cornername": "C0_20", "point": 21, "logfile": "/home/hrahimi/projects/POTENTIOSTAT_26/logs_hrahimi/logs0/Job9.log", "nodename": "il2244vt26_hrahimi", "domainname": "(none)", "machine": "x86_64", "sysname": "Linux", "release": "5.15.0-164-generic", "version": "#174-Ubuntu SMP Fri Nov 14 20:25:16 UTC 2025"}
[2026-06-09 20:42:45.328 Z] [PROCESS] [cadence.virtuoso.ade.simulationMonitor] - UsageInfo:
pid=3941599
totalPhysicalMemory=3023.749672GB,Used=2815.105850GB,totalVirtualMemory=3031.749668GB,Used=2815.214005GB
Cpu: Cores=48, Load average:8.500000,7.620000,7.090000 {"hostname": "il2244vt26_hrahimi", "processid": 3941599, "history": "Interactive.172", "testname": "VT26_TOP_top_tb_TRAN_BIO", "cornername": "C0_20", "point": 21, "logfile": "/home/hrahimi/projects/POTENTIOSTAT_26/logs_hrahimi/logs0/Job9.log", "pid": "3941599", "totalPhysicalMemory": "3023.749672", "physicalMemoryUsed": "2815.105850", "totalVirtualMemory": "3031.749668", "virtualMemoryUsed": "2815.214005", "cpuCores": "48", "processes": "29657", "loadAverage1": "8.500000", "loadAverage5": "7.620000", "loadAverage15": "7.090000", "loadAverage1Percent": "0.177083"}
[2026-06-09 20:42:45.330 Z] [EVENT] [cadence.virtuoso.ade.simulationMonitor] - NewPoint {"history": "Interactive.172", "point": 29, "testname": "VT26_TOP_top_tb_TRAN_BIO", "cornername": "C0_28", "event": "NewPoint", "EventSource": "Simulation Monitor", "HistoryName": "Interactive.172", "logFile": "/home/hrahimi/projects/POTENTIOSTAT_26/logs_hrahimi/logs0/Job9.log", "logFileSize": "23702"}
[2026-06-09 20:42:45.432 Z] [EVENT] [cadence.virtuoso.ade.simulationMonitor] - NewPoint {"history": "Interactive.172", "point": 29, "testname": "VT26_TOP_top_tb_TRAN_BIO", "cornername": "C0_28", "event": "NewPoint", "EventSource": "ams", "HistoryName": "Interactive.172", "logFile": "/home/hrahimi/projects/POTENTIOSTAT_26/Sim/Potentiostat_Top/topsyh_tb/maestro/results/maestro/Interactive.172/29/VT26_TOP_top_tb_TRAN_BIO/psf/xrun.log", "logFileSize": "-1"}
[2026-06-09 20:42:45.445 Z] [PROCESS] [cadence.virtuoso.ade.simulationMonitor] - Simulator launched {"hostname": "il2244vt26_hrahimi", "processid": 3941599, "history": "Interactive.172", "testname": "VT26_TOP_top_tb_TRAN_BIO", "cornername": "C0_28", "point": 29, "logfile": "/home/hrahimi/projects/POTENTIOSTAT_26/logs_hrahimi/logs0/Job9.log", "simid": "5"}
[2026-06-09 20:42:45.514 Z] [PROCESS] [cadence.virtuoso.ade.simulationMonitor] - Started Simulation {"hostname": "il2244vt26_hrahimi", "processid": 3941599, "history": "Interactive.172", "testname": "VT26_TOP_top_tb_TRAN_BIO", "cornername": "C0_28", "point": 29, "logfile": "/home/hrahimi/projects/POTENTIOSTAT_26/logs_hrahimi/logs0/Job9.log", "event": "started", "task": "simulation"}
[2026-06-09 20:42:55.084 Z] [ERROR] [cadence.virtuoso.ade.simulationMonitor] - xrun: *E,ELBERR: Error (*E) or soft error (*SE) occurred during elaboration (status 1), exiting. {"history": "Interactive.172", "point": 29, "testname": "VT26_TOP_top_tb_TRAN_BIO", "cornername": "C0_28"}
[2026-06-09 20:42:55.085 Z] [PROCESS] [cadence.virtuoso.ade.simulationMonitor] - Finished simulating for one point {"hostname": "il2244vt26_hrahimi", "processid": 3941599, "history": "Interactive.172", "testname": "VT26_TOP_top_tb_TRAN_BIO", "cornername": "C0_28", "point": 29, "logfile": "/home/hrahimi/projects/POTENTIOSTAT_26/logs_hrahimi/logs0/Job9.log", "simid": "5"}
[2026-06-09 20:42:55.086 Z] [ERROR] [cadence.virtuoso.ade.simulationMonitor] - While simulating run Interactive.172, point 29, test VT26_TOP_top_tb_TRAN_BIO, received error:
Simulation Error:
 The simulator process returned a non-zero exit code, indicating failure.
The simulator could have crashed or intentionally returned to indicate an error.
Check the simulator log file for more information.  Common causes:
1. Simulator may have crashed during exit even after reporting success in log file.
2. Abrupt automatic simulator termination (e.g., SIGKILL) because the simulator process has
... {"history": "Interactive.172", "point": 29, "testname": "VT26_TOP_top_tb_TRAN_BIO", "cornername": "C0_28"}
[2026-06-09 20:42:55.086 Z] [PROCESS] [cadence.virtuoso.ade.simulationMonitor] - Finished Simulation {"hostname": "il2244vt26_hrahimi", "processid": 3941599, "history": "Interactive.172", "testname": "VT26_TOP_top_tb_TRAN_BIO", "cornername": "C0_28", "point": 29, "logfile": "/home/hrahimi/projects/POTENTIOSTAT_26/logs_hrahimi/logs0/Job9.log", "simid": "5"}
[2026-06-09 20:42:55.097 Z] [PROCESS] [cadence.virtuoso.ade.simulationMonitor] - Stay with the runId '7', Linger time '300', currentRunSyn '11', currentTestSyn '12' {"hostname": "il2244vt26_hrahimi", "processid": 3941599, "history": "Interactive.172", "testname": "VT26_TOP_top_tb_TRAN_BIO", "cornername": "C0_28", "point": 29, "logfile": "/home/hrahimi/projects/POTENTIOSTAT_26/logs_hrahimi/logs0/Job9.log"}
[2026-06-09 20:42:56.108 Z] [PROCESS] [cadence.virtuoso.ade.simulationMonitor] - HostInfo:
Host name (type):	il2244vt26_hrahimi (x86_64)
Operating system:	Linux 5.15.0-164-generic #174-Ubuntu SMP Fri Nov 14 20:25:16 UTC 2025 {"hostname": "il2244vt26_hrahimi", "processid": 3941599, "history": "Interactive.172", "testname": "VT26_TOP_top_tb_TRAN_BIO", "cornername": "C0_28", "point": 29, "logfile": "/home/hrahimi/projects/POTENTIOSTAT_26/logs_hrahimi/logs0/Job9.log", "nodename": "il2244vt26_hrahimi", "domainname": "(none)", "machine": "x86_64", "sysname": "Linux", "release": "5.15.0-164-generic", "version": "#174-Ubuntu SMP Fri Nov 14 20:25:16 UTC 2025"}
[2026-06-09 20:42:56.109 Z] [PROCESS] [cadence.virtuoso.ade.simulationMonitor] - UsageInfo:
pid=3941599
totalPhysicalMemory=3023.749672GB,Used=2815.110161GB,totalVirtualMemory=3031.749668GB,Used=2815.218315GB
Cpu: Cores=48, Load average:8.640000,7.700000,7.130000 {"hostname": "il2244vt26_hrahimi", "processid": 3941599, "history": "Interactive.172", "testname": "VT26_TOP_top_tb_TRAN_BIO", "cornername": "C0_28", "point": 29, "logfile": "/home/hrahimi/projects/POTENTIOSTAT_26/logs_hrahimi/logs0/Job9.log", "pid": "3941599", "totalPhysicalMemory": "3023.749672", "physicalMemoryUsed": "2815.110161", "totalVirtualMemory": "3031.749668", "virtualMemoryUsed": "2815.218315", "cpuCores": "48", "processes": "29644", "loadAverage1": "8.640000", "loadAverage5": "7.700000", "loadAverage15": "7.130000", "loadAverage1Percent": "0.180000"}
[2026-06-09 20:42:56.110 Z] [EVENT] [cadence.virtuoso.ade.simulationMonitor] - NewPoint {"history": "Interactive.172", "point": 35, "testname": "VT26_TOP_top_tb_TRAN_BIO", "cornername": "C0_34", "event": "NewPoint", "EventSource": "Simulation Monitor", "HistoryName": "Interactive.172", "logFile": "/home/hrahimi/projects/POTENTIOSTAT_26/logs_hrahimi/logs0/Job9.log", "logFileSize": "28915"}
[2026-06-09 20:42:56.212 Z] [EVENT] [cadence.virtuoso.ade.simulationMonitor] - NewPoint {"history": "Interactive.172", "point": 35, "testname": "VT26_TOP_top_tb_TRAN_BIO", "cornername": "C0_34", "event": "NewPoint", "EventSource": "ams", "HistoryName": "Interactive.172", "logFile": "/home/hrahimi/projects/POTENTIOSTAT_26/Sim/Potentiostat_Top/topsyh_tb/maestro/results/maestro/Interactive.172/35/VT26_TOP_top_tb_TRAN_BIO/psf/xrun.log", "logFileSize": "-1"}
[2026-06-09 20:42:56.226 Z] [PROCESS] [cadence.virtuoso.ade.simulationMonitor] - Simulator launched {"hostname": "il2244vt26_hrahimi", "processid": 3941599, "history": "Interactive.172", "testname": "VT26_TOP_top_tb_TRAN_BIO", "cornername": "C0_34", "point": 35, "logfile": "/home/hrahimi/projects/POTENTIOSTAT_26/logs_hrahimi/logs0/Job9.log", "simid": "6"}
[2026-06-09 20:42:56.297 Z] [PROCESS] [cadence.virtuoso.ade.simulationMonitor] - Started Simulation {"hostname": "il2244vt26_hrahimi", "processid": 3941599, "history": "Interactive.172", "testname": "VT26_TOP_top_tb_TRAN_BIO", "cornername": "C0_34", "point": 35, "logfile": "/home/hrahimi/projects/POTENTIOSTAT_26/logs_hrahimi/logs0/Job9.log", "event": "started", "task": "simulation"}
[2026-06-09 20:43:05.866 Z] [ERROR] [cadence.virtuoso.ade.simulationMonitor] - xrun: *E,ELBERR: Error (*E) or soft error (*SE) occurred during elaboration (status 1), exiting. {"history": "Interactive.172", "point": 35, "testname": "VT26_TOP_top_tb_TRAN_BIO", "cornername": "C0_34"}
[2026-06-09 20:43:05.867 Z] [PROCESS] [cadence.virtuoso.ade.simulationMonitor] - Finished simulating for one point {"hostname": "il2244vt26_hrahimi", "processid": 3941599, "history": "Interactive.172", "testname": "VT26_TOP_top_tb_TRAN_BIO", "cornername": "C0_34", "point": 35, "logfile": "/home/hrahimi/projects/POTENTIOSTAT_26/logs_hrahimi/logs0/Job9.log", "simid": "6"}
[2026-06-09 20:43:05.868 Z] [ERROR] [cadence.virtuoso.ade.simulationMonitor] - While simulating run Interactive.172, point 35, test VT26_TOP_top_tb_TRAN_BIO, received error:
Simulation Error:
 The simulator process returned a non-zero exit code, indicating failure.
The simulator could have crashed or intentionally returned to indicate an error.
Check the simulator log file for more information.  Common causes:
1. Simulator may have crashed during exit even after reporting success in log file.
2. Abrupt automatic simulator termination (e.g., SIGKILL) because the simulator process has
... {"history": "Interactive.172", "point": 35, "testname": "VT26_TOP_top_tb_TRAN_BIO", "cornername": "C0_34"}
[2026-06-09 20:43:05.868 Z] [PROCESS] [cadence.virtuoso.ade.simulationMonitor] - Finished Simulation {"hostname": "il2244vt26_hrahimi", "processid": 3941599, "history": "Interactive.172", "testname": "VT26_TOP_top_tb_TRAN_BIO", "cornername": "C0_34", "point": 35, "logfile": "/home/hrahimi/projects/POTENTIOSTAT_26/logs_hrahimi/logs0/Job9.log", "simid": "6"}
[2026-06-09 20:43:05.878 Z] [PROCESS] [cadence.virtuoso.ade.simulationMonitor] - Stay with the runId '7', Linger time '300', currentRunSyn '11', currentTestSyn '12' {"hostname": "il2244vt26_hrahimi", "processid": 3941599, "history": "Interactive.172", "testname": "VT26_TOP_top_tb_TRAN_BIO", "cornername": "C0_34", "point": 35, "logfile": "/home/hrahimi/projects/POTENTIOSTAT_26/logs_hrahimi/logs0/Job9.log"}
[2026-06-09 20:43:06.886 Z] [PROCESS] [cadence.virtuoso.ade.simulationMonitor] - Stay with the runId '7', Linger time '300', currentRunSyn '11', currentTestSyn '12' {"hostname": "il2244vt26_hrahimi", "processid": 3941599, "history": "Interactive.172", "testname": "VT26_TOP_top_tb_TRAN_BIO", "cornername": "C0_34", "point": 35, "logfile": "/home/hrahimi/projects/POTENTIOSTAT_26/logs_hrahimi/logs0/Job9.log"}
[2026-06-09 20:43:07.896 Z] [PROCESS] [cadence.virtuoso.ade.simulationMonitor] - Stay with the runId '7', Linger time '300', currentRunSyn '11', currentTestSyn '12' {"hostname": "il2244vt26_hrahimi", "processid": 3941599, "history": "Interactive.172", "testname": "VT26_TOP_top_tb_TRAN_BIO", "cornername": "C0_34", "point": 35, "logfile": "/home/hrahimi/projects/POTENTIOSTAT_26/logs_hrahimi/logs0/Job9.log"}
[2026-06-09 20:43:08.896 Z] [PROCESS] [cadence.virtuoso.ade.simulationMonitor] - Stay with the runId '7', Linger time '300', currentRunSyn '11', currentTestSyn '12' {"hostname": "il2244vt26_hrahimi", "processid": 3941599, "history": "Interactive.172", "testname": "VT26_TOP_top_tb_TRAN_BIO", "cornername": "C0_34", "point": 35, "logfile": "/home/hrahimi/projects/POTENTIOSTAT_26/logs_hrahimi/logs0/Job9.log"}
[2026-06-09 20:45:38.708 Z] [PROCESS] [cadence.virtuoso.ade.simulationMonitor] - Stay with the runId '8', Linger time '300', currentRunSyn '13', currentTestSyn '14' {"hostname": "il2244vt26_hrahimi", "processid": 3941599, "history": "Interactive.172", "testname": "VT26_TOP_top_tb_TRAN_BIO", "cornername": "C0_34", "point": 35, "logfile": "/home/hrahimi/projects/POTENTIOSTAT_26/logs_hrahimi/logs0/Job9.log"}
[2026-06-09 20:45:39.716 Z] [PROCESS] [cadence.virtuoso.ade.simulationMonitor] - Padding test token found for runId '8', Linger time '300', currentRunSyn '13', currentTestSyn '14' {"hostname": "il2244vt26_hrahimi", "processid": 3941599, "history": "Interactive.172", "testname": "VT26_TOP_top_tb_TRAN_BIO", "cornername": "C0_34", "point": 35, "logfile": "/home/hrahimi/projects/POTENTIOSTAT_26/logs_hrahimi/logs0/Job9.log"}
[2026-06-09 20:45:39.726 Z] [PROCESS] [cadence.virtuoso.ade.simulationMonitor] - Stay with the runId '8', Linger time '300', currentRunSyn '13', currentTestSyn '14' {"hostname": "il2244vt26_hrahimi", "processid": 3941599, "history": "Interactive.172", "testname": "VT26_TOP_top_tb_TRAN_BIO", "cornername": "C0_34", "point": 35, "logfile": "/home/hrahimi/projects/POTENTIOSTAT_26/logs_hrahimi/logs0/Job9.log"}
[2026-06-09 20:45:40.733 Z] [PROCESS] [cadence.virtuoso.ade.simulationMonitor] - Stay with the runId '8', Linger time '300', currentRunSyn '13', currentTestSyn '14' {"hostname": "il2244vt26_hrahimi", "processid": 3941599, "history": "Interactive.172", "testname": "VT26_TOP_top_tb_TRAN_BIO", "cornername": "C0_34", "point": 35, "logfile": "/home/hrahimi/projects/POTENTIOSTAT_26/logs_hrahimi/logs0/Job9.log"}
[2026-06-09 20:45:41.739 Z] [PROCESS] [cadence.virtuoso.ade.simulationMonitor] - Stay with the runId '8', Linger time '300', currentRunSyn '13', currentTestSyn '14' {"hostname": "il2244vt26_hrahimi", "processid": 3941599, "history": "Interactive.172", "testname": "VT26_TOP_top_tb_TRAN_BIO", "cornername": "C0_34", "point": 35, "logfile": "/home/hrahimi/projects/POTENTIOSTAT_26/logs_hrahimi/logs0/Job9.log"}
[2026-06-09 20:45:42.739 Z] [PROCESS] [cadence.virtuoso.ade.simulationMonitor] - Stay with the runId '8', Linger time '300', currentRunSyn '13', currentTestSyn '14' {"hostname": "il2244vt26_hrahimi", "processid": 3941599, "history": "Interactive.172", "testname": "VT26_TOP_top_tb_TRAN_BIO", "cornername": "C0_34", "point": 35, "logfile": "/home/hrahimi/projects/POTENTIOSTAT_26/logs_hrahimi/logs0/Job9.log"}
[2026-06-09 20:45:43.747 Z] [PROCESS] [cadence.virtuoso.ade.simulationMonitor] - Stay with the runId '8', Linger time '300', currentRunSyn '13', currentTestSyn '14' {"hostname": "il2244vt26_hrahimi", "processid": 3941599, "history": "Interactive.172", "testname": "VT26_TOP_top_tb_TRAN_BIO", "cornername": "C0_34", "point": 35, "logfile": "/home/hrahimi/projects/POTENTIOSTAT_26/logs_hrahimi/logs0/Job9.log"}
[2026-06-09 20:45:44.748 Z] [PROCESS] [cadence.virtuoso.ade.simulationMonitor] - Stay with the runId '8', Linger time '300', currentRunSyn '13', currentTestSyn '14' {"hostname": "il2244vt26_hrahimi", "processid": 3941599, "history": "Interactive.172", "testname": "VT26_TOP_top_tb_TRAN_BIO", "cornername": "C0_34", "point": 35, "logfile": "/home/hrahimi/projects/POTENTIOSTAT_26/logs_hrahimi/logs0/Job9.log"}
[2026-06-09 20:45:45.749 Z] [PROCESS] [cadence.virtuoso.ade.simulationMonitor] - Stay with the runId '8', Linger time '300', currentRunSyn '13', currentTestSyn '14' {"hostname": "il2244vt26_hrahimi", "processid": 3941599, "history": "Interactive.172", "testname": "VT26_TOP_top_tb_TRAN_BIO", "cornername": "C0_34", "point": 35, "logfile": "/home/hrahimi/projects/POTENTIOSTAT_26/logs_hrahimi/logs0/Job9.log"}
[2026-06-09 20:45:46.761 Z] [PROCESS] [cadence.virtuoso.ade.simulationMonitor] - Padding test token found for runId '8', Linger time '300', currentRunSyn '13', currentTestSyn '14' {"hostname": "il2244vt26_hrahimi", "processid": 3941599, "history": "Interactive.172", "testname": "VT26_TOP_top_tb_TRAN_BIO", "cornername": "C0_34", "point": 35, "logfile": "/home/hrahimi/projects/POTENTIOSTAT_26/logs_hrahimi/logs0/Job9.log"}
[2026-06-09 20:45:46.780 Z] [PROCESS] [cadence.virtuoso.ade.simulationMonitor] - Stay with the runId '8', Linger time '300', currentRunSyn '13', currentTestSyn '14' {"hostname": "il2244vt26_hrahimi", "processid": 3941599, "history": "Interactive.172", "testname": "VT26_TOP_top_tb_TRAN_BIO", "cornername": "C0_34", "point": 35, "logfile": "/home/hrahimi/projects/POTENTIOSTAT_26/logs_hrahimi/logs0/Job9.log"}
[2026-06-09 20:45:47.785 Z] [PROCESS] [cadence.virtuoso.ade.simulationMonitor] - Stay with the runId '8', Linger time '300', currentRunSyn '13', currentTestSyn '14' {"hostname": "il2244vt26_hrahimi", "processid": 3941599, "history": "Interactive.172", "testname": "VT26_TOP_top_tb_TRAN_BIO", "cornername": "C0_34", "point": 35, "logfile": "/home/hrahimi/projects/POTENTIOSTAT_26/logs_hrahimi/logs0/Job9.log"}
[2026-06-09 20:45:48.796 Z] [PROCESS] [cadence.virtuoso.ade.simulationMonitor] - Stay with the runId '8', Linger time '300', currentRunSyn '13', currentTestSyn '14' {"hostname": "il2244vt26_hrahimi", "processid": 3941599, "history": "Interactive.172", "testname": "VT26_TOP_top_tb_TRAN_BIO", "cornername": "C0_34", "point": 35, "logfile": "/home/hrahimi/projects/POTENTIOSTAT_26/logs_hrahimi/logs0/Job9.log"}
[2026-06-09 20:45:49.803 Z] [PROCESS] [cadence.virtuoso.ade.simulationMonitor] - Stay with the runId '8', Linger time '300', currentRunSyn '13', currentTestSyn '14' {"hostname": "il2244vt26_hrahimi", "processid": 3941599, "history": "Interactive.172", "testname": "VT26_TOP_top_tb_TRAN_BIO", "cornername": "C0_34", "point": 35, "logfile": "/home/hrahimi/projects/POTENTIOSTAT_26/logs_hrahimi/logs0/Job9.log"}
[2026-06-09 20:45:50.809 Z] [PROCESS] [cadence.virtuoso.ade.simulationMonitor] - Stay with the runId '8', Linger time '300', currentRunSyn '13', currentTestSyn '14' {"hostname": "il2244vt26_hrahimi", "processid": 3941599, "history": "Interactive.172", "testname": "VT26_TOP_top_tb_TRAN_BIO", "cornername": "C0_34", "point": 35, "logfile": "/home/hrahimi/projects/POTENTIOSTAT_26/logs_hrahimi/logs0/Job9.log"}
[2026-06-09 20:45:51.810 Z] [PROCESS] [cadence.virtuoso.ade.simulationMonitor] - Stay with the runId '8', Linger time '300', currentRunSyn '13', currentTestSyn '14' {"hostname": "il2244vt26_hrahimi", "processid": 3941599, "history": "Interactive.172", "testname": "VT26_TOP_top_tb_TRAN_BIO", "cornername": "C0_34", "point": 35, "logfile": "/home/hrahimi/projects/POTENTIOSTAT_26/logs_hrahimi/logs0/Job9.log"}
[2026-06-09 20:45:52.819 Z] [PROCESS] [cadence.virtuoso.ade.simulationMonitor] - Stay with the runId '8', Linger time '300', currentRunSyn '13', currentTestSyn '14' {"hostname": "il2244vt26_hrahimi", "processid": 3941599, "history": "Interactive.172", "testname": "VT26_TOP_top_tb_TRAN_BIO", "cornername": "C0_34", "point": 35, "logfile": "/home/hrahimi/projects/POTENTIOSTAT_26/logs_hrahimi/logs0/Job9.log"}
[2026-06-09 20:45:53.825 Z] [PROCESS] [cadence.virtuoso.ade.simulationMonitor] - Stay with the runId '8', Linger time '300', currentRunSyn '13', currentTestSyn '14' {"hostname": "il2244vt26_hrahimi", "processid": 3941599, "history": "Interactive.172", "testname": "VT26_TOP_top_tb_TRAN_BIO", "cornername": "C0_34", "point": 35, "logfile": "/home/hrahimi/projects/POTENTIOSTAT_26/logs_hrahimi/logs0/Job9.log"}
[2026-06-09 20:45:54.826 Z] [PROCESS] [cadence.virtuoso.ade.simulationMonitor] - Stay with the runId '8', Linger time '300', currentRunSyn '13', currentTestSyn '14' {"hostname": "il2244vt26_hrahimi", "processid": 3941599, "history": "Interactive.172", "testname": "VT26_TOP_top_tb_TRAN_BIO", "cornername": "C0_34", "point": 35, "logfile": "/home/hrahimi/projects/POTENTIOSTAT_26/logs_hrahimi/logs0/Job9.log"}
[2026-06-09 20:45:55.838 Z] [PROCESS] [cadence.virtuoso.ade.simulationMonitor] - Padding test token found for runId '8', Linger time '300', currentRunSyn '13', currentTestSyn '14' {"hostname": "il2244vt26_hrahimi", "processid": 3941599, "history": "Interactive.172", "testname": "VT26_TOP_top_tb_TRAN_BIO", "cornername": "C0_34", "point": 35, "logfile": "/home/hrahimi/projects/POTENTIOSTAT_26/logs_hrahimi/logs0/Job9.log"}
[2026-06-09 20:45:55.864 Z] [PROCESS] [cadence.virtuoso.ade.simulationMonitor] - Stay with the runId '8', Linger time '300', currentRunSyn '13', currentTestSyn '14' {"hostname": "il2244vt26_hrahimi", "processid": 3941599, "history": "Interactive.172", "testname": "VT26_TOP_top_tb_TRAN_BIO", "cornername": "C0_34", "point": 35, "logfile": "/home/hrahimi/projects/POTENTIOSTAT_26/logs_hrahimi/logs0/Job9.log"}
[2026-06-09 20:45:56.865 Z] [PROCESS] [cadence.virtuoso.ade.simulationMonitor] - Stay with the runId '8', Linger time '300', currentRunSyn '13', currentTestSyn '14' {"hostname": "il2244vt26_hrahimi", "processid": 3941599, "history": "Interactive.172", "testname": "VT26_TOP_top_tb_TRAN_BIO", "cornername": "C0_34", "point": 35, "logfile": "/home/hrahimi/projects/POTENTIOSTAT_26/logs_hrahimi/logs0/Job9.log"}
[2026-06-09 20:45:57.864 Z] [PROCESS] [cadence.virtuoso.ade.simulationMonitor] - Stay with the runId '8', Linger time '300', currentRunSyn '13', currentTestSyn '14' {"hostname": "il2244vt26_hrahimi", "processid": 3941599, "history": "Interactive.172", "testname": "VT26_TOP_top_tb_TRAN_BIO", "cornername": "C0_34", "point": 35, "logfile": "/home/hrahimi/projects/POTENTIOSTAT_26/logs_hrahimi/logs0/Job9.log"}
[2026-06-09 20:45:58.864 Z] [PROCESS] [cadence.virtuoso.ade.simulationMonitor] - Stay with the runId '8', Linger time '300', currentRunSyn '13', currentTestSyn '14' {"hostname": "il2244vt26_hrahimi", "processid": 3941599, "history": "Interactive.172", "testname": "VT26_TOP_top_tb_TRAN_BIO", "cornername": "C0_34", "point": 35, "logfile": "/home/hrahimi/projects/POTENTIOSTAT_26/logs_hrahimi/logs0/Job9.log"}
[2026-06-09 20:45:59.872 Z] [PROCESS] [cadence.virtuoso.ade.simulationMonitor] - Stay with the runId '8', Linger time '300', currentRunSyn '13', currentTestSyn '14' {"hostname": "il2244vt26_hrahimi", "processid": 3941599, "history": "Interactive.172", "testname": "VT26_TOP_top_tb_TRAN_BIO", "cornername": "C0_34", "point": 35, "logfile": "/home/hrahimi/projects/POTENTIOSTAT_26/logs_hrahimi/logs0/Job9.log"}
[2026-06-09 20:46:00.890 Z] [PROCESS] [cadence.virtuoso.ade.simulationMonitor] - Padding test token found for runId '8', Linger time '300', currentRunSyn '13', currentTestSyn '14' {"hostname": "il2244vt26_hrahimi", "processid": 3941599, "history": "Interactive.172", "testname": "VT26_TOP_top_tb_TRAN_BIO", "cornername": "C0_34", "point": 35, "logfile": "/home/hrahimi/projects/POTENTIOSTAT_26/logs_hrahimi/logs0/Job9.log"}
[2026-06-09 20:46:00.920 Z] [PROCESS] [cadence.virtuoso.ade.simulationMonitor] - Stay with the runId '8', Linger time '300', currentRunSyn '13', currentTestSyn '14' {"hostname": "il2244vt26_hrahimi", "processid": 3941599, "history": "Interactive.172", "testname": "VT26_TOP_top_tb_TRAN_BIO", "cornername": "C0_34", "point": 35, "logfile": "/home/hrahimi/projects/POTENTIOSTAT_26/logs_hrahimi/logs0/Job9.log"}
[2026-06-09 20:46:01.925 Z] [PROCESS] [cadence.virtuoso.ade.simulationMonitor] - Stay with the runId '8', Linger time '300', currentRunSyn '13', currentTestSyn '14' {"hostname": "il2244vt26_hrahimi", "processid": 3941599, "history": "Interactive.172", "testname": "VT26_TOP_top_tb_TRAN_BIO", "cornername": "C0_34", "point": 35, "logfile": "/home/hrahimi/projects/POTENTIOSTAT_26/logs_hrahimi/logs0/Job9.log"}
[2026-06-09 20:46:02.945 Z] [PROCESS] [cadence.virtuoso.ade.simulationMonitor] - Padding test token found for runId '8', Linger time '300', currentRunSyn '13', currentTestSyn '14' {"hostname": "il2244vt26_hrahimi", "processid": 3941599, "history": "Interactive.172", "testname": "VT26_TOP_top_tb_TRAN_BIO", "cornername": "C0_34", "point": 35, "logfile": "/home/hrahimi/projects/POTENTIOSTAT_26/logs_hrahimi/logs0/Job9.log"}
[2026-06-09 20:46:02.953 Z] [PROCESS] [cadence.virtuoso.ade.simulationMonitor] - Stay with the runId '8', Linger time '300', currentRunSyn '13', currentTestSyn '14' {"hostname": "il2244vt26_hrahimi", "processid": 3941599, "history": "Interactive.172", "testname": "VT26_TOP_top_tb_TRAN_BIO", "cornername": "C0_34", "point": 35, "logfile": "/home/hrahimi/projects/POTENTIOSTAT_26/logs_hrahimi/logs0/Job9.log"}
[2026-06-09 20:46:03.959 Z] [PROCESS] [cadence.virtuoso.ade.simulationMonitor] - Stay with the runId '8', Linger time '300', currentRunSyn '13', currentTestSyn '14' {"hostname": "il2244vt26_hrahimi", "processid": 3941599, "history": "Interactive.172", "testname": "VT26_TOP_top_tb_TRAN_BIO", "cornername": "C0_34", "point": 35, "logfile": "/home/hrahimi/projects/POTENTIOSTAT_26/logs_hrahimi/logs0/Job9.log"}
[2026-06-09 20:46:04.968 Z] [PROCESS] [cadence.virtuoso.ade.simulationMonitor] - Stay with the runId '8', Linger time '300', currentRunSyn '13', currentTestSyn '14' {"hostname": "il2244vt26_hrahimi", "processid": 3941599, "history": "Interactive.172", "testname": "VT26_TOP_top_tb_TRAN_BIO", "cornername": "C0_34", "point": 35, "logfile": "/home/hrahimi/projects/POTENTIOSTAT_26/logs_hrahimi/logs0/Job9.log"}
[2026-06-09 20:46:05.971 Z] [PROCESS] [cadence.virtuoso.ade.simulationMonitor] - Stay with the runId '8', Linger time '300', currentRunSyn '13', currentTestSyn '14' {"hostname": "il2244vt26_hrahimi", "processid": 3941599, "history": "Interactive.172", "testname": "VT26_TOP_top_tb_TRAN_BIO", "cornername": "C0_34", "point": 35, "logfile": "/home/hrahimi/projects/POTENTIOSTAT_26/logs_hrahimi/logs0/Job9.log"}
[2026-06-09 20:46:06.985 Z] [PROCESS] [cadence.virtuoso.ade.simulationMonitor] - Padding test token found for runId '8', Linger time '300', currentRunSyn '13', currentTestSyn '14' {"hostname": "il2244vt26_hrahimi", "processid": 3941599, "history": "Interactive.172", "testname": "VT26_TOP_top_tb_TRAN_BIO", "cornername": "C0_34", "point": 35, "logfile": "/home/hrahimi/projects/POTENTIOSTAT_26/logs_hrahimi/logs0/Job9.log"}
[2026-06-09 20:46:06.995 Z] [PROCESS] [cadence.virtuoso.ade.simulationMonitor] - Stay with the runId '8', Linger time '300', currentRunSyn '13', currentTestSyn '14' {"hostname": "il2244vt26_hrahimi", "processid": 3941599, "history": "Interactive.172", "testname": "VT26_TOP_top_tb_TRAN_BIO", "cornername": "C0_34", "point": 35, "logfile": "/home/hrahimi/projects/POTENTIOSTAT_26/logs_hrahimi/logs0/Job9.log"}
[2026-06-09 20:46:08.012 Z] [PROCESS] [cadence.virtuoso.ade.simulationMonitor] - Stay with the runId '8', Linger time '300', currentRunSyn '13', currentTestSyn '14' {"hostname": "il2244vt26_hrahimi", "processid": 3941599, "history": "Interactive.172", "testname": "VT26_TOP_top_tb_TRAN_BIO", "cornername": "C0_34", "point": 35, "logfile": "/home/hrahimi/projects/POTENTIOSTAT_26/logs_hrahimi/logs0/Job9.log"}
[2026-06-09 20:46:09.011 Z] [PROCESS] [cadence.virtuoso.ade.simulationMonitor] - Stay with the runId '8', Linger time '300', currentRunSyn '13', currentTestSyn '14' {"hostname": "il2244vt26_hrahimi", "processid": 3941599, "history": "Interactive.172", "testname": "VT26_TOP_top_tb_TRAN_BIO", "cornername": "C0_34", "point": 35, "logfile": "/home/hrahimi/projects/POTENTIOSTAT_26/logs_hrahimi/logs0/Job9.log"}
[2026-06-09 20:46:10.017 Z] [PROCESS] [cadence.virtuoso.ade.simulationMonitor] - Stay with the runId '8', Linger time '300', currentRunSyn '13', currentTestSyn '14' {"hostname": "il2244vt26_hrahimi", "processid": 3941599, "history": "Interactive.172", "testname": "VT26_TOP_top_tb_TRAN_BIO", "cornername": "C0_34", "point": 35, "logfile": "/home/hrahimi/projects/POTENTIOSTAT_26/logs_hrahimi/logs0/Job9.log"}
[2026-06-09 20:46:11.025 Z] [PROCESS] [cadence.virtuoso.ade.simulationMonitor] - Stay with the runId '8', Linger time '300', currentRunSyn '13', currentTestSyn '14' {"hostname": "il2244vt26_hrahimi", "processid": 3941599, "history": "Interactive.172", "testname": "VT26_TOP_top_tb_TRAN_BIO", "cornername": "C0_34", "point": 35, "logfile": "/home/hrahimi/projects/POTENTIOSTAT_26/logs_hrahimi/logs0/Job9.log"}
[2026-06-09 20:46:12.035 Z] [PROCESS] [cadence.virtuoso.ade.simulationMonitor] - Stay with the runId '8', Linger time '300', currentRunSyn '13', currentTestSyn '14' {"hostname": "il2244vt26_hrahimi", "processid": 3941599, "history": "Interactive.172", "testname": "VT26_TOP_top_tb_TRAN_BIO", "cornername": "C0_34", "point": 35, "logfile": "/home/hrahimi/projects/POTENTIOSTAT_26/logs_hrahimi/logs0/Job9.log"}
[2026-06-09 20:46:13.041 Z] [PROCESS] [cadence.virtuoso.ade.simulationMonitor] - Stay with the runId '8', Linger time '300', currentRunSyn '13', currentTestSyn '14' {"hostname": "il2244vt26_hrahimi", "processid": 3941599, "history": "Interactive.172", "testname": "VT26_TOP_top_tb_TRAN_BIO", "cornername": "C0_34", "point": 35, "logfile": "/home/hrahimi/projects/POTENTIOSTAT_26/logs_hrahimi/logs0/Job9.log"}
[2026-06-09 20:46:14.048 Z] [PROCESS] [cadence.virtuoso.ade.simulationMonitor] - Stay with the runId '8', Linger time '300', currentRunSyn '13', currentTestSyn '14' {"hostname": "il2244vt26_hrahimi", "processid": 3941599, "history": "Interactive.172", "testname": "VT26_TOP_top_tb_TRAN_BIO", "cornername": "C0_34", "point": 35, "logfile": "/home/hrahimi/projects/POTENTIOSTAT_26/logs_hrahimi/logs0/Job9.log"}
[2026-06-09 20:46:15.056 Z] [PROCESS] [cadence.virtuoso.ade.simulationMonitor] - Stay with the runId '8', Linger time '300', currentRunSyn '13', currentTestSyn '14' {"hostname": "il2244vt26_hrahimi", "processid": 3941599, "history": "Interactive.172", "testname": "VT26_TOP_top_tb_TRAN_BIO", "cornername": "C0_34", "point": 35, "logfile": "/home/hrahimi/projects/POTENTIOSTAT_26/logs_hrahimi/logs0/Job9.log"}
[2026-06-09 20:46:16.057 Z] [PROCESS] [cadence.virtuoso.ade.simulationMonitor] - Stay with the runId '8', Linger time '300', currentRunSyn '13', currentTestSyn '14' {"hostname": "il2244vt26_hrahimi", "processid": 3941599, "history": "Interactive.172", "testname": "VT26_TOP_top_tb_TRAN_BIO", "cornername": "C0_34", "point": 35, "logfile": "/home/hrahimi/projects/POTENTIOSTAT_26/logs_hrahimi/logs0/Job9.log"}
[2026-06-09 20:46:17.064 Z] [PROCESS] [cadence.virtuoso.ade.simulationMonitor] - Stay with the runId '8', Linger time '300', currentRunSyn '13', currentTestSyn '14' {"hostname": "il2244vt26_hrahimi", "processid": 3941599, "history": "Interactive.172", "testname": "VT26_TOP_top_tb_TRAN_BIO", "cornername": "C0_34", "point": 35, "logfile": "/home/hrahimi/projects/POTENTIOSTAT_26/logs_hrahimi/logs0/Job9.log"}
[2026-06-09 20:46:18.073 Z] [PROCESS] [cadence.virtuoso.ade.simulationMonitor] - Stay with the runId '8', Linger time '300', currentRunSyn '13', currentTestSyn '14' {"hostname": "il2244vt26_hrahimi", "processid": 3941599, "history": "Interactive.172", "testname": "VT26_TOP_top_tb_TRAN_BIO", "cornername": "C0_34", "point": 35, "logfile": "/home/hrahimi/projects/POTENTIOSTAT_26/logs_hrahimi/logs0/Job9.log"}
[2026-06-09 20:46:19.080 Z] [PROCESS] [cadence.virtuoso.ade.simulationMonitor] - Stay with the runId '8', Linger time '300', currentRunSyn '13', currentTestSyn '14' {"hostname": "il2244vt26_hrahimi", "processid": 3941599, "history": "Interactive.172", "testname": "VT26_TOP_top_tb_TRAN_BIO", "cornername": "C0_34", "point": 35, "logfile": "/home/hrahimi/projects/POTENTIOSTAT_26/logs_hrahimi/logs0/Job9.log"}
[2026-06-09 20:46:20.091 Z] [PROCESS] [cadence.virtuoso.ade.simulationMonitor] - Stay with the runId '8', Linger time '300', currentRunSyn '13', currentTestSyn '14' {"hostname": "il2244vt26_hrahimi", "processid": 3941599, "history": "Interactive.172", "testname": "VT26_TOP_top_tb_TRAN_BIO", "cornername": "C0_34", "point": 35, "logfile": "/home/hrahimi/projects/POTENTIOSTAT_26/logs_hrahimi/logs0/Job9.log"}
[2026-06-09 20:46:21.098 Z] [PROCESS] [cadence.virtuoso.ade.simulationMonitor] - Stay with the runId '8', Linger time '300', currentRunSyn '13', currentTestSyn '14' {"hostname": "il2244vt26_hrahimi", "processid": 3941599, "history": "Interactive.172", "testname": "VT26_TOP_top_tb_TRAN_BIO", "cornername": "C0_34", "point": 35, "logfile": "/home/hrahimi/projects/POTENTIOSTAT_26/logs_hrahimi/logs0/Job9.log"}
[2026-06-09 20:46:22.107 Z] [PROCESS] [cadence.virtuoso.ade.simulationMonitor] - Stay with the runId '8', Linger time '300', currentRunSyn '13', currentTestSyn '14' {"hostname": "il2244vt26_hrahimi", "processid": 3941599, "history": "Interactive.172", "testname": "VT26_TOP_top_tb_TRAN_BIO", "cornername": "C0_34", "point": 35, "logfile": "/home/hrahimi/projects/POTENTIOSTAT_26/logs_hrahimi/logs0/Job9.log"}
[2026-06-09 20:46:23.116 Z] [PROCESS] [cadence.virtuoso.ade.simulationMonitor] - Stay with the runId '8', Linger time '300', currentRunSyn '13', currentTestSyn '14' {"hostname": "il2244vt26_hrahimi", "processid": 3941599, "history": "Interactive.172", "testname": "VT26_TOP_top_tb_TRAN_BIO", "cornername": "C0_34", "point": 35, "logfile": "/home/hrahimi/projects/POTENTIOSTAT_26/logs_hrahimi/logs0/Job9.log"}
[2026-06-09 20:46:24.126 Z] [PROCESS] [cadence.virtuoso.ade.simulationMonitor] - Stay with the runId '8', Linger time '300', currentRunSyn '13', currentTestSyn '14' {"hostname": "il2244vt26_hrahimi", "processid": 3941599, "history": "Interactive.172", "testname": "VT26_TOP_top_tb_TRAN_BIO", "cornername": "C0_34", "point": 35, "logfile": "/home/hrahimi/projects/POTENTIOSTAT_26/logs_hrahimi/logs0/Job9.log"}
[2026-06-09 20:46:25.132 Z] [PROCESS] [cadence.virtuoso.ade.simulationMonitor] - Stay with the runId '8', Linger time '300', currentRunSyn '13', currentTestSyn '14' {"hostname": "il2244vt26_hrahimi", "processid": 3941599, "history": "Interactive.172", "testname": "VT26_TOP_top_tb_TRAN_BIO", "cornername": "C0_34", "point": 35, "logfile": "/home/hrahimi/projects/POTENTIOSTAT_26/logs_hrahimi/logs0/Job9.log"}
[2026-06-09 20:46:26.139 Z] [PROCESS] [cadence.virtuoso.ade.simulationMonitor] - Stay with the runId '8', Linger time '300', currentRunSyn '13', currentTestSyn '14' {"hostname": "il2244vt26_hrahimi", "processid": 3941599, "history": "Interactive.172", "testname": "VT26_TOP_top_tb_TRAN_BIO", "cornername": "C0_34", "point": 35, "logfile": "/home/hrahimi/projects/POTENTIOSTAT_26/logs_hrahimi/logs0/Job9.log"}
[2026-06-09 20:46:27.145 Z] [PROCESS] [cadence.virtuoso.ade.simulationMonitor] - Stay with the runId '8', Linger time '300', currentRunSyn '13', currentTestSyn '14' {"hostname": "il2244vt26_hrahimi", "processid": 3941599, "history": "Interactive.172", "testname": "VT26_TOP_top_tb_TRAN_BIO", "cornername": "C0_34", "point": 35, "logfile": "/home/hrahimi/projects/POTENTIOSTAT_26/logs_hrahimi/logs0/Job9.log"}
[2026-06-09 20:46:28.152 Z] [PROCESS] [cadence.virtuoso.ade.simulationMonitor] - Stay with the runId '8', Linger time '300', currentRunSyn '13', currentTestSyn '14' {"hostname": "il2244vt26_hrahimi", "processid": 3941599, "history": "Interactive.172", "testname": "VT26_TOP_top_tb_TRAN_BIO", "cornername": "C0_34", "point": 35, "logfile": "/home/hrahimi/projects/POTENTIOSTAT_26/logs_hrahimi/logs0/Job9.log"}
[2026-06-09 20:46:29.159 Z] [PROCESS] [cadence.virtuoso.ade.simulationMonitor] - Stay with the runId '8', Linger time '300', currentRunSyn '13', currentTestSyn '14' {"hostname": "il2244vt26_hrahimi", "processid": 3941599, "history": "Interactive.172", "testname": "VT26_TOP_top_tb_TRAN_BIO", "cornername": "C0_34", "point": 35, "logfile": "/home/hrahimi/projects/POTENTIOSTAT_26/logs_hrahimi/logs0/Job9.log"}
[2026-06-09 20:46:30.169 Z] [PROCESS] [cadence.virtuoso.ade.simulationMonitor] - Stay with the runId '8', Linger time '300', currentRunSyn '13', currentTestSyn '14' {"hostname": "il2244vt26_hrahimi", "processid": 3941599, "history": "Interactive.172", "testname": "VT26_TOP_top_tb_TRAN_BIO", "cornername": "C0_34", "point": 35, "logfile": "/home/hrahimi/projects/POTENTIOSTAT_26/logs_hrahimi/logs0/Job9.log"}
[2026-06-09 20:46:31.195 Z] [PROCESS] [cadence.virtuoso.ade.simulationMonitor] - Padding test token found for runId '8', Linger time '300', currentRunSyn '13', currentTestSyn '14' {"hostname": "il2244vt26_hrahimi", "processid": 3941599, "history": "Interactive.172", "testname": "VT26_TOP_top_tb_TRAN_BIO", "cornername": "C0_34", "point": 35, "logfile": "/home/hrahimi/projects/POTENTIOSTAT_26/logs_hrahimi/logs0/Job9.log"}
[2026-06-09 20:46:31.207 Z] [PROCESS] [cadence.virtuoso.ade.simulationMonitor] - Stay with the runId '8', Linger time '300', currentRunSyn '13', currentTestSyn '14' {"hostname": "il2244vt26_hrahimi", "processid": 3941599, "history": "Interactive.172", "testname": "VT26_TOP_top_tb_TRAN_BIO", "cornername": "C0_34", "point": 35, "logfile": "/home/hrahimi/projects/POTENTIOSTAT_26/logs_hrahimi/logs0/Job9.log"}
[2026-06-09 20:46:32.206 Z] [PROCESS] [cadence.virtuoso.ade.simulationMonitor] - Stay with the runId '8', Linger time '300', currentRunSyn '13', currentTestSyn '14' {"hostname": "il2244vt26_hrahimi", "processid": 3941599, "history": "Interactive.172", "testname": "VT26_TOP_top_tb_TRAN_BIO", "cornername": "C0_34", "point": 35, "logfile": "/home/hrahimi/projects/POTENTIOSTAT_26/logs_hrahimi/logs0/Job9.log"}
[2026-06-09 20:46:33.215 Z] [PROCESS] [cadence.virtuoso.ade.simulationMonitor] - Stay with the runId '8', Linger time '300', currentRunSyn '13', currentTestSyn '14' {"hostname": "il2244vt26_hrahimi", "processid": 3941599, "history": "Interactive.172", "testname": "VT26_TOP_top_tb_TRAN_BIO", "cornername": "C0_34", "point": 35, "logfile": "/home/hrahimi/projects/POTENTIOSTAT_26/logs_hrahimi/logs0/Job9.log"}
[2026-06-09 20:46:34.216 Z] [PROCESS] [cadence.virtuoso.ade.simulationMonitor] - Stay with the runId '8', Linger time '300', currentRunSyn '13', currentTestSyn '14' {"hostname": "il2244vt26_hrahimi", "processid": 3941599, "history": "Interactive.172", "testname": "VT26_TOP_top_tb_TRAN_BIO", "cornername": "C0_34", "point": 35, "logfile": "/home/hrahimi/projects/POTENTIOSTAT_26/logs_hrahimi/logs0/Job9.log"}
[2026-06-09 20:46:35.217 Z] [PROCESS] [cadence.virtuoso.ade.simulationMonitor] - Stay with the runId '8', Linger time '300', currentRunSyn '13', currentTestSyn '14' {"hostname": "il2244vt26_hrahimi", "processid": 3941599, "history": "Interactive.172", "testname": "VT26_TOP_top_tb_TRAN_BIO", "cornername": "C0_34", "point": 35, "logfile": "/home/hrahimi/projects/POTENTIOSTAT_26/logs_hrahimi/logs0/Job9.log"}
[2026-06-09 20:46:36.226 Z] [PROCESS] [cadence.virtuoso.ade.simulationMonitor] - Stay with the runId '8', Linger time '300', currentRunSyn '13', currentTestSyn '14' {"hostname": "il2244vt26_hrahimi", "processid": 3941599, "history": "Interactive.172", "testname": "VT26_TOP_top_tb_TRAN_BIO", "cornername": "C0_34", "point": 35, "logfile": "/home/hrahimi/projects/POTENTIOSTAT_26/logs_hrahimi/logs0/Job9.log"}
[2026-06-09 20:46:37.235 Z] [PROCESS] [cadence.virtuoso.ade.simulationMonitor] - Stay with the runId '8', Linger time '300', currentRunSyn '13', currentTestSyn '14' {"hostname": "il2244vt26_hrahimi", "processid": 3941599, "history": "Interactive.172", "testname": "VT26_TOP_top_tb_TRAN_BIO", "cornername": "C0_34", "point": 35, "logfile": "/home/hrahimi/projects/POTENTIOSTAT_26/logs_hrahimi/logs0/Job9.log"}
[2026-06-09 20:46:38.241 Z] [PROCESS] [cadence.virtuoso.ade.simulationMonitor] - Stay with the runId '8', Linger time '300', currentRunSyn '13', currentTestSyn '14' {"hostname": "il2244vt26_hrahimi", "processid": 3941599, "history": "Interactive.172", "testname": "VT26_TOP_top_tb_TRAN_BIO", "cornername": "C0_34", "point": 35, "logfile": "/home/hrahimi/projects/POTENTIOSTAT_26/logs_hrahimi/logs0/Job9.log"}
[2026-06-09 20:46:39.249 Z] [PROCESS] [cadence.virtuoso.ade.simulationMonitor] - Stay with the runId '8', Linger time '300', currentRunSyn '13', currentTestSyn '14' {"hostname": "il2244vt26_hrahimi", "processid": 3941599, "history": "Interactive.172", "testname": "VT26_TOP_top_tb_TRAN_BIO", "cornername": "C0_34", "point": 35, "logfile": "/home/hrahimi/projects/POTENTIOSTAT_26/logs_hrahimi/logs0/Job9.log"}
[2026-06-09 20:46:40.256 Z] [PROCESS] [cadence.virtuoso.ade.simulationMonitor] - Stay with the runId '8', Linger time '300', currentRunSyn '13', currentTestSyn '14' {"hostname": "il2244vt26_hrahimi", "processid": 3941599, "history": "Interactive.172", "testname": "VT26_TOP_top_tb_TRAN_BIO", "cornername": "C0_34", "point": 35, "logfile": "/home/hrahimi/projects/POTENTIOSTAT_26/logs_hrahimi/logs0/Job9.log"}
[2026-06-09 20:46:41.257 Z] [PROCESS] [cadence.virtuoso.ade.simulationMonitor] - Stay with the runId '8', Linger time '300', currentRunSyn '13', currentTestSyn '14' {"hostname": "il2244vt26_hrahimi", "processid": 3941599, "history": "Interactive.172", "testname": "VT26_TOP_top_tb_TRAN_BIO", "cornername": "C0_34", "point": 35, "logfile": "/home/hrahimi/projects/POTENTIOSTAT_26/logs_hrahimi/logs0/Job9.log"}
[2026-06-09 20:46:42.268 Z] [PROCESS] [cadence.virtuoso.ade.simulationMonitor] - Stay with the runId '8', Linger time '300', currentRunSyn '13', currentTestSyn '14' {"hostname": "il2244vt26_hrahimi", "processid": 3941599, "history": "Interactive.172", "testname": "VT26_TOP_top_tb_TRAN_BIO", "cornername": "C0_34", "point": 35, "logfile": "/home/hrahimi/projects/POTENTIOSTAT_26/logs_hrahimi/logs0/Job9.log"}
[2026-06-09 20:46:43.274 Z] [PROCESS] [cadence.virtuoso.ade.simulationMonitor] - Stay with the runId '8', Linger time '300', currentRunSyn '13', currentTestSyn '14' {"hostname": "il2244vt26_hrahimi", "processid": 3941599, "history": "Interactive.172", "testname": "VT26_TOP_top_tb_TRAN_BIO", "cornername": "C0_34", "point": 35, "logfile": "/home/hrahimi/projects/POTENTIOSTAT_26/logs_hrahimi/logs0/Job9.log"}
[2026-06-09 20:46:44.275 Z] [PROCESS] [cadence.virtuoso.ade.simulationMonitor] - Stay with the runId '8', Linger time '300', currentRunSyn '13', currentTestSyn '14' {"hostname": "il2244vt26_hrahimi", "processid": 3941599, "history": "Interactive.172", "testname": "VT26_TOP_top_tb_TRAN_BIO", "cornername": "C0_34", "point": 35, "logfile": "/home/hrahimi/projects/POTENTIOSTAT_26/logs_hrahimi/logs0/Job9.log"}
[2026-06-09 20:46:45.284 Z] [PROCESS] [cadence.virtuoso.ade.simulationMonitor] - Stay with the runId '8', Linger time '300', currentRunSyn '13', currentTestSyn '14' {"hostname": "il2244vt26_hrahimi", "processid": 3941599, "history": "Interactive.172", "testname": "VT26_TOP_top_tb_TRAN_BIO", "cornername": "C0_34", "point": 35, "logfile": "/home/hrahimi/projects/POTENTIOSTAT_26/logs_hrahimi/logs0/Job9.log"}
[2026-06-09 20:46:46.295 Z] [PROCESS] [cadence.virtuoso.ade.simulationMonitor] - Stay with the runId '8', Linger time '300', currentRunSyn '13', currentTestSyn '14' {"hostname": "il2244vt26_hrahimi", "processid": 3941599, "history": "Interactive.172", "testname": "VT26_TOP_top_tb_TRAN_BIO", "cornername": "C0_34", "point": 35, "logfile": "/home/hrahimi/projects/POTENTIOSTAT_26/logs_hrahimi/logs0/Job9.log"}
[2026-06-09 20:46:47.304 Z] [PROCESS] [cadence.virtuoso.ade.simulationMonitor] - Stay with the runId '8', Linger time '300', currentRunSyn '13', currentTestSyn '14' {"hostname": "il2244vt26_hrahimi", "processid": 3941599, "history": "Interactive.172", "testname": "VT26_TOP_top_tb_TRAN_BIO", "cornername": "C0_34", "point": 35, "logfile": "/home/hrahimi/projects/POTENTIOSTAT_26/logs_hrahimi/logs0/Job9.log"}
[2026-06-09 20:46:48.304 Z] [PROCESS] [cadence.virtuoso.ade.simulationMonitor] - Stay with the runId '8', Linger time '300', currentRunSyn '13', currentTestSyn '14' {"hostname": "il2244vt26_hrahimi", "processid": 3941599, "history": "Interactive.172", "testname": "VT26_TOP_top_tb_TRAN_BIO", "cornername": "C0_34", "point": 35, "logfile": "/home/hrahimi/projects/POTENTIOSTAT_26/logs_hrahimi/logs0/Job9.log"}
[2026-06-09 20:46:49.313 Z] [PROCESS] [cadence.virtuoso.ade.simulationMonitor] - Stay with the runId '8', Linger time '300', currentRunSyn '13', currentTestSyn '14' {"hostname": "il2244vt26_hrahimi", "processid": 3941599, "history": "Interactive.172", "testname": "VT26_TOP_top_tb_TRAN_BIO", "cornername": "C0_34", "point": 35, "logfile": "/home/hrahimi/projects/POTENTIOSTAT_26/logs_hrahimi/logs0/Job9.log"}
[2026-06-09 20:46:50.320 Z] [PROCESS] [cadence.virtuoso.ade.simulationMonitor] - Stay with the runId '8', Linger time '300', currentRunSyn '13', currentTestSyn '14' {"hostname": "il2244vt26_hrahimi", "processid": 3941599, "history": "Interactive.172", "testname": "VT26_TOP_top_tb_TRAN_BIO", "cornername": "C0_34", "point": 35, "logfile": "/home/hrahimi/projects/POTENTIOSTAT_26/logs_hrahimi/logs0/Job9.log"}
[2026-06-09 20:46:51.326 Z] [PROCESS] [cadence.virtuoso.ade.simulationMonitor] - Stay with the runId '8', Linger time '300', currentRunSyn '13', currentTestSyn '14' {"hostname": "il2244vt26_hrahimi", "processid": 3941599, "history": "Interactive.172", "testname": "VT26_TOP_top_tb_TRAN_BIO", "cornername": "C0_34", "point": 35, "logfile": "/home/hrahimi/projects/POTENTIOSTAT_26/logs_hrahimi/logs0/Job9.log"}
[2026-06-09 20:46:52.328 Z] [PROCESS] [cadence.virtuoso.ade.simulationMonitor] - Stay with the runId '8', Linger time '300', currentRunSyn '13', currentTestSyn '14' {"hostname": "il2244vt26_hrahimi", "processid": 3941599, "history": "Interactive.172", "testname": "VT26_TOP_top_tb_TRAN_BIO", "cornername": "C0_34", "point": 35, "logfile": "/home/hrahimi/projects/POTENTIOSTAT_26/logs_hrahimi/logs0/Job9.log"}
[2026-06-09 20:46:53.337 Z] [PROCESS] [cadence.virtuoso.ade.simulationMonitor] - Stay with the runId '8', Linger time '300', currentRunSyn '13', currentTestSyn '14' {"hostname": "il2244vt26_hrahimi", "processid": 3941599, "history": "Interactive.172", "testname": "VT26_TOP_top_tb_TRAN_BIO", "cornername": "C0_34", "point": 35, "logfile": "/home/hrahimi/projects/POTENTIOSTAT_26/logs_hrahimi/logs0/Job9.log"}
[2026-06-09 20:46:54.347 Z] [PROCESS] [cadence.virtuoso.ade.simulationMonitor] - Stay with the runId '8', Linger time '300', currentRunSyn '13', currentTestSyn '14' {"hostname": "il2244vt26_hrahimi", "processid": 3941599, "history": "Interactive.172", "testname": "VT26_TOP_top_tb_TRAN_BIO", "cornername": "C0_34", "point": 35, "logfile": "/home/hrahimi/projects/POTENTIOSTAT_26/logs_hrahimi/logs0/Job9.log"}
[2026-06-09 20:46:55.354 Z] [PROCESS] [cadence.virtuoso.ade.simulationMonitor] - Stay with the runId '8', Linger time '300', currentRunSyn '13', currentTestSyn '14' {"hostname": "il2244vt26_hrahimi", "processid": 3941599, "history": "Interactive.172", "testname": "VT26_TOP_top_tb_TRAN_BIO", "cornername": "C0_34", "point": 35, "logfile": "/home/hrahimi/projects/POTENTIOSTAT_26/logs_hrahimi/logs0/Job9.log"}
[2026-06-09 20:46:56.355 Z] [PROCESS] [cadence.virtuoso.ade.simulationMonitor] - Stay with the runId '8', Linger time '300', currentRunSyn '13', currentTestSyn '14' {"hostname": "il2244vt26_hrahimi", "processid": 3941599, "history": "Interactive.172", "testname": "VT26_TOP_top_tb_TRAN_BIO", "cornername": "C0_34", "point": 35, "logfile": "/home/hrahimi/projects/POTENTIOSTAT_26/logs_hrahimi/logs0/Job9.log"}
[2026-06-09 20:46:57.355 Z] [PROCESS] [cadence.virtuoso.ade.simulationMonitor] - Stay with the runId '8', Linger time '300', currentRunSyn '13', currentTestSyn '14' {"hostname": "il2244vt26_hrahimi", "processid": 3941599, "history": "Interactive.172", "testname": "VT26_TOP_top_tb_TRAN_BIO", "cornername": "C0_34", "point": 35, "logfile": "/home/hrahimi/projects/POTENTIOSTAT_26/logs_hrahimi/logs0/Job9.log"}
[2026-06-09 20:46:58.361 Z] [PROCESS] [cadence.virtuoso.ade.simulationMonitor] - Stay with the runId '8', Linger time '300', currentRunSyn '13', currentTestSyn '14' {"hostname": "il2244vt26_hrahimi", "processid": 3941599, "history": "Interactive.172", "testname": "VT26_TOP_top_tb_TRAN_BIO", "cornername": "C0_34", "point": 35, "logfile": "/home/hrahimi/projects/POTENTIOSTAT_26/logs_hrahimi/logs0/Job9.log"}
[2026-06-09 20:46:59.369 Z] [PROCESS] [cadence.virtuoso.ade.simulationMonitor] - Stay with the runId '8', Linger time '300', currentRunSyn '13', currentTestSyn '14' {"hostname": "il2244vt26_hrahimi", "processid": 3941599, "history": "Interactive.172", "testname": "VT26_TOP_top_tb_TRAN_BIO", "cornername": "C0_34", "point": 35, "logfile": "/home/hrahimi/projects/POTENTIOSTAT_26/logs_hrahimi/logs0/Job9.log"}
[2026-06-09 20:47:00.370 Z] [PROCESS] [cadence.virtuoso.ade.simulationMonitor] - Stay with the runId '8', Linger time '300', currentRunSyn '13', currentTestSyn '14' {"hostname": "il2244vt26_hrahimi", "processid": 3941599, "history": "Interactive.172", "testname": "VT26_TOP_top_tb_TRAN_BIO", "cornername": "C0_34", "point": 35, "logfile": "/home/hrahimi/projects/POTENTIOSTAT_26/logs_hrahimi/logs0/Job9.log"}
[2026-06-09 20:47:01.380 Z] [PROCESS] [cadence.virtuoso.ade.simulationMonitor] - Stay with the runId '8', Linger time '300', currentRunSyn '13', currentTestSyn '14' {"hostname": "il2244vt26_hrahimi", "processid": 3941599, "history": "Interactive.172", "testname": "VT26_TOP_top_tb_TRAN_BIO", "cornername": "C0_34", "point": 35, "logfile": "/home/hrahimi/projects/POTENTIOSTAT_26/logs_hrahimi/logs0/Job9.log"}
[2026-06-09 20:47:02.390 Z] [PROCESS] [cadence.virtuoso.ade.simulationMonitor] - Stay with the runId '8', Linger time '300', currentRunSyn '13', currentTestSyn '14' {"hostname": "il2244vt26_hrahimi", "processid": 3941599, "history": "Interactive.172", "testname": "VT26_TOP_top_tb_TRAN_BIO", "cornername": "C0_34", "point": 35, "logfile": "/home/hrahimi/projects/POTENTIOSTAT_26/logs_hrahimi/logs0/Job9.log"}
[2026-06-09 20:47:03.396 Z] [PROCESS] [cadence.virtuoso.ade.simulationMonitor] - Stay with the runId '8', Linger time '300', currentRunSyn '13', currentTestSyn '14' {"hostname": "il2244vt26_hrahimi", "processid": 3941599, "history": "Interactive.172", "testname": "VT26_TOP_top_tb_TRAN_BIO", "cornername": "C0_34", "point": 35, "logfile": "/home/hrahimi/projects/POTENTIOSTAT_26/logs_hrahimi/logs0/Job9.log"}
[2026-06-09 20:47:04.397 Z] [PROCESS] [cadence.virtuoso.ade.simulationMonitor] - Stay with the runId '8', Linger time '300', currentRunSyn '13', currentTestSyn '14' {"hostname": "il2244vt26_hrahimi", "processid": 3941599, "history": "Interactive.172", "testname": "VT26_TOP_top_tb_TRAN_BIO", "cornername": "C0_34", "point": 35, "logfile": "/home/hrahimi/projects/POTENTIOSTAT_26/logs_hrahimi/logs0/Job9.log"}
[2026-06-09 20:47:05.403 Z] [PROCESS] [cadence.virtuoso.ade.simulationMonitor] - Stay with the runId '8', Linger time '300', currentRunSyn '13', currentTestSyn '14' {"hostname": "il2244vt26_hrahimi", "processid": 3941599, "history": "Interactive.172", "testname": "VT26_TOP_top_tb_TRAN_BIO", "cornername": "C0_34", "point": 35, "logfile": "/home/hrahimi/projects/POTENTIOSTAT_26/logs_hrahimi/logs0/Job9.log"}
[2026-06-09 20:47:06.412 Z] [PROCESS] [cadence.virtuoso.ade.simulationMonitor] - Stay with the runId '8', Linger time '300', currentRunSyn '13', currentTestSyn '14' {"hostname": "il2244vt26_hrahimi", "processid": 3941599, "history": "Interactive.172", "testname": "VT26_TOP_top_tb_TRAN_BIO", "cornername": "C0_34", "point": 35, "logfile": "/home/hrahimi/projects/POTENTIOSTAT_26/logs_hrahimi/logs0/Job9.log"}
[2026-06-09 20:47:07.421 Z] [PROCESS] [cadence.virtuoso.ade.simulationMonitor] - Stay with the runId '8', Linger time '300', currentRunSyn '13', currentTestSyn '14' {"hostname": "il2244vt26_hrahimi", "processid": 3941599, "history": "Interactive.172", "testname": "VT26_TOP_top_tb_TRAN_BIO", "cornername": "C0_34", "point": 35, "logfile": "/home/hrahimi/projects/POTENTIOSTAT_26/logs_hrahimi/logs0/Job9.log"}
[2026-06-09 20:47:08.428 Z] [PROCESS] [cadence.virtuoso.ade.simulationMonitor] - Stay with the runId '8', Linger time '300', currentRunSyn '13', currentTestSyn '14' {"hostname": "il2244vt26_hrahimi", "processid": 3941599, "history": "Interactive.172", "testname": "VT26_TOP_top_tb_TRAN_BIO", "cornername": "C0_34", "point": 35, "logfile": "/home/hrahimi/projects/POTENTIOSTAT_26/logs_hrahimi/logs0/Job9.log"}
[2026-06-09 20:47:09.437 Z] [PROCESS] [cadence.virtuoso.ade.simulationMonitor] - Stay with the runId '8', Linger time '300', currentRunSyn '13', currentTestSyn '14' {"hostname": "il2244vt26_hrahimi", "processid": 3941599, "history": "Interactive.172", "testname": "VT26_TOP_top_tb_TRAN_BIO", "cornername": "C0_34", "point": 35, "logfile": "/home/hrahimi/projects/POTENTIOSTAT_26/logs_hrahimi/logs0/Job9.log"}
[2026-06-09 20:47:10.446 Z] [PROCESS] [cadence.virtuoso.ade.simulationMonitor] - Stay with the runId '8', Linger time '300', currentRunSyn '13', currentTestSyn '14' {"hostname": "il2244vt26_hrahimi", "processid": 3941599, "history": "Interactive.172", "testname": "VT26_TOP_top_tb_TRAN_BIO", "cornername": "C0_34", "point": 35, "logfile": "/home/hrahimi/projects/POTENTIOSTAT_26/logs_hrahimi/logs0/Job9.log"}
[2026-06-09 20:47:11.454 Z] [PROCESS] [cadence.virtuoso.ade.simulationMonitor] - Stay with the runId '8', Linger time '300', currentRunSyn '13', currentTestSyn '14' {"hostname": "il2244vt26_hrahimi", "processid": 3941599, "history": "Interactive.172", "testname": "VT26_TOP_top_tb_TRAN_BIO", "cornername": "C0_34", "point": 35, "logfile": "/home/hrahimi/projects/POTENTIOSTAT_26/logs_hrahimi/logs0/Job9.log"}
[2026-06-09 20:47:12.464 Z] [PROCESS] [cadence.virtuoso.ade.simulationMonitor] - Stay with the runId '8', Linger time '300', currentRunSyn '13', currentTestSyn '14' {"hostname": "il2244vt26_hrahimi", "processid": 3941599, "history": "Interactive.172", "testname": "VT26_TOP_top_tb_TRAN_BIO", "cornername": "C0_34", "point": 35, "logfile": "/home/hrahimi/projects/POTENTIOSTAT_26/logs_hrahimi/logs0/Job9.log"}
[2026-06-09 20:47:13.470 Z] [PROCESS] [cadence.virtuoso.ade.simulationMonitor] - Stay with the runId '8', Linger time '300', currentRunSyn '13', currentTestSyn '14' {"hostname": "il2244vt26_hrahimi", "processid": 3941599, "history": "Interactive.172", "testname": "VT26_TOP_top_tb_TRAN_BIO", "cornername": "C0_34", "point": 35, "logfile": "/home/hrahimi/projects/POTENTIOSTAT_26/logs_hrahimi/logs0/Job9.log"}
[2026-06-09 20:47:14.471 Z] [PROCESS] [cadence.virtuoso.ade.simulationMonitor] - Stay with the runId '8', Linger time '300', currentRunSyn '13', currentTestSyn '14' {"hostname": "il2244vt26_hrahimi", "processid": 3941599, "history": "Interactive.172", "testname": "VT26_TOP_top_tb_TRAN_BIO", "cornername": "C0_34", "point": 35, "logfile": "/home/hrahimi/projects/POTENTIOSTAT_26/logs_hrahimi/logs0/Job9.log"}
[2026-06-09 20:47:15.472 Z] [PROCESS] [cadence.virtuoso.ade.simulationMonitor] - Stay with the runId '8', Linger time '300', currentRunSyn '13', currentTestSyn '14' {"hostname": "il2244vt26_hrahimi", "processid": 3941599, "history": "Interactive.172", "testname": "VT26_TOP_top_tb_TRAN_BIO", "cornername": "C0_34", "point": 35, "logfile": "/home/hrahimi/projects/POTENTIOSTAT_26/logs_hrahimi/logs0/Job9.log"}
[2026-06-09 20:47:16.478 Z] [PROCESS] [cadence.virtuoso.ade.simulationMonitor] - Stay with the runId '8', Linger time '300', currentRunSyn '13', currentTestSyn '14' {"hostname": "il2244vt26_hrahimi", "processid": 3941599, "history": "Interactive.172", "testname": "VT26_TOP_top_tb_TRAN_BIO", "cornername": "C0_34", "point": 35, "logfile": "/home/hrahimi/projects/POTENTIOSTAT_26/logs_hrahimi/logs0/Job9.log"}
[2026-06-09 20:47:17.479 Z] [PROCESS] [cadence.virtuoso.ade.simulationMonitor] - Stay with the runId '8', Linger time '300', currentRunSyn '13', currentTestSyn '14' {"hostname": "il2244vt26_hrahimi", "processid": 3941599, "history": "Interactive.172", "testname": "VT26_TOP_top_tb_TRAN_BIO", "cornername": "C0_34", "point": 35, "logfile": "/home/hrahimi/projects/POTENTIOSTAT_26/logs_hrahimi/logs0/Job9.log"}
[2026-06-09 20:47:18.485 Z] [PROCESS] [cadence.virtuoso.ade.simulationMonitor] - Stay with the runId '8', Linger time '300', currentRunSyn '13', currentTestSyn '14' {"hostname": "il2244vt26_hrahimi", "processid": 3941599, "history": "Interactive.172", "testname": "VT26_TOP_top_tb_TRAN_BIO", "cornername": "C0_34", "point": 35, "logfile": "/home/hrahimi/projects/POTENTIOSTAT_26/logs_hrahimi/logs0/Job9.log"}
[2026-06-09 20:47:19.498 Z] [PROCESS] [cadence.virtuoso.ade.simulationMonitor] - Stay with the runId '8', Linger time '300', currentRunSyn '13', currentTestSyn '14' {"hostname": "il2244vt26_hrahimi", "processid": 3941599, "history": "Interactive.172", "testname": "VT26_TOP_top_tb_TRAN_BIO", "cornername": "C0_34", "point": 35, "logfile": "/home/hrahimi/projects/POTENTIOSTAT_26/logs_hrahimi/logs0/Job9.log"}
[2026-06-09 20:47:20.507 Z] [PROCESS] [cadence.virtuoso.ade.simulationMonitor] - Stay with the runId '8', Linger time '300', currentRunSyn '13', currentTestSyn '14' {"hostname": "il2244vt26_hrahimi", "processid": 3941599, "history": "Interactive.172", "testname": "VT26_TOP_top_tb_TRAN_BIO", "cornername": "C0_34", "point": 35, "logfile": "/home/hrahimi/projects/POTENTIOSTAT_26/logs_hrahimi/logs0/Job9.log"}
[2026-06-09 20:47:21.520 Z] [PROCESS] [cadence.virtuoso.ade.simulationMonitor] - Stay with the runId '8', Linger time '300', currentRunSyn '13', currentTestSyn '14' {"hostname": "il2244vt26_hrahimi", "processid": 3941599, "history": "Interactive.172", "testname": "VT26_TOP_top_tb_TRAN_BIO", "cornername": "C0_34", "point": 35, "logfile": "/home/hrahimi/projects/POTENTIOSTAT_26/logs_hrahimi/logs0/Job9.log"}
[2026-06-09 20:47:22.535 Z] [PROCESS] [cadence.virtuoso.ade.simulationMonitor] - Stay with the runId '8', Linger time '300', currentRunSyn '13', currentTestSyn '14' {"hostname": "il2244vt26_hrahimi", "processid": 3941599, "history": "Interactive.172", "testname": "VT26_TOP_top_tb_TRAN_BIO", "cornername": "C0_34", "point": 35, "logfile": "/home/hrahimi/projects/POTENTIOSTAT_26/logs_hrahimi/logs0/Job9.log"}
[2026-06-09 20:47:23.535 Z] [PROCESS] [cadence.virtuoso.ade.simulationMonitor] - Stay with the runId '8', Linger time '300', currentRunSyn '13', currentTestSyn '14' {"hostname": "il2244vt26_hrahimi", "processid": 3941599, "history": "Interactive.172", "testname": "VT26_TOP_top_tb_TRAN_BIO", "cornername": "C0_34", "point": 35, "logfile": "/home/hrahimi/projects/POTENTIOSTAT_26/logs_hrahimi/logs0/Job9.log"}
[2026-06-09 20:47:24.546 Z] [PROCESS] [cadence.virtuoso.ade.simulationMonitor] - Stay with the runId '8', Linger time '300', currentRunSyn '13', currentTestSyn '14' {"hostname": "il2244vt26_hrahimi", "processid": 3941599, "history": "Interactive.172", "testname": "VT26_TOP_top_tb_TRAN_BIO", "cornername": "C0_34", "point": 35, "logfile": "/home/hrahimi/projects/POTENTIOSTAT_26/logs_hrahimi/logs0/Job9.log"}
[2026-06-09 20:47:25.556 Z] [PROCESS] [cadence.virtuoso.ade.simulationMonitor] - Stay with the runId '8', Linger time '300', currentRunSyn '13', currentTestSyn '14' {"hostname": "il2244vt26_hrahimi", "processid": 3941599, "history": "Interactive.172", "testname": "VT26_TOP_top_tb_TRAN_BIO", "cornername": "C0_34", "point": 35, "logfile": "/home/hrahimi/projects/POTENTIOSTAT_26/logs_hrahimi/logs0/Job9.log"}
[2026-06-09 20:47:26.562 Z] [PROCESS] [cadence.virtuoso.ade.simulationMonitor] - Stay with the runId '8', Linger time '300', currentRunSyn '13', currentTestSyn '14' {"hostname": "il2244vt26_hrahimi", "processid": 3941599, "history": "Interactive.172", "testname": "VT26_TOP_top_tb_TRAN_BIO", "cornername": "C0_34", "point": 35, "logfile": "/home/hrahimi/projects/POTENTIOSTAT_26/logs_hrahimi/logs0/Job9.log"}
[2026-06-09 20:47:27.563 Z] [PROCESS] [cadence.virtuoso.ade.simulationMonitor] - Stay with the runId '8', Linger time '300', currentRunSyn '13', currentTestSyn '14' {"hostname": "il2244vt26_hrahimi", "processid": 3941599, "history": "Interactive.172", "testname": "VT26_TOP_top_tb_TRAN_BIO", "cornername": "C0_34", "point": 35, "logfile": "/home/hrahimi/projects/POTENTIOSTAT_26/logs_hrahimi/logs0/Job9.log"}
[2026-06-09 20:47:28.572 Z] [PROCESS] [cadence.virtuoso.ade.simulationMonitor] - Stay with the runId '8', Linger time '300', currentRunSyn '13', currentTestSyn '14' {"hostname": "il2244vt26_hrahimi", "processid": 3941599, "history": "Interactive.172", "testname": "VT26_TOP_top_tb_TRAN_BIO", "cornername": "C0_34", "point": 35, "logfile": "/home/hrahimi/projects/POTENTIOSTAT_26/logs_hrahimi/logs0/Job9.log"}
[2026-06-09 20:47:29.582 Z] [PROCESS] [cadence.virtuoso.ade.simulationMonitor] - Stay with the runId '8', Linger time '300', currentRunSyn '13', currentTestSyn '14' {"hostname": "il2244vt26_hrahimi", "processid": 3941599, "history": "Interactive.172", "testname": "VT26_TOP_top_tb_TRAN_BIO", "cornername": "C0_34", "point": 35, "logfile": "/home/hrahimi/projects/POTENTIOSTAT_26/logs_hrahimi/logs0/Job9.log"}
[2026-06-09 20:47:30.588 Z] [PROCESS] [cadence.virtuoso.ade.simulationMonitor] - Stay with the runId '8', Linger time '300', currentRunSyn '13', currentTestSyn '14' {"hostname": "il2244vt26_hrahimi", "processid": 3941599, "history": "Interactive.172", "testname": "VT26_TOP_top_tb_TRAN_BIO", "cornername": "C0_34", "point": 35, "logfile": "/home/hrahimi/projects/POTENTIOSTAT_26/logs_hrahimi/logs0/Job9.log"}
[2026-06-09 20:47:31.610 Z] [PROCESS] [cadence.virtuoso.ade.simulationMonitor] - Stay with the runId '8', Linger time '300', currentRunSyn '13', currentTestSyn '14' {"hostname": "il2244vt26_hrahimi", "processid": 3941599, "history": "Interactive.172", "testname": "VT26_TOP_top_tb_TRAN_BIO", "cornername": "C0_34", "point": 35, "logfile": "/home/hrahimi/projects/POTENTIOSTAT_26/logs_hrahimi/logs0/Job9.log"}
[2026-06-09 20:47:32.615 Z] [PROCESS] [cadence.virtuoso.ade.simulationMonitor] - Stay with the runId '8', Linger time '300', currentRunSyn '13', currentTestSyn '14' {"hostname": "il2244vt26_hrahimi", "processid": 3941599, "history": "Interactive.172", "testname": "VT26_TOP_top_tb_TRAN_BIO", "cornername": "C0_34", "point": 35, "logfile": "/home/hrahimi/projects/POTENTIOSTAT_26/logs_hrahimi/logs0/Job9.log"}
[2026-06-09 20:47:33.619 Z] [PROCESS] [cadence.virtuoso.ade.simulationMonitor] - Stay with the runId '8', Linger time '300', currentRunSyn '13', currentTestSyn '14' {"hostname": "il2244vt26_hrahimi", "processid": 3941599, "history": "Interactive.172", "testname": "VT26_TOP_top_tb_TRAN_BIO", "cornername": "C0_34", "point": 35, "logfile": "/home/hrahimi/projects/POTENTIOSTAT_26/logs_hrahimi/logs0/Job9.log"}
[2026-06-09 20:47:34.636 Z] [PROCESS] [cadence.virtuoso.ade.simulationMonitor] - Stay with the runId '8', Linger time '300', currentRunSyn '13', currentTestSyn '14' {"hostname": "il2244vt26_hrahimi", "processid": 3941599, "history": "Interactive.172", "testname": "VT26_TOP_top_tb_TRAN_BIO", "cornername": "C0_34", "point": 35, "logfile": "/home/hrahimi/projects/POTENTIOSTAT_26/logs_hrahimi/logs0/Job9.log"}
[2026-06-09 20:47:35.632 Z] [PROCESS] [cadence.virtuoso.ade.simulationMonitor] - Stay with the runId '8', Linger time '300', currentRunSyn '13', currentTestSyn '14' {"hostname": "il2244vt26_hrahimi", "processid": 3941599, "history": "Interactive.172", "testname": "VT26_TOP_top_tb_TRAN_BIO", "cornername": "C0_34", "point": 35, "logfile": "/home/hrahimi/projects/POTENTIOSTAT_26/logs_hrahimi/logs0/Job9.log"}
[2026-06-09 20:47:36.639 Z] [PROCESS] [cadence.virtuoso.ade.simulationMonitor] - Stay with the runId '8', Linger time '300', currentRunSyn '13', currentTestSyn '14' {"hostname": "il2244vt26_hrahimi", "processid": 3941599, "history": "Interactive.172", "testname": "VT26_TOP_top_tb_TRAN_BIO", "cornername": "C0_34", "point": 35, "logfile": "/home/hrahimi/projects/POTENTIOSTAT_26/logs_hrahimi/logs0/Job9.log"}
[2026-06-09 20:47:37.646 Z] [PROCESS] [cadence.virtuoso.ade.simulationMonitor] - Stay with the runId '8', Linger time '300', currentRunSyn '13', currentTestSyn '14' {"hostname": "il2244vt26_hrahimi", "processid": 3941599, "history": "Interactive.172", "testname": "VT26_TOP_top_tb_TRAN_BIO", "cornername": "C0_34", "point": 35, "logfile": "/home/hrahimi/projects/POTENTIOSTAT_26/logs_hrahimi/logs0/Job9.log"}
[2026-06-09 20:47:38.656 Z] [PROCESS] [cadence.virtuoso.ade.simulationMonitor] - Stay with the runId '8', Linger time '300', currentRunSyn '13', currentTestSyn '14' {"hostname": "il2244vt26_hrahimi", "processid": 3941599, "history": "Interactive.172", "testname": "VT26_TOP_top_tb_TRAN_BIO", "cornername": "C0_34", "point": 35, "logfile": "/home/hrahimi/projects/POTENTIOSTAT_26/logs_hrahimi/logs0/Job9.log"}
[2026-06-09 20:47:39.656 Z] [PROCESS] [cadence.virtuoso.ade.simulationMonitor] - Stay with the runId '8', Linger time '300', currentRunSyn '13', currentTestSyn '14' {"hostname": "il2244vt26_hrahimi", "processid": 3941599, "history": "Interactive.172", "testname": "VT26_TOP_top_tb_TRAN_BIO", "cornername": "C0_34", "point": 35, "logfile": "/home/hrahimi/projects/POTENTIOSTAT_26/logs_hrahimi/logs0/Job9.log"}
[2026-06-09 20:47:40.665 Z] [PROCESS] [cadence.virtuoso.ade.simulationMonitor] - Stay with the runId '8', Linger time '300', currentRunSyn '13', currentTestSyn '14' {"hostname": "il2244vt26_hrahimi", "processid": 3941599, "history": "Interactive.172", "testname": "VT26_TOP_top_tb_TRAN_BIO", "cornername": "C0_34", "point": 35, "logfile": "/home/hrahimi/projects/POTENTIOSTAT_26/logs_hrahimi/logs0/Job9.log"}
[2026-06-09 20:47:41.672 Z] [PROCESS] [cadence.virtuoso.ade.simulationMonitor] - Stay with the runId '8', Linger time '300', currentRunSyn '13', currentTestSyn '14' {"hostname": "il2244vt26_hrahimi", "processid": 3941599, "history": "Interactive.172", "testname": "VT26_TOP_top_tb_TRAN_BIO", "cornername": "C0_34", "point": 35, "logfile": "/home/hrahimi/projects/POTENTIOSTAT_26/logs_hrahimi/logs0/Job9.log"}
[2026-06-09 20:47:42.683 Z] [PROCESS] [cadence.virtuoso.ade.simulationMonitor] - Stay with the runId '8', Linger time '300', currentRunSyn '13', currentTestSyn '14' {"hostname": "il2244vt26_hrahimi", "processid": 3941599, "history": "Interactive.172", "testname": "VT26_TOP_top_tb_TRAN_BIO", "cornername": "C0_34", "point": 35, "logfile": "/home/hrahimi/projects/POTENTIOSTAT_26/logs_hrahimi/logs0/Job9.log"}
[2026-06-09 20:47:43.692 Z] [PROCESS] [cadence.virtuoso.ade.simulationMonitor] - Stay with the runId '8', Linger time '300', currentRunSyn '13', currentTestSyn '14' {"hostname": "il2244vt26_hrahimi", "processid": 3941599, "history": "Interactive.172", "testname": "VT26_TOP_top_tb_TRAN_BIO", "cornername": "C0_34", "point": 35, "logfile": "/home/hrahimi/projects/POTENTIOSTAT_26/logs_hrahimi/logs0/Job9.log"}
[2026-06-09 20:47:44.693 Z] [PROCESS] [cadence.virtuoso.ade.simulationMonitor] - Stay with the runId '8', Linger time '300', currentRunSyn '13', currentTestSyn '14' {"hostname": "il2244vt26_hrahimi", "processid": 3941599, "history": "Interactive.172", "testname": "VT26_TOP_top_tb_TRAN_BIO", "cornername": "C0_34", "point": 35, "logfile": "/home/hrahimi/projects/POTENTIOSTAT_26/logs_hrahimi/logs0/Job9.log"}
[2026-06-09 20:47:45.700 Z] [PROCESS] [cadence.virtuoso.ade.simulationMonitor] - Stay with the runId '8', Linger time '300', currentRunSyn '13', currentTestSyn '14' {"hostname": "il2244vt26_hrahimi", "processid": 3941599, "history": "Interactive.172", "testname": "VT26_TOP_top_tb_TRAN_BIO", "cornername": "C0_34", "point": 35, "logfile": "/home/hrahimi/projects/POTENTIOSTAT_26/logs_hrahimi/logs0/Job9.log"}
[2026-06-09 20:47:46.701 Z] [PROCESS] [cadence.virtuoso.ade.simulationMonitor] - Stay with the runId '8', Linger time '300', currentRunSyn '13', currentTestSyn '14' {"hostname": "il2244vt26_hrahimi", "processid": 3941599, "history": "Interactive.172", "testname": "VT26_TOP_top_tb_TRAN_BIO", "cornername": "C0_34", "point": 35, "logfile": "/home/hrahimi/projects/POTENTIOSTAT_26/logs_hrahimi/logs0/Job9.log"}
[2026-06-09 20:47:47.710 Z] [PROCESS] [cadence.virtuoso.ade.simulationMonitor] - Stay with the runId '8', Linger time '300', currentRunSyn '13', currentTestSyn '14' {"hostname": "il2244vt26_hrahimi", "processid": 3941599, "history": "Interactive.172", "testname": "VT26_TOP_top_tb_TRAN_BIO", "cornername": "C0_34", "point": 35, "logfile": "/home/hrahimi/projects/POTENTIOSTAT_26/logs_hrahimi/logs0/Job9.log"}
[2026-06-09 20:47:48.719 Z] [PROCESS] [cadence.virtuoso.ade.simulationMonitor] - Stay with the runId '8', Linger time '300', currentRunSyn '13', currentTestSyn '14' {"hostname": "il2244vt26_hrahimi", "processid": 3941599, "history": "Interactive.172", "testname": "VT26_TOP_top_tb_TRAN_BIO", "cornername": "C0_34", "point": 35, "logfile": "/home/hrahimi/projects/POTENTIOSTAT_26/logs_hrahimi/logs0/Job9.log"}
[2026-06-09 20:47:49.720 Z] [PROCESS] [cadence.virtuoso.ade.simulationMonitor] - Stay with the runId '8', Linger time '300', currentRunSyn '13', currentTestSyn '14' {"hostname": "il2244vt26_hrahimi", "processid": 3941599, "history": "Interactive.172", "testname": "VT26_TOP_top_tb_TRAN_BIO", "cornername": "C0_34", "point": 35, "logfile": "/home/hrahimi/projects/POTENTIOSTAT_26/logs_hrahimi/logs0/Job9.log"}
[2026-06-09 20:47:50.726 Z] [PROCESS] [cadence.virtuoso.ade.simulationMonitor] - Stay with the runId '8', Linger time '300', currentRunSyn '13', currentTestSyn '14' {"hostname": "il2244vt26_hrahimi", "processid": 3941599, "history": "Interactive.172", "testname": "VT26_TOP_top_tb_TRAN_BIO", "cornername": "C0_34", "point": 35, "logfile": "/home/hrahimi/projects/POTENTIOSTAT_26/logs_hrahimi/logs0/Job9.log"}
[2026-06-09 20:47:51.727 Z] [PROCESS] [cadence.virtuoso.ade.simulationMonitor] - Stay with the runId '8', Linger time '300', currentRunSyn '13', currentTestSyn '14' {"hostname": "il2244vt26_hrahimi", "processid": 3941599, "history": "Interactive.172", "testname": "VT26_TOP_top_tb_TRAN_BIO", "cornername": "C0_34", "point": 35, "logfile": "/home/hrahimi/projects/POTENTIOSTAT_26/logs_hrahimi/logs0/Job9.log"}
[2026-06-09 20:47:52.737 Z] [PROCESS] [cadence.virtuoso.ade.simulationMonitor] - Stay with the runId '8', Linger time '300', currentRunSyn '13', currentTestSyn '14' {"hostname": "il2244vt26_hrahimi", "processid": 3941599, "history": "Interactive.172", "testname": "VT26_TOP_top_tb_TRAN_BIO", "cornername": "C0_34", "point": 35, "logfile": "/home/hrahimi/projects/POTENTIOSTAT_26/logs_hrahimi/logs0/Job9.log"}
[2026-06-09 20:47:53.747 Z] [PROCESS] [cadence.virtuoso.ade.simulationMonitor] - Stay with the runId '8', Linger time '300', currentRunSyn '13', currentTestSyn '14' {"hostname": "il2244vt26_hrahimi", "processid": 3941599, "history": "Interactive.172", "testname": "VT26_TOP_top_tb_TRAN_BIO", "cornername": "C0_34", "point": 35, "logfile": "/home/hrahimi/projects/POTENTIOSTAT_26/logs_hrahimi/logs0/Job9.log"}
[2026-06-09 20:47:54.757 Z] [PROCESS] [cadence.virtuoso.ade.simulationMonitor] - Stay with the runId '8', Linger time '300', currentRunSyn '13', currentTestSyn '14' {"hostname": "il2244vt26_hrahimi", "processid": 3941599, "history": "Interactive.172", "testname": "VT26_TOP_top_tb_TRAN_BIO", "cornername": "C0_34", "point": 35, "logfile": "/home/hrahimi/projects/POTENTIOSTAT_26/logs_hrahimi/logs0/Job9.log"}
[2026-06-09 20:47:55.763 Z] [PROCESS] [cadence.virtuoso.ade.simulationMonitor] - Stay with the runId '8', Linger time '300', currentRunSyn '13', currentTestSyn '14' {"hostname": "il2244vt26_hrahimi", "processid": 3941599, "history": "Interactive.172", "testname": "VT26_TOP_top_tb_TRAN_BIO", "cornername": "C0_34", "point": 35, "logfile": "/home/hrahimi/projects/POTENTIOSTAT_26/logs_hrahimi/logs0/Job9.log"}
[2026-06-09 20:47:56.764 Z] [PROCESS] [cadence.virtuoso.ade.simulationMonitor] - Stay with the runId '8', Linger time '300', currentRunSyn '13', currentTestSyn '14' {"hostname": "il2244vt26_hrahimi", "processid": 3941599, "history": "Interactive.172", "testname": "VT26_TOP_top_tb_TRAN_BIO", "cornername": "C0_34", "point": 35, "logfile": "/home/hrahimi/projects/POTENTIOSTAT_26/logs_hrahimi/logs0/Job9.log"}
[2026-06-09 20:47:57.774 Z] [PROCESS] [cadence.virtuoso.ade.simulationMonitor] - Stay with the runId '8', Linger time '300', currentRunSyn '13', currentTestSyn '14' {"hostname": "il2244vt26_hrahimi", "processid": 3941599, "history": "Interactive.172", "testname": "VT26_TOP_top_tb_TRAN_BIO", "cornername": "C0_34", "point": 35, "logfile": "/home/hrahimi/projects/POTENTIOSTAT_26/logs_hrahimi/logs0/Job9.log"}
[2026-06-09 20:47:58.784 Z] [PROCESS] [cadence.virtuoso.ade.simulationMonitor] - Stay with the runId '8', Linger time '300', currentRunSyn '13', currentTestSyn '14' {"hostname": "il2244vt26_hrahimi", "processid": 3941599, "history": "Interactive.172", "testname": "VT26_TOP_top_tb_TRAN_BIO", "cornername": "C0_34", "point": 35, "logfile": "/home/hrahimi/projects/POTENTIOSTAT_26/logs_hrahimi/logs0/Job9.log"}
[2026-06-09 20:47:59.791 Z] [PROCESS] [cadence.virtuoso.ade.simulationMonitor] - Stay with the runId '8', Linger time '300', currentRunSyn '13', currentTestSyn '14' {"hostname": "il2244vt26_hrahimi", "processid": 3941599, "history": "Interactive.172", "testname": "VT26_TOP_top_tb_TRAN_BIO", "cornername": "C0_34", "point": 35, "logfile": "/home/hrahimi/projects/POTENTIOSTAT_26/logs_hrahimi/logs0/Job9.log"}
[2026-06-09 20:48:00.798 Z] [PROCESS] [cadence.virtuoso.ade.simulationMonitor] - Stay with the runId '8', Linger time '300', currentRunSyn '13', currentTestSyn '14' {"hostname": "il2244vt26_hrahimi", "processid": 3941599, "history": "Interactive.172", "testname": "VT26_TOP_top_tb_TRAN_BIO", "cornername": "C0_34", "point": 35, "logfile": "/home/hrahimi/projects/POTENTIOSTAT_26/logs_hrahimi/logs0/Job9.log"}
[2026-06-09 20:48:01.806 Z] [PROCESS] [cadence.virtuoso.ade.simulationMonitor] - Stay with the runId '8', Linger time '300', currentRunSyn '13', currentTestSyn '14' {"hostname": "il2244vt26_hrahimi", "processid": 3941599, "history": "Interactive.172", "testname": "VT26_TOP_top_tb_TRAN_BIO", "cornername": "C0_34", "point": 35, "logfile": "/home/hrahimi/projects/POTENTIOSTAT_26/logs_hrahimi/logs0/Job9.log"}
[2026-06-09 20:48:02.813 Z] [PROCESS] [cadence.virtuoso.ade.simulationMonitor] - Stay with the runId '8', Linger time '300', currentRunSyn '13', currentTestSyn '14' {"hostname": "il2244vt26_hrahimi", "processid": 3941599, "history": "Interactive.172", "testname": "VT26_TOP_top_tb_TRAN_BIO", "cornername": "C0_34", "point": 35, "logfile": "/home/hrahimi/projects/POTENTIOSTAT_26/logs_hrahimi/logs0/Job9.log"}
[2026-06-09 20:48:03.820 Z] [PROCESS] [cadence.virtuoso.ade.simulationMonitor] - Stay with the runId '8', Linger time '300', currentRunSyn '13', currentTestSyn '14' {"hostname": "il2244vt26_hrahimi", "processid": 3941599, "history": "Interactive.172", "testname": "VT26_TOP_top_tb_TRAN_BIO", "cornername": "C0_34", "point": 35, "logfile": "/home/hrahimi/projects/POTENTIOSTAT_26/logs_hrahimi/logs0/Job9.log"}
[2026-06-09 20:48:04.826 Z] [PROCESS] [cadence.virtuoso.ade.simulationMonitor] - Stay with the runId '8', Linger time '300', currentRunSyn '13', currentTestSyn '14' {"hostname": "il2244vt26_hrahimi", "processid": 3941599, "history": "Interactive.172", "testname": "VT26_TOP_top_tb_TRAN_BIO", "cornername": "C0_34", "point": 35, "logfile": "/home/hrahimi/projects/POTENTIOSTAT_26/logs_hrahimi/logs0/Job9.log"}
[2026-06-09 20:48:05.828 Z] [PROCESS] [cadence.virtuoso.ade.simulationMonitor] - Stay with the runId '8', Linger time '300', currentRunSyn '13', currentTestSyn '14' {"hostname": "il2244vt26_hrahimi", "processid": 3941599, "history": "Interactive.172", "testname": "VT26_TOP_top_tb_TRAN_BIO", "cornername": "C0_34", "point": 35, "logfile": "/home/hrahimi/projects/POTENTIOSTAT_26/logs_hrahimi/logs0/Job9.log"}
[2026-06-09 20:48:06.829 Z] [PROCESS] [cadence.virtuoso.ade.simulationMonitor] - Stay with the runId '8', Linger time '300', currentRunSyn '13', currentTestSyn '14' {"hostname": "il2244vt26_hrahimi", "processid": 3941599, "history": "Interactive.172", "testname": "VT26_TOP_top_tb_TRAN_BIO", "cornername": "C0_34", "point": 35, "logfile": "/home/hrahimi/projects/POTENTIOSTAT_26/logs_hrahimi/logs0/Job9.log"}
[2026-06-09 20:48:07.829 Z] [PROCESS] [cadence.virtuoso.ade.simulationMonitor] - Current memory used: 52.7344 MBytes, peak memory used: 52.7344 MBytes {"hostname": "il2244vt26_hrahimi", "processid": 3941599, "history": "Interactive.172", "testname": "VT26_TOP_top_tb_TRAN_BIO", "cornername": "C0_34", "point": 35, "logfile": "/home/hrahimi/projects/POTENTIOSTAT_26/logs_hrahimi/logs0/Job9.log"}
[2026-06-09 20:48:07.830 Z] [PROCESS] [cadence.virtuoso.ade.simulationMonitor] - Simulation Monitor process exit. {"hostname": "il2244vt26_hrahimi", "processid": 3941599, "history": "Interactive.172", "testname": "VT26_TOP_top_tb_TRAN_BIO", "cornername": "C0_34", "point": 35, "logfile": "/home/hrahimi/projects/POTENTIOSTAT_26/logs_hrahimi/logs0/Job9.log"}
