[Simulation Monitor: 96]
[2026-05-27 13:20:47.659 Z] [PROCESS] [cadence.virtuoso.ade.simulationMonitor] - Simulation Monitor has successfully started up. Trying to set up communication channels to other components ... {"hostname": "il2244vt26_hrahimi", "processid": 386525, "logfile": "/home/hrahimi/projects/POTENTIOSTAT_26/logs_hrahimi/logs0/Job96.log"}
[2026-05-27 13:20:47.661 Z] [PROCESS] [cadence.virtuoso.ade.simulationMonitor] - Communication channels have been successfully set up. Start processing events ... {"hostname": "il2244vt26_hrahimi", "processid": 386525, "logfile": "/home/hrahimi/projects/POTENTIOSTAT_26/logs_hrahimi/logs0/Job96.log"}
[2026-05-27 13:20:47.661 Z] [PROCESS] [cadence.virtuoso.ade.simulationMonitor] - Considering to start history {"hostname": "il2244vt26_hrahimi", "processid": 386525, "history": "Interactive.23", "logfile": "/home/hrahimi/projects/POTENTIOSTAT_26/logs_hrahimi/logs0/Job96.log"}
[2026-05-27 13:20:47.669 Z] [PROCESS] [cadence.virtuoso.ade.simulationMonitor] - HostInfo:
Host name (type):	il2244vt26_hrahimi (x86_64)
Operating system:	Linux 5.15.0-164-generic #174-Ubuntu SMP Fri Nov 14 20:25:16 UTC 2025 {"hostname": "il2244vt26_hrahimi", "processid": 386525, "history": "Interactive.23", "logfile": "/home/hrahimi/projects/POTENTIOSTAT_26/logs_hrahimi/logs0/Job96.log", "nodename": "il2244vt26_hrahimi", "domainname": "(none)", "machine": "x86_64", "sysname": "Linux", "release": "5.15.0-164-generic", "version": "#174-Ubuntu SMP Fri Nov 14 20:25:16 UTC 2025"}
[2026-05-27 13:20:47.669 Z] [PROCESS] [cadence.virtuoso.ade.simulationMonitor] - UsageInfo:
pid=386525
totalPhysicalMemory=3023.749672GB,Used=1955.015270GB,totalVirtualMemory=3031.749668GB,Used=1955.042614GB
Cpu: Cores=48, Load average:38.770000,45.820000,41.980000 {"hostname": "il2244vt26_hrahimi", "processid": 386525, "history": "Interactive.23", "logfile": "/home/hrahimi/projects/POTENTIOSTAT_26/logs_hrahimi/logs0/Job96.log", "pid": "386525", "totalPhysicalMemory": "3023.749672", "physicalMemoryUsed": "1955.015270", "totalVirtualMemory": "3031.749668", "virtualMemoryUsed": "1955.042614", "cpuCores": "48", "processes": "29780", "loadAverage1": "38.770000", "loadAverage5": "45.820000", "loadAverage15": "41.980000", "loadAverage1Percent": "0.807708"}
[2026-05-27 13:20:47.672 Z] [EVENT] [cadence.virtuoso.ade.simulationMonitor] - NewPoint {"history": "Interactive.23", "point": 1, "testname": "DC", "cornername": "Nominal", "event": "NewPoint", "EventSource": "Simulation Monitor", "HistoryName": "Interactive.23", "logFile": "/home/hrahimi/projects/POTENTIOSTAT_26/logs_hrahimi/logs0/Job96.log", "logFileSize": "2278"}
[2026-05-27 13:20:47.775 Z] [EVENT] [cadence.virtuoso.ade.simulationMonitor] - NewPoint {"history": "Interactive.23", "point": 1, "testname": "DC", "cornername": "Nominal", "event": "NewPoint", "EventSource": "spectre", "HistoryName": "Interactive.23", "logFile": "/home/hrahimi/projects/POTENTIOSTAT_26/Sim/FBIAS/fbias_bias_tb/maestro/results/maestro/Interactive.23/1/DC/psf/spectre.out", "logFileSize": "-1"}
[2026-05-27 13:20:47.809 Z] [PROCESS] [cadence.virtuoso.ade.simulationMonitor] - Simulator launched {"hostname": "il2244vt26_hrahimi", "processid": 386525, "history": "Interactive.23", "testname": "DC", "cornername": "Nominal", "point": 1, "logfile": "/home/hrahimi/projects/POTENTIOSTAT_26/logs_hrahimi/logs0/Job96.log", "simid": "1"}
[2026-05-27 13:20:47.828 Z] [PROCESS] [cadence.virtuoso.ade.simulationMonitor] - Expression evaluator launched {"hostname": "il2244vt26_hrahimi", "processid": 386525, "history": "Interactive.23", "testname": "DC", "cornername": "Nominal", "point": 1, "logfile": "/home/hrahimi/projects/POTENTIOSTAT_26/logs_hrahimi/logs0/Job96.log"}
[2026-05-27 13:20:47.948 Z] [PROCESS] [cadence.virtuoso.ade.simulationMonitor] - Started Simulation {"hostname": "il2244vt26_hrahimi", "processid": 386525, "history": "Interactive.23", "testname": "DC", "cornername": "Nominal", "point": 1, "logfile": "/home/hrahimi/projects/POTENTIOSTAT_26/logs_hrahimi/logs0/Job96.log", "event": "started", "task": "simulation"}
[2026-05-27 13:20:48.954 Z] [WARN] [cadence.virtuoso.ade.simulationMonitor] -     WARNING (SPECTRE-691): This CPU processor does not support x86 advanced vector extensions instructions. This may affect math operations and slow down the simulation. {"history": "Interactive.23", "point": 1, "testname": "DC", "cornername": "Nominal"}
[2026-05-27 13:20:48.955 Z] [INFO] [cadence.virtuoso.ade.simulationMonitor] - Notice from spectre during circuit read-in.
    Pre_Configuration file used: /opt/tools/cadence/installs/SPECTRE241/tools.lnx86/spectre/etc/configs/preset.precfg
    Configuration file used: `/opt/tools/cadence/installs/SPECTRE241/tools.lnx86/spectre/etc/configs/preset.cfg'. {"history": "Interactive.23", "point": 1, "testname": "DC", "cornername": "Nominal"}
[2026-05-27 13:20:48.955 Z] [WARN] [cadence.virtuoso.ade.simulationMonitor] -     WARNING (SPECTRE-8360): line 1511: `ac' is an undefined primitive device. {"history": "Interactive.23", "point": 1, "testname": "DC", "cornername": "Nominal"}
[2026-05-27 13:20:48.955 Z] [WARN] [cadence.virtuoso.ade.simulationMonitor] -     WARNING (SPECTRE-8360): line 1512: `ac' is an undefined primitive device. {"history": "Interactive.23", "point": 1, "testname": "DC", "cornername": "Nominal"}
[2026-05-27 13:20:48.955 Z] [WARN] [cadence.virtuoso.ade.simulationMonitor] -     WARNING (SPECTRE-8360): line 1513: `ac' is an undefined primitive device. {"history": "Interactive.23", "point": 1, "testname": "DC", "cornername": "Nominal"}
[2026-05-27 13:20:48.956 Z] [WARN] [cadence.virtuoso.ade.simulationMonitor] -     WARNING (SPECTRE-8360): line 1514: `ac' is an undefined primitive device. {"history": "Interactive.23", "point": 1, "testname": "DC", "cornername": "Nominal"}
[2026-05-27 13:20:48.956 Z] [WARN] [cadence.virtuoso.ade.simulationMonitor] -     WARNING (SPECTRE-8360): line 1515: `ac' is an undefined primitive device.
        Further occurrences of this warning will be suppressed. {"history": "Interactive.23", "point": 1, "testname": "DC", "cornername": "Nominal"}
[2026-05-27 13:20:48.956 Z] [WARN] [cadence.virtuoso.ade.simulationMonitor] -     WARNING (VACOMP-2435): The environment variable CDS_AHDLCMI_ENABLE is no longer supported. Therefore, the simulator will use the default compiled C code flow. {"history": "Interactive.23", "point": 1, "testname": "DC", "cornername": "Nominal"}
[2026-05-27 13:20:49.456 Z] [INFO] [cadence.virtuoso.ade.simulationMonitor] - Peak resident memory used = 201 Mbytes. {"history": "Interactive.23", "point": 1, "testname": "DC", "cornername": "Nominal"}
[2026-05-27 13:20:49.958 Z] [ERROR] [cadence.virtuoso.ade.simulationMonitor] -     ERROR (SFE-23): "input.scs" 239: The instance `I2' is referencing an undefined model or subcircuit, `subcircuit'. Either include the file containing the definition of `subcircuit', or define `subcircuit' before running the simulation. {"history": "Interactive.23", "point": 1, "testname": "DC", "cornername": "Nominal"}
[2026-05-27 13:20:49.963 Z] [ERROR] [cadence.virtuoso.ade.simulationMonitor] -     ERROR (SFE-23): "input.scs" 240: The instance `I1' is referencing an undefined model or subcircuit, `subcircuit'. Either include the file containing the definition of `subcircuit', or define `subcircuit' before running the simulation. {"history": "Interactive.23", "point": 1, "testname": "DC", "cornername": "Nominal"}
[2026-05-27 13:20:49.963 Z] [WARN] [cadence.virtuoso.ade.simulationMonitor] -     WARNING (SFE-2649): Terminals of top-level instance `R50', in file`input.scs', at line 718, are connected. Remove the instance and rerun the simulation. {"history": "Interactive.23", "point": 1, "testname": "DC", "cornername": "Nominal"}
[2026-05-27 13:20:49.963 Z] [WARN] [cadence.virtuoso.ade.simulationMonitor] -     WARNING (SFE-2649): Terminals of top-level instance `R48', in file`input.scs', at line 760, are connected. Remove the instance and rerun the simulation. {"history": "Interactive.23", "point": 1, "testname": "DC", "cornername": "Nominal"}
[2026-05-27 13:20:49.964 Z] [INFO] [cadence.virtuoso.ade.simulationMonitor] - Peak resident memory used = 210 Mbytes. {"history": "Interactive.23", "point": 1, "testname": "DC", "cornername": "Nominal"}
[2026-05-27 13:20:49.964 Z] [INFO] [cadence.virtuoso.ade.simulationMonitor] - Time used: CPU = 733 ms, elapsed = 1.41 s, util. = 51.9%. {"history": "Interactive.23", "point": 1, "testname": "DC", "cornername": "Nominal"}
[2026-05-27 13:20:49.964 Z] [INFO] [cadence.virtuoso.ade.simulationMonitor] - Time spent in licensing: elapsed = 72.2 ms, percentage of total = 5.12%. {"history": "Interactive.23", "point": 1, "testname": "DC", "cornername": "Nominal"}
[2026-05-27 13:20:49.978 Z] [INFO] [cadence.virtuoso.ade.simulationMonitor] - Peak memory used = 210 Mbytes. {"history": "Interactive.23", "point": 1, "testname": "DC", "cornername": "Nominal"}
[2026-05-27 13:20:49.992 Z] [PROCESS] [cadence.virtuoso.ade.simulationMonitor] - Simulation started at: 1:20:48 PM, Wed May 27, 2026, ended at: 1:20:49 PM, Wed May 27, 2026, with elapsed time (wall clock): 1.41 s. {"history": "Interactive.23", "point": 1, "testname": "DC", "cornername": "Nominal"}
[2026-05-27 13:20:49.992 Z] [PROCESS] [cadence.virtuoso.ade.simulationMonitor] - spectre completes with 2 errors, 79 warnings, and 2 notices. {"history": "Interactive.23", "point": 1, "testname": "DC", "cornername": "Nominal"}
[2026-05-27 13:20:49.992 Z] [FATAL] [cadence.virtuoso.ade.simulationMonitor] - spectre terminated prematurely due to fatal error. {"history": "Interactive.23", "point": 1, "testname": "DC", "cornername": "Nominal"}
[2026-05-27 13:20:49.992 Z] [PROCESS] [cadence.virtuoso.ade.simulationMonitor] - Finished simulating for one point {"hostname": "il2244vt26_hrahimi", "processid": 386525, "history": "Interactive.23", "testname": "DC", "cornername": "Nominal", "point": 1, "logfile": "/home/hrahimi/projects/POTENTIOSTAT_26/logs_hrahimi/logs0/Job96.log", "simid": "1"}
[2026-05-27 13:20:49.993 Z] [ERROR] [cadence.virtuoso.ade.simulationMonitor] - While simulating run Interactive.23, point 1, test DC, received error:
Simulation Error:
 The simulator process returned a non-zero exit code, indicating failure.
The simulator could have crashed or intentionally returned to indicate an error.
Check the simulator log file for more information.  Common causes:
1. Simulator may have crashed during exit even after reporting success in log file.
2. Abrupt automatic simulator termination (e.g., SIGKILL) because the simulator process has
   exceeded resource lim... {"history": "Interactive.23", "point": 1, "testname": "DC", "cornername": "Nominal"}
[2026-05-27 13:20:49.994 Z] [PROCESS] [cadence.virtuoso.ade.simulationMonitor] - Finished Simulation {"hostname": "il2244vt26_hrahimi", "processid": 386525, "history": "Interactive.23", "testname": "DC", "cornername": "Nominal", "point": 1, "logfile": "/home/hrahimi/projects/POTENTIOSTAT_26/logs_hrahimi/logs0/Job96.log", "simid": "1"}
[2026-05-27 13:20:51.001 Z] [PROCESS] [cadence.virtuoso.ade.simulationMonitor] - Stay with the runId '0', Linger time '300', currentRunSyn '1', currentTestSyn '2' {"hostname": "il2244vt26_hrahimi", "processid": 386525, "history": "Interactive.23", "testname": "DC", "cornername": "Nominal", "point": 1, "logfile": "/home/hrahimi/projects/POTENTIOSTAT_26/logs_hrahimi/logs0/Job96.log"}
[2026-05-27 13:21:14.522 Z] [PROCESS] [cadence.virtuoso.ade.simulationMonitor] - Started History {"hostname": "il2244vt26_hrahimi", "processid": 386525, "history": "Interactive.24", "testname": "DC", "cornername": "Nominal", "point": 1, "logfile": "/home/hrahimi/projects/POTENTIOSTAT_26/logs_hrahimi/logs0/Job96.log"}
[2026-05-27 13:21:14.523 Z] [PROCESS] [cadence.virtuoso.ade.simulationMonitor] - HostInfo:
Host name (type):	il2244vt26_hrahimi (x86_64)
Operating system:	Linux 5.15.0-164-generic #174-Ubuntu SMP Fri Nov 14 20:25:16 UTC 2025 {"hostname": "il2244vt26_hrahimi", "processid": 386525, "history": "Interactive.24", "testname": "DC", "cornername": "Nominal", "point": 1, "logfile": "/home/hrahimi/projects/POTENTIOSTAT_26/logs_hrahimi/logs0/Job96.log", "nodename": "il2244vt26_hrahimi", "domainname": "(none)", "machine": "x86_64", "sysname": "Linux", "release": "5.15.0-164-generic", "version": "#174-Ubuntu SMP Fri Nov 14 20:25:16 UTC 2025"}
[2026-05-27 13:21:14.524 Z] [PROCESS] [cadence.virtuoso.ade.simulationMonitor] - UsageInfo:
pid=386525
totalPhysicalMemory=3023.749672GB,Used=1954.811756GB,totalVirtualMemory=3031.749668GB,Used=1954.839100GB
Cpu: Cores=48, Load average:40.490000,45.710000,42.050000 {"hostname": "il2244vt26_hrahimi", "processid": 386525, "history": "Interactive.24", "testname": "DC", "cornername": "Nominal", "point": 1, "logfile": "/home/hrahimi/projects/POTENTIOSTAT_26/logs_hrahimi/logs0/Job96.log", "pid": "386525", "totalPhysicalMemory": "3023.749672", "physicalMemoryUsed": "1954.811756", "totalVirtualMemory": "3031.749668", "virtualMemoryUsed": "1954.839100", "cpuCores": "48", "processes": "29800", "loadAverage1": "40.490000", "loadAverage5": "45.710000", "loadAverage15": "42.050000", "loadAverage1Percent": "0.843542"}
[2026-05-27 13:21:14.526 Z] [EVENT] [cadence.virtuoso.ade.simulationMonitor] - NewPoint {"history": "Interactive.24", "point": 1, "testname": "DC", "cornername": "Nominal", "event": "NewPoint", "EventSource": "Simulation Monitor", "HistoryName": "Interactive.24", "logFile": "/home/hrahimi/projects/POTENTIOSTAT_26/logs_hrahimi/logs0/Job96.log", "logFileSize": "13227"}
[2026-05-27 13:21:14.631 Z] [EVENT] [cadence.virtuoso.ade.simulationMonitor] - NewPoint {"history": "Interactive.24", "point": 1, "testname": "DC", "cornername": "Nominal", "event": "NewPoint", "EventSource": "spectre", "HistoryName": "Interactive.24", "logFile": "/home/hrahimi/projects/POTENTIOSTAT_26/Sim/FBIAS/fbias_bias_tb/maestro/results/maestro/Interactive.24/1/DC/psf/spectre.out", "logFileSize": "-1"}
[2026-05-27 13:21:14.653 Z] [PROCESS] [cadence.virtuoso.ade.simulationMonitor] - Simulator launched {"hostname": "il2244vt26_hrahimi", "processid": 386525, "history": "Interactive.24", "testname": "DC", "cornername": "Nominal", "point": 1, "logfile": "/home/hrahimi/projects/POTENTIOSTAT_26/logs_hrahimi/logs0/Job96.log", "simid": "2"}
[2026-05-27 13:21:14.658 Z] [PROCESS] [cadence.virtuoso.ade.simulationMonitor] - Expression evaluator launched {"hostname": "il2244vt26_hrahimi", "processid": 386525, "history": "Interactive.24", "testname": "DC", "cornername": "Nominal", "point": 1, "logfile": "/home/hrahimi/projects/POTENTIOSTAT_26/logs_hrahimi/logs0/Job96.log"}
[2026-05-27 13:21:14.775 Z] [PROCESS] [cadence.virtuoso.ade.simulationMonitor] - Started Simulation {"hostname": "il2244vt26_hrahimi", "processid": 386525, "history": "Interactive.24", "testname": "DC", "cornername": "Nominal", "point": 1, "logfile": "/home/hrahimi/projects/POTENTIOSTAT_26/logs_hrahimi/logs0/Job96.log", "event": "started", "task": "simulation"}
[2026-05-27 13:21:15.776 Z] [WARN] [cadence.virtuoso.ade.simulationMonitor] -     WARNING (SPECTRE-691): This CPU processor does not support x86 advanced vector extensions instructions. This may affect math operations and slow down the simulation. {"history": "Interactive.24", "point": 1, "testname": "DC", "cornername": "Nominal"}
[2026-05-27 13:21:15.778 Z] [INFO] [cadence.virtuoso.ade.simulationMonitor] - Notice from spectre during circuit read-in.
    Pre_Configuration file used: /opt/tools/cadence/installs/SPECTRE241/tools.lnx86/spectre/etc/configs/preset.precfg
    Configuration file used: `/opt/tools/cadence/installs/SPECTRE241/tools.lnx86/spectre/etc/configs/preset.cfg'. {"history": "Interactive.24", "point": 1, "testname": "DC", "cornername": "Nominal"}
[2026-05-27 13:21:15.783 Z] [WARN] [cadence.virtuoso.ade.simulationMonitor] -     WARNING (SPECTRE-8360): line 1511: `ac' is an undefined primitive device. {"history": "Interactive.24", "point": 1, "testname": "DC", "cornername": "Nominal"}
[2026-05-27 13:21:15.783 Z] [WARN] [cadence.virtuoso.ade.simulationMonitor] -     WARNING (SPECTRE-8360): line 1512: `ac' is an undefined primitive device. {"history": "Interactive.24", "point": 1, "testname": "DC", "cornername": "Nominal"}
[2026-05-27 13:21:15.784 Z] [WARN] [cadence.virtuoso.ade.simulationMonitor] -     WARNING (SPECTRE-8360): line 1513: `ac' is an undefined primitive device. {"history": "Interactive.24", "point": 1, "testname": "DC", "cornername": "Nominal"}
[2026-05-27 13:21:15.784 Z] [WARN] [cadence.virtuoso.ade.simulationMonitor] -     WARNING (SPECTRE-8360): line 1514: `ac' is an undefined primitive device. {"history": "Interactive.24", "point": 1, "testname": "DC", "cornername": "Nominal"}
[2026-05-27 13:21:15.784 Z] [WARN] [cadence.virtuoso.ade.simulationMonitor] -     WARNING (SPECTRE-8360): line 1515: `ac' is an undefined primitive device.
        Further occurrences of this warning will be suppressed. {"history": "Interactive.24", "point": 1, "testname": "DC", "cornername": "Nominal"}
[2026-05-27 13:21:15.784 Z] [WARN] [cadence.virtuoso.ade.simulationMonitor] -     WARNING (VACOMP-2435): The environment variable CDS_AHDLCMI_ENABLE is no longer supported. Therefore, the simulator will use the default compiled C code flow. {"history": "Interactive.24", "point": 1, "testname": "DC", "cornername": "Nominal"}
[2026-05-27 13:21:15.785 Z] [INFO] [cadence.virtuoso.ade.simulationMonitor] - Peak resident memory used = 201 Mbytes. {"history": "Interactive.24", "point": 1, "testname": "DC", "cornername": "Nominal"}
[2026-05-27 13:21:16.785 Z] [WARN] [cadence.virtuoso.ade.simulationMonitor] -     WARNING (SFE-2649): Terminals of top-level instance `R50', in file`input.scs', at line 744, are connected. Remove the instance and rerun the simulation. {"history": "Interactive.24", "point": 1, "testname": "DC", "cornername": "Nominal"}
[2026-05-27 13:21:16.786 Z] [WARN] [cadence.virtuoso.ade.simulationMonitor] -     WARNING (SFE-2649): Terminals of top-level instance `R48', in file`input.scs', at line 786, are connected. Remove the instance and rerun the simulation. {"history": "Interactive.24", "point": 1, "testname": "DC", "cornername": "Nominal"}
[2026-05-27 13:21:16.786 Z] [WARN] [cadence.virtuoso.ade.simulationMonitor] -     WARNING (SFE-3014): The floating device I0.I2.Q3<0>_turbo_m31 is removed. {"history": "Interactive.24", "point": 1, "testname": "DC", "cornername": "Nominal"}
[2026-05-27 13:21:16.786 Z] [WARN] [cadence.virtuoso.ade.simulationMonitor] -     WARNING (SFE-3014): The floating device I0.I3.MN5<0>_turbo_m4 is removed. {"history": "Interactive.24", "point": 1, "testname": "DC", "cornername": "Nominal"}
[2026-05-27 13:21:16.787 Z] [WARN] [cadence.virtuoso.ade.simulationMonitor] -     WARNING (SFE-3014): The floating device I0.I4.MN5<0>_turbo_m4 is removed. {"history": "Interactive.24", "point": 1, "testname": "DC", "cornername": "Nominal"}
[2026-05-27 13:21:16.787 Z] [WARN] [cadence.virtuoso.ade.simulationMonitor] -     WARNING (SFE-3012): The dummy device I0.I2.MP10<0>_turbo_m4 is removed. {"history": "Interactive.24", "point": 1, "testname": "DC", "cornername": "Nominal"}
[2026-05-27 13:21:16.787 Z] [WARN] [cadence.virtuoso.ade.simulationMonitor] -     WARNING (SFE-3031): The floating capacitor I0.I4.R31.CS1 is removed. {"history": "Interactive.24", "point": 1, "testname": "DC", "cornername": "Nominal"}
[2026-05-27 13:21:16.788 Z] [WARN] [cadence.virtuoso.ade.simulationMonitor] -     WARNING (SFE-3012): The dummy device I0.I2.MP12<0>_turbo_m34 is removed. {"history": "Interactive.24", "point": 1, "testname": "DC", "cornername": "Nominal"}
[2026-05-27 13:21:16.788 Z] [WARN] [cadence.virtuoso.ade.simulationMonitor] -     WARNING (SFE-3012): The dummy device I0.I2.MP9<0>_turbo_m4 is removed. {"history": "Interactive.24", "point": 1, "testname": "DC", "cornername": "Nominal"}
[2026-05-27 13:21:16.788 Z] [WARN] [cadence.virtuoso.ade.simulationMonitor] -     WARNING (SFE-3031): The floating capacitor I0.I1.R2.CS1 is removed. {"history": "Interactive.24", "point": 1, "testname": "DC", "cornername": "Nominal"}
[2026-05-27 13:21:16.788 Z] [WARN] [cadence.virtuoso.ade.simulationMonitor] -     WARNING (SFE-3031): The floating capacitor I0.I0.R3.CS1 is removed. {"history": "Interactive.24", "point": 1, "testname": "DC", "cornername": "Nominal"}
[2026-05-27 13:21:16.789 Z] [INFO] [cadence.virtuoso.ade.simulationMonitor] - Peak resident memory used = 210 Mbytes. {"history": "Interactive.24", "point": 1, "testname": "DC", "cornername": "Nominal"}
[2026-05-27 13:21:16.789 Z] [INFO] [cadence.virtuoso.ade.simulationMonitor] - Notice from spectre during hierarchy flattening.
    The value 'psf' specified for the 'checklimitdest' option will no longer be supported in future releases. Use 'spectre -h' to see other recommended values for the 'checklimitdest' option.
    I0.I0.R4.CS0 of rpolyhc: `c' has the unusually small value of 3.47321e-21 F.
    I0.I0.R4.CS1 of rpolyhc: `c' has the unusually small value of 3.47321e-21 F.
    I0.I0.R3.CS0 of rpolyhc: `c' has the unusually small value of 368.192e-21 F.
    I0.I2.Q0.bjtinsub: `min... {"history": "Interactive.24", "point": 1, "testname": "DC", "cornername": "Nominal"}
[2026-05-27 13:21:16.789 Z] [INFO] [cadence.virtuoso.ade.simulationMonitor] - Notice from spectre during hierarchy flattening.
    V1: `width' has the unusually large value of 9 s. {"history": "Interactive.24", "point": 1, "testname": "DC", "cornername": "Nominal"}
[2026-05-27 13:21:16.790 Z] [INFO] [cadence.virtuoso.ade.simulationMonitor] - Peak resident memory used = 212 Mbytes. {"history": "Interactive.24", "point": 1, "testname": "DC", "cornername": "Nominal"}
[2026-05-27 13:21:16.790 Z] [WARN] [cadence.virtuoso.ade.simulationMonitor] -     WARNING (CMI-2210): V1: Period is smaller than rise+width+fall. It is reset to rise+width+fall. {"history": "Interactive.24", "point": 1, "testname": "DC", "cornername": "Nominal"}
[2026-05-27 13:21:16.790 Z] [WARN] [cadence.virtuoso.ade.simulationMonitor] -     WARNING (CMI-2425): I0.I3.C1<0>_turbo_m6: `Acde' = 2.393 is unusually large. {"history": "Interactive.24", "point": 1, "testname": "DC", "cornername": "Nominal"}
[2026-05-27 13:21:16.791 Z] [WARN] [cadence.virtuoso.ade.simulationMonitor] -     WARNING (CMI-2425): I0.I3.C1<0>_turbo_m6: `Noff' = 4.732 is unusually large. {"history": "Interactive.24", "point": 1, "testname": "DC", "cornername": "Nominal"}
[2026-05-27 13:21:16.792 Z] [WARN] [cadence.virtuoso.ade.simulationMonitor] -     WARNING (CMI-2424): I0.I3.C1<0>_turbo_m6: `Voffcv' = -867.4e-03 is unusually small. {"history": "Interactive.24", "point": 1, "testname": "DC", "cornername": "Nominal"}
[2026-05-27 13:21:16.792 Z] [WARN] [cadence.virtuoso.ade.simulationMonitor] -     WARNING (CMI-2425): I0.I4.C1<0>_turbo_m11: `Acde' = 2.393 is unusually large. {"history": "Interactive.24", "point": 1, "testname": "DC", "cornername": "Nominal"}
[2026-05-27 13:21:16.792 Z] [WARN] [cadence.virtuoso.ade.simulationMonitor] -     WARNING (CMI-2425): I0.I4.C1<0>_turbo_m11: `Noff' = 4.732 is unusually large. {"history": "Interactive.24", "point": 1, "testname": "DC", "cornername": "Nominal"}
[2026-05-27 13:21:16.793 Z] [WARN] [cadence.virtuoso.ade.simulationMonitor] -     WARNING (CMI-2424): I0.I4.C1<0>_turbo_m11: `Voffcv' = -867.4e-03 is unusually small. {"history": "Interactive.24", "point": 1, "testname": "DC", "cornername": "Nominal"}
[2026-05-27 13:21:16.793 Z] [WARN] [cadence.virtuoso.ade.simulationMonitor] -     WARNING (CMI-2425): I0.I0.C0<0>_turbo_m6: `Acde' = 2.393 is unusually large.
        Further occurrences of this warning will be suppressed. {"history": "Interactive.24", "point": 1, "testname": "DC", "cornername": "Nominal"}
[2026-05-27 13:21:16.793 Z] [WARN] [cadence.virtuoso.ade.simulationMonitor] -     WARNING (CMI-2424): I0.I0.C0<0>_turbo_m6: `Voffcv' = -867.4e-03 is unusually small. {"history": "Interactive.24", "point": 1, "testname": "DC", "cornername": "Nominal"}
[2026-05-27 13:21:16.794 Z] [WARN] [cadence.virtuoso.ade.simulationMonitor] -     WARNING (CMI-2424): I0.I0.C2: `Voffcv' = -867.4e-03 is unusually small. {"history": "Interactive.24", "point": 1, "testname": "DC", "cornername": "Nominal"}
[2026-05-27 13:21:16.794 Z] [WARN] [cadence.virtuoso.ade.simulationMonitor] -     WARNING (CMI-2424): I0.I0.C1: `Voffcv' = -867.4e-03 is unusually small.
        Further occurrences of this warning will be suppressed. {"history": "Interactive.24", "point": 1, "testname": "DC", "cornername": "Nominal"}
[2026-05-27 13:21:16.794 Z] [WARN] [cadence.virtuoso.ade.simulationMonitor] -     WARNING (SPECTRE-17607): Assert `SOAC_vert10_vsubpsub' is ignored because it contains an expression which is invalid or not supported by native evaluator.  {"history": "Interactive.24", "point": 1, "testname": "DC", "cornername": "Nominal"}
[2026-05-27 13:21:16.795 Z] [WARN] [cadence.virtuoso.ade.simulationMonitor] -     WARNING (SPECTRE-17607): Assert `SOAC_vert10_vcsub' is ignored because it contains an expression which is invalid or not supported by native evaluator.  {"history": "Interactive.24", "point": 1, "testname": "DC", "cornername": "Nominal"}
[2026-05-27 13:21:16.795 Z] [WARN] [cadence.virtuoso.ade.simulationMonitor] -     WARNING (SPECTRE-16460): SOAC_cvarm_vspsub:Specified subcircuit master `cvarm' was not found. {"history": "Interactive.24", "point": 1, "testname": "DC", "cornername": "Nominal"}
[2026-05-27 13:21:16.795 Z] [WARN] [cadence.virtuoso.ade.simulationMonitor] -     WARNING (SPECTRE-16462): SOAC_cvarm_vspsub:Error in specification of subcircuit master. Assert is ignored. {"history": "Interactive.24", "point": 1, "testname": "DC", "cornername": "Nominal"}
[2026-05-27 13:21:16.795 Z] [WARN] [cadence.virtuoso.ade.simulationMonitor] -     WARNING (SPECTRE-16460): SOAC_cvarm_vbs:Specified subcircuit master `cvarm' was not found. {"history": "Interactive.24", "point": 1, "testname": "DC", "cornername": "Nominal"}
[2026-05-27 13:21:16.796 Z] [WARN] [cadence.virtuoso.ade.simulationMonitor] -     WARNING (SPECTRE-16462): SOAC_cvarm_vbs:Error in specification of subcircuit master. Assert is ignored. {"history": "Interactive.24", "point": 1, "testname": "DC", "cornername": "Nominal"}
[2026-05-27 13:21:16.796 Z] [WARN] [cadence.virtuoso.ade.simulationMonitor] -     WARNING (SPECTRE-16460): SOAC_cvarm_vgb:Specified subcircuit master `cvarm' was not found. {"history": "Interactive.24", "point": 1, "testname": "DC", "cornername": "Nominal"}
[2026-05-27 13:21:16.796 Z] [WARN] [cadence.virtuoso.ade.simulationMonitor] -     WARNING (SPECTRE-16462): SOAC_cvarm_vgb:Error in specification of subcircuit master. Assert is ignored. {"history": "Interactive.24", "point": 1, "testname": "DC", "cornername": "Nominal"}
[2026-05-27 13:21:16.797 Z] [WARN] [cadence.virtuoso.ade.simulationMonitor] -     WARNING (SPECTRE-16460): SOAC_cvart_vspsub:Specified subcircuit master `cvart' was not found. {"history": "Interactive.24", "point": 1, "testname": "DC", "cornername": "Nominal"}
[2026-05-27 13:21:16.797 Z] [WARN] [cadence.virtuoso.ade.simulationMonitor] -     WARNING (SPECTRE-16462): SOAC_cvart_vspsub:Error in specification of subcircuit master. Assert is ignored. {"history": "Interactive.24", "point": 1, "testname": "DC", "cornername": "Nominal"}
[2026-05-27 13:21:16.797 Z] [WARN] [cadence.virtuoso.ade.simulationMonitor] -     WARNING (SPECTRE-16460): SOAC_cvart_vbs:Specified subcircuit master `cvart' was not found.
        Further occurrences of this warning will be suppressed. {"history": "Interactive.24", "point": 1, "testname": "DC", "cornername": "Nominal"}
[2026-05-27 13:21:16.798 Z] [WARN] [cadence.virtuoso.ade.simulationMonitor] -     WARNING (SPECTRE-16462): SOAC_cvart_vbs:Error in specification of subcircuit master. Assert is ignored.
        Further occurrences of this warning will be suppressed. {"history": "Interactive.24", "point": 1, "testname": "DC", "cornername": "Nominal"}
[2026-05-27 13:21:17.798 Z] [INFO] [cadence.virtuoso.ade.simulationMonitor] - Notice from spectre during topology check.
    Only one connection to the following 263 nodes:
        I0.I1.MN2.psub!
        I0.I1.MN1.psub!
        I0.I1.R2.R1.psub!
        I0.I1.R2.R2.psub!
        I0.I1.MP20.psub!
        Further occurrences of this notice will be suppressed. {"history": "Interactive.24", "point": 1, "testname": "DC", "cornername": "Nominal"}
[2026-05-27 13:21:17.801 Z] [INFO] [cadence.virtuoso.ade.simulationMonitor] -               nodes 1005 {"history": "Interactive.24", "point": 1, "testname": "DC", "cornername": "Nominal"}
[2026-05-27 13:21:17.802 Z] [INFO] [cadence.virtuoso.ade.simulationMonitor] - Notice from spectre during initial setup.
    Spectre X preset=cx enabled.
    I0.I0.R3.CS0 of rpolyhc: `ceff' has the unusually small value of 368.192e-21 F.
        Further occurrences of this notice will be suppressed.
    3 notices suppressed.
    80 warnings suppressed. {"history": "Interactive.24", "point": 1, "testname": "DC", "cornername": "Nominal"}
[2026-05-27 13:21:17.803 Z] [INFO] [cadence.virtuoso.ade.simulationMonitor] - Notice from spectre.
    Multithreading enabled: 8 threads in the system with 48 available processors. {"history": "Interactive.24", "point": 1, "testname": "DC", "cornername": "Nominal"}
[2026-05-27 13:21:17.803 Z] [INFO] [cadence.virtuoso.ade.simulationMonitor] - Peak resident memory used = 226 Mbytes. {"history": "Interactive.24", "point": 1, "testname": "DC", "cornername": "Nominal"}
[2026-05-27 13:21:17.804 Z] [INFO] [cadence.virtuoso.ade.simulationMonitor] -    -   (Spectre X) Multi-threading. The recommended number of threads is [2, 4], consider adding +mt=2 or +mt=4 on command line. {"history": "Interactive.24", "point": 1, "testname": "DC", "cornername": "Nominal"}
[2026-05-27 13:21:17.804 Z] [INFO] [cadence.virtuoso.ade.simulationMonitor] - Notice from spectre during DC analysis `dcOp'.
    No checklimit analysis defined for asserts. A default checklimit analysis 'SpectreChecklimitAnal' has been created with all asserts enabled. {"history": "Interactive.24", "point": 1, "testname": "DC", "cornername": "Nominal"}
[2026-05-27 13:21:17.805 Z] [INFO] [cadence.virtuoso.ade.simulationMonitor] - Notice from spectre during DC analysis `dcOp'.
    Bad pivoting is found during DC analysis. Option dc_pivot_check=yes is recommended for possible improvement of convergence. {"history": "Interactive.24", "point": 1, "testname": "DC", "cornername": "Nominal"}
[2026-05-27 13:21:17.805 Z] [WARN] [cadence.virtuoso.ade.simulationMonitor] -     WARNING (CMI-2943): Parameter checks have been ignored because the valid value for parameter 'trise' could not be found in 'R7'. {"history": "Interactive.24", "point": 1, "testname": "DC", "cornername": "Nominal"}
[2026-05-27 13:21:17.805 Z] [WARN] [cadence.virtuoso.ade.simulationMonitor] -     WARNING (CMI-2943): Parameter checks have been ignored because the valid value for parameter 'trise' could not be found in 'C0'. {"history": "Interactive.24", "point": 1, "testname": "DC", "cornername": "Nominal"}
[2026-05-27 13:21:17.806 Z] [WARN] [cadence.virtuoso.ade.simulationMonitor] -     WARNING (CMI-2943): Parameter checks have been ignored because the valid value for parameter 'trise' could not be found in 'C1'. {"history": "Interactive.24", "point": 1, "testname": "DC", "cornername": "Nominal"}
[2026-05-27 13:21:17.806 Z] [WARN] [cadence.virtuoso.ade.simulationMonitor] -     WARNING (CMI-2943): Parameter checks have been ignored because the valid value for parameter 'trise' could not be found in 'I0.I3.R0.CM'. {"history": "Interactive.24", "point": 1, "testname": "DC", "cornername": "Nominal"}
[2026-05-27 13:21:17.806 Z] [WARN] [cadence.virtuoso.ade.simulationMonitor] -     WARNING (CMI-2943): Parameter checks have been ignored because the valid value for parameter 'trise' could not be found in 'I0.I3.R0.CS1'.
        Further occurrences of this warning will be suppressed. {"history": "Interactive.24", "point": 1, "testname": "DC", "cornername": "Nominal"}
[2026-05-27 13:21:17.807 Z] [INFO] [cadence.virtuoso.ade.simulationMonitor] - Total time required for dc analysis `dcOp': CPU = 583.331 ms, elapsed = 253.815 ms, util. = 230%. {"history": "Interactive.24", "point": 1, "testname": "DC", "cornername": "Nominal"}
[2026-05-27 13:21:17.807 Z] [INFO] [cadence.virtuoso.ade.simulationMonitor] - Peak resident memory used = 237 Mbytes. {"history": "Interactive.24", "point": 1, "testname": "DC", "cornername": "Nominal"}
[2026-05-27 13:21:17.808 Z] [INFO] [cadence.virtuoso.ade.simulationMonitor] - Notice from spectre.
    273 warnings suppressed. {"history": "Interactive.24", "point": 1, "testname": "DC", "cornername": "Nominal"}
[2026-05-27 13:21:17.808 Z] [WARN] [cadence.virtuoso.ade.simulationMonitor] -     WARNING (CMI-2425): I0.I0.C0<0>_dummy: `Acde' = 2.393 is unusually large. {"history": "Interactive.24", "point": 1, "testname": "DC", "cornername": "Nominal"}
[2026-05-27 13:21:17.808 Z] [WARN] [cadence.virtuoso.ade.simulationMonitor] -     WARNING (CMI-2425): I0.I0.C0<0>_dummy: `Noff' = 4.732 is unusually large. {"history": "Interactive.24", "point": 1, "testname": "DC", "cornername": "Nominal"}
[2026-05-27 13:21:17.809 Z] [WARN] [cadence.virtuoso.ade.simulationMonitor] -     WARNING (CMI-2424): I0.I0.C0<0>_dummy: `Voffcv' = -867.4e-03 is unusually small. {"history": "Interactive.24", "point": 1, "testname": "DC", "cornername": "Nominal"}
[2026-05-27 13:21:17.809 Z] [WARN] [cadence.virtuoso.ade.simulationMonitor] -     WARNING (CMI-2425): I0.I4.C1<0>_dummy: `Acde' = 2.393 is unusually large. {"history": "Interactive.24", "point": 1, "testname": "DC", "cornername": "Nominal"}
[2026-05-27 13:21:17.809 Z] [WARN] [cadence.virtuoso.ade.simulationMonitor] -     WARNING (CMI-2425): I0.I4.C1<0>_dummy: `Noff' = 4.732 is unusually large. {"history": "Interactive.24", "point": 1, "testname": "DC", "cornername": "Nominal"}
[2026-05-27 13:21:17.810 Z] [WARN] [cadence.virtuoso.ade.simulationMonitor] -     WARNING (CMI-2424): I0.I4.C1<0>_dummy: `Voffcv' = -867.4e-03 is unusually small. {"history": "Interactive.24", "point": 1, "testname": "DC", "cornername": "Nominal"}
[2026-05-27 13:21:17.810 Z] [WARN] [cadence.virtuoso.ade.simulationMonitor] -     WARNING (CMI-2425): I0.I3.C1<0>_dummy: `Acde' = 2.393 is unusually large.
        Further occurrences of this warning will be suppressed. {"history": "Interactive.24", "point": 1, "testname": "DC", "cornername": "Nominal"}
[2026-05-27 13:21:17.811 Z] [WARN] [cadence.virtuoso.ade.simulationMonitor] -     WARNING (CMI-2424): I0.I3.C1<0>_dummy: `Voffcv' = -867.4e-03 is unusually small. {"history": "Interactive.24", "point": 1, "testname": "DC", "cornername": "Nominal"}
[2026-05-27 13:21:17.811 Z] [INFO] [cadence.virtuoso.ade.simulationMonitor] - Notice from spectre.
    1 warning suppressed. {"history": "Interactive.24", "point": 1, "testname": "DC", "cornername": "Nominal"}
[2026-05-27 13:21:17.811 Z] [WARN] [cadence.virtuoso.ade.simulationMonitor] -     WARNING (CMI-2425): I0.I1.C0: `Acde' = 2.393 is unusually large. {"history": "Interactive.24", "point": 1, "testname": "DC", "cornername": "Nominal"}
[2026-05-27 13:21:17.812 Z] [WARN] [cadence.virtuoso.ade.simulationMonitor] -     WARNING (CMI-2425): I0.I1.C0: `Noff' = 4.732 is unusually large. {"history": "Interactive.24", "point": 1, "testname": "DC", "cornername": "Nominal"}
[2026-05-27 13:21:17.812 Z] [WARN] [cadence.virtuoso.ade.simulationMonitor] -     WARNING (CMI-2424): I0.I1.C0: `Voffcv' = -867.4e-03 is unusually small. {"history": "Interactive.24", "point": 1, "testname": "DC", "cornername": "Nominal"}
[2026-05-27 13:21:17.813 Z] [WARN] [cadence.virtuoso.ade.simulationMonitor] -     WARNING (CMI-2425): I0.I0.C1: `Acde' = 2.393 is unusually large. {"history": "Interactive.24", "point": 1, "testname": "DC", "cornername": "Nominal"}
[2026-05-27 13:21:17.813 Z] [WARN] [cadence.virtuoso.ade.simulationMonitor] -     WARNING (CMI-2425): I0.I0.C1: `Noff' = 4.732 is unusually large. {"history": "Interactive.24", "point": 1, "testname": "DC", "cornername": "Nominal"}
[2026-05-27 13:21:17.813 Z] [WARN] [cadence.virtuoso.ade.simulationMonitor] -     WARNING (CMI-2424): I0.I0.C1: `Voffcv' = -867.4e-03 is unusually small. {"history": "Interactive.24", "point": 1, "testname": "DC", "cornername": "Nominal"}
[2026-05-27 13:21:17.814 Z] [WARN] [cadence.virtuoso.ade.simulationMonitor] -     WARNING (CMI-2425): I0.I0.C2: `Acde' = 2.393 is unusually large.
        Further occurrences of this warning will be suppressed. {"history": "Interactive.24", "point": 1, "testname": "DC", "cornername": "Nominal"}
[2026-05-27 13:21:17.814 Z] [WARN] [cadence.virtuoso.ade.simulationMonitor] -     WARNING (CMI-2424): I0.I0.C2: `Voffcv' = -867.4e-03 is unusually small. {"history": "Interactive.24", "point": 1, "testname": "DC", "cornername": "Nominal"}
[2026-05-27 13:21:17.814 Z] [WARN] [cadence.virtuoso.ade.simulationMonitor] -     WARNING (CMI-2424): I0.I0.C0<0>_turbo_m6: `Voffcv' = -867.4e-03 is unusually small. {"history": "Interactive.24", "point": 1, "testname": "DC", "cornername": "Nominal"}
[2026-05-27 13:21:17.815 Z] [WARN] [cadence.virtuoso.ade.simulationMonitor] -     WARNING (CMI-2424): I0.I4.C1<0>_turbo_m11: `Voffcv' = -867.4e-03 is unusually small.
        Further occurrences of this warning will be suppressed. {"history": "Interactive.24", "point": 1, "testname": "DC", "cornername": "Nominal"}
[2026-05-27 13:21:18.317 Z] [INFO] [cadence.virtuoso.ade.simulationMonitor] - Notice from spectre during DC analysis, during Noise analysis `noise'.
    Bad pivoting is found during DC analysis. Option dc_pivot_check=yes is recommended for possible improvement of convergence. {"history": "Interactive.24", "point": 1, "testname": "DC", "cornername": "Nominal"}
[2026-05-27 13:21:18.318 Z] [WARN] [cadence.virtuoso.ade.simulationMonitor] -     WARNING (CMI-2943): Parameter checks have been ignored because the valid value for parameter 'trise' could not be found in 'R7'. {"history": "Interactive.24", "point": 1, "testname": "DC", "cornername": "Nominal"}
[2026-05-27 13:21:18.318 Z] [WARN] [cadence.virtuoso.ade.simulationMonitor] -     WARNING (CMI-2943): Parameter checks have been ignored because the valid value for parameter 'trise' could not be found in 'C0'. {"history": "Interactive.24", "point": 1, "testname": "DC", "cornername": "Nominal"}
[2026-05-27 13:21:18.319 Z] [WARN] [cadence.virtuoso.ade.simulationMonitor] -     WARNING (CMI-2943): Parameter checks have been ignored because the valid value for parameter 'trise' could not be found in 'C1'. {"history": "Interactive.24", "point": 1, "testname": "DC", "cornername": "Nominal"}
[2026-05-27 13:21:18.319 Z] [WARN] [cadence.virtuoso.ade.simulationMonitor] -     WARNING (CMI-2943): Parameter checks have been ignored because the valid value for parameter 'trise' could not be found in 'I0.I3.R0.CM'. {"history": "Interactive.24", "point": 1, "testname": "DC", "cornername": "Nominal"}
[2026-05-27 13:21:18.319 Z] [WARN] [cadence.virtuoso.ade.simulationMonitor] -     WARNING (CMI-2943): Parameter checks have been ignored because the valid value for parameter 'trise' could not be found in 'I0.I3.R0.CS1'.
        Further occurrences of this warning will be suppressed. {"history": "Interactive.24", "point": 1, "testname": "DC", "cornername": "Nominal"}
[2026-05-27 13:21:18.320 Z] [WARN] [cadence.virtuoso.ade.simulationMonitor] -     WARNING (SPECTRE-17192): 
        Tolerance relaxation is used during DC simulation which may affect the accuracy of the result. This is mainly caused by the high impedance nodes in the circuit. Use the dyn_highz check to determine the high impedance nodes. Setting/assigning appropriate initial values to these nodes will usually help to improve both performance and accuracy of DC simulations. {"history": "Interactive.24", "point": 1, "testname": "DC", "cornername": "Nominal"}
[2026-05-27 13:21:18.821 Z] [INFO] [cadence.virtuoso.ade.simulationMonitor] - Total time required for noise analysis `noise': CPU = 1.25302 s, elapsed = 862.394 ms, util. = 145%. {"history": "Interactive.24", "point": 1, "testname": "DC", "cornername": "Nominal"}
[2026-05-27 13:21:18.821 Z] [INFO] [cadence.virtuoso.ade.simulationMonitor] - Peak resident memory used = 242 Mbytes. {"history": "Interactive.24", "point": 1, "testname": "DC", "cornername": "Nominal"}
[2026-05-27 13:21:18.822 Z] [INFO] [cadence.virtuoso.ade.simulationMonitor] - Notice from spectre.
    281 warnings suppressed. {"history": "Interactive.24", "point": 1, "testname": "DC", "cornername": "Nominal"}
[2026-05-27 13:21:18.822 Z] [WARN] [cadence.virtuoso.ade.simulationMonitor] -     WARNING (CMI-2425): I0.I1.C0: `Acde' = 2.393 is unusually large. {"history": "Interactive.24", "point": 1, "testname": "DC", "cornername": "Nominal"}
[2026-05-27 13:21:18.822 Z] [WARN] [cadence.virtuoso.ade.simulationMonitor] -     WARNING (CMI-2425): I0.I1.C0: `Noff' = 4.732 is unusually large. {"history": "Interactive.24", "point": 1, "testname": "DC", "cornername": "Nominal"}
[2026-05-27 13:21:18.822 Z] [WARN] [cadence.virtuoso.ade.simulationMonitor] -     WARNING (CMI-2424): I0.I1.C0: `Voffcv' = -867.4e-03 is unusually small. {"history": "Interactive.24", "point": 1, "testname": "DC", "cornername": "Nominal"}
[2026-05-27 13:21:18.822 Z] [WARN] [cadence.virtuoso.ade.simulationMonitor] -     WARNING (CMI-2425): I0.I0.C1: `Acde' = 2.393 is unusually large. {"history": "Interactive.24", "point": 1, "testname": "DC", "cornername": "Nominal"}
[2026-05-27 13:21:18.822 Z] [WARN] [cadence.virtuoso.ade.simulationMonitor] -     WARNING (CMI-2425): I0.I0.C1: `Noff' = 4.732 is unusually large. {"history": "Interactive.24", "point": 1, "testname": "DC", "cornername": "Nominal"}
[2026-05-27 13:21:18.823 Z] [WARN] [cadence.virtuoso.ade.simulationMonitor] -     WARNING (CMI-2424): I0.I0.C1: `Voffcv' = -867.4e-03 is unusually small. {"history": "Interactive.24", "point": 1, "testname": "DC", "cornername": "Nominal"}
[2026-05-27 13:21:18.823 Z] [WARN] [cadence.virtuoso.ade.simulationMonitor] -     WARNING (CMI-2425): I0.I0.C2: `Acde' = 2.393 is unusually large.
        Further occurrences of this warning will be suppressed. {"history": "Interactive.24", "point": 1, "testname": "DC", "cornername": "Nominal"}
[2026-05-27 13:21:18.823 Z] [WARN] [cadence.virtuoso.ade.simulationMonitor] -     WARNING (CMI-2424): I0.I0.C2: `Voffcv' = -867.4e-03 is unusually small. {"history": "Interactive.24", "point": 1, "testname": "DC", "cornername": "Nominal"}
[2026-05-27 13:21:18.823 Z] [WARN] [cadence.virtuoso.ade.simulationMonitor] -     WARNING (CMI-2424): I0.I0.C0<0>_turbo_m6: `Voffcv' = -867.4e-03 is unusually small. {"history": "Interactive.24", "point": 1, "testname": "DC", "cornername": "Nominal"}
[2026-05-27 13:21:18.823 Z] [WARN] [cadence.virtuoso.ade.simulationMonitor] -     WARNING (CMI-2424): I0.I4.C1<0>_turbo_m11: `Voffcv' = -867.4e-03 is unusually small.
        Further occurrences of this warning will be suppressed. {"history": "Interactive.24", "point": 1, "testname": "DC", "cornername": "Nominal"}
[2026-05-27 13:21:18.823 Z] [INFO] [cadence.virtuoso.ade.simulationMonitor] - Notice from spectre during XF analysis `xf'.
    Operating points will not be recomputed: the circuit and conditions were not changed since previous analysis. {"history": "Interactive.24", "point": 1, "testname": "DC", "cornername": "Nominal"}
[2026-05-27 13:21:18.824 Z] [INFO] [cadence.virtuoso.ade.simulationMonitor] - Total time required for xf analysis `xf': CPU = 259.545 ms, elapsed = 156.132 ms, util. = 166%. {"history": "Interactive.24", "point": 1, "testname": "DC", "cornername": "Nominal"}
[2026-05-27 13:21:18.824 Z] [INFO] [cadence.virtuoso.ade.simulationMonitor] - Peak resident memory used = 243 Mbytes. {"history": "Interactive.24", "point": 1, "testname": "DC", "cornername": "Nominal"}
[2026-05-27 13:21:18.824 Z] [INFO] [cadence.virtuoso.ade.simulationMonitor] - Notice from spectre.
    8 warnings suppressed. {"history": "Interactive.24", "point": 1, "testname": "DC", "cornername": "Nominal"}
[2026-05-27 13:21:18.824 Z] [WARN] [cadence.virtuoso.ade.simulationMonitor] -     WARNING (CMI-2425): I0.I0.C0<0>_dummy: `Acde' = 2.393 is unusually large. {"history": "Interactive.24", "point": 1, "testname": "DC", "cornername": "Nominal"}
[2026-05-27 13:21:18.824 Z] [WARN] [cadence.virtuoso.ade.simulationMonitor] -     WARNING (CMI-2425): I0.I0.C0<0>_dummy: `Noff' = 4.732 is unusually large. {"history": "Interactive.24", "point": 1, "testname": "DC", "cornername": "Nominal"}
[2026-05-27 13:21:18.824 Z] [WARN] [cadence.virtuoso.ade.simulationMonitor] -     WARNING (CMI-2424): I0.I0.C0<0>_dummy: `Voffcv' = -867.4e-03 is unusually small. {"history": "Interactive.24", "point": 1, "testname": "DC", "cornername": "Nominal"}
[2026-05-27 13:21:18.824 Z] [WARN] [cadence.virtuoso.ade.simulationMonitor] -     WARNING (CMI-2425): I0.I4.C1<0>_dummy: `Acde' = 2.393 is unusually large. {"history": "Interactive.24", "point": 1, "testname": "DC", "cornername": "Nominal"}
[2026-05-27 13:21:18.825 Z] [WARN] [cadence.virtuoso.ade.simulationMonitor] -     WARNING (CMI-2425): I0.I4.C1<0>_dummy: `Noff' = 4.732 is unusually large. {"history": "Interactive.24", "point": 1, "testname": "DC", "cornername": "Nominal"}
[2026-05-27 13:21:18.825 Z] [WARN] [cadence.virtuoso.ade.simulationMonitor] -     WARNING (CMI-2424): I0.I4.C1<0>_dummy: `Voffcv' = -867.4e-03 is unusually small. {"history": "Interactive.24", "point": 1, "testname": "DC", "cornername": "Nominal"}
[2026-05-27 13:21:18.825 Z] [WARN] [cadence.virtuoso.ade.simulationMonitor] -     WARNING (CMI-2425): I0.I3.C1<0>_dummy: `Acde' = 2.393 is unusually large.
        Further occurrences of this warning will be suppressed. {"history": "Interactive.24", "point": 1, "testname": "DC", "cornername": "Nominal"}
[2026-05-27 13:21:18.825 Z] [WARN] [cadence.virtuoso.ade.simulationMonitor] -     WARNING (CMI-2424): I0.I3.C1<0>_dummy: `Voffcv' = -867.4e-03 is unusually small. {"history": "Interactive.24", "point": 1, "testname": "DC", "cornername": "Nominal"}
[2026-05-27 13:21:18.825 Z] [INFO] [cadence.virtuoso.ade.simulationMonitor] - Notice from spectre.
    1 warning suppressed. {"history": "Interactive.24", "point": 1, "testname": "DC", "cornername": "Nominal"}
[2026-05-27 13:21:18.825 Z] [INFO] [cadence.virtuoso.ade.simulationMonitor] - Time used: CPU = 3.08 s, elapsed = 3.57 s, util. = 86.5%. {"history": "Interactive.24", "point": 1, "testname": "DC", "cornername": "Nominal"}
[2026-05-27 13:21:18.826 Z] [INFO] [cadence.virtuoso.ade.simulationMonitor] - Time spent in licensing: elapsed = 98.2 ms. {"history": "Interactive.24", "point": 1, "testname": "DC", "cornername": "Nominal"}
[2026-05-27 13:21:18.827 Z] [INFO] [cadence.virtuoso.ade.simulationMonitor] - Peak memory used = 243 Mbytes. {"history": "Interactive.24", "point": 1, "testname": "DC", "cornername": "Nominal"}
[2026-05-27 13:21:18.827 Z] [PROCESS] [cadence.virtuoso.ade.simulationMonitor] - Simulation started at: 1:21:15 PM, Wed May 27, 2026, ended at: 1:21:18 PM, Wed May 27, 2026, with elapsed time (wall clock): 3.57 s. {"history": "Interactive.24", "point": 1, "testname": "DC", "cornername": "Nominal"}
[2026-05-27 13:21:18.828 Z] [PROCESS] [cadence.virtuoso.ade.simulationMonitor] - spectre completes with 0 errors, 88 warnings, and 24 notices. {"history": "Interactive.24", "point": 1, "testname": "DC", "cornername": "Nominal"}
[2026-05-27 13:21:18.828 Z] [PROCESS] [cadence.virtuoso.ade.simulationMonitor] - Finished simulating for one point {"hostname": "il2244vt26_hrahimi", "processid": 386525, "history": "Interactive.24", "testname": "DC", "cornername": "Nominal", "point": 1, "logfile": "/home/hrahimi/projects/POTENTIOSTAT_26/logs_hrahimi/logs0/Job96.log", "simid": "2"}
[2026-05-27 13:21:18.828 Z] [PROCESS] [cadence.virtuoso.ade.simulationMonitor] - Simulator exited {"hostname": "il2244vt26_hrahimi", "processid": 386525, "history": "Interactive.24", "testname": "DC", "cornername": "Nominal", "point": 1, "logfile": "/home/hrahimi/projects/POTENTIOSTAT_26/logs_hrahimi/logs0/Job96.log", "exitStatus": "0"}
[2026-05-27 13:21:18.828 Z] [PROCESS] [cadence.virtuoso.ade.simulationMonitor] - Finished Simulation {"hostname": "il2244vt26_hrahimi", "processid": 386525, "history": "Interactive.24", "testname": "DC", "cornername": "Nominal", "point": 1, "logfile": "/home/hrahimi/projects/POTENTIOSTAT_26/logs_hrahimi/logs0/Job96.log", "simid": "2"}
[2026-05-27 13:21:22.861 Z] [PROCESS] [cadence.virtuoso.ade.simulationMonitor] - Point Finished {"hostname": "il2244vt26_hrahimi", "processid": 386525, "history": "Interactive.24", "testname": "DC", "cornername": "Nominal", "point": 1, "logfile": "/home/hrahimi/projects/POTENTIOSTAT_26/logs_hrahimi/logs0/Job96.log"}
[2026-05-27 13:21:23.869 Z] [PROCESS] [cadence.virtuoso.ade.simulationMonitor] - Stay with the runId '1', Linger time '300', currentRunSyn '3', currentTestSyn '4' {"hostname": "il2244vt26_hrahimi", "processid": 386525, "history": "Interactive.24", "testname": "DC", "cornername": "Nominal", "point": 1, "logfile": "/home/hrahimi/projects/POTENTIOSTAT_26/logs_hrahimi/logs0/Job96.log"}
[2026-05-27 13:22:42.735 Z] [PROCESS] [cadence.virtuoso.ade.simulationMonitor] - Started History {"hostname": "il2244vt26_hrahimi", "processid": 386525, "history": "Interactive.25", "testname": "DC", "cornername": "Nominal", "point": 1, "logfile": "/home/hrahimi/projects/POTENTIOSTAT_26/logs_hrahimi/logs0/Job96.log"}
[2026-05-27 13:22:42.743 Z] [PROCESS] [cadence.virtuoso.ade.simulationMonitor] - HostInfo:
Host name (type):	il2244vt26_hrahimi (x86_64)
Operating system:	Linux 5.15.0-164-generic #174-Ubuntu SMP Fri Nov 14 20:25:16 UTC 2025 {"hostname": "il2244vt26_hrahimi", "processid": 386525, "history": "Interactive.25", "testname": "DC", "cornername": "Nominal", "point": 1, "logfile": "/home/hrahimi/projects/POTENTIOSTAT_26/logs_hrahimi/logs0/Job96.log", "nodename": "il2244vt26_hrahimi", "domainname": "(none)", "machine": "x86_64", "sysname": "Linux", "release": "5.15.0-164-generic", "version": "#174-Ubuntu SMP Fri Nov 14 20:25:16 UTC 2025"}
[2026-05-27 13:22:42.743 Z] [PROCESS] [cadence.virtuoso.ade.simulationMonitor] - UsageInfo:
pid=386525
totalPhysicalMemory=3023.749672GB,Used=1954.871483GB,totalVirtualMemory=3031.749668GB,Used=1954.898827GB
Cpu: Cores=48, Load average:41.780000,44.670000,42.010000 {"hostname": "il2244vt26_hrahimi", "processid": 386525, "history": "Interactive.25", "testname": "DC", "cornername": "Nominal", "point": 1, "logfile": "/home/hrahimi/projects/POTENTIOSTAT_26/logs_hrahimi/logs0/Job96.log", "pid": "386525", "totalPhysicalMemory": "3023.749672", "physicalMemoryUsed": "1954.871483", "totalVirtualMemory": "3031.749668", "virtualMemoryUsed": "1954.898827", "cpuCores": "48", "processes": "29790", "loadAverage1": "41.780000", "loadAverage5": "44.670000", "loadAverage15": "42.010000", "loadAverage1Percent": "0.870417"}
[2026-05-27 13:22:42.745 Z] [EVENT] [cadence.virtuoso.ade.simulationMonitor] - NewPoint {"history": "Interactive.25", "point": 1, "testname": "DC", "cornername": "Nominal", "event": "NewPoint", "EventSource": "Simulation Monitor", "HistoryName": "Interactive.25", "logFile": "/home/hrahimi/projects/POTENTIOSTAT_26/logs_hrahimi/logs0/Job96.log", "logFileSize": "51064"}
[2026-05-27 13:22:42.847 Z] [EVENT] [cadence.virtuoso.ade.simulationMonitor] - NewPoint {"history": "Interactive.25", "point": 1, "testname": "DC", "cornername": "Nominal", "event": "NewPoint", "EventSource": "spectre", "HistoryName": "Interactive.25", "logFile": "/home/hrahimi/projects/POTENTIOSTAT_26/Sim/FBIAS/fbias_bias_tb/maestro/results/maestro/Interactive.25/1/DC/psf/spectre.out", "logFileSize": "-1"}
[2026-05-27 13:22:42.866 Z] [PROCESS] [cadence.virtuoso.ade.simulationMonitor] - Simulator launched {"hostname": "il2244vt26_hrahimi", "processid": 386525, "history": "Interactive.25", "testname": "DC", "cornername": "Nominal", "point": 1, "logfile": "/home/hrahimi/projects/POTENTIOSTAT_26/logs_hrahimi/logs0/Job96.log", "simid": "3"}
[2026-05-27 13:22:42.873 Z] [PROCESS] [cadence.virtuoso.ade.simulationMonitor] - Expression evaluator launched {"hostname": "il2244vt26_hrahimi", "processid": 386525, "history": "Interactive.25", "testname": "DC", "cornername": "Nominal", "point": 1, "logfile": "/home/hrahimi/projects/POTENTIOSTAT_26/logs_hrahimi/logs0/Job96.log"}
[2026-05-27 13:22:42.958 Z] [PROCESS] [cadence.virtuoso.ade.simulationMonitor] - Started Simulation {"hostname": "il2244vt26_hrahimi", "processid": 386525, "history": "Interactive.25", "testname": "DC", "cornername": "Nominal", "point": 1, "logfile": "/home/hrahimi/projects/POTENTIOSTAT_26/logs_hrahimi/logs0/Job96.log", "event": "started", "task": "simulation"}
[2026-05-27 13:22:43.960 Z] [WARN] [cadence.virtuoso.ade.simulationMonitor] -     WARNING (SPECTRE-691): This CPU processor does not support x86 advanced vector extensions instructions. This may affect math operations and slow down the simulation. {"history": "Interactive.25", "point": 1, "testname": "DC", "cornername": "Nominal"}
[2026-05-27 13:22:43.961 Z] [INFO] [cadence.virtuoso.ade.simulationMonitor] - Notice from spectre during circuit read-in.
    Pre_Configuration file used: /opt/tools/cadence/installs/SPECTRE241/tools.lnx86/spectre/etc/configs/preset.precfg
    Configuration file used: `/opt/tools/cadence/installs/SPECTRE241/tools.lnx86/spectre/etc/configs/preset.cfg'. {"history": "Interactive.25", "point": 1, "testname": "DC", "cornername": "Nominal"}
[2026-05-27 13:22:43.962 Z] [WARN] [cadence.virtuoso.ade.simulationMonitor] -     WARNING (SPECTRE-8360): line 1511: `ac' is an undefined primitive device. {"history": "Interactive.25", "point": 1, "testname": "DC", "cornername": "Nominal"}
[2026-05-27 13:22:43.962 Z] [WARN] [cadence.virtuoso.ade.simulationMonitor] -     WARNING (SPECTRE-8360): line 1512: `ac' is an undefined primitive device. {"history": "Interactive.25", "point": 1, "testname": "DC", "cornername": "Nominal"}
[2026-05-27 13:22:43.962 Z] [WARN] [cadence.virtuoso.ade.simulationMonitor] -     WARNING (SPECTRE-8360): line 1513: `ac' is an undefined primitive device. {"history": "Interactive.25", "point": 1, "testname": "DC", "cornername": "Nominal"}
[2026-05-27 13:22:43.962 Z] [WARN] [cadence.virtuoso.ade.simulationMonitor] -     WARNING (SPECTRE-8360): line 1514: `ac' is an undefined primitive device. {"history": "Interactive.25", "point": 1, "testname": "DC", "cornername": "Nominal"}
[2026-05-27 13:22:43.962 Z] [WARN] [cadence.virtuoso.ade.simulationMonitor] -     WARNING (SPECTRE-8360): line 1515: `ac' is an undefined primitive device.
        Further occurrences of this warning will be suppressed. {"history": "Interactive.25", "point": 1, "testname": "DC", "cornername": "Nominal"}
[2026-05-27 13:22:43.962 Z] [WARN] [cadence.virtuoso.ade.simulationMonitor] -     WARNING (VACOMP-2435): The environment variable CDS_AHDLCMI_ENABLE is no longer supported. Therefore, the simulator will use the default compiled C code flow. {"history": "Interactive.25", "point": 1, "testname": "DC", "cornername": "Nominal"}
[2026-05-27 13:22:44.463 Z] [INFO] [cadence.virtuoso.ade.simulationMonitor] - Peak resident memory used = 202 Mbytes. {"history": "Interactive.25", "point": 1, "testname": "DC", "cornername": "Nominal"}
[2026-05-27 13:22:45.464 Z] [WARN] [cadence.virtuoso.ade.simulationMonitor] -     WARNING (SFE-3027): The dangling resistor I0.I1.re56 is removed. {"history": "Interactive.25", "point": 1, "testname": "DC", "cornername": "Nominal"}
[2026-05-27 13:22:45.464 Z] [WARN] [cadence.virtuoso.ade.simulationMonitor] -     WARNING (SFE-3027): The dangling resistor I0.I1.re57 is removed. {"history": "Interactive.25", "point": 1, "testname": "DC", "cornername": "Nominal"}
[2026-05-27 13:22:45.465 Z] [WARN] [cadence.virtuoso.ade.simulationMonitor] -     WARNING (SFE-3027): The dangling resistor I0.I1.re88 is removed. {"history": "Interactive.25", "point": 1, "testname": "DC", "cornername": "Nominal"}
[2026-05-27 13:22:45.465 Z] [WARN] [cadence.virtuoso.ade.simulationMonitor] -     WARNING (SFE-3027): The dangling resistor I0.I1.re89 is removed. {"history": "Interactive.25", "point": 1, "testname": "DC", "cornername": "Nominal"}
[2026-05-27 13:22:45.465 Z] [WARN] [cadence.virtuoso.ade.simulationMonitor] -     WARNING (SFE-3027): The dangling resistor I0.I1.re202 is removed.
        Further occurrences of this warning will be suppressed. {"history": "Interactive.25", "point": 1, "testname": "DC", "cornername": "Nominal"}
[2026-05-27 13:22:45.465 Z] [WARN] [cadence.virtuoso.ade.simulationMonitor] -     WARNING (SFE-3015): The dangling node I0.I2.28\:Y is removed. {"history": "Interactive.25", "point": 1, "testname": "DC", "cornername": "Nominal"}
[2026-05-27 13:22:45.465 Z] [WARN] [cadence.virtuoso.ade.simulationMonitor] -     WARNING (SFE-3015): The dangling node I0.I0.30\:BIAS is removed. {"history": "Interactive.25", "point": 1, "testname": "DC", "cornername": "Nominal"}
[2026-05-27 13:22:45.466 Z] [WARN] [cadence.virtuoso.ade.simulationMonitor] -     WARNING (SFE-3015): The dangling node I0.I2.24\:BIAS is removed. {"history": "Interactive.25", "point": 1, "testname": "DC", "cornername": "Nominal"}
[2026-05-27 13:22:45.466 Z] [WARN] [cadence.virtuoso.ade.simulationMonitor] -     WARNING (SFE-3015): The dangling node I0.I0.38\:A is removed. {"history": "Interactive.25", "point": 1, "testname": "DC", "cornername": "Nominal"}
[2026-05-27 13:22:45.466 Z] [WARN] [cadence.virtuoso.ade.simulationMonitor] -     WARNING (SFE-3015): The dangling node I0.I0.28\:B is removed.
        Further occurrences of this warning will be suppressed. {"history": "Interactive.25", "point": 1, "testname": "DC", "cornername": "Nominal"}
[2026-05-27 13:22:45.466 Z] [INFO] [cadence.virtuoso.ade.simulationMonitor] - Notice from spectre during hierarchy flattening.
    Spectre X Parasitic Optimization enabled.
    Parasitic optimization will filter out parasitic nodes, nodes only connected to RCs, by default. To view individual parasitic nodes use individual save statements (i.e. save out), or use the 'savefilter=none' option to save all parasitic nodes. Saving all parasitic nodes may slow down simulation and create large waveform files. {"history": "Interactive.25", "point": 1, "testname": "DC", "cornername": "Nominal"}
[2026-05-27 13:22:45.466 Z] [INFO] [cadence.virtuoso.ade.simulationMonitor] - Peak resident memory used = 218 Mbytes. {"history": "Interactive.25", "point": 1, "testname": "DC", "cornername": "Nominal"}
[2026-05-27 13:22:45.467 Z] [INFO] [cadence.virtuoso.ade.simulationMonitor] - Notice from spectre during hierarchy flattening.
    The value 'psf' specified for the 'checklimitdest' option will no longer be supported in future releases. Use 'spectre -h' to see other recommended values for the 'checklimitdest' option.
    I0.I0.R3.CS0 of rpolyhc: `c' has the unusually small value of 386.063e-21 F.
    I0.I0.R3.CS1 of rpolyhc: `c' has the unusually small value of 386.063e-21 F.
    I0.I0.R4.CS0 of rpolyhc: `c' has the unusually small value of 3.64829e-21 F.
    I0.I0.R4.CS1 of rpolyhc... {"history": "Interactive.25", "point": 1, "testname": "DC", "cornername": "Nominal"}
[2026-05-27 13:22:45.467 Z] [INFO] [cadence.virtuoso.ade.simulationMonitor] - Notice from spectre during hierarchy flattening.
    V1: `width' has the unusually large value of 9 s. {"history": "Interactive.25", "point": 1, "testname": "DC", "cornername": "Nominal"}
[2026-05-27 13:22:45.467 Z] [INFO] [cadence.virtuoso.ade.simulationMonitor] - Peak resident memory used = 223 Mbytes. {"history": "Interactive.25", "point": 1, "testname": "DC", "cornername": "Nominal"}
[2026-05-27 13:22:45.467 Z] [WARN] [cadence.virtuoso.ade.simulationMonitor] -     WARNING (CMI-2210): V1: Period is smaller than rise+width+fall. It is reset to rise+width+fall. {"history": "Interactive.25", "point": 1, "testname": "DC", "cornername": "Nominal"}
[2026-05-27 13:22:45.467 Z] [WARN] [cadence.virtuoso.ade.simulationMonitor] -     WARNING (CMI-2425): I0.I4.C1(0): `Acde' = 2.393 is unusually large. {"history": "Interactive.25", "point": 1, "testname": "DC", "cornername": "Nominal"}
[2026-05-27 13:22:45.467 Z] [WARN] [cadence.virtuoso.ade.simulationMonitor] -     WARNING (CMI-2425): I0.I4.C1(0): `Noff' = 4.732 is unusually large. {"history": "Interactive.25", "point": 1, "testname": "DC", "cornername": "Nominal"}
[2026-05-27 13:22:45.468 Z] [WARN] [cadence.virtuoso.ade.simulationMonitor] -     WARNING (CMI-2424): I0.I4.C1(0): `Voffcv' = -867.4e-03 is unusually small. {"history": "Interactive.25", "point": 1, "testname": "DC", "cornername": "Nominal"}
[2026-05-27 13:22:45.468 Z] [WARN] [cadence.virtuoso.ade.simulationMonitor] -     WARNING (CMI-2425): I0.I0.C0(0): `Acde' = 2.393 is unusually large. {"history": "Interactive.25", "point": 1, "testname": "DC", "cornername": "Nominal"}
[2026-05-27 13:22:45.468 Z] [WARN] [cadence.virtuoso.ade.simulationMonitor] -     WARNING (CMI-2425): I0.I0.C0(0): `Noff' = 4.732 is unusually large. {"history": "Interactive.25", "point": 1, "testname": "DC", "cornername": "Nominal"}
[2026-05-27 13:22:45.468 Z] [WARN] [cadence.virtuoso.ade.simulationMonitor] -     WARNING (CMI-2424): I0.I0.C0(0): `Voffcv' = -867.4e-03 is unusually small. {"history": "Interactive.25", "point": 1, "testname": "DC", "cornername": "Nominal"}
[2026-05-27 13:22:45.468 Z] [WARN] [cadence.virtuoso.ade.simulationMonitor] -     WARNING (CMI-2425): I0.I0.C2: `Acde' = 2.393 is unusually large.
        Further occurrences of this warning will be suppressed. {"history": "Interactive.25", "point": 1, "testname": "DC", "cornername": "Nominal"}
[2026-05-27 13:22:45.468 Z] [WARN] [cadence.virtuoso.ade.simulationMonitor] -     WARNING (CMI-2424): I0.I0.C2: `Voffcv' = -867.4e-03 is unusually small. {"history": "Interactive.25", "point": 1, "testname": "DC", "cornername": "Nominal"}
[2026-05-27 13:22:45.468 Z] [WARN] [cadence.virtuoso.ade.simulationMonitor] -     WARNING (CMI-2424): I0.I0.C1: `Voffcv' = -867.4e-03 is unusually small. {"history": "Interactive.25", "point": 1, "testname": "DC", "cornername": "Nominal"}
[2026-05-27 13:22:45.469 Z] [WARN] [cadence.virtuoso.ade.simulationMonitor] -     WARNING (CMI-2424): I0.I1.C0: `Voffcv' = -867.4e-03 is unusually small.
        Further occurrences of this warning will be suppressed. {"history": "Interactive.25", "point": 1, "testname": "DC", "cornername": "Nominal"}
[2026-05-27 13:22:45.969 Z] [WARN] [cadence.virtuoso.ade.simulationMonitor] -     WARNING (SPECTRE-17607): Assert `SOAC_vert10_vsubpsub' is ignored because it contains an expression which is invalid or not supported by native evaluator.  {"history": "Interactive.25", "point": 1, "testname": "DC", "cornername": "Nominal"}
[2026-05-27 13:22:45.970 Z] [WARN] [cadence.virtuoso.ade.simulationMonitor] -     WARNING (SPECTRE-17607): Assert `SOAC_vert10_vcsub' is ignored because it contains an expression which is invalid or not supported by native evaluator.  {"history": "Interactive.25", "point": 1, "testname": "DC", "cornername": "Nominal"}
[2026-05-27 13:22:45.970 Z] [WARN] [cadence.virtuoso.ade.simulationMonitor] -     WARNING (SPECTRE-16460): SOAC_cvarm_vspsub:Specified subcircuit master `cvarm' was not found. {"history": "Interactive.25", "point": 1, "testname": "DC", "cornername": "Nominal"}
[2026-05-27 13:22:45.970 Z] [WARN] [cadence.virtuoso.ade.simulationMonitor] -     WARNING (SPECTRE-16462): SOAC_cvarm_vspsub:Error in specification of subcircuit master. Assert is ignored. {"history": "Interactive.25", "point": 1, "testname": "DC", "cornername": "Nominal"}
[2026-05-27 13:22:45.970 Z] [WARN] [cadence.virtuoso.ade.simulationMonitor] -     WARNING (SPECTRE-16460): SOAC_cvarm_vbs:Specified subcircuit master `cvarm' was not found. {"history": "Interactive.25", "point": 1, "testname": "DC", "cornername": "Nominal"}
[2026-05-27 13:22:45.970 Z] [WARN] [cadence.virtuoso.ade.simulationMonitor] -     WARNING (SPECTRE-16462): SOAC_cvarm_vbs:Error in specification of subcircuit master. Assert is ignored. {"history": "Interactive.25", "point": 1, "testname": "DC", "cornername": "Nominal"}
[2026-05-27 13:22:45.970 Z] [WARN] [cadence.virtuoso.ade.simulationMonitor] -     WARNING (SPECTRE-16460): SOAC_cvarm_vgb:Specified subcircuit master `cvarm' was not found. {"history": "Interactive.25", "point": 1, "testname": "DC", "cornername": "Nominal"}
[2026-05-27 13:22:45.971 Z] [WARN] [cadence.virtuoso.ade.simulationMonitor] -     WARNING (SPECTRE-16462): SOAC_cvarm_vgb:Error in specification of subcircuit master. Assert is ignored. {"history": "Interactive.25", "point": 1, "testname": "DC", "cornername": "Nominal"}
[2026-05-27 13:22:45.971 Z] [WARN] [cadence.virtuoso.ade.simulationMonitor] -     WARNING (SPECTRE-16460): SOAC_cvart_vspsub:Specified subcircuit master `cvart' was not found. {"history": "Interactive.25", "point": 1, "testname": "DC", "cornername": "Nominal"}
[2026-05-27 13:22:45.971 Z] [WARN] [cadence.virtuoso.ade.simulationMonitor] -     WARNING (SPECTRE-16462): SOAC_cvart_vspsub:Error in specification of subcircuit master. Assert is ignored. {"history": "Interactive.25", "point": 1, "testname": "DC", "cornername": "Nominal"}
[2026-05-27 13:22:45.971 Z] [WARN] [cadence.virtuoso.ade.simulationMonitor] -     WARNING (SPECTRE-16460): SOAC_cvart_vbs:Specified subcircuit master `cvart' was not found.
        Further occurrences of this warning will be suppressed. {"history": "Interactive.25", "point": 1, "testname": "DC", "cornername": "Nominal"}
[2026-05-27 13:22:45.971 Z] [WARN] [cadence.virtuoso.ade.simulationMonitor] -     WARNING (SPECTRE-16462): SOAC_cvart_vbs:Error in specification of subcircuit master. Assert is ignored.
        Further occurrences of this warning will be suppressed. {"history": "Interactive.25", "point": 1, "testname": "DC", "cornername": "Nominal"}
[2026-05-27 13:22:46.472 Z] [INFO] [cadence.virtuoso.ade.simulationMonitor] - Notice from spectre during topology check.
    Only one connection to the following 668 nodes:
        I0.I1.R2.R1.psub!
        I0.I1.R2.R2.psub!
        I0.I1.C0.psub!
        I0.I1.avD43_1.psub!
        I0.I1.MP0(0).psub!
        Further occurrences of this notice will be suppressed. {"history": "Interactive.25", "point": 1, "testname": "DC", "cornername": "Nominal"}
[2026-05-27 13:22:47.978 Z] [INFO] [cadence.virtuoso.ade.simulationMonitor] -               nodes 7302 {"history": "Interactive.25", "point": 1, "testname": "DC", "cornername": "Nominal"}
[2026-05-27 13:22:47.979 Z] [INFO] [cadence.virtuoso.ade.simulationMonitor] - Notice from spectre during initial setup.
    Spectre X preset=cx enabled.
    5 notices suppressed.
    113 warnings suppressed. {"history": "Interactive.25", "point": 1, "testname": "DC", "cornername": "Nominal"}
[2026-05-27 13:22:47.980 Z] [INFO] [cadence.virtuoso.ade.simulationMonitor] - Notice from spectre.
    Multithreading enabled: 8 threads in the system with 48 available processors. {"history": "Interactive.25", "point": 1, "testname": "DC", "cornername": "Nominal"}
[2026-05-27 13:22:47.980 Z] [INFO] [cadence.virtuoso.ade.simulationMonitor] - Peak resident memory used = 258 Mbytes. {"history": "Interactive.25", "point": 1, "testname": "DC", "cornername": "Nominal"}
[2026-05-27 13:22:47.980 Z] [INFO] [cadence.virtuoso.ade.simulationMonitor] -    -   (Spectre X) Multi-threading. The recommended number of threads is [2, 4], consider adding +mt=2 or +mt=4 on command line. {"history": "Interactive.25", "point": 1, "testname": "DC", "cornername": "Nominal"}
[2026-05-27 13:22:47.981 Z] [INFO] [cadence.virtuoso.ade.simulationMonitor] - Notice from spectre during DC analysis `dcOp'.
    No checklimit analysis defined for asserts. A default checklimit analysis 'SpectreChecklimitAnal' has been created with all asserts enabled. {"history": "Interactive.25", "point": 1, "testname": "DC", "cornername": "Nominal"}
[2026-05-27 13:22:48.482 Z] [INFO] [cadence.virtuoso.ade.simulationMonitor] - Notice from spectre during DC analysis `dcOp'.
    Bad pivoting is found during DC analysis. Option dc_pivot_check=yes is recommended for possible improvement of convergence. {"history": "Interactive.25", "point": 1, "testname": "DC", "cornername": "Nominal"}
[2026-05-27 13:22:48.483 Z] [WARN] [cadence.virtuoso.ade.simulationMonitor] -     WARNING (CMI-2943): Parameter checks have been ignored because the valid value for parameter 'trise' could not be found in 'R7'. {"history": "Interactive.25", "point": 1, "testname": "DC", "cornername": "Nominal"}
[2026-05-27 13:22:48.484 Z] [WARN] [cadence.virtuoso.ade.simulationMonitor] -     WARNING (CMI-2943): Parameter checks have been ignored because the valid value for parameter 'trise' could not be found in 'C0'. {"history": "Interactive.25", "point": 1, "testname": "DC", "cornername": "Nominal"}
[2026-05-27 13:22:48.484 Z] [WARN] [cadence.virtuoso.ade.simulationMonitor] -     WARNING (CMI-2943): Parameter checks have been ignored because the valid value for parameter 'trise' could not be found in 'C1'. {"history": "Interactive.25", "point": 1, "testname": "DC", "cornername": "Nominal"}
[2026-05-27 13:22:48.485 Z] [WARN] [cadence.virtuoso.ade.simulationMonitor] -     WARNING (CMI-2943): Parameter checks have been ignored because the valid value for parameter 'trise' could not be found in 'I0.I3.R0.CM'. {"history": "Interactive.25", "point": 1, "testname": "DC", "cornername": "Nominal"}
[2026-05-27 13:22:48.485 Z] [WARN] [cadence.virtuoso.ade.simulationMonitor] -     WARNING (CMI-2943): Parameter checks have been ignored because the valid value for parameter 'trise' could not be found in 'I0.I3.R0.CS1'.
        Further occurrences of this warning will be suppressed. {"history": "Interactive.25", "point": 1, "testname": "DC", "cornername": "Nominal"}
[2026-05-27 13:22:48.486 Z] [INFO] [cadence.virtuoso.ade.simulationMonitor] - Total time required for dc analysis `dcOp': CPU = 1.46088 s, elapsed = 844.069 ms, util. = 173%. {"history": "Interactive.25", "point": 1, "testname": "DC", "cornername": "Nominal"}
[2026-05-27 13:22:48.486 Z] [INFO] [cadence.virtuoso.ade.simulationMonitor] - Peak resident memory used = 278 Mbytes. {"history": "Interactive.25", "point": 1, "testname": "DC", "cornername": "Nominal"}
[2026-05-27 13:22:48.486 Z] [INFO] [cadence.virtuoso.ade.simulationMonitor] - Notice from spectre.
    491 warnings suppressed. {"history": "Interactive.25", "point": 1, "testname": "DC", "cornername": "Nominal"}
[2026-05-27 13:22:49.987 Z] [WARN] [cadence.virtuoso.ade.simulationMonitor] -     WARNING (CMI-2425): I0.I1.C0: `Acde' = 2.393 is unusually large. {"history": "Interactive.25", "point": 1, "testname": "DC", "cornername": "Nominal"}
[2026-05-27 13:22:49.988 Z] [WARN] [cadence.virtuoso.ade.simulationMonitor] -     WARNING (CMI-2425): I0.I1.C0: `Noff' = 4.732 is unusually large. {"history": "Interactive.25", "point": 1, "testname": "DC", "cornername": "Nominal"}
[2026-05-27 13:22:49.989 Z] [WARN] [cadence.virtuoso.ade.simulationMonitor] -     WARNING (CMI-2424): I0.I1.C0: `Voffcv' = -867.4e-03 is unusually small. {"history": "Interactive.25", "point": 1, "testname": "DC", "cornername": "Nominal"}
[2026-05-27 13:22:49.989 Z] [WARN] [cadence.virtuoso.ade.simulationMonitor] -     WARNING (CMI-2425): I0.I0.C1: `Acde' = 2.393 is unusually large. {"history": "Interactive.25", "point": 1, "testname": "DC", "cornername": "Nominal"}
[2026-05-27 13:22:49.989 Z] [WARN] [cadence.virtuoso.ade.simulationMonitor] -     WARNING (CMI-2425): I0.I0.C1: `Noff' = 4.732 is unusually large. {"history": "Interactive.25", "point": 1, "testname": "DC", "cornername": "Nominal"}
[2026-05-27 13:22:49.989 Z] [WARN] [cadence.virtuoso.ade.simulationMonitor] -     WARNING (CMI-2424): I0.I0.C1: `Voffcv' = -867.4e-03 is unusually small. {"history": "Interactive.25", "point": 1, "testname": "DC", "cornername": "Nominal"}
[2026-05-27 13:22:49.990 Z] [WARN] [cadence.virtuoso.ade.simulationMonitor] -     WARNING (CMI-2425): I0.I0.C2: `Acde' = 2.393 is unusually large.
        Further occurrences of this warning will be suppressed. {"history": "Interactive.25", "point": 1, "testname": "DC", "cornername": "Nominal"}
[2026-05-27 13:22:49.990 Z] [WARN] [cadence.virtuoso.ade.simulationMonitor] -     WARNING (CMI-2424): I0.I0.C2: `Voffcv' = -867.4e-03 is unusually small. {"history": "Interactive.25", "point": 1, "testname": "DC", "cornername": "Nominal"}
[2026-05-27 13:22:49.990 Z] [WARN] [cadence.virtuoso.ade.simulationMonitor] -     WARNING (CMI-2424): I0.I0.C0(0): `Voffcv' = -867.4e-03 is unusually small. {"history": "Interactive.25", "point": 1, "testname": "DC", "cornername": "Nominal"}
[2026-05-27 13:22:49.990 Z] [WARN] [cadence.virtuoso.ade.simulationMonitor] -     WARNING (CMI-2424): I0.I4.C1(0): `Voffcv' = -867.4e-03 is unusually small.
        Further occurrences of this warning will be suppressed. {"history": "Interactive.25", "point": 1, "testname": "DC", "cornername": "Nominal"}
[2026-05-27 13:22:50.491 Z] [INFO] [cadence.virtuoso.ade.simulationMonitor] - Notice from spectre during DC analysis, during Noise analysis `noise'.
    Bad pivoting is found during DC analysis. Option dc_pivot_check=yes is recommended for possible improvement of convergence. {"history": "Interactive.25", "point": 1, "testname": "DC", "cornername": "Nominal"}
[2026-05-27 13:22:50.494 Z] [WARN] [cadence.virtuoso.ade.simulationMonitor] -     WARNING (CMI-2943): Parameter checks have been ignored because the valid value for parameter 'trise' could not be found in 'R7'. {"history": "Interactive.25", "point": 1, "testname": "DC", "cornername": "Nominal"}
[2026-05-27 13:22:50.495 Z] [WARN] [cadence.virtuoso.ade.simulationMonitor] -     WARNING (CMI-2943): Parameter checks have been ignored because the valid value for parameter 'trise' could not be found in 'C0'. {"history": "Interactive.25", "point": 1, "testname": "DC", "cornername": "Nominal"}
[2026-05-27 13:22:50.496 Z] [WARN] [cadence.virtuoso.ade.simulationMonitor] -     WARNING (CMI-2943): Parameter checks have been ignored because the valid value for parameter 'trise' could not be found in 'C1'. {"history": "Interactive.25", "point": 1, "testname": "DC", "cornername": "Nominal"}
[2026-05-27 13:22:50.497 Z] [WARN] [cadence.virtuoso.ade.simulationMonitor] -     WARNING (CMI-2943): Parameter checks have been ignored because the valid value for parameter 'trise' could not be found in 'I0.I3.R0.CM'. {"history": "Interactive.25", "point": 1, "testname": "DC", "cornername": "Nominal"}
[2026-05-27 13:22:50.497 Z] [WARN] [cadence.virtuoso.ade.simulationMonitor] -     WARNING (CMI-2943): Parameter checks have been ignored because the valid value for parameter 'trise' could not be found in 'I0.I3.R0.CS1'.
        Further occurrences of this warning will be suppressed. {"history": "Interactive.25", "point": 1, "testname": "DC", "cornername": "Nominal"}
[2026-05-27 13:22:50.497 Z] [WARN] [cadence.virtuoso.ade.simulationMonitor] -     WARNING (SPECTRE-17192): 
        Tolerance relaxation is used during DC simulation which may affect the accuracy of the result. This is mainly caused by the high impedance nodes in the circuit. Use the dyn_highz check to determine the high impedance nodes. Setting/assigning appropriate initial values to these nodes will usually help to improve both performance and accuracy of DC simulations. {"history": "Interactive.25", "point": 1, "testname": "DC", "cornername": "Nominal"}
[2026-05-27 13:22:53.499 Z] [INFO] [cadence.virtuoso.ade.simulationMonitor] - Total time required for noise analysis `noise': CPU = 9.34404 s, elapsed = 3.37706 s, util. = 277%. {"history": "Interactive.25", "point": 1, "testname": "DC", "cornername": "Nominal"}
[2026-05-27 13:22:53.499 Z] [INFO] [cadence.virtuoso.ade.simulationMonitor] - Peak resident memory used = 305 Mbytes. {"history": "Interactive.25", "point": 1, "testname": "DC", "cornername": "Nominal"}
[2026-05-27 13:22:53.499 Z] [INFO] [cadence.virtuoso.ade.simulationMonitor] - Notice from spectre.
    496 warnings suppressed. {"history": "Interactive.25", "point": 1, "testname": "DC", "cornername": "Nominal"}
[2026-05-27 13:22:53.499 Z] [WARN] [cadence.virtuoso.ade.simulationMonitor] -     WARNING (CMI-2425): I0.I1.C0: `Acde' = 2.393 is unusually large. {"history": "Interactive.25", "point": 1, "testname": "DC", "cornername": "Nominal"}
[2026-05-27 13:22:53.500 Z] [WARN] [cadence.virtuoso.ade.simulationMonitor] -     WARNING (CMI-2425): I0.I1.C0: `Noff' = 4.732 is unusually large. {"history": "Interactive.25", "point": 1, "testname": "DC", "cornername": "Nominal"}
[2026-05-27 13:22:53.500 Z] [WARN] [cadence.virtuoso.ade.simulationMonitor] -     WARNING (CMI-2424): I0.I1.C0: `Voffcv' = -867.4e-03 is unusually small. {"history": "Interactive.25", "point": 1, "testname": "DC", "cornername": "Nominal"}
[2026-05-27 13:22:53.500 Z] [WARN] [cadence.virtuoso.ade.simulationMonitor] -     WARNING (CMI-2425): I0.I0.C1: `Acde' = 2.393 is unusually large. {"history": "Interactive.25", "point": 1, "testname": "DC", "cornername": "Nominal"}
[2026-05-27 13:22:53.500 Z] [WARN] [cadence.virtuoso.ade.simulationMonitor] -     WARNING (CMI-2425): I0.I0.C1: `Noff' = 4.732 is unusually large. {"history": "Interactive.25", "point": 1, "testname": "DC", "cornername": "Nominal"}
[2026-05-27 13:22:53.500 Z] [WARN] [cadence.virtuoso.ade.simulationMonitor] -     WARNING (CMI-2424): I0.I0.C1: `Voffcv' = -867.4e-03 is unusually small. {"history": "Interactive.25", "point": 1, "testname": "DC", "cornername": "Nominal"}
[2026-05-27 13:22:53.500 Z] [WARN] [cadence.virtuoso.ade.simulationMonitor] -     WARNING (CMI-2425): I0.I0.C2: `Acde' = 2.393 is unusually large.
        Further occurrences of this warning will be suppressed. {"history": "Interactive.25", "point": 1, "testname": "DC", "cornername": "Nominal"}
[2026-05-27 13:22:53.500 Z] [WARN] [cadence.virtuoso.ade.simulationMonitor] -     WARNING (CMI-2424): I0.I0.C2: `Voffcv' = -867.4e-03 is unusually small. {"history": "Interactive.25", "point": 1, "testname": "DC", "cornername": "Nominal"}
[2026-05-27 13:22:53.501 Z] [WARN] [cadence.virtuoso.ade.simulationMonitor] -     WARNING (CMI-2424): I0.I0.C0(0): `Voffcv' = -867.4e-03 is unusually small. {"history": "Interactive.25", "point": 1, "testname": "DC", "cornername": "Nominal"}
[2026-05-27 13:22:53.501 Z] [WARN] [cadence.virtuoso.ade.simulationMonitor] -     WARNING (CMI-2424): I0.I4.C1(0): `Voffcv' = -867.4e-03 is unusually small.
        Further occurrences of this warning will be suppressed. {"history": "Interactive.25", "point": 1, "testname": "DC", "cornername": "Nominal"}
[2026-05-27 13:22:53.501 Z] [INFO] [cadence.virtuoso.ade.simulationMonitor] - Notice from spectre during XF analysis `xf'.
    Operating points will not be recomputed: the circuit and conditions were not changed since previous analysis. {"history": "Interactive.25", "point": 1, "testname": "DC", "cornername": "Nominal"}
[2026-05-27 13:22:54.001 Z] [INFO] [cadence.virtuoso.ade.simulationMonitor] - Total time required for xf analysis `xf': CPU = 2.2398 s, elapsed = 855.442 ms, util. = 262%. {"history": "Interactive.25", "point": 1, "testname": "DC", "cornername": "Nominal"}
[2026-05-27 13:22:54.002 Z] [INFO] [cadence.virtuoso.ade.simulationMonitor] - Peak resident memory used = 305 Mbytes. {"history": "Interactive.25", "point": 1, "testname": "DC", "cornername": "Nominal"}
[2026-05-27 13:22:54.002 Z] [INFO] [cadence.virtuoso.ade.simulationMonitor] - Notice from spectre.
    5 warnings suppressed. {"history": "Interactive.25", "point": 1, "testname": "DC", "cornername": "Nominal"}
[2026-05-27 13:22:54.002 Z] [INFO] [cadence.virtuoso.ade.simulationMonitor] - Time used: CPU = 17.4 s, elapsed = 10.7 s, util. = 163%. {"history": "Interactive.25", "point": 1, "testname": "DC", "cornername": "Nominal"}
[2026-05-27 13:22:54.002 Z] [INFO] [cadence.virtuoso.ade.simulationMonitor] - Time spent in licensing: elapsed = 98.2 ms. {"history": "Interactive.25", "point": 1, "testname": "DC", "cornername": "Nominal"}
[2026-05-27 13:22:54.003 Z] [INFO] [cadence.virtuoso.ade.simulationMonitor] - Peak memory used = 305 Mbytes. {"history": "Interactive.25", "point": 1, "testname": "DC", "cornername": "Nominal"}
[2026-05-27 13:22:54.005 Z] [PROCESS] [cadence.virtuoso.ade.simulationMonitor] - Simulation started at: 1:22:43 PM, Wed May 27, 2026, ended at: 1:22:53 PM, Wed May 27, 2026, with elapsed time (wall clock): 10.7 s. {"history": "Interactive.25", "point": 1, "testname": "DC", "cornername": "Nominal"}
[2026-05-27 13:22:54.005 Z] [PROCESS] [cadence.virtuoso.ade.simulationMonitor] - spectre completes with 0 errors, 71 warnings, and 24 notices. {"history": "Interactive.25", "point": 1, "testname": "DC", "cornername": "Nominal"}
[2026-05-27 13:22:54.506 Z] [PROCESS] [cadence.virtuoso.ade.simulationMonitor] - Finished simulating for one point {"hostname": "il2244vt26_hrahimi", "processid": 386525, "history": "Interactive.25", "testname": "DC", "cornername": "Nominal", "point": 1, "logfile": "/home/hrahimi/projects/POTENTIOSTAT_26/logs_hrahimi/logs0/Job96.log", "simid": "3"}
[2026-05-27 13:22:54.506 Z] [PROCESS] [cadence.virtuoso.ade.simulationMonitor] - Simulator exited {"hostname": "il2244vt26_hrahimi", "processid": 386525, "history": "Interactive.25", "testname": "DC", "cornername": "Nominal", "point": 1, "logfile": "/home/hrahimi/projects/POTENTIOSTAT_26/logs_hrahimi/logs0/Job96.log", "exitStatus": "0"}
[2026-05-27 13:22:54.507 Z] [PROCESS] [cadence.virtuoso.ade.simulationMonitor] - Finished Simulation {"hostname": "il2244vt26_hrahimi", "processid": 386525, "history": "Interactive.25", "testname": "DC", "cornername": "Nominal", "point": 1, "logfile": "/home/hrahimi/projects/POTENTIOSTAT_26/logs_hrahimi/logs0/Job96.log", "simid": "3"}
[2026-05-27 13:22:57.528 Z] [PROCESS] [cadence.virtuoso.ade.simulationMonitor] - Point Finished {"hostname": "il2244vt26_hrahimi", "processid": 386525, "history": "Interactive.25", "testname": "DC", "cornername": "Nominal", "point": 1, "logfile": "/home/hrahimi/projects/POTENTIOSTAT_26/logs_hrahimi/logs0/Job96.log"}
[2026-05-27 13:22:58.533 Z] [PROCESS] [cadence.virtuoso.ade.simulationMonitor] - Stay with the runId '2', Linger time '300', currentRunSyn '5', currentTestSyn '6' {"hostname": "il2244vt26_hrahimi", "processid": 386525, "history": "Interactive.25", "testname": "DC", "cornername": "Nominal", "point": 1, "logfile": "/home/hrahimi/projects/POTENTIOSTAT_26/logs_hrahimi/logs0/Job96.log"}
[2026-05-27 13:27:59.513 Z] [PROCESS] [cadence.virtuoso.ade.simulationMonitor] - Current memory used: 53.5781 MBytes, peak memory used: 53.5781 MBytes {"hostname": "il2244vt26_hrahimi", "processid": 386525, "history": "Interactive.25", "testname": "DC", "cornername": "Nominal", "point": 1, "logfile": "/home/hrahimi/projects/POTENTIOSTAT_26/logs_hrahimi/logs0/Job96.log"}
[2026-05-27 13:27:59.514 Z] [PROCESS] [cadence.virtuoso.ade.simulationMonitor] - Simulation Monitor process exit. {"hostname": "il2244vt26_hrahimi", "processid": 386525, "history": "Interactive.25", "testname": "DC", "cornername": "Nominal", "point": 1, "logfile": "/home/hrahimi/projects/POTENTIOSTAT_26/logs_hrahimi/logs0/Job96.log"}
