[Logging Service: 210]
[2026-06-02 17:38:55.779 Z] [INFO] [cadence.virtuoso.ade.loggingservice] - HistoryRecorderManager init {"dbBasePath": "/home/hrahimi/projects/POTENTIOSTAT_26/Potentiostat_Top/top/maestro/results/maestro"}
[2026-06-02 17:38:55.779 Z] [PROCESS] [cadence.virtuoso.ade.loggingservice] - Logging Service has successfully started. Waiting for incoming messages ... {"hostname": "il2244vt26_hrahimi", "processid": 2065402, "logfile": "/home/hrahimi/projects/POTENTIOSTAT_26/logs_hrahimi/logs0/LoggingService210.log"}
[2026-06-02 17:40:51.106 Z] [ERROR] [cadence.virtuoso.ade.loggingservice] - historySqliteRecorder::insert failed {"reason": "database is locked"}
[2026-06-02 17:40:52.116 Z] [ERROR] [cadence.virtuoso.ade.loggingservice] - historySqliteRecorder::insert failed {"reason": "database is locked"}
[2026-06-02 17:40:53.122 Z] [ERROR] [cadence.virtuoso.ade.loggingservice] - historySqliteRecorder::insert failed {"reason": "database is locked"}
[2026-06-02 17:41:01.028 Z] [ERROR] [cadence.virtuoso.ade.loggingservice] - historySqliteRecorder::insert failed {"reason": "database is locked"}
[2026-06-02 17:41:02.033 Z] [ERROR] [cadence.virtuoso.ade.loggingservice] - historySqliteRecorder::insert location failed {"reason": "database is locked"}
[2026-06-02 17:41:03.040 Z] [ERROR] [cadence.virtuoso.ade.loggingservice] - historySqliteRecorder::insert failed {"reason": "database is locked"}
[2026-06-02 17:41:04.047 Z] [ERROR] [cadence.virtuoso.ade.loggingservice] - historySqliteRecorder::insert failed {"reason": "database is locked"}
[2026-06-02 17:41:05.052 Z] [ERROR] [cadence.virtuoso.ade.loggingservice] - historySqliteRecorder::insert failed {"reason": "database is locked"}
[2026-06-02 17:41:20.912 Z] [ERROR] [cadence.virtuoso.ade.loggingservice] - historySqliteRecorder::insert failed {"reason": "database is locked"}
[2026-06-02 17:41:21.918 Z] [ERROR] [cadence.virtuoso.ade.loggingservice] - historySqliteRecorder::insert failed {"reason": "database is locked"}
[2026-06-02 17:41:22.924 Z] [ERROR] [cadence.virtuoso.ade.loggingservice] - historySqliteRecorder::insert failed {"reason": "database is locked"}
[2026-06-02 17:41:23.930 Z] [ERROR] [cadence.virtuoso.ade.loggingservice] - historySqliteRecorder::insert failed {"reason": "database is locked"}
[2026-06-02 17:41:24.935 Z] [ERROR] [cadence.virtuoso.ade.loggingservice] - historySqliteRecorder::insert failed {"reason": "database is locked"}
[2026-06-02 17:41:25.939 Z] [ERROR] [cadence.virtuoso.ade.loggingservice] - historySqliteRecorder::insert failed {"reason": "database is locked"}
[2026-06-02 17:41:26.946 Z] [ERROR] [cadence.virtuoso.ade.loggingservice] - historySqliteRecorder::insert failed {"reason": "database is locked"}
[2026-06-02 17:41:27.951 Z] [ERROR] [cadence.virtuoso.ade.loggingservice] - historySqliteRecorder::insert failed {"reason": "database is locked"}
[2026-06-02 17:41:28.955 Z] [ERROR] [cadence.virtuoso.ade.loggingservice] - historySqliteRecorder::insert failed {"reason": "database is locked"}
[2026-06-02 17:41:29.961 Z] [ERROR] [cadence.virtuoso.ade.loggingservice] - historySqliteRecorder::insert failed {"reason": "database is locked"}
[2026-06-02 17:41:30.965 Z] [ERROR] [cadence.virtuoso.ade.loggingservice] - historySqliteRecorder::insert failed {"reason": "database is locked"}
[2026-06-02 17:41:31.969 Z] [ERROR] [cadence.virtuoso.ade.loggingservice] - historySqliteRecorder::insert location failed {"reason": "database is locked"}
[2026-06-02 17:41:32.973 Z] [ERROR] [cadence.virtuoso.ade.loggingservice] - historySqliteRecorder::insert failed {"reason": "database is locked"}
[2026-06-02 17:41:33.978 Z] [ERROR] [cadence.virtuoso.ade.loggingservice] - historySqliteRecorder::insert failed {"reason": "database is locked"}
[2026-06-02 17:41:34.982 Z] [ERROR] [cadence.virtuoso.ade.loggingservice] - historySqliteRecorder::insert failed {"reason": "database is locked"}
[2026-06-02 17:41:35.988 Z] [ERROR] [cadence.virtuoso.ade.loggingservice] - historySqliteRecorder::insert failed {"reason": "database is locked"}
[2026-06-02 17:41:36.993 Z] [ERROR] [cadence.virtuoso.ade.loggingservice] - historySqliteRecorder::insert failed {"reason": "database is locked"}
[2026-06-02 17:41:37.999 Z] [ERROR] [cadence.virtuoso.ade.loggingservice] - historySqliteRecorder::insert failed {"reason": "database is locked"}
[2026-06-02 17:41:45.911 Z] [ERROR] [cadence.virtuoso.ade.loggingservice] - historySqliteRecorder::insert location failed {"reason": "database is locked"}
[2026-06-02 17:41:46.915 Z] [ERROR] [cadence.virtuoso.ade.loggingservice] - historySqliteRecorder::insert failed {"reason": "database is locked"}
[2026-06-02 17:42:05.805 Z] [ERROR] [cadence.virtuoso.ade.loggingservice] - historySqliteRecorder::insert location failed {"reason": "database is locked"}
[2026-06-02 17:42:06.809 Z] [ERROR] [cadence.virtuoso.ade.loggingservice] - historySqliteRecorder::insert failed {"reason": "database is locked"}
[2026-06-02 17:42:07.814 Z] [ERROR] [cadence.virtuoso.ade.loggingservice] - historySqliteRecorder::insert failed {"reason": "database is locked"}
[2026-06-02 17:42:08.821 Z] [ERROR] [cadence.virtuoso.ade.loggingservice] - historySqliteRecorder::insert failed {"reason": "database is locked"}
[2026-06-02 17:42:09.824 Z] [ERROR] [cadence.virtuoso.ade.loggingservice] - historySqliteRecorder::insert failed {"reason": "database is locked"}
[2026-06-02 17:42:10.828 Z] [ERROR] [cadence.virtuoso.ade.loggingservice] - historySqliteRecorder::insert failed {"reason": "database is locked"}
[2026-06-02 17:42:11.833 Z] [ERROR] [cadence.virtuoso.ade.loggingservice] - historySqliteRecorder::insert failed {"reason": "database is locked"}
[2026-06-02 17:42:12.838 Z] [ERROR] [cadence.virtuoso.ade.loggingservice] - historySqliteRecorder::insert failed {"reason": "database is locked"}
[2026-06-02 17:42:13.844 Z] [ERROR] [cadence.virtuoso.ade.loggingservice] - historySqliteRecorder::insert failed {"reason": "database is locked"}
[2026-06-02 17:42:32.575 Z] [ERROR] [cadence.virtuoso.ade.loggingservice] - historySqliteRecorder::insert failed {"reason": "database is locked"}
[2026-06-02 17:42:33.582 Z] [ERROR] [cadence.virtuoso.ade.loggingservice] - historySqliteRecorder::insert failed {"reason": "database is locked"}
[2026-06-02 17:42:34.587 Z] [ERROR] [cadence.virtuoso.ade.loggingservice] - historySqliteRecorder::insert failed {"reason": "database is locked"}
[2026-06-02 17:42:35.594 Z] [ERROR] [cadence.virtuoso.ade.loggingservice] - historySqliteRecorder::insert failed {"reason": "database is locked"}
[2026-06-02 17:42:36.600 Z] [ERROR] [cadence.virtuoso.ade.loggingservice] - historySqliteRecorder::insert failed {"reason": "database is locked"}
[2026-06-02 17:42:37.605 Z] [ERROR] [cadence.virtuoso.ade.loggingservice] - historySqliteRecorder::insert failed {"reason": "database is locked"}
[2026-06-02 17:42:38.611 Z] [ERROR] [cadence.virtuoso.ade.loggingservice] - historySqliteRecorder::insert failed {"reason": "database is locked"}
[2026-06-02 17:42:39.617 Z] [ERROR] [cadence.virtuoso.ade.loggingservice] - historySqliteRecorder::insert location failed {"reason": "database is locked"}
[2026-06-02 17:42:40.621 Z] [ERROR] [cadence.virtuoso.ade.loggingservice] - historySqliteRecorder::insert failed {"reason": "database is locked"}
[2026-06-02 17:42:41.627 Z] [ERROR] [cadence.virtuoso.ade.loggingservice] - historySqliteRecorder::insert failed {"reason": "database is locked"}
[2026-06-02 17:42:42.632 Z] [ERROR] [cadence.virtuoso.ade.loggingservice] - historySqliteRecorder::insert failed {"reason": "database is locked"}
[2026-06-02 17:42:43.637 Z] [ERROR] [cadence.virtuoso.ade.loggingservice] - historySqliteRecorder::insert failed {"reason": "database is locked"}
[2026-06-02 17:42:44.642 Z] [ERROR] [cadence.virtuoso.ade.loggingservice] - historySqliteRecorder::insert failed {"reason": "database is locked"}
[2026-06-02 17:42:45.648 Z] [ERROR] [cadence.virtuoso.ade.loggingservice] - historySqliteRecorder::insert failed {"reason": "database is locked"}
[2026-06-02 17:42:46.652 Z] [ERROR] [cadence.virtuoso.ade.loggingservice] - historySqliteRecorder::insert failed {"reason": "database is locked"}
[2026-06-02 17:42:47.657 Z] [ERROR] [cadence.virtuoso.ade.loggingservice] - historySqliteRecorder::insert failed {"reason": "database is locked"}
[2026-06-02 17:42:48.670 Z] [ERROR] [cadence.virtuoso.ade.loggingservice] - historySqliteRecorder::insert failed {"reason": "database is locked"}
[2026-06-02 17:42:49.675 Z] [ERROR] [cadence.virtuoso.ade.loggingservice] - historySqliteRecorder::insert location failed {"reason": "database is locked"}
[2026-06-02 17:42:50.683 Z] [ERROR] [cadence.virtuoso.ade.loggingservice] - historySqliteRecorder::insert failed {"reason": "database is locked"}
[2026-06-02 17:42:51.690 Z] [ERROR] [cadence.virtuoso.ade.loggingservice] - historySqliteRecorder::insert failed {"reason": "database is locked"}
[2026-06-02 17:42:52.695 Z] [ERROR] [cadence.virtuoso.ade.loggingservice] - historySqliteRecorder::insert failed {"reason": "database is locked"}
[2026-06-02 17:42:53.701 Z] [ERROR] [cadence.virtuoso.ade.loggingservice] - historySqliteRecorder::insert failed {"reason": "database is locked"}
[2026-06-02 17:42:54.705 Z] [ERROR] [cadence.virtuoso.ade.loggingservice] - historySqliteRecorder::insert location failed {"reason": "database is locked"}
[2026-06-02 17:42:55.709 Z] [ERROR] [cadence.virtuoso.ade.loggingservice] - historySqliteRecorder::insert failed {"reason": "database is locked"}
[2026-06-02 17:42:56.714 Z] [ERROR] [cadence.virtuoso.ade.loggingservice] - historySqliteRecorder::insert failed {"reason": "database is locked"}
[2026-06-02 17:42:57.719 Z] [ERROR] [cadence.virtuoso.ade.loggingservice] - historySqliteRecorder::insert failed {"reason": "database is locked"}
[2026-06-02 17:42:58.724 Z] [ERROR] [cadence.virtuoso.ade.loggingservice] - historySqliteRecorder::insert failed {"reason": "database is locked"}
[2026-06-02 17:42:59.730 Z] [ERROR] [cadence.virtuoso.ade.loggingservice] - historySqliteRecorder::insert failed {"reason": "database is locked"}
[2026-06-02 17:43:00.735 Z] [ERROR] [cadence.virtuoso.ade.loggingservice] - historySqliteRecorder::insert failed {"reason": "database is locked"}
[2026-06-02 17:43:01.741 Z] [ERROR] [cadence.virtuoso.ade.loggingservice] - historySqliteRecorder::insert failed {"reason": "database is locked"}
[2026-06-02 17:43:02.747 Z] [ERROR] [cadence.virtuoso.ade.loggingservice] - historySqliteRecorder::insert failed {"reason": "database is locked"}
[2026-06-02 17:43:03.751 Z] [ERROR] [cadence.virtuoso.ade.loggingservice] - historySqliteRecorder::insert failed {"reason": "database is locked"}
[2026-06-02 17:43:04.756 Z] [ERROR] [cadence.virtuoso.ade.loggingservice] - historySqliteRecorder::insert failed {"reason": "database is locked"}
[2026-06-02 17:43:29.522 Z] [ERROR] [cadence.virtuoso.ade.loggingservice] - historySqliteRecorder::insert failed {"reason": "database is locked"}
[2026-06-02 17:43:30.528 Z] [ERROR] [cadence.virtuoso.ade.loggingservice] - historySqliteRecorder::insert failed {"reason": "database is locked"}
[2026-06-02 17:43:31.534 Z] [ERROR] [cadence.virtuoso.ade.loggingservice] - historySqliteRecorder::insert failed {"reason": "database is locked"}
[2026-06-02 17:43:32.539 Z] [ERROR] [cadence.virtuoso.ade.loggingservice] - historySqliteRecorder::insert failed {"reason": "database is locked"}
[2026-06-02 17:43:33.544 Z] [ERROR] [cadence.virtuoso.ade.loggingservice] - historySqliteRecorder::insert failed {"reason": "database is locked"}
[2026-06-02 17:43:34.548 Z] [ERROR] [cadence.virtuoso.ade.loggingservice] - historySqliteRecorder::insert failed {"reason": "database is locked"}
[2026-06-02 17:43:35.552 Z] [ERROR] [cadence.virtuoso.ade.loggingservice] - historySqliteRecorder::insert failed {"reason": "database is locked"}
[2026-06-02 17:43:36.557 Z] [ERROR] [cadence.virtuoso.ade.loggingservice] - historySqliteRecorder::insert failed {"reason": "database is locked"}
[2026-06-02 17:43:37.562 Z] [ERROR] [cadence.virtuoso.ade.loggingservice] - historySqliteRecorder::insert failed {"reason": "database is locked"}
[2026-06-02 17:43:38.568 Z] [ERROR] [cadence.virtuoso.ade.loggingservice] - historySqliteRecorder::insert failed {"reason": "database is locked"}
[2026-06-02 17:43:50.514 Z] [ERROR] [cadence.virtuoso.ade.loggingservice] - historySqliteRecorder::insert failed {"reason": "database is locked"}
[2026-06-02 17:44:04.246 Z] [ERROR] [cadence.virtuoso.ade.loggingservice] - historySqliteRecorder::insert failed {"reason": "database is locked"}
[2026-06-02 17:44:05.252 Z] [ERROR] [cadence.virtuoso.ade.loggingservice] - historySqliteRecorder::insert failed {"reason": "database is locked"}
[2026-06-02 17:44:06.258 Z] [ERROR] [cadence.virtuoso.ade.loggingservice] - historySqliteRecorder::insert failed {"reason": "database is locked"}
[2026-06-02 17:44:07.267 Z] [ERROR] [cadence.virtuoso.ade.loggingservice] - historySqliteRecorder::insert failed {"reason": "database is locked"}
[2026-06-02 17:44:08.272 Z] [ERROR] [cadence.virtuoso.ade.loggingservice] - historySqliteRecorder::insert failed {"reason": "database is locked"}
[2026-06-02 17:44:09.277 Z] [ERROR] [cadence.virtuoso.ade.loggingservice] - historySqliteRecorder::insert failed {"reason": "database is locked"}
[2026-06-02 17:44:10.282 Z] [ERROR] [cadence.virtuoso.ade.loggingservice] - historySqliteRecorder::insert failed {"reason": "database is locked"}
[2026-06-02 17:44:11.287 Z] [ERROR] [cadence.virtuoso.ade.loggingservice] - historySqliteRecorder::insert failed {"reason": "database is locked"}
[2026-06-02 17:44:27.173 Z] [ERROR] [cadence.virtuoso.ade.loggingservice] - historySqliteRecorder::insert failed {"reason": "database is locked"}
[2026-06-02 17:44:28.179 Z] [ERROR] [cadence.virtuoso.ade.loggingservice] - historySqliteRecorder::insert failed {"reason": "database is locked"}
[2026-06-02 17:44:29.183 Z] [ERROR] [cadence.virtuoso.ade.loggingservice] - historySqliteRecorder::insert failed {"reason": "database is locked"}
[2026-06-02 17:44:36.648 Z] [ERROR] [cadence.virtuoso.ade.loggingservice] - historySqliteRecorder::insert failed {"reason": "database is locked"}
[2026-06-02 17:44:37.654 Z] [ERROR] [cadence.virtuoso.ade.loggingservice] - historySqliteRecorder::insert failed {"reason": "database is locked"}
[2026-06-02 17:44:38.662 Z] [ERROR] [cadence.virtuoso.ade.loggingservice] - historySqliteRecorder::insert failed {"reason": "database is locked"}
[2026-06-02 17:44:39.669 Z] [ERROR] [cadence.virtuoso.ade.loggingservice] - historySqliteRecorder::insert location failed {"reason": "database is locked"}
[2026-06-02 17:44:40.675 Z] [ERROR] [cadence.virtuoso.ade.loggingservice] - historySqliteRecorder::insert failed {"reason": "database is locked"}
[2026-06-02 17:44:41.682 Z] [ERROR] [cadence.virtuoso.ade.loggingservice] - historySqliteRecorder::insert failed {"reason": "database is locked"}
[2026-06-02 17:44:42.690 Z] [ERROR] [cadence.virtuoso.ade.loggingservice] - historySqliteRecorder::insert failed {"reason": "database is locked"}
[2026-06-02 17:44:43.695 Z] [ERROR] [cadence.virtuoso.ade.loggingservice] - historySqliteRecorder::insert failed {"reason": "database is locked"}
[2026-06-02 17:45:01.158 Z] [ERROR] [cadence.virtuoso.ade.loggingservice] - historySqliteRecorder::insert failed {"reason": "database is locked"}
[2026-06-02 17:45:02.163 Z] [ERROR] [cadence.virtuoso.ade.loggingservice] - historySqliteRecorder::insert failed {"reason": "database is locked"}
[2026-06-02 17:45:03.168 Z] [ERROR] [cadence.virtuoso.ade.loggingservice] - historySqliteRecorder::insert failed {"reason": "database is locked"}
[2026-06-02 17:45:04.173 Z] [ERROR] [cadence.virtuoso.ade.loggingservice] - historySqliteRecorder::insert failed {"reason": "database is locked"}
[2026-06-02 17:45:05.177 Z] [ERROR] [cadence.virtuoso.ade.loggingservice] - historySqliteRecorder::insert failed {"reason": "database is locked"}
[2026-06-02 17:45:06.184 Z] [ERROR] [cadence.virtuoso.ade.loggingservice] - historySqliteRecorder::insert failed {"reason": "database is locked"}
[2026-06-02 17:45:07.189 Z] [ERROR] [cadence.virtuoso.ade.loggingservice] - historySqliteRecorder::insert failed {"reason": "database is locked"}
[2026-06-02 17:45:08.194 Z] [ERROR] [cadence.virtuoso.ade.loggingservice] - historySqliteRecorder::insert failed {"reason": "database is locked"}
[2026-06-02 17:45:20.276 Z] [ERROR] [cadence.virtuoso.ade.loggingservice] - historySqliteRecorder::insert failed {"reason": "database is locked"}
[2026-06-02 17:45:29.007 Z] [ERROR] [cadence.virtuoso.ade.loggingservice] - historySqliteRecorder::insert failed {"reason": "database is locked"}
[2026-06-02 17:45:30.014 Z] [ERROR] [cadence.virtuoso.ade.loggingservice] - historySqliteRecorder::insert failed {"reason": "database is locked"}
[2026-06-02 17:45:31.020 Z] [ERROR] [cadence.virtuoso.ade.loggingservice] - historySqliteRecorder::insert failed {"reason": "database is locked"}
[2026-06-02 17:45:32.025 Z] [ERROR] [cadence.virtuoso.ade.loggingservice] - historySqliteRecorder::insert failed {"reason": "database is locked"}
[2026-06-02 17:45:47.439 Z] [ERROR] [cadence.virtuoso.ade.loggingservice] - historySqliteRecorder::insert failed {"reason": "database is locked"}
[2026-06-02 17:46:02.206 Z] [ERROR] [cadence.virtuoso.ade.loggingservice] - historySqliteRecorder::insert failed {"reason": "database is locked"}
[2026-06-02 17:46:23.225 Z] [ERROR] [cadence.virtuoso.ade.loggingservice] - historySqliteRecorder::insert failed {"reason": "database is locked"}
[2026-06-02 17:46:24.232 Z] [ERROR] [cadence.virtuoso.ade.loggingservice] - historySqliteRecorder::insert failed {"reason": "database is locked"}
[2026-06-02 17:46:25.239 Z] [ERROR] [cadence.virtuoso.ade.loggingservice] - historySqliteRecorder::insert failed {"reason": "database is locked"}
[2026-06-02 17:46:26.244 Z] [ERROR] [cadence.virtuoso.ade.loggingservice] - historySqliteRecorder::insert failed {"reason": "database is locked"}
[2026-06-02 17:46:32.010 Z] [ERROR] [cadence.virtuoso.ade.loggingservice] - historySqliteRecorder::insert failed {"reason": "database is locked"}
[2026-06-02 17:46:33.017 Z] [ERROR] [cadence.virtuoso.ade.loggingservice] - historySqliteRecorder::insert failed {"reason": "database is locked"}
[2026-06-02 17:46:34.023 Z] [ERROR] [cadence.virtuoso.ade.loggingservice] - historySqliteRecorder::insert failed {"reason": "database is locked"}
[2026-06-02 17:46:35.027 Z] [ERROR] [cadence.virtuoso.ade.loggingservice] - historySqliteRecorder::insert failed {"reason": "database is locked"}
[2026-06-02 17:46:36.030 Z] [ERROR] [cadence.virtuoso.ade.loggingservice] - historySqliteRecorder::insert failed {"reason": "database is locked"}
[2026-06-02 17:46:37.035 Z] [ERROR] [cadence.virtuoso.ade.loggingservice] - historySqliteRecorder::insert failed {"reason": "database is locked"}
[2026-06-02 17:46:38.041 Z] [ERROR] [cadence.virtuoso.ade.loggingservice] - historySqliteRecorder::insert failed {"reason": "database is locked"}
[2026-06-02 17:46:39.049 Z] [ERROR] [cadence.virtuoso.ade.loggingservice] - historySqliteRecorder::insert failed {"reason": "database is locked"}
[2026-06-02 17:46:40.053 Z] [ERROR] [cadence.virtuoso.ade.loggingservice] - historySqliteRecorder::insert failed {"reason": "database is locked"}
[2026-06-02 17:46:41.058 Z] [ERROR] [cadence.virtuoso.ade.loggingservice] - historySqliteRecorder::insert failed {"reason": "database is locked"}
[2026-06-02 17:46:42.065 Z] [ERROR] [cadence.virtuoso.ade.loggingservice] - historySqliteRecorder::insert failed {"reason": "database is locked"}
[2026-06-02 17:46:43.069 Z] [ERROR] [cadence.virtuoso.ade.loggingservice] - historySqliteRecorder::insert failed {"reason": "database is locked"}
[2026-06-02 17:46:44.075 Z] [ERROR] [cadence.virtuoso.ade.loggingservice] - historySqliteRecorder::insert failed {"reason": "database is locked"}
[2026-06-02 17:46:45.081 Z] [ERROR] [cadence.virtuoso.ade.loggingservice] - historySqliteRecorder::insert failed {"reason": "database is locked"}
[2026-06-02 17:46:46.086 Z] [ERROR] [cadence.virtuoso.ade.loggingservice] - historySqliteRecorder::insert failed {"reason": "database is locked"}
[2026-06-02 17:46:47.092 Z] [ERROR] [cadence.virtuoso.ade.loggingservice] - historySqliteRecorder::insert failed {"reason": "database is locked"}
[2026-06-02 17:46:56.349 Z] [ERROR] [cadence.virtuoso.ade.loggingservice] - historySqliteRecorder::insert failed {"reason": "database is locked"}
[2026-06-02 17:46:57.354 Z] [ERROR] [cadence.virtuoso.ade.loggingservice] - historySqliteRecorder::insert failed {"reason": "database is locked"}
[2026-06-02 17:46:58.362 Z] [ERROR] [cadence.virtuoso.ade.loggingservice] - historySqliteRecorder::insert location failed {"reason": "database is locked"}
[2026-06-02 17:46:59.366 Z] [ERROR] [cadence.virtuoso.ade.loggingservice] - historySqliteRecorder::insert failed {"reason": "database is locked"}
[2026-06-02 17:47:02.043 Z] [ERROR] [cadence.virtuoso.ade.loggingservice] - historySqliteRecorder::insert failed {"reason": "database is locked"}
[2026-06-02 17:47:03.051 Z] [ERROR] [cadence.virtuoso.ade.loggingservice] - historySqliteRecorder::insert failed {"reason": "database is locked"}
[2026-06-02 17:47:04.056 Z] [ERROR] [cadence.virtuoso.ade.loggingservice] - historySqliteRecorder::insert failed {"reason": "database is locked"}
[2026-06-02 17:47:05.061 Z] [ERROR] [cadence.virtuoso.ade.loggingservice] - historySqliteRecorder::insert failed {"reason": "database is locked"}
[2026-06-02 17:47:11.511 Z] [ERROR] [cadence.virtuoso.ade.loggingservice] - historySqliteRecorder::insert failed {"reason": "database is locked"}
[2026-06-02 17:47:23.314 Z] [ERROR] [cadence.virtuoso.ade.loggingservice] - historySqliteRecorder::insert location failed {"reason": "database is locked"}
[2026-06-02 17:47:24.322 Z] [ERROR] [cadence.virtuoso.ade.loggingservice] - historySqliteRecorder::insert failed {"reason": "database is locked"}
[2026-06-02 17:47:25.328 Z] [ERROR] [cadence.virtuoso.ade.loggingservice] - historySqliteRecorder::insert failed {"reason": "database is locked"}
[2026-06-02 17:47:26.333 Z] [ERROR] [cadence.virtuoso.ade.loggingservice] - historySqliteRecorder::insert failed {"reason": "database is locked"}
[2026-06-02 17:47:59.055 Z] [ERROR] [cadence.virtuoso.ade.loggingservice] - historySqliteRecorder::insert failed {"reason": "database is locked"}
[2026-06-02 17:48:00.062 Z] [ERROR] [cadence.virtuoso.ade.loggingservice] - historySqliteRecorder::insert failed {"reason": "database is locked"}
[2026-06-02 17:48:01.066 Z] [ERROR] [cadence.virtuoso.ade.loggingservice] - historySqliteRecorder::insert failed {"reason": "database is locked"}
[2026-06-02 17:48:02.070 Z] [ERROR] [cadence.virtuoso.ade.loggingservice] - historySqliteRecorder::insert failed {"reason": "database is locked"}
[2026-06-02 17:48:32.501 Z] [ERROR] [cadence.virtuoso.ade.loggingservice] - historySqliteRecorder::insert failed {"reason": "database is locked"}
[2026-06-02 17:48:33.509 Z] [ERROR] [cadence.virtuoso.ade.loggingservice] - historySqliteRecorder::insert failed {"reason": "database is locked"}
[2026-06-02 17:48:34.514 Z] [ERROR] [cadence.virtuoso.ade.loggingservice] - historySqliteRecorder::insert failed {"reason": "database is locked"}
[2026-06-02 17:48:35.521 Z] [ERROR] [cadence.virtuoso.ade.loggingservice] - historySqliteRecorder::insert failed {"reason": "database is locked"}
[2026-06-02 17:48:36.525 Z] [ERROR] [cadence.virtuoso.ade.loggingservice] - historySqliteRecorder::insert failed {"reason": "database is locked"}
[2026-06-02 17:48:37.530 Z] [ERROR] [cadence.virtuoso.ade.loggingservice] - historySqliteRecorder::insert failed {"reason": "database is locked"}
[2026-06-02 17:48:38.538 Z] [ERROR] [cadence.virtuoso.ade.loggingservice] - historySqliteRecorder::insert failed {"reason": "database is locked"}
[2026-06-02 17:48:39.547 Z] [ERROR] [cadence.virtuoso.ade.loggingservice] - historySqliteRecorder::insert failed {"reason": "database is locked"}
[2026-06-02 17:48:40.551 Z] [ERROR] [cadence.virtuoso.ade.loggingservice] - historySqliteRecorder::insert failed {"reason": "database is locked"}
[2026-06-02 17:48:59.756 Z] [ERROR] [cadence.virtuoso.ade.loggingservice] - historySqliteRecorder::insert failed {"reason": "database is locked"}
[2026-06-02 17:49:32.198 Z] [ERROR] [cadence.virtuoso.ade.loggingservice] - historySqliteRecorder::insert failed {"reason": "database is locked"}
[2026-06-02 17:49:44.288 Z] [ERROR] [cadence.virtuoso.ade.loggingservice] - historySqliteRecorder::insert failed {"reason": "database is locked"}
[2026-06-02 17:49:50.213 Z] [ERROR] [cadence.virtuoso.ade.loggingservice] - historySqliteRecorder::insert failed {"reason": "database is locked"}
[2026-06-02 17:49:51.219 Z] [ERROR] [cadence.virtuoso.ade.loggingservice] - historySqliteRecorder::insert failed {"reason": "database is locked"}
[2026-06-02 17:49:52.224 Z] [ERROR] [cadence.virtuoso.ade.loggingservice] - historySqliteRecorder::insert failed {"reason": "database is locked"}
[2026-06-02 17:49:53.228 Z] [ERROR] [cadence.virtuoso.ade.loggingservice] - historySqliteRecorder::insert failed {"reason": "database is locked"}
[2026-06-02 17:50:03.185 Z] [ERROR] [cadence.virtuoso.ade.loggingservice] - historySqliteRecorder::insert failed {"reason": "database is locked"}
[2026-06-02 17:50:04.192 Z] [ERROR] [cadence.virtuoso.ade.loggingservice] - historySqliteRecorder::insert failed {"reason": "database is locked"}
[2026-06-02 17:50:05.200 Z] [ERROR] [cadence.virtuoso.ade.loggingservice] - historySqliteRecorder::insert failed {"reason": "database is locked"}
[2026-06-02 17:50:06.206 Z] [ERROR] [cadence.virtuoso.ade.loggingservice] - historySqliteRecorder::insert failed {"reason": "database is locked"}
[2026-06-02 17:50:07.212 Z] [ERROR] [cadence.virtuoso.ade.loggingservice] - historySqliteRecorder::insert failed {"reason": "database is locked"}
[2026-06-02 17:50:08.217 Z] [ERROR] [cadence.virtuoso.ade.loggingservice] - historySqliteRecorder::insert failed {"reason": "database is locked"}
[2026-06-02 17:50:17.554 Z] [ERROR] [cadence.virtuoso.ade.loggingservice] - historySqliteRecorder::insert failed {"reason": "database is locked"}
[2026-06-02 17:50:18.559 Z] [ERROR] [cadence.virtuoso.ade.loggingservice] - historySqliteRecorder::insert failed {"reason": "database is locked"}
[2026-06-02 17:50:19.564 Z] [ERROR] [cadence.virtuoso.ade.loggingservice] - historySqliteRecorder::insert failed {"reason": "database is locked"}
[2026-06-02 17:50:20.568 Z] [ERROR] [cadence.virtuoso.ade.loggingservice] - historySqliteRecorder::insert failed {"reason": "database is locked"}
[2026-06-02 17:50:21.572 Z] [ERROR] [cadence.virtuoso.ade.loggingservice] - historySqliteRecorder::insert failed {"reason": "database is locked"}
[2026-06-02 17:50:22.576 Z] [ERROR] [cadence.virtuoso.ade.loggingservice] - historySqliteRecorder::insert failed {"reason": "database is locked"}
[2026-06-02 17:50:23.581 Z] [ERROR] [cadence.virtuoso.ade.loggingservice] - historySqliteRecorder::insert failed {"reason": "database is locked"}
[2026-06-02 17:50:24.587 Z] [ERROR] [cadence.virtuoso.ade.loggingservice] - historySqliteRecorder::insert failed {"reason": "database is locked"}
[2026-06-02 17:50:25.594 Z] [ERROR] [cadence.virtuoso.ade.loggingservice] - historySqliteRecorder::insert failed {"reason": "database is locked"}
[2026-06-02 17:50:26.600 Z] [ERROR] [cadence.virtuoso.ade.loggingservice] - historySqliteRecorder::insert failed {"reason": "database is locked"}
[2026-06-02 17:50:32.057 Z] [ERROR] [cadence.virtuoso.ade.loggingservice] - historySqliteRecorder::insert failed {"reason": "database is locked"}
[2026-06-02 17:50:33.065 Z] [ERROR] [cadence.virtuoso.ade.loggingservice] - historySqliteRecorder::insert failed {"reason": "database is locked"}
[2026-06-02 17:50:34.069 Z] [ERROR] [cadence.virtuoso.ade.loggingservice] - historySqliteRecorder::insert failed {"reason": "database is locked"}
[2026-06-02 17:50:35.073 Z] [ERROR] [cadence.virtuoso.ade.loggingservice] - historySqliteRecorder::insert failed {"reason": "database is locked"}
[2026-06-02 17:50:41.364 Z] [ERROR] [cadence.virtuoso.ade.loggingservice] - historySqliteRecorder::insert failed {"reason": "database is locked"}
[2026-06-02 17:50:42.370 Z] [ERROR] [cadence.virtuoso.ade.loggingservice] - historySqliteRecorder::insert failed {"reason": "database is locked"}
[2026-06-02 17:50:43.376 Z] [ERROR] [cadence.virtuoso.ade.loggingservice] - historySqliteRecorder::insert failed {"reason": "database is locked"}
[2026-06-02 17:50:44.382 Z] [ERROR] [cadence.virtuoso.ade.loggingservice] - historySqliteRecorder::insert failed {"reason": "database is locked"}
[2026-06-02 17:50:45.388 Z] [ERROR] [cadence.virtuoso.ade.loggingservice] - historySqliteRecorder::insert location failed {"reason": "database is locked"}
[2026-06-02 17:50:46.395 Z] [ERROR] [cadence.virtuoso.ade.loggingservice] - historySqliteRecorder::insert failed {"reason": "database is locked"}
[2026-06-02 17:50:47.401 Z] [ERROR] [cadence.virtuoso.ade.loggingservice] - historySqliteRecorder::insert failed {"reason": "database is locked"}
[2026-06-02 17:50:48.408 Z] [ERROR] [cadence.virtuoso.ade.loggingservice] - historySqliteRecorder::insert failed {"reason": "database is locked"}
[2026-06-02 17:50:49.415 Z] [ERROR] [cadence.virtuoso.ade.loggingservice] - historySqliteRecorder::insert failed {"reason": "database is locked"}
[2026-06-02 17:50:50.418 Z] [ERROR] [cadence.virtuoso.ade.loggingservice] - historySqliteRecorder::insert failed {"reason": "database is locked"}
[2026-06-02 17:50:53.604 Z] [ERROR] [cadence.virtuoso.ade.loggingservice] - historySqliteRecorder::insert failed {"reason": "database is locked"}
[2026-06-02 17:50:54.610 Z] [ERROR] [cadence.virtuoso.ade.loggingservice] - historySqliteRecorder::insert failed {"reason": "database is locked"}
[2026-06-02 17:50:55.615 Z] [ERROR] [cadence.virtuoso.ade.loggingservice] - historySqliteRecorder::insert failed {"reason": "database is locked"}
[2026-06-02 17:50:56.621 Z] [ERROR] [cadence.virtuoso.ade.loggingservice] - historySqliteRecorder::insert failed {"reason": "database is locked"}
[2026-06-02 17:50:57.626 Z] [ERROR] [cadence.virtuoso.ade.loggingservice] - historySqliteRecorder::insert failed {"reason": "database is locked"}
[2026-06-02 17:50:58.630 Z] [ERROR] [cadence.virtuoso.ade.loggingservice] - historySqliteRecorder::insert failed {"reason": "database is locked"}
[2026-06-02 17:50:59.635 Z] [ERROR] [cadence.virtuoso.ade.loggingservice] - historySqliteRecorder::insert failed {"reason": "database is locked"}
[2026-06-02 17:51:00.640 Z] [ERROR] [cadence.virtuoso.ade.loggingservice] - historySqliteRecorder::insert failed {"reason": "database is locked"}
[2026-06-02 17:51:01.645 Z] [ERROR] [cadence.virtuoso.ade.loggingservice] - historySqliteRecorder::insert failed {"reason": "database is locked"}
[2026-06-02 17:51:02.652 Z] [ERROR] [cadence.virtuoso.ade.loggingservice] - historySqliteRecorder::insert failed {"reason": "database is locked"}
[2026-06-02 17:51:03.658 Z] [ERROR] [cadence.virtuoso.ade.loggingservice] - historySqliteRecorder::insert failed {"reason": "database is locked"}
[2026-06-02 17:51:04.664 Z] [ERROR] [cadence.virtuoso.ade.loggingservice] - historySqliteRecorder::insert failed {"reason": "database is locked"}
[2026-06-02 17:51:05.669 Z] [ERROR] [cadence.virtuoso.ade.loggingservice] - historySqliteRecorder::insert failed {"reason": "database is locked"}
[2026-06-02 17:51:06.674 Z] [ERROR] [cadence.virtuoso.ade.loggingservice] - historySqliteRecorder::insert failed {"reason": "database is locked"}
[2026-06-02 17:51:07.679 Z] [ERROR] [cadence.virtuoso.ade.loggingservice] - historySqliteRecorder::insert failed {"reason": "database is locked"}
[2026-06-02 17:51:08.684 Z] [ERROR] [cadence.virtuoso.ade.loggingservice] - historySqliteRecorder::insert failed {"reason": "database is locked"}
[2026-06-02 17:51:09.693 Z] [ERROR] [cadence.virtuoso.ade.loggingservice] - historySqliteRecorder::insert failed {"reason": "database is locked"}
[2026-06-02 17:51:10.698 Z] [ERROR] [cadence.virtuoso.ade.loggingservice] - historySqliteRecorder::insert failed {"reason": "database is locked"}
[2026-06-02 17:51:11.704 Z] [ERROR] [cadence.virtuoso.ade.loggingservice] - historySqliteRecorder::insert failed {"reason": "database is locked"}
[2026-06-02 17:51:12.710 Z] [ERROR] [cadence.virtuoso.ade.loggingservice] - historySqliteRecorder::insert failed {"reason": "database is locked"}
[2026-06-02 17:51:13.715 Z] [ERROR] [cadence.virtuoso.ade.loggingservice] - historySqliteRecorder::insert location failed {"reason": "database is locked"}
[2026-06-02 17:51:14.720 Z] [ERROR] [cadence.virtuoso.ade.loggingservice] - historySqliteRecorder::insert failed {"reason": "database is locked"}
[2026-06-02 17:51:15.728 Z] [ERROR] [cadence.virtuoso.ade.loggingservice] - historySqliteRecorder::insert location failed {"reason": "database is locked"}
[2026-06-02 17:51:16.734 Z] [ERROR] [cadence.virtuoso.ade.loggingservice] - historySqliteRecorder::insert failed {"reason": "database is locked"}
[2026-06-02 17:51:17.738 Z] [ERROR] [cadence.virtuoso.ade.loggingservice] - historySqliteRecorder::insert failed {"reason": "database is locked"}
[2026-06-02 17:51:18.742 Z] [ERROR] [cadence.virtuoso.ade.loggingservice] - historySqliteRecorder::insert failed {"reason": "database is locked"}
[2026-06-02 17:51:19.747 Z] [ERROR] [cadence.virtuoso.ade.loggingservice] - historySqliteRecorder::insert failed {"reason": "database is locked"}
[2026-06-02 17:51:20.753 Z] [ERROR] [cadence.virtuoso.ade.loggingservice] - historySqliteRecorder::insert location failed {"reason": "database is locked"}
[2026-06-02 17:51:21.758 Z] [ERROR] [cadence.virtuoso.ade.loggingservice] - historySqliteRecorder::insert failed {"reason": "database is locked"}
[2026-06-02 17:51:22.764 Z] [ERROR] [cadence.virtuoso.ade.loggingservice] - historySqliteRecorder::insert failed {"reason": "database is locked"}
[2026-06-02 17:51:23.768 Z] [ERROR] [cadence.virtuoso.ade.loggingservice] - historySqliteRecorder::insert failed {"reason": "database is locked"}
[2026-06-02 17:51:24.774 Z] [ERROR] [cadence.virtuoso.ade.loggingservice] - historySqliteRecorder::insert failed {"reason": "database is locked"}
[2026-06-02 17:51:25.779 Z] [ERROR] [cadence.virtuoso.ade.loggingservice] - historySqliteRecorder::insert failed {"reason": "database is locked"}
[2026-06-02 17:51:26.785 Z] [ERROR] [cadence.virtuoso.ade.loggingservice] - historySqliteRecorder::insert failed {"reason": "database is locked"}
[2026-06-02 17:51:27.792 Z] [ERROR] [cadence.virtuoso.ade.loggingservice] - historySqliteRecorder::insert failed {"reason": "database is locked"}
[2026-06-02 17:51:28.796 Z] [ERROR] [cadence.virtuoso.ade.loggingservice] - historySqliteRecorder::insert failed {"reason": "database is locked"}
[2026-06-02 17:51:32.355 Z] [ERROR] [cadence.virtuoso.ade.loggingservice] - historySqliteRecorder::insert failed {"reason": "database is locked"}
[2026-06-02 17:51:33.363 Z] [ERROR] [cadence.virtuoso.ade.loggingservice] - historySqliteRecorder::insert failed {"reason": "database is locked"}
[2026-06-02 17:51:34.372 Z] [ERROR] [cadence.virtuoso.ade.loggingservice] - historySqliteRecorder::insert failed {"reason": "database is locked"}
[2026-06-02 17:51:35.377 Z] [ERROR] [cadence.virtuoso.ade.loggingservice] - historySqliteRecorder::insert failed {"reason": "database is locked"}
[2026-06-02 17:51:44.517 Z] [ERROR] [cadence.virtuoso.ade.loggingservice] - historySqliteRecorder::insert failed {"reason": "database is locked"}
[2026-06-02 17:51:45.522 Z] [ERROR] [cadence.virtuoso.ade.loggingservice] - historySqliteRecorder::insert failed {"reason": "database is locked"}
[2026-06-02 17:51:46.528 Z] [ERROR] [cadence.virtuoso.ade.loggingservice] - historySqliteRecorder::insert failed {"reason": "database is locked"}
[2026-06-02 17:51:47.534 Z] [ERROR] [cadence.virtuoso.ade.loggingservice] - historySqliteRecorder::insert failed {"reason": "database is locked"}
[2026-06-02 17:51:48.539 Z] [ERROR] [cadence.virtuoso.ade.loggingservice] - historySqliteRecorder::insert failed {"reason": "database is locked"}
[2026-06-02 17:51:49.547 Z] [ERROR] [cadence.virtuoso.ade.loggingservice] - historySqliteRecorder::insert failed {"reason": "database is locked"}
[2026-06-02 17:51:50.553 Z] [ERROR] [cadence.virtuoso.ade.loggingservice] - historySqliteRecorder::insert failed {"reason": "database is locked"}
[2026-06-02 17:52:05.627 Z] [ERROR] [cadence.virtuoso.ade.loggingservice] - historySqliteRecorder::insert failed {"reason": "database is locked"}
[2026-06-02 17:52:06.633 Z] [ERROR] [cadence.virtuoso.ade.loggingservice] - historySqliteRecorder::insert failed {"reason": "database is locked"}
[2026-06-02 17:52:07.638 Z] [ERROR] [cadence.virtuoso.ade.loggingservice] - historySqliteRecorder::insert failed {"reason": "database is locked"}
[2026-06-02 17:52:08.644 Z] [ERROR] [cadence.virtuoso.ade.loggingservice] - historySqliteRecorder::insert failed {"reason": "database is locked"}
[2026-06-02 17:52:09.650 Z] [ERROR] [cadence.virtuoso.ade.loggingservice] - historySqliteRecorder::insert failed {"reason": "database is locked"}
[2026-06-02 17:52:10.655 Z] [ERROR] [cadence.virtuoso.ade.loggingservice] - historySqliteRecorder::insert failed {"reason": "database is locked"}
[2026-06-02 17:52:26.880 Z] [ERROR] [cadence.virtuoso.ade.loggingservice] - historySqliteRecorder::insert failed {"reason": "database is locked"}
[2026-06-02 17:52:41.892 Z] [ERROR] [cadence.virtuoso.ade.loggingservice] - historySqliteRecorder::insert failed {"reason": "database is locked"}
[2026-06-02 17:52:42.897 Z] [ERROR] [cadence.virtuoso.ade.loggingservice] - historySqliteRecorder::insert failed {"reason": "database is locked"}
[2026-06-02 17:52:43.903 Z] [ERROR] [cadence.virtuoso.ade.loggingservice] - historySqliteRecorder::insert failed {"reason": "database is locked"}
[2026-06-02 17:52:44.909 Z] [ERROR] [cadence.virtuoso.ade.loggingservice] - historySqliteRecorder::insert failed {"reason": "database is locked"}
[2026-06-02 17:53:02.574 Z] [ERROR] [cadence.virtuoso.ade.loggingservice] - historySqliteRecorder::insert failed {"reason": "database is locked"}
[2026-06-02 17:53:03.580 Z] [ERROR] [cadence.virtuoso.ade.loggingservice] - historySqliteRecorder::insert failed {"reason": "database is locked"}
[2026-06-02 17:53:04.586 Z] [ERROR] [cadence.virtuoso.ade.loggingservice] - historySqliteRecorder::insert location failed {"reason": "database is locked"}
[2026-06-02 17:53:23.479 Z] [ERROR] [cadence.virtuoso.ade.loggingservice] - historySqliteRecorder::insert failed {"reason": "database is locked"}
[2026-06-02 17:53:24.487 Z] [ERROR] [cadence.virtuoso.ade.loggingservice] - historySqliteRecorder::insert failed {"reason": "database is locked"}
[2026-06-02 17:53:25.492 Z] [ERROR] [cadence.virtuoso.ade.loggingservice] - historySqliteRecorder::insert failed {"reason": "database is locked"}
[2026-06-02 17:53:26.500 Z] [ERROR] [cadence.virtuoso.ade.loggingservice] - historySqliteRecorder::insert failed {"reason": "database is locked"}
[2026-06-02 17:53:27.505 Z] [ERROR] [cadence.virtuoso.ade.loggingservice] - historySqliteRecorder::insert failed {"reason": "database is locked"}
[2026-06-02 17:53:28.512 Z] [ERROR] [cadence.virtuoso.ade.loggingservice] - historySqliteRecorder::insert failed {"reason": "database is locked"}
[2026-06-02 17:53:29.518 Z] [ERROR] [cadence.virtuoso.ade.loggingservice] - historySqliteRecorder::insert failed {"reason": "database is locked"}
[2026-06-02 17:53:30.523 Z] [ERROR] [cadence.virtuoso.ade.loggingservice] - historySqliteRecorder::insert failed {"reason": "database is locked"}
[2026-06-02 17:53:31.529 Z] [ERROR] [cadence.virtuoso.ade.loggingservice] - historySqliteRecorder::insert failed {"reason": "database is locked"}
[2026-06-02 17:53:35.176 Z] [ERROR] [cadence.virtuoso.ade.loggingservice] - historySqliteRecorder::insert failed {"reason": "database is locked"}
[2026-06-02 17:53:59.683 Z] [ERROR] [cadence.virtuoso.ade.loggingservice] - historySqliteRecorder::insert failed {"reason": "database is locked"}
[2026-06-02 17:54:00.688 Z] [ERROR] [cadence.virtuoso.ade.loggingservice] - historySqliteRecorder::insert failed {"reason": "database is locked"}
[2026-06-02 17:54:01.694 Z] [ERROR] [cadence.virtuoso.ade.loggingservice] - historySqliteRecorder::insert failed {"reason": "database is locked"}
[2026-06-02 17:54:02.701 Z] [ERROR] [cadence.virtuoso.ade.loggingservice] - historySqliteRecorder::insert failed {"reason": "database is locked"}
[2026-06-02 17:54:03.706 Z] [ERROR] [cadence.virtuoso.ade.loggingservice] - historySqliteRecorder::insert failed {"reason": "database is locked"}
[2026-06-02 17:54:04.711 Z] [ERROR] [cadence.virtuoso.ade.loggingservice] - historySqliteRecorder::insert failed {"reason": "database is locked"}
[2026-06-02 17:54:05.717 Z] [ERROR] [cadence.virtuoso.ade.loggingservice] - historySqliteRecorder::insert failed {"reason": "database is locked"}
[2026-06-02 17:54:06.723 Z] [ERROR] [cadence.virtuoso.ade.loggingservice] - historySqliteRecorder::insert failed {"reason": "database is locked"}
[2026-06-02 17:54:07.729 Z] [ERROR] [cadence.virtuoso.ade.loggingservice] - historySqliteRecorder::insert failed {"reason": "database is locked"}
[2026-06-02 17:54:08.734 Z] [ERROR] [cadence.virtuoso.ade.loggingservice] - historySqliteRecorder::insert failed {"reason": "database is locked"}
[2026-06-02 17:54:09.741 Z] [ERROR] [cadence.virtuoso.ade.loggingservice] - historySqliteRecorder::insert failed {"reason": "database is locked"}
[2026-06-02 17:54:10.747 Z] [ERROR] [cadence.virtuoso.ade.loggingservice] - historySqliteRecorder::insert failed {"reason": "database is locked"}
[2026-06-02 17:54:11.752 Z] [ERROR] [cadence.virtuoso.ade.loggingservice] - historySqliteRecorder::insert failed {"reason": "database is locked"}
[2026-06-02 17:54:12.758 Z] [ERROR] [cadence.virtuoso.ade.loggingservice] - historySqliteRecorder::insert failed {"reason": "database is locked"}
[2026-06-02 17:54:13.763 Z] [ERROR] [cadence.virtuoso.ade.loggingservice] - historySqliteRecorder::insert failed {"reason": "database is locked"}
[2026-06-02 17:54:20.707 Z] [ERROR] [cadence.virtuoso.ade.loggingservice] - historySqliteRecorder::insert failed {"reason": "database is locked"}
[2026-06-02 17:54:21.713 Z] [ERROR] [cadence.virtuoso.ade.loggingservice] - historySqliteRecorder::insert failed {"reason": "database is locked"}
[2026-06-02 17:54:22.718 Z] [ERROR] [cadence.virtuoso.ade.loggingservice] - historySqliteRecorder::insert failed {"reason": "database is locked"}
[2026-06-02 17:54:23.724 Z] [ERROR] [cadence.virtuoso.ade.loggingservice] - historySqliteRecorder::insert failed {"reason": "database is locked"}
[2026-06-02 17:54:24.730 Z] [ERROR] [cadence.virtuoso.ade.loggingservice] - historySqliteRecorder::insert failed {"reason": "database is locked"}
[2026-06-02 17:54:25.736 Z] [ERROR] [cadence.virtuoso.ade.loggingservice] - historySqliteRecorder::insert failed {"reason": "database is locked"}
[2026-06-02 17:54:26.742 Z] [ERROR] [cadence.virtuoso.ade.loggingservice] - historySqliteRecorder::insert failed {"reason": "database is locked"}
[2026-06-02 17:54:27.747 Z] [ERROR] [cadence.virtuoso.ade.loggingservice] - historySqliteRecorder::insert failed {"reason": "database is locked"}
[2026-06-02 17:54:28.752 Z] [ERROR] [cadence.virtuoso.ade.loggingservice] - historySqliteRecorder::insert failed {"reason": "database is locked"}
[2026-06-02 17:54:29.758 Z] [ERROR] [cadence.virtuoso.ade.loggingservice] - historySqliteRecorder::insert failed {"reason": "database is locked"}
[2026-06-02 17:54:32.445 Z] [ERROR] [cadence.virtuoso.ade.loggingservice] - historySqliteRecorder::insert failed {"reason": "database is locked"}
[2026-06-02 17:54:33.451 Z] [ERROR] [cadence.virtuoso.ade.loggingservice] - historySqliteRecorder::insert failed {"reason": "database is locked"}
[2026-06-02 17:54:34.456 Z] [ERROR] [cadence.virtuoso.ade.loggingservice] - historySqliteRecorder::insert failed {"reason": "database is locked"}
[2026-06-02 17:54:35.461 Z] [ERROR] [cadence.virtuoso.ade.loggingservice] - historySqliteRecorder::insert failed {"reason": "database is locked"}
[2026-06-02 17:54:38.495 Z] [ERROR] [cadence.virtuoso.ade.loggingservice] - historySqliteRecorder::insert failed {"reason": "database is locked"}
[2026-06-02 17:54:39.502 Z] [ERROR] [cadence.virtuoso.ade.loggingservice] - historySqliteRecorder::insert failed {"reason": "database is locked"}
[2026-06-02 17:54:40.506 Z] [ERROR] [cadence.virtuoso.ade.loggingservice] - historySqliteRecorder::insert failed {"reason": "database is locked"}
[2026-06-02 17:54:41.510 Z] [ERROR] [cadence.virtuoso.ade.loggingservice] - historySqliteRecorder::insert failed {"reason": "database is locked"}
[2026-06-02 17:54:50.434 Z] [ERROR] [cadence.virtuoso.ade.loggingservice] - historySqliteRecorder::insert failed {"reason": "database is locked"}
[2026-06-02 17:54:51.441 Z] [ERROR] [cadence.virtuoso.ade.loggingservice] - historySqliteRecorder::insert failed {"reason": "database is locked"}
[2026-06-02 17:54:52.447 Z] [ERROR] [cadence.virtuoso.ade.loggingservice] - historySqliteRecorder::insert failed {"reason": "database is locked"}
[2026-06-02 17:54:53.452 Z] [ERROR] [cadence.virtuoso.ade.loggingservice] - historySqliteRecorder::insert failed {"reason": "database is locked"}
[2026-06-02 17:54:54.457 Z] [ERROR] [cadence.virtuoso.ade.loggingservice] - historySqliteRecorder::insert location failed {"reason": "database is locked"}
[2026-06-02 17:54:55.460 Z] [ERROR] [cadence.virtuoso.ade.loggingservice] - historySqliteRecorder::insert failed {"reason": "database is locked"}
[2026-06-02 17:54:56.463 Z] [ERROR] [cadence.virtuoso.ade.loggingservice] - historySqliteRecorder::insert failed {"reason": "database is locked"}
[2026-06-02 17:54:59.144 Z] [ERROR] [cadence.virtuoso.ade.loggingservice] - historySqliteRecorder::insert location failed {"reason": "database is locked"}
[2026-06-02 17:55:00.151 Z] [ERROR] [cadence.virtuoso.ade.loggingservice] - historySqliteRecorder::insert failed {"reason": "database is locked"}
[2026-06-02 17:55:01.158 Z] [ERROR] [cadence.virtuoso.ade.loggingservice] - historySqliteRecorder::insert failed {"reason": "database is locked"}
[2026-06-02 17:55:02.163 Z] [ERROR] [cadence.virtuoso.ade.loggingservice] - historySqliteRecorder::insert failed {"reason": "database is locked"}
[2026-06-02 17:55:11.602 Z] [ERROR] [cadence.virtuoso.ade.loggingservice] - historySqliteRecorder::insert failed {"reason": "database is locked"}
[2026-06-02 17:55:12.608 Z] [ERROR] [cadence.virtuoso.ade.loggingservice] - historySqliteRecorder::insert failed {"reason": "database is locked"}
[2026-06-02 17:55:13.612 Z] [ERROR] [cadence.virtuoso.ade.loggingservice] - historySqliteRecorder::insert failed {"reason": "database is locked"}
[2026-06-02 17:55:14.617 Z] [ERROR] [cadence.virtuoso.ade.loggingservice] - historySqliteRecorder::insert failed {"reason": "database is locked"}
[2026-06-02 17:55:17.190 Z] [ERROR] [cadence.virtuoso.ade.loggingservice] - historySqliteRecorder::insert location failed {"reason": "database is locked"}
[2026-06-02 17:55:18.196 Z] [ERROR] [cadence.virtuoso.ade.loggingservice] - historySqliteRecorder::insert failed {"reason": "database is locked"}
[2026-06-02 17:55:19.201 Z] [ERROR] [cadence.virtuoso.ade.loggingservice] - historySqliteRecorder::insert failed {"reason": "database is locked"}
[2026-06-02 17:55:20.206 Z] [ERROR] [cadence.virtuoso.ade.loggingservice] - historySqliteRecorder::insert failed {"reason": "database is locked"}
[2026-06-02 17:55:35.801 Z] [ERROR] [cadence.virtuoso.ade.loggingservice] - historySqliteRecorder::insert failed {"reason": "database is locked"}
[2026-06-02 17:55:41.279 Z] [ERROR] [cadence.virtuoso.ade.loggingservice] - historySqliteRecorder::insert failed {"reason": "database is locked"}
[2026-06-02 17:55:42.286 Z] [ERROR] [cadence.virtuoso.ade.loggingservice] - historySqliteRecorder::insert location failed {"reason": "database is locked"}
[2026-06-02 17:55:43.293 Z] [ERROR] [cadence.virtuoso.ade.loggingservice] - historySqliteRecorder::insert failed {"reason": "database is locked"}
[2026-06-02 17:55:44.299 Z] [ERROR] [cadence.virtuoso.ade.loggingservice] - historySqliteRecorder::insert failed {"reason": "database is locked"}
[2026-06-02 17:55:45.306 Z] [ERROR] [cadence.virtuoso.ade.loggingservice] - historySqliteRecorder::insert failed {"reason": "database is locked"}
[2026-06-02 17:55:46.311 Z] [ERROR] [cadence.virtuoso.ade.loggingservice] - historySqliteRecorder::insert failed {"reason": "database is locked"}
[2026-06-02 17:55:47.321 Z] [ERROR] [cadence.virtuoso.ade.loggingservice] - historySqliteRecorder::insert failed {"reason": "database is locked"}
[2026-06-02 17:55:48.327 Z] [ERROR] [cadence.virtuoso.ade.loggingservice] - historySqliteRecorder::insert failed {"reason": "database is locked"}
[2026-06-02 17:55:49.332 Z] [ERROR] [cadence.virtuoso.ade.loggingservice] - historySqliteRecorder::insert failed {"reason": "database is locked"}
[2026-06-02 17:55:50.337 Z] [ERROR] [cadence.virtuoso.ade.loggingservice] - historySqliteRecorder::insert failed {"reason": "database is locked"}
[2026-06-02 17:56:08.308 Z] [ERROR] [cadence.virtuoso.ade.loggingservice] - historySqliteRecorder::insert failed {"reason": "database is locked"}
[2026-06-02 17:56:09.315 Z] [ERROR] [cadence.virtuoso.ade.loggingservice] - historySqliteRecorder::insert failed {"reason": "database is locked"}
[2026-06-02 17:56:10.322 Z] [ERROR] [cadence.virtuoso.ade.loggingservice] - historySqliteRecorder::insert location failed {"reason": "database is locked"}
[2026-06-02 17:56:11.326 Z] [ERROR] [cadence.virtuoso.ade.loggingservice] - historySqliteRecorder::insert failed {"reason": "database is locked"}
[2026-06-02 17:56:17.255 Z] [ERROR] [cadence.virtuoso.ade.loggingservice] - historySqliteRecorder::insert failed {"reason": "database is locked"}
[2026-06-02 17:56:18.267 Z] [ERROR] [cadence.virtuoso.ade.loggingservice] - historySqliteRecorder::insert failed {"reason": "database is locked"}
[2026-06-02 17:56:19.272 Z] [ERROR] [cadence.virtuoso.ade.loggingservice] - historySqliteRecorder::insert failed {"reason": "database is locked"}
[2026-06-02 17:56:20.280 Z] [ERROR] [cadence.virtuoso.ade.loggingservice] - historySqliteRecorder::insert failed {"reason": "database is locked"}
[2026-06-02 17:56:21.287 Z] [ERROR] [cadence.virtuoso.ade.loggingservice] - historySqliteRecorder::insert failed {"reason": "database is locked"}
[2026-06-02 17:56:22.292 Z] [ERROR] [cadence.virtuoso.ade.loggingservice] - historySqliteRecorder::insert failed {"reason": "database is locked"}
[2026-06-02 17:56:23.297 Z] [ERROR] [cadence.virtuoso.ade.loggingservice] - historySqliteRecorder::insert failed {"reason": "database is locked"}
[2026-06-02 17:56:32.193 Z] [ERROR] [cadence.virtuoso.ade.loggingservice] - historySqliteRecorder::insert failed {"reason": "database is locked"}
[2026-06-02 17:56:35.327 Z] [ERROR] [cadence.virtuoso.ade.loggingservice] - historySqliteRecorder::insert failed {"reason": "database is locked"}
[2026-06-02 17:56:41.426 Z] [ERROR] [cadence.virtuoso.ade.loggingservice] - historySqliteRecorder::insert failed {"reason": "database is locked"}
[2026-06-02 17:56:42.433 Z] [ERROR] [cadence.virtuoso.ade.loggingservice] - historySqliteRecorder::insert failed {"reason": "database is locked"}
[2026-06-02 17:56:43.440 Z] [ERROR] [cadence.virtuoso.ade.loggingservice] - historySqliteRecorder::insert failed {"reason": "database is locked"}
[2026-06-02 17:56:44.447 Z] [ERROR] [cadence.virtuoso.ade.loggingservice] - historySqliteRecorder::insert failed {"reason": "database is locked"}
[2026-06-02 17:56:45.455 Z] [ERROR] [cadence.virtuoso.ade.loggingservice] - historySqliteRecorder::insert failed {"reason": "database is locked"}
[2026-06-02 17:56:46.460 Z] [ERROR] [cadence.virtuoso.ade.loggingservice] - historySqliteRecorder::insert failed {"reason": "database is locked"}
[2026-06-02 17:56:47.465 Z] [ERROR] [cadence.virtuoso.ade.loggingservice] - historySqliteRecorder::insert failed {"reason": "database is locked"}
[2026-06-02 17:56:48.472 Z] [ERROR] [cadence.virtuoso.ade.loggingservice] - historySqliteRecorder::insert failed {"reason": "database is locked"}
[2026-06-02 17:56:49.478 Z] [ERROR] [cadence.virtuoso.ade.loggingservice] - historySqliteRecorder::insert failed {"reason": "database is locked"}
[2026-06-02 17:56:50.483 Z] [ERROR] [cadence.virtuoso.ade.loggingservice] - historySqliteRecorder::insert failed {"reason": "database is locked"}
[2026-06-02 17:56:51.489 Z] [ERROR] [cadence.virtuoso.ade.loggingservice] - historySqliteRecorder::insert failed {"reason": "database is locked"}
[2026-06-02 17:56:52.495 Z] [ERROR] [cadence.virtuoso.ade.loggingservice] - historySqliteRecorder::insert failed {"reason": "database is locked"}
[2026-06-02 17:56:53.501 Z] [ERROR] [cadence.virtuoso.ade.loggingservice] - historySqliteRecorder::insert failed {"reason": "database is locked"}
[2026-06-02 17:56:54.506 Z] [ERROR] [cadence.virtuoso.ade.loggingservice] - historySqliteRecorder::insert failed {"reason": "database is locked"}
[2026-06-02 17:56:55.513 Z] [ERROR] [cadence.virtuoso.ade.loggingservice] - historySqliteRecorder::insert failed {"reason": "database is locked"}
[2026-06-02 17:56:56.517 Z] [ERROR] [cadence.virtuoso.ade.loggingservice] - historySqliteRecorder::insert failed {"reason": "database is locked"}
[2026-06-02 17:56:57.521 Z] [ERROR] [cadence.virtuoso.ade.loggingservice] - historySqliteRecorder::insert failed {"reason": "database is locked"}
[2026-06-02 17:56:58.527 Z] [ERROR] [cadence.virtuoso.ade.loggingservice] - historySqliteRecorder::insert failed {"reason": "database is locked"}
[2026-06-02 17:56:59.533 Z] [ERROR] [cadence.virtuoso.ade.loggingservice] - historySqliteRecorder::insert failed {"reason": "database is locked"}
[2026-06-02 17:57:02.884 Z] [ERROR] [cadence.virtuoso.ade.loggingservice] - historySqliteRecorder::insert failed {"reason": "database is locked"}
[2026-06-02 17:57:03.888 Z] [ERROR] [cadence.virtuoso.ade.loggingservice] - historySqliteRecorder::insert failed {"reason": "database is locked"}
[2026-06-02 17:57:04.895 Z] [ERROR] [cadence.virtuoso.ade.loggingservice] - historySqliteRecorder::insert failed {"reason": "database is locked"}
[2026-06-02 17:57:05.899 Z] [ERROR] [cadence.virtuoso.ade.loggingservice] - historySqliteRecorder::insert failed {"reason": "database is locked"}
[2026-06-02 17:57:17.539 Z] [ERROR] [cadence.virtuoso.ade.loggingservice] - historySqliteRecorder::insert failed {"reason": "database is locked"}
[2026-06-02 17:57:29.294 Z] [ERROR] [cadence.virtuoso.ade.loggingservice] - historySqliteRecorder::insert failed {"reason": "database is locked"}
[2026-06-02 17:57:30.299 Z] [ERROR] [cadence.virtuoso.ade.loggingservice] - historySqliteRecorder::insert failed {"reason": "database is locked"}
[2026-06-02 17:57:31.305 Z] [ERROR] [cadence.virtuoso.ade.loggingservice] - historySqliteRecorder::insert failed {"reason": "database is locked"}
[2026-06-02 17:57:32.309 Z] [ERROR] [cadence.virtuoso.ade.loggingservice] - historySqliteRecorder::insert failed {"reason": "database is locked"}
[2026-06-02 17:57:41.791 Z] [ERROR] [cadence.virtuoso.ade.loggingservice] - historySqliteRecorder::insert failed {"reason": "database is locked"}
[2026-06-02 17:57:42.799 Z] [ERROR] [cadence.virtuoso.ade.loggingservice] - historySqliteRecorder::insert failed {"reason": "database is locked"}
[2026-06-02 17:57:43.806 Z] [ERROR] [cadence.virtuoso.ade.loggingservice] - historySqliteRecorder::insert failed {"reason": "database is locked"}
[2026-06-02 17:57:44.812 Z] [ERROR] [cadence.virtuoso.ade.loggingservice] - historySqliteRecorder::insert failed {"reason": "database is locked"}
[2026-06-02 17:57:45.818 Z] [ERROR] [cadence.virtuoso.ade.loggingservice] - historySqliteRecorder::insert failed {"reason": "database is locked"}
[2026-06-02 17:57:46.823 Z] [ERROR] [cadence.virtuoso.ade.loggingservice] - historySqliteRecorder::insert failed {"reason": "database is locked"}
[2026-06-02 17:57:54.328 Z] [ERROR] [cadence.virtuoso.ade.loggingservice] - historySqliteRecorder::insert failed {"reason": "database is locked"}
[2026-06-02 17:57:55.333 Z] [ERROR] [cadence.virtuoso.ade.loggingservice] - historySqliteRecorder::insert failed {"reason": "database is locked"}
[2026-06-02 17:57:56.339 Z] [ERROR] [cadence.virtuoso.ade.loggingservice] - historySqliteRecorder::insert failed {"reason": "database is locked"}
[2026-06-02 17:58:14.434 Z] [ERROR] [cadence.virtuoso.ade.loggingservice] - historySqliteRecorder::insert failed {"reason": "database is locked"}
[2026-06-02 17:58:20.430 Z] [ERROR] [cadence.virtuoso.ade.loggingservice] - historySqliteRecorder::insert failed {"reason": "database is locked"}
[2026-06-02 17:58:26.468 Z] [ERROR] [cadence.virtuoso.ade.loggingservice] - historySqliteRecorder::insert failed {"reason": "database is locked"}
[2026-06-02 17:58:44.503 Z] [ERROR] [cadence.virtuoso.ade.loggingservice] - historySqliteRecorder::insert failed {"reason": "database is locked"}
[2026-06-02 17:58:47.549 Z] [ERROR] [cadence.virtuoso.ade.loggingservice] - historySqliteRecorder::insert failed {"reason": "database is locked"}
[2026-06-02 17:58:50.306 Z] [ERROR] [cadence.virtuoso.ade.loggingservice] - historySqliteRecorder::insert failed {"reason": "database is locked"}
[2026-06-02 17:58:53.598 Z] [ERROR] [cadence.virtuoso.ade.loggingservice] - historySqliteRecorder::insert failed {"reason": "database is locked"}
[2026-06-02 17:58:54.604 Z] [ERROR] [cadence.virtuoso.ade.loggingservice] - historySqliteRecorder::insert failed {"reason": "database is locked"}
[2026-06-02 17:58:55.610 Z] [ERROR] [cadence.virtuoso.ade.loggingservice] - historySqliteRecorder::insert failed {"reason": "database is locked"}
[2026-06-02 18:03:06.441 Z] [ERROR] [cadence.virtuoso.ade.loggingservice] - ServiceDBAccessSqliteOp::evalSql failed {"reason": "database is locked", "sql": "delete from meta;"}
[2026-06-02 18:03:07.446 Z] [ERROR] [cadence.virtuoso.ade.loggingservice] - ServiceDBAccessSqliteOp::evalSql failed {"reason": "database is locked", "sql": "insert into meta (key, value) values('version','1');"}
[2026-06-02 18:03:08.452 Z] [ERROR] [cadence.virtuoso.ade.loggingservice] - historySqliteRecorder::insert failed {"reason": "database is locked"}
[2026-06-02 18:03:22.728 Z] [ERROR] [cadence.virtuoso.ade.loggingservice] - historySqliteRecorder::insert failed {"reason": "database is locked"}
[2026-06-02 18:03:52.948 Z] [ERROR] [cadence.virtuoso.ade.loggingservice] - historySqliteRecorder::insert failed {"reason": "database is locked"}
[2026-06-02 18:13:59.395 Z] [PROCESS] [cadence.virtuoso.ade.loggingservice] - Current memory used: 60.5078 MBytes, peak memory used: 60.6992 MBytes {"hostname": "il2244vt26_hrahimi", "processid": 2065402, "logfile": "/home/hrahimi/projects/POTENTIOSTAT_26/logs_hrahimi/logs0/LoggingService210.log"}
[2026-06-02 18:13:59.395 Z] [PROCESS] [cadence.virtuoso.ade.loggingservice] - Stopping Logging Service process. {"hostname": "il2244vt26_hrahimi", "processid": 2065402, "logfile": "/home/hrahimi/projects/POTENTIOSTAT_26/logs_hrahimi/logs0/LoggingService210.log"}
[2026-06-02 18:13:59.395 Z] [PROCESS] [cadence.virtuoso.ade.loggingservice] - Logging Service stop!!!! {"hostname": "il2244vt26_hrahimi", "processid": 2065402, "logfile": "/home/hrahimi/projects/POTENTIOSTAT_26/logs_hrahimi/logs0/LoggingService210.log"}
