\# Program start time:     UTC 2026.05.27 11:25:05.908
\# Local time: UTC (UTC+00:00) 2026.05.27 11:25:05.908
\o Program:		@(#)$CDS: virtuoso version 6.1.8-64b 09/03/2024 19:11 (sjfhw316) $
\o Hierarchy:		/opt/tools/cadence/installs/IC618/tools.lnx86/dfII/
\o Sub version:		sub-version  IC6.1.8-64b.500.36  (64-bit addresses)
\# Command line:	/opt/tools/cadence/installs/IC618/tools.lnx86/dfII/bin/64bit/virtuoso -beanhost il2244vt26_hrahimi -beanport 11300 -beanbinlog  -beanLogFile /home/hrahimi/projects/POTENTIOSTAT_26/logs_hrahimi/logs0/amps_Service32.log -mpssession virtuoso145983 -mpshost il2244vt26_hrahimi -davinciService DaVinciService_145983_1779828956 -scopedPid 145983 -axlSession fnxSession5 -axlServiceIdFlag 32 -uuid 4026f0ad-69eb-4adb-9db2-133b8bf66808 -heartbeat /dev/shm/swift-heartbeat.oGNxpa6tSq -log /home/hrahimi/projects/POTENTIOSTAT_26/logs_hrahimi/logs0/Service32.log -noautostart -nographE -lscs 000175E1894CBE06FF0966E38F1FFC06BC4D6EE68E6D9506D52060E590078A72887903BA9319D236867C66E38F1FFC06BC4D66E38F1FFC06BC4D0CF55B902889D65B00001DE7 -interactive -offlineExprEval -fenixMode assembler -heartbeatTimeout  -lingerTimeout 300 -pointlifetime -1
\# Host name (type):	il2244vt26_hrahimi (x86_64)
\# Operating system:	Linux 5.15.0-164-generic #174-Ubuntu SMP Fri Nov 14 20:25:16 UTC 2025
\# Linux /etc/issue:	\S
\# Linux /etc/issue:	Kernel \r on an \m
\# X display name (WxH):	:839 (1024x868)
\# Available geometry:			TL(0:0) BR(1023:867)
\# X server:			The X.Org Foundation
\# Depth of Visual (Root):	24 (24)
\# Number of Planes Used:	24
\# X version:		11.0 (vendor release 12011000)
\# X resource pool:	base 0x400000, mask 0x1fffff (2097151), shift 0
\# 			current id 0x0, current max 0x1ffffa (2097146)
\# Max data seg size:	     unlimited
\# Max process size:	     unlimited
\# Initial sbrk value:	      1,246 MB
\# Available memory:	  2,343,270 MB
\# System memory:	  3,104,512 MB
\# Maximum memory size:	  3,103,387 MB
\# Max mem available:	  2,343,392 MB
\# Initial memory used:	        121 MB
\#        process size:	      1,677 MB
\# Thread usage limits (effective/default):	maxthreads 4294967295/4294967295 maxload 48.00/48.00
\# Qt version:		5.9.1
\# Window Manager:	other
\# User Name:		hrahimi
\o Working Directory:	il2244vt26_hrahimi:/home/hrahimi/projects/POTENTIOSTAT_26
\# Process Id:		287178
\o 
\o COPYRIGHT (C) 1992-2024  CADENCE DESIGN SYSTEMS INC.  ALL RIGHTS RESERVED.
\o           (C) 1992-2024  UNIX SYSTEMS Laboratories INC.,
\o                          Reproduced with permission.
\o 
\o This Cadence Design Systems program and online documentation are
\o proprietary/confidential information and may be disclosed/used only
\o as authorized in a license agreement controlling such use and disclosure.
\o 
\o           RESTRICTED RIGHTS NOTICE (SHORT FORM)
\o Use/reproduction/disclosure is subject to restriction
\o set forth at FAR 1252.227-19 or its equivalent.
\o Loading geView.cxt 
\o Loading menuBuilder.cxt 
\o Loading schView.cxt 
\o Loading selectSv.cxt 
\o Loading wireEdit.cxt 
\o Loading pte2.cxt 
\w Qt Warning: setNativeLocks failed: "Resource temporarily unavailable"
\o Loading xlUI.cxt 
\o Loading auCore.cxt 
\o Loading vhdl.cxt 
\o Loading seismic.cxt 
\o Loading ci.cxt 
\o Loading ams.cxt 
\o Loading oasis.cxt 
\o Loading analog.cxt 
\o Loading asimenv.cxt 
\o Loading dal.cxt 
\o Loading awv.cxt 
\o Loading socket.cxt 
\o Loading par.cxt 
\o Loading alvs.cxt 
\o Loading caa.cxt 
\o Loading amps.cxt 
\o Loading adexlCore.cxt 
\o Loading adexl.cxt 
\# Memory report: using         248 MB, process size 1,928 MB at UTC 2026.05.27 11:25:11.256
\o *Info*    Exporting services from client ... 
\o 
\o Loading adexlDM.cxt 
\o Loading cpf.cxt 
\o Loading cli.cxt 
\o Loading lp.cxt 
\o INFO (ELI-00302) Connecting to parent process (session=virtuoso145983, host=il2244vt26_hrahimi). Connection mode is LSCS. Total timeout is 180 seconds. Connection timeout is 90 seconds.
\o INFO (ELI-00303) Step 1: Connecting to parent. Time spent is 0 seconds.
\o INFO (ELI-00304) The registration of the child 287178 within 90 seconds is being processed...
\o INFO (ELI-00305) The result of registration is true. Time spent is 0 seconds.
\o INFO (ELI-00308) The connection has ended. Result is true. Total time spent is 3 seconds.
\# [11:25:08.445322] Configured Lic search path (22.01-s002): 3000@lic08.ug.kth.se:29000@lic06.ug.kth.se
\o ......................................................................................
\o            ams AG HIT-Kit v.ams_4.10
\o ......................................................................................
\o COPYRIGHT (c) 2012 Full Service Foundry @ ams AG.  ALL RIGHTS RESERVED
\o This HIT-Kit and attached documentation are confidential information and may 
\o only be used as authorized by the HIT-Kit license agreement.
\o ......................................................................................
\# Current Window: window(2)
\o Loading simulator default settings.
\w 
\w load( "/opt/tools/mentor/CALIBRE_2022.4_16/aoi_cal_2022.4_16.8/lib/calibre.skl" ))
\w                                                                                  ^
\w PARSER WARNING at line 63 column 82 of file ./.cdsinit_local
\w *WARNING* (Parser): extra ')' ignored
\o //
\o //  Calibre Skill Interface * (v2022.4_16.8) *
\o //
\o //                         Copyright Siemens 1996-2020     
\o //                             All Rights Reserved.
\o //         THIS WORK CONTAINS TRADE SECRET AND PROPRIETARY INFORMATION
\o //            WHICH IS THE PROPERTY OF MENTOR GRAPHICS CORPORATION
\o //              OR ITS LICENSORS AND IS SUBJECT TO LICENSE TERMS.
\o //
\o //
\o Loading simulator default settings.
\p hitkit: ams_4.10  Tech: c35b4c3  User: hrahimi 
\w *WARNING* could not load font "-*-courier-medium-r-*-*-12-*", using font "fixed"
\# Loading perfDiag...
\# (PerfDiag): Set GDB path to environment variable 'gdbPath' (gdb).
\# Performance Diagnostic tool is installed. You can access PerfDiag from CIW Tools or use the shell command 'cdsPerfDiag -p 287178' to open it when Virtuoso freezes.
\# (PerfDiag): Use backtrace from GLIBC.
\w *WARNING* _perfPstackCheck: Cannot find pstack/gstack. Please setup PATH environment variable to pstack/gstack executable.
\i _axlRunServices()
\o Loading simui.cxt 
\o [2026-05-27 11:25:14.638 Z] [PROCESS] [cadence.virtuoso.ade.services] - Netlist Service has successfully started. Waiting for incoming messages ... {"hostname": "il2244vt26_hrahimi", "processid": 287178, "logfile": "/home/hrahimi/projects/POTENTIOSTAT_26/logs_hrahimi/logs0/Service32.log"}
\# Available memory:      2,343,164 MB at UTC 2026.05.27 11:25:20.689
\# Memory report: Maximum memory size now 2,343,478 MB at UTC 2026.05.27 11:25:20.689
\# Thread usage report: 54 active threads, active load 1.40 at UTC 2026.05.27 11:25:20.690
\o [2026-05-27 11:29:39.104 Z] [EVENT] [cadence.virtuoso.ade.services.netlister] - NewPoint {"point": 0, "testname": "DC_MC", "event": "NewPoint", "EventSource": "Netlist Service", "HistoryName": "MonteCarlo.0", "logFile": "/home/hrahimi/projects/POTENTIOSTAT_26/logs_hrahimi/logs0/Service32.log", "logFileSize": "6859"}
\o [2026-05-27 11:29:39.105 Z] [INFO] [cadence.virtuoso.ade.services.netlister] - Started preparing netlist {"point": 0, "testname": "DC_MC", "testnameKey": "DC_MC"}
\o Loading vqp.cxt 
\o Loading vdsil.cxt 
\o *Warning* AXL Context Manager : job 32 is already registered. 
\o 
\o Loading hdlPkg.cxt 
\o 
\o 
\o *Info*    Configuring the session ...
\o 
\o 	Library      = FBIAS
\o 	Cell         = fecg_bandgap_tb
\o 	View         = config
\o 	Simulator    = spectre
\o 	State Path   = $AXL_SETUPDB_DIR/test_states
\o 	State Name   = MonteCarlo.0
\o 	Results DB   = /home/hrahimi/projects/POTENTIOSTAT_26/FBIAS/fecg_bandgap_tb/maestro/results/maestro/MonteCarlo.0.rdb
\o 	Results Dir  = /home/hrahimi/projects/POTENTIOSTAT_26/Sim/FBIAS/fecg_bandgap_tb/maestro/results/maestro/MonteCarlo.0/1/DC_MC
\o 	Results Loc  = /home/hrahimi/projects/POTENTIOSTAT_26/Sim/FBIAS/fecg_bandgap_tb/maestro/results/maestro
\o 	Project Dir  = /home/hrahimi/projects/POTENTIOSTAT_26/Sim
\o 	Setup DB loc = /home/hrahimi/projects/POTENTIOSTAT_26/FBIAS/fecg_bandgap_tb/maestro
\o 	File Encoding = 0
\o 
\o 
\o Loading viva.cxt 
\o Loading spectrei.cxt 
\# Memory report: using         368 MB, process size 2,127 MB at UTC 2026.05.27 11:29:41.044
\o Loading devCheck.cxt 
\o Loading relXpert.cxt 
\o Loading hspiceD.cxt 
\o Loading spectreinl.cxt 
\o Loading msgHandler.cxt 
\o Loading UltraSim.cxt 
\o Loading AMSOSS.cxt 
\o Loading AMS.cxt 
\o 
\o *Info*    The auto suspension is disabled.
\o 
\o Loading elec.cxt 
\o Resetting statistical vars
\o 
\o *Info*    Setting parameter values ...
\o 
\o Setting var VDD = "3.3"
\o Setting var VDD_PULSE = "0"
\o Setting var VDD_RISE = "1u"
\o Loading monte.cxt 
\o Reusing AHDL Data dir
\o 
\o *Info*    Data Directory    =
\o           /home/hrahimi/projects/POTENTIOSTAT_26/Sim/FBIAS/fecg_bandgap_tb/maestro/results/maestro/MonteCarlo.0/psf/DC_MC
\o 
\w *WARNING* (CMGR-6144): The 'ciRefreshCellView' SKILL function is not applicable to the layout constraint cache 'FBIAS fecg_bandgap3_layout av_extracted'. Run the 'dbRefreshCellView' SKILL function to refresh the cellview.
\o generate netlist...
\o Loading hnlInit.cxt 
\o Loading seCore.cxt 
\o function ansCdlCompPrim redefined
\o function ansCdlCompPrim redefined
\# [11:29:43.089905] periodic Lic check successful
\# [11:29:43.089907] Feature usage summary:
\o Begin Incremental Netlisting May 27 11:29:43 2026
\o WARNING (OSSHNL-225): The design variable 'temperature', used in the last netlisting session in the current
\o run directory is not used in this netlisting session. The netlist(s) generated
\o in the last netlisting session cannot be reused for incremental netlisting.
\o Therefore re-netlisting the design.
\o 
\o Loading json.cxt 
\o End netlisting May 27 11:29:47 2026
\o 
\o Netlisting Statistics:
\o 	Number of components: 11955
\o 
\o 	Elapsed time:          4.0s (2988.75/s)
\o Errors: 0	Warnings: 0
\o       ...successful.
\o compose simulator input file...
\o       ...successful.
\o [2026-05-27 11:29:48.044 Z] [INFO] [cadence.virtuoso.ade.services.netlister] - Finished preparing netlist {"point": 0, "testname": "DC_MC", "testnameKey": "DC_MC"}
\o [2026-05-27 11:29:49.049 Z] [EVENT] [cadence.virtuoso.ade.services.netlister] - GroupPoints {"point": 1, "testname": "DC_MC", "event": "GroupPoints", "EventSource": "Netlist Service", "Points": "1:1:13", "HistoryName": "MonteCarlo.0", "logFile": "/home/hrahimi/projects/POTENTIOSTAT_26/logs_hrahimi/logs0/Service32.log", "logFileSize": "9910"}
\o [2026-05-27 11:29:49.049 Z] [INFO] [cadence.virtuoso.ade.services.netlister] - Started netlisting {"point": 1, "testname": "DC_MC"}
\o Simulation design variables differ from those on the cellView,
\o they have been saved in the file "/tmp/saved-design-variables".
\o To save future changes, copy variables to cellView before exiting.
\o *Warning* AXL Context Manager : job 32 is already registered. 
\o 
\o 
\o 
\o *Info*    Configuring the session ...
\o 
\o 	Library      = FBIAS
\o 	Cell         = fecg_bandgap_tb
\o 	View         = config
\o 	Simulator    = spectre
\o 	State Path   = $AXL_SETUPDB_DIR/test_states
\o 	State Name   = MonteCarlo.0
\o 	Results DB   = /home/hrahimi/projects/POTENTIOSTAT_26/FBIAS/fecg_bandgap_tb/maestro/results/maestro/MonteCarlo.0.rdb
\o 	Results Dir  = /home/hrahimi/projects/POTENTIOSTAT_26/Sim/FBIAS/fecg_bandgap_tb/maestro/results/maestro/MonteCarlo.0/1/DC_MC
\o 	Results Loc  = /home/hrahimi/projects/POTENTIOSTAT_26/Sim/FBIAS/fecg_bandgap_tb/maestro/results/maestro
\o 	Project Dir  = /home/hrahimi/projects/POTENTIOSTAT_26/Sim
\o 	Setup DB loc = /home/hrahimi/projects/POTENTIOSTAT_26/FBIAS/fecg_bandgap_tb/maestro
\o 	File Encoding = 0
\o 
\o 
\o 
\o *Info*    The auto suspension is disabled.
\o 
\o Resetting statistical vars
\o 
\o *Info*    Setting parameter values ...
\o 
\o Setting var VDD = "3.3"
\o Setting var VDD_PULSE = "0"
\o Setting var VDD_RISE = "1u"
\o Setting var temperature = "27"
\o Setting temp(T) = 27
\o 
\o *Info*    Netlist Directory =
\o           /home/hrahimi/projects/POTENTIOSTAT_26/Sim/FBIAS/fecg_bandgap_tb/maestro/results/maestro/MonteCarlo.0/1/DC_MC/groupRunDataDir/netlist
\o 
\o 
\o *Info*    Data Directory    =
\o           /home/hrahimi/projects/POTENTIOSTAT_26/Sim/FBIAS/fecg_bandgap_tb/maestro/results/maestro/MonteCarlo.0/1/DC_MC/groupRunDataDir
\o 
\o Reusing AHDL Data dir
\w *WARNING* (CMGR-6144): The 'ciRefreshCellView' SKILL function is not applicable to the layout constraint cache 'FBIAS fecg_bandgap3_layout av_extracted'. Run the 'dbRefreshCellView' SKILL function to refresh the cellview.
\o generate netlist...
\o function ansCdlCompPrim redefined
\o Ignoring netlist creation since ignoreDesignChangesDuringRun is set to true
\o       ...successful.
\o compose simulator input file...
\o       ...successful.
\o WARNING (ADE-3080): Fast viewing extensions for PSF XL format (also known as RTSF) will be discontinued  
\o        and Virtuoso Visualization and Analysis XL will not use RTSF data to plot waveforms from IC6.1.8 ISR7 onward. 
\o        There will be no performance impact on data visualization due to this change.
\o [2026-05-27 11:29:51.234 Z] [PROCESS] [cadence.virtuoso.ade.services.netlister] - Current memory used: 745.1719 MBytes, peak memory used: 745.1719 MBytes {"hostname": "il2244vt26_hrahimi", "processid": 287178, "testname": "DC_MC", "point": 1, "logfile": "/home/hrahimi/projects/POTENTIOSTAT_26/logs_hrahimi/logs0/Service32.log"}
\o [2026-05-27 11:29:51.235 Z] [INFO] [cadence.virtuoso.ade.services.netlister] - Finished netlisting {"point": 1, "testname": "DC_MC"}
\o [2026-05-27 11:29:51.239 Z] [EVENT] [cadence.virtuoso.ade.services.netlister] - GroupPoints {"point": 14, "testname": "DC_MC", "event": "GroupPoints", "EventSource": "Netlist Service", "Points": "14:1:26", "HistoryName": "MonteCarlo.0", "logFile": "/home/hrahimi/projects/POTENTIOSTAT_26/logs_hrahimi/logs0/Service32.log", "logFileSize": "13780"}
\o [2026-05-27 11:29:51.240 Z] [INFO] [cadence.virtuoso.ade.services.netlister] - Started netlisting {"point": 14, "testname": "DC_MC"}
\o Resetting statistical vars
\o 
\o *Info*    Setting parameter values ...
\o 
\o 
\o *Info*    Netlist Directory =
\o           /home/hrahimi/projects/POTENTIOSTAT_26/Sim/FBIAS/fecg_bandgap_tb/maestro/results/maestro/MonteCarlo.0/14/DC_MC/groupRunDataDir/netlist
\o 
\o 
\o *Info*    Data Directory    =
\o           /home/hrahimi/projects/POTENTIOSTAT_26/Sim/FBIAS/fecg_bandgap_tb/maestro/results/maestro/MonteCarlo.0/14/DC_MC/groupRunDataDir
\o 
\o Reusing AHDL Data dir
\w *WARNING* (CMGR-6144): The 'ciRefreshCellView' SKILL function is not applicable to the layout constraint cache 'FBIAS fecg_bandgap3_layout av_extracted'. Run the 'dbRefreshCellView' SKILL function to refresh the cellview.
\o generate netlist...
\o function ansCdlCompPrim redefined
\o Ignoring netlist creation since ignoreDesignChangesDuringRun is set to true
\o       ...successful.
\o compose simulator input file...
\o       ...successful.
\o WARNING (ADE-3080): Fast viewing extensions for PSF XL format (also known as RTSF) will be discontinued  
\o        and Virtuoso Visualization and Analysis XL will not use RTSF data to plot waveforms from IC6.1.8 ISR7 onward. 
\o        There will be no performance impact on data visualization due to this change.
\o [2026-05-27 11:29:52.182 Z] [PROCESS] [cadence.virtuoso.ade.services.netlister] - Current memory used: 746.3555 MBytes, peak memory used: 746.3555 MBytes {"hostname": "il2244vt26_hrahimi", "processid": 287178, "testname": "DC_MC", "point": 14, "logfile": "/home/hrahimi/projects/POTENTIOSTAT_26/logs_hrahimi/logs0/Service32.log"}
\o [2026-05-27 11:29:52.183 Z] [INFO] [cadence.virtuoso.ade.services.netlister] - Finished netlisting {"point": 14, "testname": "DC_MC"}
\o [2026-05-27 11:29:52.186 Z] [EVENT] [cadence.virtuoso.ade.services.netlister] - GroupPoints {"point": 27, "testname": "DC_MC", "event": "GroupPoints", "EventSource": "Netlist Service", "Points": "27:1:39", "HistoryName": "MonteCarlo.0", "logFile": "/home/hrahimi/projects/POTENTIOSTAT_26/logs_hrahimi/logs0/Service32.log", "logFileSize": "15976"}
\o [2026-05-27 11:29:52.186 Z] [INFO] [cadence.virtuoso.ade.services.netlister] - Started netlisting {"point": 27, "testname": "DC_MC"}
\o Resetting statistical vars
\o 
\o *Info*    Setting parameter values ...
\o 
\o 
\o *Info*    Netlist Directory =
\o           /home/hrahimi/projects/POTENTIOSTAT_26/Sim/FBIAS/fecg_bandgap_tb/maestro/results/maestro/MonteCarlo.0/27/DC_MC/groupRunDataDir/netlist
\o 
\o 
\o *Info*    Data Directory    =
\o           /home/hrahimi/projects/POTENTIOSTAT_26/Sim/FBIAS/fecg_bandgap_tb/maestro/results/maestro/MonteCarlo.0/27/DC_MC/groupRunDataDir
\o 
\o Reusing AHDL Data dir
\w *WARNING* (CMGR-6144): The 'ciRefreshCellView' SKILL function is not applicable to the layout constraint cache 'FBIAS fecg_bandgap3_layout av_extracted'. Run the 'dbRefreshCellView' SKILL function to refresh the cellview.
\o generate netlist...
\o function ansCdlCompPrim redefined
\o Ignoring netlist creation since ignoreDesignChangesDuringRun is set to true
\o       ...successful.
\o compose simulator input file...
\o       ...successful.
\o WARNING (ADE-3080): Fast viewing extensions for PSF XL format (also known as RTSF) will be discontinued  
\o        and Virtuoso Visualization and Analysis XL will not use RTSF data to plot waveforms from IC6.1.8 ISR7 onward. 
\o        There will be no performance impact on data visualization due to this change.
\o [2026-05-27 11:29:53.108 Z] [PROCESS] [cadence.virtuoso.ade.services.netlister] - Current memory used: 748.6719 MBytes, peak memory used: 748.6719 MBytes {"hostname": "il2244vt26_hrahimi", "processid": 287178, "testname": "DC_MC", "point": 27, "logfile": "/home/hrahimi/projects/POTENTIOSTAT_26/logs_hrahimi/logs0/Service32.log"}
\o [2026-05-27 11:29:53.109 Z] [INFO] [cadence.virtuoso.ade.services.netlister] - Finished netlisting {"point": 27, "testname": "DC_MC"}
\o [2026-05-27 11:29:53.113 Z] [EVENT] [cadence.virtuoso.ade.services.netlister] - GroupPoints {"point": 40, "testname": "DC_MC", "event": "GroupPoints", "EventSource": "Netlist Service", "Points": "40:1:52", "HistoryName": "MonteCarlo.0", "logFile": "/home/hrahimi/projects/POTENTIOSTAT_26/logs_hrahimi/logs0/Service32.log", "logFileSize": "18172"}
\o [2026-05-27 11:29:53.113 Z] [INFO] [cadence.virtuoso.ade.services.netlister] - Started netlisting {"point": 40, "testname": "DC_MC"}
\o Resetting statistical vars
\o 
\o *Info*    Setting parameter values ...
\o 
\o 
\o *Info*    Netlist Directory =
\o           /home/hrahimi/projects/POTENTIOSTAT_26/Sim/FBIAS/fecg_bandgap_tb/maestro/results/maestro/MonteCarlo.0/40/DC_MC/groupRunDataDir/netlist
\o 
\o 
\o *Info*    Data Directory    =
\o           /home/hrahimi/projects/POTENTIOSTAT_26/Sim/FBIAS/fecg_bandgap_tb/maestro/results/maestro/MonteCarlo.0/40/DC_MC/groupRunDataDir
\o 
\o Reusing AHDL Data dir
\w *WARNING* (CMGR-6144): The 'ciRefreshCellView' SKILL function is not applicable to the layout constraint cache 'FBIAS fecg_bandgap3_layout av_extracted'. Run the 'dbRefreshCellView' SKILL function to refresh the cellview.
\o generate netlist...
\o function ansCdlCompPrim redefined
\o Ignoring netlist creation since ignoreDesignChangesDuringRun is set to true
\o       ...successful.
\o compose simulator input file...
\o       ...successful.
\o WARNING (ADE-3080): Fast viewing extensions for PSF XL format (also known as RTSF) will be discontinued  
\o        and Virtuoso Visualization and Analysis XL will not use RTSF data to plot waveforms from IC6.1.8 ISR7 onward. 
\o        There will be no performance impact on data visualization due to this change.
\o [2026-05-27 11:29:54.065 Z] [PROCESS] [cadence.virtuoso.ade.services.netlister] - Current memory used: 751.5820 MBytes, peak memory used: 751.5820 MBytes {"hostname": "il2244vt26_hrahimi", "processid": 287178, "testname": "DC_MC", "point": 40, "logfile": "/home/hrahimi/projects/POTENTIOSTAT_26/logs_hrahimi/logs0/Service32.log"}
\o [2026-05-27 11:29:54.066 Z] [INFO] [cadence.virtuoso.ade.services.netlister] - Finished netlisting {"point": 40, "testname": "DC_MC"}
\o [2026-05-27 11:29:54.070 Z] [EVENT] [cadence.virtuoso.ade.services.netlister] - GroupPoints {"point": 53, "testname": "DC_MC", "event": "GroupPoints", "EventSource": "Netlist Service", "Points": "53:1:65", "HistoryName": "MonteCarlo.0", "logFile": "/home/hrahimi/projects/POTENTIOSTAT_26/logs_hrahimi/logs0/Service32.log", "logFileSize": "20368"}
\o [2026-05-27 11:29:54.071 Z] [INFO] [cadence.virtuoso.ade.services.netlister] - Started netlisting {"point": 53, "testname": "DC_MC"}
\o Resetting statistical vars
\o 
\o *Info*    Setting parameter values ...
\o 
\o 
\o *Info*    Netlist Directory =
\o           /home/hrahimi/projects/POTENTIOSTAT_26/Sim/FBIAS/fecg_bandgap_tb/maestro/results/maestro/MonteCarlo.0/53/DC_MC/groupRunDataDir/netlist
\o 
\o 
\o *Info*    Data Directory    =
\o           /home/hrahimi/projects/POTENTIOSTAT_26/Sim/FBIAS/fecg_bandgap_tb/maestro/results/maestro/MonteCarlo.0/53/DC_MC/groupRunDataDir
\o 
\o Reusing AHDL Data dir
\w *WARNING* (CMGR-6144): The 'ciRefreshCellView' SKILL function is not applicable to the layout constraint cache 'FBIAS fecg_bandgap3_layout av_extracted'. Run the 'dbRefreshCellView' SKILL function to refresh the cellview.
\o generate netlist...
\o function ansCdlCompPrim redefined
\o Ignoring netlist creation since ignoreDesignChangesDuringRun is set to true
\o       ...successful.
\o compose simulator input file...
\o       ...successful.
\o WARNING (ADE-3080): Fast viewing extensions for PSF XL format (also known as RTSF) will be discontinued  
\o        and Virtuoso Visualization and Analysis XL will not use RTSF data to plot waveforms from IC6.1.8 ISR7 onward. 
\o        There will be no performance impact on data visualization due to this change.
\o [2026-05-27 11:29:54.870 Z] [PROCESS] [cadence.virtuoso.ade.services.netlister] - Current memory used: 753.9766 MBytes, peak memory used: 753.9766 MBytes {"hostname": "il2244vt26_hrahimi", "processid": 287178, "testname": "DC_MC", "point": 53, "logfile": "/home/hrahimi/projects/POTENTIOSTAT_26/logs_hrahimi/logs0/Service32.log"}
\o [2026-05-27 11:29:54.871 Z] [INFO] [cadence.virtuoso.ade.services.netlister] - Finished netlisting {"point": 53, "testname": "DC_MC"}
\o [2026-05-27 11:29:54.874 Z] [EVENT] [cadence.virtuoso.ade.services.netlister] - GroupPoints {"point": 66, "testname": "DC_MC", "event": "GroupPoints", "EventSource": "Netlist Service", "Points": "66:1:78", "HistoryName": "MonteCarlo.0", "logFile": "/home/hrahimi/projects/POTENTIOSTAT_26/logs_hrahimi/logs0/Service32.log", "logFileSize": "22564"}
\o [2026-05-27 11:29:54.875 Z] [INFO] [cadence.virtuoso.ade.services.netlister] - Started netlisting {"point": 66, "testname": "DC_MC"}
\o Resetting statistical vars
\o 
\o *Info*    Setting parameter values ...
\o 
\o 
\o *Info*    Netlist Directory =
\o           /home/hrahimi/projects/POTENTIOSTAT_26/Sim/FBIAS/fecg_bandgap_tb/maestro/results/maestro/MonteCarlo.0/66/DC_MC/groupRunDataDir/netlist
\o 
\o 
\o *Info*    Data Directory    =
\o           /home/hrahimi/projects/POTENTIOSTAT_26/Sim/FBIAS/fecg_bandgap_tb/maestro/results/maestro/MonteCarlo.0/66/DC_MC/groupRunDataDir
\o 
\o Reusing AHDL Data dir
\w *WARNING* (CMGR-6144): The 'ciRefreshCellView' SKILL function is not applicable to the layout constraint cache 'FBIAS fecg_bandgap3_layout av_extracted'. Run the 'dbRefreshCellView' SKILL function to refresh the cellview.
\o generate netlist...
\o function ansCdlCompPrim redefined
\o Ignoring netlist creation since ignoreDesignChangesDuringRun is set to true
\o       ...successful.
\o compose simulator input file...
\o       ...successful.
\o WARNING (ADE-3080): Fast viewing extensions for PSF XL format (also known as RTSF) will be discontinued  
\o        and Virtuoso Visualization and Analysis XL will not use RTSF data to plot waveforms from IC6.1.8 ISR7 onward. 
\o        There will be no performance impact on data visualization due to this change.
\o [2026-05-27 11:29:55.705 Z] [PROCESS] [cadence.virtuoso.ade.services.netlister] - Current memory used: 756.5664 MBytes, peak memory used: 756.5664 MBytes {"hostname": "il2244vt26_hrahimi", "processid": 287178, "testname": "DC_MC", "point": 66, "logfile": "/home/hrahimi/projects/POTENTIOSTAT_26/logs_hrahimi/logs0/Service32.log"}
\o [2026-05-27 11:29:55.707 Z] [INFO] [cadence.virtuoso.ade.services.netlister] - Finished netlisting {"point": 66, "testname": "DC_MC"}
\o [2026-05-27 11:29:55.709 Z] [EVENT] [cadence.virtuoso.ade.services.netlister] - GroupPoints {"point": 79, "testname": "DC_MC", "event": "GroupPoints", "EventSource": "Netlist Service", "Points": "79:1:91", "HistoryName": "MonteCarlo.0", "logFile": "/home/hrahimi/projects/POTENTIOSTAT_26/logs_hrahimi/logs0/Service32.log", "logFileSize": "24760"}
\o [2026-05-27 11:29:55.709 Z] [INFO] [cadence.virtuoso.ade.services.netlister] - Started netlisting {"point": 79, "testname": "DC_MC"}
\# Memory report: using         469 MB, process size 2,234 MB at UTC 2026.05.27 11:29:56.151
\o Resetting statistical vars
\o 
\o *Info*    Setting parameter values ...
\o 
\o 
\o *Info*    Netlist Directory =
\o           /home/hrahimi/projects/POTENTIOSTAT_26/Sim/FBIAS/fecg_bandgap_tb/maestro/results/maestro/MonteCarlo.0/79/DC_MC/groupRunDataDir/netlist
\o 
\o 
\o *Info*    Data Directory    =
\o           /home/hrahimi/projects/POTENTIOSTAT_26/Sim/FBIAS/fecg_bandgap_tb/maestro/results/maestro/MonteCarlo.0/79/DC_MC/groupRunDataDir
\o 
\o Reusing AHDL Data dir
\w *WARNING* (CMGR-6144): The 'ciRefreshCellView' SKILL function is not applicable to the layout constraint cache 'FBIAS fecg_bandgap3_layout av_extracted'. Run the 'dbRefreshCellView' SKILL function to refresh the cellview.
\o generate netlist...
\o function ansCdlCompPrim redefined
\o Ignoring netlist creation since ignoreDesignChangesDuringRun is set to true
\o       ...successful.
\o compose simulator input file...
\o       ...successful.
\o WARNING (ADE-3080): Fast viewing extensions for PSF XL format (also known as RTSF) will be discontinued  
\o        and Virtuoso Visualization and Analysis XL will not use RTSF data to plot waveforms from IC6.1.8 ISR7 onward. 
\o        There will be no performance impact on data visualization due to this change.
\o [2026-05-27 11:29:56.792 Z] [PROCESS] [cadence.virtuoso.ade.services.netlister] - Current memory used: 756.5664 MBytes, peak memory used: 756.5664 MBytes {"hostname": "il2244vt26_hrahimi", "processid": 287178, "testname": "DC_MC", "point": 79, "logfile": "/home/hrahimi/projects/POTENTIOSTAT_26/logs_hrahimi/logs0/Service32.log"}
\o [2026-05-27 11:29:56.793 Z] [INFO] [cadence.virtuoso.ade.services.netlister] - Finished netlisting {"point": 79, "testname": "DC_MC"}
\o [2026-05-27 11:29:56.796 Z] [EVENT] [cadence.virtuoso.ade.services.netlister] - GroupPoints {"point": 92, "testname": "DC_MC", "event": "GroupPoints", "EventSource": "Netlist Service", "Points": "92:1:104", "HistoryName": "MonteCarlo.0", "logFile": "/home/hrahimi/projects/POTENTIOSTAT_26/logs_hrahimi/logs0/Service32.log", "logFileSize": "27049"}
\o [2026-05-27 11:29:56.797 Z] [INFO] [cadence.virtuoso.ade.services.netlister] - Started netlisting {"point": 92, "testname": "DC_MC"}
\o Resetting statistical vars
\o 
\o *Info*    Setting parameter values ...
\o 
\o 
\o *Info*    Netlist Directory =
\o           /home/hrahimi/projects/POTENTIOSTAT_26/Sim/FBIAS/fecg_bandgap_tb/maestro/results/maestro/MonteCarlo.0/92/DC_MC/groupRunDataDir/netlist
\o 
\o 
\o *Info*    Data Directory    =
\o           /home/hrahimi/projects/POTENTIOSTAT_26/Sim/FBIAS/fecg_bandgap_tb/maestro/results/maestro/MonteCarlo.0/92/DC_MC/groupRunDataDir
\o 
\o Reusing AHDL Data dir
\w *WARNING* (CMGR-6144): The 'ciRefreshCellView' SKILL function is not applicable to the layout constraint cache 'FBIAS fecg_bandgap3_layout av_extracted'. Run the 'dbRefreshCellView' SKILL function to refresh the cellview.
\o generate netlist...
\o function ansCdlCompPrim redefined
\o Ignoring netlist creation since ignoreDesignChangesDuringRun is set to true
\o       ...successful.
\o compose simulator input file...
\o       ...successful.
\o WARNING (ADE-3080): Fast viewing extensions for PSF XL format (also known as RTSF) will be discontinued  
\o        and Virtuoso Visualization and Analysis XL will not use RTSF data to plot waveforms from IC6.1.8 ISR7 onward. 
\o        There will be no performance impact on data visualization due to this change.
\o [2026-05-27 11:29:57.608 Z] [PROCESS] [cadence.virtuoso.ade.services.netlister] - Current memory used: 756.5664 MBytes, peak memory used: 756.5664 MBytes {"hostname": "il2244vt26_hrahimi", "processid": 287178, "testname": "DC_MC", "point": 92, "logfile": "/home/hrahimi/projects/POTENTIOSTAT_26/logs_hrahimi/logs0/Service32.log"}
\o [2026-05-27 11:29:57.610 Z] [INFO] [cadence.virtuoso.ade.services.netlister] - Finished netlisting {"point": 92, "testname": "DC_MC"}
\o [2026-05-27 11:29:57.613 Z] [EVENT] [cadence.virtuoso.ade.services.netlister] - GroupPoints {"point": 105, "testname": "DC_MC", "event": "GroupPoints", "EventSource": "Netlist Service", "Points": "105:1:117", "HistoryName": "MonteCarlo.0", "logFile": "/home/hrahimi/projects/POTENTIOSTAT_26/logs_hrahimi/logs0/Service32.log", "logFileSize": "29246"}
\o [2026-05-27 11:29:57.614 Z] [INFO] [cadence.virtuoso.ade.services.netlister] - Started netlisting {"point": 105, "testname": "DC_MC"}
\o Resetting statistical vars
\o 
\o *Info*    Setting parameter values ...
\o 
\o 
\o *Info*    Netlist Directory =
\o           /home/hrahimi/projects/POTENTIOSTAT_26/Sim/FBIAS/fecg_bandgap_tb/maestro/results/maestro/MonteCarlo.0/105/DC_MC/groupRunDataDir/netlist
\o 
\o 
\o *Info*    Data Directory    =
\o           /home/hrahimi/projects/POTENTIOSTAT_26/Sim/FBIAS/fecg_bandgap_tb/maestro/results/maestro/MonteCarlo.0/105/DC_MC/groupRunDataDir
\o 
\o Reusing AHDL Data dir
\w *WARNING* (CMGR-6144): The 'ciRefreshCellView' SKILL function is not applicable to the layout constraint cache 'FBIAS fecg_bandgap3_layout av_extracted'. Run the 'dbRefreshCellView' SKILL function to refresh the cellview.
\o generate netlist...
\o function ansCdlCompPrim redefined
\o Ignoring netlist creation since ignoreDesignChangesDuringRun is set to true
\o       ...successful.
\o compose simulator input file...
\o       ...successful.
\o WARNING (ADE-3080): Fast viewing extensions for PSF XL format (also known as RTSF) will be discontinued  
\o        and Virtuoso Visualization and Analysis XL will not use RTSF data to plot waveforms from IC6.1.8 ISR7 onward. 
\o        There will be no performance impact on data visualization due to this change.
\o [2026-05-27 11:29:59.301 Z] [PROCESS] [cadence.virtuoso.ade.services.netlister] - Current memory used: 756.5664 MBytes, peak memory used: 756.5664 MBytes {"hostname": "il2244vt26_hrahimi", "processid": 287178, "testname": "DC_MC", "point": 105, "logfile": "/home/hrahimi/projects/POTENTIOSTAT_26/logs_hrahimi/logs0/Service32.log"}
\o [2026-05-27 11:29:59.303 Z] [INFO] [cadence.virtuoso.ade.services.netlister] - Finished netlisting {"point": 105, "testname": "DC_MC"}
\o [2026-05-27 11:29:59.310 Z] [EVENT] [cadence.virtuoso.ade.services.netlister] - GroupPoints {"point": 118, "testname": "DC_MC", "event": "GroupPoints", "EventSource": "Netlist Service", "Points": "118:1:130", "HistoryName": "MonteCarlo.0", "logFile": "/home/hrahimi/projects/POTENTIOSTAT_26/logs_hrahimi/logs0/Service32.log", "logFileSize": "31450"}
\o [2026-05-27 11:29:59.311 Z] [INFO] [cadence.virtuoso.ade.services.netlister] - Started netlisting {"point": 118, "testname": "DC_MC"}
\o Resetting statistical vars
\o 
\o *Info*    Setting parameter values ...
\o 
\o 
\o *Info*    Netlist Directory =
\o           /home/hrahimi/projects/POTENTIOSTAT_26/Sim/FBIAS/fecg_bandgap_tb/maestro/results/maestro/MonteCarlo.0/118/DC_MC/groupRunDataDir/netlist
\o 
\o 
\o *Info*    Data Directory    =
\o           /home/hrahimi/projects/POTENTIOSTAT_26/Sim/FBIAS/fecg_bandgap_tb/maestro/results/maestro/MonteCarlo.0/118/DC_MC/groupRunDataDir
\o 
\o Reusing AHDL Data dir
\w *WARNING* (CMGR-6144): The 'ciRefreshCellView' SKILL function is not applicable to the layout constraint cache 'FBIAS fecg_bandgap3_layout av_extracted'. Run the 'dbRefreshCellView' SKILL function to refresh the cellview.
\o generate netlist...
\o function ansCdlCompPrim redefined
\o Ignoring netlist creation since ignoreDesignChangesDuringRun is set to true
\o       ...successful.
\o compose simulator input file...
\o       ...successful.
\o WARNING (ADE-3080): Fast viewing extensions for PSF XL format (also known as RTSF) will be discontinued  
\o        and Virtuoso Visualization and Analysis XL will not use RTSF data to plot waveforms from IC6.1.8 ISR7 onward. 
\o        There will be no performance impact on data visualization due to this change.
\o [2026-05-27 11:30:00.289 Z] [PROCESS] [cadence.virtuoso.ade.services.netlister] - Current memory used: 756.5664 MBytes, peak memory used: 756.5664 MBytes {"hostname": "il2244vt26_hrahimi", "processid": 287178, "testname": "DC_MC", "point": 118, "logfile": "/home/hrahimi/projects/POTENTIOSTAT_26/logs_hrahimi/logs0/Service32.log"}
\o [2026-05-27 11:30:00.290 Z] [INFO] [cadence.virtuoso.ade.services.netlister] - Finished netlisting {"point": 118, "testname": "DC_MC"}
\o [2026-05-27 11:30:00.295 Z] [EVENT] [cadence.virtuoso.ade.services.netlister] - GroupPoints {"point": 131, "testname": "DC_MC", "event": "GroupPoints", "EventSource": "Netlist Service", "Points": "131:1:143", "HistoryName": "MonteCarlo.0", "logFile": "/home/hrahimi/projects/POTENTIOSTAT_26/logs_hrahimi/logs0/Service32.log", "logFileSize": "33654"}
\o [2026-05-27 11:30:00.296 Z] [INFO] [cadence.virtuoso.ade.services.netlister] - Started netlisting {"point": 131, "testname": "DC_MC"}
\o Resetting statistical vars
\o 
\o *Info*    Setting parameter values ...
\o 
\o 
\o *Info*    Netlist Directory =
\o           /home/hrahimi/projects/POTENTIOSTAT_26/Sim/FBIAS/fecg_bandgap_tb/maestro/results/maestro/MonteCarlo.0/131/DC_MC/groupRunDataDir/netlist
\o 
\o 
\o *Info*    Data Directory    =
\o           /home/hrahimi/projects/POTENTIOSTAT_26/Sim/FBIAS/fecg_bandgap_tb/maestro/results/maestro/MonteCarlo.0/131/DC_MC/groupRunDataDir
\o 
\o Reusing AHDL Data dir
\w *WARNING* (CMGR-6144): The 'ciRefreshCellView' SKILL function is not applicable to the layout constraint cache 'FBIAS fecg_bandgap3_layout av_extracted'. Run the 'dbRefreshCellView' SKILL function to refresh the cellview.
\o generate netlist...
\o function ansCdlCompPrim redefined
\o Ignoring netlist creation since ignoreDesignChangesDuringRun is set to true
\o       ...successful.
\o compose simulator input file...
\o       ...successful.
\o WARNING (ADE-3080): Fast viewing extensions for PSF XL format (also known as RTSF) will be discontinued  
\o        and Virtuoso Visualization and Analysis XL will not use RTSF data to plot waveforms from IC6.1.8 ISR7 onward. 
\o        There will be no performance impact on data visualization due to this change.
\o [2026-05-27 11:30:01.206 Z] [PROCESS] [cadence.virtuoso.ade.services.netlister] - Current memory used: 756.5664 MBytes, peak memory used: 756.5664 MBytes {"hostname": "il2244vt26_hrahimi", "processid": 287178, "testname": "DC_MC", "point": 131, "logfile": "/home/hrahimi/projects/POTENTIOSTAT_26/logs_hrahimi/logs0/Service32.log"}
\o [2026-05-27 11:30:01.208 Z] [INFO] [cadence.virtuoso.ade.services.netlister] - Finished netlisting {"point": 131, "testname": "DC_MC"}
\o [2026-05-27 11:30:01.223 Z] [EVENT] [cadence.virtuoso.ade.services.netlister] - GroupPoints {"point": 144, "testname": "DC_MC", "event": "GroupPoints", "EventSource": "Netlist Service", "Points": "144:1:156", "HistoryName": "MonteCarlo.0", "logFile": "/home/hrahimi/projects/POTENTIOSTAT_26/logs_hrahimi/logs0/Service32.log", "logFileSize": "35858"}
\o [2026-05-27 11:30:01.223 Z] [INFO] [cadence.virtuoso.ade.services.netlister] - Started netlisting {"point": 144, "testname": "DC_MC"}
\o Resetting statistical vars
\o 
\o *Info*    Setting parameter values ...
\o 
\o 
\o *Info*    Netlist Directory =
\o           /home/hrahimi/projects/POTENTIOSTAT_26/Sim/FBIAS/fecg_bandgap_tb/maestro/results/maestro/MonteCarlo.0/144/DC_MC/groupRunDataDir/netlist
\o 
\o 
\o *Info*    Data Directory    =
\o           /home/hrahimi/projects/POTENTIOSTAT_26/Sim/FBIAS/fecg_bandgap_tb/maestro/results/maestro/MonteCarlo.0/144/DC_MC/groupRunDataDir
\o 
\o Reusing AHDL Data dir
\w *WARNING* (CMGR-6144): The 'ciRefreshCellView' SKILL function is not applicable to the layout constraint cache 'FBIAS fecg_bandgap3_layout av_extracted'. Run the 'dbRefreshCellView' SKILL function to refresh the cellview.
\o generate netlist...
\o function ansCdlCompPrim redefined
\o Ignoring netlist creation since ignoreDesignChangesDuringRun is set to true
\o       ...successful.
\o compose simulator input file...
\o       ...successful.
\o WARNING (ADE-3080): Fast viewing extensions for PSF XL format (also known as RTSF) will be discontinued  
\o        and Virtuoso Visualization and Analysis XL will not use RTSF data to plot waveforms from IC6.1.8 ISR7 onward. 
\o        There will be no performance impact on data visualization due to this change.
\o [2026-05-27 11:30:02.192 Z] [PROCESS] [cadence.virtuoso.ade.services.netlister] - Current memory used: 756.5664 MBytes, peak memory used: 756.5664 MBytes {"hostname": "il2244vt26_hrahimi", "processid": 287178, "testname": "DC_MC", "point": 144, "logfile": "/home/hrahimi/projects/POTENTIOSTAT_26/logs_hrahimi/logs0/Service32.log"}
\o [2026-05-27 11:30:02.193 Z] [INFO] [cadence.virtuoso.ade.services.netlister] - Finished netlisting {"point": 144, "testname": "DC_MC"}
\o [2026-05-27 11:30:02.200 Z] [EVENT] [cadence.virtuoso.ade.services.netlister] - GroupPoints {"point": 157, "testname": "DC_MC", "event": "GroupPoints", "EventSource": "Netlist Service", "Points": "157:1:169", "HistoryName": "MonteCarlo.0", "logFile": "/home/hrahimi/projects/POTENTIOSTAT_26/logs_hrahimi/logs0/Service32.log", "logFileSize": "38062"}
\o [2026-05-27 11:30:02.202 Z] [INFO] [cadence.virtuoso.ade.services.netlister] - Started netlisting {"point": 157, "testname": "DC_MC"}
\o Resetting statistical vars
\o 
\o *Info*    Setting parameter values ...
\o 
\o 
\o *Info*    Netlist Directory =
\o           /home/hrahimi/projects/POTENTIOSTAT_26/Sim/FBIAS/fecg_bandgap_tb/maestro/results/maestro/MonteCarlo.0/157/DC_MC/groupRunDataDir/netlist
\o 
\o 
\o *Info*    Data Directory    =
\o           /home/hrahimi/projects/POTENTIOSTAT_26/Sim/FBIAS/fecg_bandgap_tb/maestro/results/maestro/MonteCarlo.0/157/DC_MC/groupRunDataDir
\o 
\o Reusing AHDL Data dir
\w *WARNING* (CMGR-6144): The 'ciRefreshCellView' SKILL function is not applicable to the layout constraint cache 'FBIAS fecg_bandgap3_layout av_extracted'. Run the 'dbRefreshCellView' SKILL function to refresh the cellview.
\o generate netlist...
\o function ansCdlCompPrim redefined
\o Ignoring netlist creation since ignoreDesignChangesDuringRun is set to true
\o       ...successful.
\o compose simulator input file...
\o       ...successful.
\o WARNING (ADE-3080): Fast viewing extensions for PSF XL format (also known as RTSF) will be discontinued  
\o        and Virtuoso Visualization and Analysis XL will not use RTSF data to plot waveforms from IC6.1.8 ISR7 onward. 
\o        There will be no performance impact on data visualization due to this change.
\o [2026-05-27 11:30:03.143 Z] [PROCESS] [cadence.virtuoso.ade.services.netlister] - Current memory used: 757.6641 MBytes, peak memory used: 757.6641 MBytes {"hostname": "il2244vt26_hrahimi", "processid": 287178, "testname": "DC_MC", "point": 157, "logfile": "/home/hrahimi/projects/POTENTIOSTAT_26/logs_hrahimi/logs0/Service32.log"}
\o [2026-05-27 11:30:03.146 Z] [INFO] [cadence.virtuoso.ade.services.netlister] - Finished netlisting {"point": 157, "testname": "DC_MC"}
\o [2026-05-27 11:30:03.158 Z] [EVENT] [cadence.virtuoso.ade.services.netlister] - GroupPoints {"point": 170, "testname": "DC_MC", "event": "GroupPoints", "EventSource": "Netlist Service", "Points": "170:1:182", "HistoryName": "MonteCarlo.0", "logFile": "/home/hrahimi/projects/POTENTIOSTAT_26/logs_hrahimi/logs0/Service32.log", "logFileSize": "40266"}
\o [2026-05-27 11:30:03.160 Z] [INFO] [cadence.virtuoso.ade.services.netlister] - Started netlisting {"point": 170, "testname": "DC_MC"}
\o Resetting statistical vars
\o 
\o *Info*    Setting parameter values ...
\o 
\o 
\o *Info*    Netlist Directory =
\o           /home/hrahimi/projects/POTENTIOSTAT_26/Sim/FBIAS/fecg_bandgap_tb/maestro/results/maestro/MonteCarlo.0/170/DC_MC/groupRunDataDir/netlist
\o 
\o 
\o *Info*    Data Directory    =
\o           /home/hrahimi/projects/POTENTIOSTAT_26/Sim/FBIAS/fecg_bandgap_tb/maestro/results/maestro/MonteCarlo.0/170/DC_MC/groupRunDataDir
\o 
\o Reusing AHDL Data dir
\w *WARNING* (CMGR-6144): The 'ciRefreshCellView' SKILL function is not applicable to the layout constraint cache 'FBIAS fecg_bandgap3_layout av_extracted'. Run the 'dbRefreshCellView' SKILL function to refresh the cellview.
\o generate netlist...
\o function ansCdlCompPrim redefined
\o Ignoring netlist creation since ignoreDesignChangesDuringRun is set to true
\o       ...successful.
\o compose simulator input file...
\o       ...successful.
\o WARNING (ADE-3080): Fast viewing extensions for PSF XL format (also known as RTSF) will be discontinued  
\o        and Virtuoso Visualization and Analysis XL will not use RTSF data to plot waveforms from IC6.1.8 ISR7 onward. 
\o        There will be no performance impact on data visualization due to this change.
\o [2026-05-27 11:30:04.198 Z] [PROCESS] [cadence.virtuoso.ade.services.netlister] - Current memory used: 760.0547 MBytes, peak memory used: 760.0547 MBytes {"hostname": "il2244vt26_hrahimi", "processid": 287178, "testname": "DC_MC", "point": 170, "logfile": "/home/hrahimi/projects/POTENTIOSTAT_26/logs_hrahimi/logs0/Service32.log"}
\o [2026-05-27 11:30:04.200 Z] [INFO] [cadence.virtuoso.ade.services.netlister] - Finished netlisting {"point": 170, "testname": "DC_MC"}
\o [2026-05-27 11:30:04.204 Z] [EVENT] [cadence.virtuoso.ade.services.netlister] - GroupPoints {"point": 183, "testname": "DC_MC", "event": "GroupPoints", "EventSource": "Netlist Service", "Points": "183:1:195", "HistoryName": "MonteCarlo.0", "logFile": "/home/hrahimi/projects/POTENTIOSTAT_26/logs_hrahimi/logs0/Service32.log", "logFileSize": "42470"}
\o [2026-05-27 11:30:04.206 Z] [INFO] [cadence.virtuoso.ade.services.netlister] - Started netlisting {"point": 183, "testname": "DC_MC"}
\o Resetting statistical vars
\o 
\o *Info*    Setting parameter values ...
\o 
\o 
\o *Info*    Netlist Directory =
\o           /home/hrahimi/projects/POTENTIOSTAT_26/Sim/FBIAS/fecg_bandgap_tb/maestro/results/maestro/MonteCarlo.0/183/DC_MC/groupRunDataDir/netlist
\o 
\o 
\o *Info*    Data Directory    =
\o           /home/hrahimi/projects/POTENTIOSTAT_26/Sim/FBIAS/fecg_bandgap_tb/maestro/results/maestro/MonteCarlo.0/183/DC_MC/groupRunDataDir
\o 
\o Reusing AHDL Data dir
\w *WARNING* (CMGR-6144): The 'ciRefreshCellView' SKILL function is not applicable to the layout constraint cache 'FBIAS fecg_bandgap3_layout av_extracted'. Run the 'dbRefreshCellView' SKILL function to refresh the cellview.
\o generate netlist...
\o function ansCdlCompPrim redefined
\o Ignoring netlist creation since ignoreDesignChangesDuringRun is set to true
\o       ...successful.
\o compose simulator input file...
\o       ...successful.
\o WARNING (ADE-3080): Fast viewing extensions for PSF XL format (also known as RTSF) will be discontinued  
\o        and Virtuoso Visualization and Analysis XL will not use RTSF data to plot waveforms from IC6.1.8 ISR7 onward. 
\o        There will be no performance impact on data visualization due to this change.
\o [2026-05-27 11:30:05.886 Z] [PROCESS] [cadence.virtuoso.ade.services.netlister] - Current memory used: 760.0547 MBytes, peak memory used: 760.0547 MBytes {"hostname": "il2244vt26_hrahimi", "processid": 287178, "testname": "DC_MC", "point": 183, "logfile": "/home/hrahimi/projects/POTENTIOSTAT_26/logs_hrahimi/logs0/Service32.log"}
\o [2026-05-27 11:30:05.888 Z] [INFO] [cadence.virtuoso.ade.services.netlister] - Finished netlisting {"point": 183, "testname": "DC_MC"}
\o [2026-05-27 11:30:05.894 Z] [EVENT] [cadence.virtuoso.ade.services.netlister] - GroupPoints {"point": 196, "testname": "DC_MC", "event": "GroupPoints", "EventSource": "Netlist Service", "Points": "196:1:200", "HistoryName": "MonteCarlo.0", "logFile": "/home/hrahimi/projects/POTENTIOSTAT_26/logs_hrahimi/logs0/Service32.log", "logFileSize": "44674"}
\o [2026-05-27 11:30:05.895 Z] [INFO] [cadence.virtuoso.ade.services.netlister] - Started netlisting {"point": 196, "testname": "DC_MC"}
\o Resetting statistical vars
\o 
\o *Info*    Setting parameter values ...
\o 
\o 
\o *Info*    Netlist Directory =
\o           /home/hrahimi/projects/POTENTIOSTAT_26/Sim/FBIAS/fecg_bandgap_tb/maestro/results/maestro/MonteCarlo.0/196/DC_MC/groupRunDataDir/netlist
\o 
\o 
\o *Info*    Data Directory    =
\o           /home/hrahimi/projects/POTENTIOSTAT_26/Sim/FBIAS/fecg_bandgap_tb/maestro/results/maestro/MonteCarlo.0/196/DC_MC/groupRunDataDir
\o 
\o Reusing AHDL Data dir
\w *WARNING* (CMGR-6144): The 'ciRefreshCellView' SKILL function is not applicable to the layout constraint cache 'FBIAS fecg_bandgap3_layout av_extracted'. Run the 'dbRefreshCellView' SKILL function to refresh the cellview.
\o generate netlist...
\o function ansCdlCompPrim redefined
\o Ignoring netlist creation since ignoreDesignChangesDuringRun is set to true
\o       ...successful.
\o compose simulator input file...
\o       ...successful.
\o WARNING (ADE-3080): Fast viewing extensions for PSF XL format (also known as RTSF) will be discontinued  
\o        and Virtuoso Visualization and Analysis XL will not use RTSF data to plot waveforms from IC6.1.8 ISR7 onward. 
\o        There will be no performance impact on data visualization due to this change.
\o [2026-05-27 11:30:07.060 Z] [PROCESS] [cadence.virtuoso.ade.services.netlister] - Current memory used: 760.0547 MBytes, peak memory used: 760.0547 MBytes {"hostname": "il2244vt26_hrahimi", "processid": 287178, "testname": "DC_MC", "point": 196, "logfile": "/home/hrahimi/projects/POTENTIOSTAT_26/logs_hrahimi/logs0/Service32.log"}
\o [2026-05-27 11:30:07.061 Z] [INFO] [cadence.virtuoso.ade.services.netlister] - Finished netlisting {"point": 196, "testname": "DC_MC"}
\o Simulation design variables differ from those on the cellView,
\o they have been saved in the file "/tmp/saved-design-variables".
\o To save future changes, copy variables to cellView before exiting.
\# Lic Summary:
\# [11:35:10.040515] Cdslmd servers:3000@lic08.ug.kth.se:29000@lic06.ug.kth.se
\# [11:35:10.040539] Feature usage summary:
\# Memory report: on exit            473 MB, process size 2,235 MB at UTC 2026.05.27 11:35:10.564
\# Memory report: peak usage         473 MB, process size 2,237 MB
