\# Program start time:     UTC 2026.06.09 20:38:58.792
\# Local time: UTC (UTC+00:00) 2026.06.09 20:38:58.792
\o Program:		@(#)$CDS: virtuoso version 6.1.8-64b 09/03/2024 19:11 (sjfhw316) $
\o Hierarchy:		/opt/tools/cadence/installs/IC618/tools.lnx86/dfII/
\o Sub version:		sub-version  IC6.1.8-64b.500.36  (64-bit addresses)
\# Command line:	/opt/tools/cadence/installs/IC618/tools.lnx86/dfII/bin/64bit/virtuoso -beanhost il2244vt26_hrahimi -beanport 11300 -beanbinlog  -beanLogFile /home/hrahimi/projects/POTENTIOSTAT_26/logs_hrahimi/logs0/amps_Service8.log -mpssession virtuoso3890072 -mpshost il2244vt26_hrahimi -davinciService DaVinciService_3890072_1781019581 -scopedPid 3890072 -axlSession fnxSession1 -axlServiceIdFlag 8 -uuid de8cd3af-c224-4013-8627-17c71777c40c -heartbeat /dev/shm/swift-heartbeat.cTd29WoyGp -log /home/hrahimi/projects/POTENTIOSTAT_26/logs_hrahimi/logs0/Service8.log -noautostart -nographE -lscs 000175E1894CBE06FF0966E38F1FFC06BC4D6EE68E6D9506D52060E590078A72887903BA9319D236867C66E38F1FFC06BC4D66E38F1FFC06BC4D0CCBF6FF85E6D66500001E1A -interactive -offlineExprEval -fenixMode assembler -heartbeatTimeout  -lingerTimeout 300 -pointlifetime -1
\# Host name (type):	il2244vt26_hrahimi (x86_64)
\# Operating system:	Linux 5.15.0-164-generic #174-Ubuntu SMP Fri Nov 14 20:25:16 UTC 2025
\# Linux /etc/issue:	\S
\# Linux /etc/issue:	Kernel \r on an \m
\# X display name (WxH):	:6358 (1024x868)
\# Available geometry:			TL(0:0) BR(1023:867)
\# X server:			The X.Org Foundation
\# Depth of Visual (Root):	24 (24)
\# Number of Planes Used:	24
\# X version:		11.0 (vendor release 12011000)
\# X resource pool:	base 0x400000, mask 0x1fffff (2097151), shift 0
\# 			current id 0x0, current max 0x1ffffa (2097146)
\# Max data seg size:	     unlimited
\# Max process size:	     unlimited
\# Initial sbrk value:	        728 MB
\# Available memory:	  2,334,485 MB
\# System memory:	  3,104,512 MB
\# Maximum memory size:	  3,103,904 MB
\# Max mem available:	  2,334,606 MB
\# Initial memory used:	        121 MB
\#        process size:	      1,677 MB
\# Thread usage limits (effective/default):	maxthreads 4294967295/4294967295 maxload 48.00/48.00
\# Qt version:		5.9.1
\# Window Manager:	other
\# User Name:		hrahimi
\o Working Directory:	il2244vt26_hrahimi:/home/hrahimi/projects/POTENTIOSTAT_26
\# Process Id:		3922420
\o 
\o COPYRIGHT (C) 1992-2024  CADENCE DESIGN SYSTEMS INC.  ALL RIGHTS RESERVED.
\o           (C) 1992-2024  UNIX SYSTEMS Laboratories INC.,
\o                          Reproduced with permission.
\o 
\o This Cadence Design Systems program and online documentation are
\o proprietary/confidential information and may be disclosed/used only
\o as authorized in a license agreement controlling such use and disclosure.
\o 
\o           RESTRICTED RIGHTS NOTICE (SHORT FORM)
\o Use/reproduction/disclosure is subject to restriction
\o set forth at FAR 1252.227-19 or its equivalent.
\o Loading geView.cxt 
\o Loading menuBuilder.cxt 
\o Loading schView.cxt 
\o Loading selectSv.cxt 
\o Loading wireEdit.cxt 
\o Loading pte2.cxt 
\w Qt Warning: setNativeLocks failed: "Resource temporarily unavailable"
\o Loading xlUI.cxt 
\o Loading auCore.cxt 
\o Loading vhdl.cxt 
\o Loading seismic.cxt 
\o Loading ci.cxt 
\o Loading ams.cxt 
\o Loading oasis.cxt 
\o Loading analog.cxt 
\o Loading asimenv.cxt 
\o Loading dal.cxt 
\o Loading awv.cxt 
\o Loading socket.cxt 
\o Loading par.cxt 
\o Loading alvs.cxt 
\o Loading caa.cxt 
\o Loading amps.cxt 
\o Loading adexlCore.cxt 
\# Memory report: using         231 MB, process size 1,873 MB at UTC 2026.06.09 20:39:00.509
\o Loading adexl.cxt 
\o *Info*    Exporting services from client ... 
\o 
\o Loading adexlDM.cxt 
\o Loading cpf.cxt 
\o Loading cli.cxt 
\o Loading lp.cxt 
\o INFO (ELI-00302) Connecting to parent process (session=virtuoso3890072, host=il2244vt26_hrahimi). Connection mode is LSCS. Total timeout is 180 seconds. Connection timeout is 90 seconds.
\o INFO (ELI-00303) Step 1: Connecting to parent. Time spent is 0 seconds.
\o INFO (ELI-00304) The registration of the child 3922420 within 90 seconds is being processed...
\o INFO (ELI-00305) The result of registration is true. Time spent is 0 seconds.
\o INFO (ELI-00308) The connection has ended. Result is true. Total time spent is 0 seconds.
\# [20:38:58.445394] Configured Lic search path (22.01-s002): 3000@lic08.ug.kth.se:29000@lic06.ug.kth.se
\o ......................................................................................
\o            ams AG HIT-Kit v.ams_4.10
\o ......................................................................................
\o COPYRIGHT (c) 2012 Full Service Foundry @ ams AG.  ALL RIGHTS RESERVED
\o This HIT-Kit and attached documentation are confidential information and may 
\o only be used as authorized by the HIT-Kit license agreement.
\o ......................................................................................
\# Current Window: window(2)
\o Loading simulator default settings.
\w 
\w load( "/opt/tools/mentor/CALIBRE_2022.4_16/aoi_cal_2022.4_16.8/lib/calibre.skl" ))
\w                                                                                  ^
\w PARSER WARNING at line 63 column 82 of file ./.cdsinit_local
\w *WARNING* (Parser): extra ')' ignored
\o //
\o //  Calibre Skill Interface * (v2022.4_16.8) *
\o //
\o //                         Copyright Siemens 1996-2020     
\o //                             All Rights Reserved.
\o //         THIS WORK CONTAINS TRADE SECRET AND PROPRIETARY INFORMATION
\o //            WHICH IS THE PROPERTY OF MENTOR GRAPHICS CORPORATION
\o //              OR ITS LICENSORS AND IS SUBJECT TO LICENSE TERMS.
\o //
\o //
\o Loading simulator default settings.
\p hitkit: ams_4.10  Tech: c35b4c3  User: hrahimi 
\w *WARNING* could not load font "-*-courier-medium-r-*-*-12-*", using font "fixed"
\# Loading perfDiag...
\# (PerfDiag): Set GDB path to environment variable 'gdbPath' (gdb).
\# Performance Diagnostic tool is installed. You can access PerfDiag from CIW Tools or use the shell command 'cdsPerfDiag -p 3922420' to open it when Virtuoso freezes.
\# (PerfDiag): Use backtrace from GLIBC.
\w *WARNING* _perfPstackCheck: Cannot find pstack/gstack. Please setup PATH environment variable to pstack/gstack executable.
\i _axlRunServices()
\# [20:39:03.343208] Periodic Lic check successful
\# [20:39:03.343210] Feature usage summary:
\o Loading simui.cxt 
\o [2026-06-09 20:39:03.903 Z] [PROCESS] [cadence.virtuoso.ade.services] - Netlist Service has successfully started. Waiting for incoming messages ... {"hostname": "il2244vt26_hrahimi", "processid": 3922420, "logfile": "/home/hrahimi/projects/POTENTIOSTAT_26/logs_hrahimi/logs0/Service8.log"}
\o [2026-06-09 20:39:03.949 Z] [EVENT] [cadence.virtuoso.ade.services.netlister] - NewPoint {"point": 0, "testname": "VT26_TOP_top_tb_TRAN_BIO", "event": "NewPoint", "EventSource": "Netlist Service", "HistoryName": "Interactive.172", "logFile": "/home/hrahimi/projects/POTENTIOSTAT_26/logs_hrahimi/logs0/Service8.log", "logFileSize": "6155"}
\o [2026-06-09 20:39:03.950 Z] [INFO] [cadence.virtuoso.ade.services.netlister] - Started preparing netlist {"point": 0, "testname": "VT26_TOP_top_tb_TRAN_BIO", "testnameKey": "VT26_TOP_top_tb_TRAN_BIO"}
\o Loading vqp.cxt 
\o Loading vdsil.cxt 
\o *Warning* AXL Context Manager : job 8 is already registered. 
\o 
\o Loading hdlPkg.cxt 
\o 
\o 
\o *Info*    Configuring the session ...
\o 
\o 	Library      = Potentiostat_Top
\o 	Cell         = topsyh_tb
\o 	View         = config
\o 	Simulator    = ams
\o 	State Path   = $AXL_SETUPDB_DIR/test_states
\o 	State Name   = Interactive.172
\o 	Results DB   = /home/hrahimi/projects/POTENTIOSTAT_26/Potentiostat_Top/topsyh_tb/maestro/results/maestro/Interactive.172.rdb
\o 	Results Dir  = /home/hrahimi/projects/POTENTIOSTAT_26/Sim/Potentiostat_Top/topsyh_tb/maestro/results/maestro/Interactive.172/1/VT26_TOP_top_tb_TRAN_BIO
\o 	Results Loc  = /home/hrahimi/projects/POTENTIOSTAT_26/Sim/Potentiostat_Top/topsyh_tb/maestro/results/maestro
\o 	Project Dir  = /home/hrahimi/projects/POTENTIOSTAT_26/Sim
\o 	Setup DB loc = /home/hrahimi/projects/POTENTIOSTAT_26/Potentiostat_Top/topsyh_tb/maestro
\o 	File Encoding = 0
\o 
\o 
\o Loading viva.cxt 
\w *WARNING* (SCH-2162): "Potentiostat_Top topsyh symbol" has been updated since "Potentiostat_Top topsyh_tb schematic" was last saved. Validate that the schematic is correct and run Check and Save to suppress this warning.
\o Loading spectrei.cxt 
\# Memory report: using         379 MB, process size 2,139 MB at UTC 2026.06.09 20:39:06.128
\o Loading devCheck.cxt 
\o Loading relXpert.cxt 
\o Loading hspiceD.cxt 
\o Loading spectreinl.cxt 
\o Loading msgHandler.cxt 
\o Loading UltraSim.cxt 
\o Loading AMSOSS.cxt 
\o Loading AMS.cxt 
\# Available memory:      2,334,490 MB at UTC 2026.06.09 20:39:09.194
\# Memory report: Maximum memory size now 2,334,913 MB at UTC 2026.06.09 20:39:09.194
\# Thread usage report: 54 active threads, active load 1.40 at UTC 2026.06.09 20:39:09.194
\# Memory report: using         484 MB, process size 2,244 MB at UTC 2026.06.09 20:39:10.477
\o 
\o *Info*    The auto suspension is disabled.
\o 
\o Loading elec.cxt 
\o Delete simulation data in /home/hrahimi/projects/POTENTIOSTAT_26/Sim/Potentiostat_Top/topsyh_tb/maestro/results/maestro/.tmpADEDir_hrahimi/simulation/topsyh_tb/ams/config/psf.
\o Resetting statistical vars
\o 
\o *Info*    Setting parameter values ...
\o 
\o Setting var BIO_VB = "1.7"
\o Setting var BIO_VB_PULSE = "-50m"
\o Setting var BOR_DEL = "2"
\o Setting var FC = "0.1"
\o Setting var Idc = "0"
\o Setting var Iin_TIA_AC = "0"
\o Setting var Ipulse = "0"
\o Setting var R_ct = "500k"
\o Setting var VCM_AC = "0"
\o Setting var VCM_AMP = "0"
\o Setting var VCM_DC = "1.6"
\o Setting var VDD = "2.97"
\o Setting var VDD_PULSE = "0"
\o Setting var VDD_PULSE_BOR = "0"
\o Setting var VDD_PW = "0.5"
\o Setting var VDD_SR = "1u"
\o Setting var VIN_AC = "1"
\o Setting var VIN_AMP = "0.25m"
\o Setting var VIN_DC = "0"
\o Setting var VIN_FREQ = "50"
\o Loading monte.cxt 
\o Reusing AHDL Data dir
\o 
\o *Info*    Data Directory    =
\o           /home/hrahimi/projects/POTENTIOSTAT_26/Sim/Potentiostat_Top/topsyh_tb/maestro/results/maestro/Interactive.172/psf/VT26_TOP_top_tb_TRAN_BIO
\o 
\o generate netlist...
\o INFO (AMS-2142): The AMS Unified Netlisting (AMS UNL) flow has been enabled.
\w *WARNING* (AMS-2187): Support for the 'Connect Rule/Connect Module Based Setup' option in the Interface Element (IE) Setup form will be removed in a future release. Cadence recommends that you switch to use the 'Interface Element/IE-card Based Setup (OSS/UNL)' option in this form.
\o Loading seCore.cxt 
\o INFO (AMS-2031): The instances bound to the views specified in the 'Netlist using spectre CDF simInfo'
\o  field in the Netlister form (Simulation->Options->Netlister) will be netlisted as
\o  analog primitives using the Spectre CDF simulation information.
\o function ansCdlCompPrim redefined
\o Loading verilogI.cxt 
\o Initializing the control file using cp:
\o     cp /opt/tools/cadence/installs/IC618/tools.lnx86/dfII/etc/si/control.ver /home/hrahimi/projects/POTENTIOSTAT_26/Sim/Potentiostat_Top/topsyh_tb/maestro/results/maestro/Interactive.172/psf/VT26_TOP_top_tb_TRAN_BIO/netlist/digital/control
\o Begin Netlisting Jun  9 20:39:12 2026
\o Loading verilogAMSNet.cxt 
\o INFO (VLOGNET-60): The stimulus name mapped table will not be printed in the 
\o "/home/hrahimi/projects/POTENTIOSTAT_26/Sim/Potentiostat_Top/topsyh_tb/maestro/results/maestro/Interactive.172/psf/VT26_TOP_top_tb_TRAN_BIO/netlist/digital/testfixture.verilog" file. To print the stimulus name mapped table, set 
\o simVerilogPrintStimulusNameMappingTable = t either in CIW or the .simrc file 
\o before invoking Verilog netlister.
\o  
\o INFO (VLOGNET-62): Database internal net names will be printed for floating instance ports. To prevent 
\o them from being printed, set simVerilogProcessNullPorts = t either in CIW or 
\o the .simrc file.
\o  
\o INFO (VLOGNET-64): All cellviews in the design will be printed in the Netlist Configuration list. 
\o If you want to print only those cellviews that need to be re-netlisted in the 
\o list, set simVerilogIncrementalNetlistConfigList = t either in CIW or the 
\o .simrc file.
\o  
\o INFO (VLOGNET-68): The initial state of stimulus of all inout pins is set to "z". To get inout 
\o pins with initial state of "0", set hnlVerilogIOInitStimulusStr = "0" 
\o either in CIW or the .simrc file.
\o  
\# Memory report: using         612 MB, process size 2,376 MB at UTC 2026.06.09 20:39:15.787
\w *WARNING* ddGetObj: *.oa matches multiple files in '/opt/pdk/ams/410/cds/HK_C35/PRIMLIB/short/auLvs'.
\o INFO (AMS-2150): Generating the 'changedVarsSummary' file in the 'netlist' directory. This file prints the values of the netlister control variables, which are different from their default values. To disable the file creation, type 'envSetVal("ams.netlisterOpts" "print_control_vars" 'boolean nil )' in the '.cdsinit' file.
\o INFO (VLOGNET-117): Re-netlisting the entire design.
\o 
\o INFO (VLOGNET-118): Using connection by name (explicit connections) for all stopping and 
\o non-stopping cells.
\o  
\o Loading digitalSim.cxt 
\o INFO (VLOGNET-169): Module port ordering for lib 'analogLib', cell 'presistor', view 'schematic' will be
\o  done using the user specified port order as follows:
\o 
\o  => (PLUS MINUS)
\o 
\# Memory report: using         714 MB, process size 2,734 MB at UTC 2026.06.09 20:40:43.264
\o WARNING (VLOGNET-110): The cell 'Potentiostat_Top/topsyh_tb/schematic' has no ports. Make sure that this was the intended 
\o design.
\o  
\o INFO (VLOGNET-126): ---------- Beginning netlist configuration information ----------
\o 
\o 
\o 
\o LIB NAME                    CELL NAME                   VIEW NAME            NOTE             
\o ---------                   ---------                   ---------            ----             
\o 
\o analogLib                   ipulse                      spectre              *Stopping View*  
\o DIG_SPI                     stimulus                    verilogams_bio       *Stopping View*  
\o analogLib                   res                         spectre              *Stopping View*  
\o analogLib                   vdc                         spectre              *Stopping View*  
\o analogLib                   vsin                        spectre              *Stopping View*  
\o analogLib                   vpulse                      spectre              *Stopping View*  
\o analogLib                   cap                         spectre              *Stopping View*  
\o analogLib                   ind                         spectre              *Stopping View*  
\o analogLib                   pcapacitor                  spectre              *Stopping View*  
\o PRIMLIB                     rdiffp3                     spectre              *Stopping View*  
\o PRIMLIB                     pnwd                        spectre              *Stopping View*  
\o PRIMLIB                     nwd                         spectre              *Stopping View*  
\o PRIMLIB                     pmos4                       spectre              *Stopping View*  
\o PRIMLIB                     welldiode                   spectre              *Stopping View*  
\o PRIMLIB                     cvar                        spectre              *Stopping View*  
\o PRIMLIB                     short                       spectre              *Stopping View*  
\o PRIMLIB                     vert10_4                    spectre              *Stopping View*  
\o PRIMLIB                     pcapacitor                  spectre              *Stopping View*  
\o PRIMLIB                     rpoly1                      spectre              *Stopping View*  
\o PRIMLIB                     rpolyh                      spectre              *Stopping View*  
\o PRIMLIB                     rpoly2                      spectre              *Stopping View*  
\o PRIMLIB                     cpoly                       spectre              *Stopping View*  
\o PRIMLIB                     subdiode                    spectre              *Stopping View*  
\o PRIMLIB                     nmos4                       spectre              *Stopping View*  
\o Potentiostat_Top            topsyh_tb                   schematic                             
\o Potentiostat_Top            topsyh                      av_extracted_rc_fast                  
\o PRIMLIB                     rpoly2c                     schematic                             
\o PRIMLIB                     rpolyhc                     schematic                             
\o PRIMLIB                     rpoly1c                     schematic                             
\o analogLib                   presistor                   schematic                             
\o PRIMLIB                     pfetdiode                   schematic                             
\o 
\o ---------- End of netlist configuration information   ----------
\o function ansCdlCompPrim redefined
\o Loading hnlInit.cxt 
\o function ansCdlCompPrim redefined
\o function ansCdlCompPrim redefined
\o Initializing the control file using cp:
\o     cp /opt/tools/cadence/installs/IC618/tools.lnx86/dfII/etc/si/control.spectre /home/hrahimi/projects/POTENTIOSTAT_26/Sim/Potentiostat_Top/topsyh_tb/maestro/results/maestro/Interactive.172/psf/VT26_TOP_top_tb_TRAN_BIO/netlist/analog/control
\o Copying Spectre source file 'spectre.inp'
\o Copying Spectre command file 'spectre.sim'
\o Loading json.cxt 
\o Running netlist assembly..
\o 
\o End netlisting Jun  9 20:41:49 2026
\o INFO (AMS-2000): The control block information is being generated ...
\o INFO (AMS-1241): AMS UNL netlisting has completed successfully.
\o To view the modules, right-click the test name on the Tests and Analyses 
\o assistant pane and choose Netlist->Display menu option.
\o       ...successful.
\o create cds_globals...
\o Loading cdf.cxt 
\o       ...successful.
\o compose simulator input file...
\o       ...successful.
\o [2026-06-09 20:41:52.222 Z] [INFO] [cadence.virtuoso.ade.services.netlister] - Finished preparing netlist {"point": 0, "testname": "VT26_TOP_top_tb_TRAN_BIO", "testnameKey": "VT26_TOP_top_tb_TRAN_BIO"}
\o [2026-06-09 20:41:53.228 Z] [EVENT] [cadence.virtuoso.ade.services.netlister] - NewPoint {"point": 1, "testname": "VT26_TOP_top_tb_TRAN_BIO", "event": "NewPoint", "EventSource": "Netlist Service", "HistoryName": "Interactive.172", "logFile": "/home/hrahimi/projects/POTENTIOSTAT_26/logs_hrahimi/logs0/Service8.log", "logFileSize": "18346"}
\o [2026-06-09 20:41:53.229 Z] [INFO] [cadence.virtuoso.ade.services.netlister] - Started netlisting {"point": 1, "testname": "VT26_TOP_top_tb_TRAN_BIO"}
\o Simulation design variables differ from those on the cellView,
\o they have been saved in the file "/tmp/saved-design-variables".
\o To save future changes, copy variables to cellView before exiting.
\o *Warning* AXL Context Manager : job 8 is already registered. 
\o 
\o 
\o 
\o *Info*    Configuring the session ...
\o 
\o 	Library      = Potentiostat_Top
\o 	Cell         = topsyh_tb
\o 	View         = config
\o 	Simulator    = ams
\o 	State Path   = $AXL_SETUPDB_DIR/test_states
\o 	State Name   = Interactive.172
\o 	Results DB   = /home/hrahimi/projects/POTENTIOSTAT_26/Potentiostat_Top/topsyh_tb/maestro/results/maestro/Interactive.172.rdb
\o 	Results Dir  = /home/hrahimi/projects/POTENTIOSTAT_26/Sim/Potentiostat_Top/topsyh_tb/maestro/results/maestro/Interactive.172/1/VT26_TOP_top_tb_TRAN_BIO
\o 	Results Loc  = /home/hrahimi/projects/POTENTIOSTAT_26/Sim/Potentiostat_Top/topsyh_tb/maestro/results/maestro
\o 	Project Dir  = /home/hrahimi/projects/POTENTIOSTAT_26/Sim
\o 	Setup DB loc = /home/hrahimi/projects/POTENTIOSTAT_26/Potentiostat_Top/topsyh_tb/maestro
\o 	File Encoding = 0
\o 
\o 
\o 
\o *Info*    The auto suspension is disabled.
\o 
\o Resetting statistical vars
\o 
\o *Info*    Setting parameter values ...
\o 
\o Setting var BIO_VB = "1.7"
\o Setting var BIO_VB_PULSE = "-50m"
\o Setting var BOR_DEL = "2"
\o Setting var FC = "0.1"
\o Setting var Idc = "0"
\o Setting var Iin_TIA_AC = "0"
\o Setting var Ipulse = "0"
\o Setting var R_ct = "500k"
\o Setting var VCM_AC = "0"
\o Setting var VCM_AMP = "0"
\o Setting var VCM_DC = "1.6"
\o Setting var VDD = "2.97"
\o Setting var VDD_PULSE = "0"
\o Setting var VDD_PULSE_BOR = "0"
\o Setting var VDD_PW = "0.5"
\o Setting var VDD_SR = "1u"
\o Setting var VIN_AC = "1"
\o Setting var VIN_AMP = "0.25m"
\o Setting var VIN_DC = "0"
\o Setting var VIN_FREQ = "50"
\o Setting var temperature = "-40"
\o Setting temp(T) = -40
\o 
\o *Info*    Netlist Directory =
\o           /home/hrahimi/projects/POTENTIOSTAT_26/Sim/Potentiostat_Top/topsyh_tb/maestro/results/maestro/Interactive.172/1/VT26_TOP_top_tb_TRAN_BIO/netlist
\o 
\o 
\o *Info*    Data Directory    =
\o           /home/hrahimi/projects/POTENTIOSTAT_26/Sim/Potentiostat_Top/topsyh_tb/maestro/results/maestro/Interactive.172/1/VT26_TOP_top_tb_TRAN_BIO
\o 
\o Reusing AHDL Data dir
\o generate netlist...
\o Ignoring netlist creation since ignoreDesignChangesDuringRun is set to true
\o       ...successful.
\o create cds_globals...
\o       ...successful.
\o compose simulator input file...
\o       ...successful.
\w *WARNING* envGetVal: Could not find variable 'showMSOptionsInSpectreXTab'
\w 	in tool[.partition] 'maestro.gui'.
\o [2026-06-09 20:41:58.271 Z] [PROCESS] [cadence.virtuoso.ade.services.netlister] - Current memory used: 1.0030 GBytes, peak memory used: 1.0030 GBytes {"hostname": "il2244vt26_hrahimi", "processid": 3922420, "testname": "VT26_TOP_top_tb_TRAN_BIO", "point": 1, "logfile": "/home/hrahimi/projects/POTENTIOSTAT_26/logs_hrahimi/logs0/Service8.log"}
\o [2026-06-09 20:41:58.306 Z] [INFO] [cadence.virtuoso.ade.services.netlister] - Finished netlisting {"point": 1, "testname": "VT26_TOP_top_tb_TRAN_BIO"}
\o [2026-06-09 20:41:58.310 Z] [EVENT] [cadence.virtuoso.ade.services.netlister] - NewPoint {"point": 2, "testname": "VT26_TOP_top_tb_TRAN_BIO", "event": "NewPoint", "EventSource": "Netlist Service", "HistoryName": "Interactive.172", "logFile": "/home/hrahimi/projects/POTENTIOSTAT_26/logs_hrahimi/logs0/Service8.log", "logFileSize": "22005"}
\o [2026-06-09 20:41:58.313 Z] [INFO] [cadence.virtuoso.ade.services.netlister] - Started netlisting {"point": 2, "testname": "VT26_TOP_top_tb_TRAN_BIO"}
\o Resetting statistical vars
\o 
\o *Info*    Setting parameter values ...
\o 
\o Setting var temperature = "27"
\o Setting temp(T) = 27
\o 
\o *Info*    Netlist Directory =
\o           /home/hrahimi/projects/POTENTIOSTAT_26/Sim/Potentiostat_Top/topsyh_tb/maestro/results/maestro/Interactive.172/2/VT26_TOP_top_tb_TRAN_BIO/netlist
\o 
\o 
\o *Info*    Data Directory    =
\o           /home/hrahimi/projects/POTENTIOSTAT_26/Sim/Potentiostat_Top/topsyh_tb/maestro/results/maestro/Interactive.172/2/VT26_TOP_top_tb_TRAN_BIO
\o 
\o Reusing AHDL Data dir
\o generate netlist...
\o Ignoring netlist creation since ignoreDesignChangesDuringRun is set to true
\o       ...successful.
\o create cds_globals...
\o       ...successful.
\o compose simulator input file...
\o       ...successful.
\w *WARNING* envGetVal: Could not find variable 'showMSOptionsInSpectreXTab'
\w 	in tool[.partition] 'maestro.gui'.
\o [2026-06-09 20:41:59.989 Z] [PROCESS] [cadence.virtuoso.ade.services.netlister] - Current memory used: 1.0030 GBytes, peak memory used: 1.0030 GBytes {"hostname": "il2244vt26_hrahimi", "processid": 3922420, "testname": "VT26_TOP_top_tb_TRAN_BIO", "point": 2, "logfile": "/home/hrahimi/projects/POTENTIOSTAT_26/logs_hrahimi/logs0/Service8.log"}
\o [2026-06-09 20:42:00.018 Z] [INFO] [cadence.virtuoso.ade.services.netlister] - Finished netlisting {"point": 2, "testname": "VT26_TOP_top_tb_TRAN_BIO"}
\o [2026-06-09 20:42:00.021 Z] [EVENT] [cadence.virtuoso.ade.services.netlister] - NewPoint {"point": 3, "testname": "VT26_TOP_top_tb_TRAN_BIO", "event": "NewPoint", "EventSource": "Netlist Service", "HistoryName": "Interactive.172", "logFile": "/home/hrahimi/projects/POTENTIOSTAT_26/logs_hrahimi/logs0/Service8.log", "logFileSize": "23907"}
\o [2026-06-09 20:42:00.021 Z] [INFO] [cadence.virtuoso.ade.services.netlister] - Started netlisting {"point": 3, "testname": "VT26_TOP_top_tb_TRAN_BIO"}
\o Resetting statistical vars
\o 
\o *Info*    Setting parameter values ...
\o 
\o Setting var temperature = "85"
\o Setting temp(T) = 85
\o 
\o *Info*    Netlist Directory =
\o           /home/hrahimi/projects/POTENTIOSTAT_26/Sim/Potentiostat_Top/topsyh_tb/maestro/results/maestro/Interactive.172/3/VT26_TOP_top_tb_TRAN_BIO/netlist
\o 
\o 
\o *Info*    Data Directory    =
\o           /home/hrahimi/projects/POTENTIOSTAT_26/Sim/Potentiostat_Top/topsyh_tb/maestro/results/maestro/Interactive.172/3/VT26_TOP_top_tb_TRAN_BIO
\o 
\o Reusing AHDL Data dir
\o generate netlist...
\o Ignoring netlist creation since ignoreDesignChangesDuringRun is set to true
\o       ...successful.
\o create cds_globals...
\o       ...successful.
\o compose simulator input file...
\o       ...successful.
\w *WARNING* envGetVal: Could not find variable 'showMSOptionsInSpectreXTab'
\w 	in tool[.partition] 'maestro.gui'.
\o [2026-06-09 20:42:01.637 Z] [PROCESS] [cadence.virtuoso.ade.services.netlister] - Current memory used: 1.0030 GBytes, peak memory used: 1.0030 GBytes {"hostname": "il2244vt26_hrahimi", "processid": 3922420, "testname": "VT26_TOP_top_tb_TRAN_BIO", "point": 3, "logfile": "/home/hrahimi/projects/POTENTIOSTAT_26/logs_hrahimi/logs0/Service8.log"}
\o [2026-06-09 20:42:01.666 Z] [INFO] [cadence.virtuoso.ade.services.netlister] - Finished netlisting {"point": 3, "testname": "VT26_TOP_top_tb_TRAN_BIO"}
\o [2026-06-09 20:42:01.669 Z] [EVENT] [cadence.virtuoso.ade.services.netlister] - NewPoint {"point": 4, "testname": "VT26_TOP_top_tb_TRAN_BIO", "event": "NewPoint", "EventSource": "Netlist Service", "HistoryName": "Interactive.172", "logFile": "/home/hrahimi/projects/POTENTIOSTAT_26/logs_hrahimi/logs0/Service8.log", "logFileSize": "25809"}
\o [2026-06-09 20:42:01.669 Z] [INFO] [cadence.virtuoso.ade.services.netlister] - Started netlisting {"point": 4, "testname": "VT26_TOP_top_tb_TRAN_BIO"}
\o Resetting statistical vars
\o 
\o *Info*    Setting parameter values ...
\o 
\o Setting var VDD = "3.3"
\o Setting var temperature = "-40"
\o Setting temp(T) = -40
\o 
\o *Info*    Netlist Directory =
\o           /home/hrahimi/projects/POTENTIOSTAT_26/Sim/Potentiostat_Top/topsyh_tb/maestro/results/maestro/Interactive.172/4/VT26_TOP_top_tb_TRAN_BIO/netlist
\o 
\o 
\o *Info*    Data Directory    =
\o           /home/hrahimi/projects/POTENTIOSTAT_26/Sim/Potentiostat_Top/topsyh_tb/maestro/results/maestro/Interactive.172/4/VT26_TOP_top_tb_TRAN_BIO
\o 
\o Reusing AHDL Data dir
\o generate netlist...
\o Ignoring netlist creation since ignoreDesignChangesDuringRun is set to true
\o       ...successful.
\o create cds_globals...
\o       ...successful.
\o compose simulator input file...
\o       ...successful.
\w *WARNING* envGetVal: Could not find variable 'showMSOptionsInSpectreXTab'
\w 	in tool[.partition] 'maestro.gui'.
\o [2026-06-09 20:42:03.283 Z] [PROCESS] [cadence.virtuoso.ade.services.netlister] - Current memory used: 1.0030 GBytes, peak memory used: 1.0030 GBytes {"hostname": "il2244vt26_hrahimi", "processid": 3922420, "testname": "VT26_TOP_top_tb_TRAN_BIO", "point": 4, "logfile": "/home/hrahimi/projects/POTENTIOSTAT_26/logs_hrahimi/logs0/Service8.log"}
\o [2026-06-09 20:42:03.311 Z] [INFO] [cadence.virtuoso.ade.services.netlister] - Finished netlisting {"point": 4, "testname": "VT26_TOP_top_tb_TRAN_BIO"}
\o [2026-06-09 20:42:03.313 Z] [EVENT] [cadence.virtuoso.ade.services.netlister] - NewPoint {"point": 5, "testname": "VT26_TOP_top_tb_TRAN_BIO", "event": "NewPoint", "EventSource": "Netlist Service", "HistoryName": "Interactive.172", "logFile": "/home/hrahimi/projects/POTENTIOSTAT_26/logs_hrahimi/logs0/Service8.log", "logFileSize": "27740"}
\o [2026-06-09 20:42:03.313 Z] [INFO] [cadence.virtuoso.ade.services.netlister] - Started netlisting {"point": 5, "testname": "VT26_TOP_top_tb_TRAN_BIO"}
\o Resetting statistical vars
\o 
\o *Info*    Setting parameter values ...
\o 
\o Setting var temperature = "27"
\o Setting temp(T) = 27
\o 
\o *Info*    Netlist Directory =
\o           /home/hrahimi/projects/POTENTIOSTAT_26/Sim/Potentiostat_Top/topsyh_tb/maestro/results/maestro/Interactive.172/5/VT26_TOP_top_tb_TRAN_BIO/netlist
\o 
\o 
\o *Info*    Data Directory    =
\o           /home/hrahimi/projects/POTENTIOSTAT_26/Sim/Potentiostat_Top/topsyh_tb/maestro/results/maestro/Interactive.172/5/VT26_TOP_top_tb_TRAN_BIO
\o 
\o Reusing AHDL Data dir
\o generate netlist...
\o Ignoring netlist creation since ignoreDesignChangesDuringRun is set to true
\o       ...successful.
\o create cds_globals...
\o       ...successful.
\o compose simulator input file...
\o       ...successful.
\w *WARNING* envGetVal: Could not find variable 'showMSOptionsInSpectreXTab'
\w 	in tool[.partition] 'maestro.gui'.
\o [2026-06-09 20:42:04.953 Z] [PROCESS] [cadence.virtuoso.ade.services.netlister] - Current memory used: 1.0030 GBytes, peak memory used: 1.0030 GBytes {"hostname": "il2244vt26_hrahimi", "processid": 3922420, "testname": "VT26_TOP_top_tb_TRAN_BIO", "point": 5, "logfile": "/home/hrahimi/projects/POTENTIOSTAT_26/logs_hrahimi/logs0/Service8.log"}
\o [2026-06-09 20:42:04.981 Z] [INFO] [cadence.virtuoso.ade.services.netlister] - Finished netlisting {"point": 5, "testname": "VT26_TOP_top_tb_TRAN_BIO"}
\o [2026-06-09 20:42:04.984 Z] [EVENT] [cadence.virtuoso.ade.services.netlister] - NewPoint {"point": 6, "testname": "VT26_TOP_top_tb_TRAN_BIO", "event": "NewPoint", "EventSource": "Netlist Service", "HistoryName": "Interactive.172", "logFile": "/home/hrahimi/projects/POTENTIOSTAT_26/logs_hrahimi/logs0/Service8.log", "logFileSize": "29642"}
\o [2026-06-09 20:42:04.984 Z] [INFO] [cadence.virtuoso.ade.services.netlister] - Started netlisting {"point": 6, "testname": "VT26_TOP_top_tb_TRAN_BIO"}
\o Resetting statistical vars
\o 
\o *Info*    Setting parameter values ...
\o 
\o Setting var temperature = "85"
\o Setting temp(T) = 85
\o 
\o *Info*    Netlist Directory =
\o           /home/hrahimi/projects/POTENTIOSTAT_26/Sim/Potentiostat_Top/topsyh_tb/maestro/results/maestro/Interactive.172/6/VT26_TOP_top_tb_TRAN_BIO/netlist
\o 
\o 
\o *Info*    Data Directory    =
\o           /home/hrahimi/projects/POTENTIOSTAT_26/Sim/Potentiostat_Top/topsyh_tb/maestro/results/maestro/Interactive.172/6/VT26_TOP_top_tb_TRAN_BIO
\o 
\o Reusing AHDL Data dir
\o generate netlist...
\o Ignoring netlist creation since ignoreDesignChangesDuringRun is set to true
\o       ...successful.
\o create cds_globals...
\o       ...successful.
\o compose simulator input file...
\o       ...successful.
\w *WARNING* envGetVal: Could not find variable 'showMSOptionsInSpectreXTab'
\w 	in tool[.partition] 'maestro.gui'.
\o [2026-06-09 20:42:07.212 Z] [PROCESS] [cadence.virtuoso.ade.services.netlister] - Current memory used: 1.0029 GBytes, peak memory used: 1.0030 GBytes {"hostname": "il2244vt26_hrahimi", "processid": 3922420, "testname": "VT26_TOP_top_tb_TRAN_BIO", "point": 6, "logfile": "/home/hrahimi/projects/POTENTIOSTAT_26/logs_hrahimi/logs0/Service8.log"}
\o [2026-06-09 20:42:07.242 Z] [INFO] [cadence.virtuoso.ade.services.netlister] - Finished netlisting {"point": 6, "testname": "VT26_TOP_top_tb_TRAN_BIO"}
\o [2026-06-09 20:42:07.245 Z] [EVENT] [cadence.virtuoso.ade.services.netlister] - NewPoint {"point": 7, "testname": "VT26_TOP_top_tb_TRAN_BIO", "event": "NewPoint", "EventSource": "Netlist Service", "HistoryName": "Interactive.172", "logFile": "/home/hrahimi/projects/POTENTIOSTAT_26/logs_hrahimi/logs0/Service8.log", "logFileSize": "31544"}
\o [2026-06-09 20:42:07.245 Z] [INFO] [cadence.virtuoso.ade.services.netlister] - Started netlisting {"point": 7, "testname": "VT26_TOP_top_tb_TRAN_BIO"}
\o Resetting statistical vars
\o 
\o *Info*    Setting parameter values ...
\o 
\o Setting var VDD = "3.63"
\o Setting var temperature = "-40"
\o Setting temp(T) = -40
\o 
\o *Info*    Netlist Directory =
\o           /home/hrahimi/projects/POTENTIOSTAT_26/Sim/Potentiostat_Top/topsyh_tb/maestro/results/maestro/Interactive.172/7/VT26_TOP_top_tb_TRAN_BIO/netlist
\o 
\o 
\o *Info*    Data Directory    =
\o           /home/hrahimi/projects/POTENTIOSTAT_26/Sim/Potentiostat_Top/topsyh_tb/maestro/results/maestro/Interactive.172/7/VT26_TOP_top_tb_TRAN_BIO
\o 
\o Reusing AHDL Data dir
\o generate netlist...
\o Ignoring netlist creation since ignoreDesignChangesDuringRun is set to true
\o       ...successful.
\o create cds_globals...
\o       ...successful.
\o compose simulator input file...
\o       ...successful.
\w *WARNING* envGetVal: Could not find variable 'showMSOptionsInSpectreXTab'
\w 	in tool[.partition] 'maestro.gui'.
\o [2026-06-09 20:42:08.831 Z] [PROCESS] [cadence.virtuoso.ade.services.netlister] - Current memory used: 1.0029 GBytes, peak memory used: 1.0030 GBytes {"hostname": "il2244vt26_hrahimi", "processid": 3922420, "testname": "VT26_TOP_top_tb_TRAN_BIO", "point": 7, "logfile": "/home/hrahimi/projects/POTENTIOSTAT_26/logs_hrahimi/logs0/Service8.log"}
\o [2026-06-09 20:42:08.859 Z] [INFO] [cadence.virtuoso.ade.services.netlister] - Finished netlisting {"point": 7, "testname": "VT26_TOP_top_tb_TRAN_BIO"}
\o [2026-06-09 20:42:08.861 Z] [EVENT] [cadence.virtuoso.ade.services.netlister] - NewPoint {"point": 8, "testname": "VT26_TOP_top_tb_TRAN_BIO", "event": "NewPoint", "EventSource": "Netlist Service", "HistoryName": "Interactive.172", "logFile": "/home/hrahimi/projects/POTENTIOSTAT_26/logs_hrahimi/logs0/Service8.log", "logFileSize": "33476"}
\o [2026-06-09 20:42:08.862 Z] [INFO] [cadence.virtuoso.ade.services.netlister] - Started netlisting {"point": 8, "testname": "VT26_TOP_top_tb_TRAN_BIO"}
\o Resetting statistical vars
\o 
\o *Info*    Setting parameter values ...
\o 
\o Setting var temperature = "27"
\o Setting temp(T) = 27
\o 
\o *Info*    Netlist Directory =
\o           /home/hrahimi/projects/POTENTIOSTAT_26/Sim/Potentiostat_Top/topsyh_tb/maestro/results/maestro/Interactive.172/8/VT26_TOP_top_tb_TRAN_BIO/netlist
\o 
\o 
\o *Info*    Data Directory    =
\o           /home/hrahimi/projects/POTENTIOSTAT_26/Sim/Potentiostat_Top/topsyh_tb/maestro/results/maestro/Interactive.172/8/VT26_TOP_top_tb_TRAN_BIO
\o 
\o Reusing AHDL Data dir
\o generate netlist...
\o Ignoring netlist creation since ignoreDesignChangesDuringRun is set to true
\o       ...successful.
\o create cds_globals...
\o       ...successful.
\o compose simulator input file...
\o       ...successful.
\w *WARNING* envGetVal: Could not find variable 'showMSOptionsInSpectreXTab'
\w 	in tool[.partition] 'maestro.gui'.
\o [2026-06-09 20:42:10.482 Z] [PROCESS] [cadence.virtuoso.ade.services.netlister] - Current memory used: 1.0029 GBytes, peak memory used: 1.0030 GBytes {"hostname": "il2244vt26_hrahimi", "processid": 3922420, "testname": "VT26_TOP_top_tb_TRAN_BIO", "point": 8, "logfile": "/home/hrahimi/projects/POTENTIOSTAT_26/logs_hrahimi/logs0/Service8.log"}
\o [2026-06-09 20:42:10.511 Z] [INFO] [cadence.virtuoso.ade.services.netlister] - Finished netlisting {"point": 8, "testname": "VT26_TOP_top_tb_TRAN_BIO"}
\o [2026-06-09 20:42:10.514 Z] [EVENT] [cadence.virtuoso.ade.services.netlister] - NewPoint {"point": 9, "testname": "VT26_TOP_top_tb_TRAN_BIO", "event": "NewPoint", "EventSource": "Netlist Service", "HistoryName": "Interactive.172", "logFile": "/home/hrahimi/projects/POTENTIOSTAT_26/logs_hrahimi/logs0/Service8.log", "logFileSize": "35378"}
\o [2026-06-09 20:42:10.514 Z] [INFO] [cadence.virtuoso.ade.services.netlister] - Started netlisting {"point": 9, "testname": "VT26_TOP_top_tb_TRAN_BIO"}
\o Resetting statistical vars
\o 
\o *Info*    Setting parameter values ...
\o 
\o Setting var temperature = "85"
\o Setting temp(T) = 85
\o 
\o *Info*    Netlist Directory =
\o           /home/hrahimi/projects/POTENTIOSTAT_26/Sim/Potentiostat_Top/topsyh_tb/maestro/results/maestro/Interactive.172/9/VT26_TOP_top_tb_TRAN_BIO/netlist
\o 
\o 
\o *Info*    Data Directory    =
\o           /home/hrahimi/projects/POTENTIOSTAT_26/Sim/Potentiostat_Top/topsyh_tb/maestro/results/maestro/Interactive.172/9/VT26_TOP_top_tb_TRAN_BIO
\o 
\o Reusing AHDL Data dir
\o generate netlist...
\o Ignoring netlist creation since ignoreDesignChangesDuringRun is set to true
\o       ...successful.
\o create cds_globals...
\o       ...successful.
\o compose simulator input file...
\o       ...successful.
\w *WARNING* envGetVal: Could not find variable 'showMSOptionsInSpectreXTab'
\w 	in tool[.partition] 'maestro.gui'.
\o [2026-06-09 20:42:12.205 Z] [PROCESS] [cadence.virtuoso.ade.services.netlister] - Current memory used: 1.0029 GBytes, peak memory used: 1.0030 GBytes {"hostname": "il2244vt26_hrahimi", "processid": 3922420, "testname": "VT26_TOP_top_tb_TRAN_BIO", "point": 9, "logfile": "/home/hrahimi/projects/POTENTIOSTAT_26/logs_hrahimi/logs0/Service8.log"}
\o [2026-06-09 20:42:12.236 Z] [INFO] [cadence.virtuoso.ade.services.netlister] - Finished netlisting {"point": 9, "testname": "VT26_TOP_top_tb_TRAN_BIO"}
\o [2026-06-09 20:42:12.239 Z] [EVENT] [cadence.virtuoso.ade.services.netlister] - NewPoint {"point": 10, "testname": "VT26_TOP_top_tb_TRAN_BIO", "event": "NewPoint", "EventSource": "Netlist Service", "HistoryName": "Interactive.172", "logFile": "/home/hrahimi/projects/POTENTIOSTAT_26/logs_hrahimi/logs0/Service8.log", "logFileSize": "37280"}
\o [2026-06-09 20:42:12.240 Z] [INFO] [cadence.virtuoso.ade.services.netlister] - Started netlisting {"point": 10, "testname": "VT26_TOP_top_tb_TRAN_BIO"}
\o Resetting statistical vars
\o 
\o *Info*    Setting parameter values ...
\o 
\o Setting var VDD = "2.97"
\o Setting var temperature = "-40"
\o Setting temp(T) = -40
\o 
\o *Info*    Netlist Directory =
\o           /home/hrahimi/projects/POTENTIOSTAT_26/Sim/Potentiostat_Top/topsyh_tb/maestro/results/maestro/Interactive.172/10/VT26_TOP_top_tb_TRAN_BIO/netlist
\o 
\o 
\o *Info*    Data Directory    =
\o           /home/hrahimi/projects/POTENTIOSTAT_26/Sim/Potentiostat_Top/topsyh_tb/maestro/results/maestro/Interactive.172/10/VT26_TOP_top_tb_TRAN_BIO
\o 
\o Reusing AHDL Data dir
\o generate netlist...
\o Ignoring netlist creation since ignoreDesignChangesDuringRun is set to true
\o       ...successful.
\o create cds_globals...
\o       ...successful.
\o compose simulator input file...
\o       ...successful.
\w *WARNING* envGetVal: Could not find variable 'showMSOptionsInSpectreXTab'
\w 	in tool[.partition] 'maestro.gui'.
\o [2026-06-09 20:42:13.791 Z] [PROCESS] [cadence.virtuoso.ade.services.netlister] - Current memory used: 1.0029 GBytes, peak memory used: 1.0030 GBytes {"hostname": "il2244vt26_hrahimi", "processid": 3922420, "testname": "VT26_TOP_top_tb_TRAN_BIO", "point": 10, "logfile": "/home/hrahimi/projects/POTENTIOSTAT_26/logs_hrahimi/logs0/Service8.log"}
\o [2026-06-09 20:42:13.815 Z] [INFO] [cadence.virtuoso.ade.services.netlister] - Finished netlisting {"point": 10, "testname": "VT26_TOP_top_tb_TRAN_BIO"}
\o [2026-06-09 20:42:13.817 Z] [EVENT] [cadence.virtuoso.ade.services.netlister] - NewPoint {"point": 11, "testname": "VT26_TOP_top_tb_TRAN_BIO", "event": "NewPoint", "EventSource": "Netlist Service", "HistoryName": "Interactive.172", "logFile": "/home/hrahimi/projects/POTENTIOSTAT_26/logs_hrahimi/logs0/Service8.log", "logFileSize": "39218"}
\o [2026-06-09 20:42:13.817 Z] [INFO] [cadence.virtuoso.ade.services.netlister] - Started netlisting {"point": 11, "testname": "VT26_TOP_top_tb_TRAN_BIO"}
\o Resetting statistical vars
\o 
\o *Info*    Setting parameter values ...
\o 
\o Setting var temperature = "27"
\o Setting temp(T) = 27
\o 
\o *Info*    Netlist Directory =
\o           /home/hrahimi/projects/POTENTIOSTAT_26/Sim/Potentiostat_Top/topsyh_tb/maestro/results/maestro/Interactive.172/11/VT26_TOP_top_tb_TRAN_BIO/netlist
\o 
\o 
\o *Info*    Data Directory    =
\o           /home/hrahimi/projects/POTENTIOSTAT_26/Sim/Potentiostat_Top/topsyh_tb/maestro/results/maestro/Interactive.172/11/VT26_TOP_top_tb_TRAN_BIO
\o 
\o Reusing AHDL Data dir
\o generate netlist...
\o Ignoring netlist creation since ignoreDesignChangesDuringRun is set to true
\o       ...successful.
\o create cds_globals...
\o       ...successful.
\o compose simulator input file...
\o       ...successful.
\w *WARNING* envGetVal: Could not find variable 'showMSOptionsInSpectreXTab'
\w 	in tool[.partition] 'maestro.gui'.
\o [2026-06-09 20:42:15.345 Z] [PROCESS] [cadence.virtuoso.ade.services.netlister] - Current memory used: 1.0029 GBytes, peak memory used: 1.0030 GBytes {"hostname": "il2244vt26_hrahimi", "processid": 3922420, "testname": "VT26_TOP_top_tb_TRAN_BIO", "point": 11, "logfile": "/home/hrahimi/projects/POTENTIOSTAT_26/logs_hrahimi/logs0/Service8.log"}
\o [2026-06-09 20:42:15.372 Z] [INFO] [cadence.virtuoso.ade.services.netlister] - Finished netlisting {"point": 11, "testname": "VT26_TOP_top_tb_TRAN_BIO"}
\o [2026-06-09 20:42:15.375 Z] [EVENT] [cadence.virtuoso.ade.services.netlister] - NewPoint {"point": 12, "testname": "VT26_TOP_top_tb_TRAN_BIO", "event": "NewPoint", "EventSource": "Netlist Service", "HistoryName": "Interactive.172", "logFile": "/home/hrahimi/projects/POTENTIOSTAT_26/logs_hrahimi/logs0/Service8.log", "logFileSize": "41126"}
\o [2026-06-09 20:42:15.375 Z] [INFO] [cadence.virtuoso.ade.services.netlister] - Started netlisting {"point": 12, "testname": "VT26_TOP_top_tb_TRAN_BIO"}
\o Resetting statistical vars
\o 
\o *Info*    Setting parameter values ...
\o 
\o Setting var temperature = "85"
\o Setting temp(T) = 85
\o 
\o *Info*    Netlist Directory =
\o           /home/hrahimi/projects/POTENTIOSTAT_26/Sim/Potentiostat_Top/topsyh_tb/maestro/results/maestro/Interactive.172/12/VT26_TOP_top_tb_TRAN_BIO/netlist
\o 
\o 
\o *Info*    Data Directory    =
\o           /home/hrahimi/projects/POTENTIOSTAT_26/Sim/Potentiostat_Top/topsyh_tb/maestro/results/maestro/Interactive.172/12/VT26_TOP_top_tb_TRAN_BIO
\o 
\o Reusing AHDL Data dir
\o generate netlist...
\o Ignoring netlist creation since ignoreDesignChangesDuringRun is set to true
\o       ...successful.
\o create cds_globals...
\o       ...successful.
\o compose simulator input file...
\o       ...successful.
\w *WARNING* envGetVal: Could not find variable 'showMSOptionsInSpectreXTab'
\w 	in tool[.partition] 'maestro.gui'.
\o [2026-06-09 20:42:16.855 Z] [PROCESS] [cadence.virtuoso.ade.services.netlister] - Current memory used: 1.0029 GBytes, peak memory used: 1.0030 GBytes {"hostname": "il2244vt26_hrahimi", "processid": 3922420, "testname": "VT26_TOP_top_tb_TRAN_BIO", "point": 12, "logfile": "/home/hrahimi/projects/POTENTIOSTAT_26/logs_hrahimi/logs0/Service8.log"}
\o [2026-06-09 20:42:16.882 Z] [INFO] [cadence.virtuoso.ade.services.netlister] - Finished netlisting {"point": 12, "testname": "VT26_TOP_top_tb_TRAN_BIO"}
\o [2026-06-09 20:42:16.885 Z] [EVENT] [cadence.virtuoso.ade.services.netlister] - NewPoint {"point": 13, "testname": "VT26_TOP_top_tb_TRAN_BIO", "event": "NewPoint", "EventSource": "Netlist Service", "HistoryName": "Interactive.172", "logFile": "/home/hrahimi/projects/POTENTIOSTAT_26/logs_hrahimi/logs0/Service8.log", "logFileSize": "43034"}
\o [2026-06-09 20:42:16.885 Z] [INFO] [cadence.virtuoso.ade.services.netlister] - Started netlisting {"point": 13, "testname": "VT26_TOP_top_tb_TRAN_BIO"}
\o Resetting statistical vars
\o 
\o *Info*    Setting parameter values ...
\o 
\o Setting var VDD = "3.3"
\o Setting var temperature = "-40"
\o Setting temp(T) = -40
\o 
\o *Info*    Netlist Directory =
\o           /home/hrahimi/projects/POTENTIOSTAT_26/Sim/Potentiostat_Top/topsyh_tb/maestro/results/maestro/Interactive.172/13/VT26_TOP_top_tb_TRAN_BIO/netlist
\o 
\o 
\o *Info*    Data Directory    =
\o           /home/hrahimi/projects/POTENTIOSTAT_26/Sim/Potentiostat_Top/topsyh_tb/maestro/results/maestro/Interactive.172/13/VT26_TOP_top_tb_TRAN_BIO
\o 
\o Reusing AHDL Data dir
\o generate netlist...
\o Ignoring netlist creation since ignoreDesignChangesDuringRun is set to true
\o       ...successful.
\o create cds_globals...
\o       ...successful.
\o compose simulator input file...
\o       ...successful.
\w *WARNING* envGetVal: Could not find variable 'showMSOptionsInSpectreXTab'
\w 	in tool[.partition] 'maestro.gui'.
\o [2026-06-09 20:42:18.366 Z] [PROCESS] [cadence.virtuoso.ade.services.netlister] - Current memory used: 1.0029 GBytes, peak memory used: 1.0030 GBytes {"hostname": "il2244vt26_hrahimi", "processid": 3922420, "testname": "VT26_TOP_top_tb_TRAN_BIO", "point": 13, "logfile": "/home/hrahimi/projects/POTENTIOSTAT_26/logs_hrahimi/logs0/Service8.log"}
\o [2026-06-09 20:42:18.393 Z] [INFO] [cadence.virtuoso.ade.services.netlister] - Finished netlisting {"point": 13, "testname": "VT26_TOP_top_tb_TRAN_BIO"}
\o [2026-06-09 20:42:18.395 Z] [EVENT] [cadence.virtuoso.ade.services.netlister] - NewPoint {"point": 14, "testname": "VT26_TOP_top_tb_TRAN_BIO", "event": "NewPoint", "EventSource": "Netlist Service", "HistoryName": "Interactive.172", "logFile": "/home/hrahimi/projects/POTENTIOSTAT_26/logs_hrahimi/logs0/Service8.log", "logFileSize": "44971"}
\o [2026-06-09 20:42:18.396 Z] [INFO] [cadence.virtuoso.ade.services.netlister] - Started netlisting {"point": 14, "testname": "VT26_TOP_top_tb_TRAN_BIO"}
\o Resetting statistical vars
\o 
\o *Info*    Setting parameter values ...
\o 
\o Setting var temperature = "27"
\o Setting temp(T) = 27
\o 
\o *Info*    Netlist Directory =
\o           /home/hrahimi/projects/POTENTIOSTAT_26/Sim/Potentiostat_Top/topsyh_tb/maestro/results/maestro/Interactive.172/14/VT26_TOP_top_tb_TRAN_BIO/netlist
\o 
\o 
\o *Info*    Data Directory    =
\o           /home/hrahimi/projects/POTENTIOSTAT_26/Sim/Potentiostat_Top/topsyh_tb/maestro/results/maestro/Interactive.172/14/VT26_TOP_top_tb_TRAN_BIO
\o 
\o Reusing AHDL Data dir
\o generate netlist...
\o Ignoring netlist creation since ignoreDesignChangesDuringRun is set to true
\o       ...successful.
\o create cds_globals...
\o       ...successful.
\o compose simulator input file...
\o       ...successful.
\w *WARNING* envGetVal: Could not find variable 'showMSOptionsInSpectreXTab'
\w 	in tool[.partition] 'maestro.gui'.
\o [2026-06-09 20:42:19.866 Z] [PROCESS] [cadence.virtuoso.ade.services.netlister] - Current memory used: 1.0029 GBytes, peak memory used: 1.0030 GBytes {"hostname": "il2244vt26_hrahimi", "processid": 3922420, "testname": "VT26_TOP_top_tb_TRAN_BIO", "point": 14, "logfile": "/home/hrahimi/projects/POTENTIOSTAT_26/logs_hrahimi/logs0/Service8.log"}
\o [2026-06-09 20:42:19.895 Z] [INFO] [cadence.virtuoso.ade.services.netlister] - Finished netlisting {"point": 14, "testname": "VT26_TOP_top_tb_TRAN_BIO"}
\o [2026-06-09 20:42:19.897 Z] [EVENT] [cadence.virtuoso.ade.services.netlister] - NewPoint {"point": 15, "testname": "VT26_TOP_top_tb_TRAN_BIO", "event": "NewPoint", "EventSource": "Netlist Service", "HistoryName": "Interactive.172", "logFile": "/home/hrahimi/projects/POTENTIOSTAT_26/logs_hrahimi/logs0/Service8.log", "logFileSize": "46879"}
\o [2026-06-09 20:42:19.898 Z] [INFO] [cadence.virtuoso.ade.services.netlister] - Started netlisting {"point": 15, "testname": "VT26_TOP_top_tb_TRAN_BIO"}
\o Resetting statistical vars
\o 
\o *Info*    Setting parameter values ...
\o 
\o Setting var temperature = "85"
\o Setting temp(T) = 85
\o 
\o *Info*    Netlist Directory =
\o           /home/hrahimi/projects/POTENTIOSTAT_26/Sim/Potentiostat_Top/topsyh_tb/maestro/results/maestro/Interactive.172/15/VT26_TOP_top_tb_TRAN_BIO/netlist
\o 
\o 
\o *Info*    Data Directory    =
\o           /home/hrahimi/projects/POTENTIOSTAT_26/Sim/Potentiostat_Top/topsyh_tb/maestro/results/maestro/Interactive.172/15/VT26_TOP_top_tb_TRAN_BIO
\o 
\o Reusing AHDL Data dir
\o generate netlist...
\o Ignoring netlist creation since ignoreDesignChangesDuringRun is set to true
\o       ...successful.
\o create cds_globals...
\o       ...successful.
\o compose simulator input file...
\o       ...successful.
\w *WARNING* envGetVal: Could not find variable 'showMSOptionsInSpectreXTab'
\w 	in tool[.partition] 'maestro.gui'.
\o [2026-06-09 20:42:21.360 Z] [PROCESS] [cadence.virtuoso.ade.services.netlister] - Current memory used: 1.0038 GBytes, peak memory used: 1.0038 GBytes {"hostname": "il2244vt26_hrahimi", "processid": 3922420, "testname": "VT26_TOP_top_tb_TRAN_BIO", "point": 15, "logfile": "/home/hrahimi/projects/POTENTIOSTAT_26/logs_hrahimi/logs0/Service8.log"}
\o [2026-06-09 20:42:21.383 Z] [INFO] [cadence.virtuoso.ade.services.netlister] - Finished netlisting {"point": 15, "testname": "VT26_TOP_top_tb_TRAN_BIO"}
\o [2026-06-09 20:42:21.385 Z] [EVENT] [cadence.virtuoso.ade.services.netlister] - NewPoint {"point": 16, "testname": "VT26_TOP_top_tb_TRAN_BIO", "event": "NewPoint", "EventSource": "Netlist Service", "HistoryName": "Interactive.172", "logFile": "/home/hrahimi/projects/POTENTIOSTAT_26/logs_hrahimi/logs0/Service8.log", "logFileSize": "48787"}
\o [2026-06-09 20:42:21.386 Z] [INFO] [cadence.virtuoso.ade.services.netlister] - Started netlisting {"point": 16, "testname": "VT26_TOP_top_tb_TRAN_BIO"}
\o Resetting statistical vars
\o 
\o *Info*    Setting parameter values ...
\o 
\o Setting var VDD = "3.63"
\o Setting var temperature = "-40"
\o Setting temp(T) = -40
\o 
\o *Info*    Netlist Directory =
\o           /home/hrahimi/projects/POTENTIOSTAT_26/Sim/Potentiostat_Top/topsyh_tb/maestro/results/maestro/Interactive.172/16/VT26_TOP_top_tb_TRAN_BIO/netlist
\o 
\o 
\o *Info*    Data Directory    =
\o           /home/hrahimi/projects/POTENTIOSTAT_26/Sim/Potentiostat_Top/topsyh_tb/maestro/results/maestro/Interactive.172/16/VT26_TOP_top_tb_TRAN_BIO
\o 
\o Reusing AHDL Data dir
\o generate netlist...
\o Ignoring netlist creation since ignoreDesignChangesDuringRun is set to true
\o       ...successful.
\o create cds_globals...
\o       ...successful.
\o compose simulator input file...
\o       ...successful.
\w *WARNING* envGetVal: Could not find variable 'showMSOptionsInSpectreXTab'
\w 	in tool[.partition] 'maestro.gui'.
\o [2026-06-09 20:42:22.822 Z] [PROCESS] [cadence.virtuoso.ade.services.netlister] - Current memory used: 1.0099 GBytes, peak memory used: 1.0099 GBytes {"hostname": "il2244vt26_hrahimi", "processid": 3922420, "testname": "VT26_TOP_top_tb_TRAN_BIO", "point": 16, "logfile": "/home/hrahimi/projects/POTENTIOSTAT_26/logs_hrahimi/logs0/Service8.log"}
\o [2026-06-09 20:42:22.847 Z] [INFO] [cadence.virtuoso.ade.services.netlister] - Finished netlisting {"point": 16, "testname": "VT26_TOP_top_tb_TRAN_BIO"}
\o [2026-06-09 20:42:22.849 Z] [EVENT] [cadence.virtuoso.ade.services.netlister] - NewPoint {"point": 17, "testname": "VT26_TOP_top_tb_TRAN_BIO", "event": "NewPoint", "EventSource": "Netlist Service", "HistoryName": "Interactive.172", "logFile": "/home/hrahimi/projects/POTENTIOSTAT_26/logs_hrahimi/logs0/Service8.log", "logFileSize": "50725"}
\o [2026-06-09 20:42:22.849 Z] [INFO] [cadence.virtuoso.ade.services.netlister] - Started netlisting {"point": 17, "testname": "VT26_TOP_top_tb_TRAN_BIO"}
\o Resetting statistical vars
\o 
\o *Info*    Setting parameter values ...
\o 
\o Setting var temperature = "27"
\o Setting temp(T) = 27
\o 
\o *Info*    Netlist Directory =
\o           /home/hrahimi/projects/POTENTIOSTAT_26/Sim/Potentiostat_Top/topsyh_tb/maestro/results/maestro/Interactive.172/17/VT26_TOP_top_tb_TRAN_BIO/netlist
\o 
\o 
\o *Info*    Data Directory    =
\o           /home/hrahimi/projects/POTENTIOSTAT_26/Sim/Potentiostat_Top/topsyh_tb/maestro/results/maestro/Interactive.172/17/VT26_TOP_top_tb_TRAN_BIO
\o 
\o Reusing AHDL Data dir
\o generate netlist...
\o Ignoring netlist creation since ignoreDesignChangesDuringRun is set to true
\o       ...successful.
\o create cds_globals...
\o       ...successful.
\o compose simulator input file...
\o       ...successful.
\w *WARNING* envGetVal: Could not find variable 'showMSOptionsInSpectreXTab'
\w 	in tool[.partition] 'maestro.gui'.
\o [2026-06-09 20:42:24.318 Z] [PROCESS] [cadence.virtuoso.ade.services.netlister] - Current memory used: 1.0175 GBytes, peak memory used: 1.0175 GBytes {"hostname": "il2244vt26_hrahimi", "processid": 3922420, "testname": "VT26_TOP_top_tb_TRAN_BIO", "point": 17, "logfile": "/home/hrahimi/projects/POTENTIOSTAT_26/logs_hrahimi/logs0/Service8.log"}
\o [2026-06-09 20:42:24.344 Z] [INFO] [cadence.virtuoso.ade.services.netlister] - Finished netlisting {"point": 17, "testname": "VT26_TOP_top_tb_TRAN_BIO"}
\o [2026-06-09 20:42:24.346 Z] [EVENT] [cadence.virtuoso.ade.services.netlister] - NewPoint {"point": 18, "testname": "VT26_TOP_top_tb_TRAN_BIO", "event": "NewPoint", "EventSource": "Netlist Service", "HistoryName": "Interactive.172", "logFile": "/home/hrahimi/projects/POTENTIOSTAT_26/logs_hrahimi/logs0/Service8.log", "logFileSize": "52633"}
\o [2026-06-09 20:42:24.347 Z] [INFO] [cadence.virtuoso.ade.services.netlister] - Started netlisting {"point": 18, "testname": "VT26_TOP_top_tb_TRAN_BIO"}
\o Resetting statistical vars
\o 
\o *Info*    Setting parameter values ...
\o 
\o Setting var temperature = "85"
\o Setting temp(T) = 85
\o 
\o *Info*    Netlist Directory =
\o           /home/hrahimi/projects/POTENTIOSTAT_26/Sim/Potentiostat_Top/topsyh_tb/maestro/results/maestro/Interactive.172/18/VT26_TOP_top_tb_TRAN_BIO/netlist
\o 
\o 
\o *Info*    Data Directory    =
\o           /home/hrahimi/projects/POTENTIOSTAT_26/Sim/Potentiostat_Top/topsyh_tb/maestro/results/maestro/Interactive.172/18/VT26_TOP_top_tb_TRAN_BIO
\o 
\o Reusing AHDL Data dir
\o generate netlist...
\o Ignoring netlist creation since ignoreDesignChangesDuringRun is set to true
\o       ...successful.
\o create cds_globals...
\o       ...successful.
\o compose simulator input file...
\o       ...successful.
\w *WARNING* envGetVal: Could not find variable 'showMSOptionsInSpectreXTab'
\w 	in tool[.partition] 'maestro.gui'.
\o [2026-06-09 20:42:25.768 Z] [PROCESS] [cadence.virtuoso.ade.services.netlister] - Current memory used: 1.0218 GBytes, peak memory used: 1.0218 GBytes {"hostname": "il2244vt26_hrahimi", "processid": 3922420, "testname": "VT26_TOP_top_tb_TRAN_BIO", "point": 18, "logfile": "/home/hrahimi/projects/POTENTIOSTAT_26/logs_hrahimi/logs0/Service8.log"}
\o [2026-06-09 20:42:25.794 Z] [INFO] [cadence.virtuoso.ade.services.netlister] - Finished netlisting {"point": 18, "testname": "VT26_TOP_top_tb_TRAN_BIO"}
\o [2026-06-09 20:42:25.796 Z] [EVENT] [cadence.virtuoso.ade.services.netlister] - NewPoint {"point": 19, "testname": "VT26_TOP_top_tb_TRAN_BIO", "event": "NewPoint", "EventSource": "Netlist Service", "HistoryName": "Interactive.172", "logFile": "/home/hrahimi/projects/POTENTIOSTAT_26/logs_hrahimi/logs0/Service8.log", "logFileSize": "54541"}
\o [2026-06-09 20:42:25.796 Z] [INFO] [cadence.virtuoso.ade.services.netlister] - Started netlisting {"point": 19, "testname": "VT26_TOP_top_tb_TRAN_BIO"}
\o Resetting statistical vars
\o 
\o *Info*    Setting parameter values ...
\o 
\o Setting var VDD = "2.97"
\o Setting var temperature = "-40"
\o Setting temp(T) = -40
\o 
\o *Info*    Netlist Directory =
\o           /home/hrahimi/projects/POTENTIOSTAT_26/Sim/Potentiostat_Top/topsyh_tb/maestro/results/maestro/Interactive.172/19/VT26_TOP_top_tb_TRAN_BIO/netlist
\o 
\o 
\o *Info*    Data Directory    =
\o           /home/hrahimi/projects/POTENTIOSTAT_26/Sim/Potentiostat_Top/topsyh_tb/maestro/results/maestro/Interactive.172/19/VT26_TOP_top_tb_TRAN_BIO
\o 
\o Reusing AHDL Data dir
\o generate netlist...
\o Ignoring netlist creation since ignoreDesignChangesDuringRun is set to true
\o       ...successful.
\o create cds_globals...
\o       ...successful.
\o compose simulator input file...
\o       ...successful.
\w *WARNING* envGetVal: Could not find variable 'showMSOptionsInSpectreXTab'
\w 	in tool[.partition] 'maestro.gui'.
\o [2026-06-09 20:42:28.121 Z] [PROCESS] [cadence.virtuoso.ade.services.netlister] - Current memory used: 1.0170 GBytes, peak memory used: 1.0218 GBytes {"hostname": "il2244vt26_hrahimi", "processid": 3922420, "testname": "VT26_TOP_top_tb_TRAN_BIO", "point": 19, "logfile": "/home/hrahimi/projects/POTENTIOSTAT_26/logs_hrahimi/logs0/Service8.log"}
\o [2026-06-09 20:42:28.149 Z] [INFO] [cadence.virtuoso.ade.services.netlister] - Finished netlisting {"point": 19, "testname": "VT26_TOP_top_tb_TRAN_BIO"}
\o [2026-06-09 20:42:28.152 Z] [EVENT] [cadence.virtuoso.ade.services.netlister] - NewPoint {"point": 20, "testname": "VT26_TOP_top_tb_TRAN_BIO", "event": "NewPoint", "EventSource": "Netlist Service", "HistoryName": "Interactive.172", "logFile": "/home/hrahimi/projects/POTENTIOSTAT_26/logs_hrahimi/logs0/Service8.log", "logFileSize": "56479"}
\o [2026-06-09 20:42:28.152 Z] [INFO] [cadence.virtuoso.ade.services.netlister] - Started netlisting {"point": 20, "testname": "VT26_TOP_top_tb_TRAN_BIO"}
\o Resetting statistical vars
\o 
\o *Info*    Setting parameter values ...
\o 
\o Setting var temperature = "27"
\o Setting temp(T) = 27
\o 
\o *Info*    Netlist Directory =
\o           /home/hrahimi/projects/POTENTIOSTAT_26/Sim/Potentiostat_Top/topsyh_tb/maestro/results/maestro/Interactive.172/20/VT26_TOP_top_tb_TRAN_BIO/netlist
\o 
\o 
\o *Info*    Data Directory    =
\o           /home/hrahimi/projects/POTENTIOSTAT_26/Sim/Potentiostat_Top/topsyh_tb/maestro/results/maestro/Interactive.172/20/VT26_TOP_top_tb_TRAN_BIO
\o 
\o Reusing AHDL Data dir
\o generate netlist...
\o Ignoring netlist creation since ignoreDesignChangesDuringRun is set to true
\o       ...successful.
\o create cds_globals...
\o       ...successful.
\o compose simulator input file...
\o       ...successful.
\w *WARNING* envGetVal: Could not find variable 'showMSOptionsInSpectreXTab'
\w 	in tool[.partition] 'maestro.gui'.
\o [2026-06-09 20:42:29.738 Z] [PROCESS] [cadence.virtuoso.ade.services.netlister] - Current memory used: 1.0170 GBytes, peak memory used: 1.0218 GBytes {"hostname": "il2244vt26_hrahimi", "processid": 3922420, "testname": "VT26_TOP_top_tb_TRAN_BIO", "point": 20, "logfile": "/home/hrahimi/projects/POTENTIOSTAT_26/logs_hrahimi/logs0/Service8.log"}
\o [2026-06-09 20:42:29.769 Z] [INFO] [cadence.virtuoso.ade.services.netlister] - Finished netlisting {"point": 20, "testname": "VT26_TOP_top_tb_TRAN_BIO"}
\o [2026-06-09 20:42:29.772 Z] [EVENT] [cadence.virtuoso.ade.services.netlister] - NewPoint {"point": 21, "testname": "VT26_TOP_top_tb_TRAN_BIO", "event": "NewPoint", "EventSource": "Netlist Service", "HistoryName": "Interactive.172", "logFile": "/home/hrahimi/projects/POTENTIOSTAT_26/logs_hrahimi/logs0/Service8.log", "logFileSize": "58387"}
\o [2026-06-09 20:42:29.772 Z] [INFO] [cadence.virtuoso.ade.services.netlister] - Started netlisting {"point": 21, "testname": "VT26_TOP_top_tb_TRAN_BIO"}
\o Resetting statistical vars
\o 
\o *Info*    Setting parameter values ...
\o 
\o Setting var temperature = "85"
\o Setting temp(T) = 85
\o 
\o *Info*    Netlist Directory =
\o           /home/hrahimi/projects/POTENTIOSTAT_26/Sim/Potentiostat_Top/topsyh_tb/maestro/results/maestro/Interactive.172/21/VT26_TOP_top_tb_TRAN_BIO/netlist
\o 
\o 
\o *Info*    Data Directory    =
\o           /home/hrahimi/projects/POTENTIOSTAT_26/Sim/Potentiostat_Top/topsyh_tb/maestro/results/maestro/Interactive.172/21/VT26_TOP_top_tb_TRAN_BIO
\o 
\o Reusing AHDL Data dir
\o generate netlist...
\o Ignoring netlist creation since ignoreDesignChangesDuringRun is set to true
\o       ...successful.
\o create cds_globals...
\o       ...successful.
\o compose simulator input file...
\o       ...successful.
\w *WARNING* envGetVal: Could not find variable 'showMSOptionsInSpectreXTab'
\w 	in tool[.partition] 'maestro.gui'.
\o [2026-06-09 20:42:31.393 Z] [PROCESS] [cadence.virtuoso.ade.services.netlister] - Current memory used: 1.0170 GBytes, peak memory used: 1.0218 GBytes {"hostname": "il2244vt26_hrahimi", "processid": 3922420, "testname": "VT26_TOP_top_tb_TRAN_BIO", "point": 21, "logfile": "/home/hrahimi/projects/POTENTIOSTAT_26/logs_hrahimi/logs0/Service8.log"}
\o [2026-06-09 20:42:31.424 Z] [INFO] [cadence.virtuoso.ade.services.netlister] - Finished netlisting {"point": 21, "testname": "VT26_TOP_top_tb_TRAN_BIO"}
\o [2026-06-09 20:42:31.427 Z] [EVENT] [cadence.virtuoso.ade.services.netlister] - NewPoint {"point": 22, "testname": "VT26_TOP_top_tb_TRAN_BIO", "event": "NewPoint", "EventSource": "Netlist Service", "HistoryName": "Interactive.172", "logFile": "/home/hrahimi/projects/POTENTIOSTAT_26/logs_hrahimi/logs0/Service8.log", "logFileSize": "60295"}
\o [2026-06-09 20:42:31.427 Z] [INFO] [cadence.virtuoso.ade.services.netlister] - Started netlisting {"point": 22, "testname": "VT26_TOP_top_tb_TRAN_BIO"}
\o Resetting statistical vars
\o 
\o *Info*    Setting parameter values ...
\o 
\o Setting var VDD = "3.3"
\o Setting var temperature = "-40"
\o Setting temp(T) = -40
\o 
\o *Info*    Netlist Directory =
\o           /home/hrahimi/projects/POTENTIOSTAT_26/Sim/Potentiostat_Top/topsyh_tb/maestro/results/maestro/Interactive.172/22/VT26_TOP_top_tb_TRAN_BIO/netlist
\o 
\o 
\o *Info*    Data Directory    =
\o           /home/hrahimi/projects/POTENTIOSTAT_26/Sim/Potentiostat_Top/topsyh_tb/maestro/results/maestro/Interactive.172/22/VT26_TOP_top_tb_TRAN_BIO
\o 
\o Reusing AHDL Data dir
\o generate netlist...
\o Ignoring netlist creation since ignoreDesignChangesDuringRun is set to true
\o       ...successful.
\o create cds_globals...
\o       ...successful.
\o compose simulator input file...
\o       ...successful.
\w *WARNING* envGetVal: Could not find variable 'showMSOptionsInSpectreXTab'
\w 	in tool[.partition] 'maestro.gui'.
\o [2026-06-09 20:42:33.190 Z] [PROCESS] [cadence.virtuoso.ade.services.netlister] - Current memory used: 1.0170 GBytes, peak memory used: 1.0218 GBytes {"hostname": "il2244vt26_hrahimi", "processid": 3922420, "testname": "VT26_TOP_top_tb_TRAN_BIO", "point": 22, "logfile": "/home/hrahimi/projects/POTENTIOSTAT_26/logs_hrahimi/logs0/Service8.log"}
\o [2026-06-09 20:42:33.220 Z] [INFO] [cadence.virtuoso.ade.services.netlister] - Finished netlisting {"point": 22, "testname": "VT26_TOP_top_tb_TRAN_BIO"}
\o [2026-06-09 20:42:33.223 Z] [EVENT] [cadence.virtuoso.ade.services.netlister] - NewPoint {"point": 23, "testname": "VT26_TOP_top_tb_TRAN_BIO", "event": "NewPoint", "EventSource": "Netlist Service", "HistoryName": "Interactive.172", "logFile": "/home/hrahimi/projects/POTENTIOSTAT_26/logs_hrahimi/logs0/Service8.log", "logFileSize": "62232"}
\o [2026-06-09 20:42:33.224 Z] [INFO] [cadence.virtuoso.ade.services.netlister] - Started netlisting {"point": 23, "testname": "VT26_TOP_top_tb_TRAN_BIO"}
\o Resetting statistical vars
\o 
\o *Info*    Setting parameter values ...
\o 
\o Setting var temperature = "27"
\o Setting temp(T) = 27
\o 
\o *Info*    Netlist Directory =
\o           /home/hrahimi/projects/POTENTIOSTAT_26/Sim/Potentiostat_Top/topsyh_tb/maestro/results/maestro/Interactive.172/23/VT26_TOP_top_tb_TRAN_BIO/netlist
\o 
\o 
\o *Info*    Data Directory    =
\o           /home/hrahimi/projects/POTENTIOSTAT_26/Sim/Potentiostat_Top/topsyh_tb/maestro/results/maestro/Interactive.172/23/VT26_TOP_top_tb_TRAN_BIO
\o 
\o Reusing AHDL Data dir
\o generate netlist...
\o Ignoring netlist creation since ignoreDesignChangesDuringRun is set to true
\o       ...successful.
\o create cds_globals...
\o       ...successful.
\o compose simulator input file...
\o       ...successful.
\w *WARNING* envGetVal: Could not find variable 'showMSOptionsInSpectreXTab'
\w 	in tool[.partition] 'maestro.gui'.
\o [2026-06-09 20:42:34.941 Z] [PROCESS] [cadence.virtuoso.ade.services.netlister] - Current memory used: 1.0170 GBytes, peak memory used: 1.0218 GBytes {"hostname": "il2244vt26_hrahimi", "processid": 3922420, "testname": "VT26_TOP_top_tb_TRAN_BIO", "point": 23, "logfile": "/home/hrahimi/projects/POTENTIOSTAT_26/logs_hrahimi/logs0/Service8.log"}
\o [2026-06-09 20:42:34.969 Z] [INFO] [cadence.virtuoso.ade.services.netlister] - Finished netlisting {"point": 23, "testname": "VT26_TOP_top_tb_TRAN_BIO"}
\o [2026-06-09 20:42:34.971 Z] [EVENT] [cadence.virtuoso.ade.services.netlister] - NewPoint {"point": 24, "testname": "VT26_TOP_top_tb_TRAN_BIO", "event": "NewPoint", "EventSource": "Netlist Service", "HistoryName": "Interactive.172", "logFile": "/home/hrahimi/projects/POTENTIOSTAT_26/logs_hrahimi/logs0/Service8.log", "logFileSize": "64140"}
\o [2026-06-09 20:42:34.971 Z] [INFO] [cadence.virtuoso.ade.services.netlister] - Started netlisting {"point": 24, "testname": "VT26_TOP_top_tb_TRAN_BIO"}
\o Resetting statistical vars
\o 
\o *Info*    Setting parameter values ...
\o 
\o Setting var temperature = "85"
\o Setting temp(T) = 85
\o 
\o *Info*    Netlist Directory =
\o           /home/hrahimi/projects/POTENTIOSTAT_26/Sim/Potentiostat_Top/topsyh_tb/maestro/results/maestro/Interactive.172/24/VT26_TOP_top_tb_TRAN_BIO/netlist
\o 
\o 
\o *Info*    Data Directory    =
\o           /home/hrahimi/projects/POTENTIOSTAT_26/Sim/Potentiostat_Top/topsyh_tb/maestro/results/maestro/Interactive.172/24/VT26_TOP_top_tb_TRAN_BIO
\o 
\o Reusing AHDL Data dir
\o generate netlist...
\o Ignoring netlist creation since ignoreDesignChangesDuringRun is set to true
\o       ...successful.
\o create cds_globals...
\o       ...successful.
\o compose simulator input file...
\o       ...successful.
\w *WARNING* envGetVal: Could not find variable 'showMSOptionsInSpectreXTab'
\w 	in tool[.partition] 'maestro.gui'.
\o [2026-06-09 20:42:36.669 Z] [PROCESS] [cadence.virtuoso.ade.services.netlister] - Current memory used: 1.0170 GBytes, peak memory used: 1.0218 GBytes {"hostname": "il2244vt26_hrahimi", "processid": 3922420, "testname": "VT26_TOP_top_tb_TRAN_BIO", "point": 24, "logfile": "/home/hrahimi/projects/POTENTIOSTAT_26/logs_hrahimi/logs0/Service8.log"}
\o [2026-06-09 20:42:36.701 Z] [INFO] [cadence.virtuoso.ade.services.netlister] - Finished netlisting {"point": 24, "testname": "VT26_TOP_top_tb_TRAN_BIO"}
\o [2026-06-09 20:42:36.704 Z] [EVENT] [cadence.virtuoso.ade.services.netlister] - NewPoint {"point": 25, "testname": "VT26_TOP_top_tb_TRAN_BIO", "event": "NewPoint", "EventSource": "Netlist Service", "HistoryName": "Interactive.172", "logFile": "/home/hrahimi/projects/POTENTIOSTAT_26/logs_hrahimi/logs0/Service8.log", "logFileSize": "66048"}
\o [2026-06-09 20:42:36.705 Z] [INFO] [cadence.virtuoso.ade.services.netlister] - Started netlisting {"point": 25, "testname": "VT26_TOP_top_tb_TRAN_BIO"}
\o Resetting statistical vars
\o 
\o *Info*    Setting parameter values ...
\o 
\o Setting var VDD = "3.63"
\o Setting var temperature = "-40"
\o Setting temp(T) = -40
\o 
\o *Info*    Netlist Directory =
\o           /home/hrahimi/projects/POTENTIOSTAT_26/Sim/Potentiostat_Top/topsyh_tb/maestro/results/maestro/Interactive.172/25/VT26_TOP_top_tb_TRAN_BIO/netlist
\o 
\o 
\o *Info*    Data Directory    =
\o           /home/hrahimi/projects/POTENTIOSTAT_26/Sim/Potentiostat_Top/topsyh_tb/maestro/results/maestro/Interactive.172/25/VT26_TOP_top_tb_TRAN_BIO
\o 
\o Reusing AHDL Data dir
\o generate netlist...
\o Ignoring netlist creation since ignoreDesignChangesDuringRun is set to true
\o       ...successful.
\o create cds_globals...
\o       ...successful.
\o compose simulator input file...
\o       ...successful.
\w *WARNING* envGetVal: Could not find variable 'showMSOptionsInSpectreXTab'
\w 	in tool[.partition] 'maestro.gui'.
\o [2026-06-09 20:42:38.348 Z] [PROCESS] [cadence.virtuoso.ade.services.netlister] - Current memory used: 1.0170 GBytes, peak memory used: 1.0218 GBytes {"hostname": "il2244vt26_hrahimi", "processid": 3922420, "testname": "VT26_TOP_top_tb_TRAN_BIO", "point": 25, "logfile": "/home/hrahimi/projects/POTENTIOSTAT_26/logs_hrahimi/logs0/Service8.log"}
\o [2026-06-09 20:42:38.377 Z] [INFO] [cadence.virtuoso.ade.services.netlister] - Finished netlisting {"point": 25, "testname": "VT26_TOP_top_tb_TRAN_BIO"}
\o [2026-06-09 20:42:38.380 Z] [EVENT] [cadence.virtuoso.ade.services.netlister] - NewPoint {"point": 26, "testname": "VT26_TOP_top_tb_TRAN_BIO", "event": "NewPoint", "EventSource": "Netlist Service", "HistoryName": "Interactive.172", "logFile": "/home/hrahimi/projects/POTENTIOSTAT_26/logs_hrahimi/logs0/Service8.log", "logFileSize": "67986"}
\o [2026-06-09 20:42:38.380 Z] [INFO] [cadence.virtuoso.ade.services.netlister] - Started netlisting {"point": 26, "testname": "VT26_TOP_top_tb_TRAN_BIO"}
\o Resetting statistical vars
\o 
\o *Info*    Setting parameter values ...
\o 
\o Setting var temperature = "27"
\o Setting temp(T) = 27
\o 
\o *Info*    Netlist Directory =
\o           /home/hrahimi/projects/POTENTIOSTAT_26/Sim/Potentiostat_Top/topsyh_tb/maestro/results/maestro/Interactive.172/26/VT26_TOP_top_tb_TRAN_BIO/netlist
\o 
\o 
\o *Info*    Data Directory    =
\o           /home/hrahimi/projects/POTENTIOSTAT_26/Sim/Potentiostat_Top/topsyh_tb/maestro/results/maestro/Interactive.172/26/VT26_TOP_top_tb_TRAN_BIO
\o 
\o Reusing AHDL Data dir
\o generate netlist...
\o Ignoring netlist creation since ignoreDesignChangesDuringRun is set to true
\o       ...successful.
\o create cds_globals...
\o       ...successful.
\o compose simulator input file...
\o       ...successful.
\w *WARNING* envGetVal: Could not find variable 'showMSOptionsInSpectreXTab'
\w 	in tool[.partition] 'maestro.gui'.
\o [2026-06-09 20:42:40.117 Z] [PROCESS] [cadence.virtuoso.ade.services.netlister] - Current memory used: 1.0170 GBytes, peak memory used: 1.0218 GBytes {"hostname": "il2244vt26_hrahimi", "processid": 3922420, "testname": "VT26_TOP_top_tb_TRAN_BIO", "point": 26, "logfile": "/home/hrahimi/projects/POTENTIOSTAT_26/logs_hrahimi/logs0/Service8.log"}
\o [2026-06-09 20:42:40.148 Z] [INFO] [cadence.virtuoso.ade.services.netlister] - Finished netlisting {"point": 26, "testname": "VT26_TOP_top_tb_TRAN_BIO"}
\o [2026-06-09 20:42:40.152 Z] [EVENT] [cadence.virtuoso.ade.services.netlister] - NewPoint {"point": 27, "testname": "VT26_TOP_top_tb_TRAN_BIO", "event": "NewPoint", "EventSource": "Netlist Service", "HistoryName": "Interactive.172", "logFile": "/home/hrahimi/projects/POTENTIOSTAT_26/logs_hrahimi/logs0/Service8.log", "logFileSize": "69894"}
\o [2026-06-09 20:42:40.153 Z] [INFO] [cadence.virtuoso.ade.services.netlister] - Started netlisting {"point": 27, "testname": "VT26_TOP_top_tb_TRAN_BIO"}
\o Resetting statistical vars
\o 
\o *Info*    Setting parameter values ...
\o 
\o Setting var temperature = "85"
\o Setting temp(T) = 85
\o 
\o *Info*    Netlist Directory =
\o           /home/hrahimi/projects/POTENTIOSTAT_26/Sim/Potentiostat_Top/topsyh_tb/maestro/results/maestro/Interactive.172/27/VT26_TOP_top_tb_TRAN_BIO/netlist
\o 
\o 
\o *Info*    Data Directory    =
\o           /home/hrahimi/projects/POTENTIOSTAT_26/Sim/Potentiostat_Top/topsyh_tb/maestro/results/maestro/Interactive.172/27/VT26_TOP_top_tb_TRAN_BIO
\o 
\o Reusing AHDL Data dir
\o generate netlist...
\o Ignoring netlist creation since ignoreDesignChangesDuringRun is set to true
\o       ...successful.
\o create cds_globals...
\o       ...successful.
\o compose simulator input file...
\o       ...successful.
\w *WARNING* envGetVal: Could not find variable 'showMSOptionsInSpectreXTab'
\w 	in tool[.partition] 'maestro.gui'.
\o [2026-06-09 20:42:41.849 Z] [PROCESS] [cadence.virtuoso.ade.services.netlister] - Current memory used: 1.0170 GBytes, peak memory used: 1.0218 GBytes {"hostname": "il2244vt26_hrahimi", "processid": 3922420, "testname": "VT26_TOP_top_tb_TRAN_BIO", "point": 27, "logfile": "/home/hrahimi/projects/POTENTIOSTAT_26/logs_hrahimi/logs0/Service8.log"}
\o [2026-06-09 20:42:41.879 Z] [INFO] [cadence.virtuoso.ade.services.netlister] - Finished netlisting {"point": 27, "testname": "VT26_TOP_top_tb_TRAN_BIO"}
\o [2026-06-09 20:42:41.882 Z] [EVENT] [cadence.virtuoso.ade.services.netlister] - NewPoint {"point": 28, "testname": "VT26_TOP_top_tb_TRAN_BIO", "event": "NewPoint", "EventSource": "Netlist Service", "HistoryName": "Interactive.172", "logFile": "/home/hrahimi/projects/POTENTIOSTAT_26/logs_hrahimi/logs0/Service8.log", "logFileSize": "71802"}
\o [2026-06-09 20:42:41.883 Z] [INFO] [cadence.virtuoso.ade.services.netlister] - Started netlisting {"point": 28, "testname": "VT26_TOP_top_tb_TRAN_BIO"}
\o Resetting statistical vars
\o 
\o *Info*    Setting parameter values ...
\o 
\o Setting var VDD = "2.97"
\o Setting var temperature = "-40"
\o Setting temp(T) = -40
\o 
\o *Info*    Netlist Directory =
\o           /home/hrahimi/projects/POTENTIOSTAT_26/Sim/Potentiostat_Top/topsyh_tb/maestro/results/maestro/Interactive.172/28/VT26_TOP_top_tb_TRAN_BIO/netlist
\o 
\o 
\o *Info*    Data Directory    =
\o           /home/hrahimi/projects/POTENTIOSTAT_26/Sim/Potentiostat_Top/topsyh_tb/maestro/results/maestro/Interactive.172/28/VT26_TOP_top_tb_TRAN_BIO
\o 
\o Reusing AHDL Data dir
\o generate netlist...
\o Ignoring netlist creation since ignoreDesignChangesDuringRun is set to true
\o       ...successful.
\o create cds_globals...
\o       ...successful.
\o compose simulator input file...
\o       ...successful.
\w *WARNING* envGetVal: Could not find variable 'showMSOptionsInSpectreXTab'
\w 	in tool[.partition] 'maestro.gui'.
\o [2026-06-09 20:42:43.560 Z] [PROCESS] [cadence.virtuoso.ade.services.netlister] - Current memory used: 1.0170 GBytes, peak memory used: 1.0218 GBytes {"hostname": "il2244vt26_hrahimi", "processid": 3922420, "testname": "VT26_TOP_top_tb_TRAN_BIO", "point": 28, "logfile": "/home/hrahimi/projects/POTENTIOSTAT_26/logs_hrahimi/logs0/Service8.log"}
\o [2026-06-09 20:42:43.588 Z] [INFO] [cadence.virtuoso.ade.services.netlister] - Finished netlisting {"point": 28, "testname": "VT26_TOP_top_tb_TRAN_BIO"}
\o [2026-06-09 20:42:43.590 Z] [EVENT] [cadence.virtuoso.ade.services.netlister] - NewPoint {"point": 29, "testname": "VT26_TOP_top_tb_TRAN_BIO", "event": "NewPoint", "EventSource": "Netlist Service", "HistoryName": "Interactive.172", "logFile": "/home/hrahimi/projects/POTENTIOSTAT_26/logs_hrahimi/logs0/Service8.log", "logFileSize": "73740"}
\o [2026-06-09 20:42:43.591 Z] [INFO] [cadence.virtuoso.ade.services.netlister] - Started netlisting {"point": 29, "testname": "VT26_TOP_top_tb_TRAN_BIO"}
\o Resetting statistical vars
\o 
\o *Info*    Setting parameter values ...
\o 
\o Setting var temperature = "27"
\o Setting temp(T) = 27
\o 
\o *Info*    Netlist Directory =
\o           /home/hrahimi/projects/POTENTIOSTAT_26/Sim/Potentiostat_Top/topsyh_tb/maestro/results/maestro/Interactive.172/29/VT26_TOP_top_tb_TRAN_BIO/netlist
\o 
\o 
\o *Info*    Data Directory    =
\o           /home/hrahimi/projects/POTENTIOSTAT_26/Sim/Potentiostat_Top/topsyh_tb/maestro/results/maestro/Interactive.172/29/VT26_TOP_top_tb_TRAN_BIO
\o 
\o Reusing AHDL Data dir
\o generate netlist...
\o Ignoring netlist creation since ignoreDesignChangesDuringRun is set to true
\o       ...successful.
\o create cds_globals...
\o       ...successful.
\o compose simulator input file...
\o       ...successful.
\w *WARNING* envGetVal: Could not find variable 'showMSOptionsInSpectreXTab'
\w 	in tool[.partition] 'maestro.gui'.
\o [2026-06-09 20:42:45.174 Z] [PROCESS] [cadence.virtuoso.ade.services.netlister] - Current memory used: 1.0170 GBytes, peak memory used: 1.0218 GBytes {"hostname": "il2244vt26_hrahimi", "processid": 3922420, "testname": "VT26_TOP_top_tb_TRAN_BIO", "point": 29, "logfile": "/home/hrahimi/projects/POTENTIOSTAT_26/logs_hrahimi/logs0/Service8.log"}
\o [2026-06-09 20:42:45.203 Z] [INFO] [cadence.virtuoso.ade.services.netlister] - Finished netlisting {"point": 29, "testname": "VT26_TOP_top_tb_TRAN_BIO"}
\o [2026-06-09 20:42:45.205 Z] [EVENT] [cadence.virtuoso.ade.services.netlister] - NewPoint {"point": 30, "testname": "VT26_TOP_top_tb_TRAN_BIO", "event": "NewPoint", "EventSource": "Netlist Service", "HistoryName": "Interactive.172", "logFile": "/home/hrahimi/projects/POTENTIOSTAT_26/logs_hrahimi/logs0/Service8.log", "logFileSize": "75648"}
\o [2026-06-09 20:42:45.206 Z] [INFO] [cadence.virtuoso.ade.services.netlister] - Started netlisting {"point": 30, "testname": "VT26_TOP_top_tb_TRAN_BIO"}
\o Resetting statistical vars
\o 
\o *Info*    Setting parameter values ...
\o 
\o Setting var temperature = "85"
\o Setting temp(T) = 85
\o 
\o *Info*    Netlist Directory =
\o           /home/hrahimi/projects/POTENTIOSTAT_26/Sim/Potentiostat_Top/topsyh_tb/maestro/results/maestro/Interactive.172/30/VT26_TOP_top_tb_TRAN_BIO/netlist
\o 
\o 
\o *Info*    Data Directory    =
\o           /home/hrahimi/projects/POTENTIOSTAT_26/Sim/Potentiostat_Top/topsyh_tb/maestro/results/maestro/Interactive.172/30/VT26_TOP_top_tb_TRAN_BIO
\o 
\o Reusing AHDL Data dir
\o generate netlist...
\o Ignoring netlist creation since ignoreDesignChangesDuringRun is set to true
\o       ...successful.
\o create cds_globals...
\o       ...successful.
\o compose simulator input file...
\o       ...successful.
\w *WARNING* envGetVal: Could not find variable 'showMSOptionsInSpectreXTab'
\w 	in tool[.partition] 'maestro.gui'.
\o [2026-06-09 20:42:46.810 Z] [PROCESS] [cadence.virtuoso.ade.services.netlister] - Current memory used: 1.0170 GBytes, peak memory used: 1.0218 GBytes {"hostname": "il2244vt26_hrahimi", "processid": 3922420, "testname": "VT26_TOP_top_tb_TRAN_BIO", "point": 30, "logfile": "/home/hrahimi/projects/POTENTIOSTAT_26/logs_hrahimi/logs0/Service8.log"}
\o [2026-06-09 20:42:46.837 Z] [INFO] [cadence.virtuoso.ade.services.netlister] - Finished netlisting {"point": 30, "testname": "VT26_TOP_top_tb_TRAN_BIO"}
\o [2026-06-09 20:42:46.840 Z] [EVENT] [cadence.virtuoso.ade.services.netlister] - NewPoint {"point": 31, "testname": "VT26_TOP_top_tb_TRAN_BIO", "event": "NewPoint", "EventSource": "Netlist Service", "HistoryName": "Interactive.172", "logFile": "/home/hrahimi/projects/POTENTIOSTAT_26/logs_hrahimi/logs0/Service8.log", "logFileSize": "77556"}
\o [2026-06-09 20:42:46.840 Z] [INFO] [cadence.virtuoso.ade.services.netlister] - Started netlisting {"point": 31, "testname": "VT26_TOP_top_tb_TRAN_BIO"}
\o Resetting statistical vars
\o 
\o *Info*    Setting parameter values ...
\o 
\o Setting var VDD = "3.3"
\o Setting var temperature = "-40"
\o Setting temp(T) = -40
\o 
\o *Info*    Netlist Directory =
\o           /home/hrahimi/projects/POTENTIOSTAT_26/Sim/Potentiostat_Top/topsyh_tb/maestro/results/maestro/Interactive.172/31/VT26_TOP_top_tb_TRAN_BIO/netlist
\o 
\o 
\o *Info*    Data Directory    =
\o           /home/hrahimi/projects/POTENTIOSTAT_26/Sim/Potentiostat_Top/topsyh_tb/maestro/results/maestro/Interactive.172/31/VT26_TOP_top_tb_TRAN_BIO
\o 
\o Reusing AHDL Data dir
\o generate netlist...
\o Ignoring netlist creation since ignoreDesignChangesDuringRun is set to true
\o       ...successful.
\o create cds_globals...
\o       ...successful.
\o compose simulator input file...
\o       ...successful.
\w *WARNING* envGetVal: Could not find variable 'showMSOptionsInSpectreXTab'
\w 	in tool[.partition] 'maestro.gui'.
\o [2026-06-09 20:42:48.471 Z] [PROCESS] [cadence.virtuoso.ade.services.netlister] - Current memory used: 1.0170 GBytes, peak memory used: 1.0218 GBytes {"hostname": "il2244vt26_hrahimi", "processid": 3922420, "testname": "VT26_TOP_top_tb_TRAN_BIO", "point": 31, "logfile": "/home/hrahimi/projects/POTENTIOSTAT_26/logs_hrahimi/logs0/Service8.log"}
\o [2026-06-09 20:42:48.505 Z] [INFO] [cadence.virtuoso.ade.services.netlister] - Finished netlisting {"point": 31, "testname": "VT26_TOP_top_tb_TRAN_BIO"}
\o [2026-06-09 20:42:48.508 Z] [EVENT] [cadence.virtuoso.ade.services.netlister] - NewPoint {"point": 32, "testname": "VT26_TOP_top_tb_TRAN_BIO", "event": "NewPoint", "EventSource": "Netlist Service", "HistoryName": "Interactive.172", "logFile": "/home/hrahimi/projects/POTENTIOSTAT_26/logs_hrahimi/logs0/Service8.log", "logFileSize": "79493"}
\o [2026-06-09 20:42:48.508 Z] [INFO] [cadence.virtuoso.ade.services.netlister] - Started netlisting {"point": 32, "testname": "VT26_TOP_top_tb_TRAN_BIO"}
\o Resetting statistical vars
\o 
\o *Info*    Setting parameter values ...
\o 
\o Setting var temperature = "27"
\o Setting temp(T) = 27
\o 
\o *Info*    Netlist Directory =
\o           /home/hrahimi/projects/POTENTIOSTAT_26/Sim/Potentiostat_Top/topsyh_tb/maestro/results/maestro/Interactive.172/32/VT26_TOP_top_tb_TRAN_BIO/netlist
\o 
\o 
\o *Info*    Data Directory    =
\o           /home/hrahimi/projects/POTENTIOSTAT_26/Sim/Potentiostat_Top/topsyh_tb/maestro/results/maestro/Interactive.172/32/VT26_TOP_top_tb_TRAN_BIO
\o 
\o Reusing AHDL Data dir
\o generate netlist...
\o Ignoring netlist creation since ignoreDesignChangesDuringRun is set to true
\o       ...successful.
\o create cds_globals...
\o       ...successful.
\o compose simulator input file...
\o       ...successful.
\w *WARNING* envGetVal: Could not find variable 'showMSOptionsInSpectreXTab'
\w 	in tool[.partition] 'maestro.gui'.
\o [2026-06-09 20:42:50.865 Z] [PROCESS] [cadence.virtuoso.ade.services.netlister] - Current memory used: 1.0227 GBytes, peak memory used: 1.0227 GBytes {"hostname": "il2244vt26_hrahimi", "processid": 3922420, "testname": "VT26_TOP_top_tb_TRAN_BIO", "point": 32, "logfile": "/home/hrahimi/projects/POTENTIOSTAT_26/logs_hrahimi/logs0/Service8.log"}
\o [2026-06-09 20:42:50.894 Z] [INFO] [cadence.virtuoso.ade.services.netlister] - Finished netlisting {"point": 32, "testname": "VT26_TOP_top_tb_TRAN_BIO"}
\o [2026-06-09 20:42:50.897 Z] [EVENT] [cadence.virtuoso.ade.services.netlister] - NewPoint {"point": 33, "testname": "VT26_TOP_top_tb_TRAN_BIO", "event": "NewPoint", "EventSource": "Netlist Service", "HistoryName": "Interactive.172", "logFile": "/home/hrahimi/projects/POTENTIOSTAT_26/logs_hrahimi/logs0/Service8.log", "logFileSize": "81401"}
\o [2026-06-09 20:42:50.897 Z] [INFO] [cadence.virtuoso.ade.services.netlister] - Started netlisting {"point": 33, "testname": "VT26_TOP_top_tb_TRAN_BIO"}
\o Resetting statistical vars
\o 
\o *Info*    Setting parameter values ...
\o 
\o Setting var temperature = "85"
\o Setting temp(T) = 85
\o 
\o *Info*    Netlist Directory =
\o           /home/hrahimi/projects/POTENTIOSTAT_26/Sim/Potentiostat_Top/topsyh_tb/maestro/results/maestro/Interactive.172/33/VT26_TOP_top_tb_TRAN_BIO/netlist
\o 
\o 
\o *Info*    Data Directory    =
\o           /home/hrahimi/projects/POTENTIOSTAT_26/Sim/Potentiostat_Top/topsyh_tb/maestro/results/maestro/Interactive.172/33/VT26_TOP_top_tb_TRAN_BIO
\o 
\o Reusing AHDL Data dir
\o generate netlist...
\o Ignoring netlist creation since ignoreDesignChangesDuringRun is set to true
\o       ...successful.
\o create cds_globals...
\o       ...successful.
\o compose simulator input file...
\o       ...successful.
\w *WARNING* envGetVal: Could not find variable 'showMSOptionsInSpectreXTab'
\w 	in tool[.partition] 'maestro.gui'.
\o [2026-06-09 20:42:52.618 Z] [PROCESS] [cadence.virtuoso.ade.services.netlister] - Current memory used: 1.0240 GBytes, peak memory used: 1.0240 GBytes {"hostname": "il2244vt26_hrahimi", "processid": 3922420, "testname": "VT26_TOP_top_tb_TRAN_BIO", "point": 33, "logfile": "/home/hrahimi/projects/POTENTIOSTAT_26/logs_hrahimi/logs0/Service8.log"}
\o [2026-06-09 20:42:52.647 Z] [INFO] [cadence.virtuoso.ade.services.netlister] - Finished netlisting {"point": 33, "testname": "VT26_TOP_top_tb_TRAN_BIO"}
\o [2026-06-09 20:42:52.650 Z] [EVENT] [cadence.virtuoso.ade.services.netlister] - NewPoint {"point": 34, "testname": "VT26_TOP_top_tb_TRAN_BIO", "event": "NewPoint", "EventSource": "Netlist Service", "HistoryName": "Interactive.172", "logFile": "/home/hrahimi/projects/POTENTIOSTAT_26/logs_hrahimi/logs0/Service8.log", "logFileSize": "83309"}
\o [2026-06-09 20:42:52.650 Z] [INFO] [cadence.virtuoso.ade.services.netlister] - Started netlisting {"point": 34, "testname": "VT26_TOP_top_tb_TRAN_BIO"}
\o Resetting statistical vars
\o 
\o *Info*    Setting parameter values ...
\o 
\o Setting var VDD = "3.63"
\o Setting var temperature = "-40"
\o Setting temp(T) = -40
\o 
\o *Info*    Netlist Directory =
\o           /home/hrahimi/projects/POTENTIOSTAT_26/Sim/Potentiostat_Top/topsyh_tb/maestro/results/maestro/Interactive.172/34/VT26_TOP_top_tb_TRAN_BIO/netlist
\o 
\o 
\o *Info*    Data Directory    =
\o           /home/hrahimi/projects/POTENTIOSTAT_26/Sim/Potentiostat_Top/topsyh_tb/maestro/results/maestro/Interactive.172/34/VT26_TOP_top_tb_TRAN_BIO
\o 
\o Reusing AHDL Data dir
\o generate netlist...
\o Ignoring netlist creation since ignoreDesignChangesDuringRun is set to true
\o       ...successful.
\o create cds_globals...
\o       ...successful.
\o compose simulator input file...
\o       ...successful.
\w *WARNING* envGetVal: Could not find variable 'showMSOptionsInSpectreXTab'
\w 	in tool[.partition] 'maestro.gui'.
\o [2026-06-09 20:42:54.323 Z] [PROCESS] [cadence.virtuoso.ade.services.netlister] - Current memory used: 1.0240 GBytes, peak memory used: 1.0240 GBytes {"hostname": "il2244vt26_hrahimi", "processid": 3922420, "testname": "VT26_TOP_top_tb_TRAN_BIO", "point": 34, "logfile": "/home/hrahimi/projects/POTENTIOSTAT_26/logs_hrahimi/logs0/Service8.log"}
\o [2026-06-09 20:42:54.350 Z] [INFO] [cadence.virtuoso.ade.services.netlister] - Finished netlisting {"point": 34, "testname": "VT26_TOP_top_tb_TRAN_BIO"}
\o [2026-06-09 20:42:54.353 Z] [EVENT] [cadence.virtuoso.ade.services.netlister] - NewPoint {"point": 35, "testname": "VT26_TOP_top_tb_TRAN_BIO", "event": "NewPoint", "EventSource": "Netlist Service", "HistoryName": "Interactive.172", "logFile": "/home/hrahimi/projects/POTENTIOSTAT_26/logs_hrahimi/logs0/Service8.log", "logFileSize": "85247"}
\o [2026-06-09 20:42:54.353 Z] [INFO] [cadence.virtuoso.ade.services.netlister] - Started netlisting {"point": 35, "testname": "VT26_TOP_top_tb_TRAN_BIO"}
\o Resetting statistical vars
\o 
\o *Info*    Setting parameter values ...
\o 
\o Setting var temperature = "27"
\o Setting temp(T) = 27
\o 
\o *Info*    Netlist Directory =
\o           /home/hrahimi/projects/POTENTIOSTAT_26/Sim/Potentiostat_Top/topsyh_tb/maestro/results/maestro/Interactive.172/35/VT26_TOP_top_tb_TRAN_BIO/netlist
\o 
\o 
\o *Info*    Data Directory    =
\o           /home/hrahimi/projects/POTENTIOSTAT_26/Sim/Potentiostat_Top/topsyh_tb/maestro/results/maestro/Interactive.172/35/VT26_TOP_top_tb_TRAN_BIO
\o 
\o Reusing AHDL Data dir
\o generate netlist...
\o Ignoring netlist creation since ignoreDesignChangesDuringRun is set to true
\o       ...successful.
\o create cds_globals...
\o       ...successful.
\o compose simulator input file...
\o       ...successful.
\w *WARNING* envGetVal: Could not find variable 'showMSOptionsInSpectreXTab'
\w 	in tool[.partition] 'maestro.gui'.
\o [2026-06-09 20:42:56.007 Z] [PROCESS] [cadence.virtuoso.ade.services.netlister] - Current memory used: 1.0240 GBytes, peak memory used: 1.0240 GBytes {"hostname": "il2244vt26_hrahimi", "processid": 3922420, "testname": "VT26_TOP_top_tb_TRAN_BIO", "point": 35, "logfile": "/home/hrahimi/projects/POTENTIOSTAT_26/logs_hrahimi/logs0/Service8.log"}
\o [2026-06-09 20:42:56.035 Z] [INFO] [cadence.virtuoso.ade.services.netlister] - Finished netlisting {"point": 35, "testname": "VT26_TOP_top_tb_TRAN_BIO"}
\o [2026-06-09 20:42:56.037 Z] [EVENT] [cadence.virtuoso.ade.services.netlister] - NewPoint {"point": 36, "testname": "VT26_TOP_top_tb_TRAN_BIO", "event": "NewPoint", "EventSource": "Netlist Service", "HistoryName": "Interactive.172", "logFile": "/home/hrahimi/projects/POTENTIOSTAT_26/logs_hrahimi/logs0/Service8.log", "logFileSize": "87155"}
\o [2026-06-09 20:42:56.038 Z] [INFO] [cadence.virtuoso.ade.services.netlister] - Started netlisting {"point": 36, "testname": "VT26_TOP_top_tb_TRAN_BIO"}
\o Resetting statistical vars
\o 
\o *Info*    Setting parameter values ...
\o 
\o Setting var temperature = "85"
\o Setting temp(T) = 85
\o 
\o *Info*    Netlist Directory =
\o           /home/hrahimi/projects/POTENTIOSTAT_26/Sim/Potentiostat_Top/topsyh_tb/maestro/results/maestro/Interactive.172/36/VT26_TOP_top_tb_TRAN_BIO/netlist
\o 
\o 
\o *Info*    Data Directory    =
\o           /home/hrahimi/projects/POTENTIOSTAT_26/Sim/Potentiostat_Top/topsyh_tb/maestro/results/maestro/Interactive.172/36/VT26_TOP_top_tb_TRAN_BIO
\o 
\o Reusing AHDL Data dir
\o generate netlist...
\o Ignoring netlist creation since ignoreDesignChangesDuringRun is set to true
\o       ...successful.
\o create cds_globals...
\o       ...successful.
\o compose simulator input file...
\o       ...successful.
\w *WARNING* envGetVal: Could not find variable 'showMSOptionsInSpectreXTab'
\w 	in tool[.partition] 'maestro.gui'.
\o [2026-06-09 20:42:57.730 Z] [PROCESS] [cadence.virtuoso.ade.services.netlister] - Current memory used: 1.0240 GBytes, peak memory used: 1.0240 GBytes {"hostname": "il2244vt26_hrahimi", "processid": 3922420, "testname": "VT26_TOP_top_tb_TRAN_BIO", "point": 36, "logfile": "/home/hrahimi/projects/POTENTIOSTAT_26/logs_hrahimi/logs0/Service8.log"}
\o [2026-06-09 20:42:57.761 Z] [INFO] [cadence.virtuoso.ade.services.netlister] - Finished netlisting {"point": 36, "testname": "VT26_TOP_top_tb_TRAN_BIO"}
\o Simulation design variables differ from those on the cellView,
\o they have been saved in the file "/tmp/saved-design-variables".
\o To save future changes, copy variables to cellView before exiting.
\# Lic Summary:
\# [20:47:59.193825] Cdslmd servers:3000@lic08.ug.kth.se:29000@lic06.ug.kth.se
\# [20:47:59.193850] Feature usage summary:
\# Memory report: on exit            801 MB, process size 2,882 MB at UTC 2026.06.09 20:47:59.193
\# Memory report: peak usage         801 MB, process size 2,885 MB
