\# Program start time:     UTC 2026.06.01 14:12:47.849
\# Local time: UTC (UTC+00:00) 2026.06.01 14:12:47.849
\o Program:		@(#)$CDS: virtuoso version 6.1.8-64b 09/03/2024 19:11 (sjfhw316) $
\o Hierarchy:		/opt/tools/cadence/installs/IC618/tools.lnx86/dfII/
\o Sub version:		sub-version  IC6.1.8-64b.500.36  (64-bit addresses)
\# Command line:	/opt/tools/cadence/installs/IC618/tools.lnx86/dfII/bin/64bit/virtuoso -beanhost il2244vt26_hrahimi -beanport 11300 -beanbinlog  -beanLogFile /home/hrahimi/projects/POTENTIOSTAT_26/logs_hrahimi/logs0/amps_Service67.log -mpssession virtuoso1198870 -mpshost il2244vt26_hrahimi -davinciService DaVinciService_1198870_1780294063 -scopedPid 1198870 -axlSession fnxSession0 -axlServiceIdFlag 67 -uuid dbfad35a-fcce-44e4-aa5c-a68c4c36d416 -heartbeat /dev/shm/swift-heartbeat.wyWbES54B3 -log /home/hrahimi/projects/POTENTIOSTAT_26/logs_hrahimi/logs0/Service67.log -noautostart -nographE -lscs 000175E1894CBE06FF0966E38F1FFC06BC4D6EE68E6D9506D52060E590078A72887903BA9319D236867C66E38F1FFC06BC4D66E38F1FFC06BC4D0CFE1C426F5BD65000001DF7 -interactive -offlineExprEval -fenixMode assembler -heartbeatTimeout  -lingerTimeout 300 -pointlifetime -1
\# Host name (type):	il2244vt26_hrahimi (x86_64)
\# Operating system:	Linux 5.15.0-164-generic #174-Ubuntu SMP Fri Nov 14 20:25:16 UTC 2025
\# Linux /etc/issue:	\S
\# Linux /etc/issue:	Kernel \r on an \m
\# X display name (WxH):	:6638 (1024x868)
\# Available geometry:			TL(0:0) BR(1023:867)
\# X server:			The X.Org Foundation
\# Depth of Visual (Root):	24 (24)
\# Number of Planes Used:	24
\# X version:		11.0 (vendor release 12011000)
\# X resource pool:	base 0x400000, mask 0x1fffff (2097151), shift 0
\# 			current id 0x0, current max 0x1ffffa (2097146)
\# Max data seg size:	     unlimited
\# Max process size:	     unlimited
\# Initial sbrk value:	      1,281 MB
\# Available memory:	  2,335,105 MB
\# System memory:	  3,104,512 MB
\# Maximum memory size:	  3,103,352 MB
\# Max mem available:	  2,335,226 MB
\# Initial memory used:	        121 MB
\#        process size:	      1,677 MB
\# Thread usage limits (effective/default):	maxthreads 4294967295/4294967295 maxload 48.00/48.00
\# Qt version:		5.9.1
\# Window Manager:	other
\# User Name:		hrahimi
\o Working Directory:	il2244vt26_hrahimi:/home/hrahimi/projects/POTENTIOSTAT_26
\# Process Id:		1480003
\o 
\o COPYRIGHT (C) 1992-2024  CADENCE DESIGN SYSTEMS INC.  ALL RIGHTS RESERVED.
\o           (C) 1992-2024  UNIX SYSTEMS Laboratories INC.,
\o                          Reproduced with permission.
\o 
\o This Cadence Design Systems program and online documentation are
\o proprietary/confidential information and may be disclosed/used only
\o as authorized in a license agreement controlling such use and disclosure.
\o 
\o           RESTRICTED RIGHTS NOTICE (SHORT FORM)
\o Use/reproduction/disclosure is subject to restriction
\o set forth at FAR 1252.227-19 or its equivalent.
\o Loading geView.cxt 
\o Loading menuBuilder.cxt 
\o Loading schView.cxt 
\o Loading selectSv.cxt 
\o Loading wireEdit.cxt 
\o Loading pte2.cxt 
\w Qt Warning: setNativeLocks failed: "Resource temporarily unavailable"
\o Loading xlUI.cxt 
\o Loading auCore.cxt 
\o Loading vhdl.cxt 
\o Loading seismic.cxt 
\o Loading ci.cxt 
\o Loading ams.cxt 
\o Loading oasis.cxt 
\o Loading analog.cxt 
\o Loading asimenv.cxt 
\o Loading dal.cxt 
\o Loading awv.cxt 
\o Loading socket.cxt 
\o Loading par.cxt 
\o Loading alvs.cxt 
\o Loading caa.cxt 
\o Loading amps.cxt 
\o Loading adexlCore.cxt 
\o Loading adexl.cxt 
\# Memory report: using         248 MB, process size 1,928 MB at UTC 2026.06.01 14:12:50.281
\o *Info*    Exporting services from client ... 
\o 
\o Loading adexlDM.cxt 
\o Loading cpf.cxt 
\o Loading cli.cxt 
\o Loading lp.cxt 
\o INFO (ELI-00302) Connecting to parent process (session=virtuoso1198870, host=il2244vt26_hrahimi). Connection mode is LSCS. Total timeout is 180 seconds. Connection timeout is 90 seconds.
\o INFO (ELI-00303) Step 1: Connecting to parent. Time spent is 0 seconds.
\o INFO (ELI-00304) The registration of the child 1480003 within 90 seconds is being processed...
\o INFO (ELI-00305) The result of registration is true. Time spent is 0 seconds.
\o INFO (ELI-00308) The connection has ended. Result is true. Total time spent is 0 seconds.
\# [14:12:47.445338] Configured Lic search path (22.01-s002): 3000@lic08.ug.kth.se:29000@lic06.ug.kth.se
\o ......................................................................................
\o            ams AG HIT-Kit v.ams_4.10
\o ......................................................................................
\o COPYRIGHT (c) 2012 Full Service Foundry @ ams AG.  ALL RIGHTS RESERVED
\o This HIT-Kit and attached documentation are confidential information and may 
\o only be used as authorized by the HIT-Kit license agreement.
\o ......................................................................................
\# Current Window: window(2)
\o Loading simulator default settings.
\w 
\w load( "/opt/tools/mentor/CALIBRE_2022.4_16/aoi_cal_2022.4_16.8/lib/calibre.skl" ))
\w                                                                                  ^
\w PARSER WARNING at line 63 column 82 of file ./.cdsinit_local
\w *WARNING* (Parser): extra ')' ignored
\o //
\o //  Calibre Skill Interface * (v2022.4_16.8) *
\o //
\o //                         Copyright Siemens 1996-2020     
\o //                             All Rights Reserved.
\o //         THIS WORK CONTAINS TRADE SECRET AND PROPRIETARY INFORMATION
\o //            WHICH IS THE PROPERTY OF MENTOR GRAPHICS CORPORATION
\o //              OR ITS LICENSORS AND IS SUBJECT TO LICENSE TERMS.
\o //
\o //
\o Loading simulator default settings.
\p hitkit: ams_4.10  Tech: c35b4c3  User: hrahimi 
\w *WARNING* could not load font "-*-courier-medium-r-*-*-12-*", using font "fixed"
\# Loading perfDiag...
\# (PerfDiag): Set GDB path to environment variable 'gdbPath' (gdb).
\# Performance Diagnostic tool is installed. You can access PerfDiag from CIW Tools or use the shell command 'cdsPerfDiag -p 1480003' to open it when Virtuoso freezes.
\# (PerfDiag): Use backtrace from GLIBC.
\w *WARNING* _perfPstackCheck: Cannot find pstack/gstack. Please setup PATH environment variable to pstack/gstack executable.
\i _axlRunServices()
\# [14:12:53.025680] Periodic Lic check successful
\# [14:12:53.025683] Feature usage summary:
\o Loading simui.cxt 
\o [2026-06-01 14:12:53.587 Z] [PROCESS] [cadence.virtuoso.ade.services] - Netlist Service has successfully started. Waiting for incoming messages ... {"hostname": "il2244vt26_hrahimi", "processid": 1480003, "logfile": "/home/hrahimi/projects/POTENTIOSTAT_26/logs_hrahimi/logs0/Service67.log"}
\o [2026-06-01 14:12:53.634 Z] [EVENT] [cadence.virtuoso.ade.services.netlister] - NewPoint {"point": 0, "testname": "PTAT_MC", "event": "NewPoint", "EventSource": "Netlist Service", "HistoryName": "MonteCarlo.5", "logFile": "/home/hrahimi/projects/POTENTIOSTAT_26/logs_hrahimi/logs0/Service67.log", "logFileSize": "6158"}
\o [2026-06-01 14:12:53.635 Z] [INFO] [cadence.virtuoso.ade.services.netlister] - Started preparing netlist {"point": 0, "testname": "PTAT_MC", "testnameKey": "PTAT_MC"}
\o Loading vqp.cxt 
\o Loading vdsil.cxt 
\o *Warning* AXL Context Manager : job 67 is already registered. 
\o 
\o Loading hdlPkg.cxt 
\o 
\o 
\o *Info*    Configuring the session ...
\o 
\o 	Library      = Potentiostat_Top
\o 	Cell         = top
\o 	View         = schematic
\o 	Simulator    = spectre
\o 	State Path   = $AXL_SETUPDB_DIR/test_states
\o 	State Name   = MonteCarlo.5
\o 	Results DB   = /home/hrahimi/projects/POTENTIOSTAT_26/Potentiostat_Top/top/maestro/results/maestro/MonteCarlo.5.rdb
\o 	Results Dir  = /home/hrahimi/projects/POTENTIOSTAT_26/Sim/Potentiostat_Top/top/maestro/results/maestro/MonteCarlo.5/1/PTAT_MC
\o 	Results Loc  = /home/hrahimi/projects/POTENTIOSTAT_26/Sim/Potentiostat_Top/top/maestro/results/maestro
\o 	Project Dir  = /home/hrahimi/projects/POTENTIOSTAT_26/Sim
\o 	Setup DB loc = /home/hrahimi/projects/POTENTIOSTAT_26/Potentiostat_Top/top/maestro
\o 	File Encoding = 0
\o 
\o 
\o Loading viva.cxt 
\o Loading spectrei.cxt 
\# Memory report: using         384 MB, process size 2,143 MB at UTC 2026.06.01 14:12:56.388
\o Loading devCheck.cxt 
\o Loading relXpert.cxt 
\o Loading hspiceD.cxt 
\o Loading spectreinl.cxt 
\o Loading msgHandler.cxt 
\o Loading UltraSim.cxt 
\o Loading AMSOSS.cxt 
\o Loading AMS.cxt 
\o 
\o *Info*    The auto suspension is disabled.
\o 
\o Loading elec.cxt 
\# Available memory:      2,334,773 MB at UTC 2026.06.01 14:12:58.333
\# Memory report: Maximum memory size now 2,335,189 MB at UTC 2026.06.01 14:12:58.333
\# Thread usage report: 54 active threads, active load 1.40 at UTC 2026.06.01 14:12:58.333
\o Resetting statistical vars
\o 
\o *Info*    Setting parameter values ...
\o 
\o Setting var Calib_EN = "0"
\o Setting var Cdl = "10n"
\o Setting var Cdl_CE = "10n"
\o Setting var Idc = "0"
\o Setting var Iin_TIA_AC = "0"
\o Setting var Ipulse = "0"
\o Setting var PTAT_EN = "0"
\o Setting var R_ct = "500k"
\o Setting var Rct_CE = "100k"
\o Setting var Rs_CE = "10k"
\o Setting var Rs_WE = "10k"
\o Setting var S0 = "0"
\o Setting var S1 = "1"
\o Setting var S2 = "0"
\o Setting var S3 = "0"
\o Setting var Vb = "0"
\o Setting var Vin_CA_AC = "0"
\o Loading monte.cxt 
\o Setting var vdd = "0"
\o Setting var vddpuls = "3.3"
\o Setting var vpuls = "0"
\o Setting var vref = "1.615"
\o Setting var vtran = "0"
\o Reusing AHDL Data dir
\o 
\o *Info*    Data Directory    =
\o           /home/hrahimi/projects/POTENTIOSTAT_26/Sim/Potentiostat_Top/top/maestro/results/maestro/MonteCarlo.5/psf/PTAT_MC
\o 
\w *WARNING* (SCH-2162): "PRIMLIB rpoly1c symbol" has been updated since "IOLIB_4M VDD3IP cmos_sch" was last saved. Validate that the schematic is correct and run Check and Save to suppress this warning.
\w *WARNING* (SCH-2162): "ESDLIB esdnmos4 symbol" has been updated since "IOLIB_4M VDD3IP cmos_sch" was last saved. Validate that the schematic is correct and run Check and Save to suppress this warning.
\w *WARNING* (SCH-2162): "PRIMLIB rpoly1c symbol" has been updated since "IOLIB_4M ICP cmos_sch" was last saved. Validate that the schematic is correct and run Check and Save to suppress this warning.
\w *WARNING* (SCH-2162): "ESDLIB esdnmos4 symbol" has been updated since "IOLIB_4M ICP cmos_sch" was last saved. Validate that the schematic is correct and run Check and Save to suppress this warning.
\w *WARNING* (SCH-2162): "ESDLIB esdpmos4 symbol" has been updated since "IOLIB_4M ICP cmos_sch" was last saved. Validate that the schematic is correct and run Check and Save to suppress this warning.
\w *WARNING* (SCH-2162): "PRIMLIB rdiffp3 symbol" has been updated since "IOLIB_4M ICP cmos_sch" was last saved. Validate that the schematic is correct and run Check and Save to suppress this warning.
\w *WARNING* (SCH-2162): "PRIMLIB rpoly2c symbol" has been updated since "IOLIB_ANA_4M APRIO200P schematic" was last saved. Validate that the schematic is correct and run Check and Save to suppress this warning.
\w *WARNING* (SCH-2162): "PRIMLIB rpoly1c symbol" has been updated since "IOLIB_ANA_4M AVDD3ALLP schematic" was last saved. Validate that the schematic is correct and run Check and Save to suppress this warning.
\w *WARNING* (SCH-2162): "ESDLIB esdnmos4 symbol" has been updated since "IOLIB_ANA_4M AVDD3ALLP schematic" was last saved. Validate that the schematic is correct and run Check and Save to suppress this warning.
\w *WARNING* (SCH-2162): "ESDLIB esdnmos4 symbol" has been updated since "IOLIB_ANA_4M AGND3ALLP schematic" was last saved. Validate that the schematic is correct and run Check and Save to suppress this warning.
\w *WARNING* (SCH-2162): "PRIMLIB rpoly1c symbol" has been updated since "IOLIB_4M GND3OP cmos_sch" was last saved. Validate that the schematic is correct and run Check and Save to suppress this warning.
\w *WARNING* (SCH-2162): "ESDLIB esdnmos4 symbol" has been updated since "IOLIB_4M GND3OP cmos_sch" was last saved. Validate that the schematic is correct and run Check and Save to suppress this warning.
\w *WARNING* (SCH-2162): "PRIMLIB rpoly1c symbol" has been updated since "IOLIB_4M GND3RP cmos_sch" was last saved. Validate that the schematic is correct and run Check and Save to suppress this warning.
\w *WARNING* (SCH-2162): "ESDLIB esdnmos4 symbol" has been updated since "IOLIB_4M GND3RP cmos_sch" was last saved. Validate that the schematic is correct and run Check and Save to suppress this warning.
\w *WARNING* (SCH-2162): "PRIMLIB rpoly1c symbol" has been updated since "IOLIB_4M VDD3OP cmos_sch" was last saved. Validate that the schematic is correct and run Check and Save to suppress this warning.
\w *WARNING* (SCH-2162): "ESDLIB esdnmos4 symbol" has been updated since "IOLIB_4M VDD3OP cmos_sch" was last saved. Validate that the schematic is correct and run Check and Save to suppress this warning.
\w *WARNING* (SCH-2162): "PRIMLIB rpoly1c symbol" has been updated since "IOLIB_4M VDD3RP cmos_sch" was last saved. Validate that the schematic is correct and run Check and Save to suppress this warning.
\w *WARNING* (SCH-2162): "ESDLIB esdnmos4 symbol" has been updated since "IOLIB_4M VDD3RP cmos_sch" was last saved. Validate that the schematic is correct and run Check and Save to suppress this warning.
\w *WARNING* (CMGR-1313): Constraints of type 'guardRing' must have unique members of type 'modgen'. Member 'Modgen_1' has been found twice for this constraint.
\w *WARNING* (CMGR-1524): Atleast one constraint has been found in the cache "(Potentiostat 6_Resnet schematic)" with an inconsistent storage format. The constraint(s) has been marked disabled.
\w *WARNING* (CMGR-1313): Constraints of type 'guardRing' must have unique members of type 'modgen'. Member 'Modgen_2' has been found twice for this constraint.
\w *WARNING* (CMGR-1313): Constraints of type 'guardRing' must have unique members of type 'modgen'. Member 'Modgen_4' has been found twice for this constraint.
\w *WARNING* (CMGR-1313): Constraints of type 'guardRing' must have unique members of type 'modgen'. Member 'Modgen_3' has been found twice for this constraint.
\w *WARNING* (CMGR-1524): Atleast one constraint has been found in the cache "(Potentiostat 7_Calibration_current schematic)" with an inconsistent storage format. The constraint(s) has been marked disabled.
\w *WARNING* (CMGR-1313): Constraints of type 'guardRing' must have unique members of type 'modgen'. Member 'Modgen_5' has been found twice for this constraint.
\w *WARNING* (CMGR-1313): Constraints of type 'guardRing' must have unique members of type 'modgen'. Member 'Modgen_6' has been found twice for this constraint.
\w *WARNING* (CMGR-1524): Atleast one constraint has been found in the cache "(Potentiostat 7_PTAT_Layout schematic)" with an inconsistent storage format. The constraint(s) has been marked disabled.
\o generate netlist...
\o Loading hnlInit.cxt 
\o Loading seCore.cxt 
\o function ansCdlCompPrim redefined
\o function ansCdlCompPrim redefined
\o Begin Incremental Netlisting Jun  1 14:12:59 2026
\o WARNING (OSSHNL-325): Place master 'ESDLIB/esdnmos4/symbol' for instance 'MNLIB_DR1' has been modified since the last
\o extraction of its parent cellview 'IOLIB_ANA_4M/AGND3ALLP/schematic'.
\o Connectivity changes in the place master can cause issues in the generated
\o netlist. To resolve such issues:
\o -Reextract the parent cellview 'IOLIB_ANA_4M/AGND3ALLP/schematic' and regenerate the netlist. To avoid
\o multiple Check and Save operations, use the Check Hierarchy form or the
\o schHiCheckHier SKILL function to do a hierarchical check and save on the top
\o cell and then generate the netlist.
\o -Ignore all connectivity checks for this place master by specifying it to the
\o list of cellviews to be ignored using the hnlUserIgnoreCVModifyList variable.
\o -Change the severity of modification errors by setting the environment variable
\o simSymbolModifiedAction to 'ignore'. However, this may ignore both connectivity
\o and non-connectivity changes, thereby generating an incorrect netlist.
\o To avoid reporting of non-connectivity changes after performing a hierarchical
\o check and save operation, set 'schematic' 'autoEquivalentConnectivityTime' to
\o 't' in the .cdsenv file. After setting the autoEquivalentConnectivityTime
\o variable, set simSymbolModifiedAction to 'error' to receive reports of only
\o connectivity issues during netlisting.
\o The variable simSymbolModifiedAction controls the severity of this message,
\o which can be 'ignore', 'warning', or 'error'.
\o 
\o WARNING (OSSHNL-325): Place master 'PRIMLIB/rpoly1c/symbol' for instance 'RLIB_GC1' has been modified since the last
\o extraction of its parent cellview 'IOLIB_ANA_4M/AVDD3ALLP/schematic'.
\o Connectivity changes in the place master can cause issues in the generated
\o netlist. To resolve such issues:
\o -Reextract the parent cellview 'IOLIB_ANA_4M/AVDD3ALLP/schematic' and regenerate the netlist. To avoid
\o multiple Check and Save operations, use the Check Hierarchy form or the
\o schHiCheckHier SKILL function to do a hierarchical check and save on the top
\o cell and then generate the netlist.
\o -Ignore all connectivity checks for this place master by specifying it to the
\o list of cellviews to be ignored using the hnlUserIgnoreCVModifyList variable.
\o -Change the severity of modification errors by setting the environment variable
\o simSymbolModifiedAction to 'ignore'. However, this may ignore both connectivity
\o and non-connectivity changes, thereby generating an incorrect netlist.
\o To avoid reporting of non-connectivity changes after performing a hierarchical
\o check and save operation, set 'schematic' 'autoEquivalentConnectivityTime' to
\o 't' in the .cdsenv file. After setting the autoEquivalentConnectivityTime
\o variable, set simSymbolModifiedAction to 'error' to receive reports of only
\o connectivity issues during netlisting.
\o The variable simSymbolModifiedAction controls the severity of this message,
\o which can be 'ignore', 'warning', or 'error'.
\o 
\o WARNING (OSSHNL-325): Place master 'ESDLIB/esdnmos4/symbol' for instance 'MNLIB_DR1' has been modified since the last
\o extraction of its parent cellview 'IOLIB_ANA_4M/AVDD3ALLP/schematic'.
\o Connectivity changes in the place master can cause issues in the generated
\o netlist. To resolve such issues:
\o -Reextract the parent cellview 'IOLIB_ANA_4M/AVDD3ALLP/schematic' and regenerate the netlist. To avoid
\o multiple Check and Save operations, use the Check Hierarchy form or the
\o schHiCheckHier SKILL function to do a hierarchical check and save on the top
\o cell and then generate the netlist.
\o -Ignore all connectivity checks for this place master by specifying it to the
\o list of cellviews to be ignored using the hnlUserIgnoreCVModifyList variable.
\o -Change the severity of modification errors by setting the environment variable
\o simSymbolModifiedAction to 'ignore'. However, this may ignore both connectivity
\o and non-connectivity changes, thereby generating an incorrect netlist.
\o To avoid reporting of non-connectivity changes after performing a hierarchical
\o check and save operation, set 'schematic' 'autoEquivalentConnectivityTime' to
\o 't' in the .cdsenv file. After setting the autoEquivalentConnectivityTime
\o variable, set simSymbolModifiedAction to 'error' to receive reports of only
\o connectivity issues during netlisting.
\o The variable simSymbolModifiedAction controls the severity of this message,
\o which can be 'ignore', 'warning', or 'error'.
\o 
\o WARNING (OSSHNL-325): Place master 'PRIMLIB/rpoly2c/symbol' for instance 'R3' has been modified since the last
\o extraction of its parent cellview 'IOLIB_ANA_4M/APRIO200P/schematic'.
\o Connectivity changes in the place master can cause issues in the generated
\o netlist. To resolve such issues:
\o -Reextract the parent cellview 'IOLIB_ANA_4M/APRIO200P/schematic' and regenerate the netlist. To avoid
\o multiple Check and Save operations, use the Check Hierarchy form or the
\o schHiCheckHier SKILL function to do a hierarchical check and save on the top
\o cell and then generate the netlist.
\o -Ignore all connectivity checks for this place master by specifying it to the
\o list of cellviews to be ignored using the hnlUserIgnoreCVModifyList variable.
\o -Change the severity of modification errors by setting the environment variable
\o simSymbolModifiedAction to 'ignore'. However, this may ignore both connectivity
\o and non-connectivity changes, thereby generating an incorrect netlist.
\o To avoid reporting of non-connectivity changes after performing a hierarchical
\o check and save operation, set 'schematic' 'autoEquivalentConnectivityTime' to
\o 't' in the .cdsenv file. After setting the autoEquivalentConnectivityTime
\o variable, set simSymbolModifiedAction to 'error' to receive reports of only
\o connectivity issues during netlisting.
\o The variable simSymbolModifiedAction controls the severity of this message,
\o which can be 'ignore', 'warning', or 'error'.
\o 
\o WARNING (OSSHNL-325): Place master 'PRIMLIB/rpoly1c/symbol' for instance 'RLIB_GC1' has been modified since the last
\o extraction of its parent cellview 'IOLIB_4M/VDD3RP/cmos_sch'.
\o Connectivity changes in the place master can cause issues in the generated
\o netlist. To resolve such issues:
\o -Reextract the parent cellview 'IOLIB_4M/VDD3RP/cmos_sch' and regenerate the netlist. To avoid
\o multiple Check and Save operations, use the Check Hierarchy form or the
\o schHiCheckHier SKILL function to do a hierarchical check and save on the top
\o cell and then generate the netlist.
\o -Ignore all connectivity checks for this place master by specifying it to the
\o list of cellviews to be ignored using the hnlUserIgnoreCVModifyList variable.
\o -Change the severity of modification errors by setting the environment variable
\o simSymbolModifiedAction to 'ignore'. However, this may ignore both connectivity
\o and non-connectivity changes, thereby generating an incorrect netlist.
\o To avoid reporting of non-connectivity changes after performing a hierarchical
\o check and save operation, set 'schematic' 'autoEquivalentConnectivityTime' to
\o 't' in the .cdsenv file. After setting the autoEquivalentConnectivityTime
\o variable, set simSymbolModifiedAction to 'error' to receive reports of only
\o connectivity issues during netlisting.
\o The variable simSymbolModifiedAction controls the severity of this message,
\o which can be 'ignore', 'warning', or 'error'.
\o 
\o WARNING (OSSHNL-325): Place master 'ESDLIB/esdnmos4/symbol' for instance 'MNLIB_DR1' has been modified since the last
\o extraction of its parent cellview 'IOLIB_4M/VDD3RP/cmos_sch'.
\o Connectivity changes in the place master can cause issues in the generated
\o netlist. To resolve such issues:
\o -Reextract the parent cellview 'IOLIB_4M/VDD3RP/cmos_sch' and regenerate the netlist. To avoid
\o multiple Check and Save operations, use the Check Hierarchy form or the
\o schHiCheckHier SKILL function to do a hierarchical check and save on the top
\o cell and then generate the netlist.
\o -Ignore all connectivity checks for this place master by specifying it to the
\o list of cellviews to be ignored using the hnlUserIgnoreCVModifyList variable.
\o -Change the severity of modification errors by setting the environment variable
\o simSymbolModifiedAction to 'ignore'. However, this may ignore both connectivity
\o and non-connectivity changes, thereby generating an incorrect netlist.
\o To avoid reporting of non-connectivity changes after performing a hierarchical
\o check and save operation, set 'schematic' 'autoEquivalentConnectivityTime' to
\o 't' in the .cdsenv file. After setting the autoEquivalentConnectivityTime
\o variable, set simSymbolModifiedAction to 'error' to receive reports of only
\o connectivity issues during netlisting.
\o The variable simSymbolModifiedAction controls the severity of this message,
\o which can be 'ignore', 'warning', or 'error'.
\o 
\o WARNING (OSSHNL-325): Place master 'PRIMLIB/rpoly1c/symbol' for instance 'RLIB_GC1' has been modified since the last
\o extraction of its parent cellview 'IOLIB_4M/VDD3OP/cmos_sch'.
\o Connectivity changes in the place master can cause issues in the generated
\o netlist. To resolve such issues:
\o -Reextract the parent cellview 'IOLIB_4M/VDD3OP/cmos_sch' and regenerate the netlist. To avoid
\o multiple Check and Save operations, use the Check Hierarchy form or the
\o schHiCheckHier SKILL function to do a hierarchical check and save on the top
\o cell and then generate the netlist.
\o -Ignore all connectivity checks for this place master by specifying it to the
\o list of cellviews to be ignored using the hnlUserIgnoreCVModifyList variable.
\o -Change the severity of modification errors by setting the environment variable
\o simSymbolModifiedAction to 'ignore'. However, this may ignore both connectivity
\o and non-connectivity changes, thereby generating an incorrect netlist.
\o To avoid reporting of non-connectivity changes after performing a hierarchical
\o check and save operation, set 'schematic' 'autoEquivalentConnectivityTime' to
\o 't' in the .cdsenv file. After setting the autoEquivalentConnectivityTime
\o variable, set simSymbolModifiedAction to 'error' to receive reports of only
\o connectivity issues during netlisting.
\o The variable simSymbolModifiedAction controls the severity of this message,
\o which can be 'ignore', 'warning', or 'error'.
\o 
\o WARNING (OSSHNL-325): Place master 'ESDLIB/esdnmos4/symbol' for instance 'MNLIB_DR1' has been modified since the last
\o extraction of its parent cellview 'IOLIB_4M/VDD3OP/cmos_sch'.
\o Connectivity changes in the place master can cause issues in the generated
\o netlist. To resolve such issues:
\o -Reextract the parent cellview 'IOLIB_4M/VDD3OP/cmos_sch' and regenerate the netlist. To avoid
\o multiple Check and Save operations, use the Check Hierarchy form or the
\o schHiCheckHier SKILL function to do a hierarchical check and save on the top
\o cell and then generate the netlist.
\o -Ignore all connectivity checks for this place master by specifying it to the
\o list of cellviews to be ignored using the hnlUserIgnoreCVModifyList variable.
\o -Change the severity of modification errors by setting the environment variable
\o simSymbolModifiedAction to 'ignore'. However, this may ignore both connectivity
\o and non-connectivity changes, thereby generating an incorrect netlist.
\o To avoid reporting of non-connectivity changes after performing a hierarchical
\o check and save operation, set 'schematic' 'autoEquivalentConnectivityTime' to
\o 't' in the .cdsenv file. After setting the autoEquivalentConnectivityTime
\o variable, set simSymbolModifiedAction to 'error' to receive reports of only
\o connectivity issues during netlisting.
\o The variable simSymbolModifiedAction controls the severity of this message,
\o which can be 'ignore', 'warning', or 'error'.
\o 
\o WARNING (OSSHNL-325): Place master 'PRIMLIB/rpoly1c/symbol' for instance 'RLIB_GC1' has been modified since the last
\o extraction of its parent cellview 'IOLIB_4M/VDD3IP/cmos_sch'.
\o Connectivity changes in the place master can cause issues in the generated
\o netlist. To resolve such issues:
\o -Reextract the parent cellview 'IOLIB_4M/VDD3IP/cmos_sch' and regenerate the netlist. To avoid
\o multiple Check and Save operations, use the Check Hierarchy form or the
\o schHiCheckHier SKILL function to do a hierarchical check and save on the top
\o cell and then generate the netlist.
\o -Ignore all connectivity checks for this place master by specifying it to the
\o list of cellviews to be ignored using the hnlUserIgnoreCVModifyList variable.
\o -Change the severity of modification errors by setting the environment variable
\o simSymbolModifiedAction to 'ignore'. However, this may ignore both connectivity
\o and non-connectivity changes, thereby generating an incorrect netlist.
\o To avoid reporting of non-connectivity changes after performing a hierarchical
\o check and save operation, set 'schematic' 'autoEquivalentConnectivityTime' to
\o 't' in the .cdsenv file. After setting the autoEquivalentConnectivityTime
\o variable, set simSymbolModifiedAction to 'error' to receive reports of only
\o connectivity issues during netlisting.
\o The variable simSymbolModifiedAction controls the severity of this message,
\o which can be 'ignore', 'warning', or 'error'.
\o 
\o WARNING (OSSHNL-325): Place master 'ESDLIB/esdnmos4/symbol' for instance 'MNLIB_DR1' has been modified since the last
\o extraction of its parent cellview 'IOLIB_4M/VDD3IP/cmos_sch'.
\o Connectivity changes in the place master can cause issues in the generated
\o netlist. To resolve such issues:
\o -Reextract the parent cellview 'IOLIB_4M/VDD3IP/cmos_sch' and regenerate the netlist. To avoid
\o multiple Check and Save operations, use the Check Hierarchy form or the
\o schHiCheckHier SKILL function to do a hierarchical check and save on the top
\o cell and then generate the netlist.
\o -Ignore all connectivity checks for this place master by specifying it to the
\o list of cellviews to be ignored using the hnlUserIgnoreCVModifyList variable.
\o -Change the severity of modification errors by setting the environment variable
\o simSymbolModifiedAction to 'ignore'. However, this may ignore both connectivity
\o and non-connectivity changes, thereby generating an incorrect netlist.
\o To avoid reporting of non-connectivity changes after performing a hierarchical
\o check and save operation, set 'schematic' 'autoEquivalentConnectivityTime' to
\o 't' in the .cdsenv file. After setting the autoEquivalentConnectivityTime
\o variable, set simSymbolModifiedAction to 'error' to receive reports of only
\o connectivity issues during netlisting.
\o The variable simSymbolModifiedAction controls the severity of this message,
\o which can be 'ignore', 'warning', or 'error'.
\o 
\o WARNING (OSSHNL-325): Place master 'PRIMLIB/rpoly1c/symbol' for instance 'RLIB1' has been modified since the last
\o extraction of its parent cellview 'IOLIB_4M/ICP/cmos_sch'.
\o Connectivity changes in the place master can cause issues in the generated
\o netlist. To resolve such issues:
\o -Reextract the parent cellview 'IOLIB_4M/ICP/cmos_sch' and regenerate the netlist. To avoid
\o multiple Check and Save operations, use the Check Hierarchy form or the
\o schHiCheckHier SKILL function to do a hierarchical check and save on the top
\o cell and then generate the netlist.
\o -Ignore all connectivity checks for this place master by specifying it to the
\o list of cellviews to be ignored using the hnlUserIgnoreCVModifyList variable.
\o -Change the severity of modification errors by setting the environment variable
\o simSymbolModifiedAction to 'ignore'. However, this may ignore both connectivity
\o and non-connectivity changes, thereby generating an incorrect netlist.
\o To avoid reporting of non-connectivity changes after performing a hierarchical
\o check and save operation, set 'schematic' 'autoEquivalentConnectivityTime' to
\o 't' in the .cdsenv file. After setting the autoEquivalentConnectivityTime
\o variable, set simSymbolModifiedAction to 'error' to receive reports of only
\o connectivity issues during netlisting.
\o The variable simSymbolModifiedAction controls the severity of this message,
\o which can be 'ignore', 'warning', or 'error'.
\o 
\o WARNING (OSSHNL-325): Place master 'ESDLIB/esdnmos4/symbol' for instance 'MNLIB_DR1' has been modified since the last
\o extraction of its parent cellview 'IOLIB_4M/ICP/cmos_sch'.
\o Connectivity changes in the place master can cause issues in the generated
\o netlist. To resolve such issues:
\o -Reextract the parent cellview 'IOLIB_4M/ICP/cmos_sch' and regenerate the netlist. To avoid
\o multiple Check and Save operations, use the Check Hierarchy form or the
\o schHiCheckHier SKILL function to do a hierarchical check and save on the top
\o cell and then generate the netlist.
\o -Ignore all connectivity checks for this place master by specifying it to the
\o list of cellviews to be ignored using the hnlUserIgnoreCVModifyList variable.
\o -Change the severity of modification errors by setting the environment variable
\o simSymbolModifiedAction to 'ignore'. However, this may ignore both connectivity
\o and non-connectivity changes, thereby generating an incorrect netlist.
\o To avoid reporting of non-connectivity changes after performing a hierarchical
\o check and save operation, set 'schematic' 'autoEquivalentConnectivityTime' to
\o 't' in the .cdsenv file. After setting the autoEquivalentConnectivityTime
\o variable, set simSymbolModifiedAction to 'error' to receive reports of only
\o connectivity issues during netlisting.
\o The variable simSymbolModifiedAction controls the severity of this message,
\o which can be 'ignore', 'warning', or 'error'.
\o 
\o WARNING (OSSHNL-325): Place master 'ESDLIB/esdpmos4/symbol' for instance 'MPLIB_DR1' has been modified since the last
\o extraction of its parent cellview 'IOLIB_4M/ICP/cmos_sch'.
\o Connectivity changes in the place master can cause issues in the generated
\o netlist. To resolve such issues:
\o -Reextract the parent cellview 'IOLIB_4M/ICP/cmos_sch' and regenerate the netlist. To avoid
\o multiple Check and Save operations, use the Check Hierarchy form or the
\o schHiCheckHier SKILL function to do a hierarchical check and save on the top
\o cell and then generate the netlist.
\o -Ignore all connectivity checks for this place master by specifying it to the
\o list of cellviews to be ignored using the hnlUserIgnoreCVModifyList variable.
\o -Change the severity of modification errors by setting the environment variable
\o simSymbolModifiedAction to 'ignore'. However, this may ignore both connectivity
\o and non-connectivity changes, thereby generating an incorrect netlist.
\o To avoid reporting of non-connectivity changes after performing a hierarchical
\o check and save operation, set 'schematic' 'autoEquivalentConnectivityTime' to
\o 't' in the .cdsenv file. After setting the autoEquivalentConnectivityTime
\o variable, set simSymbolModifiedAction to 'error' to receive reports of only
\o connectivity issues during netlisting.
\o The variable simSymbolModifiedAction controls the severity of this message,
\o which can be 'ignore', 'warning', or 'error'.
\o 
\o WARNING (OSSHNL-325): Place master 'PRIMLIB/rdiffp3/symbol' for instance 'RLIB_GC2' has been modified since the last
\o extraction of its parent cellview 'IOLIB_4M/ICP/cmos_sch'.
\o Connectivity changes in the place master can cause issues in the generated
\o netlist. To resolve such issues:
\o -Reextract the parent cellview 'IOLIB_4M/ICP/cmos_sch' and regenerate the netlist. To avoid
\o multiple Check and Save operations, use the Check Hierarchy form or the
\o schHiCheckHier SKILL function to do a hierarchical check and save on the top
\o cell and then generate the netlist.
\o -Ignore all connectivity checks for this place master by specifying it to the
\o list of cellviews to be ignored using the hnlUserIgnoreCVModifyList variable.
\o -Change the severity of modification errors by setting the environment variable
\o simSymbolModifiedAction to 'ignore'. However, this may ignore both connectivity
\o and non-connectivity changes, thereby generating an incorrect netlist.
\o To avoid reporting of non-connectivity changes after performing a hierarchical
\o check and save operation, set 'schematic' 'autoEquivalentConnectivityTime' to
\o 't' in the .cdsenv file. After setting the autoEquivalentConnectivityTime
\o variable, set simSymbolModifiedAction to 'error' to receive reports of only
\o connectivity issues during netlisting.
\o The variable simSymbolModifiedAction controls the severity of this message,
\o which can be 'ignore', 'warning', or 'error'.
\o 
\o WARNING (OSSHNL-325): Place master 'PRIMLIB/rpoly1c/symbol' for instance 'RLIB_GC1' has been modified since the last
\o extraction of its parent cellview 'IOLIB_4M/GND3RP/cmos_sch'.
\o Connectivity changes in the place master can cause issues in the generated
\o netlist. To resolve such issues:
\o -Reextract the parent cellview 'IOLIB_4M/GND3RP/cmos_sch' and regenerate the netlist. To avoid
\o multiple Check and Save operations, use the Check Hierarchy form or the
\o schHiCheckHier SKILL function to do a hierarchical check and save on the top
\o cell and then generate the netlist.
\o -Ignore all connectivity checks for this place master by specifying it to the
\o list of cellviews to be ignored using the hnlUserIgnoreCVModifyList variable.
\o -Change the severity of modification errors by setting the environment variable
\o simSymbolModifiedAction to 'ignore'. However, this may ignore both connectivity
\o and non-connectivity changes, thereby generating an incorrect netlist.
\o To avoid reporting of non-connectivity changes after performing a hierarchical
\o check and save operation, set 'schematic' 'autoEquivalentConnectivityTime' to
\o 't' in the .cdsenv file. After setting the autoEquivalentConnectivityTime
\o variable, set simSymbolModifiedAction to 'error' to receive reports of only
\o connectivity issues during netlisting.
\o The variable simSymbolModifiedAction controls the severity of this message,
\o which can be 'ignore', 'warning', or 'error'.
\o 
\o WARNING (OSSHNL-325): Place master 'ESDLIB/esdnmos4/symbol' for instance 'MNLIB_DR1' has been modified since the last
\o extraction of its parent cellview 'IOLIB_4M/GND3RP/cmos_sch'.
\o Connectivity changes in the place master can cause issues in the generated
\o netlist. To resolve such issues:
\o -Reextract the parent cellview 'IOLIB_4M/GND3RP/cmos_sch' and regenerate the netlist. To avoid
\o multiple Check and Save operations, use the Check Hierarchy form or the
\o schHiCheckHier SKILL function to do a hierarchical check and save on the top
\o cell and then generate the netlist.
\o -Ignore all connectivity checks for this place master by specifying it to the
\o list of cellviews to be ignored using the hnlUserIgnoreCVModifyList variable.
\o -Change the severity of modification errors by setting the environment variable
\o simSymbolModifiedAction to 'ignore'. However, this may ignore both connectivity
\o and non-connectivity changes, thereby generating an incorrect netlist.
\o To avoid reporting of non-connectivity changes after performing a hierarchical
\o check and save operation, set 'schematic' 'autoEquivalentConnectivityTime' to
\o 't' in the .cdsenv file. After setting the autoEquivalentConnectivityTime
\o variable, set simSymbolModifiedAction to 'error' to receive reports of only
\o connectivity issues during netlisting.
\o The variable simSymbolModifiedAction controls the severity of this message,
\o which can be 'ignore', 'warning', or 'error'.
\o 
\o WARNING (OSSHNL-325): Place master 'PRIMLIB/rpoly1c/symbol' for instance 'RLIB_GC1' has been modified since the last
\o extraction of its parent cellview 'IOLIB_4M/GND3OP/cmos_sch'.
\o Connectivity changes in the place master can cause issues in the generated
\o netlist. To resolve such issues:
\o -Reextract the parent cellview 'IOLIB_4M/GND3OP/cmos_sch' and regenerate the netlist. To avoid
\o multiple Check and Save operations, use the Check Hierarchy form or the
\o schHiCheckHier SKILL function to do a hierarchical check and save on the top
\o cell and then generate the netlist.
\o -Ignore all connectivity checks for this place master by specifying it to the
\o list of cellviews to be ignored using the hnlUserIgnoreCVModifyList variable.
\o -Change the severity of modification errors by setting the environment variable
\o simSymbolModifiedAction to 'ignore'. However, this may ignore both connectivity
\o and non-connectivity changes, thereby generating an incorrect netlist.
\o To avoid reporting of non-connectivity changes after performing a hierarchical
\o check and save operation, set 'schematic' 'autoEquivalentConnectivityTime' to
\o 't' in the .cdsenv file. After setting the autoEquivalentConnectivityTime
\o variable, set simSymbolModifiedAction to 'error' to receive reports of only
\o connectivity issues during netlisting.
\o The variable simSymbolModifiedAction controls the severity of this message,
\o which can be 'ignore', 'warning', or 'error'.
\o 
\o WARNING (OSSHNL-325): Place master 'ESDLIB/esdnmos4/symbol' for instance 'MNLIB_DR1' has been modified since the last
\o extraction of its parent cellview 'IOLIB_4M/GND3OP/cmos_sch'.
\o Connectivity changes in the place master can cause issues in the generated
\o netlist. To resolve such issues:
\o -Reextract the parent cellview 'IOLIB_4M/GND3OP/cmos_sch' and regenerate the netlist. To avoid
\o multiple Check and Save operations, use the Check Hierarchy form or the
\o schHiCheckHier SKILL function to do a hierarchical check and save on the top
\o cell and then generate the netlist.
\o -Ignore all connectivity checks for this place master by specifying it to the
\o list of cellviews to be ignored using the hnlUserIgnoreCVModifyList variable.
\o -Change the severity of modification errors by setting the environment variable
\o simSymbolModifiedAction to 'ignore'. However, this may ignore both connectivity
\o and non-connectivity changes, thereby generating an incorrect netlist.
\o To avoid reporting of non-connectivity changes after performing a hierarchical
\o check and save operation, set 'schematic' 'autoEquivalentConnectivityTime' to
\o 't' in the .cdsenv file. After setting the autoEquivalentConnectivityTime
\o variable, set simSymbolModifiedAction to 'error' to receive reports of only
\o connectivity issues during netlisting.
\o The variable simSymbolModifiedAction controls the severity of this message,
\o which can be 'ignore', 'warning', or 'error'.
\o 
\o End netlisting Jun  1 14:12:59 2026
\o 
\o 	The netlist is up to date.
\o 	Time taken to compare the design with netlist:   0.0s
\o       ...successful.
\o compose simulator input file...
\o       ...successful.
\o [2026-06-01 14:13:00.300 Z] [INFO] [cadence.virtuoso.ade.services.netlister] - Finished preparing netlist {"point": 0, "testname": "PTAT_MC", "testnameKey": "PTAT_MC"}
\o [2026-06-01 14:13:01.313 Z] [EVENT] [cadence.virtuoso.ade.services.netlister] - GroupPoints {"point": 1, "testname": "PTAT_MC", "event": "GroupPoints", "EventSource": "Netlist Service", "Points": "1:1:13", "HistoryName": "MonteCarlo.5", "logFile": "/home/hrahimi/projects/POTENTIOSTAT_26/logs_hrahimi/logs0/Service67.log", "logFileSize": "39523"}
\o [2026-06-01 14:13:01.313 Z] [INFO] [cadence.virtuoso.ade.services.netlister] - Started netlisting {"point": 1, "testname": "PTAT_MC"}
\o Simulation design variables differ from those on the cellView,
\o they have been saved in the file "/tmp/saved-design-variables".
\o To save future changes, copy variables to cellView before exiting.
\o *Warning* AXL Context Manager : job 67 is already registered. 
\o 
\o 
\o 
\o *Info*    Configuring the session ...
\o 
\o 	Library      = Potentiostat_Top
\o 	Cell         = top
\o 	View         = schematic
\o 	Simulator    = spectre
\o 	State Path   = $AXL_SETUPDB_DIR/test_states
\o 	State Name   = MonteCarlo.5
\o 	Results DB   = /home/hrahimi/projects/POTENTIOSTAT_26/Potentiostat_Top/top/maestro/results/maestro/MonteCarlo.5.rdb
\o 	Results Dir  = /home/hrahimi/projects/POTENTIOSTAT_26/Sim/Potentiostat_Top/top/maestro/results/maestro/MonteCarlo.5/1/PTAT_MC
\o 	Results Loc  = /home/hrahimi/projects/POTENTIOSTAT_26/Sim/Potentiostat_Top/top/maestro/results/maestro
\o 	Project Dir  = /home/hrahimi/projects/POTENTIOSTAT_26/Sim
\o 	Setup DB loc = /home/hrahimi/projects/POTENTIOSTAT_26/Potentiostat_Top/top/maestro
\o 	File Encoding = 0
\o 
\o 
\o 
\o *Info*    The auto suspension is disabled.
\o 
\o Resetting statistical vars
\o 
\o *Info*    Setting parameter values ...
\o 
\o Setting var Calib_EN = "0"
\o Setting var Cdl = "10n"
\o Setting var Cdl_CE = "10n"
\o Setting var Idc = "0"
\o Setting var Iin_TIA_AC = "0"
\o Setting var Ipulse = "0"
\o Setting var PTAT_EN = "0"
\o Setting var R_ct = "500k"
\o Setting var Rct_CE = "100k"
\o Setting var Rs_CE = "10k"
\o Setting var Rs_WE = "10k"
\o Setting var S0 = "0"
\o Setting var S1 = "1"
\o Setting var S2 = "0"
\o Setting var S3 = "0"
\o Setting var Vb = "0"
\o Setting var Vin_CA_AC = "0"
\o Setting var temperature = "27"
\o Setting temp(T) = 27
\o Setting var vdd = "0"
\o Setting var vddpuls = "3.3"
\o Setting var vpuls = "0"
\o Setting var vref = "1.615"
\o Setting var vtran = "0"
\o 
\o *Info*    Netlist Directory =
\o           /home/hrahimi/projects/POTENTIOSTAT_26/Sim/Potentiostat_Top/top/maestro/results/maestro/MonteCarlo.5/1/PTAT_MC/groupRunDataDir/netlist
\o 
\o 
\o *Info*    Data Directory    =
\o           /home/hrahimi/projects/POTENTIOSTAT_26/Sim/Potentiostat_Top/top/maestro/results/maestro/MonteCarlo.5/1/PTAT_MC/groupRunDataDir
\o 
\o Reusing AHDL Data dir
\o generate netlist...
\o function ansCdlCompPrim redefined
\o Ignoring netlist creation since ignoreDesignChangesDuringRun is set to true
\o       ...successful.
\o compose simulator input file...
\o       ...successful.
\o WARNING (ADE-3080): Fast viewing extensions for PSF XL format (also known as RTSF) will be discontinued  
\o        and Virtuoso Visualization and Analysis XL will not use RTSF data to plot waveforms from IC6.1.8 ISR7 onward. 
\o        There will be no performance impact on data visualization due to this change.
\o [2026-06-01 14:13:04.156 Z] [PROCESS] [cadence.virtuoso.ade.services.netlister] - Current memory used: 767.0938 MBytes, peak memory used: 767.0938 MBytes {"hostname": "il2244vt26_hrahimi", "processid": 1480003, "testname": "PTAT_MC", "point": 1, "logfile": "/home/hrahimi/projects/POTENTIOSTAT_26/logs_hrahimi/logs0/Service67.log"}
\o [2026-06-01 14:13:04.157 Z] [INFO] [cadence.virtuoso.ade.services.netlister] - Finished netlisting {"point": 1, "testname": "PTAT_MC"}
\o [2026-06-01 14:13:04.160 Z] [EVENT] [cadence.virtuoso.ade.services.netlister] - GroupPoints {"point": 14, "testname": "PTAT_MC", "event": "GroupPoints", "EventSource": "Netlist Service", "Points": "14:1:26", "HistoryName": "MonteCarlo.5", "logFile": "/home/hrahimi/projects/POTENTIOSTAT_26/logs_hrahimi/logs0/Service67.log", "logFileSize": "46072"}
\o [2026-06-01 14:13:04.160 Z] [INFO] [cadence.virtuoso.ade.services.netlister] - Started netlisting {"point": 14, "testname": "PTAT_MC"}
\o Resetting statistical vars
\o 
\o *Info*    Setting parameter values ...
\o 
\o 
\o *Info*    Netlist Directory =
\o           /home/hrahimi/projects/POTENTIOSTAT_26/Sim/Potentiostat_Top/top/maestro/results/maestro/MonteCarlo.5/14/PTAT_MC/groupRunDataDir/netlist
\o 
\o 
\o *Info*    Data Directory    =
\o           /home/hrahimi/projects/POTENTIOSTAT_26/Sim/Potentiostat_Top/top/maestro/results/maestro/MonteCarlo.5/14/PTAT_MC/groupRunDataDir
\o 
\o Reusing AHDL Data dir
\o generate netlist...
\o function ansCdlCompPrim redefined
\o Ignoring netlist creation since ignoreDesignChangesDuringRun is set to true
\o       ...successful.
\o compose simulator input file...
\o       ...successful.
\o WARNING (ADE-3080): Fast viewing extensions for PSF XL format (also known as RTSF) will be discontinued  
\o        and Virtuoso Visualization and Analysis XL will not use RTSF data to plot waveforms from IC6.1.8 ISR7 onward. 
\o        There will be no performance impact on data visualization due to this change.
\o [2026-06-01 14:13:05.141 Z] [PROCESS] [cadence.virtuoso.ade.services.netlister] - Current memory used: 769.6953 MBytes, peak memory used: 769.6953 MBytes {"hostname": "il2244vt26_hrahimi", "processid": 1480003, "testname": "PTAT_MC", "point": 14, "logfile": "/home/hrahimi/projects/POTENTIOSTAT_26/logs_hrahimi/logs0/Service67.log"}
\o [2026-06-01 14:13:05.142 Z] [INFO] [cadence.virtuoso.ade.services.netlister] - Finished netlisting {"point": 14, "testname": "PTAT_MC"}
\o [2026-06-01 14:13:05.145 Z] [EVENT] [cadence.virtuoso.ade.services.netlister] - GroupPoints {"point": 27, "testname": "PTAT_MC", "event": "GroupPoints", "EventSource": "Netlist Service", "Points": "27:1:39", "HistoryName": "MonteCarlo.5", "logFile": "/home/hrahimi/projects/POTENTIOSTAT_26/logs_hrahimi/logs0/Service67.log", "logFileSize": "48054"}
\o [2026-06-01 14:13:05.145 Z] [INFO] [cadence.virtuoso.ade.services.netlister] - Started netlisting {"point": 27, "testname": "PTAT_MC"}
\o Resetting statistical vars
\o 
\o *Info*    Setting parameter values ...
\o 
\o 
\o *Info*    Netlist Directory =
\o           /home/hrahimi/projects/POTENTIOSTAT_26/Sim/Potentiostat_Top/top/maestro/results/maestro/MonteCarlo.5/27/PTAT_MC/groupRunDataDir/netlist
\o 
\o 
\o *Info*    Data Directory    =
\o           /home/hrahimi/projects/POTENTIOSTAT_26/Sim/Potentiostat_Top/top/maestro/results/maestro/MonteCarlo.5/27/PTAT_MC/groupRunDataDir
\o 
\o Reusing AHDL Data dir
\o generate netlist...
\o function ansCdlCompPrim redefined
\o Ignoring netlist creation since ignoreDesignChangesDuringRun is set to true
\o       ...successful.
\o compose simulator input file...
\o       ...successful.
\o WARNING (ADE-3080): Fast viewing extensions for PSF XL format (also known as RTSF) will be discontinued  
\o        and Virtuoso Visualization and Analysis XL will not use RTSF data to plot waveforms from IC6.1.8 ISR7 onward. 
\o        There will be no performance impact on data visualization due to this change.
\o [2026-06-01 14:13:06.295 Z] [PROCESS] [cadence.virtuoso.ade.services.netlister] - Current memory used: 776.5703 MBytes, peak memory used: 776.5703 MBytes {"hostname": "il2244vt26_hrahimi", "processid": 1480003, "testname": "PTAT_MC", "point": 27, "logfile": "/home/hrahimi/projects/POTENTIOSTAT_26/logs_hrahimi/logs0/Service67.log"}
\o [2026-06-01 14:13:06.296 Z] [INFO] [cadence.virtuoso.ade.services.netlister] - Finished netlisting {"point": 27, "testname": "PTAT_MC"}
\o [2026-06-01 14:13:06.299 Z] [EVENT] [cadence.virtuoso.ade.services.netlister] - GroupPoints {"point": 40, "testname": "PTAT_MC", "event": "GroupPoints", "EventSource": "Netlist Service", "Points": "40:1:52", "HistoryName": "MonteCarlo.5", "logFile": "/home/hrahimi/projects/POTENTIOSTAT_26/logs_hrahimi/logs0/Service67.log", "logFileSize": "50036"}
\o [2026-06-01 14:13:06.300 Z] [INFO] [cadence.virtuoso.ade.services.netlister] - Started netlisting {"point": 40, "testname": "PTAT_MC"}
\o Resetting statistical vars
\o 
\o *Info*    Setting parameter values ...
\o 
\o 
\o *Info*    Netlist Directory =
\o           /home/hrahimi/projects/POTENTIOSTAT_26/Sim/Potentiostat_Top/top/maestro/results/maestro/MonteCarlo.5/40/PTAT_MC/groupRunDataDir/netlist
\o 
\o 
\o *Info*    Data Directory    =
\o           /home/hrahimi/projects/POTENTIOSTAT_26/Sim/Potentiostat_Top/top/maestro/results/maestro/MonteCarlo.5/40/PTAT_MC/groupRunDataDir
\o 
\o Reusing AHDL Data dir
\o generate netlist...
\o function ansCdlCompPrim redefined
\o Ignoring netlist creation since ignoreDesignChangesDuringRun is set to true
\o       ...successful.
\o compose simulator input file...
\o       ...successful.
\o WARNING (ADE-3080): Fast viewing extensions for PSF XL format (also known as RTSF) will be discontinued  
\o        and Virtuoso Visualization and Analysis XL will not use RTSF data to plot waveforms from IC6.1.8 ISR7 onward. 
\o        There will be no performance impact on data visualization due to this change.
\o [2026-06-01 14:13:07.255 Z] [PROCESS] [cadence.virtuoso.ade.services.netlister] - Current memory used: 776.5703 MBytes, peak memory used: 776.5703 MBytes {"hostname": "il2244vt26_hrahimi", "processid": 1480003, "testname": "PTAT_MC", "point": 40, "logfile": "/home/hrahimi/projects/POTENTIOSTAT_26/logs_hrahimi/logs0/Service67.log"}
\o [2026-06-01 14:13:07.256 Z] [INFO] [cadence.virtuoso.ade.services.netlister] - Finished netlisting {"point": 40, "testname": "PTAT_MC"}
\o [2026-06-01 14:13:07.259 Z] [EVENT] [cadence.virtuoso.ade.services.netlister] - GroupPoints {"point": 53, "testname": "PTAT_MC", "event": "GroupPoints", "EventSource": "Netlist Service", "Points": "53:1:65", "HistoryName": "MonteCarlo.5", "logFile": "/home/hrahimi/projects/POTENTIOSTAT_26/logs_hrahimi/logs0/Service67.log", "logFileSize": "52018"}
\o [2026-06-01 14:13:07.259 Z] [INFO] [cadence.virtuoso.ade.services.netlister] - Started netlisting {"point": 53, "testname": "PTAT_MC"}
\o Resetting statistical vars
\o 
\o *Info*    Setting parameter values ...
\o 
\o 
\o *Info*    Netlist Directory =
\o           /home/hrahimi/projects/POTENTIOSTAT_26/Sim/Potentiostat_Top/top/maestro/results/maestro/MonteCarlo.5/53/PTAT_MC/groupRunDataDir/netlist
\o 
\o 
\o *Info*    Data Directory    =
\o           /home/hrahimi/projects/POTENTIOSTAT_26/Sim/Potentiostat_Top/top/maestro/results/maestro/MonteCarlo.5/53/PTAT_MC/groupRunDataDir
\o 
\o Reusing AHDL Data dir
\o generate netlist...
\o function ansCdlCompPrim redefined
\o Ignoring netlist creation since ignoreDesignChangesDuringRun is set to true
\o       ...successful.
\o compose simulator input file...
\o       ...successful.
\o WARNING (ADE-3080): Fast viewing extensions for PSF XL format (also known as RTSF) will be discontinued  
\o        and Virtuoso Visualization and Analysis XL will not use RTSF data to plot waveforms from IC6.1.8 ISR7 onward. 
\o        There will be no performance impact on data visualization due to this change.
\o [2026-06-01 14:13:08.229 Z] [PROCESS] [cadence.virtuoso.ade.services.netlister] - Current memory used: 776.5703 MBytes, peak memory used: 776.5703 MBytes {"hostname": "il2244vt26_hrahimi", "processid": 1480003, "testname": "PTAT_MC", "point": 53, "logfile": "/home/hrahimi/projects/POTENTIOSTAT_26/logs_hrahimi/logs0/Service67.log"}
\o [2026-06-01 14:13:08.230 Z] [INFO] [cadence.virtuoso.ade.services.netlister] - Finished netlisting {"point": 53, "testname": "PTAT_MC"}
\o [2026-06-01 14:13:08.232 Z] [EVENT] [cadence.virtuoso.ade.services.netlister] - GroupPoints {"point": 66, "testname": "PTAT_MC", "event": "GroupPoints", "EventSource": "Netlist Service", "Points": "66:1:78", "HistoryName": "MonteCarlo.5", "logFile": "/home/hrahimi/projects/POTENTIOSTAT_26/logs_hrahimi/logs0/Service67.log", "logFileSize": "54000"}
\o [2026-06-01 14:13:08.232 Z] [INFO] [cadence.virtuoso.ade.services.netlister] - Started netlisting {"point": 66, "testname": "PTAT_MC"}
\o Resetting statistical vars
\o 
\o *Info*    Setting parameter values ...
\o 
\o 
\o *Info*    Netlist Directory =
\o           /home/hrahimi/projects/POTENTIOSTAT_26/Sim/Potentiostat_Top/top/maestro/results/maestro/MonteCarlo.5/66/PTAT_MC/groupRunDataDir/netlist
\o 
\o 
\o *Info*    Data Directory    =
\o           /home/hrahimi/projects/POTENTIOSTAT_26/Sim/Potentiostat_Top/top/maestro/results/maestro/MonteCarlo.5/66/PTAT_MC/groupRunDataDir
\o 
\o Reusing AHDL Data dir
\o generate netlist...
\o function ansCdlCompPrim redefined
\o Ignoring netlist creation since ignoreDesignChangesDuringRun is set to true
\o       ...successful.
\o compose simulator input file...
\o       ...successful.
\o WARNING (ADE-3080): Fast viewing extensions for PSF XL format (also known as RTSF) will be discontinued  
\o        and Virtuoso Visualization and Analysis XL will not use RTSF data to plot waveforms from IC6.1.8 ISR7 onward. 
\o        There will be no performance impact on data visualization due to this change.
\o [2026-06-01 14:13:09.171 Z] [PROCESS] [cadence.virtuoso.ade.services.netlister] - Current memory used: 776.5703 MBytes, peak memory used: 776.5703 MBytes {"hostname": "il2244vt26_hrahimi", "processid": 1480003, "testname": "PTAT_MC", "point": 66, "logfile": "/home/hrahimi/projects/POTENTIOSTAT_26/logs_hrahimi/logs0/Service67.log"}
\o [2026-06-01 14:13:09.172 Z] [INFO] [cadence.virtuoso.ade.services.netlister] - Finished netlisting {"point": 66, "testname": "PTAT_MC"}
\o [2026-06-01 14:13:09.174 Z] [EVENT] [cadence.virtuoso.ade.services.netlister] - GroupPoints {"point": 79, "testname": "PTAT_MC", "event": "GroupPoints", "EventSource": "Netlist Service", "Points": "79:1:91", "HistoryName": "MonteCarlo.5", "logFile": "/home/hrahimi/projects/POTENTIOSTAT_26/logs_hrahimi/logs0/Service67.log", "logFileSize": "55982"}
\o [2026-06-01 14:13:09.175 Z] [INFO] [cadence.virtuoso.ade.services.netlister] - Started netlisting {"point": 79, "testname": "PTAT_MC"}
\o Resetting statistical vars
\o 
\o *Info*    Setting parameter values ...
\o 
\o 
\o *Info*    Netlist Directory =
\o           /home/hrahimi/projects/POTENTIOSTAT_26/Sim/Potentiostat_Top/top/maestro/results/maestro/MonteCarlo.5/79/PTAT_MC/groupRunDataDir/netlist
\o 
\o 
\o *Info*    Data Directory    =
\o           /home/hrahimi/projects/POTENTIOSTAT_26/Sim/Potentiostat_Top/top/maestro/results/maestro/MonteCarlo.5/79/PTAT_MC/groupRunDataDir
\o 
\o Reusing AHDL Data dir
\o generate netlist...
\o function ansCdlCompPrim redefined
\o Ignoring netlist creation since ignoreDesignChangesDuringRun is set to true
\o       ...successful.
\o compose simulator input file...
\o       ...successful.
\o WARNING (ADE-3080): Fast viewing extensions for PSF XL format (also known as RTSF) will be discontinued  
\o        and Virtuoso Visualization and Analysis XL will not use RTSF data to plot waveforms from IC6.1.8 ISR7 onward. 
\o        There will be no performance impact on data visualization due to this change.
\o [2026-06-01 14:13:10.105 Z] [PROCESS] [cadence.virtuoso.ade.services.netlister] - Current memory used: 776.5703 MBytes, peak memory used: 776.5703 MBytes {"hostname": "il2244vt26_hrahimi", "processid": 1480003, "testname": "PTAT_MC", "point": 79, "logfile": "/home/hrahimi/projects/POTENTIOSTAT_26/logs_hrahimi/logs0/Service67.log"}
\o [2026-06-01 14:13:10.106 Z] [INFO] [cadence.virtuoso.ade.services.netlister] - Finished netlisting {"point": 79, "testname": "PTAT_MC"}
\o [2026-06-01 14:13:10.109 Z] [EVENT] [cadence.virtuoso.ade.services.netlister] - GroupPoints {"point": 92, "testname": "PTAT_MC", "event": "GroupPoints", "EventSource": "Netlist Service", "Points": "92:1:104", "HistoryName": "MonteCarlo.5", "logFile": "/home/hrahimi/projects/POTENTIOSTAT_26/logs_hrahimi/logs0/Service67.log", "logFileSize": "57964"}
\o [2026-06-01 14:13:10.109 Z] [INFO] [cadence.virtuoso.ade.services.netlister] - Started netlisting {"point": 92, "testname": "PTAT_MC"}
\o Resetting statistical vars
\o 
\o *Info*    Setting parameter values ...
\o 
\o 
\o *Info*    Netlist Directory =
\o           /home/hrahimi/projects/POTENTIOSTAT_26/Sim/Potentiostat_Top/top/maestro/results/maestro/MonteCarlo.5/92/PTAT_MC/groupRunDataDir/netlist
\o 
\o 
\o *Info*    Data Directory    =
\o           /home/hrahimi/projects/POTENTIOSTAT_26/Sim/Potentiostat_Top/top/maestro/results/maestro/MonteCarlo.5/92/PTAT_MC/groupRunDataDir
\o 
\o Reusing AHDL Data dir
\o generate netlist...
\o function ansCdlCompPrim redefined
\o Ignoring netlist creation since ignoreDesignChangesDuringRun is set to true
\o       ...successful.
\o compose simulator input file...
\o       ...successful.
\o WARNING (ADE-3080): Fast viewing extensions for PSF XL format (also known as RTSF) will be discontinued  
\o        and Virtuoso Visualization and Analysis XL will not use RTSF data to plot waveforms from IC6.1.8 ISR7 onward. 
\o        There will be no performance impact on data visualization due to this change.
\o [2026-06-01 14:13:11.057 Z] [PROCESS] [cadence.virtuoso.ade.services.netlister] - Current memory used: 778.9922 MBytes, peak memory used: 778.9922 MBytes {"hostname": "il2244vt26_hrahimi", "processid": 1480003, "testname": "PTAT_MC", "point": 92, "logfile": "/home/hrahimi/projects/POTENTIOSTAT_26/logs_hrahimi/logs0/Service67.log"}
\o [2026-06-01 14:13:11.058 Z] [INFO] [cadence.virtuoso.ade.services.netlister] - Finished netlisting {"point": 92, "testname": "PTAT_MC"}
\o [2026-06-01 14:13:11.060 Z] [EVENT] [cadence.virtuoso.ade.services.netlister] - GroupPoints {"point": 105, "testname": "PTAT_MC", "event": "GroupPoints", "EventSource": "Netlist Service", "Points": "105:1:117", "HistoryName": "MonteCarlo.5", "logFile": "/home/hrahimi/projects/POTENTIOSTAT_26/logs_hrahimi/logs0/Service67.log", "logFileSize": "59947"}
\o [2026-06-01 14:13:11.061 Z] [INFO] [cadence.virtuoso.ade.services.netlister] - Started netlisting {"point": 105, "testname": "PTAT_MC"}
\o Resetting statistical vars
\o 
\o *Info*    Setting parameter values ...
\o 
\o 
\o *Info*    Netlist Directory =
\o           /home/hrahimi/projects/POTENTIOSTAT_26/Sim/Potentiostat_Top/top/maestro/results/maestro/MonteCarlo.5/105/PTAT_MC/groupRunDataDir/netlist
\o 
\o 
\o *Info*    Data Directory    =
\o           /home/hrahimi/projects/POTENTIOSTAT_26/Sim/Potentiostat_Top/top/maestro/results/maestro/MonteCarlo.5/105/PTAT_MC/groupRunDataDir
\o 
\o Reusing AHDL Data dir
\o generate netlist...
\o function ansCdlCompPrim redefined
\o Ignoring netlist creation since ignoreDesignChangesDuringRun is set to true
\o       ...successful.
\o compose simulator input file...
\o       ...successful.
\o WARNING (ADE-3080): Fast viewing extensions for PSF XL format (also known as RTSF) will be discontinued  
\o        and Virtuoso Visualization and Analysis XL will not use RTSF data to plot waveforms from IC6.1.8 ISR7 onward. 
\o        There will be no performance impact on data visualization due to this change.
\o [2026-06-01 14:13:12.222 Z] [PROCESS] [cadence.virtuoso.ade.services.netlister] - Current memory used: 782.1953 MBytes, peak memory used: 782.1953 MBytes {"hostname": "il2244vt26_hrahimi", "processid": 1480003, "testname": "PTAT_MC", "point": 105, "logfile": "/home/hrahimi/projects/POTENTIOSTAT_26/logs_hrahimi/logs0/Service67.log"}
\o [2026-06-01 14:13:12.223 Z] [INFO] [cadence.virtuoso.ade.services.netlister] - Finished netlisting {"point": 105, "testname": "PTAT_MC"}
\o [2026-06-01 14:13:12.225 Z] [EVENT] [cadence.virtuoso.ade.services.netlister] - GroupPoints {"point": 118, "testname": "PTAT_MC", "event": "GroupPoints", "EventSource": "Netlist Service", "Points": "118:1:130", "HistoryName": "MonteCarlo.5", "logFile": "/home/hrahimi/projects/POTENTIOSTAT_26/logs_hrahimi/logs0/Service67.log", "logFileSize": "61937"}
\o [2026-06-01 14:13:12.225 Z] [INFO] [cadence.virtuoso.ade.services.netlister] - Started netlisting {"point": 118, "testname": "PTAT_MC"}
\o Resetting statistical vars
\o 
\o *Info*    Setting parameter values ...
\o 
\# Memory report: using         487 MB, process size 2,252 MB at UTC 2026.06.01 14:13:13.080
\o 
\o *Info*    Netlist Directory =
\o           /home/hrahimi/projects/POTENTIOSTAT_26/Sim/Potentiostat_Top/top/maestro/results/maestro/MonteCarlo.5/118/PTAT_MC/groupRunDataDir/netlist
\o 
\o 
\o *Info*    Data Directory    =
\o           /home/hrahimi/projects/POTENTIOSTAT_26/Sim/Potentiostat_Top/top/maestro/results/maestro/MonteCarlo.5/118/PTAT_MC/groupRunDataDir
\o 
\o Reusing AHDL Data dir
\o generate netlist...
\o function ansCdlCompPrim redefined
\o Ignoring netlist creation since ignoreDesignChangesDuringRun is set to true
\o       ...successful.
\o compose simulator input file...
\o       ...successful.
\o WARNING (ADE-3080): Fast viewing extensions for PSF XL format (also known as RTSF) will be discontinued  
\o        and Virtuoso Visualization and Analysis XL will not use RTSF data to plot waveforms from IC6.1.8 ISR7 onward. 
\o        There will be no performance impact on data visualization due to this change.
\o [2026-06-01 14:13:13.361 Z] [PROCESS] [cadence.virtuoso.ade.services.netlister] - Current memory used: 783.1875 MBytes, peak memory used: 783.1875 MBytes {"hostname": "il2244vt26_hrahimi", "processid": 1480003, "testname": "PTAT_MC", "point": 118, "logfile": "/home/hrahimi/projects/POTENTIOSTAT_26/logs_hrahimi/logs0/Service67.log"}
\o [2026-06-01 14:13:13.362 Z] [INFO] [cadence.virtuoso.ade.services.netlister] - Finished netlisting {"point": 118, "testname": "PTAT_MC"}
\o [2026-06-01 14:13:13.364 Z] [EVENT] [cadence.virtuoso.ade.services.netlister] - GroupPoints {"point": 131, "testname": "PTAT_MC", "event": "GroupPoints", "EventSource": "Netlist Service", "Points": "131:1:143", "HistoryName": "MonteCarlo.5", "logFile": "/home/hrahimi/projects/POTENTIOSTAT_26/logs_hrahimi/logs0/Service67.log", "logFileSize": "64020"}
\o [2026-06-01 14:13:13.365 Z] [INFO] [cadence.virtuoso.ade.services.netlister] - Started netlisting {"point": 131, "testname": "PTAT_MC"}
\o Resetting statistical vars
\o 
\o *Info*    Setting parameter values ...
\o 
\o 
\o *Info*    Netlist Directory =
\o           /home/hrahimi/projects/POTENTIOSTAT_26/Sim/Potentiostat_Top/top/maestro/results/maestro/MonteCarlo.5/131/PTAT_MC/groupRunDataDir/netlist
\o 
\o 
\o *Info*    Data Directory    =
\o           /home/hrahimi/projects/POTENTIOSTAT_26/Sim/Potentiostat_Top/top/maestro/results/maestro/MonteCarlo.5/131/PTAT_MC/groupRunDataDir
\o 
\o Reusing AHDL Data dir
\o generate netlist...
\o function ansCdlCompPrim redefined
\o Ignoring netlist creation since ignoreDesignChangesDuringRun is set to true
\o       ...successful.
\o compose simulator input file...
\o       ...successful.
\o WARNING (ADE-3080): Fast viewing extensions for PSF XL format (also known as RTSF) will be discontinued  
\o        and Virtuoso Visualization and Analysis XL will not use RTSF data to plot waveforms from IC6.1.8 ISR7 onward. 
\o        There will be no performance impact on data visualization due to this change.
\o [2026-06-01 14:13:14.280 Z] [PROCESS] [cadence.virtuoso.ade.services.netlister] - Current memory used: 783.1875 MBytes, peak memory used: 783.1875 MBytes {"hostname": "il2244vt26_hrahimi", "processid": 1480003, "testname": "PTAT_MC", "point": 131, "logfile": "/home/hrahimi/projects/POTENTIOSTAT_26/logs_hrahimi/logs0/Service67.log"}
\o [2026-06-01 14:13:14.280 Z] [INFO] [cadence.virtuoso.ade.services.netlister] - Finished netlisting {"point": 131, "testname": "PTAT_MC"}
\o [2026-06-01 14:13:14.283 Z] [EVENT] [cadence.virtuoso.ade.services.netlister] - GroupPoints {"point": 144, "testname": "PTAT_MC", "event": "GroupPoints", "EventSource": "Netlist Service", "Points": "144:1:156", "HistoryName": "MonteCarlo.5", "logFile": "/home/hrahimi/projects/POTENTIOSTAT_26/logs_hrahimi/logs0/Service67.log", "logFileSize": "66010"}
\o [2026-06-01 14:13:14.283 Z] [INFO] [cadence.virtuoso.ade.services.netlister] - Started netlisting {"point": 144, "testname": "PTAT_MC"}
\o Resetting statistical vars
\o 
\o *Info*    Setting parameter values ...
\o 
\o 
\o *Info*    Netlist Directory =
\o           /home/hrahimi/projects/POTENTIOSTAT_26/Sim/Potentiostat_Top/top/maestro/results/maestro/MonteCarlo.5/144/PTAT_MC/groupRunDataDir/netlist
\o 
\o 
\o *Info*    Data Directory    =
\o           /home/hrahimi/projects/POTENTIOSTAT_26/Sim/Potentiostat_Top/top/maestro/results/maestro/MonteCarlo.5/144/PTAT_MC/groupRunDataDir
\o 
\o Reusing AHDL Data dir
\o generate netlist...
\o function ansCdlCompPrim redefined
\o Ignoring netlist creation since ignoreDesignChangesDuringRun is set to true
\o       ...successful.
\o compose simulator input file...
\o       ...successful.
\o WARNING (ADE-3080): Fast viewing extensions for PSF XL format (also known as RTSF) will be discontinued  
\o        and Virtuoso Visualization and Analysis XL will not use RTSF data to plot waveforms from IC6.1.8 ISR7 onward. 
\o        There will be no performance impact on data visualization due to this change.
\o [2026-06-01 14:13:15.148 Z] [PROCESS] [cadence.virtuoso.ade.services.netlister] - Current memory used: 783.1875 MBytes, peak memory used: 783.1875 MBytes {"hostname": "il2244vt26_hrahimi", "processid": 1480003, "testname": "PTAT_MC", "point": 144, "logfile": "/home/hrahimi/projects/POTENTIOSTAT_26/logs_hrahimi/logs0/Service67.log"}
\o [2026-06-01 14:13:15.149 Z] [INFO] [cadence.virtuoso.ade.services.netlister] - Finished netlisting {"point": 144, "testname": "PTAT_MC"}
\o [2026-06-01 14:13:15.151 Z] [EVENT] [cadence.virtuoso.ade.services.netlister] - GroupPoints {"point": 157, "testname": "PTAT_MC", "event": "GroupPoints", "EventSource": "Netlist Service", "Points": "157:1:169", "HistoryName": "MonteCarlo.5", "logFile": "/home/hrahimi/projects/POTENTIOSTAT_26/logs_hrahimi/logs0/Service67.log", "logFileSize": "68000"}
\o [2026-06-01 14:13:15.152 Z] [INFO] [cadence.virtuoso.ade.services.netlister] - Started netlisting {"point": 157, "testname": "PTAT_MC"}
\o Resetting statistical vars
\o 
\o *Info*    Setting parameter values ...
\o 
\o 
\o *Info*    Netlist Directory =
\o           /home/hrahimi/projects/POTENTIOSTAT_26/Sim/Potentiostat_Top/top/maestro/results/maestro/MonteCarlo.5/157/PTAT_MC/groupRunDataDir/netlist
\o 
\o 
\o *Info*    Data Directory    =
\o           /home/hrahimi/projects/POTENTIOSTAT_26/Sim/Potentiostat_Top/top/maestro/results/maestro/MonteCarlo.5/157/PTAT_MC/groupRunDataDir
\o 
\o Reusing AHDL Data dir
\o generate netlist...
\o function ansCdlCompPrim redefined
\o Ignoring netlist creation since ignoreDesignChangesDuringRun is set to true
\o       ...successful.
\o compose simulator input file...
\o       ...successful.
\o WARNING (ADE-3080): Fast viewing extensions for PSF XL format (also known as RTSF) will be discontinued  
\o        and Virtuoso Visualization and Analysis XL will not use RTSF data to plot waveforms from IC6.1.8 ISR7 onward. 
\o        There will be no performance impact on data visualization due to this change.
\o [2026-06-01 14:13:16.014 Z] [PROCESS] [cadence.virtuoso.ade.services.netlister] - Current memory used: 783.1875 MBytes, peak memory used: 783.1875 MBytes {"hostname": "il2244vt26_hrahimi", "processid": 1480003, "testname": "PTAT_MC", "point": 157, "logfile": "/home/hrahimi/projects/POTENTIOSTAT_26/logs_hrahimi/logs0/Service67.log"}
\o [2026-06-01 14:13:16.015 Z] [INFO] [cadence.virtuoso.ade.services.netlister] - Finished netlisting {"point": 157, "testname": "PTAT_MC"}
\o [2026-06-01 14:13:16.017 Z] [EVENT] [cadence.virtuoso.ade.services.netlister] - GroupPoints {"point": 170, "testname": "PTAT_MC", "event": "GroupPoints", "EventSource": "Netlist Service", "Points": "170:1:182", "HistoryName": "MonteCarlo.5", "logFile": "/home/hrahimi/projects/POTENTIOSTAT_26/logs_hrahimi/logs0/Service67.log", "logFileSize": "69990"}
\o [2026-06-01 14:13:16.017 Z] [INFO] [cadence.virtuoso.ade.services.netlister] - Started netlisting {"point": 170, "testname": "PTAT_MC"}
\o Resetting statistical vars
\o 
\o *Info*    Setting parameter values ...
\o 
\o 
\o *Info*    Netlist Directory =
\o           /home/hrahimi/projects/POTENTIOSTAT_26/Sim/Potentiostat_Top/top/maestro/results/maestro/MonteCarlo.5/170/PTAT_MC/groupRunDataDir/netlist
\o 
\o 
\o *Info*    Data Directory    =
\o           /home/hrahimi/projects/POTENTIOSTAT_26/Sim/Potentiostat_Top/top/maestro/results/maestro/MonteCarlo.5/170/PTAT_MC/groupRunDataDir
\o 
\o Reusing AHDL Data dir
\o generate netlist...
\o function ansCdlCompPrim redefined
\o Ignoring netlist creation since ignoreDesignChangesDuringRun is set to true
\o       ...successful.
\o compose simulator input file...
\o       ...successful.
\o WARNING (ADE-3080): Fast viewing extensions for PSF XL format (also known as RTSF) will be discontinued  
\o        and Virtuoso Visualization and Analysis XL will not use RTSF data to plot waveforms from IC6.1.8 ISR7 onward. 
\o        There will be no performance impact on data visualization due to this change.
\o [2026-06-01 14:13:16.887 Z] [PROCESS] [cadence.virtuoso.ade.services.netlister] - Current memory used: 783.1875 MBytes, peak memory used: 783.1875 MBytes {"hostname": "il2244vt26_hrahimi", "processid": 1480003, "testname": "PTAT_MC", "point": 170, "logfile": "/home/hrahimi/projects/POTENTIOSTAT_26/logs_hrahimi/logs0/Service67.log"}
\o [2026-06-01 14:13:16.888 Z] [INFO] [cadence.virtuoso.ade.services.netlister] - Finished netlisting {"point": 170, "testname": "PTAT_MC"}
\o [2026-06-01 14:13:16.890 Z] [EVENT] [cadence.virtuoso.ade.services.netlister] - GroupPoints {"point": 183, "testname": "PTAT_MC", "event": "GroupPoints", "EventSource": "Netlist Service", "Points": "183:1:195", "HistoryName": "MonteCarlo.5", "logFile": "/home/hrahimi/projects/POTENTIOSTAT_26/logs_hrahimi/logs0/Service67.log", "logFileSize": "71980"}
\o [2026-06-01 14:13:16.890 Z] [INFO] [cadence.virtuoso.ade.services.netlister] - Started netlisting {"point": 183, "testname": "PTAT_MC"}
\o Resetting statistical vars
\o 
\o *Info*    Setting parameter values ...
\o 
\o 
\o *Info*    Netlist Directory =
\o           /home/hrahimi/projects/POTENTIOSTAT_26/Sim/Potentiostat_Top/top/maestro/results/maestro/MonteCarlo.5/183/PTAT_MC/groupRunDataDir/netlist
\o 
\o 
\o *Info*    Data Directory    =
\o           /home/hrahimi/projects/POTENTIOSTAT_26/Sim/Potentiostat_Top/top/maestro/results/maestro/MonteCarlo.5/183/PTAT_MC/groupRunDataDir
\o 
\o Reusing AHDL Data dir
\o generate netlist...
\o function ansCdlCompPrim redefined
\o Ignoring netlist creation since ignoreDesignChangesDuringRun is set to true
\o       ...successful.
\o compose simulator input file...
\o       ...successful.
\o WARNING (ADE-3080): Fast viewing extensions for PSF XL format (also known as RTSF) will be discontinued  
\o        and Virtuoso Visualization and Analysis XL will not use RTSF data to plot waveforms from IC6.1.8 ISR7 onward. 
\o        There will be no performance impact on data visualization due to this change.
\o [2026-06-01 14:13:18.284 Z] [PROCESS] [cadence.virtuoso.ade.services.netlister] - Current memory used: 785.7852 MBytes, peak memory used: 785.7852 MBytes {"hostname": "il2244vt26_hrahimi", "processid": 1480003, "testname": "PTAT_MC", "point": 183, "logfile": "/home/hrahimi/projects/POTENTIOSTAT_26/logs_hrahimi/logs0/Service67.log"}
\o [2026-06-01 14:13:18.285 Z] [INFO] [cadence.virtuoso.ade.services.netlister] - Finished netlisting {"point": 183, "testname": "PTAT_MC"}
\o [2026-06-01 14:13:18.287 Z] [EVENT] [cadence.virtuoso.ade.services.netlister] - GroupPoints {"point": 196, "testname": "PTAT_MC", "event": "GroupPoints", "EventSource": "Netlist Service", "Points": "196:1:200", "HistoryName": "MonteCarlo.5", "logFile": "/home/hrahimi/projects/POTENTIOSTAT_26/logs_hrahimi/logs0/Service67.log", "logFileSize": "73970"}
\o [2026-06-01 14:13:18.288 Z] [INFO] [cadence.virtuoso.ade.services.netlister] - Started netlisting {"point": 196, "testname": "PTAT_MC"}
\o Resetting statistical vars
\o 
\o *Info*    Setting parameter values ...
\o 
\o 
\o *Info*    Netlist Directory =
\o           /home/hrahimi/projects/POTENTIOSTAT_26/Sim/Potentiostat_Top/top/maestro/results/maestro/MonteCarlo.5/196/PTAT_MC/groupRunDataDir/netlist
\o 
\o 
\o *Info*    Data Directory    =
\o           /home/hrahimi/projects/POTENTIOSTAT_26/Sim/Potentiostat_Top/top/maestro/results/maestro/MonteCarlo.5/196/PTAT_MC/groupRunDataDir
\o 
\o Reusing AHDL Data dir
\o generate netlist...
\o function ansCdlCompPrim redefined
\o Ignoring netlist creation since ignoreDesignChangesDuringRun is set to true
\o       ...successful.
\o compose simulator input file...
\o       ...successful.
\o WARNING (ADE-3080): Fast viewing extensions for PSF XL format (also known as RTSF) will be discontinued  
\o        and Virtuoso Visualization and Analysis XL will not use RTSF data to plot waveforms from IC6.1.8 ISR7 onward. 
\o        There will be no performance impact on data visualization due to this change.
\o [2026-06-01 14:13:19.210 Z] [PROCESS] [cadence.virtuoso.ade.services.netlister] - Current memory used: 788.5547 MBytes, peak memory used: 788.5547 MBytes {"hostname": "il2244vt26_hrahimi", "processid": 1480003, "testname": "PTAT_MC", "point": 196, "logfile": "/home/hrahimi/projects/POTENTIOSTAT_26/logs_hrahimi/logs0/Service67.log"}
\o [2026-06-01 14:13:19.211 Z] [INFO] [cadence.virtuoso.ade.services.netlister] - Finished netlisting {"point": 196, "testname": "PTAT_MC"}
\o Simulation design variables differ from those on the cellView,
\o they have been saved in the file "/tmp/saved-design-variables".
\o To save future changes, copy variables to cellView before exiting.
\# Lic Summary:
\# [14:18:22.075760] Cdslmd servers:3000@lic08.ug.kth.se:29000@lic06.ug.kth.se
\# [14:18:22.075784] Feature usage summary:
\# Memory report: on exit            493 MB, process size 2,255 MB at UTC 2026.06.01 14:18:22.600
\# Memory report: peak usage         493 MB, process size 2,258 MB
