================================================================================
Rule No. 421 : INFO: hot nwell

Real Error Count : 3; Flat Error Count : 7
================================================================================

--------------------------------------------------------------------------------
Cell Name : cvar layout PRIMLIB col=13 row=4 in1=C1

                   Cell Errors    Real Errors   Cell Placements     Environments
                             1              1                 2                1
--------------------------------------------------------------------------------
Env.  Env. Placements            X1           Y1          X2           Y2

  1        2                  3.050       13.650      34.850       36.400

Shape               Environments Status & Error Marker 

          1           X1         Y1         X2         Y2

   1      X       -0.300     -0.300     22.450     31.500

--------------------------------------------------------------------------------
Cell Name : cpolyc layout PRIMLIB area="2.89n" c="2.5p" gwell="N-Well" l="54.1u" perimeter="214.9u" rbottom="Cont" rleft="Cont" id_=d867af612fc4b764 in1=C528229

                   Cell Errors    Real Errors   Cell Placements     Environments
                             1              1                 4                1
--------------------------------------------------------------------------------
Env.  Env. Placements            X1           Y1          X2           Y2

  1        4                188.050       61.950     247.650      120.000

Shape               Environments Status & Error Marker 

          1           X1         Y1         X2         Y2

   1      X       -1.350     -1.350     58.250     56.700

--------------------------------------------------------------------------------
Cell Name : 6_TIA_Front_Layout layout Potentiostat

                   Cell Errors    Real Errors   Cell Placements     Environments
                             1              1                 1                1
--------------------------------------------------------------------------------
Env.  Env. Placements            X1           Y1          X2           Y2

  1        1                  3.050       13.650     307.850      178.650

Shape               Environments Status & Error Marker 

          1           X1         Y1         X2         Y2

   1      X      188.050     34.950    307.850    178.650

================================================================================
Rule No. 510 : M1_R_1 Minimum density of MET1 area [%] = 30

Real Error Count : 1; Flat Error Count : 2
================================================================================

--------------------------------------------------------------------------------
Cell Name : 6_TIA_Front_Layout layout Potentiostat

                   Cell Errors    Real Errors   Cell Placements     Environments
                             2              1                 1                1
--------------------------------------------------------------------------------
Env.  Env. Placements            X1           Y1          X2           Y2

  1        1                 -1.450        0.000     309.800      189.300

Shape               Environments Status & Error Marker 

          1           X1         Y1         X2         Y2

   1      X       -1.450      0.000    309.800    189.300

================================================================================
Rule No. 521 : M2_R_1 Minimum density of MET2 area [%] = 30

Real Error Count : 1; Flat Error Count : 2
================================================================================

--------------------------------------------------------------------------------
Cell Name : 6_TIA_Front_Layout layout Potentiostat

                   Cell Errors    Real Errors   Cell Placements     Environments
                             2              1                 1                1
--------------------------------------------------------------------------------
Env.  Env. Placements            X1           Y1          X2           Y2

  1        1                 -1.450        0.000     309.800      189.300

Shape               Environments Status & Error Marker 

          1           X1         Y1         X2         Y2

   1      X       -1.450      0.000    309.800    189.300

================================================================================
Rule No. 532 : M3_R_1 Minimum density of MET3 area [%] = 30

Real Error Count : 1; Flat Error Count : 2
================================================================================

--------------------------------------------------------------------------------
Cell Name : 6_TIA_Front_Layout layout Potentiostat

                   Cell Errors    Real Errors   Cell Placements     Environments
                             2              1                 1                1
--------------------------------------------------------------------------------
Env.  Env. Placements            X1           Y1          X2           Y2

  1        1                 -1.450        0.000     309.800      189.300

Shape               Environments Status & Error Marker 

          1           X1         Y1         X2         Y2

   1      X       -1.450      0.000    309.800    189.300

================================================================================
Rule No. 772 : ERC Warning: Gates connected to VDD/VCC

Real Error Count : 38; Flat Error Count : 38
================================================================================

--------------------------------------------------------------------------------
Cell Name : 6_TIA_Front_Layout layout Potentiostat

                   Cell Errors    Real Errors   Cell Placements     Environments
                            38             38                 1                1
--------------------------------------------------------------------------------
Env.  Env. Placements            X1           Y1          X2           Y2

  1        1                 19.900       25.100     167.225      157.950

Shape               Environments Status & Error Marker 

          1           X1         Y1         X2         Y2

   1      X       19.900     88.550     29.900     89.550
   2      X       19.900     99.950     29.900    100.950
   3      X       19.900    111.350     29.900    112.350
   4      X       19.900    122.750     29.900    123.750
   5      X       19.900    134.150     29.900    135.150
   6      X       19.900    145.550     29.900    146.550
   7      X       19.900    156.950     29.900    157.950
   8      X       32.200     88.550     42.200     89.550
   9      X       32.200    156.950     42.200    157.950
  10      X       44.500     88.550     54.500     89.550
  11      X       44.500    156.950     54.500    157.950
  12      X       56.800     88.550     66.800     89.550
  13      X       56.800    156.950     66.800    157.950
  14      X       69.100     88.550     79.100     89.550
  15      X       69.100    156.950     79.100    157.950
  16      X       81.400     88.550     91.400     89.550
  17      X       81.400    156.950     91.400    157.950
  18      X       93.700     88.550    103.700     89.550
  19      X       93.700    156.950    103.700    157.950
  20      X       93.925     25.100     97.925     35.100
  21      X       93.925     43.900     97.925     53.900
  22      X      106.000     88.550    116.000     89.550
  23      X      106.000    156.950    116.000    157.950
  24      X      118.300     88.550    128.300     89.550
  25      X      118.300    156.950    128.300    157.950
  26      X      130.600     88.550    140.600     89.550
  27      X      130.600    156.950    140.600    157.950
  28      X      142.900     88.550    152.900     89.550
  29      X      142.900    156.950    152.900    157.950
  30      X      155.200     88.550    165.200     89.550
  31      X      155.200     99.950    165.200    100.950
  32      X      155.200    111.350    165.200    112.350
  33      X      155.200    122.750    165.200    123.750
  34      X      155.200    134.150    165.200    135.150
  35      X      155.200    145.550    165.200    146.550
  36      X      155.200    156.950    165.200    157.950
  37      X      163.225     25.100    167.225     35.100
  38      X      163.225     43.900    167.225     53.900

================================================================================
Rule No. 773 : ERC Warning: Gates connected to VSS/GND

Real Error Count : 54; Flat Error Count : 106
================================================================================

--------------------------------------------------------------------------------
Cell Name : cvar layout PRIMLIB col=13 row=4 in1=C1

                   Cell Errors    Real Errors   Cell Placements     Environments
                            52             52                 2                1
--------------------------------------------------------------------------------
Env.  Env. Placements            X1           Y1          X2           Y2

  1        2                  3.350       14.800      34.550       35.250

Shape               Environments Status & Error Marker 

          1           X1         Y1         X2         Y2

   1      X        0.850      0.000      1.500      6.600
   2      X        0.850      8.200      1.500     14.800
   3      X        0.850     16.400      1.500     23.000
   4      X        0.850     24.600      1.500     31.200
   5      X        2.500      0.000      3.150      6.600
   6      X        2.500      8.200      3.150     14.800
   7      X        2.500     16.400      3.150     23.000
   8      X        2.500     24.600      3.150     31.200
   9      X        4.150      0.000      4.800      6.600
  10      X        4.150      8.200      4.800     14.800
  11      X        4.150     16.400      4.800     23.000
  12      X        4.150     24.600      4.800     31.200
  13      X        5.800      0.000      6.450      6.600
  14      X        5.800      8.200      6.450     14.800
  15      X        5.800     16.400      6.450     23.000
  16      X        5.800     24.600      6.450     31.200
  17      X        7.450      0.000      8.100      6.600
  18      X        7.450      8.200      8.100     14.800
  19      X        7.450     16.400      8.100     23.000
  20      X        7.450     24.600      8.100     31.200
  21      X        9.100      0.000      9.750      6.600
  22      X        9.100      8.200      9.750     14.800
  23      X        9.100     16.400      9.750     23.000
  24      X        9.100     24.600      9.750     31.200
  25      X       10.750      0.000     11.400      6.600
  26      X       10.750      8.200     11.400     14.800
  27      X       10.750     16.400     11.400     23.000
  28      X       10.750     24.600     11.400     31.200
  29      X       12.400      0.000     13.050      6.600
  30      X       12.400      8.200     13.050     14.800
  31      X       12.400     16.400     13.050     23.000
  32      X       12.400     24.600     13.050     31.200
  33      X       14.050      0.000     14.700      6.600
  34      X       14.050      8.200     14.700     14.800
  35      X       14.050     16.400     14.700     23.000
  36      X       14.050     24.600     14.700     31.200
  37      X       15.700      0.000     16.350      6.600
  38      X       15.700      8.200     16.350     14.800
  39      X       15.700     16.400     16.350     23.000
  40      X       15.700     24.600     16.350     31.200
  41      X       17.350      0.000     18.000      6.600
  42      X       17.350      8.200     18.000     14.800
  43      X       17.350     16.400     18.000     23.000
  44      X       17.350     24.600     18.000     31.200
  45      X       19.000      0.000     19.650      6.600
  46      X       19.000      8.200     19.650     14.800
  47      X       19.000     16.400     19.650     23.000
  48      X       19.000     24.600     19.650     31.200
  49      X       20.650      0.000     21.300      6.600
  50      X       20.650      8.200     21.300     14.800
  51      X       20.650     16.400     21.300     23.000
  52      X       20.650     24.600     21.300     31.200

--------------------------------------------------------------------------------
Cell Name : 6_TIA_Front_Layout layout Potentiostat

                   Cell Errors    Real Errors   Cell Placements     Environments
                             2              2                 1                1
--------------------------------------------------------------------------------
Env.  Env. Placements            X1           Y1          X2           Y2

  1        1                  3.350       11.725     211.650       45.175

Shape               Environments Status & Error Marker 

          1           X1         Y1         X2         Y2

   1      X      191.650     11.725    211.650     16.725
   2      X      191.650     30.475    211.650     35.475

================================================================================
Rule No. 1476 : # INFO: C35B4/C35B3 ASSURA DRC DECK (REV9 DATE 26-Apr-2011) Last modified 07-Sept-2016 #

Real Error Count : 1; Flat Error Count : 1
================================================================================

--------------------------------------------------------------------------------
Cell Name : 6_TIA_Front_Layout layout Potentiostat

                   Cell Errors    Real Errors   Cell Placements     Environments
                             1              1                 1                1
--------------------------------------------------------------------------------
Env.  Env. Placements            X1           Y1          X2           Y2

  1        1                 -1.450        0.000     309.800      189.300

Shape               Environments Status & Error Marker 

          1           X1         Y1         X2         Y2

   1      X       -1.450      0.000    309.800    189.300

