Starting Single Run, Sweeps and Corners...

Current time: Thu Apr 23 18:10:49 2026 
Best design point: 1
Design specs: 
	Potentiostat:CA:1	corner	Nominal - 
	Bias Error		44.29u
	TIA Error Mag		449.1m
	CA Error		207.7u
	rmsNoise(0.001 100000)		1.098m
	TIA error		449.1m
	R_TIA		10.08M
	TIA_Error_Adjusted		187.1u
	Phase Margin		35.2
Design parameters: 
	vdd		3.3
	vtran		0
	vref		1.6
	Vb		1.7
	vddpuls		0
	R_ct		1M
	Ib8		200n
	Ib9		200n
	Cdl		10n
	Cdl_CE		10n
	Rct_CE		100K
	Rs_CE		10K
	Rs_WE		10K
	Idc		0

Interactive.518
Number of points completed: 1
Number of simulation errors: 0
Interactive.518 completed. 
Current time: Thu Apr 23 18:11:03 2026 
