Starting Single Run, Sweeps and Corners...

Current time: Tue May  5 07:25:04 2026 
Best design point: 1
Design specs: 
	Potentiostat:CA:1	corner	Nominal - 
	Bias Error		40.74u
	TIA Error Mag		428u
	CA Error		207.7u
	rmsNoise(0.001 100000)		15.14u
	TIA error		428u
	R_TIA		1.005M
	TIA_Error_Adjusted		167u
	Phase Margin		97.11
Design parameters: 
	vdd		3.3
	vtran		0
	vref		1.6
	Vb		1.7
	vddpuls		0
	R_ct		1M
	Ib8		200n
	Ib9		200n
	Cdl		10n
	Cdl_CE		10n
	Rct_CE		100K
	Rs_CE		10K
	Rs_WE		10K
	Idc		0

Interactive.524
Number of points completed: 1
Number of simulation errors: 0
Interactive.524 completed. 
Current time: Tue May  5 07:25:16 2026 
