================================================================================
Rule No. 506 : M1_S_1  Minimum MET1 spacing = 0.45

Real Error Count : 1; Flat Error Count : 1
================================================================================

--------------------------------------------------------------------------------
Cell Name : 7_Calibration_current layout Potentiostat

                   Cell Errors    Real Errors   Cell Placements     Environments
                             1              1                 1                1
--------------------------------------------------------------------------------
Env.  Env. Placements            X1           Y1          X2           Y2

  1        1                  5.850       42.850       5.950       45.339

Shape               Environments Status & Error Marker 

          1           X1         Y1         X2         Y2

   1      X        5.850     42.850      5.950     45.339

================================================================================
Rule No. 510 : M1_R_1 Minimum density of MET1 area [%] = 30

Real Error Count : 1; Flat Error Count : 2
================================================================================

--------------------------------------------------------------------------------
Cell Name : 7_Calibration_current layout Potentiostat

                   Cell Errors    Real Errors   Cell Placements     Environments
                             2              1                 1                1
--------------------------------------------------------------------------------
Env.  Env. Placements            X1           Y1          X2           Y2

  1        1                  4.900       34.900     185.100      191.900

Shape               Environments Status & Error Marker 

          1           X1         Y1         X2         Y2

   1      X        4.900     34.900    185.100    191.900

================================================================================
Rule No. 532 : M3_R_1 Minimum density of MET3 area [%] = 30

Real Error Count : 1; Flat Error Count : 2
================================================================================

--------------------------------------------------------------------------------
Cell Name : 7_Calibration_current layout Potentiostat

                   Cell Errors    Real Errors   Cell Placements     Environments
                             2              1                 1                1
--------------------------------------------------------------------------------
Env.  Env. Placements            X1           Y1          X2           Y2

  1        1                  4.900       34.900     185.100      191.900

Shape               Environments Status & Error Marker 

          1           X1         Y1         X2         Y2

   1      X        4.900     34.900    185.100    191.900

================================================================================
Rule No. 1476 : # INFO: C35B4/C35B3 ASSURA DRC DECK (REV9 DATE 26-Apr-2011) Last modified 07-Sept-2016 #

Real Error Count : 1; Flat Error Count : 1
================================================================================

--------------------------------------------------------------------------------
Cell Name : 7_Calibration_current layout Potentiostat

                   Cell Errors    Real Errors   Cell Placements     Environments
                             1              1                 1                1
--------------------------------------------------------------------------------
Env.  Env. Placements            X1           Y1          X2           Y2

  1        1                  4.900       34.900     185.100      191.900

Shape               Environments Status & Error Marker 

          1           X1         Y1         X2         Y2

   1      X        4.900     34.900    185.100    191.900

