Starting Single Run, Sweeps and Corners...

Current time: Wed May 20 12:37:49 2026 
Best design point: 1
Design specs: 
	MC	corner	Nominal - 
	Bias error		46.68u
	CA Error		102.2u
	(VDC("/vref") - VDC("/net1"))		157.5u
	rmsNoise(0.001 100000)		230u
	Vout_noise/Rf		76.09p
	TIA_Error_Adjusted		158.2u
	Phase Margin		97.54
	MUX leakage		-3.375p
	MUX voltage drop		26.54u
Design parameters: 
	Cdl		10n
	vdd		3.3
	vtran		0
	vref		1.615
	vddpuls		0
	R_ct		1M
	Cdl_CE		10n
	Rct_CE		100K
	Rs_CE		10K
	Rs_WE		10K
	PTAT_EN		1
	Calib_EN		0
	S0		0
	S1		0
	S2		1
	S3		0

Interactive.196
Number of points completed: 1
Number of simulation errors: 0
Interactive.196 completed. 
Current time: Wed May 20 12:38:16 2026 
