Starting Single Run, Sweeps and Corners...

Current time: Wed May 20 12:36:07 2026 
Best design point: 1
Design specs: 
	TIA_Gain_Linearity	corner	Nominal - 
	rmsNoise(0.001 100000)		207.7u
	VDC("/I25/net8")		1.615
	VDC("/net1")		1.613
Design parameters: 
	Cdl		10n
	vdd		3.3
	vtran		0
	vref		1.615
	vddpuls		0
	R_ct		1M
	Cdl_CE		10n
	Rct_CE		100K
	Rs_CE		10K
	Rs_WE		10K
	PTAT_EN		1
	Calib_EN		0
	S0		0
	S1		0
	S2		1
	S3		0

Interactive.195
Number of points completed: 1
Number of simulation errors: 0
Interactive.195 completed. 
Current time: Wed May 20 12:36:26 2026 
