Starting Single Run, Sweeps and Corners...

Current time: Tue May 19 11:48:58 2026 
Best design point: 1
Design specs: 
	PTAT	corner	Nominal - 
	Sensitivity		Error	No
	Slope		Error	No
	rmsNoise(0.01 100000)		Error	No
Design parameters: 
	Cdl		10n
	vdd		0
	vtran		0
	vref		1.615
	vddpuls		3.3
	R_ct		1M
	Cdl_CE		10n
	Rct_CE		100K
	Rs_CE		10K
	Rs_WE		10K
	PTAT_EN		1
	Calib_EN		0
	S0		0
	S1		0
	S2		1
	S3		0

Interactive.256
Number of points completed: 1
Number of simulation errors: 0
Interactive.256 completed. 
Current time: Tue May 19 11:49:15 2026 
