================================================================================
Rule No. 44 : # INFO: Don't use -resimulate_extracted- Switch for standard LVS but only for QRC! #

Real Error Count : 85; Flat Error Count : 558
================================================================================

--------------------------------------------------------------------------------
Cell Name : pmos4

                   Cell Errors    Real Errors   Cell Placements     Environments
                             1              1                 1                1
--------------------------------------------------------------------------------
Env.  Env. Placements            X1           Y1          X2           Y2

  1        1                810.475      219.250     814.875      224.350

Shape               Environments Status & Error Marker 

          1           X1         Y1         X2         Y2

   1      X       -1.200     -1.200      3.200      3.900

--------------------------------------------------------------------------------
Cell Name : vert10_4 layout PRIMLIB

                   Cell Errors    Real Errors   Cell Placements     Environments
                             1              1                81                1
--------------------------------------------------------------------------------
Env.  Env. Placements            X1           Y1          X2           Y2

  1       81               1402.925      109.550    1419.725      126.350

Shape               Environments Status & Error Marker 

          1           X1         Y1         X2         Y2

   1      X        0.000      0.000     16.800     16.800

--------------------------------------------------------------------------------
Cell Name : pmos4 layout PRIMLIB l="10u" w="5u" wtot="5u" in1=MP928129

                   Cell Errors    Real Errors   Cell Placements     Environments
                             1              1               122                1
--------------------------------------------------------------------------------
Env.  Env. Placements            X1           Y1          X2           Y2

  1      122               1268.200      252.500    1282.300      259.900

Shape               Environments Status & Error Marker 

          1           X1         Y1         X2         Y2

   1      X       -1.200     -1.200      6.200     12.900

--------------------------------------------------------------------------------
Cell Name : cpolyc layout PRIMLIB area="2.31n" c="2p" gwell="N-Well" l="48.4u" perimeter="192.1u" rbottom="Cont" rleft="Cont" rright="Cont" id_=8d84e3685e3786f2 in1=C228929

                   Cell Errors    Real Errors   Cell Placements     Environments
                             1              1                30                1
--------------------------------------------------------------------------------
Env.  Env. Placements            X1           Y1          X2           Y2

  1       30               1764.975      119.875    1818.875      172.225

Shape               Environments Status & Error Marker 

          1           X1         Y1         X2         Y2

   1      X       -1.350     -1.350     52.550     51.000

--------------------------------------------------------------------------------
Cell Name : rpolyhc layout PRIMLIB Bends=10 Dummy=TRUE ResShape="90_deg" doubleCont="Horizontal" gwell="N-Well" l="500u" r="1M" w="800n" in1=R5

                   Cell Errors    Real Errors   Cell Placements     Environments
                             1              1                14                1
--------------------------------------------------------------------------------
Env.  Env. Placements            X1           Y1          X2           Y2

  1       14                883.100      180.500     939.250      206.100

Shape               Environments Status & Error Marker 

          1           X1         Y1         X2         Y2

   1      X       -6.000     -4.650     50.150     20.950

--------------------------------------------------------------------------------
Cell Name : pmos4 layout PRIMLIB l="10u" ng="2" w="3u" wtot="6u" in1=MP21

                   Cell Errors    Real Errors   Cell Placements     Environments
                             1              1                 5                1
--------------------------------------------------------------------------------
Env.  Env. Placements            X1           Y1          X2           Y2

  1        5                304.025      100.550     309.425      125.650

Shape               Environments Status & Error Marker 

          1           X1         Y1         X2         Y2

   1      X       -1.200     -1.200      4.200     23.900

--------------------------------------------------------------------------------
Cell Name : pmos4 layout PRIMLIB l="1u" ng="4" wtot="40u" in1=MP2

                   Cell Errors    Real Errors   Cell Placements     Environments
                             1              1                 4                1
--------------------------------------------------------------------------------
Env.  Env. Placements            X1           Y1          X2           Y2

  1        4                412.725      251.625     423.825      264.025

Shape               Environments Status & Error Marker 

          1           X1         Y1         X2         Y2

   1      X       -1.200     -1.200     11.200      9.900

--------------------------------------------------------------------------------
Cell Name : pmos4 layout PRIMLIB l="4u" in1=MP2328329

                   Cell Errors    Real Errors   Cell Placements     Environments
                             1              1                72                1
--------------------------------------------------------------------------------
Env.  Env. Placements            X1           Y1          X2           Y2

  1       72               1590.500      107.875    1598.600      120.275

Shape               Environments Status & Error Marker 

          1           X1         Y1         X2         Y2

   1      X       -1.200     -1.200     11.200      6.900

--------------------------------------------------------------------------------
Cell Name : nmos4 layout PRIMLIB l="1u" w="5u" wtot="5u" in1=MN0

                   Cell Errors    Real Errors   Cell Placements     Environments
                             1              1                 6                1
--------------------------------------------------------------------------------
Env.  Env. Placements            X1           Y1          X2           Y2

  1        6                815.700      205.775     821.500      208.975

Shape               Environments Status & Error Marker 

          1           X1         Y1         X2         Y2

   1      X       -0.400     -0.250      5.400      2.950

--------------------------------------------------------------------------------
Cell Name : nmos4 layout PRIMLIB l="4u" ng="4" w="1u" wtot="4u" in1=MN728129

                   Cell Errors    Real Errors   Cell Placements     Environments
                             1              1                10                1
--------------------------------------------------------------------------------
Env.  Env. Placements            X1           Y1          X2           Y2

  1       10               1574.150       84.300    1595.350       86.900

Shape               Environments Status & Error Marker 

          1           X1         Y1         X2         Y2

   1      X       -0.800     -0.250      1.800     20.950

--------------------------------------------------------------------------------
Cell Name : nmos4 layout PRIMLIB l="1u" ng="2" wtot="20u" in1=MN1

                   Cell Errors    Real Errors   Cell Placements     Environments
                             1              1                 4                1
--------------------------------------------------------------------------------
Env.  Env. Placements            X1           Y1          X2           Y2

  1        4                404.875      252.125     410.075      263.525

Shape               Environments Status & Error Marker 

          1           X1         Y1         X2         Y2

   1      X       -0.700     -0.250     10.700      4.950

--------------------------------------------------------------------------------
Cell Name : nmos4 layout PRIMLIB l="20u" w="5u" wtot="5u" in1=MN2228129

                   Cell Errors    Real Errors   Cell Placements     Environments
                             1              1                12                1
--------------------------------------------------------------------------------
Env.  Env. Placements            X1           Y1          X2           Y2

  1       12               1631.175       71.425    1636.975       93.625

Shape               Environments Status & Error Marker 

          1           X1         Y1         X2         Y2

   1      X       -0.400     -0.250      5.400     21.950

--------------------------------------------------------------------------------
Cell Name : cpolyc layout PRIMLIB area="2.89n" c="2.5p" gwell="N-Well" l="54.1u" perimeter="214.9u" rbottom="Cont" rleft="Cont" id_=d867af612fc4b764 in1=C528229

                   Cell Errors    Real Errors   Cell Placements     Environments
                             1              1                 4                1
--------------------------------------------------------------------------------
Env.  Env. Placements            X1           Y1          X2           Y2

  1        4                646.225      151.050     705.825      209.100

Shape               Environments Status & Error Marker 

          1           X1         Y1         X2         Y2

   1      X       -1.350     -1.350     58.250     56.700

--------------------------------------------------------------------------------
Cell Name : cpolyc layout PRIMLIB area="3.47n" c="3p" gwell="N-Well" l="59.25u" perimeter="235.5u" rbottom="Cont" rleft="Cont" id_=d867af616155d7ec in1=C0

                   Cell Errors    Real Errors   Cell Placements     Environments
                             1              1                 3                1
--------------------------------------------------------------------------------
Env.  Env. Placements            X1           Y1          X2           Y2

  1        3               1306.275      146.750    1371.025      209.950

Shape               Environments Status & Error Marker 

          1           X1         Y1         X2         Y2

   1      X       -1.350     -1.350     63.400     61.850

--------------------------------------------------------------------------------
Cell Name : Inverter layout Potentiostat_cpoly2

                   Cell Errors    Real Errors   Cell Placements     Environments
                             1              1                10                1
--------------------------------------------------------------------------------
Env.  Env. Placements            X1           Y1          X2           Y2

  1       10                799.475      191.525     807.350      197.925

Shape               Environments Status & Error Marker 

          1           X1         Y1         X2         Y2

   1      X        0.550      0.025      6.950      7.900

--------------------------------------------------------------------------------
Cell Name : pmos4_A3 array 10 11 12.3 14.1 r270

                   Cell Errors    Real Errors   Cell Placements     Environments
                             9              9                 1                1
--------------------------------------------------------------------------------
Env.  Env. Placements            X1           Y1          X2           Y2

  1        1               1095.250      131.000    1232.350      265.300

Shape               Environments Status & Error Marker 

          1           X1         Y1         X2         Y2

   1      X       -1.200      1.200    135.900      7.900
   2      X       -1.200     15.300    135.900     22.000
   3      X       -1.200     29.400    135.900     36.100
   4      X       -1.200     43.500    135.900     50.200
   5      X       -1.200     57.600    135.900     64.300
   6      X       -1.200     71.700    135.900     78.400
   7      X       -1.200     85.800    135.900     92.500
   8      X       -1.200     99.900    135.900    106.600
   9      X       -1.200    114.000    135.900    120.700

--------------------------------------------------------------------------------
Cell Name : cpolyc_A2 array 3 10 54.9 53.35 r0

                   Cell Errors    Real Errors   Cell Placements     Environments
                             4              4                 1                1
--------------------------------------------------------------------------------
Env.  Env. Placements            X1           Y1          X2           Y2

  1        1               1764.975      119.875    2312.975      278.925

Shape               Environments Status & Error Marker 

          1           X1         Y1         X2         Y2

   1      X       -1.350     -1.350    217.250    157.700
   2      X      163.350    104.350    217.250    105.350
   3      X      217.250     -1.350    382.950    157.700
   4      X      382.950     -1.350    546.650    157.700

--------------------------------------------------------------------------------
Cell Name : vert10_4_A1 array 9 9 16.9 18.7 r0

                   Cell Errors    Real Errors   Cell Placements     Environments
                            17             17                 1                1
--------------------------------------------------------------------------------
Env.  Env. Placements            X1           Y1          X2           Y2

  1        1               1402.925      109.550    1554.925      275.950

Shape               Environments Status & Error Marker 

          1           X1         Y1         X2         Y2

   1      X        0.000      0.000     33.700    166.400
   2      X       16.900      0.000     50.600    166.400
   3      X       16.900     35.500     33.700     37.400
   4      X       33.800      0.000     67.500    166.400
   5      X       33.800     35.500     50.600     37.400
   6      X       50.700      0.000     84.400    166.400
   7      X       50.700     35.500     67.500     37.400
   8      X       67.600     35.500     84.400     37.400
   9      X       84.400      0.000    101.400    166.400
  10      X      101.400      0.000    135.100    166.400
  11      X      118.300      0.000    152.000    166.400
  12      X      118.300     35.500    135.100     37.400
  13      X      135.200     35.500    152.000     37.400
  14      X      135.200     54.200    152.000     56.100
  15      X      135.200     72.900    152.000     74.800
  16      X      135.200     91.600    152.000     93.500
  17      X      135.200    110.300    152.000    112.200

--------------------------------------------------------------------------------
Cell Name : rpolyhc layout PRIMLIB Bends=10 Dummy=TRUE ResShape="90_deg" doubleCont="Horizontal" gwell="N-Well" l="50u" r="100K" w="800n" in1=R9

                   Cell Errors    Real Errors   Cell Placements     Environments
                             1              1                 9                1
--------------------------------------------------------------------------------
Env.  Env. Placements            X1           Y1          X2           Y2

  1        9               1501.550       58.425    1527.150       73.675

Shape               Environments Status & Error Marker 

          1           X1         Y1         X2         Y2

   1      X       -6.000     -4.650      9.250     20.950

--------------------------------------------------------------------------------
Cell Name : rpolyhc layout PRIMLIB Bends=10 Dummy=TRUE ResShape="90_deg" doubleCont="Horizontal" gwell="N-Well" l="150u" r="100K" w="2u" in1=R26

                   Cell Errors    Real Errors   Cell Placements     Environments
                             1              1                12                1
--------------------------------------------------------------------------------
Env.  Env. Placements            X1           Y1          X2           Y2

  1       12               1280.250       54.200    1321.250       80.950

Shape               Environments Status & Error Marker 

          1           X1         Y1         X2         Y2

   1      X       -7.750     -5.750     19.000     35.250

--------------------------------------------------------------------------------
Cell Name : pmos4 layout PRIMLIB l="350n" in1=MP628129

                   Cell Errors    Real Errors   Cell Placements     Environments
                             1              1                 8                1
--------------------------------------------------------------------------------
Env.  Env. Placements            X1           Y1          X2           Y2

  1        8               1266.600      198.450    1271.050      210.850

Shape               Environments Status & Error Marker 

          1           X1         Y1         X2         Y2

   1      X       -1.200     -1.200     11.200      3.250

--------------------------------------------------------------------------------
Cell Name : pmos4 layout PRIMLIB l="2u" in1=MP1281029

                   Cell Errors    Real Errors   Cell Placements     Environments
                             1              1                44                1
--------------------------------------------------------------------------------
Env.  Env. Placements            X1           Y1          X2           Y2

  1       44               1165.150       71.275    1171.250       83.675

Shape               Environments Status & Error Marker 

          1           X1         Y1         X2         Y2

   1      X       -1.200     -1.200     11.200      4.900

--------------------------------------------------------------------------------
Cell Name : nmos4 layout PRIMLIB l="20u" in1=MN1128129

                   Cell Errors    Real Errors   Cell Placements     Environments
                             1              1                 4                1
--------------------------------------------------------------------------------
Env.  Env. Placements            X1           Y1          X2           Y2

  1        4               1106.275       53.000    1117.075       75.200

Shape               Environments Status & Error Marker 

          1           X1         Y1         X2         Y2

   1      X       -0.400     -0.250     10.400     21.950

--------------------------------------------------------------------------------
Cell Name : nmos4 layout PRIMLIB l="10u" in1=MN628129

                   Cell Errors    Real Errors   Cell Placements     Environments
                             1              1                 4                1
--------------------------------------------------------------------------------
Env.  Env. Placements            X1           Y1          X2           Y2

  1        4               1266.600      156.100    1278.800      166.900

Shape               Environments Status & Error Marker 

          1           X1         Y1         X2         Y2

   1      X       -0.400     -0.250     10.400     11.950

--------------------------------------------------------------------------------
Cell Name : nmos4 layout PRIMLIB l="10u" w="5u" wtot="5u" in1=MN928129

                   Cell Errors    Real Errors   Cell Placements     Environments
                             1              1                11                1
--------------------------------------------------------------------------------
Env.  Env. Placements            X1           Y1          X2           Y2

  1       11               1083.725       90.150    1089.525      102.350

Shape               Environments Status & Error Marker 

          1           X1         Y1         X2         Y2

   1      X       -0.400     -0.250      5.400     11.950

--------------------------------------------------------------------------------
Cell Name : cpolyc layout PRIMLIB area="1.73n" c="1.5p" gwell="N-Well" l="41.95u" perimeter="166.3u" rbottom="Cont" rleft="Cont" id_=d867af61708d568b in1=C428929

                   Cell Errors    Real Errors   Cell Placements     Environments
                             1              1                10                1
--------------------------------------------------------------------------------
Env.  Env. Placements            X1           Y1          X2           Y2

  1       10                796.425       50.600     843.875       96.500

Shape               Environments Status & Error Marker 

          1           X1         Y1         X2         Y2

   1      X       -1.350     -1.350     46.100     44.550

--------------------------------------------------------------------------------
Cell Name : 7_MUX21 layout Potentiostat_cpoly2

                   Cell Errors    Real Errors   Cell Placements     Environments
                             1              1                 2                1
--------------------------------------------------------------------------------
Env.  Env. Placements            X1           Y1          X2           Y2

  1        2                390.200      246.625     436.575      269.175

Shape               Environments Status & Error Marker 

          1           X1         Y1         X2         Y2

   1      X        0.425      0.750     46.800     23.300

--------------------------------------------------------------------------------
Cell Name : 7_Calibration_current layout Potentiostat_cpoly2

                   Cell Errors    Real Errors   Cell Placements     Environments
                             3              3                 1                1
--------------------------------------------------------------------------------
Env.  Env. Placements            X1           Y1          X2           Y2

  1        1                256.500       84.100     437.950      241.100

Shape               Environments Status & Error Marker 

          1           X1         Y1         X2         Y2

   1      X        3.650     34.900     77.425    191.900
   2      X       77.425     34.900    145.750    191.900
   3      X      145.750     34.900    185.100    191.900

--------------------------------------------------------------------------------
Cell Name : 6_TIA_Front_Layout layout Potentiostat_cpoly2

                   Cell Errors    Real Errors   Cell Placements     Environments
                             3              3                 1                1
--------------------------------------------------------------------------------
Env.  Env. Placements            X1           Y1          X2           Y2

  1        1                456.725       89.100     767.975      278.400

Shape               Environments Status & Error Marker 

          1           X1         Y1         X2         Y2

   1      X       -1.450      0.000    247.650    189.300
   2      X      190.550      0.000    309.800    189.300
   3      X      190.550     17.125    212.750     17.575

--------------------------------------------------------------------------------
Cell Name : 6_Resnet layout Potentiostat_cpoly2

                   Cell Errors    Real Errors   Cell Placements     Environments
                             2              2                 1                1
--------------------------------------------------------------------------------
Env.  Env. Placements            X1           Y1          X2           Y2

  1        1                796.625      164.700    1042.650      268.000

Shape               Environments Status & Error Marker 

          1           X1         Y1         X2         Y2

   1      X       49.875     73.500     74.825    176.800
   2      X       74.750     73.500    295.900    176.800

--------------------------------------------------------------------------------
Cell Name : 6_CA_Front_Layout layout Potentiostat_cpoly2

                   Cell Errors    Real Errors   Cell Placements     Environments
                             3              3                 2                1
--------------------------------------------------------------------------------
Env.  Env. Placements            X1           Y1          X2           Y2

  1        2               1568.975       50.500    1758.000      288.550

Shape               Environments Status & Error Marker 

          1           X1         Y1         X2         Y2

   1      X       -1.250     -2.150    187.775     93.950
   2      X       -1.250     67.625    187.775    235.900
   3      X       97.675     55.225    121.850     67.625

--------------------------------------------------------------------------------
Cell Name : V500_20 layout POWER_TRACKS

                   Cell Errors    Real Errors   Cell Placements     Environments
                             1              1                 5                1
--------------------------------------------------------------------------------
Env.  Env. Placements            X1           Y1          X2           Y2

  1        5                545.875        2.100    1046.125       26.250

Shape               Environments Status & Error Marker 

          1           X1         Y1         X2         Y2

   1      X       -0.200     -0.050    500.050     24.100

--------------------------------------------------------------------------------
Cell Name : V200_20 layout POWER_TRACKS

                   Cell Errors    Real Errors   Cell Placements     Environments
                             1              1                 9                1
--------------------------------------------------------------------------------
Env.  Env. Placements            X1           Y1          X2           Y2

  1        9                 45.700        2.100     245.700       26.200

Shape               Environments Status & Error Marker 

          1           X1         Y1         X2         Y2

   1      X        0.050     -0.050    200.050     24.050

--------------------------------------------------------------------------------
Cell Name : 8_CA_TIA_Front_calib layout Potentiostat_cpoly2

                   Cell Errors    Real Errors   Cell Placements     Environments
                             6              6                 1                1
--------------------------------------------------------------------------------
Env.  Env. Placements            X1           Y1          X2           Y2

  1        1                  4.700        5.350    1070.175      313.375

Shape               Environments Status & Error Marker 

          1           X1         Y1         X2         Y2

   1      X      -25.800    -19.850    813.375    288.175
   2      X      765.925     71.300    813.375     71.900
   3      X      766.125    242.800   1012.150    288.175
   4      X      813.375    -19.850   1012.150    139.500
   5      X      958.125     71.300   1005.575     71.900
   6      X     1012.150    -19.850   1039.675    288.175

--------------------------------------------------------------------------------
Cell Name : 7_PTAT_Layout2 layout Potentiostat_cpoly2

                   Cell Errors    Real Errors   Cell Placements     Environments
                             6              6                 1                1
--------------------------------------------------------------------------------
Env.  Env. Placements            X1           Y1          X2           Y2

  1        1               1072.950        6.200    2373.375      313.375

Shape               Environments Status & Error Marker 

          1           X1         Y1         X2         Y2

   1      X       -2.725    163.850    156.675    471.025
   2      X       38.850    163.850     63.900    288.650
   3      X       63.900    163.850    203.325    471.025
   4      X      190.925    163.850    315.575    471.025
   5      X      190.925    324.550    203.125    326.550
   6      X      315.575    163.850   1297.700    471.025

--------------------------------------------------------------------------------
Cell Name : 8_Poten_PTAT2 layout Potentiostat_cpoly2

                   Cell Errors    Real Errors   Cell Placements     Environments
                             6              6                 1                1
--------------------------------------------------------------------------------
Env.  Env. Placements            X1           Y1          X2           Y2

  1        1                  3.250        2.100    2376.975      317.375

Shape               Environments Status & Error Marker 

          1           X1         Y1         X2         Y2

   1      X        3.250      2.100     45.700     73.150
   2      X        3.250      2.100   2376.975    317.375
   3      X      245.700      2.100    297.400      5.350
   4      X      497.400      2.100    545.875      5.350
   5      X     1315.325    313.375   1362.025    317.375
   6      X     1562.025    310.850   2376.975    317.375

================================================================================
Rule No. 45 : # C35B4 ENG - 183 Rev9 (Last updated 26-Apr-2017 12:48) #

Real Error Count : 85; Flat Error Count : 558
================================================================================

--------------------------------------------------------------------------------
Cell Name : pmos4

                   Cell Errors    Real Errors   Cell Placements     Environments
                             1              1                 1                1
--------------------------------------------------------------------------------
Env.  Env. Placements            X1           Y1          X2           Y2

  1        1                810.475      219.250     814.875      224.350

Shape               Environments Status & Error Marker 

          1           X1         Y1         X2         Y2

   1      X       -1.200     -1.200      3.200      3.900

--------------------------------------------------------------------------------
Cell Name : vert10_4 layout PRIMLIB

                   Cell Errors    Real Errors   Cell Placements     Environments
                             1              1                81                1
--------------------------------------------------------------------------------
Env.  Env. Placements            X1           Y1          X2           Y2

  1       81               1402.925      109.550    1419.725      126.350

Shape               Environments Status & Error Marker 

          1           X1         Y1         X2         Y2

   1      X        0.000      0.000     16.800     16.800

--------------------------------------------------------------------------------
Cell Name : pmos4 layout PRIMLIB l="10u" w="5u" wtot="5u" in1=MP928129

                   Cell Errors    Real Errors   Cell Placements     Environments
                             1              1               122                1
--------------------------------------------------------------------------------
Env.  Env. Placements            X1           Y1          X2           Y2

  1      122               1268.200      252.500    1282.300      259.900

Shape               Environments Status & Error Marker 

          1           X1         Y1         X2         Y2

   1      X       -1.200     -1.200      6.200     12.900

--------------------------------------------------------------------------------
Cell Name : cpolyc layout PRIMLIB area="2.31n" c="2p" gwell="N-Well" l="48.4u" perimeter="192.1u" rbottom="Cont" rleft="Cont" rright="Cont" id_=8d84e3685e3786f2 in1=C228929

                   Cell Errors    Real Errors   Cell Placements     Environments
                             1              1                30                1
--------------------------------------------------------------------------------
Env.  Env. Placements            X1           Y1          X2           Y2

  1       30               1764.975      119.875    1818.875      172.225

Shape               Environments Status & Error Marker 

          1           X1         Y1         X2         Y2

   1      X       -1.350     -1.350     52.550     51.000

--------------------------------------------------------------------------------
Cell Name : rpolyhc layout PRIMLIB Bends=10 Dummy=TRUE ResShape="90_deg" doubleCont="Horizontal" gwell="N-Well" l="500u" r="1M" w="800n" in1=R5

                   Cell Errors    Real Errors   Cell Placements     Environments
                             1              1                14                1
--------------------------------------------------------------------------------
Env.  Env. Placements            X1           Y1          X2           Y2

  1       14                883.100      180.500     939.250      206.100

Shape               Environments Status & Error Marker 

          1           X1         Y1         X2         Y2

   1      X       -6.000     -4.650     50.150     20.950

--------------------------------------------------------------------------------
Cell Name : pmos4 layout PRIMLIB l="10u" ng="2" w="3u" wtot="6u" in1=MP21

                   Cell Errors    Real Errors   Cell Placements     Environments
                             1              1                 5                1
--------------------------------------------------------------------------------
Env.  Env. Placements            X1           Y1          X2           Y2

  1        5                304.025      100.550     309.425      125.650

Shape               Environments Status & Error Marker 

          1           X1         Y1         X2         Y2

   1      X       -1.200     -1.200      4.200     23.900

--------------------------------------------------------------------------------
Cell Name : pmos4 layout PRIMLIB l="1u" ng="4" wtot="40u" in1=MP2

                   Cell Errors    Real Errors   Cell Placements     Environments
                             1              1                 4                1
--------------------------------------------------------------------------------
Env.  Env. Placements            X1           Y1          X2           Y2

  1        4                412.725      251.625     423.825      264.025

Shape               Environments Status & Error Marker 

          1           X1         Y1         X2         Y2

   1      X       -1.200     -1.200     11.200      9.900

--------------------------------------------------------------------------------
Cell Name : pmos4 layout PRIMLIB l="4u" in1=MP2328329

                   Cell Errors    Real Errors   Cell Placements     Environments
                             1              1                72                1
--------------------------------------------------------------------------------
Env.  Env. Placements            X1           Y1          X2           Y2

  1       72               1590.500      107.875    1598.600      120.275

Shape               Environments Status & Error Marker 

          1           X1         Y1         X2         Y2

   1      X       -1.200     -1.200     11.200      6.900

--------------------------------------------------------------------------------
Cell Name : nmos4 layout PRIMLIB l="1u" w="5u" wtot="5u" in1=MN0

                   Cell Errors    Real Errors   Cell Placements     Environments
                             1              1                 6                1
--------------------------------------------------------------------------------
Env.  Env. Placements            X1           Y1          X2           Y2

  1        6                815.700      205.775     821.500      208.975

Shape               Environments Status & Error Marker 

          1           X1         Y1         X2         Y2

   1      X       -0.400     -0.250      5.400      2.950

--------------------------------------------------------------------------------
Cell Name : nmos4 layout PRIMLIB l="4u" ng="4" w="1u" wtot="4u" in1=MN728129

                   Cell Errors    Real Errors   Cell Placements     Environments
                             1              1                10                1
--------------------------------------------------------------------------------
Env.  Env. Placements            X1           Y1          X2           Y2

  1       10               1574.150       84.300    1595.350       86.900

Shape               Environments Status & Error Marker 

          1           X1         Y1         X2         Y2

   1      X       -0.800     -0.250      1.800     20.950

--------------------------------------------------------------------------------
Cell Name : nmos4 layout PRIMLIB l="1u" ng="2" wtot="20u" in1=MN1

                   Cell Errors    Real Errors   Cell Placements     Environments
                             1              1                 4                1
--------------------------------------------------------------------------------
Env.  Env. Placements            X1           Y1          X2           Y2

  1        4                404.875      252.125     410.075      263.525

Shape               Environments Status & Error Marker 

          1           X1         Y1         X2         Y2

   1      X       -0.700     -0.250     10.700      4.950

--------------------------------------------------------------------------------
Cell Name : nmos4 layout PRIMLIB l="20u" w="5u" wtot="5u" in1=MN2228129

                   Cell Errors    Real Errors   Cell Placements     Environments
                             1              1                12                1
--------------------------------------------------------------------------------
Env.  Env. Placements            X1           Y1          X2           Y2

  1       12               1631.175       71.425    1636.975       93.625

Shape               Environments Status & Error Marker 

          1           X1         Y1         X2         Y2

   1      X       -0.400     -0.250      5.400     21.950

--------------------------------------------------------------------------------
Cell Name : cpolyc layout PRIMLIB area="2.89n" c="2.5p" gwell="N-Well" l="54.1u" perimeter="214.9u" rbottom="Cont" rleft="Cont" id_=d867af612fc4b764 in1=C528229

                   Cell Errors    Real Errors   Cell Placements     Environments
                             1              1                 4                1
--------------------------------------------------------------------------------
Env.  Env. Placements            X1           Y1          X2           Y2

  1        4                646.225      151.050     705.825      209.100

Shape               Environments Status & Error Marker 

          1           X1         Y1         X2         Y2

   1      X       -1.350     -1.350     58.250     56.700

--------------------------------------------------------------------------------
Cell Name : cpolyc layout PRIMLIB area="3.47n" c="3p" gwell="N-Well" l="59.25u" perimeter="235.5u" rbottom="Cont" rleft="Cont" id_=d867af616155d7ec in1=C0

                   Cell Errors    Real Errors   Cell Placements     Environments
                             1              1                 3                1
--------------------------------------------------------------------------------
Env.  Env. Placements            X1           Y1          X2           Y2

  1        3               1306.275      146.750    1371.025      209.950

Shape               Environments Status & Error Marker 

          1           X1         Y1         X2         Y2

   1      X       -1.350     -1.350     63.400     61.850

--------------------------------------------------------------------------------
Cell Name : Inverter layout Potentiostat_cpoly2

                   Cell Errors    Real Errors   Cell Placements     Environments
                             1              1                10                1
--------------------------------------------------------------------------------
Env.  Env. Placements            X1           Y1          X2           Y2

  1       10                799.475      191.525     807.350      197.925

Shape               Environments Status & Error Marker 

          1           X1         Y1         X2         Y2

   1      X        0.550      0.025      6.950      7.900

--------------------------------------------------------------------------------
Cell Name : pmos4_A3 array 10 11 12.3 14.1 r270

                   Cell Errors    Real Errors   Cell Placements     Environments
                             9              9                 1                1
--------------------------------------------------------------------------------
Env.  Env. Placements            X1           Y1          X2           Y2

  1        1               1095.250      131.000    1232.350      265.300

Shape               Environments Status & Error Marker 

          1           X1         Y1         X2         Y2

   1      X       -1.200      1.200    135.900      7.900
   2      X       -1.200     15.300    135.900     22.000
   3      X       -1.200     29.400    135.900     36.100
   4      X       -1.200     43.500    135.900     50.200
   5      X       -1.200     57.600    135.900     64.300
   6      X       -1.200     71.700    135.900     78.400
   7      X       -1.200     85.800    135.900     92.500
   8      X       -1.200     99.900    135.900    106.600
   9      X       -1.200    114.000    135.900    120.700

--------------------------------------------------------------------------------
Cell Name : cpolyc_A2 array 3 10 54.9 53.35 r0

                   Cell Errors    Real Errors   Cell Placements     Environments
                             4              4                 1                1
--------------------------------------------------------------------------------
Env.  Env. Placements            X1           Y1          X2           Y2

  1        1               1764.975      119.875    2312.975      278.925

Shape               Environments Status & Error Marker 

          1           X1         Y1         X2         Y2

   1      X       -1.350     -1.350    217.250    157.700
   2      X      163.350    104.350    217.250    105.350
   3      X      217.250     -1.350    382.950    157.700
   4      X      382.950     -1.350    546.650    157.700

--------------------------------------------------------------------------------
Cell Name : vert10_4_A1 array 9 9 16.9 18.7 r0

                   Cell Errors    Real Errors   Cell Placements     Environments
                            17             17                 1                1
--------------------------------------------------------------------------------
Env.  Env. Placements            X1           Y1          X2           Y2

  1        1               1402.925      109.550    1554.925      275.950

Shape               Environments Status & Error Marker 

          1           X1         Y1         X2         Y2

   1      X        0.000      0.000     33.700    166.400
   2      X       16.900      0.000     50.600    166.400
   3      X       16.900     35.500     33.700     37.400
   4      X       33.800      0.000     67.500    166.400
   5      X       33.800     35.500     50.600     37.400
   6      X       50.700      0.000     84.400    166.400
   7      X       50.700     35.500     67.500     37.400
   8      X       67.600     35.500     84.400     37.400
   9      X       84.400      0.000    101.400    166.400
  10      X      101.400      0.000    135.100    166.400
  11      X      118.300      0.000    152.000    166.400
  12      X      118.300     35.500    135.100     37.400
  13      X      135.200     35.500    152.000     37.400
  14      X      135.200     54.200    152.000     56.100
  15      X      135.200     72.900    152.000     74.800
  16      X      135.200     91.600    152.000     93.500
  17      X      135.200    110.300    152.000    112.200

--------------------------------------------------------------------------------
Cell Name : rpolyhc layout PRIMLIB Bends=10 Dummy=TRUE ResShape="90_deg" doubleCont="Horizontal" gwell="N-Well" l="50u" r="100K" w="800n" in1=R9

                   Cell Errors    Real Errors   Cell Placements     Environments
                             1              1                 9                1
--------------------------------------------------------------------------------
Env.  Env. Placements            X1           Y1          X2           Y2

  1        9               1501.550       58.425    1527.150       73.675

Shape               Environments Status & Error Marker 

          1           X1         Y1         X2         Y2

   1      X       -6.000     -4.650      9.250     20.950

--------------------------------------------------------------------------------
Cell Name : rpolyhc layout PRIMLIB Bends=10 Dummy=TRUE ResShape="90_deg" doubleCont="Horizontal" gwell="N-Well" l="150u" r="100K" w="2u" in1=R26

                   Cell Errors    Real Errors   Cell Placements     Environments
                             1              1                12                1
--------------------------------------------------------------------------------
Env.  Env. Placements            X1           Y1          X2           Y2

  1       12               1280.250       54.200    1321.250       80.950

Shape               Environments Status & Error Marker 

          1           X1         Y1         X2         Y2

   1      X       -7.750     -5.750     19.000     35.250

--------------------------------------------------------------------------------
Cell Name : pmos4 layout PRIMLIB l="350n" in1=MP628129

                   Cell Errors    Real Errors   Cell Placements     Environments
                             1              1                 8                1
--------------------------------------------------------------------------------
Env.  Env. Placements            X1           Y1          X2           Y2

  1        8               1266.600      198.450    1271.050      210.850

Shape               Environments Status & Error Marker 

          1           X1         Y1         X2         Y2

   1      X       -1.200     -1.200     11.200      3.250

--------------------------------------------------------------------------------
Cell Name : pmos4 layout PRIMLIB l="2u" in1=MP1281029

                   Cell Errors    Real Errors   Cell Placements     Environments
                             1              1                44                1
--------------------------------------------------------------------------------
Env.  Env. Placements            X1           Y1          X2           Y2

  1       44               1165.150       71.275    1171.250       83.675

Shape               Environments Status & Error Marker 

          1           X1         Y1         X2         Y2

   1      X       -1.200     -1.200     11.200      4.900

--------------------------------------------------------------------------------
Cell Name : nmos4 layout PRIMLIB l="20u" in1=MN1128129

                   Cell Errors    Real Errors   Cell Placements     Environments
                             1              1                 4                1
--------------------------------------------------------------------------------
Env.  Env. Placements            X1           Y1          X2           Y2

  1        4               1106.275       53.000    1117.075       75.200

Shape               Environments Status & Error Marker 

          1           X1         Y1         X2         Y2

   1      X       -0.400     -0.250     10.400     21.950

--------------------------------------------------------------------------------
Cell Name : nmos4 layout PRIMLIB l="10u" in1=MN628129

                   Cell Errors    Real Errors   Cell Placements     Environments
                             1              1                 4                1
--------------------------------------------------------------------------------
Env.  Env. Placements            X1           Y1          X2           Y2

  1        4               1266.600      156.100    1278.800      166.900

Shape               Environments Status & Error Marker 

          1           X1         Y1         X2         Y2

   1      X       -0.400     -0.250     10.400     11.950

--------------------------------------------------------------------------------
Cell Name : nmos4 layout PRIMLIB l="10u" w="5u" wtot="5u" in1=MN928129

                   Cell Errors    Real Errors   Cell Placements     Environments
                             1              1                11                1
--------------------------------------------------------------------------------
Env.  Env. Placements            X1           Y1          X2           Y2

  1       11               1083.725       90.150    1089.525      102.350

Shape               Environments Status & Error Marker 

          1           X1         Y1         X2         Y2

   1      X       -0.400     -0.250      5.400     11.950

--------------------------------------------------------------------------------
Cell Name : cpolyc layout PRIMLIB area="1.73n" c="1.5p" gwell="N-Well" l="41.95u" perimeter="166.3u" rbottom="Cont" rleft="Cont" id_=d867af61708d568b in1=C428929

                   Cell Errors    Real Errors   Cell Placements     Environments
                             1              1                10                1
--------------------------------------------------------------------------------
Env.  Env. Placements            X1           Y1          X2           Y2

  1       10                796.425       50.600     843.875       96.500

Shape               Environments Status & Error Marker 

          1           X1         Y1         X2         Y2

   1      X       -1.350     -1.350     46.100     44.550

--------------------------------------------------------------------------------
Cell Name : 7_MUX21 layout Potentiostat_cpoly2

                   Cell Errors    Real Errors   Cell Placements     Environments
                             1              1                 2                1
--------------------------------------------------------------------------------
Env.  Env. Placements            X1           Y1          X2           Y2

  1        2                390.200      246.625     436.575      269.175

Shape               Environments Status & Error Marker 

          1           X1         Y1         X2         Y2

   1      X        0.425      0.750     46.800     23.300

--------------------------------------------------------------------------------
Cell Name : 7_Calibration_current layout Potentiostat_cpoly2

                   Cell Errors    Real Errors   Cell Placements     Environments
                             3              3                 1                1
--------------------------------------------------------------------------------
Env.  Env. Placements            X1           Y1          X2           Y2

  1        1                256.500       84.100     437.950      241.100

Shape               Environments Status & Error Marker 

          1           X1         Y1         X2         Y2

   1      X        3.650     34.900     77.425    191.900
   2      X       77.425     34.900    145.750    191.900
   3      X      145.750     34.900    185.100    191.900

--------------------------------------------------------------------------------
Cell Name : 6_TIA_Front_Layout layout Potentiostat_cpoly2

                   Cell Errors    Real Errors   Cell Placements     Environments
                             3              3                 1                1
--------------------------------------------------------------------------------
Env.  Env. Placements            X1           Y1          X2           Y2

  1        1                456.725       89.100     767.975      278.400

Shape               Environments Status & Error Marker 

          1           X1         Y1         X2         Y2

   1      X       -1.450      0.000    247.650    189.300
   2      X      190.550      0.000    309.800    189.300
   3      X      190.550     17.125    212.750     17.575

--------------------------------------------------------------------------------
Cell Name : 6_Resnet layout Potentiostat_cpoly2

                   Cell Errors    Real Errors   Cell Placements     Environments
                             2              2                 1                1
--------------------------------------------------------------------------------
Env.  Env. Placements            X1           Y1          X2           Y2

  1        1                796.625      164.700    1042.650      268.000

Shape               Environments Status & Error Marker 

          1           X1         Y1         X2         Y2

   1      X       49.875     73.500     74.825    176.800
   2      X       74.750     73.500    295.900    176.800

--------------------------------------------------------------------------------
Cell Name : 6_CA_Front_Layout layout Potentiostat_cpoly2

                   Cell Errors    Real Errors   Cell Placements     Environments
                             3              3                 2                1
--------------------------------------------------------------------------------
Env.  Env. Placements            X1           Y1          X2           Y2

  1        2               1568.975       50.500    1758.000      288.550

Shape               Environments Status & Error Marker 

          1           X1         Y1         X2         Y2

   1      X       -1.250     -2.150    187.775     93.950
   2      X       -1.250     67.625    187.775    235.900
   3      X       97.675     55.225    121.850     67.625

--------------------------------------------------------------------------------
Cell Name : V500_20 layout POWER_TRACKS

                   Cell Errors    Real Errors   Cell Placements     Environments
                             1              1                 5                1
--------------------------------------------------------------------------------
Env.  Env. Placements            X1           Y1          X2           Y2

  1        5                545.875        2.100    1046.125       26.250

Shape               Environments Status & Error Marker 

          1           X1         Y1         X2         Y2

   1      X       -0.200     -0.050    500.050     24.100

--------------------------------------------------------------------------------
Cell Name : V200_20 layout POWER_TRACKS

                   Cell Errors    Real Errors   Cell Placements     Environments
                             1              1                 9                1
--------------------------------------------------------------------------------
Env.  Env. Placements            X1           Y1          X2           Y2

  1        9                 45.700        2.100     245.700       26.200

Shape               Environments Status & Error Marker 

          1           X1         Y1         X2         Y2

   1      X        0.050     -0.050    200.050     24.050

--------------------------------------------------------------------------------
Cell Name : 8_CA_TIA_Front_calib layout Potentiostat_cpoly2

                   Cell Errors    Real Errors   Cell Placements     Environments
                             6              6                 1                1
--------------------------------------------------------------------------------
Env.  Env. Placements            X1           Y1          X2           Y2

  1        1                  4.700        5.350    1070.175      313.375

Shape               Environments Status & Error Marker 

          1           X1         Y1         X2         Y2

   1      X      -25.800    -19.850    813.375    288.175
   2      X      765.925     71.300    813.375     71.900
   3      X      766.125    242.800   1012.150    288.175
   4      X      813.375    -19.850   1012.150    139.500
   5      X      958.125     71.300   1005.575     71.900
   6      X     1012.150    -19.850   1039.675    288.175

--------------------------------------------------------------------------------
Cell Name : 7_PTAT_Layout2 layout Potentiostat_cpoly2

                   Cell Errors    Real Errors   Cell Placements     Environments
                             6              6                 1                1
--------------------------------------------------------------------------------
Env.  Env. Placements            X1           Y1          X2           Y2

  1        1               1072.950        6.200    2373.375      313.375

Shape               Environments Status & Error Marker 

          1           X1         Y1         X2         Y2

   1      X       -2.725    163.850    156.675    471.025
   2      X       38.850    163.850     63.900    288.650
   3      X       63.900    163.850    203.325    471.025
   4      X      190.925    163.850    315.575    471.025
   5      X      190.925    324.550    203.125    326.550
   6      X      315.575    163.850   1297.700    471.025

--------------------------------------------------------------------------------
Cell Name : 8_Poten_PTAT2 layout Potentiostat_cpoly2

                   Cell Errors    Real Errors   Cell Placements     Environments
                             6              6                 1                1
--------------------------------------------------------------------------------
Env.  Env. Placements            X1           Y1          X2           Y2

  1        1                  3.250        2.100    2376.975      317.375

Shape               Environments Status & Error Marker 

          1           X1         Y1         X2         Y2

   1      X        3.250      2.100     45.700     73.150
   2      X        3.250      2.100   2376.975    317.375
   3      X      245.700      2.100    297.400      5.350
   4      X      497.400      2.100    545.875      5.350
   5      X     1315.325    313.375   1362.025    317.375
   6      X     1562.025    310.850   2376.975    317.375

