================================================================================
Rule No. 44 : # INFO: Don't use -resimulate_extracted- Switch for standard LVS but only for QRC! #

Real Error Count : 76; Flat Error Count : 530
================================================================================

--------------------------------------------------------------------------------
Cell Name : pmos4

                   Cell Errors    Real Errors   Cell Placements     Environments
                             1              1                 1                1
--------------------------------------------------------------------------------
Env.  Env. Placements            X1           Y1          X2           Y2

  1        1                810.475      219.250     814.875      224.350

Shape               Environments Status & Error Marker 

          1           X1         Y1         X2         Y2

   1      X       -1.200     -1.200      3.200      3.900

--------------------------------------------------------------------------------
Cell Name : vert10_4 layout PRIMLIB

                   Cell Errors    Real Errors   Cell Placements     Environments
                             1              1                81                1
--------------------------------------------------------------------------------
Env.  Env. Placements            X1           Y1          X2           Y2

  1       81               1400.925      100.850    1417.725      117.650

Shape               Environments Status & Error Marker 

          1           X1         Y1         X2         Y2

   1      X        0.000      0.000     16.800     16.800

--------------------------------------------------------------------------------
Cell Name : pmos4 layout PRIMLIB l="10u" w="5u" wtot="5u" in1=MP928129

                   Cell Errors    Real Errors   Cell Placements     Environments
                             1              1               122                1
--------------------------------------------------------------------------------
Env.  Env. Placements            X1           Y1          X2           Y2

  1      122               1266.200      243.800    1280.300      251.200

Shape               Environments Status & Error Marker 

          1           X1         Y1         X2         Y2

   1      X       -1.200     -1.200      6.200     12.900

--------------------------------------------------------------------------------
Cell Name : cpolyc layout PRIMLIB area="2.31n" c="2p" gwell="N-Well" l="48.4u" perimeter="192.1u" rbottom="Cont" rleft="Cont" rright="Cont" id_=8d84e3685e3786f2 in1=C228229

                   Cell Errors    Real Errors   Cell Placements     Environments
                             1              1                20                1
--------------------------------------------------------------------------------
Env.  Env. Placements            X1           Y1          X2           Y2

  1       20               1762.975       51.400    1816.875      103.750

Shape               Environments Status & Error Marker 

          1           X1         Y1         X2         Y2

   1      X       -1.350     -1.350     52.550     51.000

--------------------------------------------------------------------------------
Cell Name : rpolyhc layout PRIMLIB Bends=10 Dummy=TRUE ResShape="90_deg" doubleCont="Horizontal" gwell="N-Well" l="500u" r="1M" w="800n" in1=R5

                   Cell Errors    Real Errors   Cell Placements     Environments
                             1              1                14                1
--------------------------------------------------------------------------------
Env.  Env. Placements            X1           Y1          X2           Y2

  1       14                883.100      180.500     939.250      206.100

Shape               Environments Status & Error Marker 

          1           X1         Y1         X2         Y2

   1      X       -6.000     -4.650     50.150     20.950

--------------------------------------------------------------------------------
Cell Name : pmos4 layout PRIMLIB l="4u" in1=MP2328329

                   Cell Errors    Real Errors   Cell Placements     Environments
                             1              1                72                1
--------------------------------------------------------------------------------
Env.  Env. Placements            X1           Y1          X2           Y2

  1       72               1588.500       99.175    1596.600      111.575

Shape               Environments Status & Error Marker 

          1           X1         Y1         X2         Y2

   1      X       -1.200     -1.200     11.200      6.900

--------------------------------------------------------------------------------
Cell Name : pmos4 layout PRIMLIB l="10u" ng="2" w="3u" wtot="6u" in1=MP21

                   Cell Errors    Real Errors   Cell Placements     Environments
                             1              1                 5                1
--------------------------------------------------------------------------------
Env.  Env. Placements            X1           Y1          X2           Y2

  1        5                304.025      100.550     309.425      125.650

Shape               Environments Status & Error Marker 

          1           X1         Y1         X2         Y2

   1      X       -1.200     -1.200      4.200     23.900

--------------------------------------------------------------------------------
Cell Name : pmos4 layout PRIMLIB l="1u" ng="4" wtot="40u" in1=MP2

                   Cell Errors    Real Errors   Cell Placements     Environments
                             1              1                 4                1
--------------------------------------------------------------------------------
Env.  Env. Placements            X1           Y1          X2           Y2

  1        4                412.725      251.625     423.825      264.025

Shape               Environments Status & Error Marker 

          1           X1         Y1         X2         Y2

   1      X       -1.200     -1.200     11.200      9.900

--------------------------------------------------------------------------------
Cell Name : nmos4 layout PRIMLIB l="20u" w="5u" wtot="5u" in1=MN2228129

                   Cell Errors    Real Errors   Cell Placements     Environments
                             1              1                12                1
--------------------------------------------------------------------------------
Env.  Env. Placements            X1           Y1          X2           Y2

  1       12               1629.175       62.725    1634.975       84.925

Shape               Environments Status & Error Marker 

          1           X1         Y1         X2         Y2

   1      X       -0.400     -0.250      5.400     21.950

--------------------------------------------------------------------------------
Cell Name : nmos4 layout PRIMLIB l="4u" ng="4" w="1u" wtot="4u" in1=MN1928129

                   Cell Errors    Real Errors   Cell Placements     Environments
                             1              1                10                1
--------------------------------------------------------------------------------
Env.  Env. Placements            X1           Y1          X2           Y2

  1       10               1572.150       75.600    1593.350       78.200

Shape               Environments Status & Error Marker 

          1           X1         Y1         X2         Y2

   1      X       -0.800     -0.250      1.800     20.950

--------------------------------------------------------------------------------
Cell Name : nmos4 layout PRIMLIB l="1u" ng="2" wtot="20u" in1=MN1

                   Cell Errors    Real Errors   Cell Placements     Environments
                             1              1                 4                1
--------------------------------------------------------------------------------
Env.  Env. Placements            X1           Y1          X2           Y2

  1        4                404.875      252.125     410.075      263.525

Shape               Environments Status & Error Marker 

          1           X1         Y1         X2         Y2

   1      X       -0.700     -0.250     10.700      4.950

--------------------------------------------------------------------------------
Cell Name : nmos4 layout PRIMLIB l="1u" w="5u" wtot="5u" in1=MN20

                   Cell Errors    Real Errors   Cell Placements     Environments
                             1              1                 6                1
--------------------------------------------------------------------------------
Env.  Env. Placements            X1           Y1          X2           Y2

  1        6                815.700      205.775     821.500      208.975

Shape               Environments Status & Error Marker 

          1           X1         Y1         X2         Y2

   1      X       -0.400     -0.250      5.400      2.950

--------------------------------------------------------------------------------
Cell Name : cvar layout PRIMLIB col=13 row=4 in1=C0

                   Cell Errors    Real Errors   Cell Placements     Environments
                             1              1                 4                1
--------------------------------------------------------------------------------
Env.  Env. Placements            X1           Y1          X2           Y2

  1        4               1072.800       43.075    1099.850       77.375

Shape               Environments Status & Error Marker 

          1           X1         Y1         X2         Y2

   1      X       -2.275     -1.550     24.775     32.750

--------------------------------------------------------------------------------
Cell Name : cpolyc layout PRIMLIB area="3.47n" c="3p" gwell="N-Well" l="59.25u" perimeter="235.5u" rbottom="Cont" rleft="Cont" id_=d867af616155d7ec in1=C0

                   Cell Errors    Real Errors   Cell Placements     Environments
                             1              1                 3                1
--------------------------------------------------------------------------------
Env.  Env. Placements            X1           Y1          X2           Y2

  1        3               1304.275      138.050    1369.025      201.250

Shape               Environments Status & Error Marker 

          1           X1         Y1         X2         Y2

   1      X       -1.350     -1.350     63.400     61.850

--------------------------------------------------------------------------------
Cell Name : cpolyc layout PRIMLIB area="2.89n" c="2.5p" gwell="N-Well" l="54.1u" perimeter="214.9u" rbottom="Cont" rleft="Cont" id_=d867af612fc4b764 in1=C528229

                   Cell Errors    Real Errors   Cell Placements     Environments
                             1              1                 4                1
--------------------------------------------------------------------------------
Env.  Env. Placements            X1           Y1          X2           Y2

  1        4                646.225      151.050     705.825      209.100

Shape               Environments Status & Error Marker 

          1           X1         Y1         X2         Y2

   1      X       -1.350     -1.350     58.250     56.700

--------------------------------------------------------------------------------
Cell Name : Inverter layout Potentiostat

                   Cell Errors    Real Errors   Cell Placements     Environments
                             1              1                10                1
--------------------------------------------------------------------------------
Env.  Env. Placements            X1           Y1          X2           Y2

  1       10                799.475      191.525     807.350      197.925

Shape               Environments Status & Error Marker 

          1           X1         Y1         X2         Y2

   1      X        0.550      0.025      6.950      7.900

--------------------------------------------------------------------------------
Cell Name : pmos4_A3 array 10 11 12.3 14.1 r270

                   Cell Errors    Real Errors   Cell Placements     Environments
                             9              9                 1                1
--------------------------------------------------------------------------------
Env.  Env. Placements            X1           Y1          X2           Y2

  1        1               1093.250      122.300    1230.350      256.600

Shape               Environments Status & Error Marker 

          1           X1         Y1         X2         Y2

   1      X       -1.200      1.200    135.900      7.900
   2      X       -1.200     15.300    135.900     22.000
   3      X       -1.200     29.400    135.900     36.100
   4      X       -1.200     43.500    135.900     50.200
   5      X       -1.200     57.600    135.900     64.300
   6      X       -1.200     71.700    135.900     78.400
   7      X       -1.200     85.800    135.900     92.500
   8      X       -1.200     99.900    135.900    106.600
   9      X       -1.200    114.000    135.900    120.700

--------------------------------------------------------------------------------
Cell Name : vert10_4_A2 array 9 9 16.9 18.7 r0

                   Cell Errors    Real Errors   Cell Placements     Environments
                            17             17                 1                1
--------------------------------------------------------------------------------
Env.  Env. Placements            X1           Y1          X2           Y2

  1        1               1400.925      100.850    1552.925      267.250

Shape               Environments Status & Error Marker 

          1           X1         Y1         X2         Y2

   1      X        0.000      0.000     33.700    166.400
   2      X       16.900      0.000     50.600    166.400
   3      X       16.900     35.500     33.700     37.400
   4      X       33.800      0.000     67.500    166.400
   5      X       33.800     35.500     50.600     37.400
   6      X       50.700      0.000     84.400    166.400
   7      X       50.700     35.500     67.500     37.400
   8      X       67.600     35.500     84.400     37.400
   9      X       84.400      0.000    101.400    166.400
  10      X      101.400      0.000    135.100    166.400
  11      X      118.300      0.000    152.000    166.400
  12      X      118.300     35.500    135.100     37.400
  13      X      135.200     35.500    152.000     37.400
  14      X      135.200     54.200    152.000     56.100
  15      X      135.200     72.900    152.000     74.800
  16      X      135.200     91.600    152.000     93.500
  17      X      135.200    110.300    152.000    112.200

--------------------------------------------------------------------------------
Cell Name : cpolyc_A1 array 4 5 54.9 53.35 mx

                   Cell Errors    Real Errors   Cell Placements     Environments
                             3              3                 1                1
--------------------------------------------------------------------------------
Env.  Env. Placements            X1           Y1          X2           Y2

  1        1               1762.975       51.400    2036.475      263.800

Shape               Environments Status & Error Marker 

          1           X1         Y1         X2         Y2

   1      X       -1.350    -51.000    162.350    161.400
   2      X      108.450     54.700    162.350     55.700
   3      X      162.350    -51.000    272.150    161.400

--------------------------------------------------------------------------------
Cell Name : rpolyhc layout PRIMLIB Bends=10 Dummy=TRUE ResShape="90_deg" doubleCont="Horizontal" gwell="N-Well" l="50u" r="100K" w="800n" in1=R9

                   Cell Errors    Real Errors   Cell Placements     Environments
                             1              1                 9                1
--------------------------------------------------------------------------------
Env.  Env. Placements            X1           Y1          X2           Y2

  1        9               1499.550       49.725    1525.150       64.975

Shape               Environments Status & Error Marker 

          1           X1         Y1         X2         Y2

   1      X       -6.000     -4.650      9.250     20.950

--------------------------------------------------------------------------------
Cell Name : rpolyhc layout PRIMLIB Bends=10 Dummy=TRUE ResShape="90_deg" doubleCont="Horizontal" gwell="N-Well" l="150u" r="100K" w="2u" in1=R26

                   Cell Errors    Real Errors   Cell Placements     Environments
                             1              1                12                1
--------------------------------------------------------------------------------
Env.  Env. Placements            X1           Y1          X2           Y2

  1       12               1278.250       45.500    1319.250       72.250

Shape               Environments Status & Error Marker 

          1           X1         Y1         X2         Y2

   1      X       -7.750     -5.750     19.000     35.250

--------------------------------------------------------------------------------
Cell Name : pmos4 layout PRIMLIB l="350n" in1=MP628129

                   Cell Errors    Real Errors   Cell Placements     Environments
                             1              1                 8                1
--------------------------------------------------------------------------------
Env.  Env. Placements            X1           Y1          X2           Y2

  1        8               1264.600      189.750    1269.050      202.150

Shape               Environments Status & Error Marker 

          1           X1         Y1         X2         Y2

   1      X       -1.200     -1.200     11.200      3.250

--------------------------------------------------------------------------------
Cell Name : pmos4 layout PRIMLIB l="2u" in1=MP1281029

                   Cell Errors    Real Errors   Cell Placements     Environments
                             1              1                44                1
--------------------------------------------------------------------------------
Env.  Env. Placements            X1           Y1          X2           Y2

  1       44               1163.150       62.575    1169.250       74.975

Shape               Environments Status & Error Marker 

          1           X1         Y1         X2         Y2

   1      X       -1.200     -1.200     11.200      4.900

--------------------------------------------------------------------------------
Cell Name : nmos4 layout PRIMLIB l="10u" w="5u" wtot="5u" in1=MN928129

                   Cell Errors    Real Errors   Cell Placements     Environments
                             1              1                11                1
--------------------------------------------------------------------------------
Env.  Env. Placements            X1           Y1          X2           Y2

  1       11               1081.725       81.450    1087.525       93.650

Shape               Environments Status & Error Marker 

          1           X1         Y1         X2         Y2

   1      X       -0.400     -0.250      5.400     11.950

--------------------------------------------------------------------------------
Cell Name : nmos4 layout PRIMLIB l="10u" in1=MN628129

                   Cell Errors    Real Errors   Cell Placements     Environments
                             1              1                 4                1
--------------------------------------------------------------------------------
Env.  Env. Placements            X1           Y1          X2           Y2

  1        4               1264.600      147.400    1276.800      158.200

Shape               Environments Status & Error Marker 

          1           X1         Y1         X2         Y2

   1      X       -0.400     -0.250     10.400     11.950

--------------------------------------------------------------------------------
Cell Name : nmos4 layout PRIMLIB l="20u" in1=MN1128129

                   Cell Errors    Real Errors   Cell Placements     Environments
                             1              1                 4                1
--------------------------------------------------------------------------------
Env.  Env. Placements            X1           Y1          X2           Y2

  1        4               1104.275       44.300    1115.075       66.500

Shape               Environments Status & Error Marker 

          1           X1         Y1         X2         Y2

   1      X       -0.400     -0.250     10.400     21.950

--------------------------------------------------------------------------------
Cell Name : cpolyc layout PRIMLIB area="1.73n" c="1.5p" gwell="N-Well" l="41.95u" perimeter="166.3u" rbottom="Cont" rleft="Cont" id_=d867af61708d568b in1=C428929

                   Cell Errors    Real Errors   Cell Placements     Environments
                             1              1                10                1
--------------------------------------------------------------------------------
Env.  Env. Placements            X1           Y1          X2           Y2

  1       10                796.425       50.600     843.875       96.500

Shape               Environments Status & Error Marker 

          1           X1         Y1         X2         Y2

   1      X       -1.350     -1.350     46.100     44.550

--------------------------------------------------------------------------------
Cell Name : 7_MUX21 layout Potentiostat

                   Cell Errors    Real Errors   Cell Placements     Environments
                             1              1                 2                1
--------------------------------------------------------------------------------
Env.  Env. Placements            X1           Y1          X2           Y2

  1        2                390.200      246.625     436.575      269.175

Shape               Environments Status & Error Marker 

          1           X1         Y1         X2         Y2

   1      X        0.425      0.750     46.800     23.300

--------------------------------------------------------------------------------
Cell Name : 7_Calibration_current layout Potentiostat

                   Cell Errors    Real Errors   Cell Placements     Environments
                             3              3                 1                1
--------------------------------------------------------------------------------
Env.  Env. Placements            X1           Y1          X2           Y2

  1        1                256.500       84.100     437.950      241.100

Shape               Environments Status & Error Marker 

          1           X1         Y1         X2         Y2

   1      X        3.650     34.900     77.425    191.900
   2      X       77.425     34.900    145.750    191.900
   3      X      145.750     34.900    185.100    191.900

--------------------------------------------------------------------------------
Cell Name : 6_TIA_Front_Layout layout Potentiostat

                   Cell Errors    Real Errors   Cell Placements     Environments
                             2              2                 1                1
--------------------------------------------------------------------------------
Env.  Env. Placements            X1           Y1          X2           Y2

  1        1                456.725       89.100     767.975      278.400

Shape               Environments Status & Error Marker 

          1           X1         Y1         X2         Y2

   1      X       -1.450      0.000    188.050    189.300
   2      X      188.050      0.000    309.800    189.300

--------------------------------------------------------------------------------
Cell Name : 6_Resnet layout Potentiostat

                   Cell Errors    Real Errors   Cell Placements     Environments
                             2              2                 1                1
--------------------------------------------------------------------------------
Env.  Env. Placements            X1           Y1          X2           Y2

  1        1                796.625      164.700    1042.650      268.000

Shape               Environments Status & Error Marker 

          1           X1         Y1         X2         Y2

   1      X       49.875     73.500     74.825    176.800
   2      X       74.750     73.500    295.900    176.800

--------------------------------------------------------------------------------
Cell Name : 6_CA_Front_Layout layout Potentiostat

                   Cell Errors    Real Errors   Cell Placements     Environments
                             3              3                 2                1
--------------------------------------------------------------------------------
Env.  Env. Placements            X1           Y1          X2           Y2

  1        2               1566.975       41.800    1756.000      279.850

Shape               Environments Status & Error Marker 

          1           X1         Y1         X2         Y2

   1      X       -1.250     -2.150    187.775     93.950
   2      X       -1.250     67.625    187.775    235.900
   3      X       97.675     55.225    121.850     67.625

--------------------------------------------------------------------------------
Cell Name : 8_CA_TIA_Front_calib layout Potentiostat

                   Cell Errors    Real Errors   Cell Placements     Environments
                             4              4                 1                1
--------------------------------------------------------------------------------
Env.  Env. Placements            X1           Y1          X2           Y2

  1        1                  4.700        5.350    1070.175      313.375

Shape               Environments Status & Error Marker 

          1           X1         Y1         X2         Y2

   1      X      -25.800    -19.850    765.925    288.175
   2      X      765.925    -19.850   1012.150    288.175
   3      X      910.075     71.300    957.525     71.900
   4      X      957.525    -19.850   1039.675    288.175

--------------------------------------------------------------------------------
Cell Name : 7_PTAT_Layout layout Potentiostat

                   Cell Errors    Real Errors   Cell Placements     Environments
                             7              7                 1                1
--------------------------------------------------------------------------------
Env.  Env. Placements            X1           Y1          X2           Y2

  1        1               1071.175       13.450    2067.725      304.675

Shape               Environments Status & Error Marker 

          1           X1         Y1         X2         Y2

   1      X       -2.500    179.800    156.675    471.025
   2      X       32.600    179.800     63.900    288.650
   3      X       58.050    232.850     63.900    288.650
   4      X       63.900    179.800    203.325    471.025
   5      X      190.925    179.800    315.575    471.025
   6      X      190.925    324.550    203.125    326.550
   7      X      315.575    179.800    994.050    471.025

--------------------------------------------------------------------------------
Cell Name : 8_Poten_PTAT layout Potentiostat

                   Cell Errors    Real Errors   Cell Placements     Environments
                             1              1                 1                1
--------------------------------------------------------------------------------
Env.  Env. Placements            X1           Y1          X2           Y2

  1        1                  4.700        5.350    2067.725      313.375

Shape               Environments Status & Error Marker 

          1           X1         Y1         X2         Y2

   1      X     1070.175      5.350   2067.725    313.375

================================================================================
Rule No. 45 : # C35B4 ENG - 183 Rev9 (Last updated 26-Apr-2017 12:48) #

Real Error Count : 76; Flat Error Count : 530
================================================================================

--------------------------------------------------------------------------------
Cell Name : pmos4

                   Cell Errors    Real Errors   Cell Placements     Environments
                             1              1                 1                1
--------------------------------------------------------------------------------
Env.  Env. Placements            X1           Y1          X2           Y2

  1        1                810.475      219.250     814.875      224.350

Shape               Environments Status & Error Marker 

          1           X1         Y1         X2         Y2

   1      X       -1.200     -1.200      3.200      3.900

--------------------------------------------------------------------------------
Cell Name : vert10_4 layout PRIMLIB

                   Cell Errors    Real Errors   Cell Placements     Environments
                             1              1                81                1
--------------------------------------------------------------------------------
Env.  Env. Placements            X1           Y1          X2           Y2

  1       81               1400.925      100.850    1417.725      117.650

Shape               Environments Status & Error Marker 

          1           X1         Y1         X2         Y2

   1      X        0.000      0.000     16.800     16.800

--------------------------------------------------------------------------------
Cell Name : pmos4 layout PRIMLIB l="10u" w="5u" wtot="5u" in1=MP928129

                   Cell Errors    Real Errors   Cell Placements     Environments
                             1              1               122                1
--------------------------------------------------------------------------------
Env.  Env. Placements            X1           Y1          X2           Y2

  1      122               1266.200      243.800    1280.300      251.200

Shape               Environments Status & Error Marker 

          1           X1         Y1         X2         Y2

   1      X       -1.200     -1.200      6.200     12.900

--------------------------------------------------------------------------------
Cell Name : cpolyc layout PRIMLIB area="2.31n" c="2p" gwell="N-Well" l="48.4u" perimeter="192.1u" rbottom="Cont" rleft="Cont" rright="Cont" id_=8d84e3685e3786f2 in1=C228229

                   Cell Errors    Real Errors   Cell Placements     Environments
                             1              1                20                1
--------------------------------------------------------------------------------
Env.  Env. Placements            X1           Y1          X2           Y2

  1       20               1762.975       51.400    1816.875      103.750

Shape               Environments Status & Error Marker 

          1           X1         Y1         X2         Y2

   1      X       -1.350     -1.350     52.550     51.000

--------------------------------------------------------------------------------
Cell Name : rpolyhc layout PRIMLIB Bends=10 Dummy=TRUE ResShape="90_deg" doubleCont="Horizontal" gwell="N-Well" l="500u" r="1M" w="800n" in1=R5

                   Cell Errors    Real Errors   Cell Placements     Environments
                             1              1                14                1
--------------------------------------------------------------------------------
Env.  Env. Placements            X1           Y1          X2           Y2

  1       14                883.100      180.500     939.250      206.100

Shape               Environments Status & Error Marker 

          1           X1         Y1         X2         Y2

   1      X       -6.000     -4.650     50.150     20.950

--------------------------------------------------------------------------------
Cell Name : pmos4 layout PRIMLIB l="4u" in1=MP2328329

                   Cell Errors    Real Errors   Cell Placements     Environments
                             1              1                72                1
--------------------------------------------------------------------------------
Env.  Env. Placements            X1           Y1          X2           Y2

  1       72               1588.500       99.175    1596.600      111.575

Shape               Environments Status & Error Marker 

          1           X1         Y1         X2         Y2

   1      X       -1.200     -1.200     11.200      6.900

--------------------------------------------------------------------------------
Cell Name : pmos4 layout PRIMLIB l="10u" ng="2" w="3u" wtot="6u" in1=MP21

                   Cell Errors    Real Errors   Cell Placements     Environments
                             1              1                 5                1
--------------------------------------------------------------------------------
Env.  Env. Placements            X1           Y1          X2           Y2

  1        5                304.025      100.550     309.425      125.650

Shape               Environments Status & Error Marker 

          1           X1         Y1         X2         Y2

   1      X       -1.200     -1.200      4.200     23.900

--------------------------------------------------------------------------------
Cell Name : pmos4 layout PRIMLIB l="1u" ng="4" wtot="40u" in1=MP2

                   Cell Errors    Real Errors   Cell Placements     Environments
                             1              1                 4                1
--------------------------------------------------------------------------------
Env.  Env. Placements            X1           Y1          X2           Y2

  1        4                412.725      251.625     423.825      264.025

Shape               Environments Status & Error Marker 

          1           X1         Y1         X2         Y2

   1      X       -1.200     -1.200     11.200      9.900

--------------------------------------------------------------------------------
Cell Name : nmos4 layout PRIMLIB l="20u" w="5u" wtot="5u" in1=MN2228129

                   Cell Errors    Real Errors   Cell Placements     Environments
                             1              1                12                1
--------------------------------------------------------------------------------
Env.  Env. Placements            X1           Y1          X2           Y2

  1       12               1629.175       62.725    1634.975       84.925

Shape               Environments Status & Error Marker 

          1           X1         Y1         X2         Y2

   1      X       -0.400     -0.250      5.400     21.950

--------------------------------------------------------------------------------
Cell Name : nmos4 layout PRIMLIB l="4u" ng="4" w="1u" wtot="4u" in1=MN1928129

                   Cell Errors    Real Errors   Cell Placements     Environments
                             1              1                10                1
--------------------------------------------------------------------------------
Env.  Env. Placements            X1           Y1          X2           Y2

  1       10               1572.150       75.600    1593.350       78.200

Shape               Environments Status & Error Marker 

          1           X1         Y1         X2         Y2

   1      X       -0.800     -0.250      1.800     20.950

--------------------------------------------------------------------------------
Cell Name : nmos4 layout PRIMLIB l="1u" ng="2" wtot="20u" in1=MN1

                   Cell Errors    Real Errors   Cell Placements     Environments
                             1              1                 4                1
--------------------------------------------------------------------------------
Env.  Env. Placements            X1           Y1          X2           Y2

  1        4                404.875      252.125     410.075      263.525

Shape               Environments Status & Error Marker 

          1           X1         Y1         X2         Y2

   1      X       -0.700     -0.250     10.700      4.950

--------------------------------------------------------------------------------
Cell Name : nmos4 layout PRIMLIB l="1u" w="5u" wtot="5u" in1=MN20

                   Cell Errors    Real Errors   Cell Placements     Environments
                             1              1                 6                1
--------------------------------------------------------------------------------
Env.  Env. Placements            X1           Y1          X2           Y2

  1        6                815.700      205.775     821.500      208.975

Shape               Environments Status & Error Marker 

          1           X1         Y1         X2         Y2

   1      X       -0.400     -0.250      5.400      2.950

--------------------------------------------------------------------------------
Cell Name : cvar layout PRIMLIB col=13 row=4 in1=C0

                   Cell Errors    Real Errors   Cell Placements     Environments
                             1              1                 4                1
--------------------------------------------------------------------------------
Env.  Env. Placements            X1           Y1          X2           Y2

  1        4               1072.800       43.075    1099.850       77.375

Shape               Environments Status & Error Marker 

          1           X1         Y1         X2         Y2

   1      X       -2.275     -1.550     24.775     32.750

--------------------------------------------------------------------------------
Cell Name : cpolyc layout PRIMLIB area="3.47n" c="3p" gwell="N-Well" l="59.25u" perimeter="235.5u" rbottom="Cont" rleft="Cont" id_=d867af616155d7ec in1=C0

                   Cell Errors    Real Errors   Cell Placements     Environments
                             1              1                 3                1
--------------------------------------------------------------------------------
Env.  Env. Placements            X1           Y1          X2           Y2

  1        3               1304.275      138.050    1369.025      201.250

Shape               Environments Status & Error Marker 

          1           X1         Y1         X2         Y2

   1      X       -1.350     -1.350     63.400     61.850

--------------------------------------------------------------------------------
Cell Name : cpolyc layout PRIMLIB area="2.89n" c="2.5p" gwell="N-Well" l="54.1u" perimeter="214.9u" rbottom="Cont" rleft="Cont" id_=d867af612fc4b764 in1=C528229

                   Cell Errors    Real Errors   Cell Placements     Environments
                             1              1                 4                1
--------------------------------------------------------------------------------
Env.  Env. Placements            X1           Y1          X2           Y2

  1        4                646.225      151.050     705.825      209.100

Shape               Environments Status & Error Marker 

          1           X1         Y1         X2         Y2

   1      X       -1.350     -1.350     58.250     56.700

--------------------------------------------------------------------------------
Cell Name : Inverter layout Potentiostat

                   Cell Errors    Real Errors   Cell Placements     Environments
                             1              1                10                1
--------------------------------------------------------------------------------
Env.  Env. Placements            X1           Y1          X2           Y2

  1       10                799.475      191.525     807.350      197.925

Shape               Environments Status & Error Marker 

          1           X1         Y1         X2         Y2

   1      X        0.550      0.025      6.950      7.900

--------------------------------------------------------------------------------
Cell Name : pmos4_A3 array 10 11 12.3 14.1 r270

                   Cell Errors    Real Errors   Cell Placements     Environments
                             9              9                 1                1
--------------------------------------------------------------------------------
Env.  Env. Placements            X1           Y1          X2           Y2

  1        1               1093.250      122.300    1230.350      256.600

Shape               Environments Status & Error Marker 

          1           X1         Y1         X2         Y2

   1      X       -1.200      1.200    135.900      7.900
   2      X       -1.200     15.300    135.900     22.000
   3      X       -1.200     29.400    135.900     36.100
   4      X       -1.200     43.500    135.900     50.200
   5      X       -1.200     57.600    135.900     64.300
   6      X       -1.200     71.700    135.900     78.400
   7      X       -1.200     85.800    135.900     92.500
   8      X       -1.200     99.900    135.900    106.600
   9      X       -1.200    114.000    135.900    120.700

--------------------------------------------------------------------------------
Cell Name : vert10_4_A2 array 9 9 16.9 18.7 r0

                   Cell Errors    Real Errors   Cell Placements     Environments
                            17             17                 1                1
--------------------------------------------------------------------------------
Env.  Env. Placements            X1           Y1          X2           Y2

  1        1               1400.925      100.850    1552.925      267.250

Shape               Environments Status & Error Marker 

          1           X1         Y1         X2         Y2

   1      X        0.000      0.000     33.700    166.400
   2      X       16.900      0.000     50.600    166.400
   3      X       16.900     35.500     33.700     37.400
   4      X       33.800      0.000     67.500    166.400
   5      X       33.800     35.500     50.600     37.400
   6      X       50.700      0.000     84.400    166.400
   7      X       50.700     35.500     67.500     37.400
   8      X       67.600     35.500     84.400     37.400
   9      X       84.400      0.000    101.400    166.400
  10      X      101.400      0.000    135.100    166.400
  11      X      118.300      0.000    152.000    166.400
  12      X      118.300     35.500    135.100     37.400
  13      X      135.200     35.500    152.000     37.400
  14      X      135.200     54.200    152.000     56.100
  15      X      135.200     72.900    152.000     74.800
  16      X      135.200     91.600    152.000     93.500
  17      X      135.200    110.300    152.000    112.200

--------------------------------------------------------------------------------
Cell Name : cpolyc_A1 array 4 5 54.9 53.35 mx

                   Cell Errors    Real Errors   Cell Placements     Environments
                             3              3                 1                1
--------------------------------------------------------------------------------
Env.  Env. Placements            X1           Y1          X2           Y2

  1        1               1762.975       51.400    2036.475      263.800

Shape               Environments Status & Error Marker 

          1           X1         Y1         X2         Y2

   1      X       -1.350    -51.000    162.350    161.400
   2      X      108.450     54.700    162.350     55.700
   3      X      162.350    -51.000    272.150    161.400

--------------------------------------------------------------------------------
Cell Name : rpolyhc layout PRIMLIB Bends=10 Dummy=TRUE ResShape="90_deg" doubleCont="Horizontal" gwell="N-Well" l="50u" r="100K" w="800n" in1=R9

                   Cell Errors    Real Errors   Cell Placements     Environments
                             1              1                 9                1
--------------------------------------------------------------------------------
Env.  Env. Placements            X1           Y1          X2           Y2

  1        9               1499.550       49.725    1525.150       64.975

Shape               Environments Status & Error Marker 

          1           X1         Y1         X2         Y2

   1      X       -6.000     -4.650      9.250     20.950

--------------------------------------------------------------------------------
Cell Name : rpolyhc layout PRIMLIB Bends=10 Dummy=TRUE ResShape="90_deg" doubleCont="Horizontal" gwell="N-Well" l="150u" r="100K" w="2u" in1=R26

                   Cell Errors    Real Errors   Cell Placements     Environments
                             1              1                12                1
--------------------------------------------------------------------------------
Env.  Env. Placements            X1           Y1          X2           Y2

  1       12               1278.250       45.500    1319.250       72.250

Shape               Environments Status & Error Marker 

          1           X1         Y1         X2         Y2

   1      X       -7.750     -5.750     19.000     35.250

--------------------------------------------------------------------------------
Cell Name : pmos4 layout PRIMLIB l="350n" in1=MP628129

                   Cell Errors    Real Errors   Cell Placements     Environments
                             1              1                 8                1
--------------------------------------------------------------------------------
Env.  Env. Placements            X1           Y1          X2           Y2

  1        8               1264.600      189.750    1269.050      202.150

Shape               Environments Status & Error Marker 

          1           X1         Y1         X2         Y2

   1      X       -1.200     -1.200     11.200      3.250

--------------------------------------------------------------------------------
Cell Name : pmos4 layout PRIMLIB l="2u" in1=MP1281029

                   Cell Errors    Real Errors   Cell Placements     Environments
                             1              1                44                1
--------------------------------------------------------------------------------
Env.  Env. Placements            X1           Y1          X2           Y2

  1       44               1163.150       62.575    1169.250       74.975

Shape               Environments Status & Error Marker 

          1           X1         Y1         X2         Y2

   1      X       -1.200     -1.200     11.200      4.900

--------------------------------------------------------------------------------
Cell Name : nmos4 layout PRIMLIB l="10u" w="5u" wtot="5u" in1=MN928129

                   Cell Errors    Real Errors   Cell Placements     Environments
                             1              1                11                1
--------------------------------------------------------------------------------
Env.  Env. Placements            X1           Y1          X2           Y2

  1       11               1081.725       81.450    1087.525       93.650

Shape               Environments Status & Error Marker 

          1           X1         Y1         X2         Y2

   1      X       -0.400     -0.250      5.400     11.950

--------------------------------------------------------------------------------
Cell Name : nmos4 layout PRIMLIB l="10u" in1=MN628129

                   Cell Errors    Real Errors   Cell Placements     Environments
                             1              1                 4                1
--------------------------------------------------------------------------------
Env.  Env. Placements            X1           Y1          X2           Y2

  1        4               1264.600      147.400    1276.800      158.200

Shape               Environments Status & Error Marker 

          1           X1         Y1         X2         Y2

   1      X       -0.400     -0.250     10.400     11.950

--------------------------------------------------------------------------------
Cell Name : nmos4 layout PRIMLIB l="20u" in1=MN1128129

                   Cell Errors    Real Errors   Cell Placements     Environments
                             1              1                 4                1
--------------------------------------------------------------------------------
Env.  Env. Placements            X1           Y1          X2           Y2

  1        4               1104.275       44.300    1115.075       66.500

Shape               Environments Status & Error Marker 

          1           X1         Y1         X2         Y2

   1      X       -0.400     -0.250     10.400     21.950

--------------------------------------------------------------------------------
Cell Name : cpolyc layout PRIMLIB area="1.73n" c="1.5p" gwell="N-Well" l="41.95u" perimeter="166.3u" rbottom="Cont" rleft="Cont" id_=d867af61708d568b in1=C428929

                   Cell Errors    Real Errors   Cell Placements     Environments
                             1              1                10                1
--------------------------------------------------------------------------------
Env.  Env. Placements            X1           Y1          X2           Y2

  1       10                796.425       50.600     843.875       96.500

Shape               Environments Status & Error Marker 

          1           X1         Y1         X2         Y2

   1      X       -1.350     -1.350     46.100     44.550

--------------------------------------------------------------------------------
Cell Name : 7_MUX21 layout Potentiostat

                   Cell Errors    Real Errors   Cell Placements     Environments
                             1              1                 2                1
--------------------------------------------------------------------------------
Env.  Env. Placements            X1           Y1          X2           Y2

  1        2                390.200      246.625     436.575      269.175

Shape               Environments Status & Error Marker 

          1           X1         Y1         X2         Y2

   1      X        0.425      0.750     46.800     23.300

--------------------------------------------------------------------------------
Cell Name : 7_Calibration_current layout Potentiostat

                   Cell Errors    Real Errors   Cell Placements     Environments
                             3              3                 1                1
--------------------------------------------------------------------------------
Env.  Env. Placements            X1           Y1          X2           Y2

  1        1                256.500       84.100     437.950      241.100

Shape               Environments Status & Error Marker 

          1           X1         Y1         X2         Y2

   1      X        3.650     34.900     77.425    191.900
   2      X       77.425     34.900    145.750    191.900
   3      X      145.750     34.900    185.100    191.900

--------------------------------------------------------------------------------
Cell Name : 6_TIA_Front_Layout layout Potentiostat

                   Cell Errors    Real Errors   Cell Placements     Environments
                             2              2                 1                1
--------------------------------------------------------------------------------
Env.  Env. Placements            X1           Y1          X2           Y2

  1        1                456.725       89.100     767.975      278.400

Shape               Environments Status & Error Marker 

          1           X1         Y1         X2         Y2

   1      X       -1.450      0.000    188.050    189.300
   2      X      188.050      0.000    309.800    189.300

--------------------------------------------------------------------------------
Cell Name : 6_Resnet layout Potentiostat

                   Cell Errors    Real Errors   Cell Placements     Environments
                             2              2                 1                1
--------------------------------------------------------------------------------
Env.  Env. Placements            X1           Y1          X2           Y2

  1        1                796.625      164.700    1042.650      268.000

Shape               Environments Status & Error Marker 

          1           X1         Y1         X2         Y2

   1      X       49.875     73.500     74.825    176.800
   2      X       74.750     73.500    295.900    176.800

--------------------------------------------------------------------------------
Cell Name : 6_CA_Front_Layout layout Potentiostat

                   Cell Errors    Real Errors   Cell Placements     Environments
                             3              3                 2                1
--------------------------------------------------------------------------------
Env.  Env. Placements            X1           Y1          X2           Y2

  1        2               1566.975       41.800    1756.000      279.850

Shape               Environments Status & Error Marker 

          1           X1         Y1         X2         Y2

   1      X       -1.250     -2.150    187.775     93.950
   2      X       -1.250     67.625    187.775    235.900
   3      X       97.675     55.225    121.850     67.625

--------------------------------------------------------------------------------
Cell Name : 8_CA_TIA_Front_calib layout Potentiostat

                   Cell Errors    Real Errors   Cell Placements     Environments
                             4              4                 1                1
--------------------------------------------------------------------------------
Env.  Env. Placements            X1           Y1          X2           Y2

  1        1                  4.700        5.350    1070.175      313.375

Shape               Environments Status & Error Marker 

          1           X1         Y1         X2         Y2

   1      X      -25.800    -19.850    765.925    288.175
   2      X      765.925    -19.850   1012.150    288.175
   3      X      910.075     71.300    957.525     71.900
   4      X      957.525    -19.850   1039.675    288.175

--------------------------------------------------------------------------------
Cell Name : 7_PTAT_Layout layout Potentiostat

                   Cell Errors    Real Errors   Cell Placements     Environments
                             7              7                 1                1
--------------------------------------------------------------------------------
Env.  Env. Placements            X1           Y1          X2           Y2

  1        1               1071.175       13.450    2067.725      304.675

Shape               Environments Status & Error Marker 

          1           X1         Y1         X2         Y2

   1      X       -2.500    179.800    156.675    471.025
   2      X       32.600    179.800     63.900    288.650
   3      X       58.050    232.850     63.900    288.650
   4      X       63.900    179.800    203.325    471.025
   5      X      190.925    179.800    315.575    471.025
   6      X      190.925    324.550    203.125    326.550
   7      X      315.575    179.800    994.050    471.025

--------------------------------------------------------------------------------
Cell Name : 8_Poten_PTAT layout Potentiostat

                   Cell Errors    Real Errors   Cell Placements     Environments
                             1              1                 1                1
--------------------------------------------------------------------------------
Env.  Env. Placements            X1           Y1          X2           Y2

  1        1                  4.700        5.350    2067.725      313.375

Shape               Environments Status & Error Marker 

          1           X1         Y1         X2         Y2

   1      X     1070.175      5.350   2067.725    313.375

