

  Cadence Quantus Extraction - 64-bit Parasitic Extractor - Version
24.1.0-p089 Wed Dec 18 09:25:34 PST 2024
---------------------------------------------------------------------------------------------------------------
                                  Copyright 2024 Cadence Design Systems,
Inc.



INFO (EXTQRCXOPT-243) : For Assura inputs, if the "output_setup -directory_name" option was not
specified, it is automatically set to the input directory.
WARNING (LBRCXU-241): No technology dir found at /opt/pdk/ams/410/assura/c35b4/c35b4o7
	  Defined in assura_tech map file /opt/pdk/ams/410/assura/c35b4/assura_tech.lib at line 20

WARNING (LBRCXU-241): No technology dir found at /opt/pdk/ams/410/assura/c35b4/c35b4l7
	  Defined in assura_tech map file /opt/pdk/ams/410/assura/c35b4/assura_tech.lib at line 21

WARNING (LBRCXU-241): No technology dir found at /opt/pdk/ams/410/assura/c35b4/c35b4o7
	  Defined in assura_tech map file /opt/pdk/ams/410/assura/c35b4/assura_tech.lib at line 20

WARNING (LBRCXU-241): No technology dir found at /opt/pdk/ams/410/assura/c35b4/c35b4l7
	  Defined in assura_tech map file /opt/pdk/ams/410/assura/c35b4/assura_tech.lib at line 21

WARNING (LBRCXU-241): No technology dir found at /opt/pdk/ams/410/assura/c35b4/c35b4o7
	  Defined in assura_tech map file /opt/pdk/ams/410/assura/c35b4/assura_tech.lib at line 20

WARNING (LBRCXU-241): No technology dir found at /opt/pdk/ams/410/assura/c35b4/c35b4l7
	  Defined in assura_tech map file /opt/pdk/ams/410/assura/c35b4/assura_tech.lib at line 21

WARNING (LBRCXU-241): No technology dir found at /opt/pdk/ams/410/assura/c35b4/c35b4o7
	  Defined in assura_tech map file /opt/pdk/ams/410/assura/c35b4/assura_tech.lib at line 20

WARNING (LBRCXU-241): No technology dir found at /opt/pdk/ams/410/assura/c35b4/c35b4l7
	  Defined in assura_tech map file /opt/pdk/ams/410/assura/c35b4/assura_tech.lib at line 21

WARNING (LBRCXU-241): No technology dir found at /opt/pdk/ams/410/assura/c35b4/c35b4o7
	  Defined in assura_tech map file /opt/pdk/ams/410/assura/c35b4/assura_tech.lib at line 20

WARNING (LBRCXU-241): No technology dir found at /opt/pdk/ams/410/assura/c35b4/c35b4l7
	  Defined in assura_tech map file /opt/pdk/ams/410/assura/c35b4/assura_tech.lib at line 21

INFO (LBRCXU-108): Starting

 runUserCmd /opt/tools/cadence/installs/ASSURA41_618/tools.lnx86/assura/bin/rcxToDfII /home/hrahimi/projects/POTENTIOSTAT_26/ASSURA_LVS/7_Calibration_current/7_Calibration_current/__qrc.rcx_cmd -t -f /home/hrahimi/projects/POTENTIOSTAT_26/ASSURA_LVS/7_Calibration_current/7_Calibration_current/extview.tmp -w /home/hrahimi/projects/POTENTIOSTAT_26/ASSURA_LVS/7_Calibration_current/7_Calibration_current -cdslib /home/hrahimi/projects/POTENTIOSTAT_26/cds.lib
2026/05/30 13:08:36 WARNING This OS does not appear to be a Cadence supported Linux configuration.
2026/05/30 13:08:36 For more info, please run CheckSysConf in <cdsRoot/tools.lnx86/bin/checkSysConf <productId>
Virtuoso Framework License (111) was checked out successfully. Total checkout time was 0.02s.
@(#)$CDS: rcxToDfII_64 version av4.1:Production:dfII6.1.8-64b:IC6.1.8-64b.500.25 09/19/2022 00:42 (sjfhw885) $
sub-version 4.1_USR6_EHF13, integ signature 2022-09-19-0008

run on il2244vt26_hrahimi from /opt/tools/cadence/installs/ASSURA41_618/tools.lnx86/assura/bin/64bit/rcxToDfII on Sat May 30 13:08:36 2026

*WARNING* No technology dir found at /opt/pdk/ams/410/assura/c35b4/c35b4o7
	  Defined in assura_tech map file /opt/pdk/ams/410/assura/c35b4/assura_tech.lib at line 20
*WARNING* No technology dir found at /opt/pdk/ams/410/assura/c35b4/c35b4l7
	  Defined in assura_tech map file /opt/pdk/ams/410/assura/c35b4/assura_tech.lib at line 21
*WARNING* No technology dir found at /opt/pdk/ams/410/assura/c35b4/c35b4o7
	  Defined in assura_tech map file /opt/pdk/ams/410/assura/c35b4/assura_tech.lib at line 20
*WARNING* No technology dir found at /opt/pdk/ams/410/assura/c35b4/c35b4l7
	  Defined in assura_tech map file /opt/pdk/ams/410/assura/c35b4/assura_tech.lib at line 21

Loading tech rule set file : /opt/pdk/ams/410/assura/c35b4/c35b4c3/techRuleSets
*WARNING* No technology dir found at /opt/pdk/ams/410/assura/c35b4/c35b4o7
	  Defined in assura_tech map file /opt/pdk/ams/410/assura/c35b4/assura_tech.lib at line 20
*WARNING* No technology dir found at /opt/pdk/ams/410/assura/c35b4/c35b4l7
	  Defined in assura_tech map file /opt/pdk/ams/410/assura/c35b4/assura_tech.lib at line 21
Loading all available p-cell functions
AMS_DB set to cds
*WARNING* ddGetObj: *.oa matches multiple files in '/opt/pdk/ams/410/cds/HK_C35/PRIMLIB/nmos18t/auLvs'.
*WARNING* ddGetObj: *.oa matches multiple files in '/opt/pdk/ams/410/cds/HK_C35/PRIMLIB/pfuse/auLvs'.
*WARNING* ddGetObj: *.oa matches multiple files in '/opt/pdk/ams/410/cds/HK_C35/PRIMLIB/short/auLvs'.
*WARNING* ddGetObj: *.oa matches multiple files in '/opt/pdk/ams/410/cds/HK_C35/PRIMLIB/short/auLvs'.
*WARNING* ddGetObj: *.oa matches multiple files in '/opt/pdk/ams/410/cds/HK_C35/PRIMLIB/short/auLvs'.
*WARNING* ddGetObj: *.oa matches multiple files in '/opt/pdk/ams/410/cds/HK_C35/PRIMLIB/short/auLvs'.
*WARNING* ddGetObj: *.oa matches multiple files in '/opt/pdk/ams/410/cds/HK_C35/PRIMLIB/short/auLvs'.
*WARNING* ddGetObj: *.oa matches multiple files in '/opt/pdk/ams/410/cds/HK_C35/PRIMLIB/short/auLvs'.
*WARNING* ddGetObj: *.oa matches multiple files in '/opt/pdk/ams/410/cds/HK_C35/PRIMLIB/short/auLvs'.
*WARNING* (DB-270210): dbOpenCellViewByType: library 'PRIMLIB_WIP' does not exist
*WARNING* No library model for device "tsv80 auLvs PRIMLIB_WIP".
*WARNING* (DB-270210): dbOpenCellViewByType: library 'PRIMLIBRF' does not exist
*WARNING* No library model for device "nmosrf auLvs PRIMLIBRF".
*WARNING* (DB-270210): dbOpenCellViewByType: library 'PRIMLIBRF' does not exist
*WARNING* No library model for device "pmosrf auLvs PRIMLIBRF".
*WARNING* (DB-270210): dbOpenCellViewByType: library 'PRIMLIBRF' does not exist
*WARNING* No library model for device "cpolyrf auLvs PRIMLIBRF".
*WARNING* (DB-270210): dbOpenCellViewByType: library 'PRIMLIBRF' does not exist
*WARNING* No library model for device "rpoly2rf auLvs PRIMLIBRF".
*WARNING* (DB-270210): dbOpenCellViewByType: library 'PRIMLIBRF' does not exist
*WARNING* No library model for device "rpolyhrf auLvs PRIMLIBRF".
*WARNING* (DB-270210): dbOpenCellViewByType: library 'SPIRALS_4M' does not exist
*WARNING* No library model for device "SP014S300D auLvs SPIRALS_4M".
*WARNING* (DB-270210): dbOpenCellViewByType: library 'SPIRALS_4M' does not exist
*WARNING* No library model for device "SP020S180D auLvs SPIRALS_4M".
*WARNING* (DB-270210): dbOpenCellViewByType: library 'SPIRALS_4M' does not exist
*WARNING* No library model for device "SP026S200D auLvs SPIRALS_4M".
*WARNING* (DB-270210): dbOpenCellViewByType: library 'SPIRALS_4M' does not exist
*WARNING* No library model for device "SP037S180D auLvs SPIRALS_4M".
*WARNING* (DB-270210): dbOpenCellViewByType: library 'SPIRALS_4M' does not exist
*WARNING* No library model for device "SP047S180D auLvs SPIRALS_4M".
*WARNING* (DB-270210): dbOpenCellViewByType: library 'SPIRALS_4M' does not exist
*WARNING* No library model for device "SP050S155D auLvs SPIRALS_4M".
*WARNING* (DB-270210): dbOpenCellViewByType: library 'SPIRALS_4M' does not exist
*WARNING* No library model for device "SP090S155D auLvs SPIRALS_4M".
INFO (LBRCXM-612): Done Executing :runUserCmd

2026/05/30 13:08:36 WARNING This OS does not appear to be a Cadence supported Linux configuration.
2026/05/30 13:08:36 For more info, please run CheckSysConf in <cdsRoot/tools.lnx86/bin/checkSysConf <productId>
INFO (LBRCXU-108): Starting

 /opt/tools/cadence/installs/ASSURA41_618/tools.lnx86/assura/bin/avRCXxref /home/hrahimi/projects/POTENTIOSTAT_26/ASSURA_LVS/7_Calibration_current/7_Calibration_current/__qrc.rcx_cmd -useRunName
2026/05/30 13:08:37 WARNING This OS does not appear to be a Cadence supported Linux configuration.
2026/05/30 13:08:37 For more info, please run CheckSysConf in <cdsRoot/tools.lnx86/bin/checkSysConf <productId>
@(#)$CDS: avRCXxref_64 version av4.1:Production:dfII6.1.8-64b:IC6.1.8-64b.500.25 09/19/2022 00:35 (sjfhw885) $
sub-version 4.1_USR6_EHF13, integ signature 2022-09-19-0008
run on il2244vt26_hrahimi at Sat May 30 13:08:38 2026
Reading rsf
INFO (LBRCXU-114): Finished /opt/tools/cadence/installs/ASSURA41_618/tools.lnx86/assura/bin/avRCXxref

INFO (LBRCXM-642): Constructing the RCX run script

Forking:  capgen -techdir /opt/pdk/ams/410/assura/c35b4/c35b4c3/RCX-typical -inc /home/hrahimi/projects/POTENTIOSTAT_26/ASSURA_LVS/7_Calibration_current/7_Calibration_current.elf -lvs /home/hrahimi/projects/POTENTIOSTAT_26/ASSURA_LVS/7_Calibration_current/7_Calibration_current.xcn -lvsvia -p2lvs /opt/pdk/ams/410/assura/c35b4/c35b4c3/RCX-typical/qrcTechFile -reseqn -sw3d -auto_reorder_off -canonical_res_caps -cap_ground_layer net_psub -cap_unit 1.0 -dsub net_nwell,net_psub -length_units meters -lexclude poly2,poly1 -no_cap_correction -p poly1,capgen_gate,pdiff -prefixDevice CC,CPOLY_PSUB_device,CPOLY_NTUB_device,CMIM_device_no_cpmim,CPMIM_device,CPOLYRF_device -selected_paths_proper -genericMos NMOSRF_device,D,G,S -genericMos PMOSRF_device,D,G,S -blocking cblock_met1_fox:+0.001,met1,poly2,poly1,pdiff,fox -blocking cblock_met2cap_met2:+0.001,met2cap,met2 -blocking cblock_poly2_poly1:+0.001,poly2,poly1 -blocking cblock_poly2_psub:+0.001,poly2,poly1,pdiff,fox -blocking cblock_poly1_psub:+0.001,poly1,pdiff,fox -res_blocking rblock_met1,net_met1 -res_blocking rblock_met2,net_met2 -res_blocking rblock_met3,net_met3 -res_blocking rblock_met4,net_met4 -res_blocking rblock_poly1,net_poly1 -res_blocking rblock_poly2,net_poly2 /home/hrahimi/projects/POTENTIOSTAT_26/ASSURA_LVS/7_Calibration_current/7_Calibration_current

INFO (LBMISC-215205): 
*** Cadence Quantus Extraction Techgen -trans VERSION 24.1.0 Linux 64 bit - (Wed Dec 18 09:06:09 PST 2024)  ***


INFO (CAPGEN-41199): 


Techgen -trans results will be written to directory: /home/hrahimi/projects/POTENTIOSTAT_26/ASSURA_LVS/7_Calibration_current/7_Calibration_current

/home/hrahimi/projects/POTENTIOSTAT_26/ASSURA_LVS/7_Calibration_current/7_Calibration_current/rcx_temp/tTWF020508zDsos4
INFO (CAPGEN-41737): Lvs connect layers MET1_pinshape MET2_pinshape MET3_pinshape MET4_pinshape METTSV OPTDEF_pinshape PADTSV_pinshape PAD_pinshape POLY1_pinshape T?1596 T?1597 T?1598 T?1599 T?1600 T?1601 T?1602 net_bondpad net_ndiff net_optdef net_pdiff rblock_met1 rblock_met2 rblock_met3 rblock_met4 rblock_metcap rblock_poly1 rblock_poly2 sbdcon spiral_term11 spiral_term22 tsv_term_bot tsv_term_top are not mapped in layer_setup file

INFO (CAPGEN-41804): Lvs stamped by net_met1 layers rmet1_trm are not mapped in layer_setup file

INFO (CAPGEN-41804): Lvs stamped by net_met2 layers rmet2_trm are not mapped in layer_setup file

INFO (CAPGEN-41804): Lvs stamped by net_met3 layers rmet3_trm are not mapped in layer_setup file

INFO (CAPGEN-41804): Lvs stamped by net_met4 layers rmet4_trm are not mapped in layer_setup file

INFO (CAPGEN-41804): Lvs stamped by net_psd layers pnpvert3_e are not mapped in layer_setup file

INFO (CAPGEN-41809):  Lvs connect via PAD net_met1 spiral_term are not mapped in layer_setup file.

2026/05/30 13:08:39 WARNING This OS does not appear to be a Cadence supported Linux configuration.
2026/05/30 13:08:39 For more info, please run CheckSysConf in <cdsRoot/tools.lnx86/bin/checkSysConf <productId>
rcxspice took  0.45 user, 0.48 sys, 1.00 elapsed, 29840.0 kbytes

Successfully created RCX script '/home/hrahimi/projects/POTENTIOSTAT_26/ASSURA_LVS/7_Calibration_current/7_Calibration_current/rcx.sh'
WARNING (LBRCXM-617): Unable to obtain 1 license(s) of QTS100 24.10

INFO (LBRCXM-581): Checked out '1' license(s) of QTS300 24.10

INFO (LBRCXM-608): Executing command
   /bin/ksh  /home/hrahimi/projects/POTENTIOSTAT_26/ASSURA_LVS/7_Calibration_current/7_Calibration_current/rcx.sh

##=======================================================
##ADD_EXPLICIT_VIAS=N
##ADD_BULK_TERMINAL=N
##AGDS_FILE=/dev/null
##AGDS_LAYER_MAP_FILE=/dev/null
##HCCI_DEV_PROP_FILE=/dev/null
##AGDS_SPICE_FILE=/dev/null
##AGDS_TEXT_LAYERS=
##ARRAY_VIAS_SPACING=
##ASSURA_RUN_DIR=/home/hrahimi/projects/POTENTIOSTAT_26/ASSURA_LVS/7_Calibration_current
##ASSURA_RUN_NAME=7_Calibration_current
##BLACK_BOX_CELLS=/dev/null
##BREAK_WIDTH=
##CAP_COUPLING_FACTOR=1.0
##CAP_EXTRACT_MODE=coupled
##CAP_GROUND=GNDA
##CAP_MODELS=no
##DANGLINGR=N
##DENSITY_CHECK_METHOD=P
##DELETE_OUTPUT_FILE=N
##DEVICE_FINGER_DELIMITER='@'
##DF2=Y
##DRACULA_RUN_DIR=
##DRACULA_RUN_NAME=
##ENABLESENSITIVITYEXTRACTION=N
##EXCLUDE_FLOAT_LIMIT=
##EXCLUDE_FLOAT_DECOPULING_FACTOR=
##EXCLUDE_FLOATING_NETS=N
##EXCLUDE_NETS_REDUCERC=/dev/null
##EXCLUDE_SELF_CAPS=N
##IGNORE_GATE_DIFFUSION_FRINGING_CAP=Y
##EXTRACT=both
##EXTRACT_MOS_DIFFUSION_AP=N
##EXTRACT_MOS_DIFFUSION_HIGH=
##EXTRACT_MOS_DIFFUSION_RES=N
##FILTER_SIZE=2.0
##FIXED_NETS_FILE=/dev/null
##FMAX=
##FRACTURE_LENGTH_UNITS=MICRONS
##FREQUENCY_FILE=/dev/null
##GROUND_NETS=
##GROUND_NETS_FILE=/dev/null
##GROUND_SUBSTRATE_FLOATING_NETS=N
##HCCI_DEV_PROP=7
##HCCI_INST_PROP=6
##HCCI_NET_PROP=5
##HCCI_RULE_FILE=
##HCCI_RUN_DIR=
##HCCI_RUN_NAME=
##HEADER_FILE=/dev/null
##HIERARCHY_DELIMITER='/'
##OUTPUT_HIERARCHY_DELIMITER='/'
##HRCX_CELLS_FILE=/dev/null
##IMPORT_GLOBALS=Y
##LADDER_NETWORK=N
##LVS_SOURCE=assura
##M_FACTORR=
##M_FACTORW=N
##MACRO_CELL=Y
##MAX_FRACTURE_LENGTH=infinite
##MAX_SIGNALS=
##MERGE_PARALLEL_R=N
##MERGE_PARALLEL_VIA=N
##MINC=1e-17
##MINC_BY_PERCENTAGE=0.1
##MINR=0.001
##NET_NAME_SPACE=schematic
##NETS_FILE=/dev/null
##OUTPUT=/home/hrahimi/projects/POTENTIOSTAT_26/ASSURA_LVS/7_Calibration_current/7_Calibration_current/extview.tmp
##OUTPUT_NET_NAME_SPACE=layout
##PARASITIC_BLOCKING_DEVICE_CELLS_TYPE=gray
##PARASITIC_CAP_MODELS=no
##PARASITIC_RES_MODELS=comment
##PARASITIC_RES_LENGTH=N
##PARASITIC_RES_WIDTH=N
##PARASITIC_RES_WIDTH_DRAWN=N
##PARASITIC_RES_UNIT=N
##PARTIAL_CAP_BLOCKING=N
##PEEC=N
##PIN_ORDER_FILE=/dev/null
##PIPE_ADVGEN=
##PIPE_SPICE2DB=
##POWER_NETS=
##POWER_NETS_FILE=/dev/null
##RC_FREQUENCY=
##RCXDIR=/home/hrahimi/projects/POTENTIOSTAT_26/ASSURA_LVS/7_Calibration_current/7_Calibration_current
##RCXFS_HIGH=N
##RCXFS_NETS_FILE=
##RCXFS_TYPE=none
##RCXFS_CUTOFF_DISTANCE=
##RCXFS_CUTOFF_DISTANCE=
##RCXFS_CUTOFF_DISTANCE=
##RCXFS_CUTOFF_DISTANCE=
##RCXFS_CUTOFF_DISTANCE=
##RCXFS_VIA_OFF=N
##REDUCERC=N
##REGION_LIMIT=
##RES_MODELS=no
##RISE_TIME=
##SAVE_FILL_SHAPES=N
##SINGLE_CAP_EDSPF=N
##SHOW_DIODES=N
##SKIN_FREQUENCY=
##SPEF=N
##SPEF_UNITS=
##SPLIT_PINS=N
##FORCE_SUBCELL_PIN_ORDERS=N
##SPLIT_PINS_DISTANCE=
##SUB_NODE_CHAR='#'
##SUBSTRATE_PROFILE=/dev/null
##SUBSTRATE_STAMPING_OFF=N
##TEMPDIR=/home/hrahimi/projects/POTENTIOSTAT_26/ASSURA_LVS/7_Calibration_current/7_Calibration_current/rcx_temp
##TEMPERATURE=25.0
##TYPE=full
##USER_REGION=/dev/null
##VARIANT_CELL_FILE=/dev/null
##VIA_EFFECT_OFF=N
##VIRTUAL_FILL=
##XREF=/home/hrahimi/projects/POTENTIOSTAT_26/ASSURA_LVS/7_Calibration_current/7_Calibration_current/7_Calibration_current.gnx,/home/hrahimi/projects/POTENTIOSTAT_26/ASSURA_LVS/7_Calibration_current/7_Calibration_current/7_Calibration_current.gdx
##XY_COORDINATES=c,r
##=======================================================

CASE_SENSITIVE=TRUE
export CASE_SENSITIVE
QRC_MOS_LW_PRECISION=y
export QRC_MOS_LW_PRECISION
TEMPDIR=`setTempDir /home/hrahimi/projects/POTENTIOSTAT_26/ASSURA_LVS/7_Calibration_current/7_Calibration_current/rcx_temp`
setTempDir /home/hrahimi/projects/POTENTIOSTAT_26/ASSURA_LVS/7_Calibration_current/7_Calibration_current/rcx_temp
export TEMPDIR
DEVICE_FINGER_DELIMITER='@'
HIERARCHY_DELIMITER='/'
OUTPUT_HIERARCHY_DELIMITER='/'
cd /home/hrahimi/projects/POTENTIOSTAT_26/ASSURA_LVS/7_Calibration_current/7_Calibration_current
cat <<ENDCAT> caps2dversion
* caps2d version: 11
ENDCAT
cat <<ENDCAT> genDev
ENDCAT
cat <<ENDCAT> flattransUnit.info
meters
ENDCAT
QRC=Y
export QRC
cat <<ENDCAT> topcellxcn.info
/home/hrahimi/projects/POTENTIOSTAT_26/ASSURA_LVS/7_Calibration_current/7_Calibration_current.xcn
ENDCAT

#==========================================================#
# Generate RCX input data from Assura LVS database
#==========================================================#

GOALIE2DIR=/opt/tools/cadence/installs/QUANTUS241/tools/extraction/bin
export GOALIE2DIR
vdbToRcx \
	/home/hrahimi/projects/POTENTIOSTAT_26/ASSURA_LVS/7_Calibration_current \
	7_Calibration_current -unit meters -- -V1 -H satfile -r \
	/home/hrahimi/projects/POTENTIOSTAT_26/ASSURA_LVS/7_Calibration_current/7_Calibration_current.xcn \
	-df2 -xgl
2026/05/30 13:08:39 WARNING This OS does not appear to be a Cadence supported Linux configuration.
2026/05/30 13:08:39 For more info, please run CheckSysConf in <cdsRoot/tools.lnx86/bin/checkSysConf <productId>
@(#)$CDS: vdbToRcx_64 version av4.1:Production:dfII6.1.8-64b:IC6.1.8-64b.500.25 09/19/2022 00:42 (sjfhw885) $
20.1.2 Linux 64 bit - (Tue Mar 22 09:20:33 PDT 2022)
Opening LVS data for 7_Calibration_current in /home/hrahimi/projects/POTENTIOSTAT_26/ASSURA_LVS/7_Calibration_current
Open time is 0.0 sec.
Build pins/attributes took 0.1 sec.
Processing MET3_pintext                          1 shapes 0.0 sec.
Processing MET2_pintext                          3 shapes 0.0 sec.
Processing MET1_pintext                          8 shapes 0.0 sec.
create satfile took  0.09 user, 0.02 sys, 0.00 elapsed, 155304.0 kbytes
write edge MET3_pintext took  0.00 user, 0.00 sys, 0.00 elapsed, 155304.0 kbytes
write edge MET2_pintext took  0.00 user, 0.00 sys, 0.00 elapsed, 155304.0 kbytes
write edge MET1_pintext took  0.00 user, 0.00 sys, 0.00 elapsed, 155304.0 kbytes
Building net map file.		0.0 sec.
create netmap file took 0.00 user, 0.00 sys, 0.00 elapsed, 155304.0 kbytes
create net file took 0.00 user, 0.00 sys, 0.00 elapsed, 155304.0 kbytes
WARNING (LBCLV-5663): No bipolar models provided. Can't create bipolar files

WARNING (LBCLV-5660): No resistor models provided. Can't create resistor files

WARNING (LBCLV-5654): No capacitor models provided. Can't create capacitor file

WARNING (LBCLV-5706): no generic models in rule file

Device creation took 0.0 sec
Processing net_pdiffcon                        818 shapes 0.0 sec.
write edge net_pdiffcon took  0.00 user, 0.00 sys, 0.00 elapsed, 155716.0 kbytes
Processing net_ndiffcon                       1192 shapes 0.0 sec.
write edge net_ndiffcon took  0.00 user, 0.00 sys, 0.00 elapsed, 155716.0 kbytes
Processing net_via2_met2                       459 shapes 0.0 sec.
write edge net_via2_met2 took  0.00 user, 0.00 sys, 0.00 elapsed, 155980.0 kbytes
Processing net_via1                            861 shapes 0.0 sec.
write edge net_via1 took  0.00 user, 0.00 sys, 0.00 elapsed, 155980.0 kbytes
Processing pnpvert10_c                           1 shapes 0.0 sec.
write edge pnpvert10_c took  0.00 user, 0.00 sys, 0.00 elapsed, 155980.0 kbytes
Processing net_pdiff_d_ntub                    205 shapes 0.0 sec.
write edge net_pdiff_d_ntub took  0.00 user, 0.00 sys, 0.00 elapsed, 155980.0 kbytes
Processing net_ndiff_d_sub                      28 shapes 0.0 sec.
write edge net_ndiff_d_sub took  0.01 user, 0.00 sys, 0.00 elapsed, 155980.0 kbytes
write edge P_NWD_device_DIODE_43 took  0.00 user, 0.00 sys, 0.00 elapsed, 155980.0 kbytes
write edge PMOS_device_MOS_5 took  0.00 user, 0.00 sys, 0.00 elapsed, 155980.0 kbytes
write edge NMOS_device_MOS_1 took  0.00 user, 0.00 sys, 0.00 elapsed, 156288.0 kbytes
Processing P_NWD_device_DIODE_43                 7 shapes 0.0 sec.
Processing PMOS_device_MOS_5                   103 shapes 0.0 sec.
Processing NMOS_device_MOS_1                    16 shapes 0.0 sec.
Processing net_met3                             22 shapes 0.0 sec.
write edge net_met3 took  0.00 user, 0.00 sys, 0.00 elapsed, 156288.0 kbytes
Processing net_met2                             53 shapes 0.0 sec.
write edge net_met2 took  0.00 user, 0.00 sys, 0.00 elapsed, 156288.0 kbytes
Processing net_met1                            236 shapes 0.0 sec.
write edge net_met1 took  0.00 user, 0.00 sys, 0.00 elapsed, 156288.0 kbytes
Processing net_poly1                            41 shapes 0.0 sec.
write edge net_poly1 took  0.00 user, 0.00 sys, 0.00 elapsed, 156288.0 kbytes
write edge cblock_poly2_psub took  0.00 user, 0.00 sys, 0.00 elapsed, 156288.0 kbytes
write edge cblock_poly1_psub took  0.00 user, 0.00 sys, 0.00 elapsed, 156288.0 kbytes
write edge cblock_poly2_poly1 took  0.00 user, 0.00 sys, 0.00 elapsed, 156288.0 kbytes
write edge cblock_met1_fox took  0.00 user, 0.00 sys, 0.00 elapsed, 156288.0 kbytes
write edge cblock_met2cap_met2 took  0.00 user, 0.00 sys, 0.00 elapsed, 156288.0 kbytes
Processing cblock_poly2_psub                     0 shapes 0.0 sec.
Processing cblock_poly1_psub                   119 shapes 0.0 sec.
Processing cblock_poly2_poly1                    0 shapes 0.0 sec.
Processing cblock_met1_fox                       0 shapes 0.0 sec.
Processing cblock_met2cap_met2                   0 shapes 0.0 sec.
Processing net_psd                             205 shapes 0.0 sec.
write edge net_psd took  0.00 user, 0.01 sys, 0.00 elapsed, 156552.0 kbytes
Processing net_nsd                              28 shapes 0.0 sec.
write edge net_nsd took  0.00 user, 0.00 sys, 0.00 elapsed, 156552.0 kbytes
Processing net_subtap                            8 shapes 0.0 sec.
write edge net_subtap took  0.00 user, 0.00 sys, 0.00 elapsed, 156552.0 kbytes
Processing net_welltap                          71 shapes 0.0 sec.
write edge net_welltap took  0.00 user, 0.00 sys, 0.00 elapsed, 156552.0 kbytes
Processing net_pdiff                           213 shapes 0.0 sec.
write edge net_pdiff took  0.00 user, 0.00 sys, 0.00 elapsed, 156552.0 kbytes
Processing net_ndiff                            99 shapes 0.0 sec.
write edge net_ndiff took  0.00 user, 0.00 sys, 0.00 elapsed, 156552.0 kbytes
Processing net_nwell                             8 shapes 0.0 sec.
write edge net_nwell took  0.00 user, 0.00 sys, 0.00 elapsed, 156552.0 kbytes
Processing net_poly1con                         85 shapes 0.0 sec.
write edge net_poly1con took  0.00 user, 0.00 sys, 0.00 elapsed, 156552.0 kbytes
Processing net_psub                              1 shapes 0.0 sec.
write edge net_psub took  0.00 user, 0.00 sys, 0.00 elapsed, 156816.0 kbytes
Processing MET3_pinshape                         1 shapes 0.0 sec.
write edge MET3_pinshape took  0.00 user, 0.00 sys, 0.00 elapsed, 156816.0 kbytes
Processing MET2_pinshape                         3 shapes 0.0 sec.
write edge MET2_pinshape took  0.00 user, 0.00 sys, 0.00 elapsed, 156816.0 kbytes
Processing MET1_pinshape                         8 shapes 0.0 sec.
write edge MET1_pinshape took  0.00 user, 0.00 sys, 0.00 elapsed, 156816.0 kbytes
sort edges took  0.05 user, 0.33 sys, 1.00 elapsed, 5240.0 kbytes
sort labels took  0.00 user, 0.03 sys, 0.00 elapsed, 4744.0 kbytes
sort edges and labels took  0.11 user, 0.47 sys, 1.00 elapsed, 156816.0 kbytes

	vdbToRcx System Usage:
	Elapsed:     1 seconds.
	CPU:         0.2 seconds
	Memory      67 Meg
GOALIE2DIR=/opt/tools/cadence/installs/QUANTUS241/tools/extraction/bin/64bit
export GOALIE2DIR

#==========================================================#
# Calculate erosion tables for specified process layers
#==========================================================#

densitymap -V -TC -o met3.den 55 net_met3
densitymap took 0.00 user, 0.00 sys, 0.00 elapsed, 6036.0 kbytes
densitymap -V -TC -o met2.den 55 net_met2
densitymap took 0.00 user, 0.00 sys, 0.00 elapsed, 5972.0 kbytes
densitymap -V -TC -o met1.den 47.5 net_met1
densitymap took 0.00 user, 0.00 sys, 0.00 elapsed, 6036.0 kbytes
/bin/cp NMOS_device_MOS_1 NMOS_device_MOS_1_orig
geom NMOS_device_MOS_1 net_nsd - NMOS_device_MOS_1,10,i,1
/bin/cp PMOS_device_MOS_5 PMOS_device_MOS_5_orig
geom PMOS_device_MOS_5 net_psd - PMOS_device_MOS_5,10,i,1

#==========================================================#
# Generate power list
#==========================================================#

cat global.net > power_list

#==========================================================#
# Generate FS connectivity
#==========================================================#


#==========================================================#
# Ensure vias do not extend beyond routing
#==========================================================#

geom -V net_via2_met2 net_met3 net_met2 - net_via2_met2_net_met3_net_met2,111,i,2
geom took  0.00 user, 0.00 sys, 0.00 elapsed, 7200.0 kbytes
geom -V net_via1 net_met2 net_met1 - net_via1_net_met2_net_met1,111,i,2
geom took  0.00 user, 0.00 sys, 0.00 elapsed, 7452.0 kbytes
geom -V net_poly1con net_met1 net_poly1 - net_poly1con_net_met1_net_poly1,111,i,2
geom took  0.00 user, 0.00 sys, 0.00 elapsed, 7516.0 kbytes
geom -V net_ndiffcon net_met1 net_welltap - net_ndiffcon_net_met1_net_welltap,111,i,2
geom took  0.00 user, 0.00 sys, 0.00 elapsed, 7396.0 kbytes
geom -V net_ndiffcon net_met1 net_nsd - net_ndiffcon_net_met1_net_nsd,111,i,2
geom took  0.00 user, 0.00 sys, 0.00 elapsed, 7572.0 kbytes
geom -V net_ndiffcon net_welltap net_nsd - net_ndiffcon_net_welltap_net_nsd,111,i,2
geom took  0.00 user, 0.00 sys, 0.00 elapsed, 7308.0 kbytes
geom -V net_pdiffcon net_met1 net_subtap - net_pdiffcon_net_met1_net_subtap,111,i,2
geom took  0.00 user, 0.00 sys, 0.00 elapsed, 7192.0 kbytes
geom -V net_pdiffcon net_met1 net_psd - net_pdiffcon_net_met1_net_psd,111,i,2
geom took  0.00 user, 0.00 sys, 0.00 elapsed, 7312.0 kbytes
geom -V net_pdiffcon net_subtap net_psd - net_pdiffcon_net_subtap_net_psd,111,i,2
geom took  0.00 user, 0.00 sys, 0.00 elapsed, 7256.0 kbytes
geom -V net_met1 MET1_pinshape - net_met1_MET1_pinshape_ovia,11,i,1
geom took  0.00 user, 0.00 sys, 0.00 elapsed, 7304.0 kbytes
geom -V net_met2 MET2_pinshape - net_met2_MET2_pinshape_ovia,11,i,1
geom took  0.00 user, 0.00 sys, 0.00 elapsed, 7280.0 kbytes
geom -V net_met3 MET3_pinshape - net_met3_MET3_pinshape_ovia,11,i,1
geom took  0.00 user, 0.00 sys, 0.00 elapsed, 7248.0 kbytes
geom -V net_welltap net_ndiff - net_welltap_net_ndiff_ovia,11,i,1
geom took  0.00 user, 0.00 sys, 0.00 elapsed, 7252.0 kbytes
geom -V net_nsd net_ndiff - net_nsd_net_ndiff_ovia,11,i,1
geom took  0.00 user, 0.00 sys, 0.00 elapsed, 7204.0 kbytes
geom -V net_subtap net_pdiff - net_subtap_net_pdiff_ovia,11,i,1
geom took  0.00 user, 0.00 sys, 0.00 elapsed, 7240.0 kbytes
geom -V net_psd net_pdiff - net_psd_net_pdiff_ovia,11,i,1
geom took  0.00 user, 0.01 sys, 0.00 elapsed, 7180.0 kbytes
geom -V net_ndiff_d_sub net_ndiff - net_ndiff_d_sub_net_ndiff_ovia,11,i,1
geom took  0.00 user, 0.00 sys, 0.00 elapsed, 7196.0 kbytes
geom -V net_pdiff_d_ntub net_pdiff - net_pdiff_d_ntub_net_pdiff_ovia,11,i,1

geom took  0.00 user, 0.00 sys, 0.00 elapsed, 7244.0 kbytes
#==========================================================#
# Flatten net file, routing, via and device layers
#==========================================================#

SAVEDIR=`beginFlattenInputs`
beginFlattenInputs
export SAVEDIR
/bin/mv -f NET h_NET
flatnet -V -li -h '/' h_NET NET
flatnet took 0.00 user, 0.02 sys, 0.00 elapsed, 17472.0 kbytes
id: 5, mnet: 5
id: 5, mnet: 5
id: 5, mnet: 5
id: 5, mnet: 5
id: 5, mnet: 5
id: 5, mnet: 8
id: 5, mnet: 8
id: 5, mnet: 8
id: 5, mnet: 5
id: 5, mnet: 5
id: 5, mnet: 5
id: 5, mnet: 7
id: 5, mnet: 7
id: 5, mnet: 7
id: 5, mnet: 7
netprint -V -N1 power_list:power_list_nums NET
flattenTransistorData NMOS_device_MOS_1 meters
flattub took  0.00 user, 0.01 sys, 0.00 elapsed, 10220.0 kbytes
flatnet took 0.00 user, 0.02 sys, 0.00 elapsed, 17508.0 kbytes
id: 5, mnet: 5
id: 5, mnet: 5
id: 5, mnet: 5
id: 5, mnet: 2
id: 5, mnet: 2
id: 5, mnet: 2
id: 5, mnet: 2
id: 5, mnet: 2
id: 5, mnet: 2
id: 5, mnet: 2
flattrans took 0.00 user, 0.02 sys, 0.00 elapsed, 6412.0 kbytes
flattenTransistorData PMOS_device_MOS_5 meters
flattub took  0.00 user, 0.01 sys, 0.00 elapsed, 10300.0 kbytes
flatnet took 0.00 user, 0.02 sys, 0.00 elapsed, 17424.0 kbytes
id: 5, mnet: 3
id: 5, mnet: 3
id: 5, mnet: 3
id: 5, mnet: 3
id: 5, mnet: 3
id: 5, mnet: 2
id: 5, mnet: 2
id: 5, mnet: 2
id: 5, mnet: 2
flattrans took 0.00 user, 0.02 sys, 0.00 elapsed, 6516.0 kbytes
flattenDiodeData P_NWD_device_DIODE_43 meters
flattub took  0.00 user, 0.01 sys, 0.00 elapsed, 10464.0 kbytes
flatnet took 0.00 user, 0.01 sys, 0.00 elapsed, 17264.0 kbytes
id: 5, mnet: 2
id: 5, mnet: 2
id: 5, mnet: 2
id: 5, mnet: 2
flattrans took 0.00 user, 0.01 sys, 0.00 elapsed, 6424.0 kbytes
flattenLayers cblock_poly1_psub
flattub took  0.00 user, 0.01 sys, 1.00 elapsed, 6704.0 kbytes
flattenLayers -m net_via2_met2 net_via1 net_poly1con net_ndiffcon \
	net_pdiffcon net_met3 net_met2 net_met1 net_poly1 net_welltap \
	net_subtap net_ndiff_d_sub net_nsd net_pdiff_d_ntub net_psd net_nwell \
	net_psub pnpvert10_c net_via2_met2_net_met3_net_met2 \
	net_via1_net_met2_net_met1 net_poly1con_net_met1_net_poly1 \
	net_ndiffcon_net_met1_net_welltap net_ndiffcon_net_met1_net_nsd \
	net_ndiffcon_net_welltap_net_nsd net_pdiffcon_net_met1_net_subtap \
	net_pdiffcon_net_met1_net_psd net_pdiffcon_net_subtap_net_psd \
	net_met1_MET1_pinshape_ovia MET1_pinshape net_met2_MET2_pinshape_ovia \
	MET2_pinshape net_met3_MET3_pinshape_ovia MET3_pinshape \
	net_welltap_net_ndiff_ovia net_ndiff net_nsd_net_ndiff_ovia \
	net_subtap_net_pdiff_ovia net_pdiff net_psd_net_pdiff_ovia \
	net_ndiff_d_sub_net_ndiff_ovia net_pdiff_d_ntub_net_pdiff_ovia \
	NMOS_device_MOS_1_orig PMOS_device_MOS_5_orig
flattub took  0.00 user, 0.04 sys, 0.00 elapsed, 10920.0 kbytes
endFlattenInputs

#==========================================================#
# Initialize CAP_GROUND variable
#==========================================================#

cat <<ENDCAT> sch_cap_ground
GNDA
ENDCAT
sch2lay -a -r /home/hrahimi/projects/POTENTIOSTAT_26/ASSURA_LVS/7_Calibration_current/7_Calibration_current/7_Calibration_current.gnx -rd /home/hrahimi/projects/POTENTIOSTAT_26/ASSURA_LVS/7_Calibration_current/7_Calibration_current/7_Calibration_current.gdx sch_cap_ground lay_cap_ground
CAP_GROUND=`findCapGround -gfn lay_cap_ground -l net_psub NET`
findCapGround -gfn lay_cap_ground -l net_psub NET
echo "CAP_GROUND=" ${CAP_GROUND}
CAP_GROUND= 2
export CAP_GROUND
echo ${CAP_GROUND} > cgnetfile
netprint -n cgnetfile:gn_summary.log NET
reconnect -cgnd ${CAP_GROUND} -float floatlvsnetsfile -tf \
	NMOS_device_MOS_1,PMOS_device_MOS_5 -df P_NWD_device_DIODE_43 -probe \
	MET1_pintext:net_met1:MET1_pintext_fvia,MET2_pintext:net_met2:MET2_pintext_fvia,MET3_pintext:net_met3:MET3_pintext_fvia
iprint -count floatlvsnetsfile > floatlvsnetsfile.txt
geom NMOS_device_MOS_1,PMOS_device_MOS_5 - qrcgate,1,i,1
geom -V  NMOS_device_MOS_1,PMOS_device_MOS_5 - qrcpoly__0,1,i,1
geom took  0.00 user, 0.00 sys, 0.00 elapsed, 6900.0 kbytes
geom -V  qrcpoly__0 - qrcpoly,1,i,1
geom took  0.00 user, 0.00 sys, 0.00 elapsed, 6716.0 kbytes
/bin/rm -f qrcpoly__0
iprint -count floatlvsnetsfile > input_nets_summary.log
iprint -imerge power_list_nums floatlvsnetsfile power_list_nums2
mv power_list_nums power_list_nums_orig
cp power_list_nums2 power_list_nums 

#==========================================================#
# Segregate interconnect into resistive and non-resistive
#==========================================================#

selectNetsByNumber power_list_nums MET1_pinshape p_rMET1_pinshape np_rMET1_pinshape
epick took  0.00 user, 0.00 sys, 0.00 elapsed, 6380.0 kbytes
selectNetsByNumber power_list_nums MET2_pinshape p_rMET2_pinshape np_rMET2_pinshape
epick took  0.00 user, 0.00 sys, 0.00 elapsed, 6260.0 kbytes
selectNetsByNumber power_list_nums MET3_pinshape p_rMET3_pinshape np_rMET3_pinshape
epick took  0.00 user, 0.00 sys, 0.00 elapsed, 6376.0 kbytes
selectNetsByNumber power_list_nums net_met1 p_rnet_met1 np_rnet_met1
epick took  0.00 user, 0.00 sys, 0.00 elapsed, 6368.0 kbytes
selectNetsByNumber power_list_nums net_met2 p_rnet_met2 np_rnet_met2
epick took  0.00 user, 0.01 sys, 0.00 elapsed, 6196.0 kbytes
selectNetsByNumber power_list_nums net_met3 p_rnet_met3 np_rnet_met3
epick took  0.00 user, 0.00 sys, 0.00 elapsed, 6260.0 kbytes
selectNetsByNumber power_list_nums net_ndiff p_rnet_ndiff np_rnet_ndiff
epick took  0.00 user, 0.01 sys, 0.00 elapsed, 6376.0 kbytes
selectNetsByNumber power_list_nums net_ndiff_d_sub p_rnet_ndiff_d_sub np_rnet_ndiff_d_sub
epick took  0.00 user, 0.00 sys, 0.00 elapsed, 6416.0 kbytes
selectNetsByNumber power_list_nums net_nsd p_rnet_nsd np_rnet_nsd
epick took  0.00 user, 0.00 sys, 0.00 elapsed, 6236.0 kbytes
selectNetsByNumber power_list_nums net_pdiff p_rnet_pdiff np_rnet_pdiff
epick took  0.00 user, 0.00 sys, 0.00 elapsed, 6300.0 kbytes
selectNetsByNumber power_list_nums net_pdiff_d_ntub p_rnet_pdiff_d_ntub np_rnet_pdiff_d_ntub
epick took  0.00 user, 0.00 sys, 0.00 elapsed, 6388.0 kbytes
selectNetsByNumber power_list_nums net_poly1 p_rnet_poly1 np_rnet_poly1
epick took  0.00 user, 0.00 sys, 0.00 elapsed, 6268.0 kbytes
selectNetsByNumber power_list_nums net_psd p_rnet_psd np_rnet_psd
epick took  0.00 user, 0.01 sys, 0.00 elapsed, 6248.0 kbytes
selectNetsByNumber power_list_nums net_subtap p_rnet_subtap np_rnet_subtap
epick took  0.00 user, 0.00 sys, 0.00 elapsed, 6256.0 kbytes
selectNetsByNumber power_list_nums net_welltap p_rnet_welltap np_rnet_welltap
epick took  0.00 user, 0.00 sys, 0.00 elapsed, 6240.0 kbytes
selectNetsByNumber power_list_nums net_psub p_rnet_psub np_rnet_psub
epick took  0.00 user, 0.00 sys, 0.00 elapsed, 6164.0 kbytes
selectNetsByNumber power_list_nums net_nwell p_rnet_nwell np_rnet_nwell
epick took  0.00 user, 0.00 sys, 0.00 elapsed, 6340.0 kbytes
selectNetsByNumber power_list_nums pnpvert10_c p_rpnpvert10_c np_rpnpvert10_c
epick took  0.00 user, 0.00 sys, 0.00 elapsed, 6276.0 kbytes
selectNetsByNumber power_list_nums net_poly1con_net_met1_net_poly1 p_rnet_poly1con_net_met1_net_poly1 np_rnet_poly1con_net_met1_net_poly1
epick took  0.00 user, 0.00 sys, 0.00 elapsed, 6276.0 kbytes
selectNetsByNumber power_list_nums net_via1_net_met2_net_met1 p_rnet_via1_net_met2_net_met1 np_rnet_via1_net_met2_net_met1
epick took  0.00 user, 0.00 sys, 0.00 elapsed, 6268.0 kbytes
selectNetsByNumber power_list_nums net_via2_met2_net_met3_net_met2 p_rnet_via2_met2_net_met3_net_met2 np_rnet_via2_met2_net_met3_net_met2
epick took  0.00 user, 0.00 sys, 0.00 elapsed, 6324.0 kbytes
selectNetsByNumber power_list_nums net_ndiffcon_net_met1_net_welltap p_rnet_ndiffcon_net_met1_net_welltap np_rnet_ndiffcon_net_met1_net_welltap
epick took  0.00 user, 0.00 sys, 0.00 elapsed, 6416.0 kbytes
selectNetsByNumber power_list_nums net_ndiffcon_net_met1_net_nsd p_rnet_ndiffcon_net_met1_net_nsd np_rnet_ndiffcon_net_met1_net_nsd
epick took  0.00 user, 0.01 sys, 0.00 elapsed, 6276.0 kbytes
selectNetsByNumber power_list_nums net_pdiffcon_net_met1_net_subtap p_rnet_pdiffcon_net_met1_net_subtap np_rnet_pdiffcon_net_met1_net_subtap
epick took  0.00 user, 0.00 sys, 0.00 elapsed, 6380.0 kbytes
selectNetsByNumber power_list_nums net_pdiffcon_net_met1_net_psd p_rnet_pdiffcon_net_met1_net_psd np_rnet_pdiffcon_net_met1_net_psd
epick took  0.00 user, 0.01 sys, 0.00 elapsed, 6320.0 kbytes
mv power_list_nums_orig power_list_nums

#==========================================================#
# Create resistor cut regions between resistive
# interconnect levels
#==========================================================#

mergevia -V -tech /opt/pdk/ams/410/assura/c35b4/c35b4c3/RCX-typical -cnt \
	np_rnet_poly1con_net_met1_net_poly1 rnet_poly1con_net_met1_net_poly1 \
	- np_rnet_met1 np_rnet_poly1
geom took  0.00 user, 0.00 sys, 0.00 elapsed, 30292.0 kbytes
mergevia took 0.00 user, 0.01 sys, 0.00 elapsed, 30292.0 kbytes
cp rnet_poly1con_net_met1_net_poly1 rnet_poly1con_net_met1_net_poly1_orig
mergevia -V -tech /opt/pdk/ams/410/assura/c35b4/c35b4c3/RCX-typical -cnt \
	np_rnet_via1_net_met2_net_met1 rnet_via1_net_met2_net_met1 - \
	np_rnet_met2 np_rnet_met1
geom took  0.00 user, 0.00 sys, 0.00 elapsed, 30368.0 kbytes
mergevia took 0.00 user, 0.00 sys, 0.00 elapsed, 30368.0 kbytes
cp rnet_via1_net_met2_net_met1 rnet_via1_net_met2_net_met1_orig
mergevia -V -tech /opt/pdk/ams/410/assura/c35b4/c35b4c3/RCX-typical -cnt \
	np_rnet_via2_met2_net_met3_net_met2 rnet_via2_met2_net_met3_net_met2 \
	- np_rnet_met3 np_rnet_met2
geom took  0.00 user, 0.00 sys, 0.00 elapsed, 30428.0 kbytes
mergevia took 0.00 user, 0.00 sys, 0.00 elapsed, 30428.0 kbytes
cp rnet_via2_met2_net_met3_net_met2 rnet_via2_met2_net_met3_net_met2_orig

#==========================================================#
# Create resistive interconnect MOSFET terminals
#==========================================================#

createMosfetGateTerminal -V NMOS_device_MOS_1 np_rnet_poly1 NMOS_device_MOS_1_mgvia
createMosfetGateTerminal took 0.18 user, 0.26 sys, 1.00 elapsed, 4516.0 kbytes
createMosfetGateTerminal -V PMOS_device_MOS_5 np_rnet_poly1 PMOS_device_MOS_5_mgvia

createMosfetGateTerminal took 0.23 user, 0.35 sys, 1.00 elapsed, 4368.0 kbytes
#==========================================================#
# Prepare non-resistive text layers
#==========================================================#

flatlabel -V -tc -F MET1_pintext MET1_pintext_nr_labs
INFO (FLTLBL-89003): exec labsort -V MET1_pintext_nr_labs

sort labels took  0.00 user, 0.00 sys, 0.00 elapsed, 4712.0 kbytes
flatlabel took 0.00 user, 0.01 sys, 0.00 elapsed, 6184.0 kbytes
flatlabel -V -tc -F MET2_pintext MET2_pintext_nr_labs
INFO (FLTLBL-89003): exec labsort -V MET2_pintext_nr_labs

sort labels took  0.00 user, 0.00 sys, 0.00 elapsed, 4656.0 kbytes
flatlabel took 0.00 user, 0.00 sys, 0.00 elapsed, 5992.0 kbytes
flatlabel -V -tc -F MET3_pintext MET3_pintext_nr_labs

INFO (FLTLBL-89003): exec labsort -V MET3_pintext_nr_labs

sort labels took  0.00 user, 0.00 sys, 0.00 elapsed, 4720.0 kbytes
flatlabel took 0.00 user, 0.00 sys, 0.00 elapsed, 6072.0 kbytes
#==========================================================#
# Assign net numbers to cut regions
#==========================================================#

connect -V -relocate NET np_rMET1_pinshape:np_rMET1_pinshape.conn \
	np_rMET2_pinshape:np_rMET2_pinshape.conn \
	np_rMET3_pinshape:np_rMET3_pinshape.conn \
	np_rnet_ndiff:np_rnet_ndiff.conn np_rnet_welltap:np_rnet_welltap.conn \
	np_rnet_subtap:np_rnet_subtap.conn \
	np_rnet_ndiff_d_sub:np_rnet_ndiff_d_sub.conn \
	np_rnet_nsd:np_rnet_nsd.conn \
	np_rnet_pdiff_d_ntub:np_rnet_pdiff_d_ntub.conn \
	np_rnet_psd:np_rnet_psd.conn np_rnet_pdiff:np_rnet_pdiff.conn \
	rnet_poly1con_net_met1_net_poly1 rnet_via1_net_met2_net_met1 \
	rnet_via2_met2_net_met3_net_met2 NMOS_device_MOS_1_mgvia \
	PMOS_device_MOS_5_mgvia - net_ndiff_d_sub_net_ndiff_ovia,7,4 \
	net_ndiffcon_net_welltap_net_nsd,5,8 net_nsd_net_ndiff_ovia,8,4 \
	net_pdiff_d_ntub_net_pdiff_ovia,9,11 \
	net_pdiffcon_net_subtap_net_psd,6,10 net_psd_net_pdiff_ovia,10,11 \
	net_subtap_net_pdiff_ovia,6,11 net_welltap_net_ndiff_ovia,5,4 - \
	MET1_pintext_nr_labs,1 MET2_pintext_nr_labs,2 MET3_pintext_nr_labs,3

relocate took 0.03 user, 0.11 sys, 0.00 elapsed, 275296.0 kbytes
connect took  0.00 user, 0.00 sys, 0.00 elapsed, 275360.0 kbytes
#==========================================================#
# Assign net numbers to resistor vias
#==========================================================#

geom -V net_met1_MET1_pinshape_ovia np_rMET1_pinshape.conn - tmp_rnet_met1_MET1_pinshape_ovia,11,i,2
geom took  0.00 user, 0.00 sys, 0.00 elapsed, 6884.0 kbytes
mergevia -V -i -tech /opt/pdk/ams/410/assura/c35b4/c35b4c3/RCX-typical -cnt \
	tmp_rnet_met1_MET1_pinshape_ovia rnet_met1_MET1_pinshape_ovia - \
	np_rnet_met1 np_rMET1_pinshape
geom took  0.00 user, 0.00 sys, 0.00 elapsed, 30372.0 kbytes
stamp took  0.51 user, 0.27 sys, 0.00 elapsed, 275000.0 kbytes
mergevia took 0.51 user, 0.31 sys, 0.00 elapsed, 30372.0 kbytes
[dofork] stamp -V tmp_rnet_met1_MET1_pinshape_ovia rnet_met1_MET1_pinshape_ovia
cp rnet_met1_MET1_pinshape_ovia rnet_met1_MET1_pinshape_ovia_orig
/bin/rm -f tmp_rnet_met1_MET1_pinshape_ovia
geom -V net_met2_MET2_pinshape_ovia np_rMET2_pinshape.conn - tmp_rnet_met2_MET2_pinshape_ovia,11,i,2
geom took  0.00 user, 0.00 sys, 0.00 elapsed, 6884.0 kbytes
mergevia -V -i -tech /opt/pdk/ams/410/assura/c35b4/c35b4c3/RCX-typical -cnt \
	tmp_rnet_met2_MET2_pinshape_ovia rnet_met2_MET2_pinshape_ovia - \
	np_rnet_met2 np_rMET2_pinshape
geom took  0.00 user, 0.00 sys, 0.00 elapsed, 30312.0 kbytes
stamp took  0.51 user, 0.29 sys, 0.00 elapsed, 275080.0 kbytes
mergevia took 0.51 user, 0.33 sys, 0.00 elapsed, 30312.0 kbytes
[dofork] stamp -V tmp_rnet_met2_MET2_pinshape_ovia rnet_met2_MET2_pinshape_ovia
cp rnet_met2_MET2_pinshape_ovia rnet_met2_MET2_pinshape_ovia_orig
/bin/rm -f tmp_rnet_met2_MET2_pinshape_ovia
geom -V net_met3_MET3_pinshape_ovia np_rMET3_pinshape.conn - tmp_rnet_met3_MET3_pinshape_ovia,11,i,2
geom took  0.00 user, 0.00 sys, 0.00 elapsed, 6816.0 kbytes
mergevia -V -i -tech /opt/pdk/ams/410/assura/c35b4/c35b4c3/RCX-typical -cnt \
	tmp_rnet_met3_MET3_pinshape_ovia rnet_met3_MET3_pinshape_ovia - \
	np_rnet_met3 np_rMET3_pinshape
geom took  0.00 user, 0.00 sys, 0.00 elapsed, 30356.0 kbytes
stamp took  0.48 user, 0.24 sys, 0.00 elapsed, 275156.0 kbytes
mergevia took 0.48 user, 0.29 sys, 0.00 elapsed, 30356.0 kbytes
[dofork] stamp -V tmp_rnet_met3_MET3_pinshape_ovia rnet_met3_MET3_pinshape_ovia
cp rnet_met3_MET3_pinshape_ovia rnet_met3_MET3_pinshape_ovia_orig
/bin/rm -f tmp_rnet_met3_MET3_pinshape_ovia
geom -V net_ndiffcon_net_met1_net_nsd np_rnet_nsd.conn - tmp_rnet_ndiffcon_net_met1_net_nsd,11,i,2
geom took  0.00 user, 0.00 sys, 0.00 elapsed, 6988.0 kbytes
geom -V np_rnet_ndiffcon_net_met1_net_nsd np_rnet_nsd.conn - np_rnet_ndiffcon_net_met1_net_nsd,11,i,2
geom took  0.00 user, 0.00 sys, 0.00 elapsed, 6876.0 kbytes
mergevia -V -i -tech /opt/pdk/ams/410/assura/c35b4/c35b4c3/RCX-typical -cnt \
	tmp_rnet_ndiffcon_net_met1_net_nsd rnet_ndiffcon_net_met1_net_nsd - \
	np_rnet_met1 np_rnet_nsd
geom took  0.01 user, 0.00 sys, 0.00 elapsed, 30256.0 kbytes
stamp took  0.50 user, 0.29 sys, 0.00 elapsed, 274824.0 kbytes
mergevia took 0.50 user, 0.33 sys, 0.00 elapsed, 30256.0 kbytes
[dofork] stamp -V tmp_rnet_ndiffcon_net_met1_net_nsd rnet_ndiffcon_net_met1_net_nsd
cp rnet_ndiffcon_net_met1_net_nsd rnet_ndiffcon_net_met1_net_nsd_orig
/bin/rm -f tmp_rnet_ndiffcon_net_met1_net_nsd
geom -V net_ndiffcon_net_met1_net_welltap np_rnet_welltap.conn - tmp_rnet_ndiffcon_net_met1_net_welltap,11,i,2
geom took  0.00 user, 0.01 sys, 0.00 elapsed, 6896.0 kbytes
geom -V np_rnet_ndiffcon_net_met1_net_welltap np_rnet_welltap.conn - np_rnet_ndiffcon_net_met1_net_welltap,11,i,2
geom took  0.00 user, 0.00 sys, 0.00 elapsed, 6828.0 kbytes
mergevia -V -i -tech /opt/pdk/ams/410/assura/c35b4/c35b4c3/RCX-typical -cnt \
	tmp_rnet_ndiffcon_net_met1_net_welltap \
	rnet_ndiffcon_net_met1_net_welltap - np_rnet_met1 np_rnet_welltap
geom took  0.00 user, 0.00 sys, 0.00 elapsed, 30376.0 kbytes
stamp took  0.31 user, 0.21 sys, 0.00 elapsed, 274888.0 kbytes
mergevia took 0.31 user, 0.25 sys, 0.00 elapsed, 30376.0 kbytes
[dofork] stamp -V tmp_rnet_ndiffcon_net_met1_net_welltap rnet_ndiffcon_net_met1_net_welltap
cp rnet_ndiffcon_net_met1_net_welltap rnet_ndiffcon_net_met1_net_welltap_orig
/bin/rm -f tmp_rnet_ndiffcon_net_met1_net_welltap
geom -V net_pdiffcon_net_met1_net_psd np_rnet_psd.conn - tmp_rnet_pdiffcon_net_met1_net_psd,11,i,2
geom took  0.00 user, 0.01 sys, 0.00 elapsed, 6812.0 kbytes
geom -V np_rnet_pdiffcon_net_met1_net_psd np_rnet_psd.conn - np_rnet_pdiffcon_net_met1_net_psd,11,i,2
geom took  0.00 user, 0.00 sys, 0.00 elapsed, 6860.0 kbytes
mergevia -V -i -tech /opt/pdk/ams/410/assura/c35b4/c35b4c3/RCX-typical -cnt \
	tmp_rnet_pdiffcon_net_met1_net_psd rnet_pdiffcon_net_met1_net_psd - \
	np_rnet_met1 np_rnet_psd
geom took  0.00 user, 0.00 sys, 0.00 elapsed, 30412.0 kbytes
stamp took  0.54 user, 0.24 sys, 1.00 elapsed, 275068.0 kbytes
mergevia took 0.55 user, 0.28 sys, 1.00 elapsed, 30412.0 kbytes
[dofork] stamp -V tmp_rnet_pdiffcon_net_met1_net_psd rnet_pdiffcon_net_met1_net_psd
cp rnet_pdiffcon_net_met1_net_psd rnet_pdiffcon_net_met1_net_psd_orig
/bin/rm -f tmp_rnet_pdiffcon_net_met1_net_psd
geom -V net_pdiffcon_net_met1_net_subtap np_rnet_subtap.conn - tmp_rnet_pdiffcon_net_met1_net_subtap,11,i,2
geom took  0.00 user, 0.00 sys, 0.00 elapsed, 6832.0 kbytes
geom -V np_rnet_pdiffcon_net_met1_net_subtap np_rnet_subtap.conn - np_rnet_pdiffcon_net_met1_net_subtap,11,i,2
geom took  0.00 user, 0.00 sys, 0.00 elapsed, 7004.0 kbytes
mergevia -V -i -tech /opt/pdk/ams/410/assura/c35b4/c35b4c3/RCX-typical -cnt \
	tmp_rnet_pdiffcon_net_met1_net_subtap \
	rnet_pdiffcon_net_met1_net_subtap - np_rnet_met1 np_rnet_subtap
geom took  0.00 user, 0.00 sys, 0.00 elapsed, 30372.0 kbytes
stamp took  0.52 user, 0.26 sys, 1.00 elapsed, 275144.0 kbytes
mergevia took 0.52 user, 0.30 sys, 1.00 elapsed, 30372.0 kbytes
[dofork] stamp -V tmp_rnet_pdiffcon_net_met1_net_subtap rnet_pdiffcon_net_met1_net_subtap
cp rnet_pdiffcon_net_met1_net_subtap rnet_pdiffcon_net_met1_net_subtap_orig
/bin/rm -f tmp_rnet_pdiffcon_net_met1_net_subtap

#==========================================================#
# Assign net numbers to nonresistive layers
#==========================================================#

epick -V -reo -e rnet_met1_MET1_pinshape_ovia -e rnet_met2_MET2_pinshape_ovia \
	-e rnet_met3_MET3_pinshape_ovia -e rnet_ndiffcon_net_met1_net_nsd -e \
	rnet_ndiffcon_net_met1_net_welltap -e rnet_pdiffcon_net_met1_net_psd \
	-e rnet_pdiffcon_net_met1_net_subtap np_rnet_welltap.conn \
	tmp_net_welltap
epick took  0.00 user, 0.00 sys, 0.00 elapsed, 6096.0 kbytes
epick -V -reo -e tmp_net_welltap -c np_rnet_welltap.conn tmp1_net_welltap
epick took  0.00 user, 0.00 sys, 0.00 elapsed, 6040.0 kbytes
geom -V tmp1_net_welltap np_rnet_welltap - tmp1_net_welltap,11,i,2
geom took  0.00 user, 0.00 sys, 0.00 elapsed, 6936.0 kbytes
geom -V tmp_net_welltap,tmp1_net_welltap - np_rnet_welltap,1,i,1
geom took  0.00 user, 0.00 sys, 0.00 elapsed, 6868.0 kbytes
/bin/rm -f tmp_net_welltap tmp1_net_welltap
epick -V -reo -e rnet_met1_MET1_pinshape_ovia -e rnet_met2_MET2_pinshape_ovia \
	-e rnet_met3_MET3_pinshape_ovia -e rnet_ndiffcon_net_met1_net_nsd -e \
	rnet_ndiffcon_net_met1_net_welltap -e rnet_pdiffcon_net_met1_net_psd \
	-e rnet_pdiffcon_net_met1_net_subtap np_rnet_subtap.conn \
	tmp_net_subtap
epick took  0.00 user, 0.00 sys, 0.00 elapsed, 6156.0 kbytes
epick -V -reo -e tmp_net_subtap -c np_rnet_subtap.conn tmp1_net_subtap
epick took  0.00 user, 0.01 sys, 0.00 elapsed, 5904.0 kbytes
geom -V tmp1_net_subtap np_rnet_subtap - tmp1_net_subtap,11,i,2
geom took  0.00 user, 0.00 sys, 0.00 elapsed, 6944.0 kbytes
geom -V tmp_net_subtap,tmp1_net_subtap - np_rnet_subtap,1,i,1
geom took  0.00 user, 0.00 sys, 0.00 elapsed, 6740.0 kbytes
/bin/rm -f tmp_net_subtap tmp1_net_subtap
epick -V -reo -e rnet_met1_MET1_pinshape_ovia -e rnet_met2_MET2_pinshape_ovia \
	-e rnet_met3_MET3_pinshape_ovia -e rnet_ndiffcon_net_met1_net_nsd -e \
	rnet_ndiffcon_net_met1_net_welltap -e rnet_pdiffcon_net_met1_net_psd \
	-e rnet_pdiffcon_net_met1_net_subtap np_rnet_ndiff_d_sub.conn \
	tmp_net_ndiff_d_sub
epick took  0.00 user, 0.00 sys, 0.00 elapsed, 5904.0 kbytes
epick -V -reo -e tmp_net_ndiff_d_sub -c np_rnet_ndiff_d_sub.conn tmp1_net_ndiff_d_sub
epick took  0.00 user, 0.00 sys, 0.00 elapsed, 5912.0 kbytes
geom -V tmp1_net_ndiff_d_sub np_rnet_ndiff_d_sub - tmp1_net_ndiff_d_sub,11,i,2
geom took  0.00 user, 0.00 sys, 0.00 elapsed, 6880.0 kbytes
geom -V tmp_net_ndiff_d_sub,tmp1_net_ndiff_d_sub - np_rnet_ndiff_d_sub,1,i,1
geom took  0.00 user, 0.00 sys, 0.00 elapsed, 6812.0 kbytes
/bin/rm -f tmp_net_ndiff_d_sub tmp1_net_ndiff_d_sub
epick -V -reo -e rnet_met1_MET1_pinshape_ovia -e rnet_met2_MET2_pinshape_ovia \
	-e rnet_met3_MET3_pinshape_ovia -e rnet_ndiffcon_net_met1_net_nsd -e \
	rnet_ndiffcon_net_met1_net_welltap -e rnet_pdiffcon_net_met1_net_psd \
	-e rnet_pdiffcon_net_met1_net_subtap np_rnet_nsd.conn tmp_net_nsd
epick took  0.00 user, 0.00 sys, 0.00 elapsed, 5924.0 kbytes
epick -V -reo -e tmp_net_nsd -c np_rnet_nsd.conn tmp1_net_nsd
epick took  0.00 user, 0.00 sys, 0.00 elapsed, 5968.0 kbytes
geom -V tmp1_net_nsd np_rnet_nsd - tmp1_net_nsd,11,i,2
geom took  0.00 user, 0.00 sys, 0.00 elapsed, 6828.0 kbytes
geom -V tmp_net_nsd,tmp1_net_nsd - np_rnet_nsd,1,i,1
geom took  0.00 user, 0.00 sys, 0.00 elapsed, 6812.0 kbytes
/bin/rm -f tmp_net_nsd tmp1_net_nsd
epick -V -reo -e rnet_met1_MET1_pinshape_ovia -e rnet_met2_MET2_pinshape_ovia \
	-e rnet_met3_MET3_pinshape_ovia -e rnet_ndiffcon_net_met1_net_nsd -e \
	rnet_ndiffcon_net_met1_net_welltap -e rnet_pdiffcon_net_met1_net_psd \
	-e rnet_pdiffcon_net_met1_net_subtap np_rnet_pdiff_d_ntub.conn \
	tmp_net_pdiff_d_ntub
epick took  0.00 user, 0.00 sys, 0.00 elapsed, 5972.0 kbytes
epick -V -reo -e tmp_net_pdiff_d_ntub -c np_rnet_pdiff_d_ntub.conn tmp1_net_pdiff_d_ntub
epick took  0.00 user, 0.00 sys, 0.00 elapsed, 5924.0 kbytes
geom -V tmp1_net_pdiff_d_ntub np_rnet_pdiff_d_ntub - tmp1_net_pdiff_d_ntub,11,i,2
geom took  0.00 user, 0.00 sys, 0.00 elapsed, 6944.0 kbytes
geom -V tmp_net_pdiff_d_ntub,tmp1_net_pdiff_d_ntub - np_rnet_pdiff_d_ntub,1,i,1
geom took  0.00 user, 0.00 sys, 0.00 elapsed, 6916.0 kbytes
/bin/rm -f tmp_net_pdiff_d_ntub tmp1_net_pdiff_d_ntub
epick -V -reo -e rnet_met1_MET1_pinshape_ovia -e rnet_met2_MET2_pinshape_ovia \
	-e rnet_met3_MET3_pinshape_ovia -e rnet_ndiffcon_net_met1_net_nsd -e \
	rnet_ndiffcon_net_met1_net_welltap -e rnet_pdiffcon_net_met1_net_psd \
	-e rnet_pdiffcon_net_met1_net_subtap np_rnet_psd.conn tmp_net_psd
epick took  0.00 user, 0.00 sys, 0.00 elapsed, 5928.0 kbytes
epick -V -reo -e tmp_net_psd -c np_rnet_psd.conn tmp1_net_psd
epick took  0.00 user, 0.00 sys, 0.00 elapsed, 5920.0 kbytes
geom -V tmp1_net_psd np_rnet_psd - tmp1_net_psd,11,i,2
geom took  0.00 user, 0.00 sys, 0.00 elapsed, 7092.0 kbytes
geom -V tmp_net_psd,tmp1_net_psd - np_rnet_psd,1,i,1
geom took  0.00 user, 0.00 sys, 0.00 elapsed, 6748.0 kbytes
/bin/rm -f tmp_net_psd tmp1_net_psd

#==========================================================#
# Process text layers
#==========================================================#

flatlabel -V  -tc -F -l flatlabel.info MET1_pintext,MET2_pintext,MET3_pintext L1T0,L2T0,L3T0
INFO (FLTLBL-89003): exec labsort -V L1T0

sort labels took  0.00 user, 0.00 sys, 0.00 elapsed, 4756.0 kbytes
INFO (FLTLBL-89003): exec labsort -V L2T0

sort labels took  0.00 user, 0.00 sys, 0.00 elapsed, 4672.0 kbytes
INFO (FLTLBL-89003): exec labsort -V L3T0

sort labels took  0.00 user, 0.00 sys, 0.00 elapsed, 4720.0 kbytes
flatlabel took 0.00 user, 0.03 sys, 1.00 elapsed, 6124.0 kbytes
# 1 net_poly1
# 2 net_met1
# 3 net_met2
# 4 net_met3

#==========================================================#
# Parasitic R extraction with default precision
#==========================================================#

rex -V -m -pd -I'#' -scale 1 -tech \
	/opt/pdk/ams/410/assura/c35b4/c35b4c3/RCX-typical -map \
	p2elayermapfile -wee p2elayermapfile -N NET -e2 -rP res.mod \
	np_rnet_poly1::poly1_cut np_rnet_met1::met1_cut \
	np_rnet_met2::met2_cut np_rnet_met3::met3_cut - \
	rnet_met1_MET1_pinshape_ovia,2 rnet_met2_MET2_pinshape_ovia,3 \
	rnet_met3_MET3_pinshape_ovia,4 rnet_ndiffcon_net_met1_net_nsd,2,t \
	rnet_ndiffcon_net_met1_net_welltap,2,t \
	rnet_pdiffcon_net_met1_net_psd,2,t \
	rnet_pdiffcon_net_met1_net_subtap,2,t \
	rnet_poly1con_net_met1_net_poly1,1,2,t \
	rnet_via1_net_met2_net_met1,2,3,t \
	rnet_via2_met2_net_met3_net_met2,3,4,t NMOS_device_MOS_1_mgvia,1,z \
	PMOS_device_MOS_5_mgvia,1,z - L1T0,2,I L2T0,3,I L3T0,4,I

INFO (REX-163462):  exec rex -g -V -m -pd -I# -scale 1 -tech /opt/pdk/ams/410/assura/c35b4/c35b4c3/RCX-typical -map p2elayermapfile -wee p2elayermapfile -N NET -e2 -rP res.mod np_rnet_poly1::poly1_cut np_rnet_met1::met1_cut np_rnet_met2::met2_cut np_rnet_met3::met3_cut - rnet_met1_MET1_pinshape_ovia,2 rnet_met2_MET2_pinshape_ovia,3 rnet_met3_MET3_pinshape_ovia,4 rnet_ndiffcon_net_met1_net_nsd,2,t rnet_ndiffcon_net_met1_net_welltap,2,t rnet_pdiffcon_net_met1_net_psd,2,t rnet_pdiffcon_net_met1_net_subtap,2,t rnet_poly1con_net_met1_net_poly1,1,2,t rnet_via1_net_met2_net_met1,2,3,t rnet_via2_met2_net_met3_net_met2,3,4,t NMOS_device_MOS_1_mgvia,1,z PMOS_device_MOS_5_mgvia,1,z - L1T0,2,I L2T0,3,I L3T0,4,I

rex took  0.00 user, 0.04 sys, 0.00 elapsed, 30816.0 kbytes
INFO (LBMISC-215513): Socket: connection with sd 16 closed

INFO (REX-163511): Forked command: REX 1

  rex (np_rnet_met1) took  0.01 user, 0.04 sys, 0.00 elapsed, 31804.0 kbytes
  [dofork] geom np_rnet_met1 met1_cut - np_rnet_met1,10,n
INFO (LBMISC-215513): Socket: connection with sd 16 closed

INFO (REX-163511): Forked command: REX 2

  rex (np_rnet_poly1) took  0.02 user, 0.02 sys, 0.00 elapsed, 31700.0 kbytes
  [dofork] geom np_rnet_poly1 poly1_cut - np_rnet_poly1,10,n
INFO (LBMISC-215513): Socket: connection with sd 16 closed

INFO (REX-163511): Forked command: REX 3

  rex (np_rnet_met2) took  0.00 user, 0.02 sys, 0.00 elapsed, 31676.0 kbytes
  [dofork] geom np_rnet_met2 met2_cut - np_rnet_met2,10,n
INFO (LBMISC-215513): Socket: connection with sd 16 closed

INFO (REX-163511): Forked command: REX 4

  rex (np_rnet_met3) took  0.02 user, 0.02 sys, 0.00 elapsed, 31760.0 kbytes
  [dofork] geom np_rnet_met3 met3_cut - np_rnet_met3,10,n
INFO (REX-163511): Forked command: REX 5

  rexmerge took  0.00 user, 0.00 sys, 0.00 elapsed, 9408.0 kbytes
rex took  1.50 user, 0.54 sys, 2.00 elapsed, 30676.0 kbytes
#==========================================================#
# Form resistive via layers
#==========================================================#

stamp -V -i2 np_rnet_met1 rnet_poly1con_net_met1_net_poly1 np_rnet_poly1con_net_met1_net_poly1
stamp took  0.51 user, 0.27 sys, 1.00 elapsed, 275008.0 kbytes
geom -V np_rnet_poly1con_net_met1_net_poly1,p_rnet_poly1con_net_met1_net_poly1 - rnet_poly1con_net_met1_net_poly1,1,i,1
geom took  0.00 user, 0.00 sys, 0.00 elapsed, 6804.0 kbytes
stamp -V -i2 np_rnet_met2 rnet_via1_net_met2_net_met1 np_rnet_via1_net_met2_net_met1
stamp took  0.64 user, 0.16 sys, 1.00 elapsed, 275168.0 kbytes
geom -V np_rnet_via1_net_met2_net_met1,p_rnet_via1_net_met2_net_met1 - rnet_via1_net_met2_net_met1,1,i,1
geom took  0.00 user, 0.00 sys, 0.00 elapsed, 6780.0 kbytes
stamp -V -i2 np_rnet_met3 rnet_via2_met2_net_met3_net_met2 np_rnet_via2_met2_net_met3_net_met2
stamp took  1.01 user, 0.65 sys, 2.00 elapsed, 275136.0 kbytes
geom -V np_rnet_via2_met2_net_met3_net_met2,p_rnet_via2_met2_net_met3_net_met2 - rnet_via2_met2_net_met3_net_met2,1,i,1
geom took  0.00 user, 0.00 sys, 0.00 elapsed, 6808.0 kbytes
stamp -V -B -i rnet_ndiffcon_net_met1_net_welltap np_rnet_ndiffcon_net_met1_net_welltap
stamp took  0.58 user, 0.23 sys, 0.00 elapsed, 275024.0 kbytes
geom -V np_rnet_ndiffcon_net_met1_net_welltap,p_rnet_ndiffcon_net_met1_net_welltap - rnet_ndiffcon_net_met1_net_welltap,1,i,1
geom took  0.00 user, 0.00 sys, 0.00 elapsed, 6796.0 kbytes
stamp -V -B -i rnet_ndiffcon_net_met1_net_nsd np_rnet_ndiffcon_net_met1_net_nsd
stamp took  0.30 user, 0.18 sys, 0.00 elapsed, 274968.0 kbytes
geom -V np_rnet_ndiffcon_net_met1_net_nsd,p_rnet_ndiffcon_net_met1_net_nsd - rnet_ndiffcon_net_met1_net_nsd,1,i,1
geom took  0.00 user, 0.01 sys, 0.00 elapsed, 6780.0 kbytes
stamp -V -B -i rnet_pdiffcon_net_met1_net_subtap np_rnet_pdiffcon_net_met1_net_subtap
stamp took  0.31 user, 0.18 sys, 1.00 elapsed, 275000.0 kbytes
geom -V np_rnet_pdiffcon_net_met1_net_subtap,p_rnet_pdiffcon_net_met1_net_subtap - rnet_pdiffcon_net_met1_net_subtap,1,i,1
geom took  0.00 user, 0.00 sys, 0.00 elapsed, 6748.0 kbytes
stamp -V -B -i rnet_pdiffcon_net_met1_net_psd np_rnet_pdiffcon_net_met1_net_psd
stamp took  0.52 user, 0.25 sys, 0.00 elapsed, 275016.0 kbytes
geom -V np_rnet_pdiffcon_net_met1_net_psd,p_rnet_pdiffcon_net_met1_net_psd - rnet_pdiffcon_net_met1_net_psd,1,i,1
geom took  0.00 user, 0.01 sys, 0.00 elapsed, 6780.0 kbytes
stamp -V -B -i np_rnet_met1 net_met1_MET1_pinshape_ovia
stamp took  0.29 user, 0.19 sys, 0.00 elapsed, 275140.0 kbytes
/bin/cp -f net_met1_MET1_pinshape_ovia rnet_met1_MET1_pinshape_ovia
stamp -V -B -i np_rnet_met2 net_met2_MET2_pinshape_ovia
stamp took  0.51 user, 0.31 sys, 1.00 elapsed, 275132.0 kbytes
/bin/cp -f net_met2_MET2_pinshape_ovia rnet_met2_MET2_pinshape_ovia
stamp -V -B -i np_rnet_met3 net_met3_MET3_pinshape_ovia
stamp took  0.25 user, 0.24 sys, 0.00 elapsed, 274760.0 kbytes
/bin/cp -f net_met3_MET3_pinshape_ovia rnet_met3_MET3_pinshape_ovia

#==========================================================#
# Perform stamp operations
#==========================================================#

stamp -V -cntr -i -B np_rnet_subtap np_rnet_psub
stamp took  0.51 user, 0.28 sys, 1.00 elapsed, 275316.0 kbytes
stamp -V -cntr -i -B np_rnet_welltap np_rnet_nwell
stamp took  0.30 user, 0.18 sys, 1.00 elapsed, 275244.0 kbytes
stamp -V -cntr -i -B np_rnet_psub np_rpnpvert10_c
stamp took  0.28 user, 0.20 sys, 0.00 elapsed, 275008.0 kbytes
/bin/rm -f np_rMET1_pinshape.conn
/bin/rm -f np_rMET2_pinshape.conn
/bin/rm -f np_rMET3_pinshape.conn
/bin/rm -f np_rnet_ndiff.conn
/bin/rm -f np_rnet_welltap.conn
/bin/rm -f np_rnet_subtap.conn
/bin/rm -f np_rnet_ndiff_d_sub.conn
/bin/rm -f np_rnet_nsd.conn
/bin/rm -f np_rnet_pdiff_d_ntub.conn
/bin/rm -f np_rnet_psd.conn
/bin/rm -f np_rnet_pdiff.conn

#==========================================================#
# Combine power non-power
#==========================================================#

/bin/rm -f net_nsd
geom np_rnet_nsd,p_rnet_nsd - net_nsd,1,i,1
epick -c -f floatlvsnetsfile net_nsd net_nsd
/bin/rm -f net_poly1
geom np_rnet_poly1,p_rnet_poly1 - net_poly1,1,i,1
epick -c -f floatlvsnetsfile net_poly1 net_poly1
/bin/rm -f net_psd
geom np_rnet_psd,p_rnet_psd - net_psd,1,i,1
epick -c -f floatlvsnetsfile net_psd net_psd
/bin/rm -f net_psub
geom np_rnet_psub,p_rnet_psub - net_psub,1,i,1
epick -c -f floatlvsnetsfile net_psub net_psub
/bin/rm -f net_nwell
geom np_rnet_nwell,p_rnet_nwell - net_nwell,1,i,1
epick -c -f floatlvsnetsfile net_nwell net_nwell

#==========================================================#
# Reconnect MOSFET devices
#==========================================================#

reconnect -V -mbg -n NET -se2 mwires.res -t \
	NMOS_device_MOS_1.trans:NMOS_device_MOS_1.transr NMOS_device_MOS_1 \
	net_nsd,NMOS_device_MOS_1_mgvia,net_psub -t \
	PMOS_device_MOS_5.trans:PMOS_device_MOS_5.transr PMOS_device_MOS_5 \
	net_psd,PMOS_device_MOS_5_mgvia,net_nwell
changeTransFileNameAP NMOS_device_MOS_1.trans NMOS_device_MOS_1.transr
changeTransFileNameAP PMOS_device_MOS_5.trans PMOS_device_MOS_5.transr

#==========================================================#
# Reconnect DIODE devices
#==========================================================#

createLink net_psub P_NWD_device_DIODE_43_net_psub_dvia
createLink net_nwell P_NWD_device_DIODE_43_net_nwell_dvia
reconnect -V -mbg -se2 dwires.res -n NET -c \
	P_NWD_device_DIODE_43.dpax:P_NWD_device_DIODE_43.dpaxr \
	P_NWD_device_DIODE_43 \
	P_NWD_device_DIODE_43_net_psub_dvia,P_NWD_device_DIODE_43_net_nwell_dvia
netprint -max NET > original_maxnetfile

#==========================================================#
# Form capacitance layers for resistive process layers
#==========================================================#

#4 
 geom -V -i p_rnet_poly1,np_rnet_poly1 - so_poly1,1,n
geom took  0.00 user, 0.00 sys, 0.00 elapsed, 6800.0 kbytes
geom -V p_rnet_poly1,np_rnet_poly1 - poly1,1,i,1
geom took  0.00 user, 0.00 sys, 0.00 elapsed, 7004.0 kbytes
#4 
 geom -V -i p_rnet_met1,np_rnet_met1 - so_met1,1,n
geom took  0.00 user, 0.00 sys, 0.00 elapsed, 7164.0 kbytes
geom -V p_rnet_met1,np_rnet_met1 - met1,1,i,1
geom took  0.00 user, 0.00 sys, 0.00 elapsed, 7000.0 kbytes
#4 
 geom -V -i p_rnet_met2,np_rnet_met2 - so_met2,1,n
geom took  0.00 user, 0.00 sys, 0.00 elapsed, 6972.0 kbytes
geom -V p_rnet_met2,np_rnet_met2 - met2,1,i,1
geom took  0.00 user, 0.00 sys, 0.00 elapsed, 6876.0 kbytes
#4 
 geom -V -i p_rnet_met3,np_rnet_met3 - so_met3,1,n
geom took  0.00 user, 0.00 sys, 0.00 elapsed, 6820.0 kbytes
geom -V p_rnet_met3,np_rnet_met3 - met3,1,i,1

geom took  0.00 user, 0.00 sys, 0.00 elapsed, 6856.0 kbytes
#==========================================================#
# Form capacitance layers for non-resistive process layers
#==========================================================#

emerge -V p_rnet_welltap np_rnet_welltap net_welltap
emerge took 0.00 user, 0.00 sys, 0.00 elapsed, 6144.0 kbytes
emerge -V p_rnet_subtap np_rnet_subtap net_subtap
emerge took 0.00 user, 0.01 sys, 0.00 elapsed, 6100.0 kbytes
emerge -V p_rnet_ndiff_d_sub np_rnet_ndiff_d_sub net_ndiff_d_sub
emerge took 0.00 user, 0.00 sys, 0.00 elapsed, 6212.0 kbytes
emerge -V p_rnet_pdiff_d_ntub np_rnet_pdiff_d_ntub net_pdiff_d_ntub
emerge took 0.00 user, 0.00 sys, 0.00 elapsed, 6100.0 kbytes
grow -V .001 net_welltap mask
grow took  0.00 user, 0.00 sys, 0.00 elapsed, 6224.0 kbytes
geom -V net_subtap mask - net_subtap,10,i,1
geom took  0.00 user, 0.00 sys, 0.00 elapsed, 6824.0 kbytes
grow -V .001 net_subtap g_net_subtap
grow took  0.00 user, 0.00 sys, 0.00 elapsed, 6248.0 kbytes
geom -V mask,g_net_subtap - mask,1
geom took  0.00 user, 0.00 sys, 0.00 elapsed, 7036.0 kbytes
geom -V net_ndiff_d_sub mask - net_ndiff_d_sub,10,i,1
geom took  0.00 user, 0.00 sys, 0.00 elapsed, 6772.0 kbytes
grow -V .001 net_ndiff_d_sub g_net_ndiff_d_sub
grow took  0.00 user, 0.00 sys, 0.00 elapsed, 6100.0 kbytes
geom -V mask,g_net_ndiff_d_sub - mask,1
geom took  0.00 user, 0.00 sys, 0.00 elapsed, 6868.0 kbytes
geom -V net_nsd mask - net_nsd,10,i,1
geom took  0.00 user, 0.00 sys, 0.00 elapsed, 6860.0 kbytes
grow -V .001 net_nsd g_net_nsd
geom -V mask,g_net_nsd - mask,1
geom took  0.00 user, 0.00 sys, 0.00 elapsed, 6752.0 kbytes
geom -V net_pdiff_d_ntub mask - net_pdiff_d_ntub,10,i,1
geom took  0.00 user, 0.00 sys, 0.00 elapsed, 6800.0 kbytes
grow -V .001 net_pdiff_d_ntub g_net_pdiff_d_ntub
grow took  0.00 user, 0.00 sys, 0.00 elapsed, 6220.0 kbytes
geom -V mask,g_net_pdiff_d_ntub - mask,1
geom took  0.00 user, 0.00 sys, 0.00 elapsed, 6860.0 kbytes
geom -V net_psd mask - net_psd,10,i,1
geom took  0.00 user, 0.00 sys, 0.00 elapsed, 6884.0 kbytes
geom -V net_welltap,net_subtap,net_ndiff_d_sub,net_nsd,net_pdiff_d_ntub,net_psd - pdiff,1,i,1
geom took  0.00 user, 0.00 sys, 0.00 elapsed, 6924.0 kbytes
createEmptyLayer met4
createEmptyLayer met2cap
createEmptyLayer poly2

#==========================================================#
# Form substrate
#==========================================================#

/bin/cp -f net_nwell net_nwell_orig
geom -V p_rnet_nwell,np_rnet_nwell - net_nwell,1,i,1
geom took  0.00 user, 0.00 sys, 0.00 elapsed, 6940.0 kbytes
/bin/cp -f net_psub net_psub_orig
geom -V p_rnet_psub,np_rnet_psub - net_psub,1,i,1
geom took  0.00 user, 0.00 sys, 0.00 elapsed, 7012.0 kbytes
/bin/cp -f pnpvert10_c pnpvert10_c_orig
geom -V p_rpnpvert10_c,np_rpnpvert10_c - pnpvert10_c,1,i,1
geom took  0.00 user, 0.00 sys, 0.00 elapsed, 7008.0 kbytes
/bin/cp -f pnpvert10_c pnpvert10_c.df2
grow -V 0.001 net_nwell g_net_nwell
grow took  0.00 user, 0.00 sys, 0.00 elapsed, 6208.0 kbytes
geom -V net_psub g_net_nwell - net_psub,10,i,1
geom took  0.00 user, 0.00 sys, 0.00 elapsed, 6884.0 kbytes
/bin/cp -f net_psub net_psub_preserve
grow -V 0.001 net_psub g_net_psub
grow took  0.00 user, 0.00 sys, 0.00 elapsed, 6220.0 kbytes
geom -V pnpvert10_c g_net_psub,g_net_nwell - pnpvert10_c,10,i,1
geom took  0.00 user, 0.00 sys, 0.00 elapsed, 6856.0 kbytes
/bin/cp -f pnpvert10_c pnpvert10_c_preserve
geom -V net_nwell,net_psub,pnpvert10_c - fox,1,i,1
geom took  0.00 user, 0.00 sys, 0.00 elapsed, 6896.0 kbytes
xytoebbox -V -g 16.002 -e met4,met3,met2cap,met2,met1,poly2,poly1,pdiff,net_nwell,net_psub,pnpvert10_c xg_fox
xytoebbox took  0.00 user, 0.00 sys, 0.00 elapsed, 2832.0 kbytes
grow -V 0.001 fox g_fox
grow took  0.00 user, 0.00 sys, 0.00 elapsed, 6164.0 kbytes
geom -V xg_fox g_fox - tmp_fox,10
geom took  0.00 user, 0.00 sys, 0.00 elapsed, 6924.0 kbytes
epick -V -reo -D ${CAP_GROUND} tmp_fox pick_fox
epick took  0.00 user, 0.00 sys, 0.00 elapsed, 5964.0 kbytes
grow -V -m 0.002 pick_fox g_pick_fox
grow took  0.00 user, 0.00 sys, 0.00 elapsed, 6276.0 kbytes
geom took  0.00 user, 0.00 sys, 0.00 elapsed, 6736.0 kbytes
stamp -i fox g_pick_fox
grow -V -m -0.002 g_pick_fox pick_fox
grow took  0.00 user, 0.00 sys, 0.00 elapsed, 6136.0 kbytes
sort edges took  0.00 user, 0.00 sys, 0.00 elapsed, 6680.0 kbytes
geom took  0.00 user, 0.00 sys, 0.00 elapsed, 6836.0 kbytes
emerge -V pick_fox fox tmp1_fox
emerge took 0.00 user, 0.00 sys, 0.00 elapsed, 5940.0 kbytes
geom -V tmp1_fox - fox,1,i,1
geom took  0.00 user, 0.00 sys, 0.00 elapsed, 6888.0 kbytes
/bin/rm -f g_pick_fox xg_fox tmp_fox tmp1_fox
geom -V fox pdiff - fox,10,i,1
geom took  0.00 user, 0.00 sys, 0.00 elapsed, 7000.0 kbytes
/bin/cp -f fox fox_preserve
geom NMOS_device_MOS_1,PMOS_device_MOS_5 - qrcgate,1,i,1
netprint -max NET > maxnetfile
/bin/rm -f gateblockingmap ovl_gateblockingmap gateblockingmaxnet gateblockingmaxid blockingmap blockingbyregionmap blockingbyregionmaxnet

#==========================================================#
# Prepare blocking layers
#==========================================================#

/bin/cp poly1 poly1.df2
/bin/cp pdiff pdiff.df2
/bin/cp fox fox.df2
grow -V 0.002 cblock_poly1_psub g_cblock_poly1_psub_1
grow took  0.00 user, 0.00 sys, 0.00 elapsed, 6276.0 kbytes
grow -V -0.001 g_cblock_poly1_psub_1 g_dev_1
geom took  0.00 user, 0.00 sys, 0.00 elapsed, 6860.0 kbytes
merge input file took 0.00 user, 0.00 sys, 0.00 elapsed, 6172.0 kbytes
grow took  0.00 user, 0.00 sys, 0.00 elapsed, 6532.0 kbytes
sort edges took  0.00 user, 0.00 sys, 0.00 elapsed, 6660.0 kbytes
geom g_cblock_poly1_psub_1 g_dev_1 fox - fox_in,111,i,3 fox_out,001,i,3 fox_new_cut,101
# /bin/rm -f g_dev_1
/bin/mv -f fox_new_cut fox_cut
grow -V -0.001 g_cblock_poly1_psub_1 g_dev_2
geom took  0.00 user, 0.00 sys, 0.00 elapsed, 6868.0 kbytes
merge input file took 0.00 user, 0.00 sys, 0.00 elapsed, 6136.0 kbytes
grow took  0.00 user, 0.00 sys, 0.00 elapsed, 6556.0 kbytes
sort edges took  0.00 user, 0.00 sys, 0.00 elapsed, 6684.0 kbytes
geom g_cblock_poly1_psub_1 g_dev_2 pdiff - pdiff_in,111,i,3 pdiff_out,001,i,3 pdiff_new_cut,101
# /bin/rm -f g_dev_2
/bin/mv -f pdiff_new_cut pdiff_cut
grow -V -0.001 g_cblock_poly1_psub_1 g_dev_3
geom took  0.00 user, 0.00 sys, 0.00 elapsed, 6812.0 kbytes
merge input file took 0.00 user, 0.00 sys, 0.00 elapsed, 6224.0 kbytes
grow took  0.00 user, 0.00 sys, 0.00 elapsed, 6576.0 kbytes
sort edges took  0.00 user, 0.00 sys, 0.00 elapsed, 6704.0 kbytes
geom g_cblock_poly1_psub_1 g_dev_3 poly1 - poly1_in,111,i,3 poly1_out,001,i,3 poly1_new_cut,101
# /bin/rm -f g_dev_3
emerge poly1_cut poly1_new_cut tmp_cut
/bin/mv -f tmp_cut poly1_cut
relocate -V -a -I relocatemap -n NET fox_in pdiff_in poly1_in
relocate took 0.00 user, 0.03 sys, 0.00 elapsed, 6048.0 kbytes
emerge fox_in fox_out fox
emerge pdiff_in pdiff_out pdiff
emerge poly1_in poly1_out poly1
/bin/rm -f fox_in fox_out
/bin/rm -f pdiff_in pdiff_out
/bin/rm -f poly1_in poly1_out

#==========================================================#
# Prepare qrcgate block 
#==========================================================#

geom net_psub net_psub_preserve - net_psub,11,i,1
geom pnpvert10_c pnpvert10_c_preserve - pnpvert10_c,11,i,1
geom fox fox_preserve - fox,11,i,1
#lvsblocking 
/bin/rm -f lvsblockingmaxnet lvsblockingmap
createEmptyLayer via_m4_m3
createEmptyLayer via_m3_m2c

#==========================================================#
# Prepare via layers for sip
#==========================================================#

geom -V rnet_via2_met2_net_met3_net_met2 - via_m3_m2,1,i,1
geom took  0.00 user, 0.00 sys, 0.00 elapsed, 6776.0 kbytes
geom -V rnet_via1_net_met2_net_met1 - via_m2_m1,1,i,1
geom took  0.00 user, 0.00 sys, 0.00 elapsed, 6736.0 kbytes
createEmptyLayer via_m1_p2
geom -V rnet_poly1con_net_met1_net_poly1 - via_m1_p1,1,i,1
geom took  0.00 user, 0.00 sys, 0.00 elapsed, 6928.0 kbytes
geom -V rnet_ndiffcon_net_met1_net_welltap,rnet_ndiffcon_net_met1_net_nsd,rnet_pdiffcon_net_met1_net_subtap,rnet_pdiffcon_net_met1_net_psd - via_m1_nd,1,i,1
geom took  0.00 user, 0.01 sys, 0.00 elapsed, 6752.0 kbytes
geom -V rnet_pdiffcon_net_met1_net_subtap,rnet_pdiffcon_net_met1_net_psd,rnet_ndiffcon_net_met1_net_welltap,rnet_ndiffcon_net_met1_net_nsd - via_m1_pd,1,i,1

geom took  0.00 user, 0.00 sys, 0.00 elapsed, 6812.0 kbytes
#==========================================================#
# Create sip/sw3d/cn3d capacitance data files
#==========================================================#

cat <<ENDCAT> sip.cmd
sip -V -NEWP -s -o  -n 8.4 -Maxw 8.4 -j 0.5 -lvia -i 0,8.401 -b met2cap -t \
	met3 -p via_m3_m2,key 0,8.4 - via_m3_m2.sip
sip -V -NEWP -s -o  -n 5.3 -Maxw 5.3 -j 0.5 -svia -i 0,5.301 -b met1 -t met2 \
	-p via_m2_m1,key 0,5.3 - via_m2_m1.sip
sip -V -NEWP -s -o  -n 6.9 -Maxw 6.9 -j 0.4 -lvia -i 0,6.901 -b poly2 -t met1 \
	-p via_m1_p1,key 0,6.9 - via_m1_p1.sip
sip -V -NEWP -s -o  -n 4.8 -Maxw 4.8 -j 0.4 -lvia -i 0,4.801 -b poly1 -t met1 \
	-p via_m1_nd,key 0,4.8 - via_m1_nd.sip
sip -V -NEWP -s -o  -n 4.8 -Maxw 4.8 -j 0.4 -lvia -i 0,4.801 -b poly1 -t met1 \
	-p via_m1_pd,key 0,4.8 - via_m1_pd.sip
sip -V -cgnd ${CAP_GROUND} -s -o -sub 2 -mlc poly1 -n 6.5 -i 0,6.501 -b \
	poly1,pdiff,fox -t met1,met2,met2cap,met3,met4 -j 0.4 -Maxw 9.75 -p \
	poly2,key 0,6.5 - poly2.sip
sip -V -cgnd ${CAP_GROUND} -s -o -sub 2 -mlc met1,met2 -n 8 -i 0,8.001 -b \
	met2,met1,poly2,poly1,pdiff,fox -t met3,met4 -j 4 -Maxw 60 -p \
	met2cap,key 0,8 - met2cap.sip
sip -V -cgnd ${CAP_GROUND} -s -o -sub 2 -mlc met2,met2cap,met3 -n 6 -i \
	0,6.001 -b met3,met2cap,met2,met1,poly2,poly1,pdiff,fox -j 0.6 -Maxw \
	9 -p met4,key 0,6 - met4.sip
sip -V -cgnd ${CAP_GROUND} -s -o -sub 2 -cp poly1,capgen_gate,pdiff -n 4.5 -i \
	0,4.501 -b pdiff,fox -t poly2,met1,met2,met2cap,met3,met4 -j 0.35 \
	-Maxw 5.25 -p poly1,key 0,4.5 - poly1.sip
sip -V -cgnd ${CAP_GROUND} -s -o -sub 2 -mlc poly1,poly2 -n 4.5 -i 0,4.501 -b \
	poly2,poly1,pdiff,fox -t met2,met2cap,met3,met4 -j 0.5 -Maxw 7.5 -p \
	met1,key 0,4.5 - met1.sip
sip -V -cgnd ${CAP_GROUND} -s -o -sub 2 -mlc poly2,met1 -n 5 -i 0,5.001 -b \
	met1,poly2,poly1,pdiff,fox -t met2cap,met3,met4 -j 0.6 -Maxw 9 -p \
	met2,key 0,5 - met2.sip
sip -V -cgnd ${CAP_GROUND} -s -o -sub 2 -mlc met1,met2,met2cap -n 5 -i \
	0,5.001 -b met2cap,met2,met1,poly2,poly1,pdiff,fox -t met4 -j 0.6 \
	-Maxw 9 -p met3,key 0,5 - met3.sip
sip -V -s -cgnd ${CAP_GROUND} -sub 2 -L3A -h -b \
	met2cap,met2,met1,poly2,poly1,pdiff,fox -Maxw 9 -p \
	met3:met3_cut,key,met4,key 0,6,0 - met3_met4.sip
sip -V -s -cgnd ${CAP_GROUND} -sub 2 -L3A -h -b \
	met2,met1,poly2,poly1,pdiff,fox -k met3:0.64 -Maxw 60 -p \
	met2cap,key,met4,key 0,8,0 - met2cap_met4.sip
sip -V -s -cgnd ${CAP_GROUND} -sub 2 -h -b met2,met1,poly2,poly1,pdiff,fox -t \
	met4 -Maxw 60 -p met2cap,key,met3:met3_cut,key 0,8,0 - \
	met2cap_met3.sip
sip -V -s -cgnd ${CAP_GROUND} -sub 2 -L3A -h -R met4 -b \
	met1,poly2,poly1,pdiff,fox -k met2cap:0,met3:1.28 -Maxw 9 -p \
	met2:met2_cut,key,met4,key 0,6,0 - met2_met4.sip
sip -V -s -cgnd ${CAP_GROUND} -sub 2 -h -b met1,poly2,poly1,pdiff,fox -t met4 \
	-Maxw 9 -p met2:met2_cut,key,met3:met3_cut,key 0,5,0 - met2_met3.sip
sip -V -s -cgnd ${CAP_GROUND} -sub 2 -h -b met1,poly2,poly1,pdiff,fox -t \
	met3,met4 -Maxw 60 -p met2:met2_cut,key,met2cap,key 0,8,0 - \
	met2_met2cap.sip
sip -V -s -cgnd ${CAP_GROUND} -sub 2 -L3A -h -R met3 -b poly2,poly1,pdiff,fox \
	-t met4 -k met2:1.28,met2cap:0 -Maxw 9 -p \
	met1:met1_cut,key,met3:met3_cut,key 0,5,0 - met1_met3.sip
sip -V -s -cgnd ${CAP_GROUND} -sub 2 -h -R met2cap -b poly2,poly1,pdiff,fox \
	-t met3,met4 -k met2:0.64 -Maxw 60 -p met1:met1_cut,key,met2cap,key \
	0,8,0 - met1_met2cap.sip
sip -V -s -cgnd ${CAP_GROUND} -sub 2 -h -b poly2,poly1,pdiff,fox -t \
	met2cap,met3,met4 -Maxw 9 -p met1:met1_cut,key,met2:met2_cut,key \
	0,5,0 - met1_met2.sip
sip -V -s -cgnd ${CAP_GROUND} -sub 2 -L3A -h -R met2 -b poly1,pdiff,fox -t \
	met2cap,met3,met4 -k met1:0.665 -Maxw 9.75 -p \
	poly2,key,met2:met2_cut,key 0,6.5,0 - poly2_met2.sip
sip -V -s -cgnd ${CAP_GROUND} -sub 2 -h -b poly1,pdiff,fox -t \
	met2,met2cap,met3,met4 -Maxw 9.75 -p poly2,key,met1:met1_cut,key \
	0,6.5,0 - poly2_met1.sip
sip -V -s -cgnd ${CAP_GROUND} -sub 2 -L3A -h -R met1 -b pdiff,fox -t \
	met2,met2cap,met3,met4 -Maxw 7.5 -p \
	poly1:poly1_cut,key,met1:met1_cut,key 0,4.5,0 - poly1_met1.sip
sip -V -s -cgnd ${CAP_GROUND} -sub 2 -h -R poly2,poly1 -b pdiff,fox -t \
	met1,met2,met2cap,met3,met4 -Maxw 9.75 -p \
	poly1:poly1_cut,key,poly2,key 0,6.5,0 - poly1_poly2.sip
sw3d -V -cgnd ${CAP_GROUND} -sub 2 -b met2cap,met2,met1,poly2,poly1,pdiff,fox \
	-p met3:met3_cut,met4 - met3_met4.sw3d
sw3d -V -cgnd ${CAP_GROUND} -sub 2 -b met2,met1,poly2,poly1,pdiff,fox -t met4 \
	-p met2cap,met3:met3_cut - met2cap_met3.sw3d
sw3d -V -cgnd ${CAP_GROUND} -sub 2 -b met1,poly2,poly1,pdiff,fox -t met3,met4 \
	-p met2:met2_cut,met2cap - met2_met2cap.sw3d
sw3d -V -cgnd ${CAP_GROUND} -sub 2 -b poly2,poly1,pdiff,fox -t \
	met2cap,met3,met4 -p met1:met1_cut,met2:met2_cut - met1_met2.sw3d
sw3d -V -cgnd ${CAP_GROUND} -sub 2 -b poly1,pdiff,fox -t \
	met2,met2cap,met3,met4 -p poly2,met1:met1_cut - poly2_met1.sw3d
sw3d -V -cgnd ${CAP_GROUND} -sub 2 -b pdiff,fox -t \
	met1,met2,met2cap,met3,met4 -p poly1:poly1_cut,poly2 - \
	poly1_poly2.sw3d
ENDCAT

#==========================================================#
# Prepare gate capacitance blocking layers
#==========================================================#

emerge -V NMOS_device_MOS_1 PMOS_device_MOS_5 capgen_gate

emerge took 0.00 user, 0.00 sys, 0.00 elapsed, 5972.0 kbytes
#==========================================================#
# Run pax16 to generate capfile
#==========================================================#

pax16 -V -lee_off -gnd ${CAP_GROUND} -via \
	via_m4_m3,via_m3_m2c,via_m3_m2,via_m2_m1,via_m1_p2,via_m1_p1,via_m1_nd,via_m1_pd \
	-ignore_cf_table -scf sip.cmd -filterfile maxnetfile -rcxlvs \
	rcxtolvsmapfile -M_perim_off -c \
	/opt/pdk/ams/410/assura/c35b4/c35b4c3/RCX-typical/qrcTechFile -f \
	fox:fox_cut pdiff:pdiff_cut poly1:poly1_cut poly2 met1:met1_cut \
	met2:met2_cut met2cap met3:met3_cut met4 capgen_gate - \
	/opt/pdk/ams/410/assura/c35b4/c35b4c3/RCX-typical/qrcTechFile - - NET \
	- capfile
starting mergecap took 0.00 user, 0.00 sys, 0.00 elapsed, 5812.0 kbytes

total caps for file capfile.cmodel.cap = 5089

total caps = 5089, maxnet = 0

hashtable_size_1 = 0, hashtable_size_2 = 4099

hashtabsize = 4099
mergecap took 0.00 user, 0.16 sys, 0.00 elapsed, 250216.0 kbytes
pax16 took  1.30 user, 1.48 sys, 3.00 elapsed, 105204.0 kbytes
relocate -V -r maxnetfile -n NET fox pdiff poly1 met2cap poly2 \
	rnet_poly1con_net_met1_net_poly1 rnet_via1_net_met2_net_met1 \
	rnet_via2_met2_net_met3_net_met2

relocate took 0.00 user, 0.07 sys, 0.00 elapsed, 5976.0 kbytes
#==========================================================#
# Generate netlister data files
#==========================================================#

createDIODEModelFile lvsdio.mod1 pnwd#20auLvs#20PRIMLIB 1 P_NWD_device_DIODE_43 net_psub net_nwell 

#==========================================================#
# Perform RC reduction
#==========================================================#

xreduce -V -mergecap -n NET -tech \
	/opt/pdk/ams/410/assura/c35b4/c35b4c3/RCX-typical -d1 -e \
	met4,met3,met2cap,met2,met1,poly2,poly1,pdiff,fox,np_rnet_welltap,np_rnet_subtap,np_rnet_ndiff_d_sub,np_rnet_nsd,np_rnet_pdiff_d_ntub,np_rnet_psd,np_rnet_nwell,np_rnet_psub,np_rpnpvert10_c,rnet_poly1con_net_met1_net_poly1,rnet_via1_net_met2_net_met1,rnet_via2_met2_net_met3_net_met2 \
	-sr -g ${CAP_GROUND},1.0 -minR 0.001 -rPvia \
	rnet_via2_met2_net_met3_net_met2.res,rnet_via1_net_met2_net_met1.res,rnet_poly1con_net_met1_net_poly1.res,rnet_ndiffcon_net_met1_net_welltap.res,rnet_ndiffcon_net_met1_net_nsd.res,rnet_pdiffcon_net_met1_net_subtap.res,rnet_pdiffcon_net_met1_net_psd.res \
	-rP \
	np_rnet_poly1.res,np_rnet_met1.res,np_rnet_met2.res,np_rnet_met3.res,mwires.res,dwires.res \
	-minC 1e-17 -minCper 0.1 -cap capfile L1T0 L2T0 L3T0 \
	NMOS_device_MOS_1.transr PMOS_device_MOS_5.transr \
	P_NWD_device_DIODE_43.dpaxr

INFO (XREDUCE-199107): Total number of resistors is 1521

INFO (XREDUCE-199108): d1 option renamed 0 nets

INFO (XREDUCE-199108): d1 option renamed 16 nets

INFO (XREDUCE-199109): minR option removed 1 resistors (0%)

INFO (XREDUCE-199054): Total number of capacitors in capfile is 4034

INFO (XREDUCE-199052): mergecap required for 34 (1%) of 2285 nets

INFO (XREDUCE-199065): minC small capacitor decoupling set to 0.1%

INFO (XREDUCE-199066): minC option decoupled 676 capacitors in capfile

INFO (XREDUCE-199067): the number of capacitors decreased by 459 (11%)

xreduce took 0.19 user, 0.68 sys, 1.00 elapsed, 22428.0 kbytes
#==========================================================#
# Generate HSPICE file
#==========================================================#

advgen -V -g0 -li -f -n -o HSPICE -TL L1T0,L2T0,L3T0 -sc caps2dversion -mx \
	capfile met4,met3,met2cap,met2,met1,poly2,poly1,pdiff,fox -rPm \
	res.mod np_rnet_met3.res,Rnp_rnet_met3.dev2 \
	np_rnet_met2.res,Rnp_rnet_met2.dev2 \
	np_rnet_met1.res,Rnp_rnet_met1.dev2 \
	np_rnet_poly1.res,Rnp_rnet_poly1.dev2 \
	rnet_via2_met2_net_met3_net_met2.res,Rrnet_via2_met2_net_met3_net_met2.dev2 \
	rnet_via1_net_met2_net_met1.res,Rrnet_via1_net_met2_net_met1.dev2 \
	rnet_poly1con_net_met1_net_poly1.res,Rrnet_poly1con_net_met1_net_poly1.dev2 \
	rnet_ndiffcon_net_met1_net_welltap.res,Rrnet_ndiffcon_net_met1_net_welltap.dev2 \
	rnet_ndiffcon_net_met1_net_nsd.res,Rrnet_ndiffcon_net_met1_net_nsd.dev2 \
	rnet_pdiffcon_net_met1_net_subtap.res,Rrnet_pdiffcon_net_met1_net_subtap.dev2 \
	rnet_pdiffcon_net_met1_net_psd.res,Rrnet_pdiffcon_net_met1_net_psd.dev2 \
	-rPm mwires.mod mwires.res,mwires.dev2 -rPm dwires.mod \
	dwires.res,dwires.dev2 -ta lvsmos.mod,NMOS_device_MOS_1.net \
	NMOS_device_MOS_1.transr -ta lvsmos.mod,PMOS_device_MOS_5.net \
	PMOS_device_MOS_5.transr -dM lvsdio.mod1,P_NWD_device_DIODE_43.net \
	P_NWD_device_DIODE_43.dpaxr - NET - \
	/home/hrahimi/projects/POTENTIOSTAT_26/ASSURA_LVS/7_Calibration_current/7_Calibration_current/extview.tmp

advgen took:  1.76 user, 2.41 sys, 4.00 elapsed, 28736.0 kbytes
#==========================================================#
# Create _save_layers file for Assura extracted view
#==========================================================#

geom met3 np_rnet_met3 - np_rnet_met3,11,i,1
geom met2 np_rnet_met2 - np_rnet_met2,11,i,1
geom met1 np_rnet_met1 - np_rnet_met1,11,i,1
geom poly1 np_rnet_poly1 - np_rnet_poly1,11,i,1
stamp -i2 np_rnet_met1 rnet_poly1con_net_met1_net_poly1 np_rnet_poly1con_net_met1_net_poly1
stamp -i2 np_rnet_met2 rnet_via1_net_met2_net_met1 np_rnet_via1_net_met2_net_met1
stamp -i2 np_rnet_met3 rnet_via2_met2_net_met3_net_met2 np_rnet_via2_met2_net_met3_net_met2
ereduce  rnet_met1_MET1_pinshape_ovia rnet_met1_MET1_pinshape_ovia.reduce
stamp -i  np_rnet_met1 rnet_met1_MET1_pinshape_ovia.reduce
stamp -i  rnet_met1_MET1_pinshape_ovia.reduce rnet_met1_MET1_pinshape_ovia
stamp -i  rnet_met1_MET1_pinshape_ovia net_met1_MET1_pinshape_ovia
/bin/rm -f rnet_met1_MET1_pinshape_ovia.reduce
ereduce  rnet_met2_MET2_pinshape_ovia rnet_met2_MET2_pinshape_ovia.reduce
stamp -i  np_rnet_met2 rnet_met2_MET2_pinshape_ovia.reduce
stamp -i  rnet_met2_MET2_pinshape_ovia.reduce rnet_met2_MET2_pinshape_ovia
stamp -i  rnet_met2_MET2_pinshape_ovia net_met2_MET2_pinshape_ovia
/bin/rm -f rnet_met2_MET2_pinshape_ovia.reduce
ereduce  rnet_met3_MET3_pinshape_ovia rnet_met3_MET3_pinshape_ovia.reduce
stamp -i  np_rnet_met3 rnet_met3_MET3_pinshape_ovia.reduce
stamp -i  rnet_met3_MET3_pinshape_ovia.reduce rnet_met3_MET3_pinshape_ovia
stamp -i  rnet_met3_MET3_pinshape_ovia net_met3_MET3_pinshape_ovia
/bin/rm -f rnet_met3_MET3_pinshape_ovia.reduce
ereduce  rnet_ndiffcon_net_met1_net_nsd rnet_ndiffcon_net_met1_net_nsd.reduce
stamp -i  np_rnet_met1 rnet_ndiffcon_net_met1_net_nsd.reduce
stamp -i  rnet_ndiffcon_net_met1_net_nsd.reduce rnet_ndiffcon_net_met1_net_nsd
stamp -i  rnet_ndiffcon_net_met1_net_nsd net_ndiffcon_net_met1_net_nsd
/bin/rm -f rnet_ndiffcon_net_met1_net_nsd.reduce
ereduce  rnet_ndiffcon_net_met1_net_welltap rnet_ndiffcon_net_met1_net_welltap.reduce
stamp -i  np_rnet_met1 rnet_ndiffcon_net_met1_net_welltap.reduce
stamp -i  rnet_ndiffcon_net_met1_net_welltap.reduce rnet_ndiffcon_net_met1_net_welltap
stamp -i  rnet_ndiffcon_net_met1_net_welltap net_ndiffcon_net_met1_net_welltap
/bin/rm -f rnet_ndiffcon_net_met1_net_welltap.reduce
ereduce  rnet_pdiffcon_net_met1_net_psd rnet_pdiffcon_net_met1_net_psd.reduce
stamp -i  np_rnet_met1 rnet_pdiffcon_net_met1_net_psd.reduce
stamp -i  rnet_pdiffcon_net_met1_net_psd.reduce rnet_pdiffcon_net_met1_net_psd
stamp -i  rnet_pdiffcon_net_met1_net_psd net_pdiffcon_net_met1_net_psd
/bin/rm -f rnet_pdiffcon_net_met1_net_psd.reduce
ereduce  rnet_pdiffcon_net_met1_net_subtap rnet_pdiffcon_net_met1_net_subtap.reduce
stamp -i  np_rnet_met1 rnet_pdiffcon_net_met1_net_subtap.reduce
stamp -i  rnet_pdiffcon_net_met1_net_subtap.reduce rnet_pdiffcon_net_met1_net_subtap
stamp -i  rnet_pdiffcon_net_met1_net_subtap net_pdiffcon_net_met1_net_subtap
/bin/rm -f rnet_pdiffcon_net_met1_net_subtap.reduce
cat <<ENDCAT> _save_layers
fox fox
poly2 poly2
met2cap met2cap
met4 met4
pdiff pdiff
net_via2_met2 np_rnet_via2_met2_net_met3_net_met2 p_rnet_via2_met2_net_met3_net_met2
net_via1 np_rnet_via1_net_met2_net_met1 p_rnet_via1_net_met2_net_met1
net_poly1con np_rnet_poly1con_net_met1_net_poly1 p_rnet_poly1con_net_met1_net_poly1
net_ndiffcon net_ndiffcon_net_welltap_net_nsd np_rnet_ndiffcon_net_met1_net_nsd p_rnet_ndiffcon_net_met1_net_nsd np_rnet_ndiffcon_net_met1_net_welltap p_rnet_ndiffcon_net_met1_net_welltap
net_pdiffcon net_pdiffcon_net_subtap_net_psd np_rnet_pdiffcon_net_met1_net_psd p_rnet_pdiffcon_net_met1_net_psd np_rnet_pdiffcon_net_met1_net_subtap p_rnet_pdiffcon_net_met1_net_subtap
net_met3 np_rnet_met3 p_rnet_met3
net_met2 np_rnet_met2 p_rnet_met2
net_met1 np_rnet_met1 p_rnet_met1
net_poly1 np_rnet_poly1 p_rnet_poly1
net_welltap np_rnet_welltap p_rnet_welltap
net_subtap np_rnet_subtap p_rnet_subtap
net_ndiff_d_sub np_rnet_ndiff_d_sub p_rnet_ndiff_d_sub
net_nsd np_rnet_nsd p_rnet_nsd
net_pdiff_d_ntub np_rnet_pdiff_d_ntub p_rnet_pdiff_d_ntub
net_psd np_rnet_psd p_rnet_psd
net_nwell np_rnet_nwell p_rnet_nwell
net_psub np_rnet_psub p_rnet_psub
pnpvert10_c pnpvert10_c
net_met1_MET1_pinshape_ovia net_met1_MET1_pinshape_ovia
MET1_pinshape np_rMET1_pinshape p_rMET1_pinshape
net_met2_MET2_pinshape_ovia net_met2_MET2_pinshape_ovia
MET2_pinshape np_rMET2_pinshape p_rMET2_pinshape
net_met3_MET3_pinshape_ovia net_met3_MET3_pinshape_ovia
MET3_pinshape np_rMET3_pinshape p_rMET3_pinshape
net_welltap_net_ndiff_ovia net_welltap_net_ndiff_ovia
net_ndiff np_rnet_ndiff p_rnet_ndiff
net_nsd_net_ndiff_ovia net_nsd_net_ndiff_ovia
net_subtap_net_pdiff_ovia net_subtap_net_pdiff_ovia
net_pdiff np_rnet_pdiff p_rnet_pdiff
net_psd_net_pdiff_ovia net_psd_net_pdiff_ovia
net_ndiff_d_sub_net_ndiff_ovia net_ndiff_d_sub_net_ndiff_ovia
net_pdiff_d_ntub_net_pdiff_ovia net_pdiff_d_ntub_net_pdiff_ovia
ENDCAT
INFO (LBRCXM-610): Extraction finished.

INFO (LBRCXU-108): Starting

 runUserCmd /opt/tools/cadence/installs/ASSURA41_618/tools.lnx86/assura/bin/rcxToDfII /home/hrahimi/projects/POTENTIOSTAT_26/ASSURA_LVS/7_Calibration_current/7_Calibration_current/__qrc.rcx_cmd -f /home/hrahimi/projects/POTENTIOSTAT_26/ASSURA_LVS/7_Calibration_current/7_Calibration_current/extview.tmp -w /home/hrahimi/projects/POTENTIOSTAT_26/ASSURA_LVS/7_Calibration_current/7_Calibration_current -cdslib /home/hrahimi/projects/POTENTIOSTAT_26/cds.lib
2026/05/30 13:09:38 WARNING This OS does not appear to be a Cadence supported Linux configuration.
2026/05/30 13:09:38 For more info, please run CheckSysConf in <cdsRoot/tools.lnx86/bin/checkSysConf <productId>
Virtuoso Framework License (111) was checked out successfully. Total checkout time was 0.02s.
@(#)$CDS: rcxToDfII_64 version av4.1:Production:dfII6.1.8-64b:IC6.1.8-64b.500.25 09/19/2022 00:42 (sjfhw885) $
sub-version 4.1_USR6_EHF13, integ signature 2022-09-19-0008

run on il2244vt26_hrahimi from /opt/tools/cadence/installs/ASSURA41_618/tools.lnx86/assura/bin/64bit/rcxToDfII on Sat May 30 13:09:38 2026

*WARNING* No technology dir found at /opt/pdk/ams/410/assura/c35b4/c35b4o7
	  Defined in assura_tech map file /opt/pdk/ams/410/assura/c35b4/assura_tech.lib at line 20
*WARNING* No technology dir found at /opt/pdk/ams/410/assura/c35b4/c35b4l7
	  Defined in assura_tech map file /opt/pdk/ams/410/assura/c35b4/assura_tech.lib at line 21
*WARNING* No technology dir found at /opt/pdk/ams/410/assura/c35b4/c35b4o7
	  Defined in assura_tech map file /opt/pdk/ams/410/assura/c35b4/assura_tech.lib at line 20
*WARNING* No technology dir found at /opt/pdk/ams/410/assura/c35b4/c35b4l7
	  Defined in assura_tech map file /opt/pdk/ams/410/assura/c35b4/assura_tech.lib at line 21

Loading tech rule set file : /opt/pdk/ams/410/assura/c35b4/c35b4c3/techRuleSets
*WARNING* No technology dir found at /opt/pdk/ams/410/assura/c35b4/c35b4o7
	  Defined in assura_tech map file /opt/pdk/ams/410/assura/c35b4/assura_tech.lib at line 20
*WARNING* No technology dir found at /opt/pdk/ams/410/assura/c35b4/c35b4l7
	  Defined in assura_tech map file /opt/pdk/ams/410/assura/c35b4/assura_tech.lib at line 21
Loading all available p-cell functions
AMS_DB set to cds
*WARNING* ddGetObj: *.oa matches multiple files in '/opt/pdk/ams/410/cds/HK_C35/PRIMLIB/nmos18t/auLvs'.
*WARNING* ddGetObj: *.oa matches multiple files in '/opt/pdk/ams/410/cds/HK_C35/PRIMLIB/pfuse/auLvs'.
*WARNING* ddGetObj: *.oa matches multiple files in '/opt/pdk/ams/410/cds/HK_C35/PRIMLIB/short/auLvs'.
*WARNING* ddGetObj: *.oa matches multiple files in '/opt/pdk/ams/410/cds/HK_C35/PRIMLIB/short/auLvs'.
*WARNING* ddGetObj: *.oa matches multiple files in '/opt/pdk/ams/410/cds/HK_C35/PRIMLIB/short/auLvs'.
*WARNING* ddGetObj: *.oa matches multiple files in '/opt/pdk/ams/410/cds/HK_C35/PRIMLIB/short/auLvs'.
*WARNING* ddGetObj: *.oa matches multiple files in '/opt/pdk/ams/410/cds/HK_C35/PRIMLIB/short/auLvs'.
*WARNING* ddGetObj: *.oa matches multiple files in '/opt/pdk/ams/410/cds/HK_C35/PRIMLIB/short/auLvs'.
*WARNING* ddGetObj: *.oa matches multiple files in '/opt/pdk/ams/410/cds/HK_C35/PRIMLIB/short/auLvs'.
*WARNING* (DB-270210): dbOpenCellViewByType: library 'PRIMLIB_WIP' does not exist
*WARNING* No library model for device "tsv80 auLvs PRIMLIB_WIP".
*WARNING* (DB-270210): dbOpenCellViewByType: library 'PRIMLIBRF' does not exist
*WARNING* No library model for device "nmosrf auLvs PRIMLIBRF".
*WARNING* (DB-270210): dbOpenCellViewByType: library 'PRIMLIBRF' does not exist
*WARNING* No library model for device "pmosrf auLvs PRIMLIBRF".
*WARNING* (DB-270210): dbOpenCellViewByType: library 'PRIMLIBRF' does not exist
*WARNING* No library model for device "cpolyrf auLvs PRIMLIBRF".
*WARNING* (DB-270210): dbOpenCellViewByType: library 'PRIMLIBRF' does not exist
*WARNING* No library model for device "rpoly2rf auLvs PRIMLIBRF".
*WARNING* (DB-270210): dbOpenCellViewByType: library 'PRIMLIBRF' does not exist
*WARNING* No library model for device "rpolyhrf auLvs PRIMLIBRF".
*WARNING* (DB-270210): dbOpenCellViewByType: library 'SPIRALS_4M' does not exist
*WARNING* No library model for device "SP014S300D auLvs SPIRALS_4M".
*WARNING* (DB-270210): dbOpenCellViewByType: library 'SPIRALS_4M' does not exist
*WARNING* No library model for device "SP020S180D auLvs SPIRALS_4M".
*WARNING* (DB-270210): dbOpenCellViewByType: library 'SPIRALS_4M' does not exist
*WARNING* No library model for device "SP026S200D auLvs SPIRALS_4M".
*WARNING* (DB-270210): dbOpenCellViewByType: library 'SPIRALS_4M' does not exist
*WARNING* No library model for device "SP037S180D auLvs SPIRALS_4M".
*WARNING* (DB-270210): dbOpenCellViewByType: library 'SPIRALS_4M' does not exist
*WARNING* No library model for device "SP047S180D auLvs SPIRALS_4M".
*WARNING* (DB-270210): dbOpenCellViewByType: library 'SPIRALS_4M' does not exist
*WARNING* No library model for device "SP050S155D auLvs SPIRALS_4M".
*WARNING* (DB-270210): dbOpenCellViewByType: library 'SPIRALS_4M' does not exist
*WARNING* No library model for device "SP090S155D auLvs SPIRALS_4M".

Creating extracted view for Potentiostat 7_Calibration_current layout

Schematic cell -  7_Calibration_current schematic Potentiostat
Express Pcell license has been checked out for the Express Pcell feature.
Save recognition layer NMOS_device
Layer NMOS_device has 29 shapes.
Save recognition layer NMOS_WAFFLE_device
Layer NMOS_WAFFLE_device has 0 shapes.
Save recognition layer NMOSM_device
Layer NMOSM_device has 0 shapes.
Save recognition layer NMOSM_WAFFLE_device
Layer NMOSM_WAFFLE_device has 0 shapes.
Save recognition layer PMOS_device
Layer PMOS_device has 114 shapes.
Save recognition layer PMOS_WAFFLE_device
Layer PMOS_WAFFLE_device has 0 shapes.
Save recognition layer PMOSM_device
Layer PMOSM_device has 0 shapes.
Save recognition layer PMOSM_WAFFLE_device
Layer PMOSM_WAFFLE_device has 0 shapes.
Save recognition layer NMOSW_4N_device
Layer NMOSW_4N_device has 0 shapes.
Save recognition layer NMOSW_3N_device
Layer NMOSW_3N_device has 0 shapes.
Save recognition layer NMOSW_2N_device
Layer NMOSW_2N_device has 0 shapes.
Save recognition layer NMOSMW_4N_device
Layer NMOSMW_4N_device has 0 shapes.
Save recognition layer NMOSMW_3N_device
Layer NMOSMW_3N_device has 0 shapes.
Save recognition layer NMOSMW_2N_device
Layer NMOSMW_2N_device has 0 shapes.
Save recognition layer PMOSW_4N_device
Layer PMOSW_4N_device has 0 shapes.
Save recognition layer PMOSW_3N_device
Layer PMOSW_3N_device has 0 shapes.
Save recognition layer PMOSW_2N_device
Layer PMOSW_2N_device has 0 shapes.
Save recognition layer PMOSMW_4N_device
Layer PMOSMW_4N_device has 0 shapes.
Save recognition layer PMOSMW_3N_device
Layer PMOSMW_3N_device has 0 shapes.
Save recognition layer PMOSMW_2N_device
Layer PMOSMW_2N_device has 0 shapes.
Save recognition layer NMOSH_device
Layer NMOSH_device has 0 shapes.
Save recognition layer NMOSMH_device
Layer NMOSMH_device has 0 shapes.
Save recognition layer NMOS30M_device
Layer NMOS30M_device has 0 shapes.
Save recognition layer NMOS18T_device
Layer NMOS18T_device has 0 shapes.
Save recognition layer ND_device
Layer ND_device has 0 shapes.
Save recognition layer P_ND_device
Layer P_ND_device has 0 shapes.
Save recognition layer PD_device
Layer PD_device has 0 shapes.
Save recognition layer P_PD_device
Layer P_PD_device has 0 shapes.
Save recognition layer NWD_device
Layer NWD_device has 0 shapes.
Save recognition layer P_NWD_device
Layer P_NWD_device has 10 shapes.
Save recognition layer ZD2SM24_device
Layer ZD2SM24_device has 0 shapes.
Save recognition layer ESDPD12_device
Layer ESDPD12_device has 0 shapes.
Save recognition layer ESDPD18_device
Layer ESDPD18_device has 0 shapes.
Save recognition layer ESDPD26_device
Layer ESDPD26_device has 0 shapes.
Save recognition layer ESDPD30_device
Layer ESDPD30_device has 0 shapes.
Save recognition layer ESDFDN5_device
Layer ESDFDN5_device has 0 shapes.
Save recognition layer ESDGCN5_device
Layer ESDGCN5_device has 0 shapes.
Save recognition layer ESDFDP5_device
Layer ESDFDP5_device has 0 shapes.
Save recognition layer ESDGCP5_device
Layer ESDGCP5_device has 0 shapes.
Save recognition layer RNWELL_device
Layer RNWELL_device has 0 shapes.
Save recognition layer RDIFFP_device
Layer RDIFFP_device has 0 shapes.
Save recognition layer RDIFFN_device
Layer RDIFFN_device has 0 shapes.
Save recognition layer RPOLY2_PSUB_device
Layer RPOLY2_PSUB_device has 0 shapes.
Save recognition layer RPOLY2_NTUB_device
Layer RPOLY2_NTUB_device has 0 shapes.
Save recognition layer RPOLY2PH_PSUB_device
Layer RPOLY2PH_PSUB_device has 0 shapes.
Save recognition layer RPOLY2PH_NTUB_device
Layer RPOLY2PH_NTUB_device has 0 shapes.
Save recognition layer RPOLYH_PSUB_device
Layer RPOLYH_PSUB_device has 0 shapes.
Save recognition layer RPOLYH_NTUB_device
Layer RPOLYH_NTUB_device has 0 shapes.
Save recognition layer RPOLY1_PSUB_device
Layer RPOLY1_PSUB_device has 0 shapes.
Save recognition layer RPOLY1_NTUB_device
Layer RPOLY1_NTUB_device has 0 shapes.
Save recognition layer PFUSE_device
Layer PFUSE_device has 0 shapes.
Save recognition layer tsv_dev
Layer tsv_dev has 0 shapes.
Save recognition layer LAT2_device
Layer LAT2_device has 0 shapes.
Save recognition layer VERT10_device
Layer VERT10_device has 0 shapes.
Save recognition layer CPOLY_PSUB_device
Layer CPOLY_PSUB_device has 0 shapes.
Save recognition layer CPOLY_NTUB_device
Layer CPOLY_NTUB_device has 0 shapes.
Save recognition layer CVAR_device
Layer CVAR_device has 0 shapes.
Save recognition layer PROBE_device
Layer PROBE_device has 0 shapes.
Save recognition layer NMOSRF_device
Layer NMOSRF_device has 0 shapes.
Save recognition layer PMOSRF_device
Layer PMOSRF_device has 0 shapes.
Save recognition layer CPOLYRF_device
Layer CPOLYRF_device has 0 shapes.
Save recognition layer RPOLY2RF_device
Layer RPOLY2RF_device has 0 shapes.
Save recognition layer RPOLYHRF_device
Layer RPOLYHRF_device has 0 shapes.
Save recognition layer SP014S300D_device
Layer SP014S300D_device has 0 shapes.
Save recognition layer SP020S180D_device
Layer SP020S180D_device has 0 shapes.
Save recognition layer SP026S200D_device
Layer SP026S200D_device has 0 shapes.
Save recognition layer SP037S180D_device
Layer SP037S180D_device has 0 shapes.
Save recognition layer SP047S180D_device
Layer SP047S180D_device has 0 shapes.
Save recognition layer SP050S155D_device
Layer SP050S155D_device has 0 shapes.
Save recognition layer SP090S155D_device
Layer SP090S155D_device has 0 shapes.
Copying layer METTSV
Layer METTSV has 0 shapes.
Copying layer net_via3
Layer net_via3 has 0 shapes.
Copying layer net_met4
Layer net_met4 has 0 shapes.
Copying layer net_met3
Layer net_met3 has 83 shapes.
Copying layer net_via2_metcap
Layer net_via2_metcap has 0 shapes.
Copying layer net_via2_met2
Layer net_via2_met2 has 459 shapes.
Copying layer net_met2
Layer net_met2 has 318 shapes.
Copying layer net_via1
Layer net_via1 has 870 shapes.
Copying layer net_met1
Layer net_met1 has 668 shapes.
Copying layer net_poly2con
Layer net_poly2con has 0 shapes.
Copying layer net_poly2
Layer net_poly2 has 0 shapes.
Copying layer net_poly1con
Layer net_poly1con has 91 shapes.
Copying layer net_poly1
Layer net_poly1 has 461 shapes.
Copying layer net_pdiffcon
Layer net_pdiffcon has 866 shapes.
Copying layer net_pdiff
Layer net_pdiff has 237 shapes.
Copying layer net_ndiffcon
Layer net_ndiffcon has 1238 shapes.
Copying layer net_ndiff
Layer net_ndiff has 125 shapes.
Loading techComp.cxt 


Summary for Potentiostat/7_Calibration_current/av_extracted

instance count totals:

    lib              cell             view                    total
    PRIMLIB          nmos4            auLvs                      29
    PRIMLIB          pmos4            auLvs                     114
    PRIMLIB          pnwd             auLvs                      10
    analogLib        pcapacitor       symbol                   3575
    analogLib        presistor        symbol                   1268

extracted view creation completed
cpu: 0.60  elap: 1  pf: 142  in: 3456  out: 1152  virt: 444M  phys: 907M
INFO (LBRCXM-612): Done Executing :runUserCmd

INFO (LBRCXM-582): Checking in license of QTS300 24.10

INFO (LBRCXM-985): Summary:
 Number of CPUs requested:		1
 Techfile(s):
    /opt/pdk/ams/410/assura/c35b4/c35b4c3/RCX-typical/qrcTechFile; process name: c35b4-typical
 License(s) used:	QTS300 (x1)
 Design data:
    global nets:                  0
    LVS nets:                     24
    signal nets:                  24
    floating nets:                0
    ground net name:              GNDA
 Reduction statistics:
    Dangling Rs removed:          0
    Merged Parallel Rs:           0
    Mfactor Merged Devices:       0
    Rs shorted by min_res option: 1
    Merged Parallel Self Caps:    0
    CCs filtered by minC option:  676
    Shorted Incomplete Nets:      0
 Output statistics:
    R: 1268
    C: 3575
    L: 0


INFO (LBRCXM-920): Host name and peak memory report
 Host Name:                    il2244vt26_hrahimi
 Peak memory used:             437 MB (sampled at 15s intervals)

INFO (LBRCXM-982): Floating net statistics in the design:

   Total floating nets =  0
     Total signal nets =  24
         Total LVS net = 24

INFO (LBRCXM-702): Run ended: Sat May 30 13:09:40 2026


INFO (LBRCXM-805): Quantus run took:  32s user, 29s sys, 1m5s elapsed


INFO (LBRCXM-708): *****  Quantus terminated normally  *****


