Starting Single Run, Sweeps and Corners...

Current time: Tue May 19 11:42:15 2026 
Best design point: 1
Design specs: 
	PTAT	corner	Nominal - 
	Sensitivity		11.44m
	rmsNoise(0.01 100000)		451.4u
Design parameters: 
	Cdl		10n
	vdd		3.3
	vtran		0
	vref		1.615
	vddpuls		0
	R_ct		1M
	Cdl_CE		10n
	Rct_CE		100K
	Rs_CE		10K
	Rs_WE		10K
	PTAT_EN		1
	Calib_EN		0
	S0		0
	S1		0
	S2		1
	S3		0

Interactive.251
Number of points completed: 1
Number of simulation errors: 0
Interactive.251 completed. 
Current time: Tue May 19 11:42:31 2026 
